Downloading https://services.gradle.org/distributions/gradle-6.8.3-bin.zip
......................................................................................................
Unzipping C:\Users\gathi\.gradle\wrapper\dists\gradle-6.8.3-bin\7ykxq50lst7lb7wx1nijpicxn\gradle-6.8.3-bin.zip to C:\Users\gathi\.gradle\wrapper\dists\gradle-6.8.3-bin\7ykxq50lst7lb7wx1nijpicxn
2021-06-06T09:16:59.088-0500 [INFO] [org.gradle.internal.nativeintegration.services.NativeServices] Initialized native services in: C:\Users\gathi\.gradle\native
2021-06-06T09:16:59.169-0500 [LIFECYCLE] [org.gradle.launcher.cli.WelcomeMessageAction] 
2021-06-06T09:16:59.169-0500 [LIFECYCLE] [org.gradle.launcher.cli.WelcomeMessageAction] Welcome to Gradle 6.8.3!
2021-06-06T09:16:59.175-0500 [LIFECYCLE] [org.gradle.launcher.cli.WelcomeMessageAction] 
2021-06-06T09:16:59.175-0500 [LIFECYCLE] [org.gradle.launcher.cli.WelcomeMessageAction] Here are the highlights of this release:
2021-06-06T09:16:59.175-0500 [LIFECYCLE] [org.gradle.launcher.cli.WelcomeMessageAction]  - Faster Kotlin DSL script compilation
 - Vendor selection for Java toolchains
 - Convenient execution of tasks in composite builds
 - Consistent dependency resolution
2021-06-06T09:16:59.175-0500 [LIFECYCLE] [org.gradle.launcher.cli.WelcomeMessageAction] 
2021-06-06T09:16:59.175-0500 [LIFECYCLE] [org.gradle.launcher.cli.WelcomeMessageAction] For more details see https://docs.gradle.org/6.8.3/release-notes.html
2021-06-06T09:16:59.175-0500 [LIFECYCLE] [org.gradle.launcher.cli.WelcomeMessageAction] 
2021-06-06T09:16:59.177-0500 [LIFECYCLE] [org.gradle.launcher.cli.DebugLoggerWarningAction] 
#############################################################################
   WARNING WARNING WARNING WARNING WARNING WARNING WARNING WARNING WARNING

   Debug level logging will leak security sensitive information!

   https://docs.gradle.org/6.8.3/userguide/logging.html#sec:debug_security
#############################################################################

2021-06-06T09:16:59.199-0500 [DEBUG] [org.gradle.internal.nativeintegration.services.NativeServices] Native-platform posix files integration is not available. Continuing with fallback.
2021-06-06T09:16:59.381-0500 [DEBUG] [org.gradle.launcher.daemon.client.DaemonClient] Executing build c4718e18-0471-4ee3-9197-3fc6b2bdf7a0 in daemon client {pid=11916}
2021-06-06T09:16:59.393-0500 [DEBUG] [org.gradle.internal.remote.internal.inet.InetAddresses] Adding IP addresses for network interface Software Loopback Interface 1
2021-06-06T09:16:59.396-0500 [DEBUG] [org.gradle.internal.remote.internal.inet.InetAddresses] Is this a loopback interface? true
2021-06-06T09:16:59.398-0500 [DEBUG] [org.gradle.internal.remote.internal.inet.InetAddresses] Adding loopback address /127.0.0.1
2021-06-06T09:16:59.399-0500 [DEBUG] [org.gradle.internal.remote.internal.inet.InetAddresses] Adding loopback address /0:0:0:0:0:0:0:1
2021-06-06T09:16:59.399-0500 [DEBUG] [org.gradle.internal.remote.internal.inet.InetAddresses] Adding IP addresses for network interface WAN Miniport (L2TP)
2021-06-06T09:16:59.401-0500 [DEBUG] [org.gradle.internal.remote.internal.inet.InetAddresses] Is this a loopback interface? false
2021-06-06T09:16:59.401-0500 [DEBUG] [org.gradle.internal.remote.internal.inet.InetAddresses] Adding IP addresses for network interface Microsoft 6to4 Adapter
2021-06-06T09:16:59.404-0500 [DEBUG] [org.gradle.internal.remote.internal.inet.InetAddresses] Is this a loopback interface? false
2021-06-06T09:16:59.404-0500 [DEBUG] [org.gradle.internal.remote.internal.inet.InetAddresses] Adding IP addresses for network interface Realtek USB GbE Family Controller
2021-06-06T09:16:59.406-0500 [DEBUG] [org.gradle.internal.remote.internal.inet.InetAddresses] Is this a loopback interface? false
2021-06-06T09:16:59.406-0500 [DEBUG] [org.gradle.internal.remote.internal.inet.InetAddresses] Adding IP addresses for network interface Microsoft Wi-Fi Direct Virtual Adapter
2021-06-06T09:16:59.409-0500 [DEBUG] [org.gradle.internal.remote.internal.inet.InetAddresses] Is this a loopback interface? false
2021-06-06T09:16:59.409-0500 [DEBUG] [org.gradle.internal.remote.internal.inet.InetAddresses] Adding remote address /fe80:0:0:0:882a:951d:2f54:efa%wlan0
2021-06-06T09:16:59.409-0500 [DEBUG] [org.gradle.internal.remote.internal.inet.InetAddresses] Adding IP addresses for network interface WAN Miniport (SSTP)
2021-06-06T09:16:59.413-0500 [DEBUG] [org.gradle.internal.remote.internal.inet.InetAddresses] Is this a loopback interface? false
2021-06-06T09:16:59.413-0500 [DEBUG] [org.gradle.internal.remote.internal.inet.InetAddresses] Adding IP addresses for network interface Microsoft IP-HTTPS Platform Adapter
2021-06-06T09:16:59.416-0500 [DEBUG] [org.gradle.internal.remote.internal.inet.InetAddresses] Is this a loopback interface? false
2021-06-06T09:16:59.416-0500 [DEBUG] [org.gradle.internal.remote.internal.inet.InetAddresses] Adding IP addresses for network interface WAN Miniport (PPPOE)
2021-06-06T09:16:59.419-0500 [DEBUG] [org.gradle.internal.remote.internal.inet.InetAddresses] Is this a loopback interface? false
2021-06-06T09:16:59.419-0500 [DEBUG] [org.gradle.internal.remote.internal.inet.InetAddresses] Adding IP addresses for network interface WAN Miniport (IP)
2021-06-06T09:16:59.422-0500 [DEBUG] [org.gradle.internal.remote.internal.inet.InetAddresses] Is this a loopback interface? false
2021-06-06T09:16:59.422-0500 [DEBUG] [org.gradle.internal.remote.internal.inet.InetAddresses] Adding IP addresses for network interface Microsoft Wi-Fi Direct Virtual Adapter #2
2021-06-06T09:16:59.425-0500 [DEBUG] [org.gradle.internal.remote.internal.inet.InetAddresses] Is this a loopback interface? false
2021-06-06T09:16:59.425-0500 [DEBUG] [org.gradle.internal.remote.internal.inet.InetAddresses] Adding remote address /fe80:0:0:0:7896:c643:d557:8a5d%wlan1
2021-06-06T09:16:59.425-0500 [DEBUG] [org.gradle.internal.remote.internal.inet.InetAddresses] Adding IP addresses for network interface WAN Miniport (IKEv2)
2021-06-06T09:16:59.428-0500 [DEBUG] [org.gradle.internal.remote.internal.inet.InetAddresses] Is this a loopback interface? false
2021-06-06T09:16:59.428-0500 [DEBUG] [org.gradle.internal.remote.internal.inet.InetAddresses] Adding IP addresses for network interface WAN Miniport (PPTP)
2021-06-06T09:16:59.431-0500 [DEBUG] [org.gradle.internal.remote.internal.inet.InetAddresses] Is this a loopback interface? false
2021-06-06T09:16:59.431-0500 [DEBUG] [org.gradle.internal.remote.internal.inet.InetAddresses] Adding IP addresses for network interface Microsoft Teredo Tunneling Adapter
2021-06-06T09:16:59.434-0500 [DEBUG] [org.gradle.internal.remote.internal.inet.InetAddresses] Is this a loopback interface? false
2021-06-06T09:16:59.434-0500 [DEBUG] [org.gradle.internal.remote.internal.inet.InetAddresses] Adding IP addresses for network interface Microsoft Wi-Fi Direct Virtual Adapter-WFP Native MAC Layer LightWeight Filter-0000
2021-06-06T09:16:59.437-0500 [DEBUG] [org.gradle.internal.remote.internal.inet.InetAddresses] Is this a loopback interface? false
2021-06-06T09:16:59.437-0500 [DEBUG] [org.gradle.internal.remote.internal.inet.InetAddresses] Adding IP addresses for network interface Intel(R) Wireless-AC 9260 160MHz
2021-06-06T09:16:59.439-0500 [DEBUG] [org.gradle.internal.remote.internal.inet.InetAddresses] Is this a loopback interface? false
2021-06-06T09:16:59.439-0500 [DEBUG] [org.gradle.internal.remote.internal.inet.InetAddresses] Adding remote address /192.168.120.211
2021-06-06T09:16:59.439-0500 [DEBUG] [org.gradle.internal.remote.internal.inet.InetAddresses] Adding remote address /fe80:0:0:0:99e5:b54a:492:dbb5%wlan3
2021-06-06T09:16:59.439-0500 [DEBUG] [org.gradle.internal.remote.internal.inet.InetAddresses] Adding IP addresses for network interface WAN Miniport (IPv6)
2021-06-06T09:16:59.442-0500 [DEBUG] [org.gradle.internal.remote.internal.inet.InetAddresses] Is this a loopback interface? false
2021-06-06T09:16:59.442-0500 [DEBUG] [org.gradle.internal.remote.internal.inet.InetAddresses] Adding IP addresses for network interface Microsoft Wi-Fi Direct Virtual Adapter-QoS Packet Scheduler-0000
2021-06-06T09:16:59.444-0500 [DEBUG] [org.gradle.internal.remote.internal.inet.InetAddresses] Is this a loopback interface? false
2021-06-06T09:16:59.444-0500 [DEBUG] [org.gradle.internal.remote.internal.inet.InetAddresses] Adding IP addresses for network interface WAN Miniport (IP)-WFP Native MAC Layer LightWeight Filter-0000
2021-06-06T09:16:59.446-0500 [DEBUG] [org.gradle.internal.remote.internal.inet.InetAddresses] Is this a loopback interface? false
2021-06-06T09:16:59.446-0500 [DEBUG] [org.gradle.internal.remote.internal.inet.InetAddresses] Adding IP addresses for network interface Microsoft Kernel Debug Network Adapter
2021-06-06T09:16:59.449-0500 [DEBUG] [org.gradle.internal.remote.internal.inet.InetAddresses] Is this a loopback interface? false
2021-06-06T09:16:59.449-0500 [DEBUG] [org.gradle.internal.remote.internal.inet.InetAddresses] Adding IP addresses for network interface Microsoft Wi-Fi Direct Virtual Adapter-WFP 802.3 MAC Layer LightWeight Filter-0000
2021-06-06T09:16:59.451-0500 [DEBUG] [org.gradle.internal.remote.internal.inet.InetAddresses] Is this a loopback interface? false
2021-06-06T09:16:59.451-0500 [DEBUG] [org.gradle.internal.remote.internal.inet.InetAddresses] Adding IP addresses for network interface WAN Miniport (Network Monitor)
2021-06-06T09:16:59.453-0500 [DEBUG] [org.gradle.internal.remote.internal.inet.InetAddresses] Is this a loopback interface? false
2021-06-06T09:16:59.453-0500 [DEBUG] [org.gradle.internal.remote.internal.inet.InetAddresses] Adding IP addresses for network interface WAN Miniport (IP)-QoS Packet Scheduler-0000
2021-06-06T09:16:59.456-0500 [DEBUG] [org.gradle.internal.remote.internal.inet.InetAddresses] Is this a loopback interface? false
2021-06-06T09:16:59.456-0500 [DEBUG] [org.gradle.internal.remote.internal.inet.InetAddresses] Adding IP addresses for network interface Hyper-V Virtual Switch Extension Adapter
2021-06-06T09:16:59.458-0500 [DEBUG] [org.gradle.internal.remote.internal.inet.InetAddresses] Is this a loopback interface? false
2021-06-06T09:16:59.458-0500 [DEBUG] [org.gradle.internal.remote.internal.inet.InetAddresses] Adding IP addresses for network interface Microsoft Wi-Fi Direct Virtual Adapter-Native WiFi Filter Driver-0000
2021-06-06T09:16:59.460-0500 [DEBUG] [org.gradle.internal.remote.internal.inet.InetAddresses] Is this a loopback interface? false
2021-06-06T09:16:59.460-0500 [DEBUG] [org.gradle.internal.remote.internal.inet.InetAddresses] Adding IP addresses for network interface Hyper-V Virtual Switch Extension Adapter-Hyper-V Virtual Switch Extension Filter-0000
2021-06-06T09:16:59.463-0500 [DEBUG] [org.gradle.internal.remote.internal.inet.InetAddresses] Is this a loopback interface? false
2021-06-06T09:16:59.463-0500 [DEBUG] [org.gradle.internal.remote.internal.inet.InetAddresses] Adding IP addresses for network interface Hyper-V Virtual Ethernet Adapter
2021-06-06T09:16:59.465-0500 [DEBUG] [org.gradle.internal.remote.internal.inet.InetAddresses] Is this a loopback interface? false
2021-06-06T09:16:59.465-0500 [DEBUG] [org.gradle.internal.remote.internal.inet.InetAddresses] Adding remote address /172.22.176.1
2021-06-06T09:16:59.465-0500 [DEBUG] [org.gradle.internal.remote.internal.inet.InetAddresses] Adding remote address /fe80:0:0:0:a97c:e410:8666:a2c7%eth9
2021-06-06T09:16:59.465-0500 [DEBUG] [org.gradle.internal.remote.internal.inet.InetAddresses] Adding IP addresses for network interface Hyper-V Virtual Ethernet Adapter-WFP Native MAC Layer LightWeight Filter-0000
2021-06-06T09:16:59.467-0500 [DEBUG] [org.gradle.internal.remote.internal.inet.InetAddresses] Is this a loopback interface? false
2021-06-06T09:16:59.467-0500 [DEBUG] [org.gradle.internal.remote.internal.inet.InetAddresses] Adding IP addresses for network interface Hyper-V Virtual Ethernet Adapter-QoS Packet Scheduler-0000
2021-06-06T09:16:59.470-0500 [DEBUG] [org.gradle.internal.remote.internal.inet.InetAddresses] Is this a loopback interface? false
2021-06-06T09:16:59.470-0500 [DEBUG] [org.gradle.internal.remote.internal.inet.InetAddresses] Adding IP addresses for network interface Hyper-V Virtual Ethernet Adapter-WFP 802.3 MAC Layer LightWeight Filter-0000
2021-06-06T09:16:59.472-0500 [DEBUG] [org.gradle.internal.remote.internal.inet.InetAddresses] Is this a loopback interface? false
2021-06-06T09:16:59.472-0500 [DEBUG] [org.gradle.internal.remote.internal.inet.InetAddresses] Adding IP addresses for network interface Intel(R) Wireless-AC 9260 160MHz-WFP Native MAC Layer LightWeight Filter-0000
2021-06-06T09:16:59.474-0500 [DEBUG] [org.gradle.internal.remote.internal.inet.InetAddresses] Is this a loopback interface? false
2021-06-06T09:16:59.474-0500 [DEBUG] [org.gradle.internal.remote.internal.inet.InetAddresses] Adding IP addresses for network interface Intel(R) Wireless-AC 9260 160MHz-Virtual WiFi Filter Driver-0000
2021-06-06T09:16:59.477-0500 [DEBUG] [org.gradle.internal.remote.internal.inet.InetAddresses] Is this a loopback interface? false
2021-06-06T09:16:59.490-0500 [DEBUG] [org.gradle.internal.remote.internal.inet.InetAddresses] Adding IP addresses for network interface Intel(R) Wireless-AC 9260 160MHz-Native WiFi Filter Driver-0000
2021-06-06T09:16:59.492-0500 [DEBUG] [org.gradle.internal.remote.internal.inet.InetAddresses] Is this a loopback interface? false
2021-06-06T09:16:59.492-0500 [DEBUG] [org.gradle.internal.remote.internal.inet.InetAddresses] Adding IP addresses for network interface Intel(R) Wireless-AC 9260 160MHz-QoS Packet Scheduler-0000
2021-06-06T09:16:59.496-0500 [DEBUG] [org.gradle.internal.remote.internal.inet.InetAddresses] Is this a loopback interface? false
2021-06-06T09:16:59.496-0500 [DEBUG] [org.gradle.internal.remote.internal.inet.InetAddresses] Adding IP addresses for network interface Intel(R) Wireless-AC 9260 160MHz-WFP 802.3 MAC Layer LightWeight Filter-0000
2021-06-06T09:16:59.499-0500 [DEBUG] [org.gradle.internal.remote.internal.inet.InetAddresses] Is this a loopback interface? false
2021-06-06T09:16:59.499-0500 [DEBUG] [org.gradle.internal.remote.internal.inet.InetAddresses] Adding IP addresses for network interface WAN Miniport (IPv6)-WFP Native MAC Layer LightWeight Filter-0000
2021-06-06T09:16:59.502-0500 [DEBUG] [org.gradle.internal.remote.internal.inet.InetAddresses] Is this a loopback interface? false
2021-06-06T09:16:59.502-0500 [DEBUG] [org.gradle.internal.remote.internal.inet.InetAddresses] Adding IP addresses for network interface WAN Miniport (IPv6)-QoS Packet Scheduler-0000
2021-06-06T09:16:59.505-0500 [DEBUG] [org.gradle.internal.remote.internal.inet.InetAddresses] Is this a loopback interface? false
2021-06-06T09:16:59.505-0500 [DEBUG] [org.gradle.internal.remote.internal.inet.InetAddresses] Adding IP addresses for network interface WAN Miniport (Network Monitor)-WFP Native MAC Layer LightWeight Filter-0000
2021-06-06T09:16:59.507-0500 [DEBUG] [org.gradle.internal.remote.internal.inet.InetAddresses] Is this a loopback interface? false
2021-06-06T09:16:59.507-0500 [DEBUG] [org.gradle.internal.remote.internal.inet.InetAddresses] Adding IP addresses for network interface WAN Miniport (Network Monitor)-QoS Packet Scheduler-0000
2021-06-06T09:16:59.511-0500 [DEBUG] [org.gradle.internal.remote.internal.inet.InetAddresses] Is this a loopback interface? false
2021-06-06T09:16:59.511-0500 [DEBUG] [org.gradle.internal.remote.internal.inet.InetAddresses] Adding IP addresses for network interface Microsoft Wi-Fi Direct Virtual Adapter #2-WFP Native MAC Layer LightWeight Filter-0000
2021-06-06T09:16:59.514-0500 [DEBUG] [org.gradle.internal.remote.internal.inet.InetAddresses] Is this a loopback interface? false
2021-06-06T09:16:59.514-0500 [DEBUG] [org.gradle.internal.remote.internal.inet.InetAddresses] Adding IP addresses for network interface Microsoft Wi-Fi Direct Virtual Adapter #2-Native WiFi Filter Driver-0000
2021-06-06T09:16:59.517-0500 [DEBUG] [org.gradle.internal.remote.internal.inet.InetAddresses] Is this a loopback interface? false
2021-06-06T09:16:59.517-0500 [DEBUG] [org.gradle.internal.remote.internal.inet.InetAddresses] Adding IP addresses for network interface Microsoft Wi-Fi Direct Virtual Adapter #2-QoS Packet Scheduler-0000
2021-06-06T09:16:59.520-0500 [DEBUG] [org.gradle.internal.remote.internal.inet.InetAddresses] Is this a loopback interface? false
2021-06-06T09:16:59.520-0500 [DEBUG] [org.gradle.internal.remote.internal.inet.InetAddresses] Adding IP addresses for network interface Microsoft Wi-Fi Direct Virtual Adapter #2-WFP 802.3 MAC Layer LightWeight Filter-0000
2021-06-06T09:16:59.523-0500 [DEBUG] [org.gradle.internal.remote.internal.inet.InetAddresses] Is this a loopback interface? false
2021-06-06T09:16:59.535-0500 [DEBUG] [org.gradle.cache.internal.DefaultFileLockManager] Waiting to acquire shared lock on daemon addresses registry.
2021-06-06T09:16:59.537-0500 [DEBUG] [org.gradle.cache.internal.DefaultFileLockManager] Lock acquired on daemon addresses registry.
2021-06-06T09:16:59.538-0500 [DEBUG] [org.gradle.cache.internal.DefaultFileLockManager] Releasing lock on daemon addresses registry.
2021-06-06T09:16:59.539-0500 [DEBUG] [org.gradle.launcher.daemon.registry.PersistentDaemonRegistry] Getting daemon stop events
2021-06-06T09:16:59.540-0500 [DEBUG] [org.gradle.cache.internal.DefaultFileLockManager] Waiting to acquire shared lock on daemon addresses registry.
2021-06-06T09:16:59.540-0500 [DEBUG] [org.gradle.cache.internal.DefaultFileLockManager] Lock acquired on daemon addresses registry.
2021-06-06T09:16:59.540-0500 [DEBUG] [org.gradle.cache.internal.DefaultFileLockManager] Releasing lock on daemon addresses registry.
2021-06-06T09:16:59.541-0500 [INFO] [org.gradle.launcher.daemon.registry.PersistentDaemonRegistry] Removing 0 daemon stop events from registry
2021-06-06T09:16:59.543-0500 [DEBUG] [org.gradle.cache.internal.DefaultFileLockManager] Waiting to acquire exclusive lock on daemon addresses registry.
2021-06-06T09:16:59.544-0500 [DEBUG] [org.gradle.cache.internal.DefaultFileLockManager] Lock acquired on daemon addresses registry.
2021-06-06T09:16:59.544-0500 [DEBUG] [org.gradle.cache.internal.DefaultFileLockManager] Releasing lock on daemon addresses registry.
2021-06-06T09:16:59.546-0500 [DEBUG] [org.gradle.cache.internal.DefaultFileLockManager] Waiting to acquire exclusive lock on daemon addresses registry.
2021-06-06T09:16:59.546-0500 [DEBUG] [org.gradle.cache.internal.DefaultFileLockManager] Lock acquired on daemon addresses registry.
2021-06-06T09:16:59.548-0500 [DEBUG] [org.gradle.cache.internal.DefaultFileLockManager] Releasing lock on daemon addresses registry.
2021-06-06T09:16:59.549-0500 [LIFECYCLE] [org.gradle.launcher.daemon.client.DefaultDaemonConnector] Starting a Gradle Daemon (subsequent builds will be faster)
2021-06-06T09:16:59.617-0500 [DEBUG] [org.gradle.launcher.daemon.client.DefaultDaemonStarter] Using daemon args: [C:\Program Files\AdoptOpenJDK\jdk-14.0.2.12-hotspot\bin\java.exe, --add-opens, java.base/java.util=ALL-UNNAMED, --add-opens, java.base/java.lang=ALL-UNNAMED, --add-opens, java.base/java.lang.invoke=ALL-UNNAMED, --add-opens, java.prefs/java.util.prefs=ALL-UNNAMED, -Xmx2048m, -Dfile.encoding=UTF-8, -Duser.country=US, -Duser.language=en, -Duser.variant, -cp, C:\Users\gathi\.gradle\wrapper\dists\gradle-6.8.3-bin\7ykxq50lst7lb7wx1nijpicxn\gradle-6.8.3\lib\gradle-launcher-6.8.3.jar]
2021-06-06T09:16:59.622-0500 [DEBUG] [org.gradle.launcher.daemon.client.DefaultDaemonStarter] Starting daemon process: workingDir = C:\Users\gathi\.gradle\daemon\6.8.3, daemonArgs: [C:\Program Files\AdoptOpenJDK\jdk-14.0.2.12-hotspot\bin\java.exe, --add-opens, java.base/java.util=ALL-UNNAMED, --add-opens, java.base/java.lang=ALL-UNNAMED, --add-opens, java.base/java.lang.invoke=ALL-UNNAMED, --add-opens, java.prefs/java.util.prefs=ALL-UNNAMED, -Xmx2048m, -Dfile.encoding=UTF-8, -Duser.country=US, -Duser.language=en, -Duser.variant, -cp, C:\Users\gathi\.gradle\wrapper\dists\gradle-6.8.3-bin\7ykxq50lst7lb7wx1nijpicxn\gradle-6.8.3\lib\gradle-launcher-6.8.3.jar, org.gradle.launcher.daemon.bootstrap.GradleDaemon, 6.8.3]
2021-06-06T09:16:59.639-0500 [INFO] [org.gradle.process.internal.DefaultExecHandle] Starting process 'Gradle build daemon'. Working directory: C:\Users\gathi\.gradle\daemon\6.8.3 Command: C:\Program Files\AdoptOpenJDK\jdk-14.0.2.12-hotspot\bin\java.exe --add-opens java.base/java.util=ALL-UNNAMED --add-opens java.base/java.lang=ALL-UNNAMED --add-opens java.base/java.lang.invoke=ALL-UNNAMED --add-opens java.prefs/java.util.prefs=ALL-UNNAMED -Xmx2048m -Dfile.encoding=UTF-8 -Duser.country=US -Duser.language=en -Duser.variant -cp C:\Users\gathi\.gradle\wrapper\dists\gradle-6.8.3-bin\7ykxq50lst7lb7wx1nijpicxn\gradle-6.8.3\lib\gradle-launcher-6.8.3.jar org.gradle.launcher.daemon.bootstrap.GradleDaemon 6.8.3
2021-06-06T09:16:59.639-0500 [DEBUG] [org.gradle.process.internal.DefaultExecHandle] Changing state to: STARTING
2021-06-06T09:16:59.641-0500 [DEBUG] [org.gradle.process.internal.DefaultExecHandle] Waiting until process started: Gradle build daemon.
2021-06-06T09:16:59.658-0500 [DEBUG] [org.gradle.process.internal.DefaultExecHandle] Changing state to: STARTED
2021-06-06T09:16:59.658-0500 [INFO] [org.gradle.process.internal.DefaultExecHandle] Successfully started process 'Gradle build daemon'
2021-06-06T09:16:59.658-0500 [DEBUG] [org.gradle.launcher.daemon.client.DefaultDaemonStarter] Gradle daemon process is starting. Waiting for the daemon to detach...
2021-06-06T09:16:59.660-0500 [DEBUG] [org.gradle.process.internal.ExecHandleRunner] waiting until streams are handled...
2021-06-06T09:16:59.660-0500 [DEBUG] [org.gradle.launcher.daemon.bootstrap.DaemonOutputConsumer] Starting consuming the daemon process output.
2021-06-06T09:17:01.929-0500 [DEBUG] [org.gradle.launcher.daemon.bootstrap.DaemonOutputConsumer] daemon out: Daemon started. About to close the streams. Daemon details: 01000438383532002462343031666233322d336334662d343533332d393633302d653035366563306465383762459001758e2b4988869a53a3a5356a210000de4b00000001000000047f0000010037433a5c55736572735c67617468695c2e677261646c655c6461656d6f6e5c362e382e335c6461656d6f6e2d383835322e6f75742e6c6f67
2021-06-06T09:17:01.929-0500 [DEBUG] [org.gradle.process.internal.DefaultExecHandle] Changing state to: DETACHED
2021-06-06T09:17:01.930-0500 [DEBUG] [org.gradle.process.internal.DefaultExecHandle] Process 'Gradle build daemon' finished with exit value 0 (state: DETACHED)
2021-06-06T09:17:01.930-0500 [DEBUG] [org.gradle.launcher.daemon.client.DefaultDaemonStarter] Gradle daemon process is now detached.
2021-06-06T09:17:01.938-0500 [INFO] [org.gradle.launcher.daemon.client.DefaultDaemonStarter] An attempt to start the daemon took 2.312 secs.
2021-06-06T09:17:01.938-0500 [DEBUG] [org.gradle.launcher.daemon.client.DefaultDaemonConnector] Started Gradle daemon DaemonStartupInfo{pid=8852, uid=b401fb32-3c4f-4533-9630-e056ec0de87b, address=[45900175-8e2b-4988-869a-53a3a5356a21 port:56907, addresses:[/127.0.0.1]], diagnostics={pid=8852, daemonLog=C:\Users\gathi\.gradle\daemon\6.8.3\daemon-8852.out.log}}
2021-06-06T09:17:01.941-0500 [DEBUG] [org.gradle.cache.internal.DefaultFileLockManager] Waiting to acquire shared lock on daemon addresses registry.
2021-06-06T09:17:01.942-0500 [DEBUG] [org.gradle.cache.internal.DefaultFileLockManager] Lock acquired on daemon addresses registry.
2021-06-06T09:17:01.944-0500 [DEBUG] [org.gradle.cache.internal.DefaultFileLockManager] Releasing lock on daemon addresses registry.
2021-06-06T09:17:01.946-0500 [DEBUG] [org.gradle.internal.remote.internal.inet.TcpOutgoingConnector] Attempting to connect to [45900175-8e2b-4988-869a-53a3a5356a21 port:56907, addresses:[/127.0.0.1]].
2021-06-06T09:17:01.946-0500 [DEBUG] [org.gradle.internal.remote.internal.inet.TcpOutgoingConnector] Trying to connect to address /127.0.0.1.
2021-06-06T09:17:01.953-0500 [DEBUG] [org.gradle.internal.remote.internal.inet.TcpOutgoingConnector] Connected to address /127.0.0.1:56907.
2021-06-06T09:17:02.005-0500 [DEBUG] [org.gradle.launcher.daemon.client.DaemonClient] Connected to daemon DaemonInfo{pid=8852, address=[45900175-8e2b-4988-869a-53a3a5356a21 port:56907, addresses:[/127.0.0.1]], state=Busy, lastBusy=1622989021916, context=DefaultDaemonContext[uid=b401fb32-3c4f-4533-9630-e056ec0de87b,javaHome=C:\Program Files\AdoptOpenJDK\jdk-14.0.2.12-hotspot,daemonRegistryDir=C:\Users\gathi\.gradle\daemon,pid=8852,idleTimeout=10800000,priority=NORMAL,daemonOpts=--add-opens,java.base/java.util=ALL-UNNAMED,--add-opens,java.base/java.lang=ALL-UNNAMED,--add-opens,java.base/java.lang.invoke=ALL-UNNAMED,--add-opens,java.prefs/java.util.prefs=ALL-UNNAMED,-Xmx2048m,-Dfile.encoding=UTF-8,-Duser.country=US,-Duser.language=en,-Duser.variant]}. Dispatching request Build{id=c4718e18-0471-4ee3-9197-3fc6b2bdf7a0, currentDir=C:\Users\gathi\AndroidStudioProjects\ComposeDemo}.
2021-06-06T09:17:02.005-0500 [DEBUG] [org.gradle.launcher.daemon.client.DaemonClientConnection] thread 1: dispatching class org.gradle.launcher.daemon.protocol.Build
2021-06-06T09:17:02.093-0500 [DEBUG] [org.gradle.launcher.daemon.client.DaemonClient] Received result org.gradle.launcher.daemon.protocol.BuildStarted@5851bd4f from daemon DaemonInfo{pid=8852, address=[45900175-8e2b-4988-869a-53a3a5356a21 port:56907, addresses:[/127.0.0.1]], state=Busy, lastBusy=1622989021916, context=DefaultDaemonContext[uid=b401fb32-3c4f-4533-9630-e056ec0de87b,javaHome=C:\Program Files\AdoptOpenJDK\jdk-14.0.2.12-hotspot,daemonRegistryDir=C:\Users\gathi\.gradle\daemon,pid=8852,idleTimeout=10800000,priority=NORMAL,daemonOpts=--add-opens,java.base/java.util=ALL-UNNAMED,--add-opens,java.base/java.lang=ALL-UNNAMED,--add-opens,java.base/java.lang.invoke=ALL-UNNAMED,--add-opens,java.prefs/java.util.prefs=ALL-UNNAMED,-Xmx2048m,-Dfile.encoding=UTF-8,-Duser.country=US,-Duser.language=en,-Duser.variant]} (build should be starting).
2021-06-06T09:17:02.110-0500 [INFO] [org.gradle.launcher.daemon.server.exec.LogToClient] The client will now receive all logging from the daemon (pid: 8852). The daemon log file: C:\Users\gathi\.gradle\daemon\6.8.3\daemon-8852.out.log
2021-06-06T09:17:02.113-0500 [INFO] [org.gradle.launcher.daemon.server.exec.LogAndCheckHealth] Starting build in new daemon [memory: 2 GiB]
2021-06-06T09:17:02.124-0500 [DEBUG] [org.gradle.launcher.daemon.server.exec.ExecuteBuild] The daemon has started executing the build.
2021-06-06T09:17:02.126-0500 [DEBUG] [org.gradle.launcher.daemon.server.exec.ExecuteBuild] Executing build with daemon context: DefaultDaemonContext[uid=b401fb32-3c4f-4533-9630-e056ec0de87b,javaHome=C:\Program Files\AdoptOpenJDK\jdk-14.0.2.12-hotspot,daemonRegistryDir=C:\Users\gathi\.gradle\daemon,pid=8852,idleTimeout=10800000,priority=NORMAL,daemonOpts=--add-opens,java.base/java.util=ALL-UNNAMED,--add-opens,java.base/java.lang=ALL-UNNAMED,--add-opens,java.base/java.lang.invoke=ALL-UNNAMED,--add-opens,java.prefs/java.util.prefs=ALL-UNNAMED,-Xmx2048m,-Dfile.encoding=UTF-8,-Duser.country=US,-Duser.language=en,-Duser.variant]
2021-06-06T09:17:02.302-0500 [INFO] [org.gradle.internal.work.DefaultWorkerLeaseService] Using 8 worker leases.
2021-06-06T09:17:02.519-0500 [DEBUG] [org.gradle.cache.internal.DefaultCacheAccess] Creating new cache for resourceHashesCache, path C:\Users\gathi\.gradle\caches\6.8.3\fileHashes\resourceHashesCache.bin, access org.gradle.cache.internal.DefaultCacheAccess@2171bcd6
2021-06-06T09:17:02.537-0500 [DEBUG] [org.gradle.cache.internal.DefaultInMemoryCacheDecoratorFactory] Creating in-memory store for cache C:\Users\gathi\.gradle\caches\6.8.3\fileHashes\resourceHashesCache.bin (max size: 998900)
2021-06-06T09:17:02.541-0500 [DEBUG] [org.gradle.cache.internal.LockOnDemandCrossProcessCacheAccess] Acquiring file lock for file hash cache (C:\Users\gathi\.gradle\caches\6.8.3\fileHashes)
2021-06-06T09:17:02.545-0500 [DEBUG] [org.gradle.cache.internal.locklistener.DefaultFileLockContentionHandler] Starting file lock listener thread.
2021-06-06T09:17:02.545-0500 [DEBUG] [org.gradle.cache.internal.DefaultFileLockManager] Waiting to acquire exclusive lock on file hash cache (C:\Users\gathi\.gradle\caches\6.8.3\fileHashes).
2021-06-06T09:17:02.546-0500 [DEBUG] [org.gradle.cache.internal.DefaultFileLockManager] Lock acquired on file hash cache (C:\Users\gathi\.gradle\caches\6.8.3\fileHashes).
2021-06-06T09:17:02.571-0500 [DEBUG] [org.gradle.cache.internal.DefaultCacheAccess] Creating new cache for fileHashes, path C:\Users\gathi\.gradle\caches\6.8.3\fileHashes\fileHashes.bin, access org.gradle.cache.internal.DefaultCacheAccess@2171bcd6
2021-06-06T09:17:02.571-0500 [DEBUG] [org.gradle.cache.internal.DefaultInMemoryCacheDecoratorFactory] Creating in-memory store for cache C:\Users\gathi\.gradle\caches\6.8.3\fileHashes\fileHashes.bin (max size: 998900)
2021-06-06T09:17:02.707-0500 [DEBUG] [org.gradle.cache.internal.DefaultCacheAccess] Creating new cache for file-access, path C:\Users\gathi\.gradle\caches\journal-1\file-access.bin, access org.gradle.cache.internal.DefaultCacheAccess@2425bfd7
2021-06-06T09:17:02.708-0500 [DEBUG] [org.gradle.cache.internal.DefaultInMemoryCacheDecoratorFactory] Creating in-memory store for cache C:\Users\gathi\.gradle\caches\journal-1\file-access.bin (max size: 2400)
2021-06-06T09:17:02.709-0500 [DEBUG] [org.gradle.cache.internal.LockOnDemandCrossProcessCacheAccess] Acquiring file lock for journal cache (C:\Users\gathi\.gradle\caches\journal-1)
2021-06-06T09:17:02.710-0500 [DEBUG] [org.gradle.cache.internal.DefaultFileLockManager] Waiting to acquire exclusive lock on journal cache (C:\Users\gathi\.gradle\caches\journal-1).
2021-06-06T09:17:02.711-0500 [DEBUG] [org.gradle.cache.internal.DefaultFileLockManager] Lock acquired on journal cache (C:\Users\gathi\.gradle\caches\journal-1).
2021-06-06T09:17:03.323-0500 [DEBUG] [org.gradle.cache.internal.DefaultCacheAccess] Creating new cache for fileHashes, path C:\Users\gathi\AndroidStudioProjects\ComposeDemo\.gradle\6.8.3\fileHashes\fileHashes.bin, access org.gradle.cache.internal.DefaultCacheAccess@60821075
2021-06-06T09:17:03.323-0500 [DEBUG] [org.gradle.cache.internal.DefaultInMemoryCacheDecoratorFactory] Creating in-memory store for cache C:\Users\gathi\AndroidStudioProjects\ComposeDemo\.gradle\6.8.3\fileHashes\fileHashes.bin (max size: 998900)
2021-06-06T09:17:03.324-0500 [DEBUG] [org.gradle.cache.internal.LockOnDemandCrossProcessCacheAccess] Acquiring file lock for file hash cache (C:\Users\gathi\AndroidStudioProjects\ComposeDemo\.gradle\6.8.3\fileHashes)
2021-06-06T09:17:03.325-0500 [DEBUG] [org.gradle.cache.internal.DefaultFileLockManager] Waiting to acquire exclusive lock on file hash cache (C:\Users\gathi\AndroidStudioProjects\ComposeDemo\.gradle\6.8.3\fileHashes).
2021-06-06T09:17:03.326-0500 [DEBUG] [org.gradle.cache.internal.DefaultFileLockManager] Lock acquired on file hash cache (C:\Users\gathi\AndroidStudioProjects\ComposeDemo\.gradle\6.8.3\fileHashes).
2021-06-06T09:17:03.335-0500 [DEBUG] [org.gradle.cache.internal.DefaultCacheAccess] Creating new cache for resourceHashesCache, path C:\Users\gathi\AndroidStudioProjects\ComposeDemo\.gradle\6.8.3\fileHashes\resourceHashesCache.bin, access org.gradle.cache.internal.DefaultCacheAccess@60821075
2021-06-06T09:17:03.336-0500 [DEBUG] [org.gradle.cache.internal.DefaultInMemoryCacheDecoratorFactory] Creating in-memory store for cache C:\Users\gathi\AndroidStudioProjects\ComposeDemo\.gradle\6.8.3\fileHashes\resourceHashesCache.bin (max size: 1997800)
2021-06-06T09:17:03.404-0500 [DEBUG] [org.gradle.internal.operations.DefaultBuildOperationRunner] Build operation 'Run build' started
2021-06-06T09:17:03.410-0500 [INFO] [org.gradle.tooling.internal.provider.FileSystemWatchingBuildActionRunner] Watching the file system is disabled
2021-06-06T09:17:03.416-0500 [DEBUG] [org.gradle.internal.operations.DefaultBuildOperationRunner] Build operation 'Build started for file system watching' started
2021-06-06T09:17:03.419-0500 [DEBUG] [org.gradle.internal.operations.DefaultBuildOperationRunner] Completing Build operation 'Build started for file system watching'
2021-06-06T09:17:03.419-0500 [DEBUG] [org.gradle.internal.operations.DefaultBuildOperationRunner] Build operation 'Build started for file system watching' completed
2021-06-06T09:17:03.431-0500 [DEBUG] [org.gradle.internal.work.DefaultWorkerLeaseService] Worker lease root.1 started (1 worker(s) in use).
2021-06-06T09:17:03.431-0500 [DEBUG] [org.gradle.internal.resources.AbstractTrackedResourceLock] Daemon worker: acquired lock on root.1
2021-06-06T09:17:03.434-0500 [INFO] [org.gradle.internal.buildevents.BuildLogger] Starting Build
2021-06-06T09:17:03.435-0500 [DEBUG] [org.gradle.internal.buildevents.BuildLogger] Gradle user home: C:\Users\gathi\.gradle
2021-06-06T09:17:03.435-0500 [DEBUG] [org.gradle.internal.buildevents.BuildLogger] Current dir: C:\Users\gathi\AndroidStudioProjects\ComposeDemo
2021-06-06T09:17:03.435-0500 [DEBUG] [org.gradle.internal.buildevents.BuildLogger] Settings file: null
2021-06-06T09:17:03.435-0500 [DEBUG] [org.gradle.internal.buildevents.BuildLogger] Build file: null
2021-06-06T09:17:03.439-0500 [DEBUG] [org.gradle.internal.operations.DefaultBuildOperationRunner] Build operation 'Load build' started
2021-06-06T09:17:03.447-0500 [DEBUG] [org.gradle.initialization.DefaultGradlePropertiesLoader] Found env project properties: []
2021-06-06T09:17:03.448-0500 [DEBUG] [org.gradle.initialization.DefaultGradlePropertiesLoader] Found system project properties: []
2021-06-06T09:17:03.451-0500 [DEBUG] [org.gradle.internal.operations.DefaultBuildOperationRunner] Build operation 'Evaluate settings' started
2021-06-06T09:17:03.566-0500 [DEBUG] [org.gradle.cache.internal.DefaultCacheAccess] Creating new cache for workingDirs, path C:\Users\gathi\AndroidStudioProjects\ComposeDemo\.gradle\6.8.3\vcsMetadata-1\workingDirs.bin, access org.gradle.cache.internal.DefaultCacheAccess@5f1cc1d3
2021-06-06T09:17:03.592-0500 [DEBUG] [org.gradle.cache.internal.DefaultCacheAccess] Creating new cache for md5-checksums, path C:\Users\gathi\AndroidStudioProjects\ComposeDemo\.gradle\checksums\md5-checksums.bin, access org.gradle.cache.internal.DefaultCacheAccess@343f96fd
2021-06-06T09:17:03.593-0500 [DEBUG] [org.gradle.cache.internal.DefaultInMemoryCacheDecoratorFactory] Creating in-memory store for cache C:\Users\gathi\AndroidStudioProjects\ComposeDemo\.gradle\checksums\md5-checksums.bin (max size: 2400)
2021-06-06T09:17:03.593-0500 [DEBUG] [org.gradle.cache.internal.LockOnDemandCrossProcessCacheAccess] Acquiring file lock for checksums cache (C:\Users\gathi\AndroidStudioProjects\ComposeDemo\.gradle\checksums)
2021-06-06T09:17:03.595-0500 [DEBUG] [org.gradle.cache.internal.DefaultFileLockManager] Waiting to acquire exclusive lock on checksums cache (C:\Users\gathi\AndroidStudioProjects\ComposeDemo\.gradle\checksums).
2021-06-06T09:17:03.596-0500 [DEBUG] [org.gradle.cache.internal.DefaultFileLockManager] Lock acquired on checksums cache (C:\Users\gathi\AndroidStudioProjects\ComposeDemo\.gradle\checksums).
2021-06-06T09:17:03.596-0500 [DEBUG] [org.gradle.cache.internal.DefaultCacheAccess] Creating new cache for sha1-checksums, path C:\Users\gathi\AndroidStudioProjects\ComposeDemo\.gradle\checksums\sha1-checksums.bin, access org.gradle.cache.internal.DefaultCacheAccess@343f96fd
2021-06-06T09:17:03.597-0500 [DEBUG] [org.gradle.cache.internal.DefaultInMemoryCacheDecoratorFactory] Creating in-memory store for cache C:\Users\gathi\AndroidStudioProjects\ComposeDemo\.gradle\checksums\sha1-checksums.bin (max size: 2400)
2021-06-06T09:17:03.597-0500 [DEBUG] [org.gradle.cache.internal.DefaultCacheAccess] Creating new cache for sha256-checksums, path C:\Users\gathi\AndroidStudioProjects\ComposeDemo\.gradle\checksums\sha256-checksums.bin, access org.gradle.cache.internal.DefaultCacheAccess@343f96fd
2021-06-06T09:17:03.597-0500 [DEBUG] [org.gradle.cache.internal.DefaultInMemoryCacheDecoratorFactory] Creating in-memory store for cache C:\Users\gathi\AndroidStudioProjects\ComposeDemo\.gradle\checksums\sha256-checksums.bin (max size: 2400)
2021-06-06T09:17:03.598-0500 [DEBUG] [org.gradle.cache.internal.DefaultCacheAccess] Creating new cache for sha512-checksums, path C:\Users\gathi\AndroidStudioProjects\ComposeDemo\.gradle\checksums\sha512-checksums.bin, access org.gradle.cache.internal.DefaultCacheAccess@343f96fd
2021-06-06T09:17:03.598-0500 [DEBUG] [org.gradle.cache.internal.DefaultInMemoryCacheDecoratorFactory] Creating in-memory store for cache C:\Users\gathi\AndroidStudioProjects\ComposeDemo\.gradle\checksums\sha512-checksums.bin (max size: 2400)
2021-06-06T09:17:03.676-0500 [DEBUG] [org.gradle.cache.internal.DefaultCacheAccess] Creating new cache for md-supplier, path C:\Users\gathi\.gradle\caches\6.8.3\md-supplier\md-supplier.bin, access org.gradle.cache.internal.DefaultCacheAccess@2f1f961f
2021-06-06T09:17:03.677-0500 [DEBUG] [org.gradle.cache.internal.DefaultInMemoryCacheDecoratorFactory] Creating in-memory store for cache C:\Users\gathi\.gradle\caches\6.8.3\md-supplier\md-supplier.bin (max size: 4900)
2021-06-06T09:17:03.677-0500 [DEBUG] [org.gradle.cache.internal.LockOnDemandCrossProcessCacheAccess] Acquiring file lock for cache directory md-supplier (C:\Users\gathi\.gradle\caches\6.8.3\md-supplier)
2021-06-06T09:17:03.679-0500 [DEBUG] [org.gradle.cache.internal.DefaultFileLockManager] Waiting to acquire exclusive lock on cache directory md-supplier (C:\Users\gathi\.gradle\caches\6.8.3\md-supplier).
2021-06-06T09:17:03.680-0500 [DEBUG] [org.gradle.cache.internal.DefaultFileLockManager] Lock acquired on cache directory md-supplier (C:\Users\gathi\.gradle\caches\6.8.3\md-supplier).
2021-06-06T09:17:03.705-0500 [DEBUG] [org.gradle.api.internal.artifacts.mvnsettings.DefaultLocalMavenRepositoryLocator] No local repository in Settings file defined. Using default path: C:\Users\gathi\.m2\repository
2021-06-06T09:17:03.832-0500 [DEBUG] [org.gradle.cache.internal.DefaultCacheAccess] Creating new cache for md-rule, path C:\Users\gathi\.gradle\caches\6.8.3\md-rule\md-rule.bin, access org.gradle.cache.internal.DefaultCacheAccess@17f3dd4d
2021-06-06T09:17:03.833-0500 [DEBUG] [org.gradle.cache.internal.DefaultInMemoryCacheDecoratorFactory] Creating in-memory store for cache C:\Users\gathi\.gradle\caches\6.8.3\md-rule\md-rule.bin (max size: 4900)
2021-06-06T09:17:03.834-0500 [DEBUG] [org.gradle.cache.internal.LockOnDemandCrossProcessCacheAccess] Acquiring file lock for cache directory md-rule (C:\Users\gathi\.gradle\caches\6.8.3\md-rule)
2021-06-06T09:17:03.836-0500 [DEBUG] [org.gradle.cache.internal.DefaultFileLockManager] Waiting to acquire exclusive lock on cache directory md-rule (C:\Users\gathi\.gradle\caches\6.8.3\md-rule).
2021-06-06T09:17:03.837-0500 [DEBUG] [org.gradle.cache.internal.DefaultFileLockManager] Lock acquired on cache directory md-rule (C:\Users\gathi\.gradle\caches\6.8.3\md-rule).
2021-06-06T09:17:03.955-0500 [DEBUG] [org.gradle.cache.internal.DefaultCacheAccess] Creating new cache for executionHistory, path C:\Users\gathi\.gradle\caches\6.8.3\executionHistory\executionHistory.bin, access org.gradle.cache.internal.DefaultCacheAccess@7649f2b2
2021-06-06T09:17:03.956-0500 [DEBUG] [org.gradle.cache.internal.DefaultInMemoryCacheDecoratorFactory] Creating in-memory store for cache C:\Users\gathi\.gradle\caches\6.8.3\executionHistory\executionHistory.bin (max size: 24900)
2021-06-06T09:17:03.956-0500 [DEBUG] [org.gradle.cache.internal.LockOnDemandCrossProcessCacheAccess] Acquiring file lock for execution history cache (C:\Users\gathi\.gradle\caches\6.8.3\executionHistory)
2021-06-06T09:17:03.959-0500 [DEBUG] [org.gradle.cache.internal.DefaultFileLockManager] Waiting to acquire exclusive lock on execution history cache (C:\Users\gathi\.gradle\caches\6.8.3\executionHistory).
2021-06-06T09:17:03.960-0500 [DEBUG] [org.gradle.cache.internal.DefaultFileLockManager] Lock acquired on execution history cache (C:\Users\gathi\.gradle\caches\6.8.3\executionHistory).
2021-06-06T09:17:04.082-0500 [DEBUG] [org.gradle.internal.locking.LockFileReaderWriter] Lockfiles root: C:\Users\gathi\AndroidStudioProjects\ComposeDemo\gradle\dependency-locks
2021-06-06T09:17:04.570-0500 [DEBUG] [org.gradle.internal.operations.DefaultBuildOperationRunner] Build operation 'Apply settings file 'settings.gradle' to settings 'ComposeDemo'' started
2021-06-06T09:17:04.599-0500 [DEBUG] [org.gradle.cache.internal.DefaultFileLockManager] Waiting to acquire shared lock on cp_settings generic class cache for settings file 'C:\Users\gathi\AndroidStudioProjects\ComposeDemo\settings.gradle' (C:\Users\gathi\.gradle\caches\6.8.3\scripts\d0j8599yu152vqqr88rdqfoce).
2021-06-06T09:17:04.599-0500 [DEBUG] [org.gradle.cache.internal.DefaultFileLockManager] Lock acquired on cp_settings generic class cache for settings file 'C:\Users\gathi\AndroidStudioProjects\ComposeDemo\settings.gradle' (C:\Users\gathi\.gradle\caches\6.8.3\scripts\d0j8599yu152vqqr88rdqfoce).
2021-06-06T09:17:04.600-0500 [DEBUG] [org.gradle.cache.internal.DefaultFileLockManager] Releasing lock on cp_settings generic class cache for settings file 'C:\Users\gathi\AndroidStudioProjects\ComposeDemo\settings.gradle' (C:\Users\gathi\.gradle\caches\6.8.3\scripts\d0j8599yu152vqqr88rdqfoce).
2021-06-06T09:17:04.601-0500 [DEBUG] [org.gradle.cache.internal.DefaultFileLockManager] Waiting to acquire exclusive lock on cp_settings generic class cache for settings file 'C:\Users\gathi\AndroidStudioProjects\ComposeDemo\settings.gradle' (C:\Users\gathi\.gradle\caches\6.8.3\scripts\d0j8599yu152vqqr88rdqfoce).
2021-06-06T09:17:04.601-0500 [DEBUG] [org.gradle.cache.internal.DefaultFileLockManager] Lock acquired on cp_settings generic class cache for settings file 'C:\Users\gathi\AndroidStudioProjects\ComposeDemo\settings.gradle' (C:\Users\gathi\.gradle\caches\6.8.3\scripts\d0j8599yu152vqqr88rdqfoce).
2021-06-06T09:17:04.604-0500 [DEBUG] [org.gradle.internal.operations.DefaultBuildOperationRunner] Build operation 'Compile settings file 'settings.gradle' (CLASSPATH)' started
2021-06-06T09:17:04.628-0500 [INFO] [org.gradle.groovy.scripts.internal.DefaultScriptCompilationHandler] Compiling settings file 'C:\Users\gathi\AndroidStudioProjects\ComposeDemo\settings.gradle' using SubsetScriptTransformer.
2021-06-06T09:17:04.784-0500 [DEBUG] [org.gradle.groovy.scripts.internal.DefaultScriptCompilationHandler] Timing: Writing script to cache at C:\Users\gathi\.gradle\caches\6.8.3\scripts\d0j8599yu152vqqr88rdqfoce\cp_settings took: 0.178 secs
2021-06-06T09:17:04.784-0500 [DEBUG] [org.gradle.internal.operations.DefaultBuildOperationRunner] Completing Build operation 'Compile settings file 'settings.gradle' (CLASSPATH)'
2021-06-06T09:17:04.784-0500 [DEBUG] [org.gradle.internal.operations.DefaultBuildOperationRunner] Build operation 'Compile settings file 'settings.gradle' (CLASSPATH)' completed
2021-06-06T09:17:04.786-0500 [DEBUG] [org.gradle.cache.internal.DefaultFileLockManager] Releasing lock on cp_settings generic class cache for settings file 'C:\Users\gathi\AndroidStudioProjects\ComposeDemo\settings.gradle' (C:\Users\gathi\.gradle\caches\6.8.3\scripts\d0j8599yu152vqqr88rdqfoce).
2021-06-06T09:17:04.788-0500 [DEBUG] [org.gradle.cache.internal.DefaultFileLockManager] Waiting to acquire shared lock on cp_settings generic class cache for settings file 'C:\Users\gathi\AndroidStudioProjects\ComposeDemo\settings.gradle' (C:\Users\gathi\.gradle\caches\6.8.3\scripts\d0j8599yu152vqqr88rdqfoce).
2021-06-06T09:17:04.789-0500 [DEBUG] [org.gradle.cache.internal.DefaultFileLockManager] Lock acquired on cp_settings generic class cache for settings file 'C:\Users\gathi\AndroidStudioProjects\ComposeDemo\settings.gradle' (C:\Users\gathi\.gradle\caches\6.8.3\scripts\d0j8599yu152vqqr88rdqfoce).
2021-06-06T09:17:04.795-0500 [DEBUG] [org.gradle.cache.internal.LockOnDemandCrossProcessCacheAccess] Acquiring file lock for jars (C:\Users\gathi\.gradle\caches\jars-8)
2021-06-06T09:17:04.797-0500 [DEBUG] [org.gradle.cache.internal.DefaultFileLockManager] Waiting to acquire exclusive lock on jars (C:\Users\gathi\.gradle\caches\jars-8).
2021-06-06T09:17:04.797-0500 [DEBUG] [org.gradle.cache.internal.DefaultFileLockManager] Lock acquired on jars (C:\Users\gathi\.gradle\caches\jars-8).
2021-06-06T09:17:04.877-0500 [DEBUG] [org.gradle.cache.internal.DefaultFileLockManager] Releasing lock on cp_settings generic class cache for settings file 'C:\Users\gathi\AndroidStudioProjects\ComposeDemo\settings.gradle' (C:\Users\gathi\.gradle\caches\6.8.3\scripts\d0j8599yu152vqqr88rdqfoce).
2021-06-06T09:17:04.885-0500 [DEBUG] [org.gradle.cache.internal.btree.BTreePersistentIndexedCache] Opening cache file-access.bin (C:\Users\gathi\.gradle\caches\journal-1\file-access.bin)
2021-06-06T09:17:04.899-0500 [DEBUG] [org.gradle.cache.internal.DefaultFileLockManager] Waiting to acquire shared lock on settings generic class cache for settings file 'C:\Users\gathi\AndroidStudioProjects\ComposeDemo\settings.gradle' (C:\Users\gathi\.gradle\caches\6.8.3\scripts\5fg5y69474hlmmcovjybl80zh).
2021-06-06T09:17:04.900-0500 [DEBUG] [org.gradle.cache.internal.DefaultFileLockManager] Lock acquired on settings generic class cache for settings file 'C:\Users\gathi\AndroidStudioProjects\ComposeDemo\settings.gradle' (C:\Users\gathi\.gradle\caches\6.8.3\scripts\5fg5y69474hlmmcovjybl80zh).
2021-06-06T09:17:04.900-0500 [DEBUG] [org.gradle.cache.internal.DefaultFileLockManager] Releasing lock on settings generic class cache for settings file 'C:\Users\gathi\AndroidStudioProjects\ComposeDemo\settings.gradle' (C:\Users\gathi\.gradle\caches\6.8.3\scripts\5fg5y69474hlmmcovjybl80zh).
2021-06-06T09:17:04.902-0500 [DEBUG] [org.gradle.cache.internal.DefaultFileLockManager] Waiting to acquire exclusive lock on settings generic class cache for settings file 'C:\Users\gathi\AndroidStudioProjects\ComposeDemo\settings.gradle' (C:\Users\gathi\.gradle\caches\6.8.3\scripts\5fg5y69474hlmmcovjybl80zh).
2021-06-06T09:17:04.902-0500 [DEBUG] [org.gradle.cache.internal.DefaultFileLockManager] Lock acquired on settings generic class cache for settings file 'C:\Users\gathi\AndroidStudioProjects\ComposeDemo\settings.gradle' (C:\Users\gathi\.gradle\caches\6.8.3\scripts\5fg5y69474hlmmcovjybl80zh).
2021-06-06T09:17:04.903-0500 [DEBUG] [org.gradle.internal.operations.DefaultBuildOperationRunner] Build operation 'Compile settings file 'settings.gradle' (BODY)' started
2021-06-06T09:17:04.904-0500 [INFO] [org.gradle.groovy.scripts.internal.DefaultScriptCompilationHandler] Compiling settings file 'C:\Users\gathi\AndroidStudioProjects\ComposeDemo\settings.gradle' using BuildScriptTransformer.
2021-06-06T09:17:05.229-0500 [DEBUG] [org.gradle.groovy.scripts.internal.DefaultScriptCompilationHandler] Timing: Writing script to cache at C:\Users\gathi\.gradle\caches\6.8.3\scripts\5fg5y69474hlmmcovjybl80zh\settings took: 0.324 secs
2021-06-06T09:17:05.229-0500 [DEBUG] [org.gradle.internal.operations.DefaultBuildOperationRunner] Completing Build operation 'Compile settings file 'settings.gradle' (BODY)'
2021-06-06T09:17:05.229-0500 [DEBUG] [org.gradle.internal.operations.DefaultBuildOperationRunner] Build operation 'Compile settings file 'settings.gradle' (BODY)' completed
2021-06-06T09:17:05.231-0500 [DEBUG] [org.gradle.cache.internal.DefaultFileLockManager] Releasing lock on settings generic class cache for settings file 'C:\Users\gathi\AndroidStudioProjects\ComposeDemo\settings.gradle' (C:\Users\gathi\.gradle\caches\6.8.3\scripts\5fg5y69474hlmmcovjybl80zh).
2021-06-06T09:17:05.234-0500 [DEBUG] [org.gradle.cache.internal.DefaultFileLockManager] Waiting to acquire shared lock on settings generic class cache for settings file 'C:\Users\gathi\AndroidStudioProjects\ComposeDemo\settings.gradle' (C:\Users\gathi\.gradle\caches\6.8.3\scripts\5fg5y69474hlmmcovjybl80zh).
2021-06-06T09:17:05.235-0500 [DEBUG] [org.gradle.cache.internal.DefaultFileLockManager] Lock acquired on settings generic class cache for settings file 'C:\Users\gathi\AndroidStudioProjects\ComposeDemo\settings.gradle' (C:\Users\gathi\.gradle\caches\6.8.3\scripts\5fg5y69474hlmmcovjybl80zh).
2021-06-06T09:17:05.241-0500 [DEBUG] [org.gradle.cache.internal.btree.BTreePersistentIndexedCache] Opening cache fileHashes.bin (C:\Users\gathi\.gradle\caches\6.8.3\fileHashes\fileHashes.bin)
2021-06-06T09:17:05.320-0500 [DEBUG] [org.gradle.cache.internal.DefaultFileLockManager] Releasing lock on settings generic class cache for settings file 'C:\Users\gathi\AndroidStudioProjects\ComposeDemo\settings.gradle' (C:\Users\gathi\.gradle\caches\6.8.3\scripts\5fg5y69474hlmmcovjybl80zh).
2021-06-06T09:17:05.398-0500 [DEBUG] [org.gradle.cache.internal.DefaultCacheAccess] Creating new cache for java-modules, path C:\Users\gathi\.gradle\caches\6.8.3\fileContent\java-modules.bin, access org.gradle.cache.internal.DefaultCacheAccess@a7b0f48
2021-06-06T09:17:05.399-0500 [DEBUG] [org.gradle.cache.internal.DefaultInMemoryCacheDecoratorFactory] Creating in-memory store for cache C:\Users\gathi\.gradle\caches\6.8.3\fileContent\java-modules.bin (max size: 49900)
2021-06-06T09:17:05.399-0500 [DEBUG] [org.gradle.cache.internal.LockOnDemandCrossProcessCacheAccess] Acquiring file lock for file content cache (C:\Users\gathi\.gradle\caches\6.8.3\fileContent)
2021-06-06T09:17:05.401-0500 [DEBUG] [org.gradle.cache.internal.DefaultFileLockManager] Waiting to acquire exclusive lock on file content cache (C:\Users\gathi\.gradle\caches\6.8.3\fileContent).
2021-06-06T09:17:05.402-0500 [DEBUG] [org.gradle.cache.internal.DefaultFileLockManager] Lock acquired on file content cache (C:\Users\gathi\.gradle\caches\6.8.3\fileContent).
2021-06-06T09:17:05.747-0500 [DEBUG] [org.gradle.internal.operations.DefaultBuildOperationRunner] Completing Build operation 'Apply settings file 'settings.gradle' to settings 'ComposeDemo''
2021-06-06T09:17:05.748-0500 [DEBUG] [org.gradle.internal.operations.DefaultBuildOperationRunner] Build operation 'Apply settings file 'settings.gradle' to settings 'ComposeDemo'' completed
2021-06-06T09:17:05.748-0500 [DEBUG] [org.gradle.initialization.ScriptEvaluatingSettingsProcessor] Timing: Processing settings took: 2.296 secs
2021-06-06T09:17:05.748-0500 [INFO] [org.gradle.internal.buildevents.BuildLogger] Settings evaluated using settings file 'C:\Users\gathi\AndroidStudioProjects\ComposeDemo\settings.gradle'.
2021-06-06T09:17:05.758-0500 [DEBUG] [org.gradle.caching.configuration.internal.DefaultBuildCacheConfiguration] Found class org.gradle.caching.local.internal.DirectoryBuildCacheServiceFactory registered for class org.gradle.caching.local.DirectoryBuildCache
2021-06-06T09:17:05.765-0500 [DEBUG] [org.gradle.internal.operations.DefaultBuildOperationRunner] Build operation 'Finalize build cache configuration' started
2021-06-06T09:17:05.767-0500 [DEBUG] [org.gradle.internal.operations.DefaultBuildOperationRunner] Completing Build operation 'Finalize build cache configuration'
2021-06-06T09:17:05.767-0500 [DEBUG] [org.gradle.internal.operations.DefaultBuildOperationRunner] Build operation 'Finalize build cache configuration' completed
2021-06-06T09:17:05.768-0500 [DEBUG] [org.gradle.internal.operations.DefaultBuildOperationRunner] Completing Build operation 'Evaluate settings'
2021-06-06T09:17:05.769-0500 [DEBUG] [org.gradle.internal.operations.DefaultBuildOperationRunner] Build operation 'Evaluate settings' completed
2021-06-06T09:17:05.774-0500 [DEBUG] [org.gradle.internal.operations.DefaultBuildOperationRunner] Completing Build operation 'Load build'
2021-06-06T09:17:05.775-0500 [DEBUG] [org.gradle.internal.operations.DefaultBuildOperationRunner] Build operation 'Load build' completed
2021-06-06T09:17:05.776-0500 [DEBUG] [org.gradle.internal.operations.DefaultBuildOperationRunner] Build operation 'Configure build' started
2021-06-06T09:17:05.778-0500 [DEBUG] [org.gradle.internal.operations.DefaultBuildOperationRunner] Build operation 'Load projects' started
2021-06-06T09:17:05.900-0500 [DEBUG] [org.gradle.initialization.ProjectPropertySettingBuildLoader] Looking for project properties from: C:\Users\gathi\AndroidStudioProjects\ComposeDemo\gradle.properties
2021-06-06T09:17:05.902-0500 [DEBUG] [org.gradle.initialization.ProjectPropertySettingBuildLoader] Adding project properties (if not overwritten by user properties): [kotlin.code.style, org.gradle.jvmargs, android.useAndroidX, android.enableJetifier]
2021-06-06T09:17:05.906-0500 [DEBUG] [org.gradle.initialization.ProjectPropertySettingBuildLoader] Looking for project properties from: C:\Users\gathi\AndroidStudioProjects\ComposeDemo\app\gradle.properties
2021-06-06T09:17:05.906-0500 [DEBUG] [org.gradle.initialization.ProjectPropertySettingBuildLoader] project property file does not exists. We continue!
2021-06-06T09:17:05.913-0500 [DEBUG] [org.gradle.internal.operations.DefaultBuildOperationRunner] Completing Build operation 'Load projects'
2021-06-06T09:17:05.913-0500 [DEBUG] [org.gradle.internal.operations.DefaultBuildOperationRunner] Build operation 'Load projects' completed
2021-06-06T09:17:05.915-0500 [DEBUG] [org.gradle.internal.operations.DefaultBuildOperationRunner] Build operation 'Notify projectsLoaded listeners' started
2021-06-06T09:17:05.915-0500 [INFO] [org.gradle.internal.buildevents.BuildLogger] Projects loaded. Root project using build file 'C:\Users\gathi\AndroidStudioProjects\ComposeDemo\build.gradle'.
2021-06-06T09:17:05.916-0500 [INFO] [org.gradle.internal.buildevents.BuildLogger] Included projects: [root project 'Compose Demo', project ':app']
2021-06-06T09:17:05.917-0500 [DEBUG] [org.gradle.internal.operations.DefaultBuildOperationRunner] Completing Build operation 'Notify projectsLoaded listeners'
2021-06-06T09:17:05.917-0500 [DEBUG] [org.gradle.internal.operations.DefaultBuildOperationRunner] Build operation 'Notify projectsLoaded listeners' completed
2021-06-06T09:17:05.918-0500 [DEBUG] [org.gradle.initialization.buildsrc.BuildSourceBuilder] Gradle source dir does not exist. We leave.
2021-06-06T09:17:05.928-0500 [DEBUG] [org.gradle.internal.operations.DefaultBuildOperationRunner] Build operation 'Configure project :' started
2021-06-06T09:17:05.932-0500 [DEBUG] [org.gradle.internal.operations.DefaultBuildOperationRunner] Build operation 'Notify beforeEvaluate listeners of :' started
2021-06-06T09:17:05.947-0500 [DEBUG] [org.gradle.internal.operations.DefaultBuildOperationRunner] Completing Build operation 'Notify beforeEvaluate listeners of :'
2021-06-06T09:17:06.010-0500 [DEBUG] [org.gradle.internal.operations.DefaultBuildOperationRunner] Build operation 'Apply plugin org.gradle.help-tasks to root project 'Compose Demo'' started
2021-06-06T09:17:06.041-0500 [DEBUG] [org.gradle.internal.operations.DefaultBuildOperationRunner] Build operation 'Register task :help' started
2021-06-06T09:17:06.060-0500 [DEBUG] [org.gradle.internal.operations.DefaultBuildOperationRunner] Completing Build operation 'Register task :help'
2021-06-06T09:17:06.064-0500 [DEBUG] [org.gradle.internal.operations.DefaultBuildOperationRunner] Build operation 'Register task :projects' started
2021-06-06T09:17:06.064-0500 [DEBUG] [org.gradle.internal.operations.DefaultBuildOperationRunner] Completing Build operation 'Register task :projects'
2021-06-06T09:17:06.066-0500 [DEBUG] [org.gradle.internal.operations.DefaultBuildOperationRunner] Build operation 'Register task :tasks' started
2021-06-06T09:17:06.066-0500 [DEBUG] [org.gradle.internal.operations.DefaultBuildOperationRunner] Completing Build operation 'Register task :tasks'
2021-06-06T09:17:06.068-0500 [DEBUG] [org.gradle.internal.operations.DefaultBuildOperationRunner] Build operation 'Register task :properties' started
2021-06-06T09:17:06.068-0500 [DEBUG] [org.gradle.internal.operations.DefaultBuildOperationRunner] Completing Build operation 'Register task :properties'
2021-06-06T09:17:06.088-0500 [DEBUG] [org.gradle.internal.operations.DefaultBuildOperationRunner] Build operation 'Register task :dependencyInsight' started
2021-06-06T09:17:06.090-0500 [DEBUG] [org.gradle.internal.operations.DefaultBuildOperationRunner] Completing Build operation 'Register task :dependencyInsight'
2021-06-06T09:17:06.092-0500 [DEBUG] [org.gradle.internal.operations.DefaultBuildOperationRunner] Build operation 'Register task :dependencies' started
2021-06-06T09:17:06.093-0500 [DEBUG] [org.gradle.internal.operations.DefaultBuildOperationRunner] Completing Build operation 'Register task :dependencies'
2021-06-06T09:17:06.095-0500 [DEBUG] [org.gradle.internal.operations.DefaultBuildOperationRunner] Build operation 'Register task :buildEnvironment' started
2021-06-06T09:17:06.096-0500 [DEBUG] [org.gradle.internal.operations.DefaultBuildOperationRunner] Completing Build operation 'Register task :buildEnvironment'
2021-06-06T09:17:06.097-0500 [DEBUG] [org.gradle.internal.operations.DefaultBuildOperationRunner] Build operation 'Register task :components' started
2021-06-06T09:17:06.098-0500 [DEBUG] [org.gradle.internal.operations.DefaultBuildOperationRunner] Completing Build operation 'Register task :components'
2021-06-06T09:17:06.099-0500 [DEBUG] [org.gradle.internal.operations.DefaultBuildOperationRunner] Build operation 'Register task :model' started
2021-06-06T09:17:06.100-0500 [DEBUG] [org.gradle.internal.operations.DefaultBuildOperationRunner] Completing Build operation 'Register task :model'
2021-06-06T09:17:06.101-0500 [DEBUG] [org.gradle.internal.operations.DefaultBuildOperationRunner] Build operation 'Register task :dependentComponents' started
2021-06-06T09:17:06.102-0500 [DEBUG] [org.gradle.internal.operations.DefaultBuildOperationRunner] Completing Build operation 'Register task :dependentComponents'
2021-06-06T09:17:06.103-0500 [DEBUG] [org.gradle.internal.operations.DefaultBuildOperationRunner] Build operation 'Register task :outgoingVariants' started
2021-06-06T09:17:06.103-0500 [DEBUG] [org.gradle.internal.operations.DefaultBuildOperationRunner] Completing Build operation 'Register task :outgoingVariants'
2021-06-06T09:17:06.103-0500 [DEBUG] [org.gradle.internal.operations.DefaultBuildOperationRunner] Completing Build operation 'Apply plugin org.gradle.help-tasks to root project 'Compose Demo''
2021-06-06T09:17:06.105-0500 [DEBUG] [org.gradle.internal.operations.DefaultBuildOperationRunner] Build operation 'Register task :javaToolchains' started
2021-06-06T09:17:06.106-0500 [DEBUG] [org.gradle.internal.operations.DefaultBuildOperationRunner] Completing Build operation 'Register task :javaToolchains'
2021-06-06T09:17:06.179-0500 [DEBUG] [org.gradle.internal.operations.DefaultBuildOperationRunner] Build operation 'Register task :prepareKotlinBuildScriptModel' started
2021-06-06T09:17:06.180-0500 [DEBUG] [org.gradle.internal.operations.DefaultBuildOperationRunner] Completing Build operation 'Register task :prepareKotlinBuildScriptModel'
2021-06-06T09:17:06.183-0500 [DEBUG] [org.gradle.internal.operations.DefaultBuildOperationRunner] Build operation 'Apply plugin org.gradle.build-init to root project 'Compose Demo'' started
2021-06-06T09:17:06.190-0500 [DEBUG] [org.gradle.internal.operations.DefaultBuildOperationRunner] Build operation 'Register task :init' started
2021-06-06T09:17:06.191-0500 [DEBUG] [org.gradle.internal.operations.DefaultBuildOperationRunner] Completing Build operation 'Register task :init'
2021-06-06T09:17:06.191-0500 [DEBUG] [org.gradle.internal.operations.DefaultBuildOperationRunner] Completing Build operation 'Apply plugin org.gradle.build-init to root project 'Compose Demo''
2021-06-06T09:17:06.194-0500 [DEBUG] [org.gradle.internal.operations.DefaultBuildOperationRunner] Build operation 'Apply plugin org.gradle.wrapper to root project 'Compose Demo'' started
2021-06-06T09:17:06.196-0500 [DEBUG] [org.gradle.internal.operations.DefaultBuildOperationRunner] Build operation 'Register task :wrapper' started
2021-06-06T09:17:06.197-0500 [DEBUG] [org.gradle.internal.operations.DefaultBuildOperationRunner] Completing Build operation 'Register task :wrapper'
2021-06-06T09:17:06.197-0500 [DEBUG] [org.gradle.internal.operations.DefaultBuildOperationRunner] Completing Build operation 'Apply plugin org.gradle.wrapper to root project 'Compose Demo''
2021-06-06T09:17:06.208-0500 [DEBUG] [org.gradle.internal.operations.DefaultBuildOperationRunner] Build operation 'Apply build file 'build.gradle' to root project 'Compose Demo'' started
2021-06-06T09:17:06.218-0500 [DEBUG] [org.gradle.internal.operations.DefaultBuildOperationRunner] Build operation 'Compile build file 'build.gradle' (CLASSPATH)' started
2021-06-06T09:17:06.264-0500 [DEBUG] [org.gradle.internal.operations.DefaultBuildOperationRunner] Completing Build operation 'Compile build file 'build.gradle' (CLASSPATH)'
2021-06-06T09:17:06.487-0500 [DEBUG] [org.gradle.internal.operations.DefaultBuildOperationRunner] Build operation 'Resolve dependencies of :classpath' started
2021-06-06T09:17:06.824-0500 [DEBUG] [org.gradle.internal.work.DefaultWorkerLeaseService] Worker lease root.1.2.4 started (2 worker(s) in use).
2021-06-06T09:17:06.824-0500 [DEBUG] [org.gradle.internal.resources.AbstractTrackedResourceLock] Build operations: acquired lock on root.1.2.4
2021-06-06T09:17:06.825-0500 [DEBUG] [org.gradle.internal.operations.DefaultBuildOperationRunner] Build operation 'Resolve com.android.tools.build:gradle:4.2.1' started
2021-06-06T09:17:06.825-0500 [DEBUG] [org.gradle.internal.operations.DefaultBuildOperationRunner] Build operation 'Resolve org.jetbrains.kotlin:kotlin-gradle-plugin:1.4.32' started
2021-06-06T09:17:06.865-0500 [DEBUG] [org.gradle.internal.operations.DefaultBuildOperationRunner] Build operation 'Download https://dl.google.com/dl/android/maven2/com/android/tools/build/gradle/4.2.1/gradle-4.2.1.pom' started
2021-06-06T09:17:06.865-0500 [DEBUG] [org.gradle.internal.operations.DefaultBuildOperationRunner] Build operation 'Download https://dl.google.com/dl/android/maven2/org/jetbrains/kotlin/kotlin-gradle-plugin/1.4.32/kotlin-gradle-plugin-1.4.32.pom' started
2021-06-06T09:17:07.710-0500 [DEBUG] [org.gradle.internal.operations.DefaultBuildOperationRunner] Completing Build operation 'Download https://dl.google.com/dl/android/maven2/org/jetbrains/kotlin/kotlin-gradle-plugin/1.4.32/kotlin-gradle-plugin-1.4.32.pom'
2021-06-06T09:17:07.715-0500 [DEBUG] [org.gradle.internal.operations.DefaultBuildOperationRunner] Build operation 'Download https://repo.maven.apache.org/maven2/org/jetbrains/kotlin/kotlin-gradle-plugin/1.4.32/kotlin-gradle-plugin-1.4.32.pom' started
2021-06-06T09:17:07.723-0500 [DEBUG] [org.gradle.internal.operations.DefaultBuildOperationRunner] Completing Build operation 'Download https://dl.google.com/dl/android/maven2/com/android/tools/build/gradle/4.2.1/gradle-4.2.1.pom'
2021-06-06T09:17:07.724-0500 [DEBUG] [org.gradle.cache.internal.btree.BTreePersistentIndexedCache] Opening cache sha1-checksums.bin (C:\Users\gathi\AndroidStudioProjects\ComposeDemo\.gradle\checksums\sha1-checksums.bin)
2021-06-06T09:17:07.843-0500 [DEBUG] [org.gradle.cache.internal.btree.BTreePersistentIndexedCache] Opening cache md5-checksums.bin (C:\Users\gathi\AndroidStudioProjects\ComposeDemo\.gradle\checksums\md5-checksums.bin)
2021-06-06T09:17:07.853-0500 [DEBUG] [org.gradle.internal.operations.DefaultBuildOperationRunner] Build operation 'Download https://dl.google.com/dl/android/maven2/com/android/tools/build/gradle/4.2.1/gradle-4.2.1.module' started
2021-06-06T09:17:07.889-0500 [DEBUG] [org.gradle.internal.operations.DefaultBuildOperationRunner] Completing Build operation 'Download https://repo.maven.apache.org/maven2/org/jetbrains/kotlin/kotlin-gradle-plugin/1.4.32/kotlin-gradle-plugin-1.4.32.pom'
2021-06-06T09:17:07.905-0500 [DEBUG] [org.gradle.internal.operations.DefaultBuildOperationRunner] Completing Build operation 'Download https://dl.google.com/dl/android/maven2/com/android/tools/build/gradle/4.2.1/gradle-4.2.1.module'
2021-06-06T09:17:07.945-0500 [DEBUG] [org.gradle.internal.operations.DefaultBuildOperationRunner] Completing Build operation 'Resolve org.jetbrains.kotlin:kotlin-gradle-plugin:1.4.32'
2021-06-06T09:17:07.945-0500 [DEBUG] [org.gradle.internal.operations.DefaultBuildOperationRunner] Build operation 'Resolve org.jetbrains.kotlin:kotlin-gradle-plugin:1.4.32' completed
2021-06-06T09:17:07.945-0500 [DEBUG] [org.gradle.internal.work.DefaultWorkerLeaseService] Worker lease root.1.2.4 completed (1 worker(s) in use)
2021-06-06T09:17:07.945-0500 [DEBUG] [org.gradle.internal.resources.AbstractTrackedResourceLock] Build operations: released lock on root.1.2.4
2021-06-06T09:17:07.947-0500 [DEBUG] [org.gradle.internal.operations.DefaultBuildOperationRunner] Completing Build operation 'Resolve com.android.tools.build:gradle:4.2.1'
2021-06-06T09:17:05.928-0500 [LIFECYCLE] [org.gradle.internal.logging.progress.ProgressLoggerFactory] 
2021-06-06T09:17:05.928-0500 [LIFECYCLE] [org.gradle.internal.logging.progress.ProgressLoggerFactory] > Configure project :
2021-06-06T09:17:05.930-0500 [DEBUG] [org.gradle.internal.resources.AbstractTrackedResourceLock] Daemon worker: acquired lock on :
2021-06-06T09:17:05.947-0500 [DEBUG] [org.gradle.internal.operations.DefaultBuildOperationRunner] Build operation 'Notify beforeEvaluate listeners of :' completed
2021-06-06T09:17:06.027-0500 [DEBUG] [org.gradle.model.internal.registry.DefaultModelRegistry] Project : - Transitioning model element '<root>' from state Registered to Created
2021-06-06T09:17:06.038-0500 [DEBUG] [org.gradle.model.internal.registry.DefaultModelRegistry] Project : - Transitioning model element '<root>' to state Discovered.
2021-06-06T09:17:06.040-0500 [DEBUG] [org.gradle.model.internal.registry.DefaultModelRegistry] Project : - Transitioning model element '<root>' to state Created.
2021-06-06T09:17:06.061-0500 [DEBUG] [org.gradle.internal.operations.DefaultBuildOperationRunner] Build operation 'Register task :help' completed
2021-06-06T09:17:06.064-0500 [DEBUG] [org.gradle.internal.operations.DefaultBuildOperationRunner] Build operation 'Register task :projects' completed
2021-06-06T09:17:06.067-0500 [DEBUG] [org.gradle.internal.operations.DefaultBuildOperationRunner] Build operation 'Register task :tasks' completed
2021-06-06T09:17:06.068-0500 [DEBUG] [org.gradle.internal.operations.DefaultBuildOperationRunner] Build operation 'Register task :properties' completed
2021-06-06T09:17:06.090-0500 [DEBUG] [org.gradle.internal.operations.DefaultBuildOperationRunner] Build operation 'Register task :dependencyInsight' completed
2021-06-06T09:17:06.094-0500 [DEBUG] [org.gradle.internal.operations.DefaultBuildOperationRunner] Build operation 'Register task :dependencies' completed
2021-06-06T09:17:06.096-0500 [DEBUG] [org.gradle.internal.operations.DefaultBuildOperationRunner] Build operation 'Register task :buildEnvironment' completed
2021-06-06T09:17:06.098-0500 [DEBUG] [org.gradle.internal.operations.DefaultBuildOperationRunner] Build operation 'Register task :components' completed
2021-06-06T09:17:06.100-0500 [DEBUG] [org.gradle.internal.operations.DefaultBuildOperationRunner] Build operation 'Register task :model' completed
2021-06-06T09:17:06.102-0500 [DEBUG] [org.gradle.internal.operations.DefaultBuildOperationRunner] Build operation 'Register task :dependentComponents' completed
2021-06-06T09:17:06.103-0500 [DEBUG] [org.gradle.internal.operations.DefaultBuildOperationRunner] Build operation 'Register task :outgoingVariants' completed
2021-06-06T09:17:06.104-0500 [DEBUG] [org.gradle.internal.operations.DefaultBuildOperationRunner] Build operation 'Apply plugin org.gradle.help-tasks to root project 'Compose Demo'' completed
2021-06-06T09:17:06.106-0500 [DEBUG] [org.gradle.internal.operations.DefaultBuildOperationRunner] Build operation 'Register task :javaToolchains' completed
2021-06-06T09:17:06.180-0500 [DEBUG] [org.gradle.internal.operations.DefaultBuildOperationRunner] Build operation 'Register task :prepareKotlinBuildScriptModel' completed
2021-06-06T09:17:06.191-0500 [DEBUG] [org.gradle.internal.operations.DefaultBuildOperationRunner] Build operation 'Register task :init' completed
2021-06-06T09:17:06.191-0500 [DEBUG] [org.gradle.internal.operations.DefaultBuildOperationRunner] Build operation 'Apply plugin org.gradle.build-init to root project 'Compose Demo'' completed
2021-06-06T09:17:06.197-0500 [DEBUG] [org.gradle.internal.operations.DefaultBuildOperationRunner] Build operation 'Register task :wrapper' completed
2021-06-06T09:17:06.197-0500 [DEBUG] [org.gradle.internal.operations.DefaultBuildOperationRunner] Build operation 'Apply plugin org.gradle.wrapper to root project 'Compose Demo'' completed
2021-06-06T09:17:06.198-0500 [INFO] [org.gradle.configuration.project.BuildScriptProcessor] Evaluating root project 'Compose Demo' using build file 'C:\Users\gathi\AndroidStudioProjects\ComposeDemo\build.gradle'.
2021-06-06T09:17:06.205-0500 [DEBUG] [org.gradle.internal.locking.LockFileReaderWriter] Lockfiles root: C:\Users\gathi\AndroidStudioProjects\ComposeDemo\gradle\dependency-locks
2021-06-06T09:17:06.215-0500 [DEBUG] [org.gradle.cache.internal.DefaultFileLockManager] Waiting to acquire shared lock on cp_proj generic class cache for build file 'C:\Users\gathi\AndroidStudioProjects\ComposeDemo\build.gradle' (C:\Users\gathi\.gradle\caches\6.8.3\scripts\bzbzplaqfyzdug908a7d3h5g5).
2021-06-06T09:17:06.215-0500 [DEBUG] [org.gradle.cache.internal.DefaultFileLockManager] Lock acquired on cp_proj generic class cache for build file 'C:\Users\gathi\AndroidStudioProjects\ComposeDemo\build.gradle' (C:\Users\gathi\.gradle\caches\6.8.3\scripts\bzbzplaqfyzdug908a7d3h5g5).
2021-06-06T09:17:06.215-0500 [DEBUG] [org.gradle.cache.internal.DefaultFileLockManager] Releasing lock on cp_proj generic class cache for build file 'C:\Users\gathi\AndroidStudioProjects\ComposeDemo\build.gradle' (C:\Users\gathi\.gradle\caches\6.8.3\scripts\bzbzplaqfyzdug908a7d3h5g5).
2021-06-06T09:17:06.217-0500 [DEBUG] [org.gradle.cache.internal.DefaultFileLockManager] Waiting to acquire exclusive lock on cp_proj generic class cache for build file 'C:\Users\gathi\AndroidStudioProjects\ComposeDemo\build.gradle' (C:\Users\gathi\.gradle\caches\6.8.3\scripts\bzbzplaqfyzdug908a7d3h5g5).
2021-06-06T09:17:06.217-0500 [DEBUG] [org.gradle.cache.internal.DefaultFileLockManager] Lock acquired on cp_proj generic class cache for build file 'C:\Users\gathi\AndroidStudioProjects\ComposeDemo\build.gradle' (C:\Users\gathi\.gradle\caches\6.8.3\scripts\bzbzplaqfyzdug908a7d3h5g5).
2021-06-06T09:17:06.219-0500 [INFO] [org.gradle.groovy.scripts.internal.DefaultScriptCompilationHandler] Compiling build file 'C:\Users\gathi\AndroidStudioProjects\ComposeDemo\build.gradle' using SubsetScriptTransformer.
2021-06-06T09:17:06.264-0500 [DEBUG] [org.gradle.groovy.scripts.internal.DefaultScriptCompilationHandler] Timing: Writing script to cache at C:\Users\gathi\.gradle\caches\6.8.3\scripts\bzbzplaqfyzdug908a7d3h5g5\cp_proj took: 0.045 secs
2021-06-06T09:17:06.265-0500 [DEBUG] [org.gradle.internal.operations.DefaultBuildOperationRunner] Build operation 'Compile build file 'build.gradle' (CLASSPATH)' completed
2021-06-06T09:17:06.266-0500 [DEBUG] [org.gradle.cache.internal.DefaultFileLockManager] Releasing lock on cp_proj generic class cache for build file 'C:\Users\gathi\AndroidStudioProjects\ComposeDemo\build.gradle' (C:\Users\gathi\.gradle\caches\6.8.3\scripts\bzbzplaqfyzdug908a7d3h5g5).
2021-06-06T09:17:06.268-0500 [DEBUG] [org.gradle.cache.internal.DefaultFileLockManager] Waiting to acquire shared lock on cp_proj generic class cache for build file 'C:\Users\gathi\AndroidStudioProjects\ComposeDemo\build.gradle' (C:\Users\gathi\.gradle\caches\6.8.3\scripts\bzbzplaqfyzdug908a7d3h5g5).
2021-06-06T09:17:06.269-0500 [DEBUG] [org.gradle.cache.internal.DefaultFileLockManager] Lock acquired on cp_proj generic class cache for build file 'C:\Users\gathi\AndroidStudioProjects\ComposeDemo\build.gradle' (C:\Users\gathi\.gradle\caches\6.8.3\scripts\bzbzplaqfyzdug908a7d3h5g5).
2021-06-06T09:17:06.301-0500 [DEBUG] [org.gradle.cache.internal.DefaultFileLockManager] Releasing lock on cp_proj generic class cache for build file 'C:\Users\gathi\AndroidStudioProjects\ComposeDemo\build.gradle' (C:\Users\gathi\.gradle\caches\6.8.3\scripts\bzbzplaqfyzdug908a7d3h5g5).
2021-06-06T09:17:06.554-0500 [DEBUG] [org.gradle.api.internal.artifacts.ivyservice.resolveengine.DefaultArtifactDependencyResolver] Resolving configuration ':classpath'
2021-06-06T09:17:06.631-0500 [DEBUG] [org.gradle.api.internal.artifacts.ivyservice.modulecache.ResolvedArtifactCaches] Creating new in-memory cache for repo 'Google' [11cd36a7dcab7d14d0c14c5e6c7582e3].
2021-06-06T09:17:06.641-0500 [DEBUG] [org.gradle.api.internal.artifacts.ivyservice.modulecache.ResolvedArtifactCaches] Creating new in-memory cache for repo 'MavenRepo' [a8be1fe3b3911d3d3425fe720cf42835].
2021-06-06T09:17:06.684-0500 [DEBUG] [org.gradle.cache.internal.DefaultCacheAccess] Creating new cache for outputFiles, path C:\Users\gathi\AndroidStudioProjects\ComposeDemo\.gradle\buildOutputCleanup\outputFiles.bin, access org.gradle.cache.internal.DefaultCacheAccess@7db8e387
2021-06-06T09:17:06.685-0500 [DEBUG] [org.gradle.cache.internal.DefaultInMemoryCacheDecoratorFactory] Creating in-memory store for cache C:\Users\gathi\AndroidStudioProjects\ComposeDemo\.gradle\buildOutputCleanup\outputFiles.bin (max size: 249700)
2021-06-06T09:17:06.685-0500 [DEBUG] [org.gradle.cache.internal.LockOnDemandCrossProcessCacheAccess] Acquiring file lock for Build Output Cleanup Cache (C:\Users\gathi\AndroidStudioProjects\ComposeDemo\.gradle\buildOutputCleanup)
2021-06-06T09:17:06.687-0500 [DEBUG] [org.gradle.cache.internal.DefaultFileLockManager] Waiting to acquire exclusive lock on Build Output Cleanup Cache (C:\Users\gathi\AndroidStudioProjects\ComposeDemo\.gradle\buildOutputCleanup).
2021-06-06T09:17:06.687-0500 [DEBUG] [org.gradle.cache.internal.DefaultFileLockManager] Lock acquired on Build Output Cleanup Cache (C:\Users\gathi\AndroidStudioProjects\ComposeDemo\.gradle\buildOutputCleanup).
2021-06-06T09:17:06.734-0500 [DEBUG] [org.gradle.internal.locking.LockFileReaderWriter] Lockfiles root: C:\Users\gathi\AndroidStudioProjects\ComposeDemo\gradle\dependency-locks
2021-06-06T09:17:06.780-0500 [DEBUG] [org.gradle.api.internal.artifacts.ivyservice.resolveengine.graph.builder.DependencyGraphBuilder] Visiting configuration :Compose Demo:unspecified(classpath).
2021-06-06T09:17:06.809-0500 [DEBUG] [org.gradle.cache.internal.DefaultCacheAccess] Creating new cache for metadata-2.97/module-metadata, path C:\Users\gathi\.gradle\caches\modules-2\metadata-2.97\module-metadata.bin, access org.gradle.cache.internal.DefaultCacheAccess@1ea72fc3
2021-06-06T09:17:06.812-0500 [DEBUG] [org.gradle.cache.internal.LockOnDemandCrossProcessCacheAccess] Acquiring file lock for artifact cache (C:\Users\gathi\.gradle\caches\modules-2)
2021-06-06T09:17:06.813-0500 [DEBUG] [org.gradle.cache.internal.DefaultFileLockManager] Waiting to acquire exclusive lock on artifact cache (C:\Users\gathi\.gradle\caches\modules-2).
2021-06-06T09:17:06.814-0500 [DEBUG] [org.gradle.cache.internal.DefaultFileLockManager] Lock acquired on artifact cache (C:\Users\gathi\.gradle\caches\modules-2).
2021-06-06T09:17:06.815-0500 [DEBUG] [org.gradle.cache.internal.btree.BTreePersistentIndexedCache] Opening cache module-metadata.bin (C:\Users\gathi\.gradle\caches\modules-2\metadata-2.97\module-metadata.bin)
2021-06-06T09:17:06.819-0500 [DEBUG] [org.gradle.api.internal.artifacts.ivyservice.resolveengine.graph.builder.DependencyGraphBuilder] Submitting 2 metadata files to resolve in parallel for :Compose Demo:unspecified(classpath)
2021-06-06T09:17:06.824-0500 [DEBUG] [org.gradle.internal.work.DefaultWorkerLeaseService] Worker lease root.1.2.3 started (1 worker(s) in use).
2021-06-06T09:17:06.824-0500 [DEBUG] [org.gradle.internal.resources.AbstractTrackedResourceLock] Daemon worker: acquired lock on root.1.2.3
2021-06-06T09:17:06.825-0500 [DEBUG] [org.gradle.api.internal.artifacts.ivyservice.ivyresolve.RepositoryChainComponentMetaDataResolver] Attempting to resolve component for com.android.tools.build:gradle:4.2.1 using repositories [Google, MavenRepo]
2021-06-06T09:17:06.825-0500 [DEBUG] [org.gradle.api.internal.artifacts.ivyservice.ivyresolve.RepositoryChainComponentMetaDataResolver] Attempting to resolve component for org.jetbrains.kotlin:kotlin-gradle-plugin:1.4.32 using repositories [Google, MavenRepo]
2021-06-06T09:17:06.839-0500 [DEBUG] [org.gradle.api.internal.artifacts.repositories.resolver.DefaultExternalResourceArtifactResolver] Loading https://dl.google.com/dl/android/maven2/com/android/tools/build/gradle/4.2.1/gradle-4.2.1.pom
2021-06-06T09:17:06.839-0500 [DEBUG] [org.gradle.api.internal.artifacts.repositories.resolver.DefaultExternalResourceArtifactResolver] Loading https://dl.google.com/dl/android/maven2/org/jetbrains/kotlin/kotlin-gradle-plugin/1.4.32/kotlin-gradle-plugin-1.4.32.pom
2021-06-06T09:17:06.843-0500 [DEBUG] [org.gradle.internal.resource.transfer.DefaultCacheAwareExternalResourceAccessor] Constructing external resource: https://dl.google.com/dl/android/maven2/com/android/tools/build/gradle/4.2.1/gradle-4.2.1.pom
2021-06-06T09:17:06.843-0500 [DEBUG] [org.gradle.internal.resource.transfer.DefaultCacheAwareExternalResourceAccessor] Constructing external resource: https://dl.google.com/dl/android/maven2/org/jetbrains/kotlin/kotlin-gradle-plugin/1.4.32/kotlin-gradle-plugin-1.4.32.pom
2021-06-06T09:17:06.844-0500 [DEBUG] [org.gradle.cache.internal.DefaultCacheAccess] Creating new cache for metadata-2.97/resource-at-url, path C:\Users\gathi\.gradle\caches\modules-2\metadata-2.97\resource-at-url.bin, access org.gradle.cache.internal.DefaultCacheAccess@1ea72fc3
2021-06-06T09:17:06.844-0500 [DEBUG] [org.gradle.cache.internal.btree.BTreePersistentIndexedCache] Opening cache resource-at-url.bin (C:\Users\gathi\.gradle\caches\modules-2\metadata-2.97\resource-at-url.bin)
2021-06-06T09:17:06.865-0500 [DEBUG] [org.gradle.internal.resource.transport.http.HttpResourceAccessor] Constructing external resource: https://dl.google.com/dl/android/maven2/com/android/tools/build/gradle/4.2.1/gradle-4.2.1.pom
2021-06-06T09:17:06.865-0500 [DEBUG] [org.gradle.internal.resource.transport.http.HttpResourceAccessor] Constructing external resource: https://dl.google.com/dl/android/maven2/org/jetbrains/kotlin/kotlin-gradle-plugin/1.4.32/kotlin-gradle-plugin-1.4.32.pom
2021-06-06T09:17:06.883-0500 [DEBUG] [org.gradle.internal.resource.transport.http.HttpClientHelper] Performing HTTP GET: https://dl.google.com/dl/android/maven2/org/jetbrains/kotlin/kotlin-gradle-plugin/1.4.32/kotlin-gradle-plugin-1.4.32.pom
2021-06-06T09:17:06.883-0500 [DEBUG] [org.gradle.internal.resource.transport.http.HttpClientHelper] Performing HTTP GET: https://dl.google.com/dl/android/maven2/com/android/tools/build/gradle/4.2.1/gradle-4.2.1.pom
2021-06-06T09:17:07.072-0500 [DEBUG] [jdk.event.security] X509Certificate: Alg:SHA256withRSA, Serial:570a119742c4e3cc, Subject:CN=Actalis Authentication Root CA, O=Actalis S.p.A./03358520967, L=Milan, C=IT, Issuer:CN=Actalis Authentication Root CA, O=Actalis S.p.A./03358520967, L=Milan, C=IT, Key type:RSA, Length:4096, Cert Id:1729119956, Valid from:9/22/11, 6:22 AM, Valid until:9/22/30, 6:22 AM
2021-06-06T09:17:07.075-0500 [DEBUG] [jdk.event.security] X509Certificate: Alg:SHA1withRSA, Serial:1, Subject:CN=AddTrust External CA Root, OU=AddTrust External TTP Network, O=AddTrust AB, C=SE, Issuer:CN=AddTrust External CA Root, OU=AddTrust External TTP Network, O=AddTrust AB, C=SE, Key type:RSA, Length:2048, Cert Id:-326352672, Valid from:5/30/00, 5:48 AM, Valid until:5/30/20, 5:48 AM
2021-06-06T09:17:07.077-0500 [DEBUG] [jdk.event.security] X509Certificate: Alg:SHA1withRSA, Serial:1, Subject:CN=AddTrust Qualified CA Root, OU=AddTrust TTP Network, O=AddTrust AB, C=SE, Issuer:CN=AddTrust Qualified CA Root, OU=AddTrust TTP Network, O=AddTrust AB, C=SE, Key type:RSA, Length:2048, Cert Id:607365522, Valid from:5/30/00, 5:44 AM, Valid until:5/30/20, 5:44 AM
2021-06-06T09:17:07.079-0500 [DEBUG] [jdk.event.security] X509Certificate: Alg:SHA256withRSA, Serial:7777062726a9b17c, Subject:CN=AffirmTrust Commercial, O=AffirmTrust, C=US, Issuer:CN=AffirmTrust Commercial, O=AffirmTrust, C=US, Key type:RSA, Length:2048, Cert Id:630485644, Valid from:1/29/10, 8:06 AM, Valid until:12/31/30, 8:06 AM
2021-06-06T09:17:07.081-0500 [DEBUG] [jdk.event.security] X509Certificate: Alg:SHA1withRSA, Serial:7c4f04391cd4992d, Subject:CN=AffirmTrust Networking, O=AffirmTrust, C=US, Issuer:CN=AffirmTrust Networking, O=AffirmTrust, C=US, Key type:RSA, Length:2048, Cert Id:651670175, Valid from:1/29/10, 8:08 AM, Valid until:12/31/30, 8:08 AM
2021-06-06T09:17:07.084-0500 [DEBUG] [jdk.event.security] X509Certificate: Alg:SHA384withRSA, Serial:6d8c1446b1a60aee, Subject:CN=AffirmTrust Premium, O=AffirmTrust, C=US, Issuer:CN=AffirmTrust Premium, O=AffirmTrust, C=US, Key type:RSA, Length:4096, Cert Id:-2130283955, Valid from:1/29/10, 8:10 AM, Valid until:12/31/40, 8:10 AM
2021-06-06T09:17:07.087-0500 [DEBUG] [jdk.event.security] X509Certificate: Alg:SHA384withECDSA, Serial:7497258ac73f7a54, Subject:CN=AffirmTrust Premium ECC, O=AffirmTrust, C=US, Issuer:CN=AffirmTrust Premium ECC, O=AffirmTrust, C=US, Key type:EC, Length:384, Cert Id:-2080363786, Valid from:1/29/10, 8:20 AM, Valid until:12/31/40, 8:20 AM
2021-06-06T09:17:07.089-0500 [DEBUG] [jdk.event.security] X509Certificate: Alg:SHA256withRSA, Serial:66c9fcf99bf8c0a39e2f0788a43e696365bca, Subject:CN=Amazon Root CA 1, O=Amazon, C=US, Issuer:CN=Amazon Root CA 1, O=Amazon, C=US, Key type:RSA, Length:2048, Cert Id:-1472444962, Valid from:5/25/15, 7:00 PM, Valid until:1/16/38, 6:00 PM
2021-06-06T09:17:07.091-0500 [DEBUG] [jdk.event.security] X509Certificate: Alg:SHA384withRSA, Serial:66c9fd29635869f0a0fe58678f85b26bb8a37, Subject:CN=Amazon Root CA 2, O=Amazon, C=US, Issuer:CN=Amazon Root CA 2, O=Amazon, C=US, Key type:RSA, Length:4096, Cert Id:-1766132388, Valid from:5/25/15, 7:00 PM, Valid until:5/25/40, 7:00 PM
2021-06-06T09:17:07.093-0500 [DEBUG] [jdk.event.security] X509Certificate: Alg:SHA256withECDSA, Serial:66c9fd5749736663f3b0b9ad9e89e7603f24a, Subject:CN=Amazon Root CA 3, O=Amazon, C=US, Issuer:CN=Amazon Root CA 3, O=Amazon, C=US, Key type:EC, Length:256, Cert Id:-1562287523, Valid from:5/25/15, 7:00 PM, Valid until:5/25/40, 7:00 PM
2021-06-06T09:17:07.094-0500 [DEBUG] [jdk.event.security] X509Certificate: Alg:SHA384withECDSA, Serial:66c9fd7c1bb104c2943e5717b7b2cc81ac10e, Subject:CN=Amazon Root CA 4, O=Amazon, C=US, Issuer:CN=Amazon Root CA 4, O=Amazon, C=US, Key type:EC, Length:384, Cert Id:-1654272513, Valid from:5/25/15, 7:00 PM, Valid until:5/25/40, 7:00 PM
2021-06-06T09:17:07.095-0500 [DEBUG] [jdk.event.security] X509Certificate: Alg:SHA1withRSA, Serial:20000b9, Subject:CN=Baltimore CyberTrust Root, OU=CyberTrust, O=Baltimore, C=IE, Issuer:CN=Baltimore CyberTrust Root, OU=CyberTrust, O=Baltimore, C=IE, Key type:RSA, Length:2048, Cert Id:1425294543, Valid from:5/12/00, 1:46 PM, Valid until:5/12/25, 6:59 PM
2021-06-06T09:17:07.096-0500 [DEBUG] [jdk.event.security] X509Certificate: Alg:SHA256withRSA, Serial:2, Subject:CN=Buypass Class 2 Root CA, O=Buypass AS-983163327, C=NO, Issuer:CN=Buypass Class 2 Root CA, O=Buypass AS-983163327, C=NO, Key type:RSA, Length:4096, Cert Id:969960563, Valid from:10/26/10, 3:38 AM, Valid until:10/26/40, 3:38 AM
2021-06-06T09:17:07.098-0500 [DEBUG] [jdk.event.security] X509Certificate: Alg:SHA256withRSA, Serial:2, Subject:CN=Buypass Class 3 Root CA, O=Buypass AS-983163327, C=NO, Issuer:CN=Buypass Class 3 Root CA, O=Buypass AS-983163327, C=NO, Key type:RSA, Length:4096, Cert Id:1264269967, Valid from:10/26/10, 3:28 AM, Valid until:10/26/40, 3:28 AM
2021-06-06T09:17:07.101-0500 [DEBUG] [jdk.event.security] X509Certificate: Alg:SHA1withRSA, Serial:a3da427ea4b1aeda, Subject:CN=Chambers of Commerce Root - 2008, O=AC Camerfirma S.A., SERIALNUMBER=A82743287, L=Madrid (see current address at www.camerfirma.com/address), C=EU, Issuer:CN=Chambers of Commerce Root - 2008, O=AC Camerfirma S.A., SERIALNUMBER=A82743287, L=Madrid (see current address at www.camerfirma.com/address), C=EU, Key type:RSA, Length:4096, Cert Id:-28263924, Valid from:8/1/08, 7:29 AM, Valid until:7/31/38, 7:29 AM
2021-06-06T09:17:07.109-0500 [DEBUG] [jdk.event.security] X509Certificate: Alg:SHA1withRSA, Serial:0, Subject:CN=Chambers of Commerce Root, OU=http://www.chambersign.org, O=AC Camerfirma SA CIF A82743287, C=EU, Issuer:CN=Chambers of Commerce Root, OU=http://www.chambersign.org, O=AC Camerfirma SA CIF A82743287, C=EU, Key type:RSA, Length:2048, Cert Id:1827306452, Valid from:9/30/03, 11:13 AM, Valid until:9/30/37, 11:13 AM
2021-06-06T09:17:07.111-0500 [DEBUG] [jdk.event.security] X509Certificate: Alg:SHA1withRSA, Serial:c9cdd3e9d57d23ce, Subject:CN=Global Chambersign Root - 2008, O=AC Camerfirma S.A., SERIALNUMBER=A82743287, L=Madrid (see current address at www.camerfirma.com/address), C=EU, Issuer:CN=Global Chambersign Root - 2008, O=AC Camerfirma S.A., SERIALNUMBER=A82743287, L=Madrid (see current address at www.camerfirma.com/address), C=EU, Key type:RSA, Length:4096, Cert Id:1271252776, Valid from:8/1/08, 7:31 AM, Valid until:7/31/38, 7:31 AM
2021-06-06T09:17:07.113-0500 [DEBUG] [jdk.event.security] X509Certificate: Alg:SHA1withRSA, Serial:10020, Subject:CN=Certum CA, O=Unizeto Sp. z o.o., C=PL, Issuer:CN=Certum CA, O=Unizeto Sp. z o.o., C=PL, Key type:RSA, Length:2048, Cert Id:-744451266, Valid from:6/11/02, 5:46 AM, Valid until:6/11/27, 5:46 AM
2021-06-06T09:17:07.115-0500 [DEBUG] [jdk.event.security] X509Certificate: Alg:SHA1withRSA, Serial:444c0, Subject:CN=Certum Trusted Network CA, OU=Certum Certification Authority, O=Unizeto Technologies S.A., C=PL, Issuer:CN=Certum Trusted Network CA, OU=Certum Certification Authority, O=Unizeto Technologies S.A., C=PL, Key type:RSA, Length:2048, Cert Id:2014002193, Valid from:10/22/08, 7:07 AM, Valid until:12/31/29, 6:07 AM
2021-06-06T09:17:07.117-0500 [DEBUG] [jdk.event.security] X509Certificate: Alg:SHA1withRSA, Serial:15c8bd65475cafb897005ee406d2bc9d, Subject:OU=ePKI Root Certification Authority, O="Chunghwa Telecom Co., Ltd.", C=TW, Issuer:OU=ePKI Root Certification Authority, O="Chunghwa Telecom Co., Ltd.", C=TW, Key type:RSA, Length:4096, Cert Id:-662636137, Valid from:12/19/04, 8:31 PM, Valid until:12/19/34, 8:31 PM
2021-06-06T09:17:07.118-0500 [DEBUG] [jdk.event.security] X509Certificate: Alg:SHA1withRSA, Serial:1, Subject:CN=AAA Certificate Services, O=Comodo CA Limited, L=Salford, ST=Greater Manchester, C=GB, Issuer:CN=AAA Certificate Services, O=Comodo CA Limited, L=Salford, ST=Greater Manchester, C=GB, Key type:RSA, Length:2048, Cert Id:-1197580894, Valid from:12/31/03, 6:00 PM, Valid until:12/31/28, 5:59 PM
2021-06-06T09:17:07.120-0500 [DEBUG] [jdk.event.security] X509Certificate: Alg:SHA384withECDSA, Serial:1f47afaa62007050544c019e9b63992a, Subject:CN=COMODO ECC Certification Authority, O=COMODO CA Limited, L=Salford, ST=Greater Manchester, C=GB, Issuer:CN=COMODO ECC Certification Authority, O=COMODO CA Limited, L=Salford, ST=Greater Manchester, C=GB, Key type:EC, Length:384, Cert Id:1146488932, Valid from:3/5/08, 6:00 PM, Valid until:1/18/38, 5:59 PM
2021-06-06T09:17:07.122-0500 [DEBUG] [jdk.event.security] X509Certificate: Alg:SHA384withRSA, Serial:4caaf9cadb636fe01ff74ed85b03869d, Subject:CN=COMODO RSA Certification Authority, O=COMODO CA Limited, L=Salford, ST=Greater Manchester, C=GB, Issuer:CN=COMODO RSA Certification Authority, O=COMODO CA Limited, L=Salford, ST=Greater Manchester, C=GB, Key type:RSA, Length:4096, Cert Id:1769425049, Valid from:1/18/10, 6:00 PM, Valid until:1/18/38, 5:59 PM
2021-06-06T09:17:07.123-0500 [DEBUG] [jdk.event.security] X509Certificate: Alg:SHA256withRSA, Serial:b931c3ad63967ea6723bfc3af9af44b, Subject:CN=DigiCert Assured ID Root G2, OU=www.digicert.com, O=DigiCert Inc, C=US, Issuer:CN=DigiCert Assured ID Root G2, OU=www.digicert.com, O=DigiCert Inc, C=US, Key type:RSA, Length:2048, Cert Id:-385398383, Valid from:8/1/13, 7:00 AM, Valid until:1/15/38, 6:00 AM
2021-06-06T09:17:07.124-0500 [DEBUG] [jdk.event.security] X509Certificate: Alg:SHA384withECDSA, Serial:ba15afa1ddfa0b54944afcd24a06cec, Subject:CN=DigiCert Assured ID Root G3, OU=www.digicert.com, O=DigiCert Inc, C=US, Issuer:CN=DigiCert Assured ID Root G3, OU=www.digicert.com, O=DigiCert Inc, C=US, Key type:EC, Length:384, Cert Id:-645537245, Valid from:8/1/13, 7:00 AM, Valid until:1/15/38, 6:00 AM
2021-06-06T09:17:07.125-0500 [DEBUG] [jdk.event.security] X509Certificate: Alg:SHA1withRSA, Serial:ce7e0e517d846fe8fe560fc1bf03039, Subject:CN=DigiCert Assured ID Root CA, OU=www.digicert.com, O=DigiCert Inc, C=US, Issuer:CN=DigiCert Assured ID Root CA, OU=www.digicert.com, O=DigiCert Inc, C=US, Key type:RSA, Length:2048, Cert Id:-860404528, Valid from:11/9/06, 6:00 PM, Valid until:11/9/31, 6:00 PM
2021-06-06T09:17:07.126-0500 [DEBUG] [jdk.event.security] X509Certificate: Alg:SHA1withRSA, Serial:83be056904246b1a1756ac95991c74a, Subject:CN=DigiCert Global Root CA, OU=www.digicert.com, O=DigiCert Inc, C=US, Issuer:CN=DigiCert Global Root CA, OU=www.digicert.com, O=DigiCert Inc, C=US, Key type:RSA, Length:2048, Cert Id:1341898239, Valid from:11/9/06, 6:00 PM, Valid until:11/9/31, 6:00 PM
2021-06-06T09:17:07.127-0500 [DEBUG] [jdk.event.security] X509Certificate: Alg:SHA256withRSA, Serial:33af1e6a711a9a0bb2864b11d09fae5, Subject:CN=DigiCert Global Root G2, OU=www.digicert.com, O=DigiCert Inc, C=US, Issuer:CN=DigiCert Global Root G2, OU=www.digicert.com, O=DigiCert Inc, C=US, Key type:RSA, Length:2048, Cert Id:1136084297, Valid from:8/1/13, 7:00 AM, Valid until:1/15/38, 6:00 AM
2021-06-06T09:17:07.129-0500 [DEBUG] [jdk.event.security] X509Certificate: Alg:SHA384withECDSA, Serial:55556bcf25ea43535c3a40fd5ab4572, Subject:CN=DigiCert Global Root G3, OU=www.digicert.com, O=DigiCert Inc, C=US, Issuer:CN=DigiCert Global Root G3, OU=www.digicert.com, O=DigiCert Inc, C=US, Key type:EC, Length:384, Cert Id:-795968543, Valid from:8/1/13, 7:00 AM, Valid until:1/15/38, 6:00 AM
2021-06-06T09:17:07.130-0500 [DEBUG] [jdk.event.security] X509Certificate: Alg:SHA1withRSA, Serial:2ac5c266a0b409b8f0b79f2ae462577, Subject:CN=DigiCert High Assurance EV Root CA, OU=www.digicert.com, O=DigiCert Inc, C=US, Issuer:CN=DigiCert High Assurance EV Root CA, OU=www.digicert.com, O=DigiCert Inc, C=US, Key type:RSA, Length:2048, Cert Id:-1410680354, Valid from:11/9/06, 6:00 PM, Valid until:11/9/31, 6:00 PM
2021-06-06T09:17:07.132-0500 [DEBUG] [jdk.event.security] X509Certificate: Alg:SHA384withRSA, Serial:59b1b579e8e2132e23907bda777755c, Subject:CN=DigiCert Trusted Root G4, OU=www.digicert.com, O=DigiCert Inc, C=US, Issuer:CN=DigiCert Trusted Root G4, OU=www.digicert.com, O=DigiCert Inc, C=US, Key type:RSA, Length:4096, Cert Id:1057369358, Valid from:8/1/13, 7:00 AM, Valid until:1/15/38, 6:00 AM
2021-06-06T09:17:07.134-0500 [DEBUG] [jdk.event.security] X509Certificate: Alg:SHA256withRSA, Serial:983f3, Subject:CN=D-TRUST Root Class 3 CA 2 2009, O=D-Trust GmbH, C=DE, Issuer:CN=D-TRUST Root Class 3 CA 2 2009, O=D-Trust GmbH, C=DE, Key type:RSA, Length:2048, Cert Id:1430153102, Valid from:11/5/09, 2:35 AM, Valid until:11/5/29, 2:35 AM
2021-06-06T09:17:07.136-0500 [DEBUG] [jdk.event.security] X509Certificate: Alg:SHA256withRSA, Serial:983f4, Subject:CN=D-TRUST Root Class 3 CA 2 EV 2009, O=D-Trust GmbH, C=DE, Issuer:CN=D-TRUST Root Class 3 CA 2 EV 2009, O=D-Trust GmbH, C=DE, Key type:RSA, Length:2048, Cert Id:971313728, Valid from:11/5/09, 2:50 AM, Valid until:11/5/29, 2:50 AM
2021-06-06T09:17:07.138-0500 [DEBUG] [jdk.event.security] X509Certificate: Alg:SHA1withRSA, Serial:3863def8, Subject:CN=Entrust.net Certification Authority (2048), OU=(c) 1999 Entrust.net Limited, OU=www.entrust.net/CPS_2048 incorp. by ref. (limits liab.), O=Entrust.net, Issuer:CN=Entrust.net Certification Authority (2048), OU=(c) 1999 Entrust.net Limited, OU=www.entrust.net/CPS_2048 incorp. by ref. (limits liab.), O=Entrust.net, Key type:RSA, Length:2048, Cert Id:-328536082, Valid from:12/24/99, 11:50 AM, Valid until:7/24/29, 9:15 AM
2021-06-06T09:17:07.140-0500 [DEBUG] [jdk.event.security] X509Certificate: Alg:SHA1withRSA, Serial:456b5054, Subject:CN=Entrust Root Certification Authority, OU="(c) 2006 Entrust, Inc.", OU=www.entrust.net/CPS is incorporated by reference, O="Entrust, Inc.", C=US, Issuer:CN=Entrust Root Certification Authority, OU="(c) 2006 Entrust, Inc.", OU=www.entrust.net/CPS is incorporated by reference, O="Entrust, Inc.", C=US, Key type:RSA, Length:2048, Cert Id:-1261404096, Valid from:11/27/06, 2:23 PM, Valid until:11/27/26, 2:53 PM
2021-06-06T09:17:07.142-0500 [DEBUG] [jdk.event.security] X509Certificate: Alg:SHA384withECDSA, Serial:a68b79290000000050d091f9, Subject:CN=Entrust Root Certification Authority - EC1, OU="(c) 2012 Entrust, Inc. - for authorized use only", OU=See www.entrust.net/legal-terms, O="Entrust, Inc.", C=US, Issuer:CN=Entrust Root Certification Authority - EC1, OU="(c) 2012 Entrust, Inc. - for authorized use only", OU=See www.entrust.net/legal-terms, O="Entrust, Inc.", C=US, Key type:EC, Length:384, Cert Id:924514073, Valid from:12/18/12, 9:25 AM, Valid until:12/18/37, 9:55 AM
2021-06-06T09:17:07.143-0500 [DEBUG] [jdk.event.security] X509Certificate: Alg:SHA256withRSA, Serial:4a538c28, Subject:CN=Entrust Root Certification Authority - G2, OU="(c) 2009 Entrust, Inc. - for authorized use only", OU=See www.entrust.net/legal-terms, O="Entrust, Inc.", C=US, Issuer:CN=Entrust Root Certification Authority - G2, OU="(c) 2009 Entrust, Inc. - for authorized use only", OU=See www.entrust.net/legal-terms, O="Entrust, Inc.", C=US, Key type:RSA, Length:2048, Cert Id:1936920337, Valid from:7/7/09, 12:25 PM, Valid until:12/7/30, 11:55 AM
2021-06-06T09:17:07.145-0500 [DEBUG] [jdk.event.security] X509Certificate: Alg:SHA1withRSA, Serial:23456, Subject:CN=GeoTrust Global CA, O=GeoTrust Inc., C=US, Issuer:CN=GeoTrust Global CA, O=GeoTrust Inc., C=US, Key type:RSA, Length:2048, Cert Id:-2028617374, Valid from:5/20/02, 11:00 PM, Valid until:5/20/22, 11:00 PM
2021-06-06T09:17:07.146-0500 [DEBUG] [jdk.event.security] X509Certificate: Alg:SHA1withRSA, Serial:18acb56afd69b6153a636cafdafac4a1, Subject:CN=GeoTrust Primary Certification Authority, O=GeoTrust Inc., C=US, Issuer:CN=GeoTrust Primary Certification Authority, O=GeoTrust Inc., C=US, Key type:RSA, Length:2048, Cert Id:-965345157, Valid from:11/26/06, 6:00 PM, Valid until:7/16/36, 6:59 PM
2021-06-06T09:17:07.148-0500 [DEBUG] [jdk.event.security] X509Certificate: Alg:SHA384withECDSA, Serial:3cb2f4480a00e2feeb243b5e603ec36b, Subject:CN=GeoTrust Primary Certification Authority - G2, OU=(c) 2007 GeoTrust Inc. - For authorized use only, O=GeoTrust Inc., C=US, Issuer:CN=GeoTrust Primary Certification Authority - G2, OU=(c) 2007 GeoTrust Inc. - For authorized use only, O=GeoTrust Inc., C=US, Key type:EC, Length:384, Cert Id:-1114303822, Valid from:11/4/07, 6:00 PM, Valid until:1/18/38, 5:59 PM
2021-06-06T09:17:07.149-0500 [DEBUG] [jdk.event.security] X509Certificate: Alg:SHA256withRSA, Serial:15ac6e9419b2794b41f627a9c3180f1f, Subject:CN=GeoTrust Primary Certification Authority - G3, OU=(c) 2008 GeoTrust Inc. - For authorized use only, O=GeoTrust Inc., C=US, Issuer:CN=GeoTrust Primary Certification Authority - G3, OU=(c) 2008 GeoTrust Inc. - For authorized use only, O=GeoTrust Inc., C=US, Key type:RSA, Length:2048, Cert Id:-1330153758, Valid from:4/1/08, 7:00 PM, Valid until:12/1/37, 5:59 PM
2021-06-06T09:17:07.150-0500 [DEBUG] [jdk.event.security] X509Certificate: Alg:SHA1withRSA, Serial:1, Subject:CN=GeoTrust Universal CA, O=GeoTrust Inc., C=US, Issuer:CN=GeoTrust Universal CA, O=GeoTrust Inc., C=US, Key type:RSA, Length:4096, Cert Id:313566089, Valid from:3/3/04, 11:00 PM, Valid until:3/3/29, 11:00 PM
2021-06-06T09:17:07.151-0500 [DEBUG] [jdk.event.security] X509Certificate: Alg:SHA1withRSA, Serial:40000000001154b5ac394, Subject:CN=GlobalSign Root CA, OU=Root CA, O=GlobalSign nv-sa, C=BE, Issuer:CN=GlobalSign Root CA, OU=Root CA, O=GlobalSign nv-sa, C=BE, Key type:RSA, Length:2048, Cert Id:536948034, Valid from:9/1/98, 7:00 AM, Valid until:1/28/28, 6:00 AM
2021-06-06T09:17:07.153-0500 [DEBUG] [jdk.event.security] X509Certificate: Alg:SHA256withECDSA, Serial:2a38a41c960a04de42b228a50be8349802, Subject:CN=GlobalSign, O=GlobalSign, OU=GlobalSign ECC Root CA - R4, Issuer:CN=GlobalSign, O=GlobalSign, OU=GlobalSign ECC Root CA - R4, Key type:EC, Length:256, Cert Id:-1923273545, Valid from:11/12/12, 6:00 PM, Valid until:1/18/38, 9:14 PM
2021-06-06T09:17:07.153-0500 [DEBUG] [jdk.event.security] X509Certificate: Alg:SHA384withECDSA, Serial:605949e0262ebb55f90a778a71f94ad86c, Subject:CN=GlobalSign, O=GlobalSign, OU=GlobalSign ECC Root CA - R5, Issuer:CN=GlobalSign, O=GlobalSign, OU=GlobalSign ECC Root CA - R5, Key type:EC, Length:384, Cert Id:1997048439, Valid from:11/12/12, 6:00 PM, Valid until:1/18/38, 9:14 PM
2021-06-06T09:17:07.155-0500 [DEBUG] [jdk.event.security] X509Certificate: Alg:SHA1withRSA, Serial:400000000010f8626e60d, Subject:CN=GlobalSign, O=GlobalSign, OU=GlobalSign Root CA - R2, Issuer:CN=GlobalSign, O=GlobalSign, OU=GlobalSign Root CA - R2, Key type:RSA, Length:2048, Cert Id:7087067, Valid from:12/15/06, 2:00 AM, Valid until:12/15/21, 2:00 AM
2021-06-06T09:17:07.156-0500 [DEBUG] [jdk.event.security] X509Certificate: Alg:SHA256withRSA, Serial:4000000000121585308a2, Subject:CN=GlobalSign, O=GlobalSign, OU=GlobalSign Root CA - R3, Issuer:CN=GlobalSign, O=GlobalSign, OU=GlobalSign Root CA - R3, Key type:RSA, Length:2048, Cert Id:733875591, Valid from:3/18/09, 5:00 AM, Valid until:3/18/29, 5:00 AM
2021-06-06T09:17:07.158-0500 [DEBUG] [jdk.event.security] X509Certificate: Alg:SHA384withRSA, Serial:45e6bb038333c3856548e6ff4551, Subject:CN=GlobalSign, O=GlobalSign, OU=GlobalSign Root CA - R6, Issuer:CN=GlobalSign, O=GlobalSign, OU=GlobalSign Root CA - R6, Key type:RSA, Length:4096, Cert Id:-506627753, Valid from:12/9/14, 6:00 PM, Valid until:12/9/34, 6:00 PM
2021-06-06T09:17:07.158-0500 [DEBUG] [jdk.event.security] X509Certificate: Alg:SHA1withRSA, Serial:0, Subject:OU=Go Daddy Class 2 Certification Authority, O="The Go Daddy Group, Inc.", C=US, Issuer:OU=Go Daddy Class 2 Certification Authority, O="The Go Daddy Group, Inc.", C=US, Key type:RSA, Length:2048, Cert Id:-271444299, Valid from:6/29/04, 12:06 PM, Valid until:6/29/34, 12:06 PM
2021-06-06T09:17:07.159-0500 [DEBUG] [jdk.event.security] X509Certificate: Alg:SHA256withRSA, Serial:0, Subject:CN=Go Daddy Root Certificate Authority - G2, O="GoDaddy.com, Inc.", L=Scottsdale, ST=Arizona, C=US, Issuer:CN=Go Daddy Root Certificate Authority - G2, O="GoDaddy.com, Inc.", L=Scottsdale, ST=Arizona, C=US, Key type:RSA, Length:2048, Cert Id:439600313, Valid from:8/31/09, 7:00 PM, Valid until:12/31/37, 5:59 PM
2021-06-06T09:17:07.160-0500 [DEBUG] [jdk.event.security] X509Certificate: Alg:SHA256withRSA, Serial:a0142800000014523c844b500000002, Subject:CN=IdenTrust Commercial Root CA 1, O=IdenTrust, C=US, Issuer:CN=IdenTrust Commercial Root CA 1, O=IdenTrust, C=US, Key type:RSA, Length:4096, Cert Id:1232565210, Valid from:1/16/14, 12:12 PM, Valid until:1/16/34, 12:12 PM
2021-06-06T09:17:07.161-0500 [DEBUG] [jdk.event.security] X509Certificate: Alg:SHA1withRSA, Serial:44afb080d6a327ba893039862ef8406b, Subject:CN=DST Root CA X3, O=Digital Signature Trust Co., Issuer:CN=DST Root CA X3, O=Digital Signature Trust Co., Key type:RSA, Length:2048, Cert Id:1007302312, Valid from:9/30/00, 4:12 PM, Valid until:9/30/21, 9:01 AM
2021-06-06T09:17:07.162-0500 [DEBUG] [jdk.event.security] X509Certificate: Alg:SHA256withRSA, Serial:a0142800000014523cf467c00000002, Subject:CN=IdenTrust Public Sector Root CA 1, O=IdenTrust, C=US, Issuer:CN=IdenTrust Public Sector Root CA 1, O=IdenTrust, C=US, Key type:RSA, Length:4096, Cert Id:2123370772, Valid from:1/16/14, 11:53 AM, Valid until:1/16/34, 11:53 AM
2021-06-06T09:17:07.163-0500 [DEBUG] [jdk.event.security] X509Certificate: Alg:SHA256withRSA, Serial:8210cfb0d240e3594463e0bb63828b00, Subject:CN=ISRG Root X1, O=Internet Security Research Group, C=US, Issuer:CN=ISRG Root X1, O=Internet Security Research Group, C=US, Key type:RSA, Length:4096, Cert Id:1521974916, Valid from:6/4/15, 6:04 AM, Valid until:6/4/35, 6:04 AM
2021-06-06T09:17:07.165-0500 [DEBUG] [jdk.event.security] X509Certificate: Alg:SHA256withRSA, Serial:a7ea6df4b449eda6a24859ee6b815d3167fbbb1, Subject:CN=LuxTrust Global Root 2, O=LuxTrust S.A., C=LU, Issuer:CN=LuxTrust Global Root 2, O=LuxTrust S.A., C=LU, Key type:RSA, Length:4096, Cert Id:-1239330694, Valid from:3/5/15, 7:21 AM, Valid until:3/5/35, 7:21 AM
2021-06-06T09:17:07.166-0500 [DEBUG] [jdk.event.security] X509Certificate: Alg:SHA256withRSA, Serial:bb8, Subject:CN=LuxTrust Global Root, O=LuxTrust s.a., C=LU, Issuer:CN=LuxTrust Global Root, O=LuxTrust s.a., C=LU, Key type:RSA, Length:2048, Cert Id:1714819687, Valid from:3/17/11, 4:51 AM, Valid until:3/17/21, 4:51 AM
2021-06-06T09:17:07.168-0500 [DEBUG] [jdk.event.security] X509Certificate: Alg:SHA1withRSA, Serial:3ab6508b, Subject:CN=QuoVadis Root Certification Authority, OU=Root Certification Authority, O=QuoVadis Limited, C=BM, Issuer:CN=QuoVadis Root Certification Authority, OU=Root Certification Authority, O=QuoVadis Limited, C=BM, Key type:RSA, Length:2048, Cert Id:-1882405602, Valid from:3/19/01, 12:33 PM, Valid until:3/17/21, 1:33 PM
2021-06-06T09:17:07.169-0500 [DEBUG] [jdk.event.security] X509Certificate: Alg:SHA256withRSA, Serial:78585f2ead2c194be3370735341328b596d46593, Subject:CN=QuoVadis Root CA 1 G3, O=QuoVadis Limited, C=BM, Issuer:CN=QuoVadis Root CA 1 G3, O=QuoVadis Limited, C=BM, Key type:RSA, Length:4096, Cert Id:-762436034, Valid from:1/12/12, 11:27 AM, Valid until:1/12/42, 11:27 AM
2021-06-06T09:17:07.171-0500 [DEBUG] [jdk.event.security] X509Certificate: Alg:SHA1withRSA, Serial:509, Subject:CN=QuoVadis Root CA 2, O=QuoVadis Limited, C=BM, Issuer:CN=QuoVadis Root CA 2, O=QuoVadis Limited, C=BM, Key type:RSA, Length:4096, Cert Id:338250116, Valid from:11/24/06, 12:27 PM, Valid until:11/24/31, 12:23 PM
2021-06-06T09:17:07.172-0500 [DEBUG] [jdk.event.security] X509Certificate: Alg:SHA256withRSA, Serial:445734245b81899b35f2ceb82b3b5ba726f07528, Subject:CN=QuoVadis Root CA 2 G3, O=QuoVadis Limited, C=BM, Issuer:CN=QuoVadis Root CA 2 G3, O=QuoVadis Limited, C=BM, Key type:RSA, Length:4096, Cert Id:696763521, Valid from:1/12/12, 12:59 PM, Valid until:1/12/42, 12:59 PM
2021-06-06T09:17:07.174-0500 [DEBUG] [jdk.event.security] X509Certificate: Alg:SHA1withRSA, Serial:5c6, Subject:CN=QuoVadis Root CA 3, O=QuoVadis Limited, C=BM, Issuer:CN=QuoVadis Root CA 3, O=QuoVadis Limited, C=BM, Key type:RSA, Length:4096, Cert Id:1470392860, Valid from:11/24/06, 1:11 PM, Valid until:11/24/31, 1:06 PM
2021-06-06T09:17:07.175-0500 [DEBUG] [jdk.event.security] X509Certificate: Alg:SHA256withRSA, Serial:2ef59b0228a7db7affd5a3a9eebd03a0cf126a1d, Subject:CN=QuoVadis Root CA 3 G3, O=QuoVadis Limited, C=BM, Issuer:CN=QuoVadis Root CA 3 G3, O=QuoVadis Limited, C=BM, Key type:RSA, Length:4096, Cert Id:-705622991, Valid from:1/12/12, 2:26 PM, Valid until:1/12/42, 2:26 PM
2021-06-06T09:17:07.176-0500 [DEBUG] [jdk.event.security] X509Certificate: Alg:SHA1withRSA, Serial:0, Subject:OU=Security Communication RootCA1, O=SECOM Trust.net, C=JP, Issuer:OU=Security Communication RootCA1, O=SECOM Trust.net, C=JP, Key type:RSA, Length:2048, Cert Id:1802358121, Valid from:9/29/03, 11:20 PM, Valid until:9/29/23, 11:20 PM
2021-06-06T09:17:07.177-0500 [DEBUG] [jdk.event.security] X509Certificate: Alg:SHA256withRSA, Serial:0, Subject:OU=Security Communication RootCA2, O="SECOM Trust Systems CO.,LTD.", C=JP, Issuer:OU=Security Communication RootCA2, O="SECOM Trust Systems CO.,LTD.", C=JP, Key type:RSA, Length:2048, Cert Id:1521072570, Valid from:5/29/09, 12:00 AM, Valid until:5/29/29, 12:00 AM
2021-06-06T09:17:07.179-0500 [DEBUG] [jdk.event.security] X509Certificate: Alg:SHA1withRSA, Serial:cf08e5c0816a5ad427ff0eb271859d0, Subject:CN=SecureTrust CA, O=SecureTrust Corporation, C=US, Issuer:CN=SecureTrust CA, O=SecureTrust Corporation, C=US, Key type:RSA, Length:2048, Cert Id:2034155325, Valid from:11/7/06, 1:31 PM, Valid until:12/31/29, 1:40 PM
2021-06-06T09:17:07.180-0500 [DEBUG] [jdk.event.security] X509Certificate: Alg:SHA1withRSA, Serial:1d, Subject:CN=Sonera Class2 CA, O=Sonera, C=FI, Issuer:CN=Sonera Class2 CA, O=Sonera, C=FI, Key type:RSA, Length:2048, Cert Id:-572101437, Valid from:4/6/01, 2:29 AM, Valid until:4/6/21, 2:29 AM
2021-06-06T09:17:07.181-0500 [DEBUG] [jdk.event.security] X509Certificate: Alg:SHA1withRSA, Serial:0, Subject:OU=Starfield Class 2 Certification Authority, O="Starfield Technologies, Inc.", C=US, Issuer:OU=Starfield Class 2 Certification Authority, O="Starfield Technologies, Inc.", C=US, Key type:RSA, Length:2048, Cert Id:1825617644, Valid from:6/29/04, 12:39 PM, Valid until:6/29/34, 12:39 PM
2021-06-06T09:17:07.182-0500 [DEBUG] [jdk.event.security] X509Certificate: Alg:SHA256withRSA, Serial:0, Subject:CN=Starfield Root Certificate Authority - G2, O="Starfield Technologies, Inc.", L=Scottsdale, ST=Arizona, C=US, Issuer:CN=Starfield Root Certificate Authority - G2, O="Starfield Technologies, Inc.", L=Scottsdale, ST=Arizona, C=US, Key type:RSA, Length:2048, Cert Id:-1026641587, Valid from:8/31/09, 7:00 PM, Valid until:12/31/37, 5:59 PM
2021-06-06T09:17:07.184-0500 [DEBUG] [jdk.event.security] X509Certificate: Alg:SHA256withRSA, Serial:0, Subject:CN=Starfield Services Root Certificate Authority - G2, O="Starfield Technologies, Inc.", L=Scottsdale, ST=Arizona, C=US, Issuer:CN=Starfield Services Root Certificate Authority - G2, O="Starfield Technologies, Inc.", L=Scottsdale, ST=Arizona, C=US, Key type:RSA, Length:2048, Cert Id:1964785574, Valid from:8/31/09, 7:00 PM, Valid until:12/31/37, 5:59 PM
2021-06-06T09:17:07.185-0500 [DEBUG] [jdk.event.security] X509Certificate: Alg:SHA1withRSA, Serial:bb401c43f55e4fb0, Subject:CN=SwissSign Gold CA - G2, O=SwissSign AG, C=CH, Issuer:CN=SwissSign Gold CA - G2, O=SwissSign AG, C=CH, Key type:RSA, Length:4096, Cert Id:1516221943, Valid from:10/25/06, 3:30 AM, Valid until:10/25/36, 3:30 AM
2021-06-06T09:17:07.186-0500 [DEBUG] [jdk.event.security] X509Certificate: Alg:SHA1withRSA, Serial:4eb200670c035d4f, Subject:CN=SwissSign Platinum CA - G2, O=SwissSign AG, C=CH, Issuer:CN=SwissSign Platinum CA - G2, O=SwissSign AG, C=CH, Key type:RSA, Length:4096, Cert Id:771312514, Valid from:10/25/06, 3:36 AM, Valid until:10/25/36, 3:36 AM
2021-06-06T09:17:07.188-0500 [DEBUG] [jdk.event.security] X509Certificate: Alg:SHA1withRSA, Serial:4f1bd42f54bb2f4b, Subject:CN=SwissSign Silver CA - G2, O=SwissSign AG, C=CH, Issuer:CN=SwissSign Silver CA - G2, O=SwissSign AG, C=CH, Key type:RSA, Length:4096, Cert Id:126726124, Valid from:10/25/06, 3:32 AM, Valid until:10/25/36, 3:32 AM
2021-06-06T09:17:07.189-0500 [DEBUG] [jdk.event.security] X509Certificate: Alg:SHA1withRSA, Serial:95be16a0f72e46f17b398272fa8bcd96, Subject:CN=TeliaSonera Root CA v1, O=TeliaSonera, Issuer:CN=TeliaSonera Root CA v1, O=TeliaSonera, Key type:RSA, Length:4096, Cert Id:1495358374, Valid from:10/18/07, 7:00 AM, Valid until:10/18/32, 7:00 AM
2021-06-06T09:17:07.190-0500 [DEBUG] [jdk.event.security] X509Certificate: Alg:SHA1withRSA, Serial:36122296c5e338a520a1d25f4cd70954, Subject:EMAILADDRESS=premium-server@thawte.com, CN=Thawte Premium Server CA, OU=Certification Services Division, O=Thawte Consulting cc, L=Cape Town, ST=Western Cape, C=ZA, Issuer:EMAILADDRESS=premium-server@thawte.com, CN=Thawte Premium Server CA, OU=Certification Services Division, O=Thawte Consulting cc, L=Cape Town, ST=Western Cape, C=ZA, Key type:RSA, Length:1024, Cert Id:857909202, Valid from:7/31/96, 7:00 PM, Valid until:1/1/21, 5:59 PM
2021-06-06T09:17:07.191-0500 [DEBUG] [jdk.event.security] X509Certificate: Alg:SHA1withRSA, Serial:344ed55720d5edec49f42fce37db2b6d, Subject:CN=thawte Primary Root CA, OU="(c) 2006 thawte, Inc. - For authorized use only", OU=Certification Services Division, O="thawte, Inc.", C=US, Issuer:CN=thawte Primary Root CA, OU="(c) 2006 thawte, Inc. - For authorized use only", OU=Certification Services Division, O="thawte, Inc.", C=US, Key type:RSA, Length:2048, Cert Id:643000026, Valid from:11/16/06, 6:00 PM, Valid until:7/16/36, 6:59 PM
2021-06-06T09:17:07.192-0500 [DEBUG] [jdk.event.security] X509Certificate: Alg:SHA384withECDSA, Serial:35fc265cd9844fc93d263d579baed756, Subject:CN=thawte Primary Root CA - G2, OU="(c) 2007 thawte, Inc. - For authorized use only", O="thawte, Inc.", C=US, Issuer:CN=thawte Primary Root CA - G2, OU="(c) 2007 thawte, Inc. - For authorized use only", O="thawte, Inc.", C=US, Key type:EC, Length:384, Cert Id:2068083090, Valid from:11/4/07, 6:00 PM, Valid until:1/18/38, 5:59 PM
2021-06-06T09:17:07.193-0500 [DEBUG] [jdk.event.security] X509Certificate: Alg:SHA256withRSA, Serial:600197b746a7eab4b49ad64b2ff790fb, Subject:CN=thawte Primary Root CA - G3, OU="(c) 2008 thawte, Inc. - For authorized use only", OU=Certification Services Division, O="thawte, Inc.", C=US, Issuer:CN=thawte Primary Root CA - G3, OU="(c) 2008 thawte, Inc. - For authorized use only", OU=Certification Services Division, O="thawte, Inc.", C=US, Key type:RSA, Length:2048, Cert Id:1032730720, Valid from:4/1/08, 7:00 PM, Valid until:12/1/37, 5:59 PM
2021-06-06T09:17:07.194-0500 [DEBUG] [jdk.event.security] X509Certificate: Alg:SHA256withRSA, Serial:1, Subject:CN=T-TeleSec GlobalRoot Class 2, OU=T-Systems Trust Center, O=T-Systems Enterprise Services GmbH, C=DE, Issuer:CN=T-TeleSec GlobalRoot Class 2, OU=T-Systems Trust Center, O=T-Systems Enterprise Services GmbH, C=DE, Key type:RSA, Length:2048, Cert Id:-1238464039, Valid from:10/1/08, 5:40 AM, Valid until:10/1/33, 6:59 PM
2021-06-06T09:17:07.195-0500 [DEBUG] [jdk.event.security] X509Certificate: Alg:SHA256withRSA, Serial:1, Subject:CN=T-TeleSec GlobalRoot Class 3, OU=T-Systems Trust Center, O=T-Systems Enterprise Services GmbH, C=DE, Issuer:CN=T-TeleSec GlobalRoot Class 3, OU=T-Systems Trust Center, O=T-Systems Enterprise Services GmbH, C=DE, Key type:RSA, Length:2048, Cert Id:1894096264, Valid from:10/1/08, 5:29 AM, Valid until:10/1/33, 6:59 PM
2021-06-06T09:17:07.195-0500 [DEBUG] [jdk.event.security] X509Certificate: Alg:SHA384withECDSA, Serial:5c8b99c55a94c5d27156decd8980cc26, Subject:CN=USERTrust ECC Certification Authority, O=The USERTRUST Network, L=Jersey City, ST=New Jersey, C=US, Issuer:CN=USERTrust ECC Certification Authority, O=The USERTRUST Network, L=Jersey City, ST=New Jersey, C=US, Key type:EC, Length:384, Cert Id:-965679910, Valid from:1/31/10, 6:00 PM, Valid until:1/18/38, 5:59 PM
2021-06-06T09:17:07.196-0500 [DEBUG] [jdk.event.security] X509Certificate: Alg:SHA384withRSA, Serial:1fd6d30fca3ca51a81bbc640e35032d, Subject:CN=USERTrust RSA Certification Authority, O=The USERTRUST Network, L=Jersey City, ST=New Jersey, C=US, Issuer:CN=USERTrust RSA Certification Authority, O=The USERTRUST Network, L=Jersey City, ST=New Jersey, C=US, Key type:RSA, Length:4096, Cert Id:-347365895, Valid from:1/31/10, 6:00 PM, Valid until:1/18/38, 5:59 PM
2021-06-06T09:17:07.198-0500 [DEBUG] [jdk.event.security] X509Certificate: Alg:SHA1withRSA, Serial:44be0c8b500024b411d3362de0b35f1b, Subject:CN=UTN-USERFirst-Object, OU=http://www.usertrust.com, O=The USERTRUST Network, L=Salt Lake City, ST=UT, C=US, Issuer:CN=UTN-USERFirst-Object, OU=http://www.usertrust.com, O=The USERTRUST Network, L=Salt Lake City, ST=UT, C=US, Key type:RSA, Length:2048, Cert Id:-297053428, Valid from:7/9/99, 1:31 PM, Valid until:7/9/19, 1:40 PM
2021-06-06T09:17:07.199-0500 [DEBUG] [jdk.event.security] X509Certificate: Alg:SHA1withRSA, Serial:b92f60cc889fa17a4609b85b706c8aaf, Subject:OU=VeriSign Trust Network, OU="(c) 1998 VeriSign, Inc. - For authorized use only", OU=Class 2 Public Primary Certification Authority - G2, O="VeriSign, Inc.", C=US, Issuer:OU=VeriSign Trust Network, OU="(c) 1998 VeriSign, Inc. - For authorized use only", OU=Class 2 Public Primary Certification Authority - G2, O="VeriSign, Inc.", C=US, Key type:RSA, Length:1024, Cert Id:-1971861053, Valid from:5/17/98, 7:00 PM, Valid until:8/1/28, 6:59 PM
2021-06-06T09:17:07.200-0500 [DEBUG] [jdk.event.security] X509Certificate: Alg:SHA1withRSA, Serial:3c9131cb1ff6d01b0e9ab8d044bf12be, Subject:OU=Class 3 Public Primary Certification Authority, O="VeriSign, Inc.", C=US, Issuer:OU=Class 3 Public Primary Certification Authority, O="VeriSign, Inc.", C=US, Key type:RSA, Length:1024, Cert Id:118031811, Valid from:1/28/96, 6:00 PM, Valid until:8/2/28, 6:59 PM
2021-06-06T09:17:07.201-0500 [DEBUG] [jdk.event.security] X509Certificate: Alg:SHA1withRSA, Serial:7dd9fe07cfa81eb7107967fba78934c6, Subject:OU=VeriSign Trust Network, OU="(c) 1998 VeriSign, Inc. - For authorized use only", OU=Class 3 Public Primary Certification Authority - G2, O="VeriSign, Inc.", C=US, Issuer:OU=VeriSign Trust Network, OU="(c) 1998 VeriSign, Inc. - For authorized use only", OU=Class 3 Public Primary Certification Authority - G2, O="VeriSign, Inc.", C=US, Key type:RSA, Length:1024, Cert Id:-11071679, Valid from:5/17/98, 7:00 PM, Valid until:8/1/28, 6:59 PM
2021-06-06T09:17:07.201-0500 [DEBUG] [jdk.event.security] X509Certificate: Alg:SHA1withRSA, Serial:9b7e0649a33e62b9d5ee90487129ef57, Subject:CN=VeriSign Class 3 Public Primary Certification Authority - G3, OU="(c) 1999 VeriSign, Inc. - For authorized use only", OU=VeriSign Trust Network, O="VeriSign, Inc.", C=US, Issuer:CN=VeriSign Class 3 Public Primary Certification Authority - G3, OU="(c) 1999 VeriSign, Inc. - For authorized use only", OU=VeriSign Trust Network, O="VeriSign, Inc.", C=US, Key type:RSA, Length:2048, Cert Id:2057300190, Valid from:9/30/99, 7:00 PM, Valid until:7/16/36, 6:59 PM
2021-06-06T09:17:07.202-0500 [DEBUG] [jdk.event.security] X509Certificate: Alg:SHA384withECDSA, Serial:2f80fe238c0e220f486712289187acb3, Subject:CN=VeriSign Class 3 Public Primary Certification Authority - G4, OU="(c) 2007 VeriSign, Inc. - For authorized use only", OU=VeriSign Trust Network, O="VeriSign, Inc.", C=US, Issuer:CN=VeriSign Class 3 Public Primary Certification Authority - G4, OU="(c) 2007 VeriSign, Inc. - For authorized use only", OU=VeriSign Trust Network, O="VeriSign, Inc.", C=US, Key type:EC, Length:384, Cert Id:-131493977, Valid from:11/4/07, 6:00 PM, Valid until:1/18/38, 5:59 PM
2021-06-06T09:17:07.203-0500 [DEBUG] [jdk.event.security] X509Certificate: Alg:SHA1withRSA, Serial:18dad19e267de8bb4a2158cdcc6b3b4a, Subject:CN=VeriSign Class 3 Public Primary Certification Authority - G5, OU="(c) 2006 VeriSign, Inc. - For authorized use only", OU=VeriSign Trust Network, O="VeriSign, Inc.", C=US, Issuer:CN=VeriSign Class 3 Public Primary Certification Authority - G5, OU="(c) 2006 VeriSign, Inc. - For authorized use only", OU=VeriSign Trust Network, O="VeriSign, Inc.", C=US, Key type:RSA, Length:2048, Cert Id:303010488, Valid from:11/7/06, 6:00 PM, Valid until:7/16/36, 6:59 PM
2021-06-06T09:17:07.204-0500 [DEBUG] [jdk.event.security] X509Certificate: Alg:SHA1withRSA, Serial:67c8e1e8e3be1cbdfc913b8ea6238749, Subject:CN=Thawte Timestamping CA, OU=Thawte Certification, O=Thawte, L=Durbanville, ST=Western Cape, C=ZA, Issuer:CN=Thawte Timestamping CA, OU=Thawte Certification, O=Thawte, L=Durbanville, ST=Western Cape, C=ZA, Key type:RSA, Length:1024, Cert Id:-1032800436, Valid from:12/31/96, 6:00 PM, Valid until:1/1/21, 5:59 PM
2021-06-06T09:17:07.205-0500 [DEBUG] [jdk.event.security] X509Certificate: Alg:SHA256withRSA, Serial:401ac46421b31321030ebbe4121ac51d, Subject:CN=VeriSign Universal Root Certification Authority, OU="(c) 2008 VeriSign, Inc. - For authorized use only", OU=VeriSign Trust Network, O="VeriSign, Inc.", C=US, Issuer:CN=VeriSign Universal Root Certification Authority, OU="(c) 2008 VeriSign, Inc. - For authorized use only", OU=VeriSign Trust Network, O="VeriSign, Inc.", C=US, Key type:RSA, Length:2048, Cert Id:-1976681486, Valid from:4/1/08, 7:00 PM, Valid until:12/1/37, 5:59 PM
2021-06-06T09:17:07.206-0500 [DEBUG] [jdk.event.security] X509Certificate: Alg:SHA1withRSA, Serial:50946cec18ead59c4dd597ef758fa0ad, Subject:CN=XRamp Global Certification Authority, O=XRamp Security Services Inc, OU=www.xrampsecurity.com, C=US, Issuer:CN=XRamp Global Certification Authority, O=XRamp Security Services Inc, OU=www.xrampsecurity.com, C=US, Key type:RSA, Length:2048, Cert Id:-952474086, Valid from:11/1/04, 11:14 AM, Valid until:12/31/34, 11:37 PM
2021-06-06T09:17:07.360-0500 [DEBUG] [org.apache.http.client.protocol.RequestAddCookies] CookieSpec selected: default
2021-06-06T09:17:07.360-0500 [DEBUG] [org.apache.http.client.protocol.RequestAddCookies] CookieSpec selected: default
2021-06-06T09:17:07.370-0500 [DEBUG] [org.apache.http.client.protocol.RequestAuthCache] Auth cache not set in the context
2021-06-06T09:17:07.370-0500 [DEBUG] [org.apache.http.client.protocol.RequestAuthCache] Auth cache not set in the context
2021-06-06T09:17:07.371-0500 [DEBUG] [org.apache.http.impl.conn.PoolingHttpClientConnectionManager] Connection request: [route: {s}->https://dl.google.com:443][total kept alive: 0; route allocated: 0 of 20; total allocated: 0 of 20]
2021-06-06T09:17:07.371-0500 [DEBUG] [org.apache.http.impl.conn.PoolingHttpClientConnectionManager] Connection request: [route: {s}->https://dl.google.com:443][total kept alive: 0; route allocated: 0 of 20; total allocated: 0 of 20]
2021-06-06T09:17:07.385-0500 [DEBUG] [org.apache.http.impl.conn.PoolingHttpClientConnectionManager] Connection leased: [id: 0][route: {s}->https://dl.google.com:443][total kept alive: 0; route allocated: 2 of 20; total allocated: 2 of 20]
2021-06-06T09:17:07.385-0500 [DEBUG] [org.apache.http.impl.conn.PoolingHttpClientConnectionManager] Connection leased: [id: 1][route: {s}->https://dl.google.com:443][total kept alive: 0; route allocated: 2 of 20; total allocated: 2 of 20]
2021-06-06T09:17:07.387-0500 [DEBUG] [org.apache.http.impl.execchain.MainClientExec] Opening connection {s}->https://dl.google.com:443
2021-06-06T09:17:07.387-0500 [DEBUG] [org.apache.http.impl.execchain.MainClientExec] Opening connection {s}->https://dl.google.com:443
2021-06-06T09:17:07.420-0500 [DEBUG] [org.apache.http.impl.conn.DefaultHttpClientConnectionOperator] Connecting to dl.google.com/172.217.6.110:443
2021-06-06T09:17:07.420-0500 [DEBUG] [org.apache.http.impl.conn.DefaultHttpClientConnectionOperator] Connecting to dl.google.com/172.217.6.110:443
2021-06-06T09:17:07.420-0500 [DEBUG] [org.apache.http.conn.ssl.SSLConnectionSocketFactory] Connecting socket to dl.google.com/172.217.6.110:443 with timeout 30000
2021-06-06T09:17:07.420-0500 [DEBUG] [org.apache.http.conn.ssl.SSLConnectionSocketFactory] Connecting socket to dl.google.com/172.217.6.110:443 with timeout 30000
2021-06-06T09:17:07.449-0500 [DEBUG] [org.apache.http.conn.ssl.SSLConnectionSocketFactory] Enabled protocols: [TLSv1.2, TLSv1.3]
2021-06-06T09:17:07.449-0500 [DEBUG] [org.apache.http.conn.ssl.SSLConnectionSocketFactory] Enabled protocols: [TLSv1.2, TLSv1.3]
2021-06-06T09:17:07.449-0500 [DEBUG] [org.apache.http.conn.ssl.SSLConnectionSocketFactory] Enabled cipher suites:[TLS_AES_256_GCM_SHA384, TLS_AES_128_GCM_SHA256, TLS_CHACHA20_POLY1305_SHA256, TLS_ECDHE_ECDSA_WITH_AES_256_GCM_SHA384, TLS_ECDHE_ECDSA_WITH_AES_128_GCM_SHA256, TLS_ECDHE_ECDSA_WITH_CHACHA20_POLY1305_SHA256, TLS_ECDHE_RSA_WITH_AES_256_GCM_SHA384, TLS_ECDHE_RSA_WITH_CHACHA20_POLY1305_SHA256, TLS_ECDHE_RSA_WITH_AES_128_GCM_SHA256, TLS_DHE_RSA_WITH_AES_256_GCM_SHA384, TLS_DHE_RSA_WITH_CHACHA20_POLY1305_SHA256, TLS_DHE_DSS_WITH_AES_256_GCM_SHA384, TLS_DHE_RSA_WITH_AES_128_GCM_SHA256, TLS_DHE_DSS_WITH_AES_128_GCM_SHA256, TLS_ECDHE_ECDSA_WITH_AES_256_CBC_SHA384, TLS_ECDHE_RSA_WITH_AES_256_CBC_SHA384, TLS_ECDHE_ECDSA_WITH_AES_128_CBC_SHA256, TLS_ECDHE_RSA_WITH_AES_128_CBC_SHA256, TLS_DHE_RSA_WITH_AES_256_CBC_SHA256, TLS_DHE_DSS_WITH_AES_256_CBC_SHA256, TLS_DHE_RSA_WITH_AES_128_CBC_SHA256, TLS_DHE_DSS_WITH_AES_128_CBC_SHA256, TLS_ECDH_ECDSA_WITH_AES_256_GCM_SHA384, TLS_ECDH_RSA_WITH_AES_256_GCM_SHA384, TLS_ECDH_ECDSA_WITH_AES_128_GCM_SHA256, TLS_ECDH_RSA_WITH_AES_128_GCM_SHA256, TLS_ECDH_ECDSA_WITH_AES_256_CBC_SHA384, TLS_ECDH_RSA_WITH_AES_256_CBC_SHA384, TLS_ECDH_ECDSA_WITH_AES_128_CBC_SHA256, TLS_ECDH_RSA_WITH_AES_128_CBC_SHA256, TLS_ECDHE_ECDSA_WITH_AES_256_CBC_SHA, TLS_ECDHE_RSA_WITH_AES_256_CBC_SHA, TLS_ECDHE_ECDSA_WITH_AES_128_CBC_SHA, TLS_ECDHE_RSA_WITH_AES_128_CBC_SHA, TLS_DHE_RSA_WITH_AES_256_CBC_SHA, TLS_DHE_DSS_WITH_AES_256_CBC_SHA, TLS_DHE_RSA_WITH_AES_128_CBC_SHA, TLS_DHE_DSS_WITH_AES_128_CBC_SHA, TLS_ECDH_ECDSA_WITH_AES_256_CBC_SHA, TLS_ECDH_RSA_WITH_AES_256_CBC_SHA, TLS_ECDH_ECDSA_WITH_AES_128_CBC_SHA, TLS_ECDH_RSA_WITH_AES_128_CBC_SHA, TLS_RSA_WITH_AES_256_GCM_SHA384, TLS_RSA_WITH_AES_128_GCM_SHA256, TLS_RSA_WITH_AES_256_CBC_SHA256, TLS_RSA_WITH_AES_128_CBC_SHA256, TLS_RSA_WITH_AES_256_CBC_SHA, TLS_RSA_WITH_AES_128_CBC_SHA, TLS_EMPTY_RENEGOTIATION_INFO_SCSV]
2021-06-06T09:17:07.449-0500 [DEBUG] [org.apache.http.conn.ssl.SSLConnectionSocketFactory] Enabled cipher suites:[TLS_AES_256_GCM_SHA384, TLS_AES_128_GCM_SHA256, TLS_CHACHA20_POLY1305_SHA256, TLS_ECDHE_ECDSA_WITH_AES_256_GCM_SHA384, TLS_ECDHE_ECDSA_WITH_AES_128_GCM_SHA256, TLS_ECDHE_ECDSA_WITH_CHACHA20_POLY1305_SHA256, TLS_ECDHE_RSA_WITH_AES_256_GCM_SHA384, TLS_ECDHE_RSA_WITH_CHACHA20_POLY1305_SHA256, TLS_ECDHE_RSA_WITH_AES_128_GCM_SHA256, TLS_DHE_RSA_WITH_AES_256_GCM_SHA384, TLS_DHE_RSA_WITH_CHACHA20_POLY1305_SHA256, TLS_DHE_DSS_WITH_AES_256_GCM_SHA384, TLS_DHE_RSA_WITH_AES_128_GCM_SHA256, TLS_DHE_DSS_WITH_AES_128_GCM_SHA256, TLS_ECDHE_ECDSA_WITH_AES_256_CBC_SHA384, TLS_ECDHE_RSA_WITH_AES_256_CBC_SHA384, TLS_ECDHE_ECDSA_WITH_AES_128_CBC_SHA256, TLS_ECDHE_RSA_WITH_AES_128_CBC_SHA256, TLS_DHE_RSA_WITH_AES_256_CBC_SHA256, TLS_DHE_DSS_WITH_AES_256_CBC_SHA256, TLS_DHE_RSA_WITH_AES_128_CBC_SHA256, TLS_DHE_DSS_WITH_AES_128_CBC_SHA256, TLS_ECDH_ECDSA_WITH_AES_256_GCM_SHA384, TLS_ECDH_RSA_WITH_AES_256_GCM_SHA384, TLS_ECDH_ECDSA_WITH_AES_128_GCM_SHA256, TLS_ECDH_RSA_WITH_AES_128_GCM_SHA256, TLS_ECDH_ECDSA_WITH_AES_256_CBC_SHA384, TLS_ECDH_RSA_WITH_AES_256_CBC_SHA384, TLS_ECDH_ECDSA_WITH_AES_128_CBC_SHA256, TLS_ECDH_RSA_WITH_AES_128_CBC_SHA256, TLS_ECDHE_ECDSA_WITH_AES_256_CBC_SHA, TLS_ECDHE_RSA_WITH_AES_256_CBC_SHA, TLS_ECDHE_ECDSA_WITH_AES_128_CBC_SHA, TLS_ECDHE_RSA_WITH_AES_128_CBC_SHA, TLS_DHE_RSA_WITH_AES_256_CBC_SHA, TLS_DHE_DSS_WITH_AES_256_CBC_SHA, TLS_DHE_RSA_WITH_AES_128_CBC_SHA, TLS_DHE_DSS_WITH_AES_128_CBC_SHA, TLS_ECDH_ECDSA_WITH_AES_256_CBC_SHA, TLS_ECDH_RSA_WITH_AES_256_CBC_SHA, TLS_ECDH_ECDSA_WITH_AES_128_CBC_SHA, TLS_ECDH_RSA_WITH_AES_128_CBC_SHA, TLS_RSA_WITH_AES_256_GCM_SHA384, TLS_RSA_WITH_AES_128_GCM_SHA256, TLS_RSA_WITH_AES_256_CBC_SHA256, TLS_RSA_WITH_AES_128_CBC_SHA256, TLS_RSA_WITH_AES_256_CBC_SHA, TLS_RSA_WITH_AES_128_CBC_SHA, TLS_EMPTY_RENEGOTIATION_INFO_SCSV]
2021-06-06T09:17:07.449-0500 [DEBUG] [org.apache.http.conn.ssl.SSLConnectionSocketFactory] Starting handshake
2021-06-06T09:17:07.449-0500 [DEBUG] [org.apache.http.conn.ssl.SSLConnectionSocketFactory] Starting handshake
2021-06-06T09:17:07.564-0500 [DEBUG] [jdk.event.security] X509Certificate: Alg:SHA256withRSA, Serial:bff10d86136f613d0300000000cc17de, Subject:CN=*.google.com, O=Google LLC, L=Mountain View, ST=California, C=US, Issuer:CN=GTS CA 1O1, O=Google Trust Services, C=US, Key type:EC, Length:256, Cert Id:227858624, Valid from:5/9/21, 8:34 PM, Valid until:8/1/21, 8:34 PM
2021-06-06T09:17:07.564-0500 [DEBUG] [jdk.event.security] X509Certificate: Alg:SHA256withRSA, Serial:bff10d86136f613d0300000000cc17de, Subject:CN=*.google.com, O=Google LLC, L=Mountain View, ST=California, C=US, Issuer:CN=GTS CA 1O1, O=Google Trust Services, C=US, Key type:EC, Length:256, Cert Id:227858624, Valid from:5/9/21, 8:34 PM, Valid until:8/1/21, 8:34 PM
2021-06-06T09:17:07.564-0500 [DEBUG] [jdk.event.security] X509Certificate: Alg:SHA256withRSA, Serial:1e3b49aa18d8aa981256950b8, Subject:CN=GTS CA 1O1, O=Google Trust Services, C=US, Issuer:CN=GlobalSign, O=GlobalSign, OU=GlobalSign Root CA - R2, Key type:RSA, Length:2048, Cert Id:1544128074, Valid from:6/14/17, 7:00 PM, Valid until:12/14/21, 6:00 PM
2021-06-06T09:17:07.565-0500 [DEBUG] [jdk.event.security] X509Certificate: Alg:SHA256withRSA, Serial:1e3b49aa18d8aa981256950b8, Subject:CN=GTS CA 1O1, O=Google Trust Services, C=US, Issuer:CN=GlobalSign, O=GlobalSign, OU=GlobalSign Root CA - R2, Key type:RSA, Length:2048, Cert Id:1544128074, Valid from:6/14/17, 7:00 PM, Valid until:12/14/21, 6:00 PM
2021-06-06T09:17:07.620-0500 [DEBUG] [jdk.event.security] ValidationChain: 7087067, 1544128074, 227858624
2021-06-06T09:17:07.620-0500 [DEBUG] [jdk.event.security] ValidationChain: 7087067, 1544128074, 227858624
2021-06-06T09:17:07.634-0500 [DEBUG] [jdk.event.security]  TLSHandshake: dl.google.com:443, TLSv1.3, TLS_AES_256_GCM_SHA384, 227858624
2021-06-06T09:17:07.635-0500 [DEBUG] [jdk.event.security]  TLSHandshake: dl.google.com:443, TLSv1.3, TLS_AES_256_GCM_SHA384, 227858624
2021-06-06T09:17:07.635-0500 [DEBUG] [org.apache.http.conn.ssl.SSLConnectionSocketFactory] Secure session established
2021-06-06T09:17:07.635-0500 [DEBUG] [org.apache.http.conn.ssl.SSLConnectionSocketFactory] Secure session established
2021-06-06T09:17:07.635-0500 [DEBUG] [org.apache.http.conn.ssl.SSLConnectionSocketFactory]  negotiated protocol: TLSv1.3
2021-06-06T09:17:07.635-0500 [DEBUG] [org.apache.http.conn.ssl.SSLConnectionSocketFactory]  negotiated protocol: TLSv1.3
2021-06-06T09:17:07.635-0500 [DEBUG] [org.apache.http.conn.ssl.SSLConnectionSocketFactory]  negotiated cipher suite: TLS_AES_256_GCM_SHA384
2021-06-06T09:17:07.635-0500 [DEBUG] [org.apache.http.conn.ssl.SSLConnectionSocketFactory]  negotiated cipher suite: TLS_AES_256_GCM_SHA384
2021-06-06T09:17:07.635-0500 [DEBUG] [org.apache.http.conn.ssl.SSLConnectionSocketFactory]  peer principal: CN=*.google.com, O=Google LLC, L=Mountain View, ST=California, C=US
2021-06-06T09:17:07.636-0500 [DEBUG] [org.apache.http.conn.ssl.SSLConnectionSocketFactory]  peer principal: CN=*.google.com, O=Google LLC, L=Mountain View, ST=California, C=US
2021-06-06T09:17:07.636-0500 [DEBUG] [org.apache.http.conn.ssl.SSLConnectionSocketFactory]  peer alternative names: [*.google.com, *.appengine.google.com, *.bdn.dev, *.cloud.google.com, *.crowdsource.google.com, *.datacompute.google.com, *.google.ca, *.google.cl, *.google.co.in, *.google.co.jp, *.google.co.uk, *.google.com.ar, *.google.com.au, *.google.com.br, *.google.com.co, *.google.com.mx, *.google.com.tr, *.google.com.vn, *.google.de, *.google.es, *.google.fr, *.google.hu, *.google.it, *.google.nl, *.google.pl, *.google.pt, *.googleadapis.com, *.googleapis.cn, *.googlevideo.com, *.gstatic.cn, *.gstaticcnapps.cn, googlecnapps.cn, *.googlecnapps.cn, gkecnapps.cn, *.gkecnapps.cn, googledownloads.cn, *.googledownloads.cn, *.gstatic.com, *.metric.gstatic.com, *.gvt1.com, *.gcpcdn.gvt1.com, *.gvt2.com, *.gcp.gvt2.com, *.url.google.com, *.youtube-nocookie.com, *.ytimg.com, android.com, *.android.com, *.flash.android.com, g.co, *.g.co, goo.gl, www.goo.gl, google-analytics.com, *.google-analytics.com, google.com, googlecommerce.com, *.googlecommerce.com, ggpht.cn, *.ggpht.cn, urchin.com, *.urchin.com, youtu.be, youtube.com, *.youtube.com, youtubeeducation.com, *.youtubeeducation.com, youtubekids.com, *.youtubekids.com, yt.be, *.yt.be, android.clients.google.com, developer.android.google.cn, developers.android.google.cn, source.android.google.cn]
2021-06-06T09:17:07.636-0500 [DEBUG] [org.apache.http.conn.ssl.SSLConnectionSocketFactory]  peer alternative names: [*.google.com, *.appengine.google.com, *.bdn.dev, *.cloud.google.com, *.crowdsource.google.com, *.datacompute.google.com, *.google.ca, *.google.cl, *.google.co.in, *.google.co.jp, *.google.co.uk, *.google.com.ar, *.google.com.au, *.google.com.br, *.google.com.co, *.google.com.mx, *.google.com.tr, *.google.com.vn, *.google.de, *.google.es, *.google.fr, *.google.hu, *.google.it, *.google.nl, *.google.pl, *.google.pt, *.googleadapis.com, *.googleapis.cn, *.googlevideo.com, *.gstatic.cn, *.gstaticcnapps.cn, googlecnapps.cn, *.googlecnapps.cn, gkecnapps.cn, *.gkecnapps.cn, googledownloads.cn, *.googledownloads.cn, *.gstatic.com, *.metric.gstatic.com, *.gvt1.com, *.gcpcdn.gvt1.com, *.gvt2.com, *.gcp.gvt2.com, *.url.google.com, *.youtube-nocookie.com, *.ytimg.com, android.com, *.android.com, *.flash.android.com, g.co, *.g.co, goo.gl, www.goo.gl, google-analytics.com, *.google-analytics.com, google.com, googlecommerce.com, *.googlecommerce.com, ggpht.cn, *.ggpht.cn, urchin.com, *.urchin.com, youtu.be, youtube.com, *.youtube.com, youtubeeducation.com, *.youtubeeducation.com, youtubekids.com, *.youtubekids.com, yt.be, *.yt.be, android.clients.google.com, developer.android.google.cn, developers.android.google.cn, source.android.google.cn]
2021-06-06T09:17:07.636-0500 [DEBUG] [org.apache.http.conn.ssl.SSLConnectionSocketFactory]  issuer principal: CN=GTS CA 1O1, O=Google Trust Services, C=US
2021-06-06T09:17:07.636-0500 [DEBUG] [org.apache.http.conn.ssl.SSLConnectionSocketFactory]  issuer principal: CN=GTS CA 1O1, O=Google Trust Services, C=US
2021-06-06T09:17:07.639-0500 [DEBUG] [org.apache.http.impl.conn.DefaultHttpClientConnectionOperator] Connection established 192.168.120.211:56916<->172.217.6.110:443
2021-06-06T09:17:07.639-0500 [DEBUG] [org.apache.http.impl.conn.DefaultHttpClientConnectionOperator] Connection established 192.168.120.211:56915<->172.217.6.110:443
2021-06-06T09:17:07.639-0500 [DEBUG] [org.apache.http.impl.conn.DefaultManagedHttpClientConnection] http-outgoing-0: set socket timeout to 30000
2021-06-06T09:17:07.639-0500 [DEBUG] [org.apache.http.impl.conn.DefaultManagedHttpClientConnection] http-outgoing-1: set socket timeout to 30000
2021-06-06T09:17:07.640-0500 [DEBUG] [org.apache.http.impl.execchain.MainClientExec] Executing request GET /dl/android/maven2/org/jetbrains/kotlin/kotlin-gradle-plugin/1.4.32/kotlin-gradle-plugin-1.4.32.pom HTTP/1.1
2021-06-06T09:17:07.640-0500 [DEBUG] [org.apache.http.impl.execchain.MainClientExec] Executing request GET /dl/android/maven2/com/android/tools/build/gradle/4.2.1/gradle-4.2.1.pom HTTP/1.1
2021-06-06T09:17:07.640-0500 [DEBUG] [org.apache.http.impl.execchain.MainClientExec] Target auth state: UNCHALLENGED
2021-06-06T09:17:07.640-0500 [DEBUG] [org.apache.http.impl.execchain.MainClientExec] Target auth state: UNCHALLENGED
2021-06-06T09:17:07.641-0500 [DEBUG] [org.apache.http.impl.execchain.MainClientExec] Proxy auth state: UNCHALLENGED
2021-06-06T09:17:07.641-0500 [DEBUG] [org.apache.http.impl.execchain.MainClientExec] Proxy auth state: UNCHALLENGED
2021-06-06T09:17:07.703-0500 [DEBUG] [org.apache.http.impl.execchain.MainClientExec] Connection can be kept alive indefinitely
2021-06-06T09:17:07.703-0500 [DEBUG] [org.apache.http.impl.execchain.MainClientExec] Connection can be kept alive indefinitely
2021-06-06T09:17:07.707-0500 [DEBUG] [org.apache.http.impl.conn.PoolingHttpClientConnectionManager] Connection [id: 0][route: {s}->https://dl.google.com:443] can be kept alive indefinitely
2021-06-06T09:17:07.707-0500 [DEBUG] [org.apache.http.impl.conn.DefaultManagedHttpClientConnection] http-outgoing-0: set socket timeout to 0
2021-06-06T09:17:07.708-0500 [DEBUG] [org.apache.http.impl.conn.PoolingHttpClientConnectionManager] Connection released: [id: 0][route: {s}->https://dl.google.com:443][total kept alive: 1; route allocated: 2 of 20; total allocated: 2 of 20]
2021-06-06T09:17:07.708-0500 [INFO] [org.gradle.internal.resource.transport.http.HttpClientHelper] Resource missing. [HTTP GET: https://dl.google.com/dl/android/maven2/org/jetbrains/kotlin/kotlin-gradle-plugin/1.4.32/kotlin-gradle-plugin-1.4.32.pom]
2021-06-06T09:17:07.710-0500 [DEBUG] [org.gradle.internal.operations.DefaultBuildOperationRunner] Build operation 'Download https://dl.google.com/dl/android/maven2/org/jetbrains/kotlin/kotlin-gradle-plugin/1.4.32/kotlin-gradle-plugin-1.4.32.pom' completed
2021-06-06T09:17:07.710-0500 [DEBUG] [org.gradle.api.internal.artifacts.repositories.resolver.ExternalResourceResolver] No meta-data file or artifact found for module 'org.jetbrains.kotlin:kotlin-gradle-plugin:1.4.32' in repository 'Google'.
2021-06-06T09:17:07.711-0500 [DEBUG] [org.gradle.api.internal.artifacts.ivyservice.modulecache.PersistentModuleMetadataCache] Recording absence of module descriptor in cache: org.jetbrains.kotlin:kotlin-gradle-plugin:1.4.32 [changing = false]
2021-06-06T09:17:07.714-0500 [DEBUG] [org.gradle.internal.resource.transport.http.HttpResponseResource] Attempting to download resource https://dl.google.com/dl/android/maven2/com/android/tools/build/gradle/4.2.1/gradle-4.2.1.pom.
2021-06-06T09:17:07.714-0500 [DEBUG] [org.gradle.api.internal.artifacts.repositories.resolver.DefaultExternalResourceArtifactResolver] Loading https://repo.maven.apache.org/maven2/org/jetbrains/kotlin/kotlin-gradle-plugin/1.4.32/kotlin-gradle-plugin-1.4.32.pom
2021-06-06T09:17:07.714-0500 [DEBUG] [org.gradle.internal.resource.transfer.DefaultCacheAwareExternalResourceAccessor] Constructing external resource: https://repo.maven.apache.org/maven2/org/jetbrains/kotlin/kotlin-gradle-plugin/1.4.32/kotlin-gradle-plugin-1.4.32.pom
2021-06-06T09:17:07.715-0500 [INFO] [org.gradle.internal.resource.transfer.DefaultCacheAwareExternalResourceAccessor] Downloading https://dl.google.com/dl/android/maven2/com/android/tools/build/gradle/4.2.1/gradle-4.2.1.pom to C:\Users\gathi\AppData\Local\Temp\gradle_download12296200914343824194bin
2021-06-06T09:17:07.715-0500 [DEBUG] [org.gradle.internal.resource.transport.http.HttpResourceAccessor] Constructing external resource: https://repo.maven.apache.org/maven2/org/jetbrains/kotlin/kotlin-gradle-plugin/1.4.32/kotlin-gradle-plugin-1.4.32.pom
2021-06-06T09:17:07.716-0500 [DEBUG] [org.gradle.internal.resource.transport.http.HttpClientHelper] Performing HTTP GET: https://repo.maven.apache.org/maven2/org/jetbrains/kotlin/kotlin-gradle-plugin/1.4.32/kotlin-gradle-plugin-1.4.32.pom
2021-06-06T09:17:07.717-0500 [DEBUG] [org.apache.http.client.protocol.RequestAddCookies] CookieSpec selected: default
2021-06-06T09:17:07.717-0500 [DEBUG] [org.apache.http.client.protocol.RequestAuthCache] Auth cache not set in the context
2021-06-06T09:17:07.718-0500 [DEBUG] [org.apache.http.impl.conn.PoolingHttpClientConnectionManager] Connection request: [route: {s}->https://repo.maven.apache.org:443][total kept alive: 0; route allocated: 0 of 20; total allocated: 0 of 20]
2021-06-06T09:17:07.718-0500 [DEBUG] [org.apache.http.impl.conn.PoolingHttpClientConnectionManager] Connection leased: [id: 2][route: {s}->https://repo.maven.apache.org:443][total kept alive: 0; route allocated: 1 of 20; total allocated: 1 of 20]
2021-06-06T09:17:07.718-0500 [DEBUG] [org.apache.http.impl.execchain.MainClientExec] Opening connection {s}->https://repo.maven.apache.org:443
2021-06-06T09:17:07.721-0500 [DEBUG] [org.apache.http.impl.conn.PoolingHttpClientConnectionManager] Connection [id: 1][route: {s}->https://dl.google.com:443] can be kept alive indefinitely
2021-06-06T09:17:07.722-0500 [DEBUG] [org.apache.http.impl.conn.DefaultManagedHttpClientConnection] http-outgoing-1: set socket timeout to 0
2021-06-06T09:17:07.722-0500 [DEBUG] [org.apache.http.impl.conn.PoolingHttpClientConnectionManager] Connection released: [id: 1][route: {s}->https://dl.google.com:443][total kept alive: 2; route allocated: 2 of 20; total allocated: 2 of 20]
2021-06-06T09:17:07.723-0500 [DEBUG] [org.gradle.internal.operations.DefaultBuildOperationRunner] Build operation 'Download https://dl.google.com/dl/android/maven2/com/android/tools/build/gradle/4.2.1/gradle-4.2.1.pom' completed
2021-06-06T09:17:07.756-0500 [DEBUG] [org.apache.http.impl.conn.DefaultHttpClientConnectionOperator] Connecting to repo.maven.apache.org/199.232.76.215:443
2021-06-06T09:17:07.757-0500 [DEBUG] [org.apache.http.conn.ssl.SSLConnectionSocketFactory] Connecting socket to repo.maven.apache.org/199.232.76.215:443 with timeout 30000
2021-06-06T09:17:07.775-0500 [DEBUG] [org.apache.http.conn.ssl.SSLConnectionSocketFactory] Enabled protocols: [TLSv1.2, TLSv1.3]
2021-06-06T09:17:07.775-0500 [DEBUG] [org.apache.http.conn.ssl.SSLConnectionSocketFactory] Enabled cipher suites:[TLS_AES_256_GCM_SHA384, TLS_AES_128_GCM_SHA256, TLS_CHACHA20_POLY1305_SHA256, TLS_ECDHE_ECDSA_WITH_AES_256_GCM_SHA384, TLS_ECDHE_ECDSA_WITH_AES_128_GCM_SHA256, TLS_ECDHE_ECDSA_WITH_CHACHA20_POLY1305_SHA256, TLS_ECDHE_RSA_WITH_AES_256_GCM_SHA384, TLS_ECDHE_RSA_WITH_CHACHA20_POLY1305_SHA256, TLS_ECDHE_RSA_WITH_AES_128_GCM_SHA256, TLS_DHE_RSA_WITH_AES_256_GCM_SHA384, TLS_DHE_RSA_WITH_CHACHA20_POLY1305_SHA256, TLS_DHE_DSS_WITH_AES_256_GCM_SHA384, TLS_DHE_RSA_WITH_AES_128_GCM_SHA256, TLS_DHE_DSS_WITH_AES_128_GCM_SHA256, TLS_ECDHE_ECDSA_WITH_AES_256_CBC_SHA384, TLS_ECDHE_RSA_WITH_AES_256_CBC_SHA384, TLS_ECDHE_ECDSA_WITH_AES_128_CBC_SHA256, TLS_ECDHE_RSA_WITH_AES_128_CBC_SHA256, TLS_DHE_RSA_WITH_AES_256_CBC_SHA256, TLS_DHE_DSS_WITH_AES_256_CBC_SHA256, TLS_DHE_RSA_WITH_AES_128_CBC_SHA256, TLS_DHE_DSS_WITH_AES_128_CBC_SHA256, TLS_ECDH_ECDSA_WITH_AES_256_GCM_SHA384, TLS_ECDH_RSA_WITH_AES_256_GCM_SHA384, TLS_ECDH_ECDSA_WITH_AES_128_GCM_SHA256, TLS_ECDH_RSA_WITH_AES_128_GCM_SHA256, TLS_ECDH_ECDSA_WITH_AES_256_CBC_SHA384, TLS_ECDH_RSA_WITH_AES_256_CBC_SHA384, TLS_ECDH_ECDSA_WITH_AES_128_CBC_SHA256, TLS_ECDH_RSA_WITH_AES_128_CBC_SHA256, TLS_ECDHE_ECDSA_WITH_AES_256_CBC_SHA, TLS_ECDHE_RSA_WITH_AES_256_CBC_SHA, TLS_ECDHE_ECDSA_WITH_AES_128_CBC_SHA, TLS_ECDHE_RSA_WITH_AES_128_CBC_SHA, TLS_DHE_RSA_WITH_AES_256_CBC_SHA, TLS_DHE_DSS_WITH_AES_256_CBC_SHA, TLS_DHE_RSA_WITH_AES_128_CBC_SHA, TLS_DHE_DSS_WITH_AES_128_CBC_SHA, TLS_ECDH_ECDSA_WITH_AES_256_CBC_SHA, TLS_ECDH_RSA_WITH_AES_256_CBC_SHA, TLS_ECDH_ECDSA_WITH_AES_128_CBC_SHA, TLS_ECDH_RSA_WITH_AES_128_CBC_SHA, TLS_RSA_WITH_AES_256_GCM_SHA384, TLS_RSA_WITH_AES_128_GCM_SHA256, TLS_RSA_WITH_AES_256_CBC_SHA256, TLS_RSA_WITH_AES_128_CBC_SHA256, TLS_RSA_WITH_AES_256_CBC_SHA, TLS_RSA_WITH_AES_128_CBC_SHA, TLS_EMPTY_RENEGOTIATION_INFO_SCSV]
2021-06-06T09:17:07.775-0500 [DEBUG] [org.apache.http.conn.ssl.SSLConnectionSocketFactory] Starting handshake
2021-06-06T09:17:07.812-0500 [DEBUG] [jdk.event.security] X509Certificate: Alg:SHA256withRSA, Serial:475f062305f57e81491b27a6f2c0ce2, Subject:CN=repo.maven.apache.org, O="Sonatype, Inc", L=Fulton, ST=Maryland, C=US, Issuer:CN=DigiCert SHA2 Secure Server CA, O=DigiCert Inc, C=US, Key type:RSA, Length:2048, Cert Id:-1779559391, Valid from:8/17/20, 7:00 PM, Valid until:9/24/21, 7:00 AM
2021-06-06T09:17:07.814-0500 [DEBUG] [jdk.event.security] X509Certificate: Alg:SHA256withRSA, Serial:1fda3eb6eca75c888438b724bcfbc91, Subject:CN=DigiCert SHA2 Secure Server CA, O=DigiCert Inc, C=US, Issuer:CN=DigiCert Global Root CA, OU=www.digicert.com, O=DigiCert Inc, C=US, Key type:RSA, Length:2048, Cert Id:-1510514728, Valid from:3/8/13, 6:00 AM, Valid until:3/8/23, 6:00 AM
2021-06-06T09:17:07.821-0500 [DEBUG] [jdk.event.security] ValidationChain: 1341898239, -1510514728, -1779559391
2021-06-06T09:17:07.849-0500 [DEBUG] [org.gradle.api.internal.artifacts.repositories.resolver.ExternalResourceResolver] Metadata file found for module 'com.android.tools.build:gradle:4.2.1' in repository 'Google'.
2021-06-06T09:17:07.850-0500 [DEBUG] [org.gradle.api.internal.artifacts.repositories.resolver.DefaultExternalResourceArtifactResolver] Loading https://dl.google.com/dl/android/maven2/com/android/tools/build/gradle/4.2.1/gradle-4.2.1.module
2021-06-06T09:17:07.850-0500 [DEBUG] [org.gradle.internal.resource.transfer.DefaultCacheAwareExternalResourceAccessor] Constructing external resource: https://dl.google.com/dl/android/maven2/com/android/tools/build/gradle/4.2.1/gradle-4.2.1.module
2021-06-06T09:17:07.853-0500 [DEBUG] [org.gradle.internal.resource.transport.http.HttpResourceAccessor] Constructing external resource: https://dl.google.com/dl/android/maven2/com/android/tools/build/gradle/4.2.1/gradle-4.2.1.module
2021-06-06T09:17:07.854-0500 [DEBUG] [org.gradle.internal.resource.transport.http.HttpClientHelper] Performing HTTP GET: https://dl.google.com/dl/android/maven2/com/android/tools/build/gradle/4.2.1/gradle-4.2.1.module
2021-06-06T09:17:07.854-0500 [DEBUG] [org.apache.http.client.protocol.RequestAddCookies] CookieSpec selected: default
2021-06-06T09:17:07.854-0500 [DEBUG] [org.apache.http.client.protocol.RequestAuthCache] Auth cache not set in the context
2021-06-06T09:17:07.854-0500 [DEBUG] [org.apache.http.impl.conn.PoolingHttpClientConnectionManager] Connection request: [route: {s}->https://dl.google.com:443][total kept alive: 2; route allocated: 2 of 20; total allocated: 2 of 20]
2021-06-06T09:17:07.854-0500 [DEBUG] [org.apache.http.impl.conn.PoolingHttpClientConnectionManager] Connection leased: [id: 1][route: {s}->https://dl.google.com:443][total kept alive: 1; route allocated: 2 of 20; total allocated: 2 of 20]
2021-06-06T09:17:07.855-0500 [DEBUG] [org.apache.http.impl.conn.DefaultManagedHttpClientConnection] http-outgoing-1: set socket timeout to 30000
2021-06-06T09:17:07.855-0500 [DEBUG] [org.apache.http.impl.conn.DefaultManagedHttpClientConnection] http-outgoing-1: set socket timeout to 30000
2021-06-06T09:17:07.855-0500 [DEBUG] [org.apache.http.impl.execchain.MainClientExec] Executing request GET /dl/android/maven2/com/android/tools/build/gradle/4.2.1/gradle-4.2.1.module HTTP/1.1
2021-06-06T09:17:07.855-0500 [DEBUG] [org.apache.http.impl.execchain.MainClientExec] Target auth state: UNCHALLENGED
2021-06-06T09:17:07.855-0500 [DEBUG] [org.apache.http.impl.execchain.MainClientExec] Proxy auth state: UNCHALLENGED
2021-06-06T09:17:07.863-0500 [DEBUG] [jdk.event.security]  TLSHandshake: repo.maven.apache.org:443, TLSv1.2, TLS_ECDHE_RSA_WITH_AES_128_GCM_SHA256, -1779559391
2021-06-06T09:17:07.863-0500 [DEBUG] [org.apache.http.conn.ssl.SSLConnectionSocketFactory] Secure session established
2021-06-06T09:17:07.864-0500 [DEBUG] [org.apache.http.conn.ssl.SSLConnectionSocketFactory]  negotiated protocol: TLSv1.2
2021-06-06T09:17:07.864-0500 [DEBUG] [org.apache.http.conn.ssl.SSLConnectionSocketFactory]  negotiated cipher suite: TLS_ECDHE_RSA_WITH_AES_128_GCM_SHA256
2021-06-06T09:17:07.864-0500 [DEBUG] [org.apache.http.conn.ssl.SSLConnectionSocketFactory]  peer principal: CN=repo.maven.apache.org, O="Sonatype, Inc", L=Fulton, ST=Maryland, C=US
2021-06-06T09:17:07.864-0500 [DEBUG] [org.apache.http.conn.ssl.SSLConnectionSocketFactory]  peer alternative names: [repo.maven.apache.org]
2021-06-06T09:17:07.864-0500 [DEBUG] [org.apache.http.conn.ssl.SSLConnectionSocketFactory]  issuer principal: CN=DigiCert SHA2 Secure Server CA, O=DigiCert Inc, C=US
2021-06-06T09:17:07.864-0500 [DEBUG] [org.apache.http.impl.conn.DefaultHttpClientConnectionOperator] Connection established 192.168.120.211:56917<->199.232.76.215:443
2021-06-06T09:17:07.864-0500 [DEBUG] [org.apache.http.impl.conn.DefaultManagedHttpClientConnection] http-outgoing-2: set socket timeout to 30000
2021-06-06T09:17:07.864-0500 [DEBUG] [org.apache.http.impl.execchain.MainClientExec] Executing request GET /maven2/org/jetbrains/kotlin/kotlin-gradle-plugin/1.4.32/kotlin-gradle-plugin-1.4.32.pom HTTP/1.1
2021-06-06T09:17:07.864-0500 [DEBUG] [org.apache.http.impl.execchain.MainClientExec] Target auth state: UNCHALLENGED
2021-06-06T09:17:07.864-0500 [DEBUG] [org.apache.http.impl.execchain.MainClientExec] Proxy auth state: UNCHALLENGED
2021-06-06T09:17:07.883-0500 [DEBUG] [org.apache.http.impl.execchain.MainClientExec] Connection can be kept alive indefinitely
2021-06-06T09:17:07.884-0500 [DEBUG] [org.gradle.internal.resource.transport.http.HttpResponseResource] Attempting to download resource https://repo.maven.apache.org/maven2/org/jetbrains/kotlin/kotlin-gradle-plugin/1.4.32/kotlin-gradle-plugin-1.4.32.pom.
2021-06-06T09:17:07.886-0500 [INFO] [org.gradle.internal.resource.transfer.DefaultCacheAwareExternalResourceAccessor] Downloading https://repo.maven.apache.org/maven2/org/jetbrains/kotlin/kotlin-gradle-plugin/1.4.32/kotlin-gradle-plugin-1.4.32.pom to C:\Users\gathi\AppData\Local\Temp\gradle_download9175732264791881495bin
2021-06-06T09:17:07.888-0500 [DEBUG] [org.apache.http.impl.conn.PoolingHttpClientConnectionManager] Connection [id: 2][route: {s}->https://repo.maven.apache.org:443] can be kept alive indefinitely
2021-06-06T09:17:07.889-0500 [DEBUG] [org.apache.http.impl.conn.DefaultManagedHttpClientConnection] http-outgoing-2: set socket timeout to 0
2021-06-06T09:17:07.889-0500 [DEBUG] [org.apache.http.impl.conn.PoolingHttpClientConnectionManager] Connection released: [id: 2][route: {s}->https://repo.maven.apache.org:443][total kept alive: 1; route allocated: 1 of 20; total allocated: 1 of 20]
2021-06-06T09:17:07.889-0500 [DEBUG] [org.gradle.internal.operations.DefaultBuildOperationRunner] Build operation 'Download https://repo.maven.apache.org/maven2/org/jetbrains/kotlin/kotlin-gradle-plugin/1.4.32/kotlin-gradle-plugin-1.4.32.pom' completed
2021-06-06T09:17:07.896-0500 [DEBUG] [org.apache.http.impl.execchain.MainClientExec] Connection can be kept alive indefinitely
2021-06-06T09:17:07.896-0500 [DEBUG] [org.gradle.internal.resource.transport.http.HttpResponseResource] Attempting to download resource https://dl.google.com/dl/android/maven2/com/android/tools/build/gradle/4.2.1/gradle-4.2.1.module.
2021-06-06T09:17:07.898-0500 [INFO] [org.gradle.internal.resource.transfer.DefaultCacheAwareExternalResourceAccessor] Downloading https://dl.google.com/dl/android/maven2/com/android/tools/build/gradle/4.2.1/gradle-4.2.1.module to C:\Users\gathi\AppData\Local\Temp\gradle_download15876770640286066422bin
2021-06-06T09:17:07.904-0500 [DEBUG] [org.apache.http.impl.conn.PoolingHttpClientConnectionManager] Connection [id: 1][route: {s}->https://dl.google.com:443] can be kept alive indefinitely
2021-06-06T09:17:07.904-0500 [DEBUG] [org.apache.http.impl.conn.DefaultManagedHttpClientConnection] http-outgoing-1: set socket timeout to 0
2021-06-06T09:17:07.904-0500 [DEBUG] [org.apache.http.impl.conn.PoolingHttpClientConnectionManager] Connection released: [id: 1][route: {s}->https://dl.google.com:443][total kept alive: 2; route allocated: 2 of 20; total allocated: 2 of 20]
2021-06-06T09:17:07.905-0500 [DEBUG] [org.gradle.internal.operations.DefaultBuildOperationRunner] Build operation 'Download https://dl.google.com/dl/android/maven2/com/android/tools/build/gradle/4.2.1/gradle-4.2.1.module' completed
2021-06-06T09:17:07.922-0500 [DEBUG] [org.gradle.api.internal.artifacts.repositories.resolver.ExternalResourceResolver] Metadata file found for module 'org.jetbrains.kotlin:kotlin-gradle-plugin:1.4.32' in repository 'MavenRepo'.
2021-06-06T09:17:07.927-0500 [DEBUG] [org.gradle.api.internal.artifacts.ivyservice.modulecache.PersistentModuleMetadataCache] Recording module descriptor in cache: org.jetbrains.kotlin:kotlin-gradle-plugin:1.4.32 [changing = false]
2021-06-06T09:17:07.935-0500 [DEBUG] [org.gradle.api.internal.artifacts.ivyservice.modulecache.PersistentModuleMetadataCache] Recording module descriptor in cache: com.android.tools.build:gradle:4.2.1 [changing = false]
2021-06-06T09:17:07.944-0500 [DEBUG] [org.gradle.api.internal.artifacts.ivyservice.ivyresolve.RepositoryChainComponentMetaDataResolver] Using org.jetbrains.kotlin:kotlin-gradle-plugin:1.4.32 from Maven repository 'MavenRepo'
2021-06-06T09:17:07.947-0500 [DEBUG] [org.gradle.api.internal.artifacts.ivyservice.ivyresolve.RepositoryChainComponentMetaDataResolver] Using com.android.tools.build:gradle:4.2.1 from Maven repository 'Google'
2021-06-06T09:17:07.947-0500 [DEBUG] [org.gradle.internal.operations.DefaultBuildOperationRunner] Build operation 'Resolve com.android.tools.build:gradle:4.2.1' completed
2021-06-06T09:17:07.947-0500 [DEBUG] [org.gradle.internal.work.DefaultWorkerLeaseService] Worker lease root.1.2.3 completed (1 worker(s) in use)
2021-06-06T09:17:07.947-0500 [DEBUG] [org.gradle.internal.resources.AbstractTrackedResourceLock] Daemon worker: released lock on root.1.2.3
2021-06-06T09:17:07.962-0500 [DEBUG] [org.gradle.internal.component.model.LoggingAttributeMatchingExplanationBuilder] Candidate com.android.tools.build:gradle:4.2.1 variant apiElements attribute org.gradle.usage value {org.gradle.category=library, org.gradle.dependency.bundling=external, org.gradle.jvm.version=8, org.gradle.libraryelements=jar, org.gradle.usage=java-api} doesn't requested value java-runtime
2021-06-06T09:17:07.963-0500 [DEBUG] [org.gradle.internal.component.model.LoggingAttributeMatchingExplanationBuilder] Candidate com.android.tools.build:gradle:4.2.1 variant javadocElements attribute org.gradle.category value {org.gradle.category=documentation} doesn't requested value library
2021-06-06T09:17:07.963-0500 [DEBUG] [org.gradle.internal.component.model.LoggingAttributeMatchingExplanationBuilder] Candidate com.android.tools.build:gradle:4.2.1 variant sourcesElements attribute org.gradle.category value {org.gradle.category=documentation} doesn't requested value library
2021-06-06T09:17:07.963-0500 [DEBUG] [org.gradle.internal.component.model.ComponentAttributeMatcher] Selected matches [com.android.tools.build:gradle:4.2.1 variant runtimeElements] from candidates [com.android.tools.build:gradle:4.2.1 variant apiElements, com.android.tools.build:gradle:4.2.1 variant runtimeElements, com.android.tools.build:gradle:4.2.1 variant javadocElements, com.android.tools.build:gradle:4.2.1 variant sourcesElements] for {org.gradle.category=library, org.gradle.dependency.bundling=external, org.gradle.jvm.version=14, org.gradle.libraryelements=jar, org.gradle.usage=java-runtime}
2021-06-06T09:17:07.971-0500 [DEBUG] [org.gradle.internal.component.model.LoggingAttributeMatchingExplanationBuilder] Candidate org.jetbrains.kotlin:kotlin-gradle-plugin:1.4.32 configuration compile attribute org.gradle.usage value {org.gradle.status=release, org.gradle.usage=java-api} doesn't requested value java-runtime
2021-06-06T09:17:07.971-0500 [DEBUG] [org.gradle.internal.component.model.LoggingAttributeMatchingExplanationBuilder] Candidate org.jetbrains.kotlin:kotlin-gradle-plugin:1.4.32 configuration runtime doesn't have attribute org.gradle.dependency.bundling
2021-06-06T09:17:07.971-0500 [DEBUG] [org.gradle.internal.component.model.LoggingAttributeMatchingExplanationBuilder] Candidate org.jetbrains.kotlin:kotlin-gradle-plugin:1.4.32 configuration runtime doesn't have attribute org.gradle.jvm.version
2021-06-06T09:17:07.971-0500 [DEBUG] [org.gradle.internal.component.model.LoggingAttributeMatchingExplanationBuilder] Candidate org.jetbrains.kotlin:kotlin-gradle-plugin:1.4.32 configuration platform-compile attribute org.gradle.usage value {org.gradle.status=release, org.gradle.usage=java-api} doesn't requested value java-runtime
2021-06-06T09:17:07.972-0500 [DEBUG] [org.gradle.internal.component.model.LoggingAttributeMatchingExplanationBuilder] Candidate org.jetbrains.kotlin:kotlin-gradle-plugin:1.4.32 configuration platform-runtime attribute org.gradle.category value {org.gradle.category=platform, org.gradle.status=release, org.gradle.usage=java-runtime} doesn't requested value library
2021-06-06T09:17:07.972-0500 [DEBUG] [org.gradle.internal.component.model.LoggingAttributeMatchingExplanationBuilder] Candidate org.jetbrains.kotlin:kotlin-gradle-plugin:1.4.32 configuration enforced-platform-compile attribute org.gradle.usage value {org.gradle.status=release, org.gradle.usage=java-api} doesn't requested value java-runtime
2021-06-06T09:17:07.972-0500 [DEBUG] [org.gradle.internal.component.model.LoggingAttributeMatchingExplanationBuilder] Candidate org.jetbrains.kotlin:kotlin-gradle-plugin:1.4.32 configuration enforced-platform-runtime attribute org.gradle.category value {org.gradle.category=enforced-platform, org.gradle.status=release, org.gradle.usage=java-runtime} doesn't requested value library
2021-06-06T09:17:07.972-0500 [DEBUG] [org.gradle.internal.component.model.ComponentAttributeMatcher] Selected matches [org.jetbrains.kotlin:kotlin-gradle-plugin:1.4.32 configuration runtime] from candidates [org.jetbrains.kotlin:kotlin-gradle-plugin:1.4.32 configuration compile, org.jetbrains.kotlin:kotlin-gradle-plugin:1.4.32 configuration runtime, org.jetbrains.kotlin:kotlin-gradle-plugin:1.4.32 configuration platform-compile, org.jetbrains.kotlin:kotlin-gradle-plugin:1.4.32 configuration platform-runtime, org.jetbrains.kotlin:kotlin-gradle-plugin:1.4.32 configuration enforced-platform-compile, org.jetbrains.kotlin:kotlin-gradle-plugin:1.4.32 configuration enforced-platform-runtime] for {org.gradle.category=library, org.gradle.dependency.bundling=external, org.gradle.jvm.version=14, org.gradle.libraryelements=jar, org.gradle.usage=java-runtime}
2021-06-06T09:17:07.972-0500 [DEBUG] [org.gradle.api.internal.artifacts.ivyservice.resolveengine.graph.builder.DependencyGraphBuilder] Visiting configuration com.android.tools.build:gradle:4.2.1(runtimeElements).
2021-06-06T09:17:07.979-0500 [DEBUG] [org.gradle.api.internal.artifacts.ivyservice.resolveengine.graph.builder.DependencyGraphBuilder] Submitting 25 metadata files to resolve in parallel for com.android.tools.build:gradle:4.2.1(runtimeElements)
2021-06-06T09:17:07.980-0500 [LIFECYCLE] [org.gradle.internal.work.DefaultWorkerLeaseService] 
2021-06-06T09:17:07.980-0500 [DEBUG] [org.gradle.internal.work.DefaultWorkerLeaseService] Worker lease root.1.5.6 started (1 worker(s) in use).
2021-06-06T09:17:07.980-0500 [DEBUG] [org.gradle.internal.resources.AbstractTrackedResourceLock] Build operations Thread 3: acquired lock on root.1.5.6
2021-06-06T09:17:07.980-0500 [DEBUG] [org.gradle.internal.operations.DefaultBuildOperationRunner] Build operation 'Resolve com.google.flatbuffers:flatbuffers-java:1.12.0' started
2021-06-06T09:17:07.981-0500 [DEBUG] [org.gradle.internal.work.DefaultWorkerLeaseService] Worker lease root.1.5.7 started (2 worker(s) in use).
2021-06-06T09:17:07.981-0500 [DEBUG] [org.gradle.internal.resources.AbstractTrackedResourceLock] Build operations Thread 4: acquired lock on root.1.5.7
2021-06-06T09:17:07.981-0500 [DEBUG] [org.gradle.internal.work.DefaultWorkerLeaseService] Worker lease root.1.5.14 started (3 worker(s) in use).
2021-06-06T09:17:07.981-0500 [DEBUG] [org.gradle.internal.operations.DefaultBuildOperationRunner] Build operation 'Resolve org.tensorflow:tensorflow-lite-metadata:0.1.0-rc2' started
2021-06-06T09:17:07.981-0500 [DEBUG] [org.gradle.internal.resources.AbstractTrackedResourceLock] Build operations Thread 5: acquired lock on root.1.5.14
2021-06-06T09:17:07.982-0500 [DEBUG] [org.gradle.internal.operations.DefaultBuildOperationRunner] Build operation 'Resolve com.android.tools.build:builder:4.2.1' started
2021-06-06T09:17:07.982-0500 [DEBUG] [org.gradle.internal.work.DefaultWorkerLeaseService] Worker lease root.1.5.13 started (4 worker(s) in use).
2021-06-06T09:17:07.982-0500 [DEBUG] [org.gradle.internal.resources.AbstractTrackedResourceLock] Build operations: acquired lock on root.1.5.13
2021-06-06T09:17:07.983-0500 [DEBUG] [org.gradle.internal.work.DefaultWorkerLeaseService] Worker lease root.1.5.12 started (5 worker(s) in use).
2021-06-06T09:17:07.983-0500 [DEBUG] [org.gradle.internal.resources.AbstractTrackedResourceLock] Build operations Thread 6: acquired lock on root.1.5.12
2021-06-06T09:17:07.983-0500 [DEBUG] [org.gradle.internal.operations.DefaultBuildOperationRunner] Build operation 'Resolve com.android.tools.build:aaptcompiler:4.2.1' started
2021-06-06T09:17:07.983-0500 [DEBUG] [org.gradle.internal.operations.DefaultBuildOperationRunner] Build operation 'Resolve com.android.tools.analytics-library:crash:27.2.1' started
2021-06-06T09:17:07.983-0500 [DEBUG] [org.gradle.internal.work.DefaultWorkerLeaseService] Worker lease root.1.5.10 started (6 worker(s) in use).
2021-06-06T09:17:07.983-0500 [DEBUG] [org.gradle.internal.operations.DefaultBuildOperationRunner] Build operation 'Download https://dl.google.com/dl/android/maven2/com/google/flatbuffers/flatbuffers-java/1.12.0/flatbuffers-java-1.12.0.pom' started
2021-06-06T09:17:07.984-0500 [DEBUG] [org.gradle.internal.resources.AbstractTrackedResourceLock] Build operations Thread 8: acquired lock on root.1.5.10
2021-06-06T09:17:07.985-0500 [DEBUG] [org.gradle.internal.operations.DefaultBuildOperationRunner] Build operation 'Resolve com.android.tools.build:gradle-api:4.2.1' started
2021-06-06T09:17:07.985-0500 [DEBUG] [org.gradle.internal.operations.DefaultBuildOperationRunner] Build operation 'Download https://dl.google.com/dl/android/maven2/com/android/tools/build/builder/4.2.1/builder-4.2.1.pom' started
2021-06-06T09:17:07.985-0500 [DEBUG] [org.gradle.internal.work.DefaultWorkerLeaseService] Worker lease root.1.5.8 started (8 worker(s) in use).
2021-06-06T09:17:07.985-0500 [DEBUG] [org.gradle.internal.operations.DefaultBuildOperationRunner] Build operation 'Resolve androidx.databinding:databinding-compiler-common:4.2.1' started
2021-06-06T09:17:07.986-0500 [DEBUG] [org.gradle.internal.resources.AbstractTrackedResourceLock] Build operations Thread 7: acquired lock on root.1.5.8
2021-06-06T09:17:07.987-0500 [DEBUG] [org.gradle.internal.operations.DefaultBuildOperationRunner] Build operation 'Download https://dl.google.com/dl/android/maven2/org/tensorflow/tensorflow-lite-metadata/0.1.0-rc2/tensorflow-lite-metadata-0.1.0-rc2.pom' started
2021-06-06T09:17:07.987-0500 [DEBUG] [org.gradle.internal.operations.DefaultBuildOperationRunner] Build operation 'Download https://dl.google.com/dl/android/maven2/com/android/tools/build/aaptcompiler/4.2.1/aaptcompiler-4.2.1.pom' started
2021-06-06T09:17:07.987-0500 [DEBUG] [org.gradle.internal.work.DefaultWorkerLeaseService] Build operation root.1.5.11 could not be started yet (8 worker(s) in use).
2021-06-06T09:17:07.987-0500 [DEBUG] [org.gradle.internal.operations.DefaultBuildOperationRunner] Build operation 'Resolve com.android.tools.lint:lint-gradle-api:27.2.1' started
2021-06-06T09:17:07.989-0500 [DEBUG] [org.gradle.internal.operations.DefaultBuildOperationRunner] Build operation 'Download https://dl.google.com/dl/android/maven2/com/android/tools/build/gradle-api/4.2.1/gradle-api-4.2.1.pom' started
2021-06-06T09:17:07.990-0500 [DEBUG] [org.gradle.internal.operations.DefaultBuildOperationRunner] Build operation 'Download https://dl.google.com/dl/android/maven2/androidx/databinding/databinding-compiler-common/4.2.1/databinding-compiler-common-4.2.1.pom' started
2021-06-06T09:17:07.991-0500 [DEBUG] [org.gradle.internal.operations.DefaultBuildOperationRunner] Build operation 'Download https://dl.google.com/dl/android/maven2/com/android/tools/analytics-library/crash/27.2.1/crash-27.2.1.pom' started
2021-06-06T09:17:07.998-0500 [DEBUG] [org.gradle.internal.operations.DefaultBuildOperationRunner] Build operation 'Download https://dl.google.com/dl/android/maven2/com/android/tools/lint/lint-gradle-api/27.2.1/lint-gradle-api-27.2.1.pom' started
2021-06-06T09:17:08.055-0500 [DEBUG] [org.gradle.internal.operations.DefaultBuildOperationRunner] Completing Build operation 'Download https://dl.google.com/dl/android/maven2/com/google/flatbuffers/flatbuffers-java/1.12.0/flatbuffers-java-1.12.0.pom'
2021-06-06T09:17:08.058-0500 [DEBUG] [org.gradle.internal.operations.DefaultBuildOperationRunner] Build operation 'Download https://repo.maven.apache.org/maven2/com/google/flatbuffers/flatbuffers-java/1.12.0/flatbuffers-java-1.12.0.pom' started
2021-06-06T09:17:08.065-0500 [DEBUG] [org.gradle.internal.operations.DefaultBuildOperationRunner] Completing Build operation 'Download https://dl.google.com/dl/android/maven2/com/android/tools/build/builder/4.2.1/builder-4.2.1.pom'
2021-06-06T09:17:08.088-0500 [DEBUG] [org.gradle.internal.operations.DefaultBuildOperationRunner] Completing Build operation 'Download https://repo.maven.apache.org/maven2/com/google/flatbuffers/flatbuffers-java/1.12.0/flatbuffers-java-1.12.0.pom'
2021-06-06T09:17:08.131-0500 [DEBUG] [org.gradle.internal.operations.DefaultBuildOperationRunner] Completing Build operation 'Download https://dl.google.com/dl/android/maven2/com/android/tools/build/gradle-api/4.2.1/gradle-api-4.2.1.pom'
2021-06-06T09:17:08.145-0500 [DEBUG] [org.gradle.internal.operations.DefaultBuildOperationRunner] Completing Build operation 'Download https://dl.google.com/dl/android/maven2/androidx/databinding/databinding-compiler-common/4.2.1/databinding-compiler-common-4.2.1.pom'
2021-06-06T09:17:08.146-0500 [DEBUG] [org.gradle.internal.operations.DefaultBuildOperationRunner] Build operation 'Download https://dl.google.com/dl/android/maven2/com/android/tools/build/builder/4.2.1/builder-4.2.1.module' started
2021-06-06T09:17:08.154-0500 [DEBUG] [org.gradle.internal.operations.DefaultBuildOperationRunner] Completing Build operation 'Download https://dl.google.com/dl/android/maven2/com/android/tools/lint/lint-gradle-api/27.2.1/lint-gradle-api-27.2.1.pom'
2021-06-06T09:17:08.155-0500 [DEBUG] [org.gradle.internal.operations.DefaultBuildOperationRunner] Completing Build operation 'Resolve com.google.flatbuffers:flatbuffers-java:1.12.0'
2021-06-06T09:17:08.155-0500 [DEBUG] [org.gradle.internal.operations.DefaultBuildOperationRunner] Build operation 'Resolve com.google.flatbuffers:flatbuffers-java:1.12.0' completed
2021-06-06T09:17:08.155-0500 [DEBUG] [org.gradle.internal.operations.DefaultBuildOperationRunner] Build operation 'Resolve org.jetbrains.kotlin:kotlin-stdlib-jdk8:1.4.31' started
2021-06-06T09:17:08.157-0500 [DEBUG] [org.gradle.internal.operations.DefaultBuildOperationRunner] Completing Build operation 'Download https://dl.google.com/dl/android/maven2/org/tensorflow/tensorflow-lite-metadata/0.1.0-rc2/tensorflow-lite-metadata-0.1.0-rc2.pom'
2021-06-06T09:17:08.167-0500 [DEBUG] [org.gradle.internal.operations.DefaultBuildOperationRunner] Completing Build operation 'Download https://dl.google.com/dl/android/maven2/com/android/tools/build/aaptcompiler/4.2.1/aaptcompiler-4.2.1.pom'
2021-06-06T09:17:08.170-0500 [DEBUG] [org.gradle.internal.operations.DefaultBuildOperationRunner] Build operation 'Download https://dl.google.com/dl/android/maven2/org/jetbrains/kotlin/kotlin-stdlib-jdk8/1.4.31/kotlin-stdlib-jdk8-1.4.31.pom' started
2021-06-06T09:17:08.175-0500 [DEBUG] [org.gradle.internal.operations.DefaultBuildOperationRunner] Completing Build operation 'Download https://dl.google.com/dl/android/maven2/com/android/tools/analytics-library/crash/27.2.1/crash-27.2.1.pom'
2021-06-06T09:17:08.175-0500 [DEBUG] [org.gradle.internal.operations.DefaultBuildOperationRunner] Build operation 'Download https://dl.google.com/dl/android/maven2/com/android/tools/build/gradle-api/4.2.1/gradle-api-4.2.1.module' started
2021-06-06T09:17:08.194-0500 [DEBUG] [org.gradle.internal.operations.DefaultBuildOperationRunner] Build operation 'Download https://repo.maven.apache.org/maven2/org/tensorflow/tensorflow-lite-metadata/0.1.0-rc2/tensorflow-lite-metadata-0.1.0-rc2.pom' started
2021-06-06T09:17:08.196-0500 [DEBUG] [org.gradle.internal.operations.DefaultBuildOperationRunner] Build operation 'Download https://dl.google.com/dl/android/maven2/com/android/tools/lint/lint-gradle-api/27.2.1/lint-gradle-api-27.2.1.module' started
2021-06-06T09:17:08.197-0500 [DEBUG] [org.gradle.internal.operations.DefaultBuildOperationRunner] Build operation 'Download https://dl.google.com/dl/android/maven2/androidx/databinding/databinding-compiler-common/4.2.1/databinding-compiler-common-4.2.1.module' started
2021-06-06T09:17:08.211-0500 [DEBUG] [org.gradle.internal.operations.DefaultBuildOperationRunner] Build operation 'Download https://dl.google.com/dl/android/maven2/com/android/tools/build/aaptcompiler/4.2.1/aaptcompiler-4.2.1.module' started
2021-06-06T09:17:08.211-0500 [DEBUG] [org.gradle.internal.operations.DefaultBuildOperationRunner] Build operation 'Download https://dl.google.com/dl/android/maven2/com/android/tools/analytics-library/crash/27.2.1/crash-27.2.1.module' started
2021-06-06T09:17:08.220-0500 [DEBUG] [org.gradle.internal.operations.DefaultBuildOperationRunner] Completing Build operation 'Download https://repo.maven.apache.org/maven2/org/tensorflow/tensorflow-lite-metadata/0.1.0-rc2/tensorflow-lite-metadata-0.1.0-rc2.pom'
2021-06-06T09:17:08.238-0500 [DEBUG] [org.gradle.internal.operations.DefaultBuildOperationRunner] Build operation 'Metadata of https://dl.google.com/dl/android/maven2/org/sonatype/oss/oss-parent/7/oss-parent-7.pom' started
2021-06-06T09:17:08.246-0500 [DEBUG] [org.gradle.internal.operations.DefaultBuildOperationRunner] Completing Build operation 'Download https://dl.google.com/dl/android/maven2/com/android/tools/build/builder/4.2.1/builder-4.2.1.module'
2021-06-06T09:17:08.257-0500 [DEBUG] [org.gradle.internal.operations.DefaultBuildOperationRunner] Completing Build operation 'Download https://dl.google.com/dl/android/maven2/org/jetbrains/kotlin/kotlin-stdlib-jdk8/1.4.31/kotlin-stdlib-jdk8-1.4.31.pom'
2021-06-06T09:17:08.260-0500 [DEBUG] [org.gradle.internal.operations.DefaultBuildOperationRunner] Build operation 'Download https://repo.maven.apache.org/maven2/org/jetbrains/kotlin/kotlin-stdlib-jdk8/1.4.31/kotlin-stdlib-jdk8-1.4.31.pom' started
2021-06-06T09:17:08.266-0500 [DEBUG] [org.gradle.internal.operations.DefaultBuildOperationRunner] Completing Build operation 'Download https://dl.google.com/dl/android/maven2/com/android/tools/lint/lint-gradle-api/27.2.1/lint-gradle-api-27.2.1.module'
2021-06-06T09:17:08.269-0500 [DEBUG] [org.gradle.internal.operations.DefaultBuildOperationRunner] Completing Build operation 'Download https://dl.google.com/dl/android/maven2/androidx/databinding/databinding-compiler-common/4.2.1/databinding-compiler-common-4.2.1.module'
2021-06-06T09:17:08.267-0500 [DEBUG] [org.gradle.internal.operations.DefaultBuildOperationRunner] Completing Build operation 'Download https://dl.google.com/dl/android/maven2/com/android/tools/build/aaptcompiler/4.2.1/aaptcompiler-4.2.1.module'
2021-06-06T09:17:08.271-0500 [DEBUG] [org.gradle.internal.operations.DefaultBuildOperationRunner] Completing Build operation 'Download https://dl.google.com/dl/android/maven2/com/android/tools/build/gradle-api/4.2.1/gradle-api-4.2.1.module'
2021-06-06T09:17:08.272-0500 [DEBUG] [org.gradle.internal.operations.DefaultBuildOperationRunner] Completing Build operation 'Download https://dl.google.com/dl/android/maven2/com/android/tools/analytics-library/crash/27.2.1/crash-27.2.1.module'
2021-06-06T09:17:08.274-0500 [DEBUG] [org.gradle.internal.operations.DefaultBuildOperationRunner] Completing Build operation 'Resolve com.android.tools.build:builder:4.2.1'
2021-06-06T09:17:08.274-0500 [DEBUG] [org.gradle.internal.operations.DefaultBuildOperationRunner] Build operation 'Resolve com.android.tools.build:builder:4.2.1' completed
2021-06-06T09:17:08.274-0500 [DEBUG] [org.gradle.internal.operations.DefaultBuildOperationRunner] Build operation 'Resolve com.android.tools.build:transform-api:2.0.0-deprecated-use-gradle-api' started
2021-06-06T09:17:08.281-0500 [DEBUG] [org.gradle.internal.operations.DefaultBuildOperationRunner] Completing Build operation 'Metadata of https://dl.google.com/dl/android/maven2/org/sonatype/oss/oss-parent/7/oss-parent-7.pom'
2021-06-06T09:17:08.292-0500 [DEBUG] [org.gradle.internal.operations.DefaultBuildOperationRunner] Completing Build operation 'Download https://repo.maven.apache.org/maven2/org/jetbrains/kotlin/kotlin-stdlib-jdk8/1.4.31/kotlin-stdlib-jdk8-1.4.31.pom'
2021-06-06T09:17:08.297-0500 [DEBUG] [org.gradle.internal.operations.DefaultBuildOperationRunner] Build operation 'Metadata of https://repo.maven.apache.org/maven2/org/sonatype/oss/oss-parent/7/oss-parent-7.pom' started
2021-06-06T09:17:08.302-0500 [DEBUG] [org.gradle.internal.operations.DefaultBuildOperationRunner] Completing Build operation 'Resolve androidx.databinding:databinding-compiler-common:4.2.1'
2021-06-06T09:17:08.302-0500 [DEBUG] [org.gradle.internal.operations.DefaultBuildOperationRunner] Build operation 'Resolve androidx.databinding:databinding-compiler-common:4.2.1' completed
2021-06-06T09:17:08.302-0500 [DEBUG] [org.gradle.internal.operations.DefaultBuildOperationRunner] Build operation 'Resolve org.ow2.asm:asm:7.0' started
2021-06-06T09:17:08.318-0500 [DEBUG] [org.gradle.internal.operations.DefaultBuildOperationRunner] Completing Build operation 'Resolve com.android.tools.lint:lint-gradle-api:27.2.1'
2021-06-06T09:17:08.318-0500 [DEBUG] [org.gradle.internal.operations.DefaultBuildOperationRunner] Build operation 'Resolve com.android.tools.lint:lint-gradle-api:27.2.1' completed
2021-06-06T09:17:08.318-0500 [DEBUG] [org.gradle.internal.operations.DefaultBuildOperationRunner] Build operation 'Resolve org.ow2.asm:asm-analysis:7.0' started
2021-06-06T09:17:08.319-0500 [DEBUG] [org.gradle.internal.operations.DefaultBuildOperationRunner] Completing Build operation 'Metadata of https://repo.maven.apache.org/maven2/org/sonatype/oss/oss-parent/7/oss-parent-7.pom'
2021-06-06T09:17:08.325-0500 [DEBUG] [org.gradle.internal.operations.DefaultBuildOperationRunner] Build operation 'Download https://dl.google.com/dl/android/maven2/com/android/tools/build/transform-api/2.0.0-deprecated-use-gradle-api/transform-api-2.0.0-deprecated-use-gradle-api.pom' started
2021-06-06T09:17:08.329-0500 [DEBUG] [org.gradle.internal.operations.DefaultBuildOperationRunner] Completing Build operation 'Resolve com.android.tools.build:aaptcompiler:4.2.1'
2021-06-06T09:17:08.329-0500 [DEBUG] [org.gradle.internal.operations.DefaultBuildOperationRunner] Build operation 'Resolve com.android.tools.build:aaptcompiler:4.2.1' completed
2021-06-06T09:17:08.329-0500 [DEBUG] [org.gradle.internal.operations.DefaultBuildOperationRunner] Build operation 'Resolve org.ow2.asm:asm-commons:7.0' started
2021-06-06T09:17:08.334-0500 [DEBUG] [org.gradle.internal.operations.DefaultBuildOperationRunner] Completing Build operation 'Resolve com.android.tools.build:gradle-api:4.2.1'
2021-06-06T09:17:08.334-0500 [DEBUG] [org.gradle.internal.operations.DefaultBuildOperationRunner] Build operation 'Resolve org.ow2.asm:asm-util:7.0' started
2021-06-06T09:17:08.344-0500 [DEBUG] [org.gradle.internal.operations.DefaultBuildOperationRunner] Completing Build operation 'Resolve org.jetbrains.kotlin:kotlin-stdlib-jdk8:1.4.31'
2021-06-06T09:17:08.345-0500 [DEBUG] [org.gradle.internal.operations.DefaultBuildOperationRunner] Build operation 'Resolve org.jetbrains.kotlin:kotlin-stdlib-jdk8:1.4.31' completed
2021-06-06T09:17:08.345-0500 [DEBUG] [org.gradle.internal.operations.DefaultBuildOperationRunner] Build operation 'Resolve net.sf.jopt-simple:jopt-simple:4.9' started
2021-06-06T09:17:08.351-0500 [DEBUG] [org.gradle.internal.operations.DefaultBuildOperationRunner] Completing Build operation 'Resolve com.android.tools.analytics-library:crash:27.2.1'
2021-06-06T09:17:08.351-0500 [DEBUG] [org.gradle.internal.operations.DefaultBuildOperationRunner] Build operation 'Resolve com.android.tools.analytics-library:crash:27.2.1' completed
2021-06-06T09:17:08.352-0500 [DEBUG] [org.gradle.internal.operations.DefaultBuildOperationRunner] Build operation 'Resolve net.sf.proguard:proguard-gradle:6.0.3' started
2021-06-06T09:17:08.354-0500 [DEBUG] [org.gradle.internal.operations.DefaultBuildOperationRunner] Build operation 'Metadata of https://dl.google.com/dl/android/maven2/org/ow2/asm/asm-analysis/7.0/asm-analysis-7.0.pom' started
2021-06-06T09:17:08.354-0500 [DEBUG] [org.gradle.internal.operations.DefaultBuildOperationRunner] Build operation 'Download https://dl.google.com/dl/android/maven2/net/sf/proguard/proguard-gradle/6.0.3/proguard-gradle-6.0.3.pom' started
2021-06-06T09:17:08.355-0500 [DEBUG] [org.gradle.internal.operations.DefaultBuildOperationRunner] Build operation 'Download https://dl.google.com/dl/android/maven2/net/sf/jopt-simple/jopt-simple/4.9/jopt-simple-4.9.pom' started
2021-06-06T09:17:08.366-0500 [DEBUG] [org.gradle.internal.operations.DefaultBuildOperationRunner] Build operation 'Metadata of https://dl.google.com/dl/android/maven2/org/ow2/asm/asm/7.0/asm-7.0.pom' started
2021-06-06T09:17:08.366-0500 [DEBUG] [org.gradle.internal.operations.DefaultBuildOperationRunner] Build operation 'Metadata of https://dl.google.com/dl/android/maven2/org/ow2/asm/asm-commons/7.0/asm-commons-7.0.pom' started
2021-06-06T09:17:08.366-0500 [DEBUG] [org.gradle.internal.operations.DefaultBuildOperationRunner] Build operation 'Download https://dl.google.com/dl/android/maven2/org/ow2/asm/asm-util/7.0/asm-util-7.0.pom' started
2021-06-06T09:17:08.385-0500 [DEBUG] [org.gradle.internal.operations.DefaultBuildOperationRunner] Completing Build operation 'Download https://dl.google.com/dl/android/maven2/com/android/tools/build/transform-api/2.0.0-deprecated-use-gradle-api/transform-api-2.0.0-deprecated-use-gradle-api.pom'
2021-06-06T09:17:08.395-0500 [DEBUG] [org.gradle.internal.operations.DefaultBuildOperationRunner] Completing Build operation 'Metadata of https://dl.google.com/dl/android/maven2/org/ow2/asm/asm-analysis/7.0/asm-analysis-7.0.pom'
2021-06-06T09:17:08.404-0500 [DEBUG] [org.gradle.internal.operations.DefaultBuildOperationRunner] Completing Build operation 'Download https://dl.google.com/dl/android/maven2/net/sf/proguard/proguard-gradle/6.0.3/proguard-gradle-6.0.3.pom'
2021-06-06T09:17:08.406-0500 [DEBUG] [org.gradle.internal.operations.DefaultBuildOperationRunner] Completing Build operation 'Resolve org.tensorflow:tensorflow-lite-metadata:0.1.0-rc2'
2021-06-06T09:17:08.406-0500 [DEBUG] [org.gradle.internal.operations.DefaultBuildOperationRunner] Build operation 'Resolve org.tensorflow:tensorflow-lite-metadata:0.1.0-rc2' completed
2021-06-06T09:17:08.406-0500 [DEBUG] [org.gradle.internal.operations.DefaultBuildOperationRunner] Build operation 'Resolve com.android.tools.build:bundletool:1.1.0' started
2021-06-06T09:17:08.408-0500 [DEBUG] [org.gradle.internal.operations.DefaultBuildOperationRunner] Completing Build operation 'Metadata of https://dl.google.com/dl/android/maven2/org/ow2/asm/asm-commons/7.0/asm-commons-7.0.pom'
2021-06-06T09:17:08.410-0500 [DEBUG] [org.gradle.internal.operations.DefaultBuildOperationRunner] Completing Build operation 'Download https://dl.google.com/dl/android/maven2/org/ow2/asm/asm-util/7.0/asm-util-7.0.pom'
2021-06-06T09:17:08.411-0500 [DEBUG] [org.gradle.internal.operations.DefaultBuildOperationRunner] Completing Build operation 'Resolve com.android.tools.build:transform-api:2.0.0-deprecated-use-gradle-api'
2021-06-06T09:17:08.411-0500 [DEBUG] [org.gradle.internal.operations.DefaultBuildOperationRunner] Build operation 'Resolve com.android.tools.build:transform-api:2.0.0-deprecated-use-gradle-api' completed
2021-06-06T09:17:08.412-0500 [DEBUG] [org.gradle.internal.operations.DefaultBuildOperationRunner] Build operation 'Resolve com.android.tools.build.jetifier:jetifier-core:1.0.0-beta09' started
2021-06-06T09:17:08.414-0500 [DEBUG] [org.gradle.internal.operations.DefaultBuildOperationRunner] Build operation 'Download https://dl.google.com/dl/android/maven2/com/android/tools/build/jetifier/jetifier-core/1.0.0-beta09/jetifier-core-1.0.0-beta09.pom' started
2021-06-06T09:17:08.414-0500 [DEBUG] [org.gradle.internal.operations.DefaultBuildOperationRunner] Build operation 'Download https://repo.maven.apache.org/maven2/org/ow2/asm/asm-util/7.0/asm-util-7.0.pom' started
2021-06-06T09:17:08.420-0500 [DEBUG] [org.gradle.internal.operations.DefaultBuildOperationRunner] Build operation 'Download https://dl.google.com/dl/android/maven2/com/android/tools/build/bundletool/1.1.0/bundletool-1.1.0.pom' started
2021-06-06T09:17:08.420-0500 [DEBUG] [org.gradle.internal.operations.DefaultBuildOperationRunner] Build operation 'Metadata of https://repo.maven.apache.org/maven2/org/ow2/asm/asm-commons/7.0/asm-commons-7.0.pom' started
2021-06-06T09:17:08.422-0500 [DEBUG] [org.gradle.internal.operations.DefaultBuildOperationRunner] Build operation 'Download https://repo.maven.apache.org/maven2/net/sf/proguard/proguard-gradle/6.0.3/proguard-gradle-6.0.3.pom' started
2021-06-06T09:17:08.421-0500 [DEBUG] [org.gradle.internal.operations.DefaultBuildOperationRunner] Build operation 'Metadata of https://repo.maven.apache.org/maven2/org/ow2/asm/asm-analysis/7.0/asm-analysis-7.0.pom' started
2021-06-06T09:17:08.430-0500 [DEBUG] [org.gradle.internal.operations.DefaultBuildOperationRunner] Completing Build operation 'Download https://dl.google.com/dl/android/maven2/net/sf/jopt-simple/jopt-simple/4.9/jopt-simple-4.9.pom'
2021-06-06T09:17:08.435-0500 [DEBUG] [org.gradle.internal.operations.DefaultBuildOperationRunner] Completing Build operation 'Metadata of https://dl.google.com/dl/android/maven2/org/ow2/asm/asm/7.0/asm-7.0.pom'
2021-06-06T09:17:08.438-0500 [DEBUG] [org.gradle.internal.operations.DefaultBuildOperationRunner] Build operation 'Metadata of https://repo.maven.apache.org/maven2/org/ow2/asm/asm/7.0/asm-7.0.pom' started
2021-06-06T09:17:08.432-0500 [DEBUG] [org.gradle.internal.operations.DefaultBuildOperationRunner] Build operation 'Download https://repo.maven.apache.org/maven2/net/sf/jopt-simple/jopt-simple/4.9/jopt-simple-4.9.pom' started
2021-06-06T09:17:08.448-0500 [DEBUG] [org.gradle.internal.operations.DefaultBuildOperationRunner] Completing Build operation 'Download https://repo.maven.apache.org/maven2/org/ow2/asm/asm-util/7.0/asm-util-7.0.pom'
2021-06-06T09:17:08.525-0500 [DEBUG] [org.gradle.internal.operations.DefaultBuildOperationRunner] Completing Build operation 'Download https://dl.google.com/dl/android/maven2/com/android/tools/build/bundletool/1.1.0/bundletool-1.1.0.pom'
2021-06-06T09:17:08.554-0500 [DEBUG] [org.gradle.internal.operations.DefaultBuildOperationRunner] Completing Build operation 'Download https://dl.google.com/dl/android/maven2/com/android/tools/build/jetifier/jetifier-core/1.0.0-beta09/jetifier-core-1.0.0-beta09.pom'
2021-06-06T09:17:08.566-0500 [DEBUG] [org.gradle.internal.operations.DefaultBuildOperationRunner] Completing Build operation 'Metadata of https://repo.maven.apache.org/maven2/org/ow2/asm/asm/7.0/asm-7.0.pom'
2021-06-06T09:17:08.567-0500 [DEBUG] [org.gradle.internal.operations.DefaultBuildOperationRunner] Completing Build operation 'Metadata of https://repo.maven.apache.org/maven2/org/ow2/asm/asm-commons/7.0/asm-commons-7.0.pom'
2021-06-06T09:17:08.581-0500 [DEBUG] [org.gradle.internal.operations.DefaultBuildOperationRunner] Completing Build operation 'Resolve com.android.tools.build:bundletool:1.1.0'
2021-06-06T09:17:08.581-0500 [DEBUG] [org.gradle.internal.operations.DefaultBuildOperationRunner] Build operation 'Resolve com.android.tools.build:bundletool:1.1.0' completed
2021-06-06T09:17:08.582-0500 [DEBUG] [org.gradle.internal.operations.DefaultBuildOperationRunner] Build operation 'Resolve com.android.tools.build.jetifier:jetifier-processor:1.0.0-beta09' started
2021-06-06T09:17:08.584-0500 [DEBUG] [org.gradle.internal.operations.DefaultBuildOperationRunner] Build operation 'Download https://dl.google.com/dl/android/maven2/com/android/tools/build/jetifier/jetifier-processor/1.0.0-beta09/jetifier-processor-1.0.0-beta09.pom' started
2021-06-06T09:17:08.596-0500 [DEBUG] [org.gradle.internal.operations.DefaultBuildOperationRunner] Completing Build operation 'Metadata of https://repo.maven.apache.org/maven2/org/ow2/asm/asm-analysis/7.0/asm-analysis-7.0.pom'
2021-06-06T09:17:08.598-0500 [DEBUG] [org.gradle.internal.operations.DefaultBuildOperationRunner] Build operation 'Metadata of https://dl.google.com/dl/android/maven2/org/ow2/ow2/1.5/ow2-1.5.pom' started
2021-06-06T09:17:08.604-0500 [DEBUG] [org.gradle.internal.operations.DefaultBuildOperationRunner] Completing Build operation 'Download https://repo.maven.apache.org/maven2/net/sf/jopt-simple/jopt-simple/4.9/jopt-simple-4.9.pom'
2021-06-06T09:17:08.612-0500 [DEBUG] [org.gradle.internal.operations.DefaultBuildOperationRunner] Completing Build operation 'Download https://repo.maven.apache.org/maven2/net/sf/proguard/proguard-gradle/6.0.3/proguard-gradle-6.0.3.pom'
2021-06-06T09:17:08.643-0500 [DEBUG] [org.gradle.internal.operations.DefaultBuildOperationRunner] Build operation 'Download https://dl.google.com/dl/android/maven2/net/sf/proguard/proguard-parent/6.0.3/proguard-parent-6.0.3.pom' started
2021-06-06T09:17:08.648-0500 [DEBUG] [org.gradle.internal.operations.DefaultBuildOperationRunner] Completing Build operation 'Resolve com.android.tools.build.jetifier:jetifier-core:1.0.0-beta09'
2021-06-06T09:17:08.648-0500 [DEBUG] [org.gradle.internal.operations.DefaultBuildOperationRunner] Build operation 'Resolve com.android.tools.build.jetifier:jetifier-core:1.0.0-beta09' completed
2021-06-06T09:17:08.648-0500 [DEBUG] [org.gradle.internal.operations.DefaultBuildOperationRunner] Build operation 'Resolve com.squareup:javapoet:1.10.0' started
2021-06-06T09:17:08.650-0500 [DEBUG] [org.gradle.internal.operations.DefaultBuildOperationRunner] Build operation 'Download https://dl.google.com/dl/android/maven2/com/squareup/javapoet/1.10.0/javapoet-1.10.0.pom' started
2021-06-06T09:17:08.651-0500 [DEBUG] [org.gradle.internal.operations.DefaultBuildOperationRunner] Completing Build operation 'Download https://dl.google.com/dl/android/maven2/com/android/tools/build/jetifier/jetifier-processor/1.0.0-beta09/jetifier-processor-1.0.0-beta09.pom'
2021-06-06T09:17:08.652-0500 [DEBUG] [org.gradle.internal.operations.DefaultBuildOperationRunner] Completing Build operation 'Metadata of https://dl.google.com/dl/android/maven2/org/ow2/ow2/1.5/ow2-1.5.pom'
2021-06-06T09:17:08.663-0500 [DEBUG] [org.gradle.internal.operations.DefaultBuildOperationRunner] Build operation 'Metadata of https://repo.maven.apache.org/maven2/org/ow2/ow2/1.5/ow2-1.5.pom' started
2021-06-06T09:17:08.676-0500 [DEBUG] [org.gradle.internal.operations.DefaultBuildOperationRunner] Completing Build operation 'Resolve net.sf.jopt-simple:jopt-simple:4.9'
2021-06-06T09:17:08.676-0500 [DEBUG] [org.gradle.internal.operations.DefaultBuildOperationRunner] Build operation 'Resolve net.sf.jopt-simple:jopt-simple:4.9' completed
2021-06-06T09:17:08.677-0500 [DEBUG] [org.gradle.internal.operations.DefaultBuildOperationRunner] Build operation 'Resolve com.google.protobuf:protobuf-java:3.10.0' started
2021-06-06T09:17:08.677-0500 [DEBUG] [org.gradle.internal.operations.DefaultBuildOperationRunner] Build operation 'Metadata of https://dl.google.com/dl/android/maven2/org/ow2/ow2/1.5/ow2-1.5.pom' started
2021-06-06T09:17:08.680-0500 [DEBUG] [org.gradle.internal.operations.DefaultBuildOperationRunner] Build operation 'Download https://dl.google.com/dl/android/maven2/com/google/protobuf/protobuf-java/3.10.0/protobuf-java-3.10.0.pom' started
2021-06-06T09:17:08.684-0500 [DEBUG] [org.gradle.internal.operations.DefaultBuildOperationRunner] Completing Build operation 'Metadata of https://repo.maven.apache.org/maven2/org/ow2/ow2/1.5/ow2-1.5.pom'
2021-06-06T09:17:08.686-0500 [DEBUG] [org.gradle.internal.operations.DefaultBuildOperationRunner] Completing Build operation 'Download https://dl.google.com/dl/android/maven2/net/sf/proguard/proguard-parent/6.0.3/proguard-parent-6.0.3.pom'
2021-06-06T09:17:08.688-0500 [DEBUG] [org.gradle.internal.operations.DefaultBuildOperationRunner] Build operation 'Download https://repo.maven.apache.org/maven2/net/sf/proguard/proguard-parent/6.0.3/proguard-parent-6.0.3.pom' started
2021-06-06T09:17:08.722-0500 [DEBUG] [org.gradle.internal.operations.DefaultBuildOperationRunner] Completing Build operation 'Download https://repo.maven.apache.org/maven2/net/sf/proguard/proguard-parent/6.0.3/proguard-parent-6.0.3.pom'
2021-06-06T09:17:08.728-0500 [DEBUG] [org.gradle.internal.operations.DefaultBuildOperationRunner] Completing Build operation 'Resolve com.android.tools.build.jetifier:jetifier-processor:1.0.0-beta09'
2021-06-06T09:17:08.728-0500 [DEBUG] [org.gradle.internal.operations.DefaultBuildOperationRunner] Build operation 'Resolve com.android.tools.build.jetifier:jetifier-processor:1.0.0-beta09' completed
2021-06-06T09:17:08.728-0500 [DEBUG] [org.gradle.internal.operations.DefaultBuildOperationRunner] Build operation 'Resolve com.google.protobuf:protobuf-java-util:3.10.0' started
2021-06-06T09:17:08.730-0500 [DEBUG] [org.gradle.internal.operations.DefaultBuildOperationRunner] Completing Build operation 'Metadata of https://dl.google.com/dl/android/maven2/org/ow2/ow2/1.5/ow2-1.5.pom'
2021-06-06T09:17:08.731-0500 [DEBUG] [org.gradle.internal.operations.DefaultBuildOperationRunner] Completing Build operation 'Download https://dl.google.com/dl/android/maven2/com/squareup/javapoet/1.10.0/javapoet-1.10.0.pom'
2021-06-06T09:17:08.732-0500 [DEBUG] [org.gradle.internal.operations.DefaultBuildOperationRunner] Completing Build operation 'Download https://dl.google.com/dl/android/maven2/com/google/protobuf/protobuf-java/3.10.0/protobuf-java-3.10.0.pom'
2021-06-06T09:17:08.740-0500 [DEBUG] [org.gradle.internal.operations.DefaultBuildOperationRunner] Build operation 'Download https://repo.maven.apache.org/maven2/com/squareup/javapoet/1.10.0/javapoet-1.10.0.pom' started
2021-06-06T09:17:08.744-0500 [DEBUG] [org.gradle.internal.operations.DefaultBuildOperationRunner] Build operation 'Download https://dl.google.com/dl/android/maven2/com/google/protobuf/protobuf-java-util/3.10.0/protobuf-java-util-3.10.0.pom' started
2021-06-06T09:17:08.742-0500 [DEBUG] [org.gradle.internal.operations.DefaultBuildOperationRunner] Build operation 'Metadata of https://dl.google.com/dl/android/maven2/org/ow2/ow2/1.5/ow2-1.5.pom' started
2021-06-06T09:17:08.773-0500 [DEBUG] [org.gradle.internal.operations.DefaultBuildOperationRunner] Completing Build operation 'Download https://repo.maven.apache.org/maven2/com/squareup/javapoet/1.10.0/javapoet-1.10.0.pom'
2021-06-06T09:17:08.789-0500 [DEBUG] [org.gradle.internal.operations.DefaultBuildOperationRunner] Completing Build operation 'Resolve org.ow2.asm:asm-commons:7.0'
2021-06-06T09:17:08.789-0500 [DEBUG] [org.gradle.internal.operations.DefaultBuildOperationRunner] Build operation 'Resolve org.ow2.asm:asm-commons:7.0' completed
2021-06-06T09:17:08.789-0500 [DEBUG] [org.gradle.internal.operations.DefaultBuildOperationRunner] Build operation 'Resolve com.google.crypto.tink:tink:1.3.0-rc2' started
2021-06-06T09:17:08.791-0500 [DEBUG] [org.gradle.internal.operations.DefaultBuildOperationRunner] Build operation 'Download https://dl.google.com/dl/android/maven2/com/google/crypto/tink/tink/1.3.0-rc2/tink-1.3.0-rc2.pom' started
2021-06-06T09:17:08.798-0500 [DEBUG] [org.gradle.internal.operations.DefaultBuildOperationRunner] Completing Build operation 'Metadata of https://dl.google.com/dl/android/maven2/org/ow2/ow2/1.5/ow2-1.5.pom'
2021-06-06T09:17:08.822-0500 [DEBUG] [org.gradle.internal.operations.DefaultBuildOperationRunner] Completing Build operation 'Resolve org.ow2.asm:asm-analysis:7.0'
2021-06-06T09:17:08.822-0500 [DEBUG] [org.gradle.internal.operations.DefaultBuildOperationRunner] Build operation 'Resolve org.ow2.asm:asm-analysis:7.0' completed
2021-06-06T09:17:08.822-0500 [DEBUG] [org.gradle.internal.operations.DefaultBuildOperationRunner] Build operation 'Resolve com.google.testing.platform:core-proto:0.0.8-alpha01' started
2021-06-06T09:17:08.830-0500 [DEBUG] [org.gradle.internal.operations.DefaultBuildOperationRunner] Completing Build operation 'Download https://dl.google.com/dl/android/maven2/com/google/protobuf/protobuf-java-util/3.10.0/protobuf-java-util-3.10.0.pom'
2021-06-06T09:17:08.831-0500 [DEBUG] [org.gradle.internal.operations.DefaultBuildOperationRunner] Completing Build operation 'Resolve com.squareup:javapoet:1.10.0'
2021-06-06T09:17:08.831-0500 [DEBUG] [org.gradle.internal.operations.DefaultBuildOperationRunner] Build operation 'Resolve com.squareup:javapoet:1.10.0' completed
2021-06-06T09:17:08.831-0500 [DEBUG] [org.gradle.internal.work.DefaultWorkerLeaseService] Worker lease root.1.5.14 completed (7 worker(s) in use)
2021-06-06T09:17:08.831-0500 [DEBUG] [org.gradle.internal.resources.AbstractTrackedResourceLock] Build operations Thread 5: released lock on root.1.5.14
2021-06-06T09:17:08.831-0500 [DEBUG] [org.gradle.internal.work.DefaultWorkerLeaseService] Worker lease root.1.5.11 started (8 worker(s) in use).
2021-06-06T09:17:08.832-0500 [DEBUG] [org.gradle.internal.resources.AbstractTrackedResourceLock] Build operations Thread 2: acquired lock on root.1.5.11
2021-06-06T09:17:08.832-0500 [DEBUG] [org.gradle.internal.operations.DefaultBuildOperationRunner] Build operation 'Resolve com.android.tools.build:aapt2-proto:4.2.1-7147631' started
2021-06-06T09:17:08.833-0500 [DEBUG] [org.gradle.internal.operations.DefaultBuildOperationRunner] Completing Build operation 'Download https://dl.google.com/dl/android/maven2/com/google/crypto/tink/tink/1.3.0-rc2/tink-1.3.0-rc2.pom'
2021-06-06T09:17:08.835-0500 [DEBUG] [org.gradle.internal.operations.DefaultBuildOperationRunner] Completing Build operation 'Resolve org.ow2.asm:asm-util:7.0'
2021-06-06T09:17:08.836-0500 [DEBUG] [org.gradle.internal.operations.DefaultBuildOperationRunner] Build operation 'Download https://repo.maven.apache.org/maven2/com/google/protobuf/protobuf-java/3.10.0/protobuf-java-3.10.0.pom' started
2021-06-06T09:17:08.838-0500 [DEBUG] [org.gradle.internal.operations.DefaultBuildOperationRunner] Build operation 'Download https://repo.maven.apache.org/maven2/com/google/crypto/tink/tink/1.3.0-rc2/tink-1.3.0-rc2.pom' started
2021-06-06T09:17:08.839-0500 [DEBUG] [org.gradle.internal.operations.DefaultBuildOperationRunner] Build operation 'Download https://repo.maven.apache.org/maven2/com/google/protobuf/protobuf-java-util/3.10.0/protobuf-java-util-3.10.0.pom' started
2021-06-06T09:17:08.839-0500 [DEBUG] [org.gradle.internal.operations.DefaultBuildOperationRunner] Build operation 'Download https://dl.google.com/dl/android/maven2/com/google/testing/platform/core-proto/0.0.8-alpha01/core-proto-0.0.8-alpha01.pom' started
2021-06-06T09:17:08.840-0500 [DEBUG] [org.gradle.internal.operations.DefaultBuildOperationRunner] Build operation 'Download https://dl.google.com/dl/android/maven2/com/android/tools/build/aapt2-proto/4.2.1-7147631/aapt2-proto-4.2.1-7147631.pom' started
2021-06-06T09:17:08.852-0500 [DEBUG] [org.gradle.internal.operations.DefaultBuildOperationRunner] Completing Build operation 'Resolve net.sf.proguard:proguard-gradle:6.0.3'
2021-06-06T09:17:08.852-0500 [DEBUG] [org.gradle.internal.operations.DefaultBuildOperationRunner] Build operation 'Resolve net.sf.proguard:proguard-gradle:6.0.3' completed
2021-06-06T09:17:08.853-0500 [DEBUG] [org.gradle.internal.work.DefaultWorkerLeaseService] Worker lease root.1.5.13 completed (6 worker(s) in use)
2021-06-06T09:17:08.853-0500 [DEBUG] [org.gradle.internal.resources.AbstractTrackedResourceLock] Build operations: released lock on root.1.5.13
2021-06-06T09:17:08.857-0500 [DEBUG] [org.gradle.internal.operations.DefaultBuildOperationRunner] Completing Build operation 'Resolve org.ow2.asm:asm:7.0'
2021-06-06T09:17:08.857-0500 [DEBUG] [org.gradle.internal.operations.DefaultBuildOperationRunner] Build operation 'Resolve org.ow2.asm:asm:7.0' completed
2021-06-06T09:17:08.857-0500 [DEBUG] [org.gradle.internal.work.DefaultWorkerLeaseService] Worker lease root.1.5.10 completed (5 worker(s) in use)
2021-06-06T09:17:08.857-0500 [DEBUG] [org.gradle.internal.resources.AbstractTrackedResourceLock] Build operations Thread 8: released lock on root.1.5.10
2021-06-06T09:17:08.865-0500 [DEBUG] [org.gradle.internal.operations.DefaultBuildOperationRunner] Completing Build operation 'Download https://repo.maven.apache.org/maven2/com/google/protobuf/protobuf-java/3.10.0/protobuf-java-3.10.0.pom'
2021-06-06T09:17:08.868-0500 [DEBUG] [org.gradle.internal.operations.DefaultBuildOperationRunner] Completing Build operation 'Download https://repo.maven.apache.org/maven2/com/google/protobuf/protobuf-java-util/3.10.0/protobuf-java-util-3.10.0.pom'
2021-06-06T09:17:08.875-0500 [DEBUG] [org.gradle.internal.operations.DefaultBuildOperationRunner] Completing Build operation 'Download https://repo.maven.apache.org/maven2/com/google/crypto/tink/tink/1.3.0-rc2/tink-1.3.0-rc2.pom'
2021-06-06T09:17:08.891-0500 [DEBUG] [org.gradle.internal.operations.DefaultBuildOperationRunner] Build operation 'Download https://dl.google.com/dl/android/maven2/com/google/protobuf/protobuf-parent/3.10.0/protobuf-parent-3.10.0.pom' started
2021-06-06T09:17:08.900-0500 [DEBUG] [org.gradle.internal.operations.DefaultBuildOperationRunner] Completing Build operation 'Resolve com.google.crypto.tink:tink:1.3.0-rc2'
2021-06-06T09:17:08.901-0500 [DEBUG] [org.gradle.internal.operations.DefaultBuildOperationRunner] Build operation 'Resolve com.google.crypto.tink:tink:1.3.0-rc2' completed
2021-06-06T09:17:08.901-0500 [DEBUG] [org.gradle.internal.work.DefaultWorkerLeaseService] Worker lease root.1.5.12 completed (4 worker(s) in use)
2021-06-06T09:17:08.901-0500 [DEBUG] [org.gradle.internal.resources.AbstractTrackedResourceLock] Build operations Thread 6: released lock on root.1.5.12
2021-06-06T09:17:08.905-0500 [DEBUG] [org.gradle.internal.operations.DefaultBuildOperationRunner] Completing Build operation 'Download https://dl.google.com/dl/android/maven2/com/android/tools/build/aapt2-proto/4.2.1-7147631/aapt2-proto-4.2.1-7147631.pom'
2021-06-06T09:17:08.918-0500 [DEBUG] [org.gradle.internal.operations.DefaultBuildOperationRunner] Build operation 'Download https://dl.google.com/dl/android/maven2/com/android/tools/build/aapt2-proto/4.2.1-7147631/aapt2-proto-4.2.1-7147631.module' started
2021-06-06T09:17:08.932-0500 [DEBUG] [org.gradle.internal.operations.DefaultBuildOperationRunner] Completing Build operation 'Download https://dl.google.com/dl/android/maven2/com/google/protobuf/protobuf-parent/3.10.0/protobuf-parent-3.10.0.pom'
2021-06-06T09:17:08.934-0500 [DEBUG] [org.gradle.internal.operations.DefaultBuildOperationRunner] Build operation 'Download https://dl.google.com/dl/android/maven2/com/google/protobuf/protobuf-parent/3.10.0/protobuf-parent-3.10.0.pom' started
2021-06-06T09:17:08.934-0500 [DEBUG] [org.gradle.internal.operations.DefaultBuildOperationRunner] Build operation 'Download https://repo.maven.apache.org/maven2/com/google/protobuf/protobuf-parent/3.10.0/protobuf-parent-3.10.0.pom' started
2021-06-06T09:17:08.942-0500 [DEBUG] [org.gradle.internal.operations.DefaultBuildOperationRunner] Completing Build operation 'Download https://dl.google.com/dl/android/maven2/com/google/testing/platform/core-proto/0.0.8-alpha01/core-proto-0.0.8-alpha01.pom'
2021-06-06T09:17:08.960-0500 [DEBUG] [org.gradle.internal.operations.DefaultBuildOperationRunner] Completing Build operation 'Resolve com.google.testing.platform:core-proto:0.0.8-alpha01'
2021-06-06T09:17:08.960-0500 [DEBUG] [org.gradle.internal.operations.DefaultBuildOperationRunner] Build operation 'Resolve com.google.testing.platform:core-proto:0.0.8-alpha01' completed
2021-06-06T09:17:08.960-0500 [DEBUG] [org.gradle.internal.work.DefaultWorkerLeaseService] Worker lease root.1.5.8 completed (3 worker(s) in use)
2021-06-06T09:17:08.960-0500 [DEBUG] [org.gradle.internal.resources.AbstractTrackedResourceLock] Build operations Thread 7: released lock on root.1.5.8
2021-06-06T09:17:08.961-0500 [DEBUG] [org.gradle.internal.operations.DefaultBuildOperationRunner] Completing Build operation 'Download https://repo.maven.apache.org/maven2/com/google/protobuf/protobuf-parent/3.10.0/protobuf-parent-3.10.0.pom'
2021-06-06T09:17:08.965-0500 [DEBUG] [org.gradle.internal.operations.DefaultBuildOperationRunner] Completing Build operation 'Download https://dl.google.com/dl/android/maven2/com/android/tools/build/aapt2-proto/4.2.1-7147631/aapt2-proto-4.2.1-7147631.module'
2021-06-06T09:17:08.976-0500 [DEBUG] [org.gradle.internal.operations.DefaultBuildOperationRunner] Completing Build operation 'Download https://dl.google.com/dl/android/maven2/com/google/protobuf/protobuf-parent/3.10.0/protobuf-parent-3.10.0.pom'
2021-06-06T09:17:08.978-0500 [DEBUG] [org.gradle.internal.operations.DefaultBuildOperationRunner] Build operation 'Download https://dl.google.com/dl/android/maven2/com/google/protobuf/protobuf-bom/3.10.0/protobuf-bom-3.10.0.pom' started
2021-06-06T09:17:08.988-0500 [DEBUG] [org.gradle.internal.operations.DefaultBuildOperationRunner] Completing Build operation 'Resolve com.android.tools.build:aapt2-proto:4.2.1-7147631'
2021-06-06T09:17:08.988-0500 [DEBUG] [org.gradle.internal.operations.DefaultBuildOperationRunner] Build operation 'Resolve com.android.tools.build:aapt2-proto:4.2.1-7147631' completed
2021-06-06T09:17:08.988-0500 [DEBUG] [org.gradle.internal.work.DefaultWorkerLeaseService] Worker lease root.1.5.11 completed (2 worker(s) in use)
2021-06-06T09:17:08.988-0500 [DEBUG] [org.gradle.internal.resources.AbstractTrackedResourceLock] Build operations Thread 2: released lock on root.1.5.11
2021-06-06T09:17:09.019-0500 [DEBUG] [org.gradle.internal.operations.DefaultBuildOperationRunner] Completing Build operation 'Download https://dl.google.com/dl/android/maven2/com/google/protobuf/protobuf-bom/3.10.0/protobuf-bom-3.10.0.pom'
2021-06-06T09:17:09.021-0500 [DEBUG] [org.gradle.internal.operations.DefaultBuildOperationRunner] Build operation 'Download https://dl.google.com/dl/android/maven2/com/google/protobuf/protobuf-bom/3.10.0/protobuf-bom-3.10.0.pom' started
2021-06-06T09:17:09.021-0500 [DEBUG] [org.gradle.internal.operations.DefaultBuildOperationRunner] Build operation 'Download https://repo.maven.apache.org/maven2/com/google/protobuf/protobuf-bom/3.10.0/protobuf-bom-3.10.0.pom' started
2021-06-06T09:17:09.044-0500 [DEBUG] [org.gradle.internal.operations.DefaultBuildOperationRunner] Completing Build operation 'Download https://repo.maven.apache.org/maven2/com/google/protobuf/protobuf-bom/3.10.0/protobuf-bom-3.10.0.pom'
2021-06-06T09:17:09.061-0500 [DEBUG] [org.gradle.internal.operations.DefaultBuildOperationRunner] Completing Build operation 'Download https://dl.google.com/dl/android/maven2/com/google/protobuf/protobuf-bom/3.10.0/protobuf-bom-3.10.0.pom'
2021-06-06T09:17:09.082-0500 [DEBUG] [org.gradle.internal.operations.DefaultBuildOperationRunner] Completing Build operation 'Resolve com.google.protobuf:protobuf-java:3.10.0'
2021-06-06T09:17:09.082-0500 [DEBUG] [org.gradle.internal.operations.DefaultBuildOperationRunner] Build operation 'Resolve com.google.protobuf:protobuf-java:3.10.0' completed
2021-06-06T09:17:09.083-0500 [DEBUG] [org.gradle.internal.work.DefaultWorkerLeaseService] Worker lease root.1.5.6 completed (1 worker(s) in use)
2021-06-06T09:17:09.083-0500 [DEBUG] [org.gradle.internal.resources.AbstractTrackedResourceLock] Build operations Thread 3: released lock on root.1.5.6
2021-06-06T09:17:09.086-0500 [DEBUG] [org.gradle.internal.operations.DefaultBuildOperationRunner] Completing Build operation 'Resolve com.google.protobuf:protobuf-java-util:3.10.0'
2021-06-06T09:17:09.086-0500 [DEBUG] [org.gradle.internal.operations.DefaultBuildOperationRunner] Build operation 'Resolve com.google.protobuf:protobuf-java-util:3.10.0' completed
2021-06-06T09:17:09.086-0500 [DEBUG] [org.gradle.internal.work.DefaultWorkerLeaseService] Worker lease root.1.5.7 completed (1 worker(s) in use)
2021-06-06T09:17:09.086-0500 [DEBUG] [org.gradle.internal.resources.AbstractTrackedResourceLock] Build operations Thread 4: released lock on root.1.5.7
2021-06-06T09:17:09.095-0500 [DEBUG] [org.gradle.internal.operations.DefaultBuildOperationRunner] Build operation 'Resolve org.jetbrains.kotlin:kotlin-gradle-plugin-api:1.4.32' started
2021-06-06T09:17:09.095-0500 [DEBUG] [org.gradle.internal.work.DefaultWorkerLeaseService] Worker lease root.1.15.19 started (2 worker(s) in use).
2021-06-06T09:17:09.095-0500 [DEBUG] [org.gradle.internal.resources.AbstractTrackedResourceLock] Build operations Thread 3: acquired lock on root.1.15.19
2021-06-06T09:17:09.095-0500 [DEBUG] [org.gradle.internal.work.DefaultWorkerLeaseService] Worker lease root.1.15.18 started (3 worker(s) in use).
2021-06-06T09:17:09.095-0500 [DEBUG] [org.gradle.internal.resources.AbstractTrackedResourceLock] Build operations Thread 6: acquired lock on root.1.15.18
2021-06-06T09:17:09.095-0500 [DEBUG] [org.gradle.internal.operations.DefaultBuildOperationRunner] Build operation 'Resolve org.jetbrains.kotlin:kotlin-compiler-embeddable:1.4.32' started
2021-06-06T09:17:09.095-0500 [DEBUG] [org.gradle.internal.work.DefaultWorkerLeaseService] Worker lease root.1.15.17 started (4 worker(s) in use).
2021-06-06T09:17:09.095-0500 [DEBUG] [org.gradle.internal.operations.DefaultBuildOperationRunner] Build operation 'Resolve com.google.code.gson:gson:2.8.6' started
2021-06-06T09:17:09.096-0500 [DEBUG] [org.gradle.internal.resources.AbstractTrackedResourceLock] Build operations: acquired lock on root.1.15.17
2021-06-06T09:17:09.096-0500 [DEBUG] [org.gradle.internal.operations.DefaultBuildOperationRunner] Build operation 'Resolve org.jetbrains.kotlin:kotlin-stdlib:1.4.32' started
2021-06-06T09:17:09.096-0500 [DEBUG] [org.gradle.internal.work.DefaultWorkerLeaseService] Worker lease root.1.15.24 started (5 worker(s) in use).
2021-06-06T09:17:09.096-0500 [DEBUG] [org.gradle.internal.resources.AbstractTrackedResourceLock] Build operations Thread 8: acquired lock on root.1.15.24
2021-06-06T09:17:09.097-0500 [DEBUG] [org.gradle.internal.work.DefaultWorkerLeaseService] Worker lease root.1.15.22 started (6 worker(s) in use).
2021-06-06T09:17:09.097-0500 [DEBUG] [org.gradle.internal.resources.AbstractTrackedResourceLock] Build operations Thread 2: acquired lock on root.1.15.22
2021-06-06T09:17:09.097-0500 [DEBUG] [org.gradle.internal.operations.DefaultBuildOperationRunner] Build operation 'Resolve org.jetbrains.kotlin:kotlin-util-klib:1.4.32' started
2021-06-06T09:17:09.097-0500 [DEBUG] [org.gradle.internal.work.DefaultWorkerLeaseService] Worker lease root.1.15.21 started (7 worker(s) in use).
2021-06-06T09:17:09.097-0500 [DEBUG] [org.gradle.internal.operations.DefaultBuildOperationRunner] Build operation 'Resolve com.github.gundy:semver4j:0.16.4' started
2021-06-06T09:17:09.098-0500 [DEBUG] [org.gradle.internal.resources.AbstractTrackedResourceLock] Build operations Thread 5: acquired lock on root.1.15.21
2021-06-06T09:17:09.097-0500 [DEBUG] [org.gradle.internal.operations.DefaultBuildOperationRunner] Build operation 'Download https://dl.google.com/dl/android/maven2/org/jetbrains/kotlin/kotlin-gradle-plugin-api/1.4.32/kotlin-gradle-plugin-api-1.4.32.pom' started
2021-06-06T09:17:09.098-0500 [DEBUG] [org.gradle.internal.work.DefaultWorkerLeaseService] Worker lease root.1.15.20 started (8 worker(s) in use).
2021-06-06T09:17:09.098-0500 [DEBUG] [org.gradle.internal.operations.DefaultBuildOperationRunner] Build operation 'Resolve org.jetbrains.kotlin:kotlin-gradle-plugin-model:1.4.32' started
2021-06-06T09:17:09.099-0500 [DEBUG] [org.gradle.internal.operations.DefaultBuildOperationRunner] Build operation 'Download https://dl.google.com/dl/android/maven2/com/google/code/gson/gson/2.8.6/gson-2.8.6.pom' started
2021-06-06T09:17:09.099-0500 [DEBUG] [org.gradle.internal.resources.AbstractTrackedResourceLock] Build operations Thread 4: acquired lock on root.1.15.20
2021-06-06T09:17:09.099-0500 [DEBUG] [org.gradle.internal.operations.DefaultBuildOperationRunner] Build operation 'Download https://dl.google.com/dl/android/maven2/org/jetbrains/kotlin/kotlin-stdlib/1.4.32/kotlin-stdlib-1.4.32.pom' started
2021-06-06T09:17:09.099-0500 [DEBUG] [org.gradle.internal.work.DefaultWorkerLeaseService] Build operation root.1.15.23 could not be started yet (8 worker(s) in use).
2021-06-06T09:17:09.099-0500 [DEBUG] [org.gradle.internal.operations.DefaultBuildOperationRunner] Build operation 'Resolve org.jetbrains.kotlin:kotlin-annotation-processing-gradle:1.4.32' started
2021-06-06T09:17:09.100-0500 [DEBUG] [org.gradle.internal.operations.DefaultBuildOperationRunner] Build operation 'Download https://dl.google.com/dl/android/maven2/org/jetbrains/kotlin/kotlin-util-klib/1.4.32/kotlin-util-klib-1.4.32.pom' started
2021-06-06T09:17:09.100-0500 [DEBUG] [org.gradle.internal.operations.DefaultBuildOperationRunner] Build operation 'Download https://dl.google.com/dl/android/maven2/org/jetbrains/kotlin/kotlin-compiler-embeddable/1.4.32/kotlin-compiler-embeddable-1.4.32.pom' started
2021-06-06T09:17:09.101-0500 [DEBUG] [org.gradle.internal.operations.DefaultBuildOperationRunner] Build operation 'Download https://dl.google.com/dl/android/maven2/com/github/gundy/semver4j/0.16.4/semver4j-0.16.4.pom' started
2021-06-06T09:17:09.103-0500 [DEBUG] [org.gradle.internal.operations.DefaultBuildOperationRunner] Build operation 'Download https://dl.google.com/dl/android/maven2/org/jetbrains/kotlin/kotlin-gradle-plugin-model/1.4.32/kotlin-gradle-plugin-model-1.4.32.pom' started
2021-06-06T09:17:09.104-0500 [DEBUG] [org.gradle.internal.operations.DefaultBuildOperationRunner] Build operation 'Download https://dl.google.com/dl/android/maven2/org/jetbrains/kotlin/kotlin-annotation-processing-gradle/1.4.32/kotlin-annotation-processing-gradle-1.4.32.pom' started
2021-06-06T09:17:09.146-0500 [DEBUG] [org.gradle.internal.operations.DefaultBuildOperationRunner] Completing Build operation 'Download https://dl.google.com/dl/android/maven2/org/jetbrains/kotlin/kotlin-stdlib/1.4.32/kotlin-stdlib-1.4.32.pom'
2021-06-06T09:17:09.148-0500 [DEBUG] [org.gradle.internal.operations.DefaultBuildOperationRunner] Completing Build operation 'Download https://dl.google.com/dl/android/maven2/org/jetbrains/kotlin/kotlin-gradle-plugin-api/1.4.32/kotlin-gradle-plugin-api-1.4.32.pom'
2021-06-06T09:17:09.148-0500 [DEBUG] [org.gradle.internal.operations.DefaultBuildOperationRunner] Completing Build operation 'Download https://dl.google.com/dl/android/maven2/org/jetbrains/kotlin/kotlin-compiler-embeddable/1.4.32/kotlin-compiler-embeddable-1.4.32.pom'
2021-06-06T09:17:09.148-0500 [DEBUG] [org.gradle.internal.operations.DefaultBuildOperationRunner] Build operation 'Download https://repo.maven.apache.org/maven2/org/jetbrains/kotlin/kotlin-stdlib/1.4.32/kotlin-stdlib-1.4.32.pom' started
2021-06-06T09:17:09.151-0500 [DEBUG] [org.gradle.internal.operations.DefaultBuildOperationRunner] Build operation 'Download https://repo.maven.apache.org/maven2/org/jetbrains/kotlin/kotlin-gradle-plugin-api/1.4.32/kotlin-gradle-plugin-api-1.4.32.pom' started
2021-06-06T09:17:09.151-0500 [DEBUG] [org.gradle.internal.operations.DefaultBuildOperationRunner] Build operation 'Download https://repo.maven.apache.org/maven2/org/jetbrains/kotlin/kotlin-compiler-embeddable/1.4.32/kotlin-compiler-embeddable-1.4.32.pom' started
2021-06-06T09:17:09.151-0500 [DEBUG] [org.gradle.internal.operations.DefaultBuildOperationRunner] Completing Build operation 'Download https://dl.google.com/dl/android/maven2/org/jetbrains/kotlin/kotlin-util-klib/1.4.32/kotlin-util-klib-1.4.32.pom'
2021-06-06T09:17:09.155-0500 [DEBUG] [org.gradle.internal.operations.DefaultBuildOperationRunner] Build operation 'Download https://repo.maven.apache.org/maven2/org/jetbrains/kotlin/kotlin-util-klib/1.4.32/kotlin-util-klib-1.4.32.pom' started
2021-06-06T09:17:09.154-0500 [DEBUG] [org.gradle.internal.operations.DefaultBuildOperationRunner] Completing Build operation 'Download https://dl.google.com/dl/android/maven2/org/jetbrains/kotlin/kotlin-annotation-processing-gradle/1.4.32/kotlin-annotation-processing-gradle-1.4.32.pom'
2021-06-06T09:17:09.156-0500 [DEBUG] [org.gradle.internal.operations.DefaultBuildOperationRunner] Completing Build operation 'Download https://dl.google.com/dl/android/maven2/org/jetbrains/kotlin/kotlin-gradle-plugin-model/1.4.32/kotlin-gradle-plugin-model-1.4.32.pom'
2021-06-06T09:17:09.157-0500 [DEBUG] [org.gradle.internal.operations.DefaultBuildOperationRunner] Completing Build operation 'Download https://dl.google.com/dl/android/maven2/com/github/gundy/semver4j/0.16.4/semver4j-0.16.4.pom'
2021-06-06T09:17:09.159-0500 [DEBUG] [org.gradle.internal.operations.DefaultBuildOperationRunner] Completing Build operation 'Download https://dl.google.com/dl/android/maven2/com/google/code/gson/gson/2.8.6/gson-2.8.6.pom'
2021-06-06T09:17:09.161-0500 [DEBUG] [org.gradle.internal.operations.DefaultBuildOperationRunner] Build operation 'Download https://repo.maven.apache.org/maven2/org/jetbrains/kotlin/kotlin-annotation-processing-gradle/1.4.32/kotlin-annotation-processing-gradle-1.4.32.pom' started
2021-06-06T09:17:09.161-0500 [DEBUG] [org.gradle.internal.operations.DefaultBuildOperationRunner] Build operation 'Download https://repo.maven.apache.org/maven2/org/jetbrains/kotlin/kotlin-gradle-plugin-model/1.4.32/kotlin-gradle-plugin-model-1.4.32.pom' started
2021-06-06T09:17:09.161-0500 [DEBUG] [org.gradle.internal.operations.DefaultBuildOperationRunner] Build operation 'Download https://repo.maven.apache.org/maven2/com/github/gundy/semver4j/0.16.4/semver4j-0.16.4.pom' started
2021-06-06T09:17:09.166-0500 [DEBUG] [org.gradle.internal.operations.DefaultBuildOperationRunner] Build operation 'Download https://repo.maven.apache.org/maven2/com/google/code/gson/gson/2.8.6/gson-2.8.6.pom' started
2021-06-06T09:17:09.174-0500 [DEBUG] [org.gradle.internal.operations.DefaultBuildOperationRunner] Completing Build operation 'Download https://repo.maven.apache.org/maven2/org/jetbrains/kotlin/kotlin-stdlib/1.4.32/kotlin-stdlib-1.4.32.pom'
2021-06-06T09:17:09.191-0500 [DEBUG] [org.gradle.internal.operations.DefaultBuildOperationRunner] Completing Build operation 'Resolve org.jetbrains.kotlin:kotlin-stdlib:1.4.32'
2021-06-06T09:17:09.192-0500 [DEBUG] [org.gradle.internal.operations.DefaultBuildOperationRunner] Build operation 'Resolve org.jetbrains.kotlin:kotlin-stdlib:1.4.32' completed
2021-06-06T09:17:09.192-0500 [DEBUG] [org.gradle.internal.operations.DefaultBuildOperationRunner] Build operation 'Resolve org.jetbrains.kotlin:kotlin-android-extensions:1.4.32' started
2021-06-06T09:17:09.194-0500 [DEBUG] [org.gradle.internal.operations.DefaultBuildOperationRunner] Completing Build operation 'Download https://repo.maven.apache.org/maven2/org/jetbrains/kotlin/kotlin-util-klib/1.4.32/kotlin-util-klib-1.4.32.pom'
2021-06-06T09:17:09.195-0500 [DEBUG] [org.gradle.internal.operations.DefaultBuildOperationRunner] Build operation 'Download https://dl.google.com/dl/android/maven2/org/jetbrains/kotlin/kotlin-android-extensions/1.4.32/kotlin-android-extensions-1.4.32.pom' started
2021-06-06T09:17:09.198-0500 [DEBUG] [org.gradle.internal.operations.DefaultBuildOperationRunner] Completing Build operation 'Download https://repo.maven.apache.org/maven2/org/jetbrains/kotlin/kotlin-gradle-plugin-model/1.4.32/kotlin-gradle-plugin-model-1.4.32.pom'
2021-06-06T09:17:09.198-0500 [DEBUG] [org.gradle.internal.operations.DefaultBuildOperationRunner] Completing Build operation 'Download https://repo.maven.apache.org/maven2/org/jetbrains/kotlin/kotlin-compiler-embeddable/1.4.32/kotlin-compiler-embeddable-1.4.32.pom'
2021-06-06T09:17:09.199-0500 [DEBUG] [org.gradle.internal.operations.DefaultBuildOperationRunner] Completing Build operation 'Download https://repo.maven.apache.org/maven2/org/jetbrains/kotlin/kotlin-gradle-plugin-api/1.4.32/kotlin-gradle-plugin-api-1.4.32.pom'
2021-06-06T09:17:09.200-0500 [DEBUG] [org.gradle.internal.operations.DefaultBuildOperationRunner] Completing Build operation 'Download https://repo.maven.apache.org/maven2/com/github/gundy/semver4j/0.16.4/semver4j-0.16.4.pom'
2021-06-06T09:17:09.238-0500 [DEBUG] [org.gradle.internal.operations.DefaultBuildOperationRunner] Completing Build operation 'Resolve org.jetbrains.kotlin:kotlin-util-klib:1.4.32'
2021-06-06T09:17:09.238-0500 [DEBUG] [org.gradle.internal.operations.DefaultBuildOperationRunner] Build operation 'Resolve org.jetbrains.kotlin:kotlin-util-klib:1.4.32' completed
2021-06-06T09:17:09.239-0500 [DEBUG] [org.gradle.internal.operations.DefaultBuildOperationRunner] Build operation 'Resolve org.jetbrains.kotlin:kotlin-compiler-runner:1.4.32' started
2021-06-06T09:17:09.243-0500 [DEBUG] [org.gradle.internal.operations.DefaultBuildOperationRunner] Completing Build operation 'Resolve org.jetbrains.kotlin:kotlin-gradle-plugin-model:1.4.32'
2021-06-06T09:17:09.243-0500 [DEBUG] [org.gradle.internal.operations.DefaultBuildOperationRunner] Build operation 'Resolve org.jetbrains.kotlin:kotlin-gradle-plugin-model:1.4.32' completed
2021-06-06T09:17:09.243-0500 [DEBUG] [org.gradle.internal.operations.DefaultBuildOperationRunner] Build operation 'Resolve org.jetbrains.kotlin:kotlin-scripting-compiler-embeddable:1.4.32' started
2021-06-06T09:17:09.247-0500 [DEBUG] [org.gradle.internal.operations.DefaultBuildOperationRunner] Completing Build operation 'Resolve org.jetbrains.kotlin:kotlin-compiler-embeddable:1.4.32'
2021-06-06T09:17:09.248-0500 [DEBUG] [org.gradle.internal.operations.DefaultBuildOperationRunner] Build operation 'Resolve org.jetbrains.kotlin:kotlin-compiler-embeddable:1.4.32' completed
2021-06-06T09:17:09.248-0500 [DEBUG] [org.gradle.internal.operations.DefaultBuildOperationRunner] Build operation 'Resolve org.jetbrains.kotlin:kotlin-scripting-compiler-impl-embeddable:1.4.32' started
2021-06-06T09:17:09.252-0500 [DEBUG] [org.gradle.internal.operations.DefaultBuildOperationRunner] Completing Build operation 'Download https://dl.google.com/dl/android/maven2/org/jetbrains/kotlin/kotlin-android-extensions/1.4.32/kotlin-android-extensions-1.4.32.pom'
2021-06-06T09:17:09.253-0500 [DEBUG] [org.gradle.internal.operations.DefaultBuildOperationRunner] Completing Build operation 'Resolve com.github.gundy:semver4j:0.16.4'
2021-06-06T09:17:09.253-0500 [DEBUG] [org.gradle.internal.operations.DefaultBuildOperationRunner] Build operation 'Resolve com.github.gundy:semver4j:0.16.4' completed
2021-06-06T09:17:09.253-0500 [DEBUG] [org.gradle.internal.operations.DefaultBuildOperationRunner] Build operation 'Resolve org.jetbrains.kotlin:kotlin-reflect:1.4.32' started
2021-06-06T09:17:09.255-0500 [DEBUG] [org.gradle.internal.operations.DefaultBuildOperationRunner] Completing Build operation 'Download https://repo.maven.apache.org/maven2/org/jetbrains/kotlin/kotlin-annotation-processing-gradle/1.4.32/kotlin-annotation-processing-gradle-1.4.32.pom'
2021-06-06T09:17:09.256-0500 [DEBUG] [org.gradle.internal.operations.DefaultBuildOperationRunner] Completing Build operation 'Download https://repo.maven.apache.org/maven2/com/google/code/gson/gson/2.8.6/gson-2.8.6.pom'
2021-06-06T09:17:09.257-0500 [DEBUG] [org.gradle.internal.operations.DefaultBuildOperationRunner] Completing Build operation 'Resolve org.jetbrains.kotlin:kotlin-gradle-plugin-api:1.4.32'
2021-06-06T09:17:09.258-0500 [DEBUG] [org.gradle.internal.work.DefaultWorkerLeaseService] Worker lease root.1.15.23 started (8 worker(s) in use).
2021-06-06T09:17:09.258-0500 [DEBUG] [org.gradle.internal.resources.AbstractTrackedResourceLock] Build operations Thread 7: acquired lock on root.1.15.23
2021-06-06T09:17:09.258-0500 [DEBUG] [org.gradle.internal.operations.DefaultBuildOperationRunner] Build operation 'Resolve de.undercouch:gradle-download-task:4.0.2' started
2021-06-06T09:17:09.258-0500 [DEBUG] [org.gradle.internal.operations.DefaultBuildOperationRunner] Build operation 'Download https://dl.google.com/dl/android/maven2/org/jetbrains/kotlin/kotlin-compiler-runner/1.4.32/kotlin-compiler-runner-1.4.32.pom' started
2021-06-06T09:17:09.259-0500 [DEBUG] [org.gradle.internal.operations.DefaultBuildOperationRunner] Build operation 'Download https://dl.google.com/dl/android/maven2/org/jetbrains/kotlin/kotlin-scripting-compiler-embeddable/1.4.32/kotlin-scripting-compiler-embeddable-1.4.32.pom' started
2021-06-06T09:17:09.259-0500 [DEBUG] [org.gradle.internal.operations.DefaultBuildOperationRunner] Build operation 'Download https://dl.google.com/dl/android/maven2/de/undercouch/gradle-download-task/4.0.2/gradle-download-task-4.0.2.pom' started
2021-06-06T09:17:09.275-0500 [DEBUG] [org.gradle.internal.operations.DefaultBuildOperationRunner] Build operation 'Download https://repo.maven.apache.org/maven2/org/jetbrains/kotlin/kotlin-android-extensions/1.4.32/kotlin-android-extensions-1.4.32.pom' started
2021-06-06T09:17:09.275-0500 [DEBUG] [org.gradle.internal.operations.DefaultBuildOperationRunner] Build operation 'Download https://dl.google.com/dl/android/maven2/org/jetbrains/kotlin/kotlin-reflect/1.4.32/kotlin-reflect-1.4.32.pom' started
2021-06-06T09:17:09.286-0500 [DEBUG] [org.gradle.internal.operations.DefaultBuildOperationRunner] Completing Build operation 'Resolve org.jetbrains.kotlin:kotlin-annotation-processing-gradle:1.4.32'
2021-06-06T09:17:09.286-0500 [DEBUG] [org.gradle.internal.operations.DefaultBuildOperationRunner] Build operation 'Resolve org.jetbrains.kotlin:kotlin-annotation-processing-gradle:1.4.32' completed
2021-06-06T09:17:09.287-0500 [DEBUG] [org.gradle.internal.work.DefaultWorkerLeaseService] Worker lease root.1.15.20 completed (7 worker(s) in use)
2021-06-06T09:17:09.287-0500 [DEBUG] [org.gradle.internal.resources.AbstractTrackedResourceLock] Build operations Thread 4: released lock on root.1.15.20
2021-06-06T09:17:09.288-0500 [DEBUG] [org.gradle.internal.operations.DefaultBuildOperationRunner] Build operation 'Download https://dl.google.com/dl/android/maven2/org/jetbrains/kotlin/kotlin-scripting-compiler-impl-embeddable/1.4.32/kotlin-scripting-compiler-impl-embeddable-1.4.32.pom' started
2021-06-06T09:17:09.292-0500 [DEBUG] [org.gradle.internal.operations.DefaultBuildOperationRunner] Build operation 'Download https://dl.google.com/dl/android/maven2/com/google/code/gson/gson-parent/2.8.6/gson-parent-2.8.6.pom' started
2021-06-06T09:17:09.304-0500 [DEBUG] [org.gradle.internal.operations.DefaultBuildOperationRunner] Completing Build operation 'Download https://dl.google.com/dl/android/maven2/de/undercouch/gradle-download-task/4.0.2/gradle-download-task-4.0.2.pom'
2021-06-06T09:17:09.305-0500 [DEBUG] [org.gradle.internal.operations.DefaultBuildOperationRunner] Completing Build operation 'Download https://dl.google.com/dl/android/maven2/org/jetbrains/kotlin/kotlin-compiler-runner/1.4.32/kotlin-compiler-runner-1.4.32.pom'
2021-06-06T09:17:09.307-0500 [DEBUG] [org.gradle.internal.operations.DefaultBuildOperationRunner] Completing Build operation 'Download https://repo.maven.apache.org/maven2/org/jetbrains/kotlin/kotlin-android-extensions/1.4.32/kotlin-android-extensions-1.4.32.pom'
2021-06-06T09:17:09.308-0500 [DEBUG] [org.gradle.internal.operations.DefaultBuildOperationRunner] Completing Build operation 'Download https://dl.google.com/dl/android/maven2/org/jetbrains/kotlin/kotlin-scripting-compiler-embeddable/1.4.32/kotlin-scripting-compiler-embeddable-1.4.32.pom'
2021-06-06T09:17:09.318-0500 [DEBUG] [org.gradle.internal.operations.DefaultBuildOperationRunner] Build operation 'Download https://repo.maven.apache.org/maven2/org/jetbrains/kotlin/kotlin-compiler-runner/1.4.32/kotlin-compiler-runner-1.4.32.pom' started
2021-06-06T09:17:09.318-0500 [DEBUG] [org.gradle.internal.operations.DefaultBuildOperationRunner] Build operation 'Download https://repo.maven.apache.org/maven2/de/undercouch/gradle-download-task/4.0.2/gradle-download-task-4.0.2.pom' started
2021-06-06T09:17:09.319-0500 [DEBUG] [org.gradle.internal.operations.DefaultBuildOperationRunner] Build operation 'Download https://repo.maven.apache.org/maven2/org/jetbrains/kotlin/kotlin-scripting-compiler-embeddable/1.4.32/kotlin-scripting-compiler-embeddable-1.4.32.pom' started
2021-06-06T09:17:09.325-0500 [DEBUG] [org.gradle.internal.operations.DefaultBuildOperationRunner] Completing Build operation 'Download https://dl.google.com/dl/android/maven2/org/jetbrains/kotlin/kotlin-reflect/1.4.32/kotlin-reflect-1.4.32.pom'
2021-06-06T09:17:09.329-0500 [DEBUG] [org.gradle.internal.operations.DefaultBuildOperationRunner] Completing Build operation 'Resolve org.jetbrains.kotlin:kotlin-android-extensions:1.4.32'
2021-06-06T09:17:09.329-0500 [DEBUG] [org.gradle.internal.operations.DefaultBuildOperationRunner] Build operation 'Resolve org.jetbrains.kotlin:kotlin-android-extensions:1.4.32' completed
2021-06-06T09:17:09.329-0500 [DEBUG] [org.gradle.internal.work.DefaultWorkerLeaseService] Worker lease root.1.15.17 completed (6 worker(s) in use)
2021-06-06T09:17:09.329-0500 [DEBUG] [org.gradle.internal.resources.AbstractTrackedResourceLock] Build operations: released lock on root.1.15.17
2021-06-06T09:17:09.331-0500 [DEBUG] [org.gradle.internal.operations.DefaultBuildOperationRunner] Build operation 'Download https://repo.maven.apache.org/maven2/org/jetbrains/kotlin/kotlin-reflect/1.4.32/kotlin-reflect-1.4.32.pom' started
2021-06-06T09:17:09.343-0500 [DEBUG] [org.gradle.internal.operations.DefaultBuildOperationRunner] Completing Build operation 'Download https://dl.google.com/dl/android/maven2/org/jetbrains/kotlin/kotlin-scripting-compiler-impl-embeddable/1.4.32/kotlin-scripting-compiler-impl-embeddable-1.4.32.pom'
2021-06-06T09:17:09.344-0500 [DEBUG] [org.gradle.internal.operations.DefaultBuildOperationRunner] Completing Build operation 'Download https://dl.google.com/dl/android/maven2/com/google/code/gson/gson-parent/2.8.6/gson-parent-2.8.6.pom'
2021-06-06T09:17:09.347-0500 [DEBUG] [org.gradle.internal.operations.DefaultBuildOperationRunner] Build operation 'Download https://repo.maven.apache.org/maven2/com/google/code/gson/gson-parent/2.8.6/gson-parent-2.8.6.pom' started
2021-06-06T09:17:09.348-0500 [DEBUG] [org.gradle.internal.operations.DefaultBuildOperationRunner] Completing Build operation 'Download https://repo.maven.apache.org/maven2/de/undercouch/gradle-download-task/4.0.2/gradle-download-task-4.0.2.pom'
2021-06-06T09:17:09.349-0500 [DEBUG] [org.gradle.internal.operations.DefaultBuildOperationRunner] Build operation 'Download https://repo.maven.apache.org/maven2/org/jetbrains/kotlin/kotlin-scripting-compiler-impl-embeddable/1.4.32/kotlin-scripting-compiler-impl-embeddable-1.4.32.pom' started
2021-06-06T09:17:09.363-0500 [DEBUG] [org.gradle.internal.operations.DefaultBuildOperationRunner] Completing Build operation 'Download https://repo.maven.apache.org/maven2/org/jetbrains/kotlin/kotlin-scripting-compiler-embeddable/1.4.32/kotlin-scripting-compiler-embeddable-1.4.32.pom'
2021-06-06T09:17:09.364-0500 [DEBUG] [org.gradle.internal.operations.DefaultBuildOperationRunner] Completing Build operation 'Download https://repo.maven.apache.org/maven2/org/jetbrains/kotlin/kotlin-reflect/1.4.32/kotlin-reflect-1.4.32.pom'
2021-06-06T09:17:09.364-0500 [DEBUG] [org.gradle.internal.operations.DefaultBuildOperationRunner] Completing Build operation 'Download https://repo.maven.apache.org/maven2/org/jetbrains/kotlin/kotlin-compiler-runner/1.4.32/kotlin-compiler-runner-1.4.32.pom'
2021-06-06T09:17:09.379-0500 [DEBUG] [org.gradle.internal.operations.DefaultBuildOperationRunner] Completing Build operation 'Download https://repo.maven.apache.org/maven2/com/google/code/gson/gson-parent/2.8.6/gson-parent-2.8.6.pom'
2021-06-06T09:17:09.379-0500 [DEBUG] [org.gradle.internal.operations.DefaultBuildOperationRunner] Completing Build operation 'Download https://repo.maven.apache.org/maven2/org/jetbrains/kotlin/kotlin-scripting-compiler-impl-embeddable/1.4.32/kotlin-scripting-compiler-impl-embeddable-1.4.32.pom'
2021-06-06T09:17:09.415-0500 [DEBUG] [org.gradle.internal.operations.DefaultBuildOperationRunner] Completing Build operation 'Resolve de.undercouch:gradle-download-task:4.0.2'
2021-06-06T09:17:09.415-0500 [DEBUG] [org.gradle.internal.operations.DefaultBuildOperationRunner] Build operation 'Resolve de.undercouch:gradle-download-task:4.0.2' completed
2021-06-06T09:17:09.415-0500 [DEBUG] [org.gradle.internal.work.DefaultWorkerLeaseService] Worker lease root.1.15.23 completed (5 worker(s) in use)
2021-06-06T09:17:09.415-0500 [DEBUG] [org.gradle.internal.resources.AbstractTrackedResourceLock] Build operations Thread 7: released lock on root.1.15.23
2021-06-06T09:17:09.443-0500 [DEBUG] [org.gradle.internal.operations.DefaultBuildOperationRunner] Completing Build operation 'Resolve org.jetbrains.kotlin:kotlin-scripting-compiler-embeddable:1.4.32'
2021-06-06T09:17:09.443-0500 [DEBUG] [org.gradle.internal.operations.DefaultBuildOperationRunner] Build operation 'Resolve org.jetbrains.kotlin:kotlin-scripting-compiler-embeddable:1.4.32' completed
2021-06-06T09:17:09.444-0500 [DEBUG] [org.gradle.internal.work.DefaultWorkerLeaseService] Worker lease root.1.15.21 completed (4 worker(s) in use)
2021-06-06T09:17:09.444-0500 [DEBUG] [org.gradle.internal.resources.AbstractTrackedResourceLock] Build operations Thread 5: released lock on root.1.15.21
2021-06-06T09:17:09.448-0500 [DEBUG] [org.gradle.internal.operations.DefaultBuildOperationRunner] Completing Build operation 'Resolve org.jetbrains.kotlin:kotlin-reflect:1.4.32'
2021-06-06T09:17:09.448-0500 [DEBUG] [org.gradle.internal.operations.DefaultBuildOperationRunner] Build operation 'Resolve org.jetbrains.kotlin:kotlin-reflect:1.4.32' completed
2021-06-06T09:17:09.448-0500 [DEBUG] [org.gradle.internal.work.DefaultWorkerLeaseService] Worker lease root.1.15.22 completed (3 worker(s) in use)
2021-06-06T09:17:09.448-0500 [DEBUG] [org.gradle.internal.resources.AbstractTrackedResourceLock] Build operations Thread 2: released lock on root.1.15.22
2021-06-06T09:17:09.452-0500 [DEBUG] [org.gradle.internal.operations.DefaultBuildOperationRunner] Completing Build operation 'Resolve org.jetbrains.kotlin:kotlin-compiler-runner:1.4.32'
2021-06-06T09:17:09.453-0500 [DEBUG] [org.gradle.internal.operations.DefaultBuildOperationRunner] Build operation 'Resolve org.jetbrains.kotlin:kotlin-compiler-runner:1.4.32' completed
2021-06-06T09:17:09.453-0500 [DEBUG] [org.gradle.internal.work.DefaultWorkerLeaseService] Worker lease root.1.15.24 completed (2 worker(s) in use)
2021-06-06T09:17:09.453-0500 [DEBUG] [org.gradle.internal.resources.AbstractTrackedResourceLock] Build operations Thread 8: released lock on root.1.15.24
2021-06-06T09:17:09.459-0500 [DEBUG] [org.gradle.internal.operations.DefaultBuildOperationRunner] Completing Build operation 'Resolve org.jetbrains.kotlin:kotlin-scripting-compiler-impl-embeddable:1.4.32'
2021-06-06T09:17:09.459-0500 [DEBUG] [org.gradle.internal.operations.DefaultBuildOperationRunner] Build operation 'Resolve org.jetbrains.kotlin:kotlin-scripting-compiler-impl-embeddable:1.4.32' completed
2021-06-06T09:17:09.459-0500 [DEBUG] [org.gradle.internal.work.DefaultWorkerLeaseService] Worker lease root.1.15.19 completed (1 worker(s) in use)
2021-06-06T09:17:09.459-0500 [DEBUG] [org.gradle.internal.resources.AbstractTrackedResourceLock] Build operations Thread 3: released lock on root.1.15.19
2021-06-06T09:17:09.488-0500 [DEBUG] [org.gradle.internal.operations.DefaultBuildOperationRunner] Completing Build operation 'Resolve com.google.code.gson:gson:2.8.6'
2021-06-06T09:17:09.488-0500 [DEBUG] [org.gradle.internal.operations.DefaultBuildOperationRunner] Build operation 'Resolve com.google.code.gson:gson:2.8.6' completed
2021-06-06T09:17:09.488-0500 [DEBUG] [org.gradle.internal.work.DefaultWorkerLeaseService] Worker lease root.1.15.18 completed (1 worker(s) in use)
2021-06-06T09:17:09.489-0500 [DEBUG] [org.gradle.internal.resources.AbstractTrackedResourceLock] Build operations Thread 6: released lock on root.1.15.18
2021-06-06T09:17:09.494-0500 [DEBUG] [org.gradle.internal.operations.DefaultBuildOperationRunner] Build operation 'Download https://dl.google.com/dl/android/maven2/org/checkerframework/checker-qual/2.5.8/checker-qual-2.5.8.pom' started
2021-06-06T09:17:09.535-0500 [DEBUG] [org.gradle.internal.operations.DefaultBuildOperationRunner] Completing Build operation 'Download https://dl.google.com/dl/android/maven2/org/checkerframework/checker-qual/2.5.8/checker-qual-2.5.8.pom'
2021-06-06T09:17:09.537-0500 [DEBUG] [org.gradle.internal.operations.DefaultBuildOperationRunner] Build operation 'Download https://repo.maven.apache.org/maven2/org/checkerframework/checker-qual/2.5.8/checker-qual-2.5.8.pom' started
2021-06-06T09:17:09.558-0500 [DEBUG] [org.gradle.internal.operations.DefaultBuildOperationRunner] Completing Build operation 'Download https://repo.maven.apache.org/maven2/org/checkerframework/checker-qual/2.5.8/checker-qual-2.5.8.pom'
2021-06-06T09:17:09.577-0500 [DEBUG] [org.gradle.internal.work.DefaultWorkerLeaseService] Worker lease root.1.25.26 started (1 worker(s) in use).
2021-06-06T09:17:09.578-0500 [DEBUG] [org.gradle.internal.resources.AbstractTrackedResourceLock] Build operations Thread 4: acquired lock on root.1.25.26
2021-06-06T09:17:09.578-0500 [DEBUG] [org.gradle.internal.operations.DefaultBuildOperationRunner] Build operation 'Resolve com.android.tools.build:builder-model:4.2.1' started
2021-06-06T09:17:09.578-0500 [DEBUG] [org.gradle.internal.work.DefaultWorkerLeaseService] Worker lease root.1.25.31 started (2 worker(s) in use).
2021-06-06T09:17:09.578-0500 [DEBUG] [org.gradle.internal.resources.AbstractTrackedResourceLock] Build operations Thread 6: acquired lock on root.1.25.31
2021-06-06T09:17:09.578-0500 [DEBUG] [org.gradle.internal.operations.DefaultBuildOperationRunner] Build operation 'Resolve com.android:signflinger:4.2.1' started
2021-06-06T09:17:09.578-0500 [DEBUG] [org.gradle.internal.work.DefaultWorkerLeaseService] Worker lease root.1.25.29 started (3 worker(s) in use).
2021-06-06T09:17:09.578-0500 [DEBUG] [org.gradle.internal.resources.AbstractTrackedResourceLock] Build operations Thread 2: acquired lock on root.1.25.29
2021-06-06T09:17:09.578-0500 [DEBUG] [org.gradle.internal.work.DefaultWorkerLeaseService] Worker lease root.1.25.28 started (4 worker(s) in use).
2021-06-06T09:17:09.578-0500 [DEBUG] [org.gradle.internal.resources.AbstractTrackedResourceLock] Build operations Thread 5: acquired lock on root.1.25.28
2021-06-06T09:17:09.578-0500 [DEBUG] [org.gradle.internal.operations.DefaultBuildOperationRunner] Build operation 'Resolve com.android.tools.build:manifest-merger:27.2.1' started
2021-06-06T09:17:09.579-0500 [DEBUG] [org.gradle.internal.work.DefaultWorkerLeaseService] Worker lease root.1.25.27 started (5 worker(s) in use).
2021-06-06T09:17:09.579-0500 [DEBUG] [org.gradle.internal.operations.DefaultBuildOperationRunner] Build operation 'Resolve com.android.tools:common:27.2.1' started
2021-06-06T09:17:09.579-0500 [DEBUG] [org.gradle.internal.resources.AbstractTrackedResourceLock] Build operations: acquired lock on root.1.25.27
2021-06-06T09:17:09.579-0500 [DEBUG] [org.gradle.internal.operations.DefaultBuildOperationRunner] Build operation 'Resolve com.android.tools:sdklib:27.2.1' started
2021-06-06T09:17:09.580-0500 [DEBUG] [org.gradle.internal.work.DefaultWorkerLeaseService] Worker lease root.1.25.33 started (7 worker(s) in use).
2021-06-06T09:17:09.580-0500 [DEBUG] [org.gradle.internal.operations.DefaultBuildOperationRunner] Build operation 'Resolve com.android.tools.build:builder-test-api:4.2.1' started
2021-06-06T09:17:09.580-0500 [DEBUG] [org.gradle.internal.resources.AbstractTrackedResourceLock] Build operations Thread 7: acquired lock on root.1.25.33
2021-06-06T09:17:09.581-0500 [DEBUG] [org.gradle.internal.work.DefaultWorkerLeaseService] Worker lease root.1.25.30 started (8 worker(s) in use).
2021-06-06T09:17:09.581-0500 [DEBUG] [org.gradle.internal.operations.DefaultBuildOperationRunner] Build operation 'Resolve com.android.tools:sdk-common:27.2.1' started
2021-06-06T09:17:09.581-0500 [DEBUG] [org.gradle.internal.operations.DefaultBuildOperationRunner] Build operation 'Download https://dl.google.com/dl/android/maven2/com/android/tools/build/builder-model/4.2.1/builder-model-4.2.1.pom' started
2021-06-06T09:17:09.582-0500 [DEBUG] [org.gradle.internal.operations.DefaultBuildOperationRunner] Build operation 'Download https://dl.google.com/dl/android/maven2/com/android/tools/common/27.2.1/common-27.2.1.pom' started
2021-06-06T09:17:09.582-0500 [DEBUG] [org.gradle.internal.operations.DefaultBuildOperationRunner] Build operation 'Download https://dl.google.com/dl/android/maven2/com/android/tools/build/manifest-merger/27.2.1/manifest-merger-27.2.1.pom' started
2021-06-06T09:17:09.581-0500 [DEBUG] [org.gradle.internal.resources.AbstractTrackedResourceLock] Build operations Thread 3: acquired lock on root.1.25.30
2021-06-06T09:17:09.581-0500 [DEBUG] [org.gradle.internal.operations.DefaultBuildOperationRunner] Build operation 'Download https://dl.google.com/dl/android/maven2/com/android/signflinger/4.2.1/signflinger-4.2.1.pom' started
2021-06-06T09:17:09.582-0500 [DEBUG] [org.gradle.internal.operations.DefaultBuildOperationRunner] Build operation 'Download https://dl.google.com/dl/android/maven2/com/android/tools/sdklib/27.2.1/sdklib-27.2.1.pom' started
2021-06-06T09:17:09.582-0500 [DEBUG] [org.gradle.internal.work.DefaultWorkerLeaseService] Build operation root.1.25.32 could not be started yet (8 worker(s) in use).
2021-06-06T09:17:09.582-0500 [DEBUG] [org.gradle.internal.operations.DefaultBuildOperationRunner] Build operation 'Resolve com.android:zipflinger:4.2.1' started
2021-06-06T09:17:09.584-0500 [DEBUG] [org.gradle.internal.operations.DefaultBuildOperationRunner] Build operation 'Download https://dl.google.com/dl/android/maven2/com/android/tools/build/builder-test-api/4.2.1/builder-test-api-4.2.1.pom' started
2021-06-06T09:17:09.585-0500 [DEBUG] [org.gradle.internal.operations.DefaultBuildOperationRunner] Build operation 'Download https://dl.google.com/dl/android/maven2/com/android/zipflinger/4.2.1/zipflinger-4.2.1.pom' started
2021-06-06T09:17:09.585-0500 [DEBUG] [org.gradle.internal.operations.DefaultBuildOperationRunner] Build operation 'Download https://dl.google.com/dl/android/maven2/com/android/tools/sdk-common/27.2.1/sdk-common-27.2.1.pom' started
2021-06-06T09:17:09.632-0500 [DEBUG] [org.gradle.internal.operations.DefaultBuildOperationRunner] Completing Build operation 'Download https://dl.google.com/dl/android/maven2/com/android/tools/build/manifest-merger/27.2.1/manifest-merger-27.2.1.pom'
2021-06-06T09:17:09.640-0500 [DEBUG] [org.gradle.internal.operations.DefaultBuildOperationRunner] Completing Build operation 'Download https://dl.google.com/dl/android/maven2/com/android/tools/sdklib/27.2.1/sdklib-27.2.1.pom'
2021-06-06T09:17:09.640-0500 [DEBUG] [org.gradle.internal.operations.DefaultBuildOperationRunner] Completing Build operation 'Download https://dl.google.com/dl/android/maven2/com/android/tools/build/builder-model/4.2.1/builder-model-4.2.1.pom'
2021-06-06T09:17:09.643-0500 [DEBUG] [org.gradle.internal.operations.DefaultBuildOperationRunner] Completing Build operation 'Download https://dl.google.com/dl/android/maven2/com/android/tools/common/27.2.1/common-27.2.1.pom'
2021-06-06T09:17:09.643-0500 [DEBUG] [org.gradle.internal.operations.DefaultBuildOperationRunner] Completing Build operation 'Download https://dl.google.com/dl/android/maven2/com/android/signflinger/4.2.1/signflinger-4.2.1.pom'
2021-06-06T09:17:09.644-0500 [DEBUG] [org.gradle.internal.operations.DefaultBuildOperationRunner] Completing Build operation 'Download https://dl.google.com/dl/android/maven2/com/android/zipflinger/4.2.1/zipflinger-4.2.1.pom'
2021-06-06T09:17:09.645-0500 [DEBUG] [org.gradle.internal.operations.DefaultBuildOperationRunner] Completing Build operation 'Download https://dl.google.com/dl/android/maven2/com/android/tools/build/builder-test-api/4.2.1/builder-test-api-4.2.1.pom'
2021-06-06T09:17:09.646-0500 [DEBUG] [org.gradle.internal.operations.DefaultBuildOperationRunner] Completing Build operation 'Download https://dl.google.com/dl/android/maven2/com/android/tools/sdk-common/27.2.1/sdk-common-27.2.1.pom'
2021-06-06T09:17:09.694-0500 [DEBUG] [org.gradle.internal.operations.DefaultBuildOperationRunner] Build operation 'Download https://dl.google.com/dl/android/maven2/com/android/signflinger/4.2.1/signflinger-4.2.1.module' started
2021-06-06T09:17:09.694-0500 [DEBUG] [org.gradle.internal.operations.DefaultBuildOperationRunner] Build operation 'Download https://dl.google.com/dl/android/maven2/com/android/tools/build/manifest-merger/27.2.1/manifest-merger-27.2.1.module' started
2021-06-06T09:17:09.694-0500 [DEBUG] [org.gradle.internal.operations.DefaultBuildOperationRunner] Build operation 'Download https://dl.google.com/dl/android/maven2/com/android/zipflinger/4.2.1/zipflinger-4.2.1.module' started
2021-06-06T09:17:09.694-0500 [DEBUG] [org.gradle.internal.operations.DefaultBuildOperationRunner] Build operation 'Download https://dl.google.com/dl/android/maven2/com/android/tools/common/27.2.1/common-27.2.1.module' started
2021-06-06T09:17:09.695-0500 [DEBUG] [org.gradle.internal.operations.DefaultBuildOperationRunner] Build operation 'Download https://dl.google.com/dl/android/maven2/com/android/tools/sdklib/27.2.1/sdklib-27.2.1.module' started
2021-06-06T09:17:09.696-0500 [DEBUG] [org.gradle.internal.operations.DefaultBuildOperationRunner] Build operation 'Download https://dl.google.com/dl/android/maven2/com/android/tools/build/builder-model/4.2.1/builder-model-4.2.1.module' started
2021-06-06T09:17:09.697-0500 [DEBUG] [org.gradle.internal.operations.DefaultBuildOperationRunner] Build operation 'Download https://dl.google.com/dl/android/maven2/com/android/tools/build/builder-test-api/4.2.1/builder-test-api-4.2.1.module' started
2021-06-06T09:17:09.706-0500 [DEBUG] [org.gradle.internal.operations.DefaultBuildOperationRunner] Build operation 'Download https://dl.google.com/dl/android/maven2/com/android/tools/sdk-common/27.2.1/sdk-common-27.2.1.module' started
2021-06-06T09:17:09.742-0500 [DEBUG] [org.gradle.internal.operations.DefaultBuildOperationRunner] Completing Build operation 'Download https://dl.google.com/dl/android/maven2/com/android/tools/common/27.2.1/common-27.2.1.module'
2021-06-06T09:17:09.751-0500 [DEBUG] [org.gradle.internal.operations.DefaultBuildOperationRunner] Completing Build operation 'Download https://dl.google.com/dl/android/maven2/com/android/tools/build/manifest-merger/27.2.1/manifest-merger-27.2.1.module'
2021-06-06T09:17:09.753-0500 [DEBUG] [org.gradle.internal.operations.DefaultBuildOperationRunner] Completing Build operation 'Download https://dl.google.com/dl/android/maven2/com/android/zipflinger/4.2.1/zipflinger-4.2.1.module'
2021-06-06T09:17:09.754-0500 [DEBUG] [org.gradle.internal.operations.DefaultBuildOperationRunner] Completing Build operation 'Download https://dl.google.com/dl/android/maven2/com/android/tools/build/builder-test-api/4.2.1/builder-test-api-4.2.1.module'
2021-06-06T09:17:09.758-0500 [DEBUG] [org.gradle.internal.operations.DefaultBuildOperationRunner] Completing Build operation 'Download https://dl.google.com/dl/android/maven2/com/android/tools/sdk-common/27.2.1/sdk-common-27.2.1.module'
2021-06-06T09:17:09.758-0500 [DEBUG] [org.gradle.internal.operations.DefaultBuildOperationRunner] Completing Build operation 'Download https://dl.google.com/dl/android/maven2/com/android/signflinger/4.2.1/signflinger-4.2.1.module'
2021-06-06T09:17:09.759-0500 [DEBUG] [org.gradle.internal.operations.DefaultBuildOperationRunner] Completing Build operation 'Download https://dl.google.com/dl/android/maven2/com/android/tools/build/builder-model/4.2.1/builder-model-4.2.1.module'
2021-06-06T09:17:09.786-0500 [DEBUG] [org.gradle.internal.operations.DefaultBuildOperationRunner] Completing Build operation 'Resolve com.android.tools:common:27.2.1'
2021-06-06T09:17:09.786-0500 [DEBUG] [org.gradle.internal.operations.DefaultBuildOperationRunner] Build operation 'Resolve com.android.tools:common:27.2.1' completed
2021-06-06T09:17:09.786-0500 [DEBUG] [org.gradle.internal.operations.DefaultBuildOperationRunner] Build operation 'Resolve com.android.tools.analytics-library:protos:27.2.1' started
2021-06-06T09:17:09.801-0500 [DEBUG] [org.gradle.internal.operations.DefaultBuildOperationRunner] Completing Build operation 'Resolve com.android.tools.build:manifest-merger:27.2.1'
2021-06-06T09:17:09.801-0500 [DEBUG] [org.gradle.internal.operations.DefaultBuildOperationRunner] Build operation 'Resolve com.android.tools.build:manifest-merger:27.2.1' completed
2021-06-06T09:17:09.802-0500 [DEBUG] [org.gradle.internal.operations.DefaultBuildOperationRunner] Build operation 'Resolve com.android.tools.analytics-library:tracker:27.2.1' started
2021-06-06T09:17:09.806-0500 [DEBUG] [org.gradle.internal.operations.DefaultBuildOperationRunner] Completing Build operation 'Resolve com.android:zipflinger:4.2.1'
2021-06-06T09:17:09.806-0500 [DEBUG] [org.gradle.internal.operations.DefaultBuildOperationRunner] Build operation 'Resolve com.android:zipflinger:4.2.1' completed
2021-06-06T09:17:09.806-0500 [DEBUG] [org.gradle.internal.operations.DefaultBuildOperationRunner] Build operation 'Resolve com.android.tools.build:apksig:4.2.1' started
2021-06-06T09:17:09.810-0500 [DEBUG] [org.gradle.internal.operations.DefaultBuildOperationRunner] Completing Build operation 'Resolve com.android.tools.build:builder-test-api:4.2.1'
2021-06-06T09:17:09.810-0500 [DEBUG] [org.gradle.internal.operations.DefaultBuildOperationRunner] Build operation 'Resolve com.android.tools.build:apkzlib:4.2.1' started
2021-06-06T09:17:09.815-0500 [DEBUG] [org.gradle.internal.operations.DefaultBuildOperationRunner] Completing Build operation 'Resolve com.android.tools:sdk-common:27.2.1'
2021-06-06T09:17:09.815-0500 [DEBUG] [org.gradle.internal.operations.DefaultBuildOperationRunner] Build operation 'Resolve com.android.tools:sdk-common:27.2.1' completed
2021-06-06T09:17:09.815-0500 [DEBUG] [org.gradle.internal.operations.DefaultBuildOperationRunner] Build operation 'Resolve com.squareup:javawriter:2.5.0' started
2021-06-06T09:17:09.819-0500 [DEBUG] [org.gradle.internal.operations.DefaultBuildOperationRunner] Completing Build operation 'Resolve com.android.tools.build:builder-model:4.2.1'
2021-06-06T09:17:09.820-0500 [DEBUG] [org.gradle.internal.operations.DefaultBuildOperationRunner] Build operation 'Resolve com.android.tools.build:builder-model:4.2.1' completed
2021-06-06T09:17:09.820-0500 [DEBUG] [org.gradle.internal.operations.DefaultBuildOperationRunner] Build operation 'Resolve org.bouncycastle:bcpkix-jdk15on:1.56' started
2021-06-06T09:17:09.820-0500 [DEBUG] [org.gradle.internal.operations.DefaultBuildOperationRunner] Build operation 'Download https://dl.google.com/dl/android/maven2/com/android/tools/analytics-library/protos/27.2.1/protos-27.2.1.pom' started
2021-06-06T09:17:09.824-0500 [DEBUG] [org.gradle.internal.operations.DefaultBuildOperationRunner] Completing Build operation 'Resolve com.android:signflinger:4.2.1'
2021-06-06T09:17:09.824-0500 [DEBUG] [org.gradle.internal.operations.DefaultBuildOperationRunner] Build operation 'Resolve com.android:signflinger:4.2.1' completed
2021-06-06T09:17:09.824-0500 [DEBUG] [org.gradle.internal.operations.DefaultBuildOperationRunner] Build operation 'Resolve org.bouncycastle:bcprov-jdk15on:1.56' started
2021-06-06T09:17:09.824-0500 [DEBUG] [org.gradle.internal.operations.DefaultBuildOperationRunner] Build operation 'Download https://dl.google.com/dl/android/maven2/com/android/tools/build/apkzlib/4.2.1/apkzlib-4.2.1.pom' started
2021-06-06T09:17:09.825-0500 [DEBUG] [org.gradle.internal.operations.DefaultBuildOperationRunner] Build operation 'Download https://dl.google.com/dl/android/maven2/com/android/tools/build/apksig/4.2.1/apksig-4.2.1.pom' started
2021-06-06T09:17:09.825-0500 [DEBUG] [org.gradle.internal.operations.DefaultBuildOperationRunner] Build operation 'Download https://dl.google.com/dl/android/maven2/com/android/tools/analytics-library/tracker/27.2.1/tracker-27.2.1.pom' started
2021-06-06T09:17:09.827-0500 [DEBUG] [org.gradle.internal.operations.DefaultBuildOperationRunner] Build operation 'Download https://dl.google.com/dl/android/maven2/org/bouncycastle/bcprov-jdk15on/1.56/bcprov-jdk15on-1.56.pom' started
2021-06-06T09:17:09.827-0500 [DEBUG] [org.gradle.internal.operations.DefaultBuildOperationRunner] Build operation 'Download https://dl.google.com/dl/android/maven2/org/bouncycastle/bcpkix-jdk15on/1.56/bcpkix-jdk15on-1.56.pom' started
2021-06-06T09:17:09.827-0500 [DEBUG] [org.gradle.internal.operations.DefaultBuildOperationRunner] Build operation 'Download https://dl.google.com/dl/android/maven2/com/squareup/javawriter/2.5.0/javawriter-2.5.0.pom' started
2021-06-06T09:17:09.866-0500 [DEBUG] [org.gradle.internal.operations.DefaultBuildOperationRunner] Completing Build operation 'Download https://dl.google.com/dl/android/maven2/com/android/tools/analytics-library/protos/27.2.1/protos-27.2.1.pom'
2021-06-06T09:17:09.875-0500 [DEBUG] [org.gradle.internal.operations.DefaultBuildOperationRunner] Completing Build operation 'Download https://dl.google.com/dl/android/maven2/com/squareup/javawriter/2.5.0/javawriter-2.5.0.pom'
2021-06-06T09:17:09.874-0500 [DEBUG] [org.gradle.internal.operations.DefaultBuildOperationRunner] Completing Build operation 'Download https://dl.google.com/dl/android/maven2/org/bouncycastle/bcpkix-jdk15on/1.56/bcpkix-jdk15on-1.56.pom'
2021-06-06T09:17:09.875-0500 [DEBUG] [org.gradle.internal.operations.DefaultBuildOperationRunner] Completing Build operation 'Download https://dl.google.com/dl/android/maven2/org/bouncycastle/bcprov-jdk15on/1.56/bcprov-jdk15on-1.56.pom'
2021-06-06T09:17:09.877-0500 [DEBUG] [org.gradle.internal.operations.DefaultBuildOperationRunner] Build operation 'Download https://repo.maven.apache.org/maven2/com/squareup/javawriter/2.5.0/javawriter-2.5.0.pom' started
2021-06-06T09:17:09.880-0500 [DEBUG] [org.gradle.internal.operations.DefaultBuildOperationRunner] Build operation 'Download https://repo.maven.apache.org/maven2/org/bouncycastle/bcpkix-jdk15on/1.56/bcpkix-jdk15on-1.56.pom' started
2021-06-06T09:17:09.880-0500 [DEBUG] [org.gradle.internal.operations.DefaultBuildOperationRunner] Build operation 'Download https://repo.maven.apache.org/maven2/org/bouncycastle/bcprov-jdk15on/1.56/bcprov-jdk15on-1.56.pom' started
2021-06-06T09:17:09.880-0500 [DEBUG] [org.gradle.internal.operations.DefaultBuildOperationRunner] Completing Build operation 'Download https://dl.google.com/dl/android/maven2/com/android/tools/build/apksig/4.2.1/apksig-4.2.1.pom'
2021-06-06T09:17:09.881-0500 [DEBUG] [org.gradle.internal.operations.DefaultBuildOperationRunner] Completing Build operation 'Download https://dl.google.com/dl/android/maven2/com/android/tools/analytics-library/tracker/27.2.1/tracker-27.2.1.pom'
2021-06-06T09:17:09.890-0500 [DEBUG] [org.gradle.internal.operations.DefaultBuildOperationRunner] Build operation 'Download https://dl.google.com/dl/android/maven2/com/android/tools/analytics-library/protos/27.2.1/protos-27.2.1.module' started
2021-06-06T09:17:09.896-0500 [DEBUG] [org.gradle.internal.operations.DefaultBuildOperationRunner] Build operation 'Download https://dl.google.com/dl/android/maven2/com/android/tools/build/apksig/4.2.1/apksig-4.2.1.module' started
2021-06-06T09:17:09.900-0500 [DEBUG] [org.gradle.internal.operations.DefaultBuildOperationRunner] Completing Build operation 'Download https://repo.maven.apache.org/maven2/com/squareup/javawriter/2.5.0/javawriter-2.5.0.pom'
2021-06-06T09:17:09.902-0500 [DEBUG] [org.gradle.internal.operations.DefaultBuildOperationRunner] Build operation 'Download https://dl.google.com/dl/android/maven2/com/android/tools/analytics-library/tracker/27.2.1/tracker-27.2.1.module' started
2021-06-06T09:17:09.905-0500 [DEBUG] [org.gradle.internal.operations.DefaultBuildOperationRunner] Completing Build operation 'Download https://repo.maven.apache.org/maven2/org/bouncycastle/bcprov-jdk15on/1.56/bcprov-jdk15on-1.56.pom'
2021-06-06T09:17:09.906-0500 [DEBUG] [org.gradle.internal.operations.DefaultBuildOperationRunner] Completing Build operation 'Download https://repo.maven.apache.org/maven2/org/bouncycastle/bcpkix-jdk15on/1.56/bcpkix-jdk15on-1.56.pom'
2021-06-06T09:17:09.927-0500 [DEBUG] [org.gradle.internal.operations.DefaultBuildOperationRunner] Completing Build operation 'Resolve com.squareup:javawriter:2.5.0'
2021-06-06T09:17:09.927-0500 [DEBUG] [org.gradle.internal.operations.DefaultBuildOperationRunner] Build operation 'Resolve com.squareup:javawriter:2.5.0' completed
2021-06-06T09:17:09.927-0500 [DEBUG] [org.gradle.internal.operations.DefaultBuildOperationRunner] Build operation 'Resolve org.ow2.asm:asm-tree:7.0' started
2021-06-06T09:17:09.932-0500 [DEBUG] [org.gradle.internal.operations.DefaultBuildOperationRunner] Completing Build operation 'Resolve org.bouncycastle:bcprov-jdk15on:1.56'
2021-06-06T09:17:09.932-0500 [DEBUG] [org.gradle.internal.operations.DefaultBuildOperationRunner] Build operation 'Resolve org.bouncycastle:bcprov-jdk15on:1.56' completed
2021-06-06T09:17:09.932-0500 [DEBUG] [org.gradle.internal.operations.DefaultBuildOperationRunner] Build operation 'Resolve javax.inject:javax.inject:1' started
2021-06-06T09:17:09.936-0500 [DEBUG] [org.gradle.internal.operations.DefaultBuildOperationRunner] Completing Build operation 'Resolve org.bouncycastle:bcpkix-jdk15on:1.56'
2021-06-06T09:17:09.936-0500 [DEBUG] [org.gradle.internal.operations.DefaultBuildOperationRunner] Build operation 'Resolve org.bouncycastle:bcpkix-jdk15on:1.56' completed
2021-06-06T09:17:09.936-0500 [DEBUG] [org.gradle.internal.operations.DefaultBuildOperationRunner] Build operation 'Resolve it.unimi.dsi:fastutil:8.4.0' started
2021-06-06T09:17:09.938-0500 [DEBUG] [org.gradle.internal.operations.DefaultBuildOperationRunner] Completing Build operation 'Download https://dl.google.com/dl/android/maven2/com/android/tools/analytics-library/protos/27.2.1/protos-27.2.1.module'
2021-06-06T09:17:09.938-0500 [DEBUG] [org.gradle.internal.operations.DefaultBuildOperationRunner] Build operation 'Metadata of https://dl.google.com/dl/android/maven2/org/ow2/asm/asm-tree/7.0/asm-tree-7.0.pom' started
2021-06-06T09:17:09.939-0500 [DEBUG] [org.gradle.internal.operations.DefaultBuildOperationRunner] Build operation 'Download https://dl.google.com/dl/android/maven2/it/unimi/dsi/fastutil/8.4.0/fastutil-8.4.0.pom' started
2021-06-06T09:17:09.939-0500 [DEBUG] [org.gradle.internal.operations.DefaultBuildOperationRunner] Build operation 'Metadata of https://dl.google.com/dl/android/maven2/javax/inject/javax.inject/1/javax.inject-1.pom' started
2021-06-06T09:17:09.945-0500 [DEBUG] [org.gradle.internal.operations.DefaultBuildOperationRunner] Completing Build operation 'Download https://dl.google.com/dl/android/maven2/com/android/tools/build/apksig/4.2.1/apksig-4.2.1.module'
2021-06-06T09:17:09.952-0500 [DEBUG] [org.gradle.internal.operations.DefaultBuildOperationRunner] Completing Build operation 'Download https://dl.google.com/dl/android/maven2/com/android/tools/build/apkzlib/4.2.1/apkzlib-4.2.1.pom'
2021-06-06T09:17:07.977-0500 [LIFECYCLE] [org.gradle.internal.logging.progress.ProgressLoggerFactory] 
2021-06-06T09:17:07.977-0500 [LIFECYCLE] [org.gradle.internal.logging.progress.ProgressLoggerFactory] > Configure project :
2021-06-06T09:17:07.980-0500 [DEBUG] [org.gradle.api.internal.artifacts.ivyservice.ivyresolve.RepositoryChainComponentMetaDataResolver] Attempting to resolve component for com.google.flatbuffers:flatbuffers-java:1.12.0 using repositories [Google, MavenRepo]
2021-06-06T09:17:07.981-0500 [DEBUG] [org.gradle.api.internal.artifacts.repositories.resolver.DefaultExternalResourceArtifactResolver] Loading https://dl.google.com/dl/android/maven2/com/google/flatbuffers/flatbuffers-java/1.12.0/flatbuffers-java-1.12.0.pom
2021-06-06T09:17:07.981-0500 [DEBUG] [org.gradle.internal.resource.transfer.DefaultCacheAwareExternalResourceAccessor] Constructing external resource: https://dl.google.com/dl/android/maven2/com/google/flatbuffers/flatbuffers-java/1.12.0/flatbuffers-java-1.12.0.pom
2021-06-06T09:17:07.982-0500 [DEBUG] [org.gradle.api.internal.artifacts.ivyservice.ivyresolve.RepositoryChainComponentMetaDataResolver] Attempting to resolve component for org.tensorflow:tensorflow-lite-metadata:0.1.0-rc2 using repositories [Google, MavenRepo]
2021-06-06T09:17:07.982-0500 [DEBUG] [org.gradle.api.internal.artifacts.ivyservice.ivyresolve.RepositoryChainComponentMetaDataResolver] Attempting to resolve component for com.android.tools.build:builder:4.2.1 using repositories [Google, MavenRepo]
2021-06-06T09:17:07.983-0500 [DEBUG] [org.gradle.api.internal.artifacts.repositories.resolver.DefaultExternalResourceArtifactResolver] Loading https://dl.google.com/dl/android/maven2/com/android/tools/build/builder/4.2.1/builder-4.2.1.pom
2021-06-06T09:17:07.983-0500 [DEBUG] [org.gradle.api.internal.artifacts.repositories.resolver.DefaultExternalResourceArtifactResolver] Loading https://dl.google.com/dl/android/maven2/org/tensorflow/tensorflow-lite-metadata/0.1.0-rc2/tensorflow-lite-metadata-0.1.0-rc2.pom
2021-06-06T09:17:07.983-0500 [DEBUG] [org.gradle.internal.resource.transfer.DefaultCacheAwareExternalResourceAccessor] Constructing external resource: https://dl.google.com/dl/android/maven2/com/android/tools/build/builder/4.2.1/builder-4.2.1.pom
2021-06-06T09:17:07.983-0500 [DEBUG] [org.gradle.api.internal.artifacts.ivyservice.ivyresolve.RepositoryChainComponentMetaDataResolver] Attempting to resolve component for com.android.tools.build:aaptcompiler:4.2.1 using repositories [Google, MavenRepo]
2021-06-06T09:17:07.985-0500 [DEBUG] [org.gradle.api.internal.artifacts.repositories.resolver.DefaultExternalResourceArtifactResolver] Loading https://dl.google.com/dl/android/maven2/com/android/tools/build/aaptcompiler/4.2.1/aaptcompiler-4.2.1.pom
2021-06-06T09:17:07.985-0500 [DEBUG] [org.gradle.internal.work.DefaultWorkerLeaseService] Worker lease root.1.5.9 started (7 worker(s) in use).
2021-06-06T09:17:07.985-0500 [DEBUG] [org.gradle.internal.resources.AbstractTrackedResourceLock] Daemon worker: acquired lock on root.1.5.9
2021-06-06T09:17:07.984-0500 [DEBUG] [org.gradle.api.internal.artifacts.ivyservice.ivyresolve.RepositoryChainComponentMetaDataResolver] Attempting to resolve component for com.android.tools.analytics-library:crash:27.2.1 using repositories [Google, MavenRepo]
2021-06-06T09:17:07.984-0500 [DEBUG] [org.gradle.internal.resource.transfer.DefaultCacheAwareExternalResourceAccessor] Constructing external resource: https://dl.google.com/dl/android/maven2/org/tensorflow/tensorflow-lite-metadata/0.1.0-rc2/tensorflow-lite-metadata-0.1.0-rc2.pom
2021-06-06T09:17:07.985-0500 [DEBUG] [org.gradle.internal.resource.transfer.DefaultCacheAwareExternalResourceAccessor] Constructing external resource: https://dl.google.com/dl/android/maven2/com/android/tools/build/aaptcompiler/4.2.1/aaptcompiler-4.2.1.pom
2021-06-06T09:17:07.986-0500 [DEBUG] [org.gradle.api.internal.artifacts.ivyservice.ivyresolve.RepositoryChainComponentMetaDataResolver] Attempting to resolve component for com.android.tools.build:gradle-api:4.2.1 using repositories [Google, MavenRepo]
2021-06-06T09:17:07.987-0500 [DEBUG] [org.gradle.api.internal.artifacts.repositories.resolver.DefaultExternalResourceArtifactResolver] Loading https://dl.google.com/dl/android/maven2/com/android/tools/build/gradle-api/4.2.1/gradle-api-4.2.1.pom
2021-06-06T09:17:07.986-0500 [DEBUG] [org.gradle.api.internal.artifacts.repositories.resolver.DefaultExternalResourceArtifactResolver] Loading https://dl.google.com/dl/android/maven2/com/android/tools/analytics-library/crash/27.2.1/crash-27.2.1.pom
2021-06-06T09:17:07.987-0500 [DEBUG] [org.gradle.internal.resource.transfer.DefaultCacheAwareExternalResourceAccessor] Constructing external resource: https://dl.google.com/dl/android/maven2/com/android/tools/build/gradle-api/4.2.1/gradle-api-4.2.1.pom
2021-06-06T09:17:07.987-0500 [DEBUG] [org.gradle.internal.resource.transport.http.HttpResourceAccessor] Constructing external resource: https://dl.google.com/dl/android/maven2/com/android/tools/build/builder/4.2.1/builder-4.2.1.pom
2021-06-06T09:17:07.986-0500 [DEBUG] [org.gradle.api.internal.artifacts.ivyservice.ivyresolve.RepositoryChainComponentMetaDataResolver] Attempting to resolve component for androidx.databinding:databinding-compiler-common:4.2.1 using repositories [Google, MavenRepo]
2021-06-06T09:17:07.986-0500 [DEBUG] [org.gradle.internal.resource.transport.http.HttpResourceAccessor] Constructing external resource: https://dl.google.com/dl/android/maven2/com/google/flatbuffers/flatbuffers-java/1.12.0/flatbuffers-java-1.12.0.pom
2021-06-06T09:17:07.988-0500 [DEBUG] [org.gradle.internal.resource.transport.http.HttpClientHelper] Performing HTTP GET: https://dl.google.com/dl/android/maven2/com/android/tools/build/builder/4.2.1/builder-4.2.1.pom
2021-06-06T09:17:07.989-0500 [DEBUG] [org.gradle.api.internal.artifacts.repositories.resolver.DefaultExternalResourceArtifactResolver] Loading https://dl.google.com/dl/android/maven2/androidx/databinding/databinding-compiler-common/4.2.1/databinding-compiler-common-4.2.1.pom
2021-06-06T09:17:07.989-0500 [DEBUG] [org.gradle.internal.resource.transfer.DefaultCacheAwareExternalResourceAccessor] Constructing external resource: https://dl.google.com/dl/android/maven2/androidx/databinding/databinding-compiler-common/4.2.1/databinding-compiler-common-4.2.1.pom
2021-06-06T09:17:07.989-0500 [DEBUG] [org.gradle.internal.resource.transport.http.HttpClientHelper] Performing HTTP GET: https://dl.google.com/dl/android/maven2/com/google/flatbuffers/flatbuffers-java/1.12.0/flatbuffers-java-1.12.0.pom
2021-06-06T09:17:07.988-0500 [DEBUG] [org.gradle.internal.resource.transport.http.HttpResourceAccessor] Constructing external resource: https://dl.google.com/dl/android/maven2/org/tensorflow/tensorflow-lite-metadata/0.1.0-rc2/tensorflow-lite-metadata-0.1.0-rc2.pom
2021-06-06T09:17:07.987-0500 [DEBUG] [org.gradle.internal.resource.transfer.DefaultCacheAwareExternalResourceAccessor] Constructing external resource: https://dl.google.com/dl/android/maven2/com/android/tools/analytics-library/crash/27.2.1/crash-27.2.1.pom
2021-06-06T09:17:07.989-0500 [DEBUG] [org.apache.http.client.protocol.RequestAddCookies] CookieSpec selected: default
2021-06-06T09:17:07.989-0500 [DEBUG] [org.gradle.internal.resource.transport.http.HttpResourceAccessor] Constructing external resource: https://dl.google.com/dl/android/maven2/com/android/tools/build/aaptcompiler/4.2.1/aaptcompiler-4.2.1.pom
2021-06-06T09:17:07.989-0500 [DEBUG] [org.apache.http.client.protocol.RequestAddCookies] CookieSpec selected: default
2021-06-06T09:17:07.989-0500 [DEBUG] [org.gradle.api.internal.artifacts.ivyservice.ivyresolve.RepositoryChainComponentMetaDataResolver] Attempting to resolve component for com.android.tools.lint:lint-gradle-api:27.2.1 using repositories [Google, MavenRepo]
2021-06-06T09:17:07.990-0500 [DEBUG] [org.gradle.internal.resource.transport.http.HttpClientHelper] Performing HTTP GET: https://dl.google.com/dl/android/maven2/com/android/tools/build/aaptcompiler/4.2.1/aaptcompiler-4.2.1.pom
2021-06-06T09:17:07.990-0500 [DEBUG] [org.gradle.api.internal.artifacts.repositories.resolver.DefaultExternalResourceArtifactResolver] Loading https://dl.google.com/dl/android/maven2/com/android/tools/lint/lint-gradle-api/27.2.1/lint-gradle-api-27.2.1.pom
2021-06-06T09:17:07.990-0500 [DEBUG] [org.apache.http.client.protocol.RequestAuthCache] Auth cache not set in the context
2021-06-06T09:17:07.990-0500 [DEBUG] [org.apache.http.client.protocol.RequestAuthCache] Auth cache not set in the context
2021-06-06T09:17:07.989-0500 [DEBUG] [org.gradle.internal.resource.transport.http.HttpClientHelper] Performing HTTP GET: https://dl.google.com/dl/android/maven2/org/tensorflow/tensorflow-lite-metadata/0.1.0-rc2/tensorflow-lite-metadata-0.1.0-rc2.pom
2021-06-06T09:17:07.992-0500 [DEBUG] [org.apache.http.impl.conn.PoolingHttpClientConnectionManager] Connection request: [route: {s}->https://dl.google.com:443][total kept alive: 2; route allocated: 2 of 20; total allocated: 2 of 20]
2021-06-06T09:17:07.991-0500 [DEBUG] [org.gradle.internal.resource.transport.http.HttpResourceAccessor] Constructing external resource: https://dl.google.com/dl/android/maven2/androidx/databinding/databinding-compiler-common/4.2.1/databinding-compiler-common-4.2.1.pom
2021-06-06T09:17:07.993-0500 [DEBUG] [org.gradle.internal.resource.transport.http.HttpClientHelper] Performing HTTP GET: https://dl.google.com/dl/android/maven2/androidx/databinding/databinding-compiler-common/4.2.1/databinding-compiler-common-4.2.1.pom
2021-06-06T09:17:07.991-0500 [DEBUG] [org.apache.http.impl.conn.PoolingHttpClientConnectionManager] Connection request: [route: {s}->https://dl.google.com:443][total kept alive: 2; route allocated: 2 of 20; total allocated: 2 of 20]
2021-06-06T09:17:07.994-0500 [DEBUG] [org.apache.http.impl.conn.PoolingHttpClientConnectionManager] Connection leased: [id: 0][route: {s}->https://dl.google.com:443][total kept alive: 0; route allocated: 2 of 20; total allocated: 2 of 20]
2021-06-06T09:17:07.994-0500 [DEBUG] [org.apache.http.impl.conn.DefaultManagedHttpClientConnection] http-outgoing-0: set socket timeout to 30000
2021-06-06T09:17:07.991-0500 [DEBUG] [org.apache.http.client.protocol.RequestAddCookies] CookieSpec selected: default
2021-06-06T09:17:07.994-0500 [DEBUG] [org.apache.http.impl.conn.DefaultManagedHttpClientConnection] http-outgoing-0: set socket timeout to 30000
2021-06-06T09:17:07.994-0500 [DEBUG] [org.apache.http.impl.execchain.MainClientExec] Executing request GET /dl/android/maven2/com/android/tools/build/builder/4.2.1/builder-4.2.1.pom HTTP/1.1
2021-06-06T09:17:07.994-0500 [DEBUG] [org.apache.http.impl.execchain.MainClientExec] Target auth state: UNCHALLENGED
2021-06-06T09:17:07.996-0500 [DEBUG] [org.apache.http.impl.execchain.MainClientExec] Proxy auth state: UNCHALLENGED
2021-06-06T09:17:07.991-0500 [DEBUG] [org.gradle.internal.resource.transfer.DefaultCacheAwareExternalResourceAccessor] Constructing external resource: https://dl.google.com/dl/android/maven2/com/android/tools/lint/lint-gradle-api/27.2.1/lint-gradle-api-27.2.1.pom
2021-06-06T09:17:07.997-0500 [DEBUG] [org.gradle.internal.resource.transport.http.HttpResourceAccessor] Constructing external resource: https://dl.google.com/dl/android/maven2/com/android/tools/build/gradle-api/4.2.1/gradle-api-4.2.1.pom
2021-06-06T09:17:07.998-0500 [DEBUG] [org.gradle.internal.resource.transport.http.HttpClientHelper] Performing HTTP GET: https://dl.google.com/dl/android/maven2/com/android/tools/build/gradle-api/4.2.1/gradle-api-4.2.1.pom
2021-06-06T09:17:07.994-0500 [DEBUG] [org.apache.http.client.protocol.RequestAuthCache] Auth cache not set in the context
2021-06-06T09:17:07.998-0500 [DEBUG] [org.apache.http.impl.conn.PoolingHttpClientConnectionManager] Connection request: [route: {s}->https://dl.google.com:443][total kept alive: 0; route allocated: 2 of 20; total allocated: 2 of 20]
2021-06-06T09:17:07.993-0500 [DEBUG] [org.apache.http.client.protocol.RequestAddCookies] CookieSpec selected: default
2021-06-06T09:17:07.999-0500 [DEBUG] [org.apache.http.client.protocol.RequestAuthCache] Auth cache not set in the context
2021-06-06T09:17:07.999-0500 [DEBUG] [org.apache.http.impl.conn.PoolingHttpClientConnectionManager] Connection request: [route: {s}->https://dl.google.com:443][total kept alive: 0; route allocated: 3 of 20; total allocated: 3 of 20]
2021-06-06T09:17:07.993-0500 [DEBUG] [org.apache.http.client.protocol.RequestAddCookies] CookieSpec selected: default
2021-06-06T09:17:07.992-0500 [DEBUG] [org.apache.http.impl.conn.PoolingHttpClientConnectionManager] Connection leased: [id: 1][route: {s}->https://dl.google.com:443][total kept alive: 1; route allocated: 2 of 20; total allocated: 2 of 20]
2021-06-06T09:17:08.000-0500 [DEBUG] [org.apache.http.client.protocol.RequestAuthCache] Auth cache not set in the context
2021-06-06T09:17:07.998-0500 [DEBUG] [org.apache.http.impl.conn.PoolingHttpClientConnectionManager] Connection leased: [id: 3][route: {s}->https://dl.google.com:443][total kept alive: 0; route allocated: 3 of 20; total allocated: 3 of 20]
2021-06-06T09:17:08.000-0500 [DEBUG] [org.gradle.internal.resource.transport.http.HttpResourceAccessor] Constructing external resource: https://dl.google.com/dl/android/maven2/com/android/tools/lint/lint-gradle-api/27.2.1/lint-gradle-api-27.2.1.pom
2021-06-06T09:17:08.001-0500 [DEBUG] [org.gradle.internal.resource.transport.http.HttpClientHelper] Performing HTTP GET: https://dl.google.com/dl/android/maven2/com/android/tools/lint/lint-gradle-api/27.2.1/lint-gradle-api-27.2.1.pom
2021-06-06T09:17:08.001-0500 [DEBUG] [org.apache.http.impl.conn.PoolingHttpClientConnectionManager] Connection leased: [id: 4][route: {s}->https://dl.google.com:443][total kept alive: 0; route allocated: 4 of 20; total allocated: 4 of 20]
2021-06-06T09:17:08.003-0500 [DEBUG] [org.apache.http.impl.execchain.MainClientExec] Opening connection {s}->https://dl.google.com:443
2021-06-06T09:17:08.003-0500 [DEBUG] [org.apache.http.impl.conn.DefaultHttpClientConnectionOperator] Connecting to dl.google.com/172.217.6.110:443
2021-06-06T09:17:08.003-0500 [DEBUG] [org.apache.http.conn.ssl.SSLConnectionSocketFactory] Connecting socket to dl.google.com/172.217.6.110:443 with timeout 30000
2021-06-06T09:17:07.998-0500 [DEBUG] [org.apache.http.client.protocol.RequestAddCookies] CookieSpec selected: default
2021-06-06T09:17:08.004-0500 [DEBUG] [org.apache.http.client.protocol.RequestAuthCache] Auth cache not set in the context
2021-06-06T09:17:08.004-0500 [DEBUG] [org.apache.http.impl.conn.PoolingHttpClientConnectionManager] Connection request: [route: {s}->https://dl.google.com:443][total kept alive: 0; route allocated: 4 of 20; total allocated: 4 of 20]
2021-06-06T09:17:08.004-0500 [DEBUG] [org.apache.http.impl.conn.PoolingHttpClientConnectionManager] Connection leased: [id: 5][route: {s}->https://dl.google.com:443][total kept alive: 0; route allocated: 5 of 20; total allocated: 5 of 20]
2021-06-06T09:17:08.004-0500 [DEBUG] [org.apache.http.impl.execchain.MainClientExec] Opening connection {s}->https://dl.google.com:443
2021-06-06T09:17:08.005-0500 [DEBUG] [org.apache.http.impl.conn.DefaultHttpClientConnectionOperator] Connecting to dl.google.com/172.217.6.110:443
2021-06-06T09:17:08.005-0500 [DEBUG] [org.apache.http.conn.ssl.SSLConnectionSocketFactory] Connecting socket to dl.google.com/172.217.6.110:443 with timeout 30000
2021-06-06T09:17:07.997-0500 [DEBUG] [org.gradle.internal.resource.transport.http.HttpResourceAccessor] Constructing external resource: https://dl.google.com/dl/android/maven2/com/android/tools/analytics-library/crash/27.2.1/crash-27.2.1.pom
2021-06-06T09:17:08.001-0500 [DEBUG] [org.apache.http.client.protocol.RequestAddCookies] CookieSpec selected: default
2021-06-06T09:17:08.006-0500 [DEBUG] [org.gradle.internal.resource.transport.http.HttpClientHelper] Performing HTTP GET: https://dl.google.com/dl/android/maven2/com/android/tools/analytics-library/crash/27.2.1/crash-27.2.1.pom
2021-06-06T09:17:08.010-0500 [DEBUG] [org.apache.http.client.protocol.RequestAddCookies] CookieSpec selected: default
2021-06-06T09:17:08.010-0500 [DEBUG] [org.apache.http.client.protocol.RequestAuthCache] Auth cache not set in the context
2021-06-06T09:17:08.010-0500 [DEBUG] [org.apache.http.impl.conn.PoolingHttpClientConnectionManager] Connection request: [route: {s}->https://dl.google.com:443][total kept alive: 0; route allocated: 5 of 20; total allocated: 5 of 20]
2021-06-06T09:17:08.010-0500 [DEBUG] [org.apache.http.impl.conn.PoolingHttpClientConnectionManager] Connection leased: [id: 6][route: {s}->https://dl.google.com:443][total kept alive: 0; route allocated: 6 of 20; total allocated: 6 of 20]
2021-06-06T09:17:08.011-0500 [DEBUG] [org.apache.http.impl.execchain.MainClientExec] Opening connection {s}->https://dl.google.com:443
2021-06-06T09:17:08.011-0500 [DEBUG] [org.apache.http.impl.conn.DefaultHttpClientConnectionOperator] Connecting to dl.google.com/172.217.6.110:443
2021-06-06T09:17:08.011-0500 [DEBUG] [org.apache.http.conn.ssl.SSLConnectionSocketFactory] Connecting socket to dl.google.com/172.217.6.110:443 with timeout 30000
2021-06-06T09:17:08.001-0500 [DEBUG] [org.apache.http.impl.conn.PoolingHttpClientConnectionManager] Connection request: [route: {s}->https://dl.google.com:443][total kept alive: 0; route allocated: 4 of 20; total allocated: 4 of 20]
2021-06-06T09:17:08.000-0500 [DEBUG] [org.apache.http.impl.execchain.MainClientExec] Opening connection {s}->https://dl.google.com:443
2021-06-06T09:17:08.000-0500 [DEBUG] [org.apache.http.impl.conn.DefaultManagedHttpClientConnection] http-outgoing-1: set socket timeout to 30000
2021-06-06T09:17:08.012-0500 [DEBUG] [org.apache.http.impl.conn.PoolingHttpClientConnectionManager] Connection leased: [id: 7][route: {s}->https://dl.google.com:443][total kept alive: 0; route allocated: 7 of 20; total allocated: 7 of 20]
2021-06-06T09:17:08.006-0500 [DEBUG] [org.apache.http.client.protocol.RequestAuthCache] Auth cache not set in the context
2021-06-06T09:17:08.013-0500 [DEBUG] [org.apache.http.impl.execchain.MainClientExec] Opening connection {s}->https://dl.google.com:443
2021-06-06T09:17:08.013-0500 [DEBUG] [org.apache.http.impl.conn.DefaultManagedHttpClientConnection] http-outgoing-1: set socket timeout to 30000
2021-06-06T09:17:08.013-0500 [DEBUG] [org.apache.http.impl.execchain.MainClientExec] Executing request GET /dl/android/maven2/com/google/flatbuffers/flatbuffers-java/1.12.0/flatbuffers-java-1.12.0.pom HTTP/1.1
2021-06-06T09:17:08.013-0500 [DEBUG] [org.apache.http.impl.execchain.MainClientExec] Target auth state: UNCHALLENGED
2021-06-06T09:17:08.012-0500 [DEBUG] [org.apache.http.impl.conn.DefaultHttpClientConnectionOperator] Connecting to dl.google.com/172.217.6.110:443
2021-06-06T09:17:08.014-0500 [DEBUG] [org.apache.http.impl.execchain.MainClientExec] Proxy auth state: UNCHALLENGED
2021-06-06T09:17:08.013-0500 [DEBUG] [org.apache.http.impl.conn.DefaultHttpClientConnectionOperator] Connecting to dl.google.com/172.217.6.110:443
2021-06-06T09:17:08.013-0500 [DEBUG] [org.apache.http.impl.conn.PoolingHttpClientConnectionManager] Connection request: [route: {s}->https://dl.google.com:443][total kept alive: 0; route allocated: 7 of 20; total allocated: 7 of 20]
2021-06-06T09:17:08.014-0500 [DEBUG] [org.apache.http.impl.conn.PoolingHttpClientConnectionManager] Connection leased: [id: 8][route: {s}->https://dl.google.com:443][total kept alive: 0; route allocated: 8 of 20; total allocated: 8 of 20]
2021-06-06T09:17:08.014-0500 [DEBUG] [org.apache.http.impl.execchain.MainClientExec] Opening connection {s}->https://dl.google.com:443
2021-06-06T09:17:08.014-0500 [DEBUG] [org.apache.http.conn.ssl.SSLConnectionSocketFactory] Connecting socket to dl.google.com/172.217.6.110:443 with timeout 30000
2021-06-06T09:17:08.014-0500 [DEBUG] [org.apache.http.conn.ssl.SSLConnectionSocketFactory] Connecting socket to dl.google.com/172.217.6.110:443 with timeout 30000
2021-06-06T09:17:08.015-0500 [DEBUG] [org.apache.http.impl.conn.DefaultHttpClientConnectionOperator] Connecting to dl.google.com/172.217.6.110:443
2021-06-06T09:17:08.015-0500 [DEBUG] [org.apache.http.conn.ssl.SSLConnectionSocketFactory] Connecting socket to dl.google.com/172.217.6.110:443 with timeout 30000
2021-06-06T09:17:08.024-0500 [DEBUG] [org.apache.http.conn.ssl.SSLConnectionSocketFactory] Enabled protocols: [TLSv1.2, TLSv1.3]
2021-06-06T09:17:08.024-0500 [DEBUG] [org.apache.http.conn.ssl.SSLConnectionSocketFactory] Enabled cipher suites:[TLS_AES_256_GCM_SHA384, TLS_AES_128_GCM_SHA256, TLS_CHACHA20_POLY1305_SHA256, TLS_ECDHE_ECDSA_WITH_AES_256_GCM_SHA384, TLS_ECDHE_ECDSA_WITH_AES_128_GCM_SHA256, TLS_ECDHE_ECDSA_WITH_CHACHA20_POLY1305_SHA256, TLS_ECDHE_RSA_WITH_AES_256_GCM_SHA384, TLS_ECDHE_RSA_WITH_CHACHA20_POLY1305_SHA256, TLS_ECDHE_RSA_WITH_AES_128_GCM_SHA256, TLS_DHE_RSA_WITH_AES_256_GCM_SHA384, TLS_DHE_RSA_WITH_CHACHA20_POLY1305_SHA256, TLS_DHE_DSS_WITH_AES_256_GCM_SHA384, TLS_DHE_RSA_WITH_AES_128_GCM_SHA256, TLS_DHE_DSS_WITH_AES_128_GCM_SHA256, TLS_ECDHE_ECDSA_WITH_AES_256_CBC_SHA384, TLS_ECDHE_RSA_WITH_AES_256_CBC_SHA384, TLS_ECDHE_ECDSA_WITH_AES_128_CBC_SHA256, TLS_ECDHE_RSA_WITH_AES_128_CBC_SHA256, TLS_DHE_RSA_WITH_AES_256_CBC_SHA256, TLS_DHE_DSS_WITH_AES_256_CBC_SHA256, TLS_DHE_RSA_WITH_AES_128_CBC_SHA256, TLS_DHE_DSS_WITH_AES_128_CBC_SHA256, TLS_ECDH_ECDSA_WITH_AES_256_GCM_SHA384, TLS_ECDH_RSA_WITH_AES_256_GCM_SHA384, TLS_ECDH_ECDSA_WITH_AES_128_GCM_SHA256, TLS_ECDH_RSA_WITH_AES_128_GCM_SHA256, TLS_ECDH_ECDSA_WITH_AES_256_CBC_SHA384, TLS_ECDH_RSA_WITH_AES_256_CBC_SHA384, TLS_ECDH_ECDSA_WITH_AES_128_CBC_SHA256, TLS_ECDH_RSA_WITH_AES_128_CBC_SHA256, TLS_ECDHE_ECDSA_WITH_AES_256_CBC_SHA, TLS_ECDHE_RSA_WITH_AES_256_CBC_SHA, TLS_ECDHE_ECDSA_WITH_AES_128_CBC_SHA, TLS_ECDHE_RSA_WITH_AES_128_CBC_SHA, TLS_DHE_RSA_WITH_AES_256_CBC_SHA, TLS_DHE_DSS_WITH_AES_256_CBC_SHA, TLS_DHE_RSA_WITH_AES_128_CBC_SHA, TLS_DHE_DSS_WITH_AES_128_CBC_SHA, TLS_ECDH_ECDSA_WITH_AES_256_CBC_SHA, TLS_ECDH_RSA_WITH_AES_256_CBC_SHA, TLS_ECDH_ECDSA_WITH_AES_128_CBC_SHA, TLS_ECDH_RSA_WITH_AES_128_CBC_SHA, TLS_RSA_WITH_AES_256_GCM_SHA384, TLS_RSA_WITH_AES_128_GCM_SHA256, TLS_RSA_WITH_AES_256_CBC_SHA256, TLS_RSA_WITH_AES_128_CBC_SHA256, TLS_RSA_WITH_AES_256_CBC_SHA, TLS_RSA_WITH_AES_128_CBC_SHA, TLS_EMPTY_RENEGOTIATION_INFO_SCSV]
2021-06-06T09:17:08.024-0500 [DEBUG] [org.apache.http.conn.ssl.SSLConnectionSocketFactory] Starting handshake
2021-06-06T09:17:08.024-0500 [DEBUG] [org.apache.http.conn.ssl.SSLConnectionSocketFactory] Enabled protocols: [TLSv1.2, TLSv1.3]
2021-06-06T09:17:08.025-0500 [DEBUG] [org.apache.http.conn.ssl.SSLConnectionSocketFactory] Enabled cipher suites:[TLS_AES_256_GCM_SHA384, TLS_AES_128_GCM_SHA256, TLS_CHACHA20_POLY1305_SHA256, TLS_ECDHE_ECDSA_WITH_AES_256_GCM_SHA384, TLS_ECDHE_ECDSA_WITH_AES_128_GCM_SHA256, TLS_ECDHE_ECDSA_WITH_CHACHA20_POLY1305_SHA256, TLS_ECDHE_RSA_WITH_AES_256_GCM_SHA384, TLS_ECDHE_RSA_WITH_CHACHA20_POLY1305_SHA256, TLS_ECDHE_RSA_WITH_AES_128_GCM_SHA256, TLS_DHE_RSA_WITH_AES_256_GCM_SHA384, TLS_DHE_RSA_WITH_CHACHA20_POLY1305_SHA256, TLS_DHE_DSS_WITH_AES_256_GCM_SHA384, TLS_DHE_RSA_WITH_AES_128_GCM_SHA256, TLS_DHE_DSS_WITH_AES_128_GCM_SHA256, TLS_ECDHE_ECDSA_WITH_AES_256_CBC_SHA384, TLS_ECDHE_RSA_WITH_AES_256_CBC_SHA384, TLS_ECDHE_ECDSA_WITH_AES_128_CBC_SHA256, TLS_ECDHE_RSA_WITH_AES_128_CBC_SHA256, TLS_DHE_RSA_WITH_AES_256_CBC_SHA256, TLS_DHE_DSS_WITH_AES_256_CBC_SHA256, TLS_DHE_RSA_WITH_AES_128_CBC_SHA256, TLS_DHE_DSS_WITH_AES_128_CBC_SHA256, TLS_ECDH_ECDSA_WITH_AES_256_GCM_SHA384, TLS_ECDH_RSA_WITH_AES_256_GCM_SHA384, TLS_ECDH_ECDSA_WITH_AES_128_GCM_SHA256, TLS_ECDH_RSA_WITH_AES_128_GCM_SHA256, TLS_ECDH_ECDSA_WITH_AES_256_CBC_SHA384, TLS_ECDH_RSA_WITH_AES_256_CBC_SHA384, TLS_ECDH_ECDSA_WITH_AES_128_CBC_SHA256, TLS_ECDH_RSA_WITH_AES_128_CBC_SHA256, TLS_ECDHE_ECDSA_WITH_AES_256_CBC_SHA, TLS_ECDHE_RSA_WITH_AES_256_CBC_SHA, TLS_ECDHE_ECDSA_WITH_AES_128_CBC_SHA, TLS_ECDHE_RSA_WITH_AES_128_CBC_SHA, TLS_DHE_RSA_WITH_AES_256_CBC_SHA, TLS_DHE_DSS_WITH_AES_256_CBC_SHA, TLS_DHE_RSA_WITH_AES_128_CBC_SHA, TLS_DHE_DSS_WITH_AES_128_CBC_SHA, TLS_ECDH_ECDSA_WITH_AES_256_CBC_SHA, TLS_ECDH_RSA_WITH_AES_256_CBC_SHA, TLS_ECDH_ECDSA_WITH_AES_128_CBC_SHA, TLS_ECDH_RSA_WITH_AES_128_CBC_SHA, TLS_RSA_WITH_AES_256_GCM_SHA384, TLS_RSA_WITH_AES_128_GCM_SHA256, TLS_RSA_WITH_AES_256_CBC_SHA256, TLS_RSA_WITH_AES_128_CBC_SHA256, TLS_RSA_WITH_AES_256_CBC_SHA, TLS_RSA_WITH_AES_128_CBC_SHA, TLS_EMPTY_RENEGOTIATION_INFO_SCSV]
2021-06-06T09:17:08.025-0500 [DEBUG] [org.apache.http.conn.ssl.SSLConnectionSocketFactory] Starting handshake
2021-06-06T09:17:08.042-0500 [DEBUG] [org.apache.http.conn.ssl.SSLConnectionSocketFactory] Enabled protocols: [TLSv1.2, TLSv1.3]
2021-06-06T09:17:08.042-0500 [DEBUG] [org.apache.http.conn.ssl.SSLConnectionSocketFactory] Enabled protocols: [TLSv1.2, TLSv1.3]
2021-06-06T09:17:08.042-0500 [DEBUG] [org.apache.http.conn.ssl.SSLConnectionSocketFactory] Enabled cipher suites:[TLS_AES_256_GCM_SHA384, TLS_AES_128_GCM_SHA256, TLS_CHACHA20_POLY1305_SHA256, TLS_ECDHE_ECDSA_WITH_AES_256_GCM_SHA384, TLS_ECDHE_ECDSA_WITH_AES_128_GCM_SHA256, TLS_ECDHE_ECDSA_WITH_CHACHA20_POLY1305_SHA256, TLS_ECDHE_RSA_WITH_AES_256_GCM_SHA384, TLS_ECDHE_RSA_WITH_CHACHA20_POLY1305_SHA256, TLS_ECDHE_RSA_WITH_AES_128_GCM_SHA256, TLS_DHE_RSA_WITH_AES_256_GCM_SHA384, TLS_DHE_RSA_WITH_CHACHA20_POLY1305_SHA256, TLS_DHE_DSS_WITH_AES_256_GCM_SHA384, TLS_DHE_RSA_WITH_AES_128_GCM_SHA256, TLS_DHE_DSS_WITH_AES_128_GCM_SHA256, TLS_ECDHE_ECDSA_WITH_AES_256_CBC_SHA384, TLS_ECDHE_RSA_WITH_AES_256_CBC_SHA384, TLS_ECDHE_ECDSA_WITH_AES_128_CBC_SHA256, TLS_ECDHE_RSA_WITH_AES_128_CBC_SHA256, TLS_DHE_RSA_WITH_AES_256_CBC_SHA256, TLS_DHE_DSS_WITH_AES_256_CBC_SHA256, TLS_DHE_RSA_WITH_AES_128_CBC_SHA256, TLS_DHE_DSS_WITH_AES_128_CBC_SHA256, TLS_ECDH_ECDSA_WITH_AES_256_GCM_SHA384, TLS_ECDH_RSA_WITH_AES_256_GCM_SHA384, TLS_ECDH_ECDSA_WITH_AES_128_GCM_SHA256, TLS_ECDH_RSA_WITH_AES_128_GCM_SHA256, TLS_ECDH_ECDSA_WITH_AES_256_CBC_SHA384, TLS_ECDH_RSA_WITH_AES_256_CBC_SHA384, TLS_ECDH_ECDSA_WITH_AES_128_CBC_SHA256, TLS_ECDH_RSA_WITH_AES_128_CBC_SHA256, TLS_ECDHE_ECDSA_WITH_AES_256_CBC_SHA, TLS_ECDHE_RSA_WITH_AES_256_CBC_SHA, TLS_ECDHE_ECDSA_WITH_AES_128_CBC_SHA, TLS_ECDHE_RSA_WITH_AES_128_CBC_SHA, TLS_DHE_RSA_WITH_AES_256_CBC_SHA, TLS_DHE_DSS_WITH_AES_256_CBC_SHA, TLS_DHE_RSA_WITH_AES_128_CBC_SHA, TLS_DHE_DSS_WITH_AES_128_CBC_SHA, TLS_ECDH_ECDSA_WITH_AES_256_CBC_SHA, TLS_ECDH_RSA_WITH_AES_256_CBC_SHA, TLS_ECDH_ECDSA_WITH_AES_128_CBC_SHA, TLS_ECDH_RSA_WITH_AES_128_CBC_SHA, TLS_RSA_WITH_AES_256_GCM_SHA384, TLS_RSA_WITH_AES_128_GCM_SHA256, TLS_RSA_WITH_AES_256_CBC_SHA256, TLS_RSA_WITH_AES_128_CBC_SHA256, TLS_RSA_WITH_AES_256_CBC_SHA, TLS_RSA_WITH_AES_128_CBC_SHA, TLS_EMPTY_RENEGOTIATION_INFO_SCSV]
2021-06-06T09:17:08.042-0500 [DEBUG] [org.apache.http.conn.ssl.SSLConnectionSocketFactory] Starting handshake
2021-06-06T09:17:08.042-0500 [DEBUG] [org.apache.http.conn.ssl.SSLConnectionSocketFactory] Enabled protocols: [TLSv1.2, TLSv1.3]
2021-06-06T09:17:08.043-0500 [DEBUG] [org.apache.http.conn.ssl.SSLConnectionSocketFactory] Enabled cipher suites:[TLS_AES_256_GCM_SHA384, TLS_AES_128_GCM_SHA256, TLS_CHACHA20_POLY1305_SHA256, TLS_ECDHE_ECDSA_WITH_AES_256_GCM_SHA384, TLS_ECDHE_ECDSA_WITH_AES_128_GCM_SHA256, TLS_ECDHE_ECDSA_WITH_CHACHA20_POLY1305_SHA256, TLS_ECDHE_RSA_WITH_AES_256_GCM_SHA384, TLS_ECDHE_RSA_WITH_CHACHA20_POLY1305_SHA256, TLS_ECDHE_RSA_WITH_AES_128_GCM_SHA256, TLS_DHE_RSA_WITH_AES_256_GCM_SHA384, TLS_DHE_RSA_WITH_CHACHA20_POLY1305_SHA256, TLS_DHE_DSS_WITH_AES_256_GCM_SHA384, TLS_DHE_RSA_WITH_AES_128_GCM_SHA256, TLS_DHE_DSS_WITH_AES_128_GCM_SHA256, TLS_ECDHE_ECDSA_WITH_AES_256_CBC_SHA384, TLS_ECDHE_RSA_WITH_AES_256_CBC_SHA384, TLS_ECDHE_ECDSA_WITH_AES_128_CBC_SHA256, TLS_ECDHE_RSA_WITH_AES_128_CBC_SHA256, TLS_DHE_RSA_WITH_AES_256_CBC_SHA256, TLS_DHE_DSS_WITH_AES_256_CBC_SHA256, TLS_DHE_RSA_WITH_AES_128_CBC_SHA256, TLS_DHE_DSS_WITH_AES_128_CBC_SHA256, TLS_ECDH_ECDSA_WITH_AES_256_GCM_SHA384, TLS_ECDH_RSA_WITH_AES_256_GCM_SHA384, TLS_ECDH_ECDSA_WITH_AES_128_GCM_SHA256, TLS_ECDH_RSA_WITH_AES_128_GCM_SHA256, TLS_ECDH_ECDSA_WITH_AES_256_CBC_SHA384, TLS_ECDH_RSA_WITH_AES_256_CBC_SHA384, TLS_ECDH_ECDSA_WITH_AES_128_CBC_SHA256, TLS_ECDH_RSA_WITH_AES_128_CBC_SHA256, TLS_ECDHE_ECDSA_WITH_AES_256_CBC_SHA, TLS_ECDHE_RSA_WITH_AES_256_CBC_SHA, TLS_ECDHE_ECDSA_WITH_AES_128_CBC_SHA, TLS_ECDHE_RSA_WITH_AES_128_CBC_SHA, TLS_DHE_RSA_WITH_AES_256_CBC_SHA, TLS_DHE_DSS_WITH_AES_256_CBC_SHA, TLS_DHE_RSA_WITH_AES_128_CBC_SHA, TLS_DHE_DSS_WITH_AES_128_CBC_SHA, TLS_ECDH_ECDSA_WITH_AES_256_CBC_SHA, TLS_ECDH_RSA_WITH_AES_256_CBC_SHA, TLS_ECDH_ECDSA_WITH_AES_128_CBC_SHA, TLS_ECDH_RSA_WITH_AES_128_CBC_SHA, TLS_RSA_WITH_AES_256_GCM_SHA384, TLS_RSA_WITH_AES_128_GCM_SHA256, TLS_RSA_WITH_AES_256_CBC_SHA256, TLS_RSA_WITH_AES_128_CBC_SHA256, TLS_RSA_WITH_AES_256_CBC_SHA, TLS_RSA_WITH_AES_128_CBC_SHA, TLS_EMPTY_RENEGOTIATION_INFO_SCSV]
2021-06-06T09:17:08.043-0500 [DEBUG] [org.apache.http.conn.ssl.SSLConnectionSocketFactory] Starting handshake
2021-06-06T09:17:08.044-0500 [DEBUG] [org.apache.http.impl.execchain.MainClientExec] Connection can be kept alive indefinitely
2021-06-06T09:17:08.042-0500 [DEBUG] [org.apache.http.conn.ssl.SSLConnectionSocketFactory] Enabled protocols: [TLSv1.2, TLSv1.3]
2021-06-06T09:17:08.051-0500 [DEBUG] [org.apache.http.conn.ssl.SSLConnectionSocketFactory] Enabled cipher suites:[TLS_AES_256_GCM_SHA384, TLS_AES_128_GCM_SHA256, TLS_CHACHA20_POLY1305_SHA256, TLS_ECDHE_ECDSA_WITH_AES_256_GCM_SHA384, TLS_ECDHE_ECDSA_WITH_AES_128_GCM_SHA256, TLS_ECDHE_ECDSA_WITH_CHACHA20_POLY1305_SHA256, TLS_ECDHE_RSA_WITH_AES_256_GCM_SHA384, TLS_ECDHE_RSA_WITH_CHACHA20_POLY1305_SHA256, TLS_ECDHE_RSA_WITH_AES_128_GCM_SHA256, TLS_DHE_RSA_WITH_AES_256_GCM_SHA384, TLS_DHE_RSA_WITH_CHACHA20_POLY1305_SHA256, TLS_DHE_DSS_WITH_AES_256_GCM_SHA384, TLS_DHE_RSA_WITH_AES_128_GCM_SHA256, TLS_DHE_DSS_WITH_AES_128_GCM_SHA256, TLS_ECDHE_ECDSA_WITH_AES_256_CBC_SHA384, TLS_ECDHE_RSA_WITH_AES_256_CBC_SHA384, TLS_ECDHE_ECDSA_WITH_AES_128_CBC_SHA256, TLS_ECDHE_RSA_WITH_AES_128_CBC_SHA256, TLS_DHE_RSA_WITH_AES_256_CBC_SHA256, TLS_DHE_DSS_WITH_AES_256_CBC_SHA256, TLS_DHE_RSA_WITH_AES_128_CBC_SHA256, TLS_DHE_DSS_WITH_AES_128_CBC_SHA256, TLS_ECDH_ECDSA_WITH_AES_256_GCM_SHA384, TLS_ECDH_RSA_WITH_AES_256_GCM_SHA384, TLS_ECDH_ECDSA_WITH_AES_128_GCM_SHA256, TLS_ECDH_RSA_WITH_AES_128_GCM_SHA256, TLS_ECDH_ECDSA_WITH_AES_256_CBC_SHA384, TLS_ECDH_RSA_WITH_AES_256_CBC_SHA384, TLS_ECDH_ECDSA_WITH_AES_128_CBC_SHA256, TLS_ECDH_RSA_WITH_AES_128_CBC_SHA256, TLS_ECDHE_ECDSA_WITH_AES_256_CBC_SHA, TLS_ECDHE_RSA_WITH_AES_256_CBC_SHA, TLS_ECDHE_ECDSA_WITH_AES_128_CBC_SHA, TLS_ECDHE_RSA_WITH_AES_128_CBC_SHA, TLS_DHE_RSA_WITH_AES_256_CBC_SHA, TLS_DHE_DSS_WITH_AES_256_CBC_SHA, TLS_DHE_RSA_WITH_AES_128_CBC_SHA, TLS_DHE_DSS_WITH_AES_128_CBC_SHA, TLS_ECDH_ECDSA_WITH_AES_256_CBC_SHA, TLS_ECDH_RSA_WITH_AES_256_CBC_SHA, TLS_ECDH_ECDSA_WITH_AES_128_CBC_SHA, TLS_ECDH_RSA_WITH_AES_128_CBC_SHA, TLS_RSA_WITH_AES_256_GCM_SHA384, TLS_RSA_WITH_AES_128_GCM_SHA256, TLS_RSA_WITH_AES_256_CBC_SHA256, TLS_RSA_WITH_AES_128_CBC_SHA256, TLS_RSA_WITH_AES_256_CBC_SHA, TLS_RSA_WITH_AES_128_CBC_SHA, TLS_EMPTY_RENEGOTIATION_INFO_SCSV]
2021-06-06T09:17:08.052-0500 [DEBUG] [org.apache.http.conn.ssl.SSLConnectionSocketFactory] Starting handshake
2021-06-06T09:17:08.054-0500 [DEBUG] [org.apache.http.impl.execchain.MainClientExec] Connection can be kept alive indefinitely
2021-06-06T09:17:08.054-0500 [DEBUG] [org.apache.http.impl.conn.PoolingHttpClientConnectionManager] Connection [id: 1][route: {s}->https://dl.google.com:443] can be kept alive indefinitely
2021-06-06T09:17:08.055-0500 [DEBUG] [org.apache.http.impl.conn.DefaultManagedHttpClientConnection] http-outgoing-1: set socket timeout to 0
2021-06-06T09:17:08.055-0500 [DEBUG] [org.apache.http.impl.conn.PoolingHttpClientConnectionManager] Connection released: [id: 1][route: {s}->https://dl.google.com:443][total kept alive: 1; route allocated: 8 of 20; total allocated: 8 of 20]
2021-06-06T09:17:08.055-0500 [INFO] [org.gradle.internal.resource.transport.http.HttpClientHelper] Resource missing. [HTTP GET: https://dl.google.com/dl/android/maven2/com/google/flatbuffers/flatbuffers-java/1.12.0/flatbuffers-java-1.12.0.pom]
2021-06-06T09:17:08.055-0500 [DEBUG] [org.gradle.internal.operations.DefaultBuildOperationRunner] Build operation 'Download https://dl.google.com/dl/android/maven2/com/google/flatbuffers/flatbuffers-java/1.12.0/flatbuffers-java-1.12.0.pom' completed
2021-06-06T09:17:08.056-0500 [DEBUG] [org.gradle.api.internal.artifacts.repositories.resolver.ExternalResourceResolver] No meta-data file or artifact found for module 'com.google.flatbuffers:flatbuffers-java:1.12.0' in repository 'Google'.
2021-06-06T09:17:08.056-0500 [DEBUG] [org.gradle.api.internal.artifacts.ivyservice.modulecache.PersistentModuleMetadataCache] Recording absence of module descriptor in cache: com.google.flatbuffers:flatbuffers-java:1.12.0 [changing = false]
2021-06-06T09:17:08.057-0500 [DEBUG] [org.gradle.api.internal.artifacts.repositories.resolver.DefaultExternalResourceArtifactResolver] Loading https://repo.maven.apache.org/maven2/com/google/flatbuffers/flatbuffers-java/1.12.0/flatbuffers-java-1.12.0.pom
2021-06-06T09:17:08.057-0500 [DEBUG] [org.gradle.internal.resource.transfer.DefaultCacheAwareExternalResourceAccessor] Constructing external resource: https://repo.maven.apache.org/maven2/com/google/flatbuffers/flatbuffers-java/1.12.0/flatbuffers-java-1.12.0.pom
2021-06-06T09:17:08.058-0500 [DEBUG] [org.gradle.internal.resource.transport.http.HttpResourceAccessor] Constructing external resource: https://repo.maven.apache.org/maven2/com/google/flatbuffers/flatbuffers-java/1.12.0/flatbuffers-java-1.12.0.pom
2021-06-06T09:17:08.059-0500 [DEBUG] [org.gradle.internal.resource.transport.http.HttpClientHelper] Performing HTTP GET: https://repo.maven.apache.org/maven2/com/google/flatbuffers/flatbuffers-java/1.12.0/flatbuffers-java-1.12.0.pom
2021-06-06T09:17:08.059-0500 [DEBUG] [org.gradle.internal.resource.transport.http.HttpResponseResource] Attempting to download resource https://dl.google.com/dl/android/maven2/com/android/tools/build/builder/4.2.1/builder-4.2.1.pom.
2021-06-06T09:17:08.059-0500 [DEBUG] [org.apache.http.client.protocol.RequestAddCookies] CookieSpec selected: default
2021-06-06T09:17:08.060-0500 [DEBUG] [org.apache.http.client.protocol.RequestAuthCache] Auth cache not set in the context
2021-06-06T09:17:08.060-0500 [DEBUG] [org.apache.http.impl.conn.PoolingHttpClientConnectionManager] Connection request: [route: {s}->https://repo.maven.apache.org:443][total kept alive: 1; route allocated: 1 of 20; total allocated: 1 of 20]
2021-06-06T09:17:08.042-0500 [DEBUG] [org.apache.http.conn.ssl.SSLConnectionSocketFactory] Enabled cipher suites:[TLS_AES_256_GCM_SHA384, TLS_AES_128_GCM_SHA256, TLS_CHACHA20_POLY1305_SHA256, TLS_ECDHE_ECDSA_WITH_AES_256_GCM_SHA384, TLS_ECDHE_ECDSA_WITH_AES_128_GCM_SHA256, TLS_ECDHE_ECDSA_WITH_CHACHA20_POLY1305_SHA256, TLS_ECDHE_RSA_WITH_AES_256_GCM_SHA384, TLS_ECDHE_RSA_WITH_CHACHA20_POLY1305_SHA256, TLS_ECDHE_RSA_WITH_AES_128_GCM_SHA256, TLS_DHE_RSA_WITH_AES_256_GCM_SHA384, TLS_DHE_RSA_WITH_CHACHA20_POLY1305_SHA256, TLS_DHE_DSS_WITH_AES_256_GCM_SHA384, TLS_DHE_RSA_WITH_AES_128_GCM_SHA256, TLS_DHE_DSS_WITH_AES_128_GCM_SHA256, TLS_ECDHE_ECDSA_WITH_AES_256_CBC_SHA384, TLS_ECDHE_RSA_WITH_AES_256_CBC_SHA384, TLS_ECDHE_ECDSA_WITH_AES_128_CBC_SHA256, TLS_ECDHE_RSA_WITH_AES_128_CBC_SHA256, TLS_DHE_RSA_WITH_AES_256_CBC_SHA256, TLS_DHE_DSS_WITH_AES_256_CBC_SHA256, TLS_DHE_RSA_WITH_AES_128_CBC_SHA256, TLS_DHE_DSS_WITH_AES_128_CBC_SHA256, TLS_ECDH_ECDSA_WITH_AES_256_GCM_SHA384, TLS_ECDH_RSA_WITH_AES_256_GCM_SHA384, TLS_ECDH_ECDSA_WITH_AES_128_GCM_SHA256, TLS_ECDH_RSA_WITH_AES_128_GCM_SHA256, TLS_ECDH_ECDSA_WITH_AES_256_CBC_SHA384, TLS_ECDH_RSA_WITH_AES_256_CBC_SHA384, TLS_ECDH_ECDSA_WITH_AES_128_CBC_SHA256, TLS_ECDH_RSA_WITH_AES_128_CBC_SHA256, TLS_ECDHE_ECDSA_WITH_AES_256_CBC_SHA, TLS_ECDHE_RSA_WITH_AES_256_CBC_SHA, TLS_ECDHE_ECDSA_WITH_AES_128_CBC_SHA, TLS_ECDHE_RSA_WITH_AES_128_CBC_SHA, TLS_DHE_RSA_WITH_AES_256_CBC_SHA, TLS_DHE_DSS_WITH_AES_256_CBC_SHA, TLS_DHE_RSA_WITH_AES_128_CBC_SHA, TLS_DHE_DSS_WITH_AES_128_CBC_SHA, TLS_ECDH_ECDSA_WITH_AES_256_CBC_SHA, TLS_ECDH_RSA_WITH_AES_256_CBC_SHA, TLS_ECDH_ECDSA_WITH_AES_128_CBC_SHA, TLS_ECDH_RSA_WITH_AES_128_CBC_SHA, TLS_RSA_WITH_AES_256_GCM_SHA384, TLS_RSA_WITH_AES_128_GCM_SHA256, TLS_RSA_WITH_AES_256_CBC_SHA256, TLS_RSA_WITH_AES_128_CBC_SHA256, TLS_RSA_WITH_AES_256_CBC_SHA, TLS_RSA_WITH_AES_128_CBC_SHA, TLS_EMPTY_RENEGOTIATION_INFO_SCSV]
2021-06-06T09:17:08.060-0500 [DEBUG] [org.apache.http.conn.ssl.SSLConnectionSocketFactory] Starting handshake
2021-06-06T09:17:08.060-0500 [DEBUG] [org.apache.http.impl.conn.PoolingHttpClientConnectionManager] Connection leased: [id: 2][route: {s}->https://repo.maven.apache.org:443][total kept alive: 0; route allocated: 1 of 20; total allocated: 1 of 20]
2021-06-06T09:17:08.061-0500 [DEBUG] [org.apache.http.impl.conn.DefaultManagedHttpClientConnection] http-outgoing-2: set socket timeout to 30000
2021-06-06T09:17:08.061-0500 [DEBUG] [org.apache.http.impl.conn.DefaultManagedHttpClientConnection] http-outgoing-2: set socket timeout to 30000
2021-06-06T09:17:08.061-0500 [DEBUG] [org.apache.http.impl.execchain.MainClientExec] Executing request GET /maven2/com/google/flatbuffers/flatbuffers-java/1.12.0/flatbuffers-java-1.12.0.pom HTTP/1.1
2021-06-06T09:17:08.061-0500 [DEBUG] [org.apache.http.impl.execchain.MainClientExec] Target auth state: UNCHALLENGED
2021-06-06T09:17:08.061-0500 [DEBUG] [org.apache.http.impl.execchain.MainClientExec] Proxy auth state: UNCHALLENGED
2021-06-06T09:17:08.061-0500 [INFO] [org.gradle.internal.resource.transfer.DefaultCacheAwareExternalResourceAccessor] Downloading https://dl.google.com/dl/android/maven2/com/android/tools/build/builder/4.2.1/builder-4.2.1.pom to C:\Users\gathi\AppData\Local\Temp\gradle_download11112791008297734055bin
2021-06-06T09:17:08.065-0500 [DEBUG] [org.apache.http.impl.conn.PoolingHttpClientConnectionManager] Connection [id: 0][route: {s}->https://dl.google.com:443] can be kept alive indefinitely
2021-06-06T09:17:08.065-0500 [DEBUG] [org.apache.http.impl.conn.DefaultManagedHttpClientConnection] http-outgoing-0: set socket timeout to 0
2021-06-06T09:17:08.065-0500 [DEBUG] [org.apache.http.impl.conn.PoolingHttpClientConnectionManager] Connection released: [id: 0][route: {s}->https://dl.google.com:443][total kept alive: 2; route allocated: 8 of 20; total allocated: 8 of 20]
2021-06-06T09:17:08.066-0500 [DEBUG] [org.gradle.internal.operations.DefaultBuildOperationRunner] Build operation 'Download https://dl.google.com/dl/android/maven2/com/android/tools/build/builder/4.2.1/builder-4.2.1.pom' completed
2021-06-06T09:17:08.074-0500 [DEBUG] [jdk.event.security] ValidationChain: 7087067, 1544128074, 227858624
2021-06-06T09:17:08.081-0500 [DEBUG] [org.apache.http.impl.execchain.MainClientExec] Connection can be kept alive indefinitely
2021-06-06T09:17:08.082-0500 [DEBUG] [org.gradle.internal.resource.transport.http.HttpResponseResource] Attempting to download resource https://repo.maven.apache.org/maven2/com/google/flatbuffers/flatbuffers-java/1.12.0/flatbuffers-java-1.12.0.pom.
2021-06-06T09:17:08.084-0500 [INFO] [org.gradle.internal.resource.transfer.DefaultCacheAwareExternalResourceAccessor] Downloading https://repo.maven.apache.org/maven2/com/google/flatbuffers/flatbuffers-java/1.12.0/flatbuffers-java-1.12.0.pom to C:\Users\gathi\AppData\Local\Temp\gradle_download3171360282235882572bin
2021-06-06T09:17:08.084-0500 [DEBUG] [jdk.event.security]  TLSHandshake: dl.google.com:443, TLSv1.3, TLS_AES_256_GCM_SHA384, 227858624
2021-06-06T09:17:08.084-0500 [DEBUG] [org.apache.http.conn.ssl.SSLConnectionSocketFactory] Secure session established
2021-06-06T09:17:08.084-0500 [DEBUG] [org.apache.http.conn.ssl.SSLConnectionSocketFactory]  negotiated protocol: TLSv1.3
2021-06-06T09:17:08.084-0500 [DEBUG] [org.apache.http.conn.ssl.SSLConnectionSocketFactory]  negotiated cipher suite: TLS_AES_256_GCM_SHA384
2021-06-06T09:17:08.084-0500 [DEBUG] [org.apache.http.conn.ssl.SSLConnectionSocketFactory]  peer principal: CN=*.google.com, O=Google LLC, L=Mountain View, ST=California, C=US
2021-06-06T09:17:08.085-0500 [DEBUG] [org.apache.http.conn.ssl.SSLConnectionSocketFactory]  peer alternative names: [*.google.com, *.appengine.google.com, *.bdn.dev, *.cloud.google.com, *.crowdsource.google.com, *.datacompute.google.com, *.google.ca, *.google.cl, *.google.co.in, *.google.co.jp, *.google.co.uk, *.google.com.ar, *.google.com.au, *.google.com.br, *.google.com.co, *.google.com.mx, *.google.com.tr, *.google.com.vn, *.google.de, *.google.es, *.google.fr, *.google.hu, *.google.it, *.google.nl, *.google.pl, *.google.pt, *.googleadapis.com, *.googleapis.cn, *.googlevideo.com, *.gstatic.cn, *.gstaticcnapps.cn, googlecnapps.cn, *.googlecnapps.cn, gkecnapps.cn, *.gkecnapps.cn, googledownloads.cn, *.googledownloads.cn, *.gstatic.com, *.metric.gstatic.com, *.gvt1.com, *.gcpcdn.gvt1.com, *.gvt2.com, *.gcp.gvt2.com, *.url.google.com, *.youtube-nocookie.com, *.ytimg.com, android.com, *.android.com, *.flash.android.com, g.co, *.g.co, goo.gl, www.goo.gl, google-analytics.com, *.google-analytics.com, google.com, googlecommerce.com, *.googlecommerce.com, ggpht.cn, *.ggpht.cn, urchin.com, *.urchin.com, youtu.be, youtube.com, *.youtube.com, youtubeeducation.com, *.youtubeeducation.com, youtubekids.com, *.youtubekids.com, yt.be, *.yt.be, android.clients.google.com, developer.android.google.cn, developers.android.google.cn, source.android.google.cn]
2021-06-06T09:17:08.085-0500 [DEBUG] [org.apache.http.conn.ssl.SSLConnectionSocketFactory]  issuer principal: CN=GTS CA 1O1, O=Google Trust Services, C=US
2021-06-06T09:17:08.085-0500 [DEBUG] [org.apache.http.impl.conn.DefaultHttpClientConnectionOperator] Connection established 192.168.120.211:56919<->172.217.6.110:443
2021-06-06T09:17:08.085-0500 [DEBUG] [org.apache.http.impl.conn.DefaultManagedHttpClientConnection] http-outgoing-5: set socket timeout to 30000
2021-06-06T09:17:08.086-0500 [DEBUG] [org.apache.http.impl.execchain.MainClientExec] Executing request GET /dl/android/maven2/com/android/tools/build/gradle-api/4.2.1/gradle-api-4.2.1.pom HTTP/1.1
2021-06-06T09:17:08.086-0500 [DEBUG] [org.apache.http.impl.execchain.MainClientExec] Target auth state: UNCHALLENGED
2021-06-06T09:17:08.086-0500 [DEBUG] [org.apache.http.impl.execchain.MainClientExec] Proxy auth state: UNCHALLENGED
2021-06-06T09:17:08.087-0500 [DEBUG] [jdk.event.security]  TLSHandshake: dl.google.com:443, TLSv1.3, TLS_AES_256_GCM_SHA384, 227858624
2021-06-06T09:17:08.087-0500 [DEBUG] [org.apache.http.conn.ssl.SSLConnectionSocketFactory] Secure session established
2021-06-06T09:17:08.087-0500 [DEBUG] [org.apache.http.conn.ssl.SSLConnectionSocketFactory]  negotiated protocol: TLSv1.3
2021-06-06T09:17:08.087-0500 [DEBUG] [org.apache.http.conn.ssl.SSLConnectionSocketFactory]  negotiated cipher suite: TLS_AES_256_GCM_SHA384
2021-06-06T09:17:08.087-0500 [DEBUG] [org.apache.http.impl.conn.PoolingHttpClientConnectionManager] Connection [id: 2][route: {s}->https://repo.maven.apache.org:443] can be kept alive indefinitely
2021-06-06T09:17:08.087-0500 [DEBUG] [org.apache.http.impl.conn.DefaultManagedHttpClientConnection] http-outgoing-2: set socket timeout to 0
2021-06-06T09:17:08.087-0500 [DEBUG] [org.apache.http.conn.ssl.SSLConnectionSocketFactory]  peer principal: CN=*.google.com, O=Google LLC, L=Mountain View, ST=California, C=US
2021-06-06T09:17:08.087-0500 [DEBUG] [org.apache.http.impl.conn.PoolingHttpClientConnectionManager] Connection released: [id: 2][route: {s}->https://repo.maven.apache.org:443][total kept alive: 1; route allocated: 1 of 20; total allocated: 1 of 20]
2021-06-06T09:17:08.088-0500 [DEBUG] [org.gradle.internal.operations.DefaultBuildOperationRunner] Build operation 'Download https://repo.maven.apache.org/maven2/com/google/flatbuffers/flatbuffers-java/1.12.0/flatbuffers-java-1.12.0.pom' completed
2021-06-06T09:17:08.088-0500 [DEBUG] [org.apache.http.conn.ssl.SSLConnectionSocketFactory]  peer alternative names: [*.google.com, *.appengine.google.com, *.bdn.dev, *.cloud.google.com, *.crowdsource.google.com, *.datacompute.google.com, *.google.ca, *.google.cl, *.google.co.in, *.google.co.jp, *.google.co.uk, *.google.com.ar, *.google.com.au, *.google.com.br, *.google.com.co, *.google.com.mx, *.google.com.tr, *.google.com.vn, *.google.de, *.google.es, *.google.fr, *.google.hu, *.google.it, *.google.nl, *.google.pl, *.google.pt, *.googleadapis.com, *.googleapis.cn, *.googlevideo.com, *.gstatic.cn, *.gstaticcnapps.cn, googlecnapps.cn, *.googlecnapps.cn, gkecnapps.cn, *.gkecnapps.cn, googledownloads.cn, *.googledownloads.cn, *.gstatic.com, *.metric.gstatic.com, *.gvt1.com, *.gcpcdn.gvt1.com, *.gvt2.com, *.gcp.gvt2.com, *.url.google.com, *.youtube-nocookie.com, *.ytimg.com, android.com, *.android.com, *.flash.android.com, g.co, *.g.co, goo.gl, www.goo.gl, google-analytics.com, *.google-analytics.com, google.com, googlecommerce.com, *.googlecommerce.com, ggpht.cn, *.ggpht.cn, urchin.com, *.urchin.com, youtu.be, youtube.com, *.youtube.com, youtubeeducation.com, *.youtubeeducation.com, youtubekids.com, *.youtubekids.com, yt.be, *.yt.be, android.clients.google.com, developer.android.google.cn, developers.android.google.cn, source.android.google.cn]
2021-06-06T09:17:08.094-0500 [DEBUG] [org.apache.http.conn.ssl.SSLConnectionSocketFactory]  issuer principal: CN=GTS CA 1O1, O=Google Trust Services, C=US
2021-06-06T09:17:08.095-0500 [DEBUG] [org.apache.http.impl.conn.DefaultHttpClientConnectionOperator] Connection established 192.168.120.211:56918<->172.217.6.110:443
2021-06-06T09:17:08.095-0500 [DEBUG] [org.apache.http.impl.conn.DefaultManagedHttpClientConnection] http-outgoing-4: set socket timeout to 30000
2021-06-06T09:17:08.095-0500 [DEBUG] [org.apache.http.impl.execchain.MainClientExec] Executing request GET /dl/android/maven2/androidx/databinding/databinding-compiler-common/4.2.1/databinding-compiler-common-4.2.1.pom HTTP/1.1
2021-06-06T09:17:08.095-0500 [DEBUG] [org.apache.http.impl.execchain.MainClientExec] Target auth state: UNCHALLENGED
2021-06-06T09:17:08.095-0500 [DEBUG] [jdk.event.security] ValidationChain: 7087067, 1544128074, 227858624
2021-06-06T09:17:08.095-0500 [DEBUG] [jdk.event.security] ValidationChain: 7087067, 1544128074, 227858624
2021-06-06T09:17:08.095-0500 [DEBUG] [org.apache.http.impl.execchain.MainClientExec] Proxy auth state: UNCHALLENGED
2021-06-06T09:17:08.102-0500 [DEBUG] [jdk.event.security] ValidationChain: 7087067, 1544128074, 227858624
2021-06-06T09:17:08.102-0500 [DEBUG] [jdk.event.security]  TLSHandshake: dl.google.com:443, TLSv1.3, TLS_AES_256_GCM_SHA384, 227858624
2021-06-06T09:17:08.102-0500 [DEBUG] [org.apache.http.conn.ssl.SSLConnectionSocketFactory] Secure session established
2021-06-06T09:17:08.102-0500 [DEBUG] [org.apache.http.conn.ssl.SSLConnectionSocketFactory]  negotiated protocol: TLSv1.3
2021-06-06T09:17:08.103-0500 [DEBUG] [org.apache.http.conn.ssl.SSLConnectionSocketFactory]  negotiated cipher suite: TLS_AES_256_GCM_SHA384
2021-06-06T09:17:08.103-0500 [DEBUG] [org.apache.http.conn.ssl.SSLConnectionSocketFactory]  peer principal: CN=*.google.com, O=Google LLC, L=Mountain View, ST=California, C=US
2021-06-06T09:17:08.103-0500 [DEBUG] [org.apache.http.conn.ssl.SSLConnectionSocketFactory]  peer alternative names: [*.google.com, *.appengine.google.com, *.bdn.dev, *.cloud.google.com, *.crowdsource.google.com, *.datacompute.google.com, *.google.ca, *.google.cl, *.google.co.in, *.google.co.jp, *.google.co.uk, *.google.com.ar, *.google.com.au, *.google.com.br, *.google.com.co, *.google.com.mx, *.google.com.tr, *.google.com.vn, *.google.de, *.google.es, *.google.fr, *.google.hu, *.google.it, *.google.nl, *.google.pl, *.google.pt, *.googleadapis.com, *.googleapis.cn, *.googlevideo.com, *.gstatic.cn, *.gstaticcnapps.cn, googlecnapps.cn, *.googlecnapps.cn, gkecnapps.cn, *.gkecnapps.cn, googledownloads.cn, *.googledownloads.cn, *.gstatic.com, *.metric.gstatic.com, *.gvt1.com, *.gcpcdn.gvt1.com, *.gvt2.com, *.gcp.gvt2.com, *.url.google.com, *.youtube-nocookie.com, *.ytimg.com, android.com, *.android.com, *.flash.android.com, g.co, *.g.co, goo.gl, www.goo.gl, google-analytics.com, *.google-analytics.com, google.com, googlecommerce.com, *.googlecommerce.com, ggpht.cn, *.ggpht.cn, urchin.com, *.urchin.com, youtu.be, youtube.com, *.youtube.com, youtubeeducation.com, *.youtubeeducation.com, youtubekids.com, *.youtubekids.com, yt.be, *.yt.be, android.clients.google.com, developer.android.google.cn, developers.android.google.cn, source.android.google.cn]
2021-06-06T09:17:08.103-0500 [DEBUG] [org.apache.http.conn.ssl.SSLConnectionSocketFactory]  issuer principal: CN=GTS CA 1O1, O=Google Trust Services, C=US
2021-06-06T09:17:08.104-0500 [DEBUG] [org.apache.http.impl.conn.DefaultHttpClientConnectionOperator] Connection established 192.168.120.211:56923<->172.217.6.110:443
2021-06-06T09:17:08.104-0500 [DEBUG] [org.apache.http.impl.conn.DefaultManagedHttpClientConnection] http-outgoing-8: set socket timeout to 30000
2021-06-06T09:17:08.104-0500 [DEBUG] [org.apache.http.impl.execchain.MainClientExec] Executing request GET /dl/android/maven2/com/android/tools/lint/lint-gradle-api/27.2.1/lint-gradle-api-27.2.1.pom HTTP/1.1
2021-06-06T09:17:08.104-0500 [DEBUG] [org.apache.http.impl.execchain.MainClientExec] Target auth state: UNCHALLENGED
2021-06-06T09:17:08.104-0500 [DEBUG] [org.apache.http.impl.execchain.MainClientExec] Proxy auth state: UNCHALLENGED
2021-06-06T09:17:08.103-0500 [DEBUG] [jdk.event.security]  TLSHandshake: dl.google.com:443, TLSv1.3, TLS_AES_256_GCM_SHA384, 227858624
2021-06-06T09:17:08.105-0500 [DEBUG] [org.apache.http.conn.ssl.SSLConnectionSocketFactory] Secure session established
2021-06-06T09:17:08.105-0500 [DEBUG] [org.apache.http.conn.ssl.SSLConnectionSocketFactory]  negotiated protocol: TLSv1.3
2021-06-06T09:17:08.105-0500 [DEBUG] [org.apache.http.conn.ssl.SSLConnectionSocketFactory]  negotiated cipher suite: TLS_AES_256_GCM_SHA384
2021-06-06T09:17:08.106-0500 [DEBUG] [org.apache.http.conn.ssl.SSLConnectionSocketFactory]  peer principal: CN=*.google.com, O=Google LLC, L=Mountain View, ST=California, C=US
2021-06-06T09:17:08.106-0500 [DEBUG] [org.apache.http.conn.ssl.SSLConnectionSocketFactory]  peer alternative names: [*.google.com, *.appengine.google.com, *.bdn.dev, *.cloud.google.com, *.crowdsource.google.com, *.datacompute.google.com, *.google.ca, *.google.cl, *.google.co.in, *.google.co.jp, *.google.co.uk, *.google.com.ar, *.google.com.au, *.google.com.br, *.google.com.co, *.google.com.mx, *.google.com.tr, *.google.com.vn, *.google.de, *.google.es, *.google.fr, *.google.hu, *.google.it, *.google.nl, *.google.pl, *.google.pt, *.googleadapis.com, *.googleapis.cn, *.googlevideo.com, *.gstatic.cn, *.gstaticcnapps.cn, googlecnapps.cn, *.googlecnapps.cn, gkecnapps.cn, *.gkecnapps.cn, googledownloads.cn, *.googledownloads.cn, *.gstatic.com, *.metric.gstatic.com, *.gvt1.com, *.gcpcdn.gvt1.com, *.gvt2.com, *.gcp.gvt2.com, *.url.google.com, *.youtube-nocookie.com, *.ytimg.com, android.com, *.android.com, *.flash.android.com, g.co, *.g.co, goo.gl, www.goo.gl, google-analytics.com, *.google-analytics.com, google.com, googlecommerce.com, *.googlecommerce.com, ggpht.cn, *.ggpht.cn, urchin.com, *.urchin.com, youtu.be, youtube.com, *.youtube.com, youtubeeducation.com, *.youtubeeducation.com, youtubekids.com, *.youtubekids.com, yt.be, *.yt.be, android.clients.google.com, developer.android.google.cn, developers.android.google.cn, source.android.google.cn]
2021-06-06T09:17:08.106-0500 [DEBUG] [org.apache.http.conn.ssl.SSLConnectionSocketFactory]  issuer principal: CN=GTS CA 1O1, O=Google Trust Services, C=US
2021-06-06T09:17:08.106-0500 [DEBUG] [org.apache.http.impl.conn.DefaultHttpClientConnectionOperator] Connection established 192.168.120.211:56922<->172.217.6.110:443
2021-06-06T09:17:08.107-0500 [DEBUG] [org.apache.http.impl.conn.DefaultManagedHttpClientConnection] http-outgoing-7: set socket timeout to 30000
2021-06-06T09:17:08.107-0500 [DEBUG] [org.apache.http.impl.execchain.MainClientExec] Executing request GET /dl/android/maven2/org/tensorflow/tensorflow-lite-metadata/0.1.0-rc2/tensorflow-lite-metadata-0.1.0-rc2.pom HTTP/1.1
2021-06-06T09:17:08.107-0500 [DEBUG] [org.apache.http.impl.execchain.MainClientExec] Target auth state: UNCHALLENGED
2021-06-06T09:17:08.107-0500 [DEBUG] [org.apache.http.impl.execchain.MainClientExec] Proxy auth state: UNCHALLENGED
2021-06-06T09:17:08.111-0500 [DEBUG] [jdk.event.security]  TLSHandshake: dl.google.com:443, TLSv1.3, TLS_AES_256_GCM_SHA384, 227858624
2021-06-06T09:17:08.111-0500 [DEBUG] [org.apache.http.conn.ssl.SSLConnectionSocketFactory] Secure session established
2021-06-06T09:17:08.111-0500 [DEBUG] [org.apache.http.conn.ssl.SSLConnectionSocketFactory]  negotiated protocol: TLSv1.3
2021-06-06T09:17:08.111-0500 [DEBUG] [org.apache.http.conn.ssl.SSLConnectionSocketFactory]  negotiated cipher suite: TLS_AES_256_GCM_SHA384
2021-06-06T09:17:08.111-0500 [DEBUG] [jdk.event.security] ValidationChain: 7087067, 1544128074, 227858624
2021-06-06T09:17:08.111-0500 [DEBUG] [org.apache.http.conn.ssl.SSLConnectionSocketFactory]  peer principal: CN=*.google.com, O=Google LLC, L=Mountain View, ST=California, C=US
2021-06-06T09:17:08.112-0500 [DEBUG] [org.apache.http.conn.ssl.SSLConnectionSocketFactory]  peer alternative names: [*.google.com, *.appengine.google.com, *.bdn.dev, *.cloud.google.com, *.crowdsource.google.com, *.datacompute.google.com, *.google.ca, *.google.cl, *.google.co.in, *.google.co.jp, *.google.co.uk, *.google.com.ar, *.google.com.au, *.google.com.br, *.google.com.co, *.google.com.mx, *.google.com.tr, *.google.com.vn, *.google.de, *.google.es, *.google.fr, *.google.hu, *.google.it, *.google.nl, *.google.pl, *.google.pt, *.googleadapis.com, *.googleapis.cn, *.googlevideo.com, *.gstatic.cn, *.gstaticcnapps.cn, googlecnapps.cn, *.googlecnapps.cn, gkecnapps.cn, *.gkecnapps.cn, googledownloads.cn, *.googledownloads.cn, *.gstatic.com, *.metric.gstatic.com, *.gvt1.com, *.gcpcdn.gvt1.com, *.gvt2.com, *.gcp.gvt2.com, *.url.google.com, *.youtube-nocookie.com, *.ytimg.com, android.com, *.android.com, *.flash.android.com, g.co, *.g.co, goo.gl, www.goo.gl, google-analytics.com, *.google-analytics.com, google.com, googlecommerce.com, *.googlecommerce.com, ggpht.cn, *.ggpht.cn, urchin.com, *.urchin.com, youtu.be, youtube.com, *.youtube.com, youtubeeducation.com, *.youtubeeducation.com, youtubekids.com, *.youtubekids.com, yt.be, *.yt.be, android.clients.google.com, developer.android.google.cn, developers.android.google.cn, source.android.google.cn]
2021-06-06T09:17:08.112-0500 [DEBUG] [org.apache.http.conn.ssl.SSLConnectionSocketFactory]  issuer principal: CN=GTS CA 1O1, O=Google Trust Services, C=US
2021-06-06T09:17:08.112-0500 [DEBUG] [org.apache.http.impl.conn.DefaultHttpClientConnectionOperator] Connection established 192.168.120.211:56921<->172.217.6.110:443
2021-06-06T09:17:08.112-0500 [DEBUG] [org.apache.http.impl.conn.DefaultManagedHttpClientConnection] http-outgoing-3: set socket timeout to 30000
2021-06-06T09:17:08.112-0500 [DEBUG] [org.apache.http.impl.execchain.MainClientExec] Executing request GET /dl/android/maven2/com/android/tools/build/aaptcompiler/4.2.1/aaptcompiler-4.2.1.pom HTTP/1.1
2021-06-06T09:17:08.112-0500 [DEBUG] [org.apache.http.impl.execchain.MainClientExec] Target auth state: UNCHALLENGED
2021-06-06T09:17:08.112-0500 [DEBUG] [org.apache.http.impl.execchain.MainClientExec] Proxy auth state: UNCHALLENGED
2021-06-06T09:17:08.120-0500 [DEBUG] [jdk.event.security]  TLSHandshake: dl.google.com:443, TLSv1.3, TLS_AES_256_GCM_SHA384, 227858624
2021-06-06T09:17:08.120-0500 [DEBUG] [org.apache.http.conn.ssl.SSLConnectionSocketFactory] Secure session established
2021-06-06T09:17:08.121-0500 [DEBUG] [org.apache.http.conn.ssl.SSLConnectionSocketFactory]  negotiated protocol: TLSv1.3
2021-06-06T09:17:08.121-0500 [DEBUG] [org.apache.http.conn.ssl.SSLConnectionSocketFactory]  negotiated cipher suite: TLS_AES_256_GCM_SHA384
2021-06-06T09:17:08.121-0500 [DEBUG] [org.apache.http.conn.ssl.SSLConnectionSocketFactory]  peer principal: CN=*.google.com, O=Google LLC, L=Mountain View, ST=California, C=US
2021-06-06T09:17:08.121-0500 [DEBUG] [org.apache.http.conn.ssl.SSLConnectionSocketFactory]  peer alternative names: [*.google.com, *.appengine.google.com, *.bdn.dev, *.cloud.google.com, *.crowdsource.google.com, *.datacompute.google.com, *.google.ca, *.google.cl, *.google.co.in, *.google.co.jp, *.google.co.uk, *.google.com.ar, *.google.com.au, *.google.com.br, *.google.com.co, *.google.com.mx, *.google.com.tr, *.google.com.vn, *.google.de, *.google.es, *.google.fr, *.google.hu, *.google.it, *.google.nl, *.google.pl, *.google.pt, *.googleadapis.com, *.googleapis.cn, *.googlevideo.com, *.gstatic.cn, *.gstaticcnapps.cn, googlecnapps.cn, *.googlecnapps.cn, gkecnapps.cn, *.gkecnapps.cn, googledownloads.cn, *.googledownloads.cn, *.gstatic.com, *.metric.gstatic.com, *.gvt1.com, *.gcpcdn.gvt1.com, *.gvt2.com, *.gcp.gvt2.com, *.url.google.com, *.youtube-nocookie.com, *.ytimg.com, android.com, *.android.com, *.flash.android.com, g.co, *.g.co, goo.gl, www.goo.gl, google-analytics.com, *.google-analytics.com, google.com, googlecommerce.com, *.googlecommerce.com, ggpht.cn, *.ggpht.cn, urchin.com, *.urchin.com, youtu.be, youtube.com, *.youtube.com, youtubeeducation.com, *.youtubeeducation.com, youtubekids.com, *.youtubekids.com, yt.be, *.yt.be, android.clients.google.com, developer.android.google.cn, developers.android.google.cn, source.android.google.cn]
2021-06-06T09:17:08.121-0500 [DEBUG] [org.apache.http.conn.ssl.SSLConnectionSocketFactory]  issuer principal: CN=GTS CA 1O1, O=Google Trust Services, C=US
2021-06-06T09:17:08.121-0500 [DEBUG] [org.apache.http.impl.conn.DefaultHttpClientConnectionOperator] Connection established 192.168.120.211:56920<->172.217.6.110:443
2021-06-06T09:17:08.122-0500 [DEBUG] [org.apache.http.impl.conn.DefaultManagedHttpClientConnection] http-outgoing-6: set socket timeout to 30000
2021-06-06T09:17:08.122-0500 [DEBUG] [org.apache.http.impl.execchain.MainClientExec] Executing request GET /dl/android/maven2/com/android/tools/analytics-library/crash/27.2.1/crash-27.2.1.pom HTTP/1.1
2021-06-06T09:17:08.122-0500 [DEBUG] [org.apache.http.impl.execchain.MainClientExec] Target auth state: UNCHALLENGED
2021-06-06T09:17:08.122-0500 [DEBUG] [org.apache.http.impl.execchain.MainClientExec] Proxy auth state: UNCHALLENGED
2021-06-06T09:17:08.127-0500 [DEBUG] [org.apache.http.impl.execchain.MainClientExec] Connection can be kept alive indefinitely
2021-06-06T09:17:08.127-0500 [DEBUG] [org.gradle.internal.resource.transport.http.HttpResponseResource] Attempting to download resource https://dl.google.com/dl/android/maven2/com/android/tools/build/gradle-api/4.2.1/gradle-api-4.2.1.pom.
2021-06-06T09:17:08.129-0500 [INFO] [org.gradle.internal.resource.transfer.DefaultCacheAwareExternalResourceAccessor] Downloading https://dl.google.com/dl/android/maven2/com/android/tools/build/gradle-api/4.2.1/gradle-api-4.2.1.pom to C:\Users\gathi\AppData\Local\Temp\gradle_download11132417912651479947bin
2021-06-06T09:17:08.130-0500 [DEBUG] [org.apache.http.impl.conn.PoolingHttpClientConnectionManager] Connection [id: 5][route: {s}->https://dl.google.com:443] can be kept alive indefinitely
2021-06-06T09:17:08.130-0500 [DEBUG] [org.apache.http.impl.conn.DefaultManagedHttpClientConnection] http-outgoing-5: set socket timeout to 0
2021-06-06T09:17:08.131-0500 [DEBUG] [org.apache.http.impl.conn.PoolingHttpClientConnectionManager] Connection released: [id: 5][route: {s}->https://dl.google.com:443][total kept alive: 3; route allocated: 8 of 20; total allocated: 8 of 20]
2021-06-06T09:17:08.131-0500 [DEBUG] [org.gradle.internal.operations.DefaultBuildOperationRunner] Build operation 'Download https://dl.google.com/dl/android/maven2/com/android/tools/build/gradle-api/4.2.1/gradle-api-4.2.1.pom' completed
2021-06-06T09:17:08.135-0500 [DEBUG] [org.gradle.api.internal.artifacts.repositories.resolver.ExternalResourceResolver] Metadata file found for module 'com.android.tools.build:builder:4.2.1' in repository 'Google'.
2021-06-06T09:17:08.135-0500 [DEBUG] [org.gradle.api.internal.artifacts.repositories.resolver.ExternalResourceResolver] Metadata file found for module 'com.google.flatbuffers:flatbuffers-java:1.12.0' in repository 'MavenRepo'.
2021-06-06T09:17:08.136-0500 [DEBUG] [org.gradle.api.internal.artifacts.repositories.resolver.DefaultExternalResourceArtifactResolver] Loading https://dl.google.com/dl/android/maven2/com/android/tools/build/builder/4.2.1/builder-4.2.1.module
2021-06-06T09:17:08.136-0500 [DEBUG] [org.gradle.api.internal.artifacts.ivyservice.modulecache.PersistentModuleMetadataCache] Recording module descriptor in cache: com.google.flatbuffers:flatbuffers-java:1.12.0 [changing = false]
2021-06-06T09:17:08.136-0500 [DEBUG] [org.gradle.internal.resource.transfer.DefaultCacheAwareExternalResourceAccessor] Constructing external resource: https://dl.google.com/dl/android/maven2/com/android/tools/build/builder/4.2.1/builder-4.2.1.module
2021-06-06T09:17:08.140-0500 [DEBUG] [org.apache.http.impl.execchain.MainClientExec] Connection can be kept alive indefinitely
2021-06-06T09:17:08.141-0500 [DEBUG] [org.gradle.internal.resource.transport.http.HttpResponseResource] Attempting to download resource https://dl.google.com/dl/android/maven2/androidx/databinding/databinding-compiler-common/4.2.1/databinding-compiler-common-4.2.1.pom.
2021-06-06T09:17:08.142-0500 [INFO] [org.gradle.internal.resource.transfer.DefaultCacheAwareExternalResourceAccessor] Downloading https://dl.google.com/dl/android/maven2/androidx/databinding/databinding-compiler-common/4.2.1/databinding-compiler-common-4.2.1.pom to C:\Users\gathi\AppData\Local\Temp\gradle_download2114180630749100209bin
2021-06-06T09:17:08.145-0500 [DEBUG] [org.apache.http.impl.conn.PoolingHttpClientConnectionManager] Connection [id: 4][route: {s}->https://dl.google.com:443] can be kept alive indefinitely
2021-06-06T09:17:08.145-0500 [DEBUG] [org.apache.http.impl.conn.DefaultManagedHttpClientConnection] http-outgoing-4: set socket timeout to 0
2021-06-06T09:17:08.145-0500 [DEBUG] [org.apache.http.impl.conn.PoolingHttpClientConnectionManager] Connection released: [id: 4][route: {s}->https://dl.google.com:443][total kept alive: 4; route allocated: 8 of 20; total allocated: 8 of 20]
2021-06-06T09:17:08.146-0500 [DEBUG] [org.gradle.internal.operations.DefaultBuildOperationRunner] Build operation 'Download https://dl.google.com/dl/android/maven2/androidx/databinding/databinding-compiler-common/4.2.1/databinding-compiler-common-4.2.1.pom' completed
2021-06-06T09:17:08.146-0500 [DEBUG] [org.gradle.internal.resource.transport.http.HttpResourceAccessor] Constructing external resource: https://dl.google.com/dl/android/maven2/com/android/tools/build/builder/4.2.1/builder-4.2.1.module
2021-06-06T09:17:08.146-0500 [DEBUG] [org.gradle.internal.resource.transport.http.HttpClientHelper] Performing HTTP GET: https://dl.google.com/dl/android/maven2/com/android/tools/build/builder/4.2.1/builder-4.2.1.module
2021-06-06T09:17:08.147-0500 [DEBUG] [org.apache.http.client.protocol.RequestAddCookies] CookieSpec selected: default
2021-06-06T09:17:08.147-0500 [DEBUG] [org.gradle.api.internal.artifacts.ivyservice.ivyresolve.RepositoryChainComponentMetaDataResolver] Using com.google.flatbuffers:flatbuffers-java:1.12.0 from Maven repository 'MavenRepo'
2021-06-06T09:17:08.147-0500 [DEBUG] [org.apache.http.client.protocol.RequestAuthCache] Auth cache not set in the context
2021-06-06T09:17:08.148-0500 [DEBUG] [org.apache.http.impl.conn.PoolingHttpClientConnectionManager] Connection request: [route: {s}->https://dl.google.com:443][total kept alive: 4; route allocated: 8 of 20; total allocated: 8 of 20]
2021-06-06T09:17:08.149-0500 [DEBUG] [org.apache.http.impl.execchain.MainClientExec] Connection can be kept alive indefinitely
2021-06-06T09:17:08.150-0500 [DEBUG] [org.gradle.internal.resource.transport.http.HttpResponseResource] Attempting to download resource https://dl.google.com/dl/android/maven2/com/android/tools/lint/lint-gradle-api/27.2.1/lint-gradle-api-27.2.1.pom.
2021-06-06T09:17:08.152-0500 [INFO] [org.gradle.internal.resource.transfer.DefaultCacheAwareExternalResourceAccessor] Downloading https://dl.google.com/dl/android/maven2/com/android/tools/lint/lint-gradle-api/27.2.1/lint-gradle-api-27.2.1.pom to C:\Users\gathi\AppData\Local\Temp\gradle_download1128836041166372273bin
2021-06-06T09:17:08.153-0500 [DEBUG] [org.apache.http.impl.conn.PoolingHttpClientConnectionManager] Connection [id: 8][route: {s}->https://dl.google.com:443] can be kept alive indefinitely
2021-06-06T09:17:08.154-0500 [DEBUG] [org.apache.http.impl.conn.DefaultManagedHttpClientConnection] http-outgoing-8: set socket timeout to 0
2021-06-06T09:17:08.154-0500 [DEBUG] [org.apache.http.impl.conn.PoolingHttpClientConnectionManager] Connection released: [id: 8][route: {s}->https://dl.google.com:443][total kept alive: 4; route allocated: 8 of 20; total allocated: 8 of 20]
2021-06-06T09:17:08.154-0500 [DEBUG] [org.gradle.internal.operations.DefaultBuildOperationRunner] Build operation 'Download https://dl.google.com/dl/android/maven2/com/android/tools/lint/lint-gradle-api/27.2.1/lint-gradle-api-27.2.1.pom' completed
2021-06-06T09:17:08.149-0500 [DEBUG] [org.apache.http.impl.conn.PoolingHttpClientConnectionManager] Connection leased: [id: 4][route: {s}->https://dl.google.com:443][total kept alive: 3; route allocated: 8 of 20; total allocated: 8 of 20]
2021-06-06T09:17:08.149-0500 [DEBUG] [org.apache.http.impl.execchain.MainClientExec] Connection can be kept alive indefinitely
2021-06-06T09:17:08.155-0500 [DEBUG] [org.gradle.api.internal.artifacts.ivyservice.ivyresolve.RepositoryChainComponentMetaDataResolver] Attempting to resolve component for org.jetbrains.kotlin:kotlin-stdlib-jdk8:1.4.31 using repositories [Google, MavenRepo]
2021-06-06T09:17:08.155-0500 [DEBUG] [org.apache.http.impl.conn.PoolingHttpClientConnectionManager] Connection [id: 7][route: {s}->https://dl.google.com:443] can be kept alive indefinitely
2021-06-06T09:17:08.156-0500 [DEBUG] [org.apache.http.impl.conn.DefaultManagedHttpClientConnection] http-outgoing-7: set socket timeout to 0
2021-06-06T09:17:08.156-0500 [DEBUG] [org.apache.http.impl.conn.PoolingHttpClientConnectionManager] Connection released: [id: 7][route: {s}->https://dl.google.com:443][total kept alive: 5; route allocated: 8 of 20; total allocated: 8 of 20]
2021-06-06T09:17:08.156-0500 [INFO] [org.gradle.internal.resource.transport.http.HttpClientHelper] Resource missing. [HTTP GET: https://dl.google.com/dl/android/maven2/org/tensorflow/tensorflow-lite-metadata/0.1.0-rc2/tensorflow-lite-metadata-0.1.0-rc2.pom]
2021-06-06T09:17:08.157-0500 [DEBUG] [org.gradle.internal.operations.DefaultBuildOperationRunner] Build operation 'Download https://dl.google.com/dl/android/maven2/org/tensorflow/tensorflow-lite-metadata/0.1.0-rc2/tensorflow-lite-metadata-0.1.0-rc2.pom' completed
2021-06-06T09:17:08.157-0500 [DEBUG] [org.gradle.api.internal.artifacts.repositories.resolver.ExternalResourceResolver] No meta-data file or artifact found for module 'org.tensorflow:tensorflow-lite-metadata:0.1.0-rc2' in repository 'Google'.
2021-06-06T09:17:08.157-0500 [DEBUG] [org.gradle.api.internal.artifacts.ivyservice.modulecache.PersistentModuleMetadataCache] Recording absence of module descriptor in cache: org.tensorflow:tensorflow-lite-metadata:0.1.0-rc2 [changing = false]
2021-06-06T09:17:08.155-0500 [DEBUG] [org.apache.http.impl.conn.DefaultManagedHttpClientConnection] http-outgoing-4: set socket timeout to 30000
2021-06-06T09:17:08.158-0500 [DEBUG] [org.gradle.api.internal.artifacts.repositories.resolver.ExternalResourceResolver] Metadata file found for module 'com.android.tools.build:gradle-api:4.2.1' in repository 'Google'.
2021-06-06T09:17:08.158-0500 [DEBUG] [org.gradle.api.internal.artifacts.repositories.resolver.DefaultExternalResourceArtifactResolver] Loading https://dl.google.com/dl/android/maven2/com/android/tools/build/gradle-api/4.2.1/gradle-api-4.2.1.module
2021-06-06T09:17:08.158-0500 [DEBUG] [org.gradle.internal.resource.transfer.DefaultCacheAwareExternalResourceAccessor] Constructing external resource: https://dl.google.com/dl/android/maven2/com/android/tools/build/gradle-api/4.2.1/gradle-api-4.2.1.module
2021-06-06T09:17:08.158-0500 [DEBUG] [org.apache.http.impl.conn.DefaultManagedHttpClientConnection] http-outgoing-4: set socket timeout to 30000
2021-06-06T09:17:08.158-0500 [DEBUG] [org.apache.http.impl.execchain.MainClientExec] Executing request GET /dl/android/maven2/com/android/tools/build/builder/4.2.1/builder-4.2.1.module HTTP/1.1
2021-06-06T09:17:08.159-0500 [DEBUG] [org.apache.http.impl.execchain.MainClientExec] Target auth state: UNCHALLENGED
2021-06-06T09:17:08.159-0500 [DEBUG] [org.apache.http.impl.execchain.MainClientExec] Proxy auth state: UNCHALLENGED
2021-06-06T09:17:08.162-0500 [DEBUG] [org.apache.http.impl.execchain.MainClientExec] Connection can be kept alive indefinitely
2021-06-06T09:17:08.163-0500 [DEBUG] [org.gradle.internal.resource.transport.http.HttpResponseResource] Attempting to download resource https://dl.google.com/dl/android/maven2/com/android/tools/build/aaptcompiler/4.2.1/aaptcompiler-4.2.1.pom.
2021-06-06T09:17:08.165-0500 [INFO] [org.gradle.internal.resource.transfer.DefaultCacheAwareExternalResourceAccessor] Downloading https://dl.google.com/dl/android/maven2/com/android/tools/build/aaptcompiler/4.2.1/aaptcompiler-4.2.1.pom to C:\Users\gathi\AppData\Local\Temp\gradle_download17690100592545806486bin
2021-06-06T09:17:08.166-0500 [DEBUG] [org.apache.http.impl.conn.PoolingHttpClientConnectionManager] Connection [id: 3][route: {s}->https://dl.google.com:443] can be kept alive indefinitely
2021-06-06T09:17:08.166-0500 [DEBUG] [org.apache.http.impl.conn.DefaultManagedHttpClientConnection] http-outgoing-3: set socket timeout to 0
2021-06-06T09:17:08.166-0500 [DEBUG] [org.apache.http.impl.conn.PoolingHttpClientConnectionManager] Connection released: [id: 3][route: {s}->https://dl.google.com:443][total kept alive: 6; route allocated: 8 of 20; total allocated: 8 of 20]
2021-06-06T09:17:08.167-0500 [DEBUG] [org.gradle.internal.operations.DefaultBuildOperationRunner] Build operation 'Download https://dl.google.com/dl/android/maven2/com/android/tools/build/aaptcompiler/4.2.1/aaptcompiler-4.2.1.pom' completed
2021-06-06T09:17:08.168-0500 [DEBUG] [org.gradle.api.internal.artifacts.repositories.resolver.DefaultExternalResourceArtifactResolver] Loading https://dl.google.com/dl/android/maven2/org/jetbrains/kotlin/kotlin-stdlib-jdk8/1.4.31/kotlin-stdlib-jdk8-1.4.31.pom
2021-06-06T09:17:08.169-0500 [DEBUG] [org.gradle.internal.resource.transfer.DefaultCacheAwareExternalResourceAccessor] Constructing external resource: https://dl.google.com/dl/android/maven2/org/jetbrains/kotlin/kotlin-stdlib-jdk8/1.4.31/kotlin-stdlib-jdk8-1.4.31.pom
2021-06-06T09:17:08.169-0500 [DEBUG] [org.apache.http.impl.execchain.MainClientExec] Connection can be kept alive indefinitely
2021-06-06T09:17:08.170-0500 [DEBUG] [org.gradle.internal.resource.transport.http.HttpResponseResource] Attempting to download resource https://dl.google.com/dl/android/maven2/com/android/tools/analytics-library/crash/27.2.1/crash-27.2.1.pom.
2021-06-06T09:17:08.171-0500 [DEBUG] [org.gradle.internal.resource.transport.http.HttpResourceAccessor] Constructing external resource: https://dl.google.com/dl/android/maven2/org/jetbrains/kotlin/kotlin-stdlib-jdk8/1.4.31/kotlin-stdlib-jdk8-1.4.31.pom
2021-06-06T09:17:08.171-0500 [DEBUG] [org.gradle.internal.resource.transport.http.HttpClientHelper] Performing HTTP GET: https://dl.google.com/dl/android/maven2/org/jetbrains/kotlin/kotlin-stdlib-jdk8/1.4.31/kotlin-stdlib-jdk8-1.4.31.pom
2021-06-06T09:17:08.171-0500 [INFO] [org.gradle.internal.resource.transfer.DefaultCacheAwareExternalResourceAccessor] Downloading https://dl.google.com/dl/android/maven2/com/android/tools/analytics-library/crash/27.2.1/crash-27.2.1.pom to C:\Users\gathi\AppData\Local\Temp\gradle_download8040429332906176637bin
2021-06-06T09:17:08.172-0500 [DEBUG] [org.apache.http.client.protocol.RequestAddCookies] CookieSpec selected: default
2021-06-06T09:17:08.172-0500 [DEBUG] [org.apache.http.client.protocol.RequestAuthCache] Auth cache not set in the context
2021-06-06T09:17:08.172-0500 [DEBUG] [org.apache.http.impl.conn.PoolingHttpClientConnectionManager] Connection request: [route: {s}->https://dl.google.com:443][total kept alive: 6; route allocated: 8 of 20; total allocated: 8 of 20]
2021-06-06T09:17:08.172-0500 [DEBUG] [org.apache.http.impl.conn.PoolingHttpClientConnectionManager] Connection leased: [id: 3][route: {s}->https://dl.google.com:443][total kept alive: 5; route allocated: 8 of 20; total allocated: 8 of 20]
2021-06-06T09:17:08.172-0500 [DEBUG] [org.apache.http.impl.conn.DefaultManagedHttpClientConnection] http-outgoing-3: set socket timeout to 30000
2021-06-06T09:17:08.173-0500 [DEBUG] [org.apache.http.impl.conn.DefaultManagedHttpClientConnection] http-outgoing-3: set socket timeout to 30000
2021-06-06T09:17:08.173-0500 [DEBUG] [org.apache.http.impl.execchain.MainClientExec] Executing request GET /dl/android/maven2/org/jetbrains/kotlin/kotlin-stdlib-jdk8/1.4.31/kotlin-stdlib-jdk8-1.4.31.pom HTTP/1.1
2021-06-06T09:17:08.173-0500 [DEBUG] [org.apache.http.impl.execchain.MainClientExec] Target auth state: UNCHALLENGED
2021-06-06T09:17:08.173-0500 [DEBUG] [org.apache.http.impl.execchain.MainClientExec] Proxy auth state: UNCHALLENGED
2021-06-06T09:17:08.174-0500 [DEBUG] [org.apache.http.impl.conn.PoolingHttpClientConnectionManager] Connection [id: 6][route: {s}->https://dl.google.com:443] can be kept alive indefinitely
2021-06-06T09:17:08.174-0500 [DEBUG] [org.apache.http.impl.conn.DefaultManagedHttpClientConnection] http-outgoing-6: set socket timeout to 0
2021-06-06T09:17:08.175-0500 [DEBUG] [org.apache.http.impl.conn.PoolingHttpClientConnectionManager] Connection released: [id: 6][route: {s}->https://dl.google.com:443][total kept alive: 6; route allocated: 8 of 20; total allocated: 8 of 20]
2021-06-06T09:17:08.175-0500 [DEBUG] [org.gradle.internal.operations.DefaultBuildOperationRunner] Build operation 'Download https://dl.google.com/dl/android/maven2/com/android/tools/analytics-library/crash/27.2.1/crash-27.2.1.pom' completed
2021-06-06T09:17:08.173-0500 [DEBUG] [org.gradle.api.internal.artifacts.repositories.resolver.DefaultExternalResourceArtifactResolver] Loading https://repo.maven.apache.org/maven2/org/tensorflow/tensorflow-lite-metadata/0.1.0-rc2/tensorflow-lite-metadata-0.1.0-rc2.pom
2021-06-06T09:17:08.175-0500 [DEBUG] [org.gradle.internal.resource.transfer.DefaultCacheAwareExternalResourceAccessor] Constructing external resource: https://repo.maven.apache.org/maven2/org/tensorflow/tensorflow-lite-metadata/0.1.0-rc2/tensorflow-lite-metadata-0.1.0-rc2.pom
2021-06-06T09:17:08.176-0500 [DEBUG] [org.gradle.internal.resource.transport.http.HttpResourceAccessor] Constructing external resource: https://dl.google.com/dl/android/maven2/com/android/tools/build/gradle-api/4.2.1/gradle-api-4.2.1.module
2021-06-06T09:17:08.176-0500 [DEBUG] [org.gradle.internal.resource.transport.http.HttpClientHelper] Performing HTTP GET: https://dl.google.com/dl/android/maven2/com/android/tools/build/gradle-api/4.2.1/gradle-api-4.2.1.module
2021-06-06T09:17:08.176-0500 [DEBUG] [org.apache.http.client.protocol.RequestAddCookies] CookieSpec selected: default
2021-06-06T09:17:08.177-0500 [DEBUG] [org.apache.http.client.protocol.RequestAuthCache] Auth cache not set in the context
2021-06-06T09:17:08.177-0500 [DEBUG] [org.apache.http.impl.conn.PoolingHttpClientConnectionManager] Connection request: [route: {s}->https://dl.google.com:443][total kept alive: 6; route allocated: 8 of 20; total allocated: 8 of 20]
2021-06-06T09:17:08.177-0500 [DEBUG] [org.apache.http.impl.conn.PoolingHttpClientConnectionManager] Connection leased: [id: 6][route: {s}->https://dl.google.com:443][total kept alive: 5; route allocated: 8 of 20; total allocated: 8 of 20]
2021-06-06T09:17:08.177-0500 [DEBUG] [org.apache.http.impl.conn.DefaultManagedHttpClientConnection] http-outgoing-6: set socket timeout to 30000
2021-06-06T09:17:08.178-0500 [DEBUG] [org.apache.http.impl.conn.DefaultManagedHttpClientConnection] http-outgoing-6: set socket timeout to 30000
2021-06-06T09:17:08.178-0500 [DEBUG] [org.apache.http.impl.execchain.MainClientExec] Executing request GET /dl/android/maven2/com/android/tools/build/gradle-api/4.2.1/gradle-api-4.2.1.module HTTP/1.1
2021-06-06T09:17:08.178-0500 [DEBUG] [org.apache.http.impl.execchain.MainClientExec] Target auth state: UNCHALLENGED
2021-06-06T09:17:08.179-0500 [DEBUG] [org.apache.http.impl.execchain.MainClientExec] Proxy auth state: UNCHALLENGED
2021-06-06T09:17:08.183-0500 [DEBUG] [org.gradle.api.internal.artifacts.repositories.resolver.ExternalResourceResolver] Metadata file found for module 'com.android.tools.lint:lint-gradle-api:27.2.1' in repository 'Google'.
2021-06-06T09:17:08.183-0500 [DEBUG] [org.gradle.api.internal.artifacts.repositories.resolver.DefaultExternalResourceArtifactResolver] Loading https://dl.google.com/dl/android/maven2/com/android/tools/lint/lint-gradle-api/27.2.1/lint-gradle-api-27.2.1.module
2021-06-06T09:17:08.183-0500 [DEBUG] [org.gradle.internal.resource.transfer.DefaultCacheAwareExternalResourceAccessor] Constructing external resource: https://dl.google.com/dl/android/maven2/com/android/tools/lint/lint-gradle-api/27.2.1/lint-gradle-api-27.2.1.module
2021-06-06T09:17:08.185-0500 [DEBUG] [org.gradle.api.internal.artifacts.repositories.resolver.ExternalResourceResolver] Metadata file found for module 'androidx.databinding:databinding-compiler-common:4.2.1' in repository 'Google'.
2021-06-06T09:17:08.185-0500 [DEBUG] [org.gradle.api.internal.artifacts.repositories.resolver.DefaultExternalResourceArtifactResolver] Loading https://dl.google.com/dl/android/maven2/androidx/databinding/databinding-compiler-common/4.2.1/databinding-compiler-common-4.2.1.module
2021-06-06T09:17:08.186-0500 [DEBUG] [org.gradle.internal.resource.transfer.DefaultCacheAwareExternalResourceAccessor] Constructing external resource: https://dl.google.com/dl/android/maven2/androidx/databinding/databinding-compiler-common/4.2.1/databinding-compiler-common-4.2.1.module
2021-06-06T09:17:08.195-0500 [DEBUG] [org.gradle.internal.resource.transport.http.HttpResourceAccessor] Constructing external resource: https://repo.maven.apache.org/maven2/org/tensorflow/tensorflow-lite-metadata/0.1.0-rc2/tensorflow-lite-metadata-0.1.0-rc2.pom
2021-06-06T09:17:08.195-0500 [DEBUG] [org.gradle.internal.resource.transport.http.HttpClientHelper] Performing HTTP GET: https://repo.maven.apache.org/maven2/org/tensorflow/tensorflow-lite-metadata/0.1.0-rc2/tensorflow-lite-metadata-0.1.0-rc2.pom
2021-06-06T09:17:08.195-0500 [DEBUG] [org.apache.http.client.protocol.RequestAddCookies] CookieSpec selected: default
2021-06-06T09:17:08.196-0500 [DEBUG] [org.apache.http.client.protocol.RequestAuthCache] Auth cache not set in the context
2021-06-06T09:17:08.196-0500 [DEBUG] [org.apache.http.impl.conn.PoolingHttpClientConnectionManager] Connection request: [route: {s}->https://repo.maven.apache.org:443][total kept alive: 1; route allocated: 1 of 20; total allocated: 1 of 20]
2021-06-06T09:17:08.196-0500 [DEBUG] [org.apache.http.impl.conn.PoolingHttpClientConnectionManager] Connection leased: [id: 2][route: {s}->https://repo.maven.apache.org:443][total kept alive: 0; route allocated: 1 of 20; total allocated: 1 of 20]
2021-06-06T09:17:08.196-0500 [DEBUG] [org.apache.http.impl.conn.DefaultManagedHttpClientConnection] http-outgoing-2: set socket timeout to 30000
2021-06-06T09:17:08.196-0500 [DEBUG] [org.apache.http.impl.conn.DefaultManagedHttpClientConnection] http-outgoing-2: set socket timeout to 30000
2021-06-06T09:17:08.196-0500 [DEBUG] [org.gradle.internal.resource.transport.http.HttpResourceAccessor] Constructing external resource: https://dl.google.com/dl/android/maven2/com/android/tools/lint/lint-gradle-api/27.2.1/lint-gradle-api-27.2.1.module
2021-06-06T09:17:08.197-0500 [DEBUG] [org.gradle.internal.resource.transport.http.HttpClientHelper] Performing HTTP GET: https://dl.google.com/dl/android/maven2/com/android/tools/lint/lint-gradle-api/27.2.1/lint-gradle-api-27.2.1.module
2021-06-06T09:17:08.196-0500 [DEBUG] [org.apache.http.impl.execchain.MainClientExec] Executing request GET /maven2/org/tensorflow/tensorflow-lite-metadata/0.1.0-rc2/tensorflow-lite-metadata-0.1.0-rc2.pom HTTP/1.1
2021-06-06T09:17:08.197-0500 [DEBUG] [org.apache.http.impl.execchain.MainClientExec] Target auth state: UNCHALLENGED
2021-06-06T09:17:08.197-0500 [DEBUG] [org.apache.http.impl.execchain.MainClientExec] Proxy auth state: UNCHALLENGED
2021-06-06T09:17:08.197-0500 [DEBUG] [org.apache.http.client.protocol.RequestAddCookies] CookieSpec selected: default
2021-06-06T09:17:08.200-0500 [DEBUG] [org.apache.http.client.protocol.RequestAuthCache] Auth cache not set in the context
2021-06-06T09:17:08.200-0500 [DEBUG] [org.apache.http.impl.conn.PoolingHttpClientConnectionManager] Connection request: [route: {s}->https://dl.google.com:443][total kept alive: 5; route allocated: 8 of 20; total allocated: 8 of 20]
2021-06-06T09:17:08.200-0500 [DEBUG] [org.gradle.internal.resource.transport.http.HttpResourceAccessor] Constructing external resource: https://dl.google.com/dl/android/maven2/androidx/databinding/databinding-compiler-common/4.2.1/databinding-compiler-common-4.2.1.module
2021-06-06T09:17:08.200-0500 [DEBUG] [org.apache.http.impl.conn.PoolingHttpClientConnectionManager] Connection leased: [id: 7][route: {s}->https://dl.google.com:443][total kept alive: 4; route allocated: 8 of 20; total allocated: 8 of 20]
2021-06-06T09:17:08.200-0500 [DEBUG] [org.apache.http.impl.conn.DefaultManagedHttpClientConnection] http-outgoing-7: set socket timeout to 30000
2021-06-06T09:17:08.200-0500 [DEBUG] [org.gradle.internal.resource.transport.http.HttpClientHelper] Performing HTTP GET: https://dl.google.com/dl/android/maven2/androidx/databinding/databinding-compiler-common/4.2.1/databinding-compiler-common-4.2.1.module
2021-06-06T09:17:08.201-0500 [DEBUG] [org.apache.http.impl.conn.DefaultManagedHttpClientConnection] http-outgoing-7: set socket timeout to 30000
2021-06-06T09:17:08.201-0500 [DEBUG] [org.apache.http.impl.execchain.MainClientExec] Executing request GET /dl/android/maven2/com/android/tools/lint/lint-gradle-api/27.2.1/lint-gradle-api-27.2.1.module HTTP/1.1
2021-06-06T09:17:08.201-0500 [DEBUG] [org.apache.http.impl.execchain.MainClientExec] Target auth state: UNCHALLENGED
2021-06-06T09:17:08.201-0500 [DEBUG] [org.apache.http.impl.execchain.MainClientExec] Proxy auth state: UNCHALLENGED
2021-06-06T09:17:08.202-0500 [DEBUG] [org.apache.http.client.protocol.RequestAddCookies] CookieSpec selected: default
2021-06-06T09:17:08.202-0500 [DEBUG] [org.apache.http.client.protocol.RequestAuthCache] Auth cache not set in the context
2021-06-06T09:17:08.202-0500 [DEBUG] [org.apache.http.impl.conn.PoolingHttpClientConnectionManager] Connection request: [route: {s}->https://dl.google.com:443][total kept alive: 4; route allocated: 8 of 20; total allocated: 8 of 20]
2021-06-06T09:17:08.202-0500 [DEBUG] [org.apache.http.impl.conn.PoolingHttpClientConnectionManager] Connection leased: [id: 8][route: {s}->https://dl.google.com:443][total kept alive: 3; route allocated: 8 of 20; total allocated: 8 of 20]
2021-06-06T09:17:08.202-0500 [DEBUG] [org.apache.http.impl.conn.DefaultManagedHttpClientConnection] http-outgoing-8: set socket timeout to 30000
2021-06-06T09:17:08.203-0500 [DEBUG] [org.apache.http.impl.conn.DefaultManagedHttpClientConnection] http-outgoing-8: set socket timeout to 30000
2021-06-06T09:17:08.203-0500 [DEBUG] [org.apache.http.impl.execchain.MainClientExec] Executing request GET /dl/android/maven2/androidx/databinding/databinding-compiler-common/4.2.1/databinding-compiler-common-4.2.1.module HTTP/1.1
2021-06-06T09:17:08.203-0500 [DEBUG] [org.apache.http.impl.execchain.MainClientExec] Target auth state: UNCHALLENGED
2021-06-06T09:17:08.203-0500 [DEBUG] [org.apache.http.impl.execchain.MainClientExec] Proxy auth state: UNCHALLENGED
2021-06-06T09:17:08.208-0500 [DEBUG] [org.gradle.api.internal.artifacts.repositories.resolver.ExternalResourceResolver] Metadata file found for module 'com.android.tools.build:aaptcompiler:4.2.1' in repository 'Google'.
2021-06-06T09:17:08.208-0500 [DEBUG] [org.gradle.api.internal.artifacts.repositories.resolver.ExternalResourceResolver] Metadata file found for module 'com.android.tools.analytics-library:crash:27.2.1' in repository 'Google'.
2021-06-06T09:17:08.209-0500 [DEBUG] [org.gradle.api.internal.artifacts.repositories.resolver.DefaultExternalResourceArtifactResolver] Loading https://dl.google.com/dl/android/maven2/com/android/tools/build/aaptcompiler/4.2.1/aaptcompiler-4.2.1.module
2021-06-06T09:17:08.209-0500 [DEBUG] [org.gradle.api.internal.artifacts.repositories.resolver.DefaultExternalResourceArtifactResolver] Loading https://dl.google.com/dl/android/maven2/com/android/tools/analytics-library/crash/27.2.1/crash-27.2.1.module
2021-06-06T09:17:08.209-0500 [DEBUG] [org.gradle.internal.resource.transfer.DefaultCacheAwareExternalResourceAccessor] Constructing external resource: https://dl.google.com/dl/android/maven2/com/android/tools/build/aaptcompiler/4.2.1/aaptcompiler-4.2.1.module
2021-06-06T09:17:08.209-0500 [DEBUG] [org.gradle.internal.resource.transfer.DefaultCacheAwareExternalResourceAccessor] Constructing external resource: https://dl.google.com/dl/android/maven2/com/android/tools/analytics-library/crash/27.2.1/crash-27.2.1.module
2021-06-06T09:17:08.211-0500 [DEBUG] [org.gradle.internal.resource.transport.http.HttpResourceAccessor] Constructing external resource: https://dl.google.com/dl/android/maven2/com/android/tools/build/aaptcompiler/4.2.1/aaptcompiler-4.2.1.module
2021-06-06T09:17:08.212-0500 [DEBUG] [org.gradle.internal.resource.transport.http.HttpResourceAccessor] Constructing external resource: https://dl.google.com/dl/android/maven2/com/android/tools/analytics-library/crash/27.2.1/crash-27.2.1.module
2021-06-06T09:17:08.212-0500 [DEBUG] [org.gradle.internal.resource.transport.http.HttpClientHelper] Performing HTTP GET: https://dl.google.com/dl/android/maven2/com/android/tools/build/aaptcompiler/4.2.1/aaptcompiler-4.2.1.module
2021-06-06T09:17:08.212-0500 [DEBUG] [org.apache.http.client.protocol.RequestAddCookies] CookieSpec selected: default
2021-06-06T09:17:08.213-0500 [DEBUG] [org.apache.http.client.protocol.RequestAuthCache] Auth cache not set in the context
2021-06-06T09:17:08.213-0500 [DEBUG] [org.apache.http.impl.conn.PoolingHttpClientConnectionManager] Connection request: [route: {s}->https://dl.google.com:443][total kept alive: 3; route allocated: 8 of 20; total allocated: 8 of 20]
2021-06-06T09:17:08.213-0500 [DEBUG] [org.apache.http.impl.conn.PoolingHttpClientConnectionManager] Connection leased: [id: 5][route: {s}->https://dl.google.com:443][total kept alive: 2; route allocated: 8 of 20; total allocated: 8 of 20]
2021-06-06T09:17:08.213-0500 [DEBUG] [org.apache.http.impl.conn.DefaultManagedHttpClientConnection] http-outgoing-5: set socket timeout to 30000
2021-06-06T09:17:08.214-0500 [DEBUG] [org.apache.http.impl.conn.DefaultManagedHttpClientConnection] http-outgoing-5: set socket timeout to 30000
2021-06-06T09:17:08.214-0500 [DEBUG] [org.gradle.internal.resource.transport.http.HttpClientHelper] Performing HTTP GET: https://dl.google.com/dl/android/maven2/com/android/tools/analytics-library/crash/27.2.1/crash-27.2.1.module
2021-06-06T09:17:08.214-0500 [DEBUG] [org.apache.http.impl.execchain.MainClientExec] Executing request GET /dl/android/maven2/com/android/tools/build/aaptcompiler/4.2.1/aaptcompiler-4.2.1.module HTTP/1.1
2021-06-06T09:17:08.214-0500 [DEBUG] [org.apache.http.impl.execchain.MainClientExec] Target auth state: UNCHALLENGED
2021-06-06T09:17:08.214-0500 [DEBUG] [org.apache.http.impl.execchain.MainClientExec] Proxy auth state: UNCHALLENGED
2021-06-06T09:17:08.214-0500 [DEBUG] [org.apache.http.impl.execchain.MainClientExec] Connection can be kept alive indefinitely
2021-06-06T09:17:08.215-0500 [DEBUG] [org.apache.http.client.protocol.RequestAddCookies] CookieSpec selected: default
2021-06-06T09:17:08.215-0500 [DEBUG] [org.gradle.internal.resource.transport.http.HttpResponseResource] Attempting to download resource https://repo.maven.apache.org/maven2/org/tensorflow/tensorflow-lite-metadata/0.1.0-rc2/tensorflow-lite-metadata-0.1.0-rc2.pom.
2021-06-06T09:17:08.215-0500 [DEBUG] [org.apache.http.client.protocol.RequestAuthCache] Auth cache not set in the context
2021-06-06T09:17:08.215-0500 [DEBUG] [org.apache.http.impl.conn.PoolingHttpClientConnectionManager] Connection request: [route: {s}->https://dl.google.com:443][total kept alive: 2; route allocated: 8 of 20; total allocated: 8 of 20]
2021-06-06T09:17:08.216-0500 [DEBUG] [org.apache.http.impl.conn.PoolingHttpClientConnectionManager] Connection leased: [id: 0][route: {s}->https://dl.google.com:443][total kept alive: 1; route allocated: 8 of 20; total allocated: 8 of 20]
2021-06-06T09:17:08.216-0500 [DEBUG] [org.apache.http.impl.conn.DefaultManagedHttpClientConnection] http-outgoing-0: set socket timeout to 30000
2021-06-06T09:17:08.216-0500 [DEBUG] [org.apache.http.impl.conn.DefaultManagedHttpClientConnection] http-outgoing-0: set socket timeout to 30000
2021-06-06T09:17:08.216-0500 [DEBUG] [org.apache.http.impl.execchain.MainClientExec] Executing request GET /dl/android/maven2/com/android/tools/analytics-library/crash/27.2.1/crash-27.2.1.module HTTP/1.1
2021-06-06T09:17:08.216-0500 [DEBUG] [org.apache.http.impl.execchain.MainClientExec] Target auth state: UNCHALLENGED
2021-06-06T09:17:08.216-0500 [DEBUG] [org.apache.http.impl.execchain.MainClientExec] Proxy auth state: UNCHALLENGED
2021-06-06T09:17:08.217-0500 [INFO] [org.gradle.internal.resource.transfer.DefaultCacheAwareExternalResourceAccessor] Downloading https://repo.maven.apache.org/maven2/org/tensorflow/tensorflow-lite-metadata/0.1.0-rc2/tensorflow-lite-metadata-0.1.0-rc2.pom to C:\Users\gathi\AppData\Local\Temp\gradle_download16859515446013773438bin
2021-06-06T09:17:08.219-0500 [DEBUG] [org.apache.http.impl.conn.PoolingHttpClientConnectionManager] Connection [id: 2][route: {s}->https://repo.maven.apache.org:443] can be kept alive indefinitely
2021-06-06T09:17:08.219-0500 [DEBUG] [org.apache.http.impl.conn.DefaultManagedHttpClientConnection] http-outgoing-2: set socket timeout to 0
2021-06-06T09:17:08.219-0500 [DEBUG] [org.apache.http.impl.conn.PoolingHttpClientConnectionManager] Connection released: [id: 2][route: {s}->https://repo.maven.apache.org:443][total kept alive: 1; route allocated: 1 of 20; total allocated: 1 of 20]
2021-06-06T09:17:08.220-0500 [DEBUG] [org.gradle.internal.operations.DefaultBuildOperationRunner] Build operation 'Download https://repo.maven.apache.org/maven2/org/tensorflow/tensorflow-lite-metadata/0.1.0-rc2/tensorflow-lite-metadata-0.1.0-rc2.pom' completed
2021-06-06T09:17:08.234-0500 [DEBUG] [org.gradle.api.internal.artifacts.ivyservice.ivyresolve.RepositoryChainComponentMetaDataResolver] Attempting to resolve component for org.sonatype.oss:oss-parent:7 using repositories [Google, MavenRepo]
2021-06-06T09:17:08.234-0500 [DEBUG] [org.gradle.api.internal.artifacts.repositories.resolver.DefaultExternalResourceArtifactResolver] Loading https://dl.google.com/dl/android/maven2/org/sonatype/oss/oss-parent/7/oss-parent-7.pom
2021-06-06T09:17:08.234-0500 [DEBUG] [org.gradle.internal.resource.transfer.DefaultCacheAwareExternalResourceAccessor] Constructing external resource: https://dl.google.com/dl/android/maven2/org/sonatype/oss/oss-parent/7/oss-parent-7.pom
2021-06-06T09:17:08.238-0500 [DEBUG] [org.gradle.internal.resource.transport.http.HttpResourceAccessor] Constructing external resource metadata: https://dl.google.com/dl/android/maven2/org/sonatype/oss/oss-parent/7/oss-parent-7.pom
2021-06-06T09:17:08.238-0500 [DEBUG] [org.gradle.internal.resource.transport.http.HttpClientHelper] Performing HTTP HEAD: https://dl.google.com/dl/android/maven2/org/sonatype/oss/oss-parent/7/oss-parent-7.pom
2021-06-06T09:17:08.239-0500 [DEBUG] [org.apache.http.client.protocol.RequestAddCookies] CookieSpec selected: default
2021-06-06T09:17:08.239-0500 [DEBUG] [org.apache.http.client.protocol.RequestAuthCache] Auth cache not set in the context
2021-06-06T09:17:08.239-0500 [DEBUG] [org.apache.http.impl.conn.PoolingHttpClientConnectionManager] Connection request: [route: {s}->https://dl.google.com:443][total kept alive: 1; route allocated: 8 of 20; total allocated: 8 of 20]
2021-06-06T09:17:08.239-0500 [DEBUG] [org.apache.http.impl.conn.PoolingHttpClientConnectionManager] Connection leased: [id: 1][route: {s}->https://dl.google.com:443][total kept alive: 0; route allocated: 8 of 20; total allocated: 8 of 20]
2021-06-06T09:17:08.239-0500 [DEBUG] [org.apache.http.impl.conn.DefaultManagedHttpClientConnection] http-outgoing-1: set socket timeout to 30000
2021-06-06T09:17:08.239-0500 [DEBUG] [org.apache.http.impl.conn.DefaultManagedHttpClientConnection] http-outgoing-1: set socket timeout to 30000
2021-06-06T09:17:08.239-0500 [DEBUG] [org.apache.http.impl.execchain.MainClientExec] Executing request HEAD /dl/android/maven2/org/sonatype/oss/oss-parent/7/oss-parent-7.pom HTTP/1.1
2021-06-06T09:17:08.239-0500 [DEBUG] [org.apache.http.impl.execchain.MainClientExec] Target auth state: UNCHALLENGED
2021-06-06T09:17:08.239-0500 [DEBUG] [org.apache.http.impl.execchain.MainClientExec] Proxy auth state: UNCHALLENGED
2021-06-06T09:17:08.241-0500 [DEBUG] [org.apache.http.impl.execchain.MainClientExec] Connection can be kept alive indefinitely
2021-06-06T09:17:08.241-0500 [DEBUG] [org.gradle.internal.resource.transport.http.HttpResponseResource] Attempting to download resource https://dl.google.com/dl/android/maven2/com/android/tools/build/builder/4.2.1/builder-4.2.1.module.
2021-06-06T09:17:08.242-0500 [INFO] [org.gradle.internal.resource.transfer.DefaultCacheAwareExternalResourceAccessor] Downloading https://dl.google.com/dl/android/maven2/com/android/tools/build/builder/4.2.1/builder-4.2.1.module to C:\Users\gathi\AppData\Local\Temp\gradle_download2971517382600408811bin
2021-06-06T09:17:08.245-0500 [DEBUG] [org.apache.http.impl.conn.PoolingHttpClientConnectionManager] Connection [id: 4][route: {s}->https://dl.google.com:443] can be kept alive indefinitely
2021-06-06T09:17:08.245-0500 [DEBUG] [org.apache.http.impl.conn.DefaultManagedHttpClientConnection] http-outgoing-4: set socket timeout to 0
2021-06-06T09:17:08.246-0500 [DEBUG] [org.apache.http.impl.conn.PoolingHttpClientConnectionManager] Connection released: [id: 4][route: {s}->https://dl.google.com:443][total kept alive: 1; route allocated: 8 of 20; total allocated: 8 of 20]
2021-06-06T09:17:08.246-0500 [DEBUG] [org.gradle.internal.operations.DefaultBuildOperationRunner] Build operation 'Download https://dl.google.com/dl/android/maven2/com/android/tools/build/builder/4.2.1/builder-4.2.1.module' completed
2021-06-06T09:17:08.255-0500 [DEBUG] [org.apache.http.impl.execchain.MainClientExec] Connection can be kept alive indefinitely
2021-06-06T09:17:08.256-0500 [DEBUG] [org.apache.http.impl.execchain.MainClientExec] Connection can be kept alive indefinitely
2021-06-06T09:17:08.256-0500 [DEBUG] [org.apache.http.impl.execchain.MainClientExec] Connection can be kept alive indefinitely
2021-06-06T09:17:08.256-0500 [DEBUG] [org.apache.http.impl.conn.PoolingHttpClientConnectionManager] Connection [id: 3][route: {s}->https://dl.google.com:443] can be kept alive indefinitely
2021-06-06T09:17:08.256-0500 [DEBUG] [org.apache.http.impl.conn.DefaultManagedHttpClientConnection] http-outgoing-3: set socket timeout to 0
2021-06-06T09:17:08.256-0500 [DEBUG] [org.gradle.internal.resource.transport.http.HttpResponseResource] Attempting to download resource https://dl.google.com/dl/android/maven2/com/android/tools/lint/lint-gradle-api/27.2.1/lint-gradle-api-27.2.1.module.
2021-06-06T09:17:08.256-0500 [DEBUG] [org.apache.http.impl.conn.PoolingHttpClientConnectionManager] Connection released: [id: 3][route: {s}->https://dl.google.com:443][total kept alive: 2; route allocated: 8 of 20; total allocated: 8 of 20]
2021-06-06T09:17:08.257-0500 [DEBUG] [org.gradle.internal.resource.transport.http.HttpResponseResource] Attempting to download resource https://dl.google.com/dl/android/maven2/androidx/databinding/databinding-compiler-common/4.2.1/databinding-compiler-common-4.2.1.module.
2021-06-06T09:17:08.257-0500 [INFO] [org.gradle.internal.resource.transport.http.HttpClientHelper] Resource missing. [HTTP GET: https://dl.google.com/dl/android/maven2/org/jetbrains/kotlin/kotlin-stdlib-jdk8/1.4.31/kotlin-stdlib-jdk8-1.4.31.pom]
2021-06-06T09:17:08.257-0500 [DEBUG] [org.gradle.internal.operations.DefaultBuildOperationRunner] Build operation 'Download https://dl.google.com/dl/android/maven2/org/jetbrains/kotlin/kotlin-stdlib-jdk8/1.4.31/kotlin-stdlib-jdk8-1.4.31.pom' completed
2021-06-06T09:17:08.257-0500 [DEBUG] [org.gradle.api.internal.artifacts.repositories.resolver.ExternalResourceResolver] No meta-data file or artifact found for module 'org.jetbrains.kotlin:kotlin-stdlib-jdk8:1.4.31' in repository 'Google'.
2021-06-06T09:17:08.258-0500 [DEBUG] [org.gradle.api.internal.artifacts.ivyservice.modulecache.PersistentModuleMetadataCache] Recording absence of module descriptor in cache: org.jetbrains.kotlin:kotlin-stdlib-jdk8:1.4.31 [changing = false]
2021-06-06T09:17:08.258-0500 [DEBUG] [org.apache.http.impl.execchain.MainClientExec] Connection can be kept alive indefinitely
2021-06-06T09:17:08.258-0500 [DEBUG] [org.gradle.api.internal.artifacts.repositories.resolver.DefaultExternalResourceArtifactResolver] Loading https://repo.maven.apache.org/maven2/org/jetbrains/kotlin/kotlin-stdlib-jdk8/1.4.31/kotlin-stdlib-jdk8-1.4.31.pom
2021-06-06T09:17:08.259-0500 [DEBUG] [org.gradle.internal.resource.transfer.DefaultCacheAwareExternalResourceAccessor] Constructing external resource: https://repo.maven.apache.org/maven2/org/jetbrains/kotlin/kotlin-stdlib-jdk8/1.4.31/kotlin-stdlib-jdk8-1.4.31.pom
2021-06-06T09:17:08.259-0500 [DEBUG] [org.apache.http.impl.execchain.MainClientExec] Connection can be kept alive indefinitely
2021-06-06T09:17:08.259-0500 [DEBUG] [org.gradle.internal.resource.transport.http.HttpResponseResource] Attempting to download resource https://dl.google.com/dl/android/maven2/com/android/tools/build/aaptcompiler/4.2.1/aaptcompiler-4.2.1.module.
2021-06-06T09:17:08.259-0500 [DEBUG] [org.gradle.internal.resource.transport.http.HttpResponseResource] Attempting to download resource https://dl.google.com/dl/android/maven2/com/android/tools/analytics-library/crash/27.2.1/crash-27.2.1.module.
2021-06-06T09:17:08.260-0500 [DEBUG] [org.gradle.internal.resource.transport.http.HttpResourceAccessor] Constructing external resource: https://repo.maven.apache.org/maven2/org/jetbrains/kotlin/kotlin-stdlib-jdk8/1.4.31/kotlin-stdlib-jdk8-1.4.31.pom
2021-06-06T09:17:08.260-0500 [INFO] [org.gradle.internal.resource.transfer.DefaultCacheAwareExternalResourceAccessor] Downloading https://dl.google.com/dl/android/maven2/com/android/tools/lint/lint-gradle-api/27.2.1/lint-gradle-api-27.2.1.module to C:\Users\gathi\AppData\Local\Temp\gradle_download3463741564660673174bin
2021-06-06T09:17:08.260-0500 [DEBUG] [org.gradle.internal.resource.transport.http.HttpClientHelper] Performing HTTP GET: https://repo.maven.apache.org/maven2/org/jetbrains/kotlin/kotlin-stdlib-jdk8/1.4.31/kotlin-stdlib-jdk8-1.4.31.pom
2021-06-06T09:17:08.260-0500 [DEBUG] [org.apache.http.impl.execchain.MainClientExec] Connection can be kept alive indefinitely
2021-06-06T09:17:08.261-0500 [DEBUG] [org.apache.http.client.protocol.RequestAddCookies] CookieSpec selected: default
2021-06-06T09:17:08.261-0500 [DEBUG] [org.apache.http.client.protocol.RequestAuthCache] Auth cache not set in the context
2021-06-06T09:17:08.261-0500 [DEBUG] [org.apache.http.impl.conn.PoolingHttpClientConnectionManager] Connection request: [route: {s}->https://repo.maven.apache.org:443][total kept alive: 1; route allocated: 1 of 20; total allocated: 1 of 20]
2021-06-06T09:17:08.261-0500 [DEBUG] [org.apache.http.impl.conn.PoolingHttpClientConnectionManager] Connection leased: [id: 2][route: {s}->https://repo.maven.apache.org:443][total kept alive: 0; route allocated: 1 of 20; total allocated: 1 of 20]
2021-06-06T09:17:08.261-0500 [INFO] [org.gradle.internal.resource.transfer.DefaultCacheAwareExternalResourceAccessor] Downloading https://dl.google.com/dl/android/maven2/androidx/databinding/databinding-compiler-common/4.2.1/databinding-compiler-common-4.2.1.module to C:\Users\gathi\AppData\Local\Temp\gradle_download3429545337468770099bin
2021-06-06T09:17:08.261-0500 [DEBUG] [org.apache.http.impl.conn.DefaultManagedHttpClientConnection] http-outgoing-2: set socket timeout to 30000
2021-06-06T09:17:08.262-0500 [INFO] [org.gradle.internal.resource.transfer.DefaultCacheAwareExternalResourceAccessor] Downloading https://dl.google.com/dl/android/maven2/com/android/tools/analytics-library/crash/27.2.1/crash-27.2.1.module to C:\Users\gathi\AppData\Local\Temp\gradle_download16159233615282263491bin
2021-06-06T09:17:08.262-0500 [DEBUG] [org.gradle.internal.resource.transport.http.HttpResponseResource] Attempting to download resource https://dl.google.com/dl/android/maven2/com/android/tools/build/gradle-api/4.2.1/gradle-api-4.2.1.module.
2021-06-06T09:17:08.262-0500 [DEBUG] [org.apache.http.impl.conn.DefaultManagedHttpClientConnection] http-outgoing-2: set socket timeout to 30000
2021-06-06T09:17:08.262-0500 [INFO] [org.gradle.internal.resource.transfer.DefaultCacheAwareExternalResourceAccessor] Downloading https://dl.google.com/dl/android/maven2/com/android/tools/build/aaptcompiler/4.2.1/aaptcompiler-4.2.1.module to C:\Users\gathi\AppData\Local\Temp\gradle_download13546755112383993462bin
2021-06-06T09:17:08.262-0500 [DEBUG] [org.apache.http.impl.execchain.MainClientExec] Executing request GET /maven2/org/jetbrains/kotlin/kotlin-stdlib-jdk8/1.4.31/kotlin-stdlib-jdk8-1.4.31.pom HTTP/1.1
2021-06-06T09:17:08.263-0500 [DEBUG] [org.apache.http.impl.execchain.MainClientExec] Target auth state: UNCHALLENGED
2021-06-06T09:17:08.263-0500 [DEBUG] [org.apache.http.impl.execchain.MainClientExec] Proxy auth state: UNCHALLENGED
2021-06-06T09:17:08.264-0500 [DEBUG] [org.apache.http.impl.conn.PoolingHttpClientConnectionManager] Connection [id: 7][route: {s}->https://dl.google.com:443] can be kept alive indefinitely
2021-06-06T09:17:08.265-0500 [DEBUG] [org.apache.http.impl.conn.DefaultManagedHttpClientConnection] http-outgoing-7: set socket timeout to 0
2021-06-06T09:17:08.265-0500 [DEBUG] [org.apache.http.impl.conn.PoolingHttpClientConnectionManager] Connection released: [id: 7][route: {s}->https://dl.google.com:443][total kept alive: 3; route allocated: 8 of 20; total allocated: 8 of 20]
2021-06-06T09:17:08.266-0500 [DEBUG] [org.apache.http.impl.conn.PoolingHttpClientConnectionManager] Connection [id: 5][route: {s}->https://dl.google.com:443] can be kept alive indefinitely
2021-06-06T09:17:08.266-0500 [DEBUG] [org.apache.http.impl.conn.DefaultManagedHttpClientConnection] http-outgoing-5: set socket timeout to 0
2021-06-06T09:17:08.267-0500 [DEBUG] [org.apache.http.impl.conn.PoolingHttpClientConnectionManager] Connection released: [id: 5][route: {s}->https://dl.google.com:443][total kept alive: 4; route allocated: 8 of 20; total allocated: 8 of 20]
2021-06-06T09:17:08.267-0500 [INFO] [org.gradle.internal.resource.transfer.DefaultCacheAwareExternalResourceAccessor] Downloading https://dl.google.com/dl/android/maven2/com/android/tools/build/gradle-api/4.2.1/gradle-api-4.2.1.module to C:\Users\gathi\AppData\Local\Temp\gradle_download7161428350752216318bin
2021-06-06T09:17:08.267-0500 [DEBUG] [org.gradle.api.internal.artifacts.ivyservice.modulecache.PersistentModuleMetadataCache] Recording module descriptor in cache: com.android.tools.build:builder:4.2.1 [changing = false]
2021-06-06T09:17:08.267-0500 [DEBUG] [org.gradle.internal.operations.DefaultBuildOperationRunner] Build operation 'Download https://dl.google.com/dl/android/maven2/com/android/tools/lint/lint-gradle-api/27.2.1/lint-gradle-api-27.2.1.module' completed
2021-06-06T09:17:08.268-0500 [DEBUG] [org.apache.http.impl.conn.PoolingHttpClientConnectionManager] Connection [id: 8][route: {s}->https://dl.google.com:443] can be kept alive indefinitely
2021-06-06T09:17:08.268-0500 [DEBUG] [org.apache.http.impl.conn.DefaultManagedHttpClientConnection] http-outgoing-8: set socket timeout to 0
2021-06-06T09:17:08.269-0500 [DEBUG] [org.apache.http.impl.conn.PoolingHttpClientConnectionManager] Connection released: [id: 8][route: {s}->https://dl.google.com:443][total kept alive: 5; route allocated: 8 of 20; total allocated: 8 of 20]
2021-06-06T09:17:08.269-0500 [DEBUG] [org.gradle.internal.operations.DefaultBuildOperationRunner] Build operation 'Download https://dl.google.com/dl/android/maven2/androidx/databinding/databinding-compiler-common/4.2.1/databinding-compiler-common-4.2.1.module' completed
2021-06-06T09:17:08.270-0500 [DEBUG] [org.gradle.internal.operations.DefaultBuildOperationRunner] Build operation 'Download https://dl.google.com/dl/android/maven2/com/android/tools/build/aaptcompiler/4.2.1/aaptcompiler-4.2.1.module' completed
2021-06-06T09:17:08.270-0500 [DEBUG] [org.apache.http.impl.conn.PoolingHttpClientConnectionManager] Connection [id: 0][route: {s}->https://dl.google.com:443] can be kept alive indefinitely
2021-06-06T09:17:08.271-0500 [DEBUG] [org.apache.http.impl.conn.DefaultManagedHttpClientConnection] http-outgoing-0: set socket timeout to 0
2021-06-06T09:17:08.271-0500 [DEBUG] [org.apache.http.impl.conn.PoolingHttpClientConnectionManager] Connection [id: 6][route: {s}->https://dl.google.com:443] can be kept alive indefinitely
2021-06-06T09:17:08.271-0500 [DEBUG] [org.apache.http.impl.conn.DefaultManagedHttpClientConnection] http-outgoing-6: set socket timeout to 0
2021-06-06T09:17:08.271-0500 [DEBUG] [org.apache.http.impl.conn.PoolingHttpClientConnectionManager] Connection released: [id: 6][route: {s}->https://dl.google.com:443][total kept alive: 7; route allocated: 8 of 20; total allocated: 8 of 20]
2021-06-06T09:17:08.271-0500 [DEBUG] [org.apache.http.impl.conn.PoolingHttpClientConnectionManager] Connection released: [id: 0][route: {s}->https://dl.google.com:443][total kept alive: 6; route allocated: 8 of 20; total allocated: 8 of 20]
2021-06-06T09:17:08.272-0500 [DEBUG] [org.gradle.internal.operations.DefaultBuildOperationRunner] Build operation 'Download https://dl.google.com/dl/android/maven2/com/android/tools/build/gradle-api/4.2.1/gradle-api-4.2.1.module' completed
2021-06-06T09:17:08.272-0500 [DEBUG] [org.gradle.internal.operations.DefaultBuildOperationRunner] Build operation 'Download https://dl.google.com/dl/android/maven2/com/android/tools/analytics-library/crash/27.2.1/crash-27.2.1.module' completed
2021-06-06T09:17:08.274-0500 [DEBUG] [org.gradle.api.internal.artifacts.ivyservice.ivyresolve.RepositoryChainComponentMetaDataResolver] Using com.android.tools.build:builder:4.2.1 from Maven repository 'Google'
2021-06-06T09:17:08.275-0500 [DEBUG] [org.gradle.api.internal.artifacts.ivyservice.ivyresolve.RepositoryChainComponentMetaDataResolver] Attempting to resolve component for com.android.tools.build:transform-api:2.0.0-deprecated-use-gradle-api using repositories [Google, MavenRepo]
2021-06-06T09:17:08.279-0500 [DEBUG] [org.apache.http.impl.execchain.MainClientExec] Connection can be kept alive indefinitely
2021-06-06T09:17:08.280-0500 [DEBUG] [org.apache.http.impl.conn.PoolingHttpClientConnectionManager] Connection [id: 1][route: {s}->https://dl.google.com:443] can be kept alive indefinitely
2021-06-06T09:17:08.280-0500 [DEBUG] [org.apache.http.impl.conn.DefaultManagedHttpClientConnection] http-outgoing-1: set socket timeout to 0
2021-06-06T09:17:08.280-0500 [DEBUG] [org.apache.http.impl.conn.PoolingHttpClientConnectionManager] Connection released: [id: 1][route: {s}->https://dl.google.com:443][total kept alive: 8; route allocated: 8 of 20; total allocated: 8 of 20]
2021-06-06T09:17:08.280-0500 [INFO] [org.gradle.internal.resource.transport.http.HttpClientHelper] Resource missing. [HTTP HEAD: https://dl.google.com/dl/android/maven2/org/sonatype/oss/oss-parent/7/oss-parent-7.pom]
2021-06-06T09:17:08.281-0500 [DEBUG] [org.gradle.internal.operations.DefaultBuildOperationRunner] Build operation 'Metadata of https://dl.google.com/dl/android/maven2/org/sonatype/oss/oss-parent/7/oss-parent-7.pom' completed
2021-06-06T09:17:08.281-0500 [DEBUG] [org.gradle.api.internal.artifacts.repositories.resolver.ExternalResourceResolver] No meta-data file or artifact found for module 'org.sonatype.oss:oss-parent:7' in repository 'Google'.
2021-06-06T09:17:08.281-0500 [DEBUG] [org.gradle.api.internal.artifacts.ivyservice.modulecache.PersistentModuleMetadataCache] Recording absence of module descriptor in cache: org.sonatype.oss:oss-parent:7 [changing = false]
2021-06-06T09:17:08.286-0500 [DEBUG] [org.apache.http.impl.execchain.MainClientExec] Connection can be kept alive indefinitely
2021-06-06T09:17:08.287-0500 [DEBUG] [org.gradle.internal.resource.transport.http.HttpResponseResource] Attempting to download resource https://repo.maven.apache.org/maven2/org/jetbrains/kotlin/kotlin-stdlib-jdk8/1.4.31/kotlin-stdlib-jdk8-1.4.31.pom.
2021-06-06T09:17:08.289-0500 [INFO] [org.gradle.internal.resource.transfer.DefaultCacheAwareExternalResourceAccessor] Downloading https://repo.maven.apache.org/maven2/org/jetbrains/kotlin/kotlin-stdlib-jdk8/1.4.31/kotlin-stdlib-jdk8-1.4.31.pom to C:\Users\gathi\AppData\Local\Temp\gradle_download9731464819406681692bin
2021-06-06T09:17:08.289-0500 [DEBUG] [org.gradle.api.internal.artifacts.repositories.resolver.DefaultExternalResourceArtifactResolver] Loading https://repo.maven.apache.org/maven2/org/sonatype/oss/oss-parent/7/oss-parent-7.pom
2021-06-06T09:17:08.289-0500 [DEBUG] [org.gradle.internal.resource.transfer.DefaultCacheAwareExternalResourceAccessor] Constructing external resource: https://repo.maven.apache.org/maven2/org/sonatype/oss/oss-parent/7/oss-parent-7.pom
2021-06-06T09:17:08.291-0500 [DEBUG] [org.gradle.api.internal.artifacts.ivyservice.modulecache.PersistentModuleMetadataCache] Recording module descriptor in cache: com.android.tools.lint:lint-gradle-api:27.2.1 [changing = false]
2021-06-06T09:17:08.291-0500 [DEBUG] [org.apache.http.impl.conn.PoolingHttpClientConnectionManager] Connection [id: 2][route: {s}->https://repo.maven.apache.org:443] can be kept alive indefinitely
2021-06-06T09:17:08.291-0500 [DEBUG] [org.apache.http.impl.conn.DefaultManagedHttpClientConnection] http-outgoing-2: set socket timeout to 0
2021-06-06T09:17:08.291-0500 [DEBUG] [org.apache.http.impl.conn.PoolingHttpClientConnectionManager] Connection released: [id: 2][route: {s}->https://repo.maven.apache.org:443][total kept alive: 1; route allocated: 1 of 20; total allocated: 1 of 20]
2021-06-06T09:17:08.292-0500 [DEBUG] [org.gradle.internal.operations.DefaultBuildOperationRunner] Build operation 'Download https://repo.maven.apache.org/maven2/org/jetbrains/kotlin/kotlin-stdlib-jdk8/1.4.31/kotlin-stdlib-jdk8-1.4.31.pom' completed
2021-06-06T09:17:08.295-0500 [DEBUG] [org.gradle.api.internal.artifacts.ivyservice.modulecache.PersistentModuleMetadataCache] Recording module descriptor in cache: androidx.databinding:databinding-compiler-common:4.2.1 [changing = false]
2021-06-06T09:17:08.295-0500 [DEBUG] [org.gradle.api.internal.artifacts.repositories.resolver.DefaultExternalResourceArtifactResolver] Loading https://dl.google.com/dl/android/maven2/com/android/tools/build/transform-api/2.0.0-deprecated-use-gradle-api/transform-api-2.0.0-deprecated-use-gradle-api.pom
2021-06-06T09:17:08.296-0500 [DEBUG] [org.gradle.internal.resource.transfer.DefaultCacheAwareExternalResourceAccessor] Constructing external resource: https://dl.google.com/dl/android/maven2/com/android/tools/build/transform-api/2.0.0-deprecated-use-gradle-api/transform-api-2.0.0-deprecated-use-gradle-api.pom
2021-06-06T09:17:08.297-0500 [DEBUG] [org.gradle.internal.resource.transport.http.HttpResourceAccessor] Constructing external resource metadata: https://repo.maven.apache.org/maven2/org/sonatype/oss/oss-parent/7/oss-parent-7.pom
2021-06-06T09:17:08.298-0500 [DEBUG] [org.gradle.internal.resource.transport.http.HttpClientHelper] Performing HTTP HEAD: https://repo.maven.apache.org/maven2/org/sonatype/oss/oss-parent/7/oss-parent-7.pom
2021-06-06T09:17:08.298-0500 [DEBUG] [org.apache.http.client.protocol.RequestAddCookies] CookieSpec selected: default
2021-06-06T09:17:08.298-0500 [DEBUG] [org.apache.http.client.protocol.RequestAuthCache] Auth cache not set in the context
2021-06-06T09:17:08.298-0500 [DEBUG] [org.apache.http.impl.conn.PoolingHttpClientConnectionManager] Connection request: [route: {s}->https://repo.maven.apache.org:443][total kept alive: 1; route allocated: 1 of 20; total allocated: 1 of 20]
2021-06-06T09:17:08.299-0500 [DEBUG] [org.apache.http.impl.conn.PoolingHttpClientConnectionManager] Connection leased: [id: 2][route: {s}->https://repo.maven.apache.org:443][total kept alive: 0; route allocated: 1 of 20; total allocated: 1 of 20]
2021-06-06T09:17:08.299-0500 [DEBUG] [org.apache.http.impl.conn.DefaultManagedHttpClientConnection] http-outgoing-2: set socket timeout to 30000
2021-06-06T09:17:08.299-0500 [DEBUG] [org.apache.http.impl.conn.DefaultManagedHttpClientConnection] http-outgoing-2: set socket timeout to 30000
2021-06-06T09:17:08.299-0500 [DEBUG] [org.apache.http.impl.execchain.MainClientExec] Executing request HEAD /maven2/org/sonatype/oss/oss-parent/7/oss-parent-7.pom HTTP/1.1
2021-06-06T09:17:08.299-0500 [DEBUG] [org.apache.http.impl.execchain.MainClientExec] Target auth state: UNCHALLENGED
2021-06-06T09:17:08.299-0500 [DEBUG] [org.apache.http.impl.execchain.MainClientExec] Proxy auth state: UNCHALLENGED
2021-06-06T09:17:08.300-0500 [DEBUG] [org.gradle.api.internal.artifacts.ivyservice.modulecache.PersistentModuleMetadataCache] Recording module descriptor in cache: com.android.tools.analytics-library:crash:27.2.1 [changing = false]
2021-06-06T09:17:08.302-0500 [DEBUG] [org.gradle.api.internal.artifacts.ivyservice.ivyresolve.RepositoryChainComponentMetaDataResolver] Using androidx.databinding:databinding-compiler-common:4.2.1 from Maven repository 'Google'
2021-06-06T09:17:08.303-0500 [DEBUG] [org.gradle.api.internal.artifacts.ivyservice.ivyresolve.RepositoryChainComponentMetaDataResolver] Attempting to resolve component for org.ow2.asm:asm:7.0 using repositories [Google, MavenRepo]
2021-06-06T09:17:08.311-0500 [DEBUG] [org.gradle.api.internal.artifacts.ivyservice.modulecache.PersistentModuleMetadataCache] Recording module descriptor in cache: com.android.tools.build:aaptcompiler:4.2.1 [changing = false]
2021-06-06T09:17:08.317-0500 [DEBUG] [org.gradle.api.internal.artifacts.ivyservice.modulecache.PersistentModuleMetadataCache] Recording module descriptor in cache: com.android.tools.build:gradle-api:4.2.1 [changing = false]
2021-06-06T09:17:08.318-0500 [DEBUG] [org.gradle.api.internal.artifacts.ivyservice.ivyresolve.RepositoryChainComponentMetaDataResolver] Using com.android.tools.lint:lint-gradle-api:27.2.1 from Maven repository 'Google'
2021-06-06T09:17:08.318-0500 [DEBUG] [org.gradle.api.internal.artifacts.ivyservice.ivyresolve.RepositoryChainComponentMetaDataResolver] Attempting to resolve component for org.ow2.asm:asm-analysis:7.0 using repositories [Google, MavenRepo]
2021-06-06T09:17:08.318-0500 [DEBUG] [org.apache.http.impl.execchain.MainClientExec] Connection can be kept alive indefinitely
2021-06-06T09:17:08.319-0500 [DEBUG] [org.apache.http.impl.conn.PoolingHttpClientConnectionManager] Connection [id: 2][route: {s}->https://repo.maven.apache.org:443] can be kept alive indefinitely
2021-06-06T09:17:08.319-0500 [DEBUG] [org.apache.http.impl.conn.DefaultManagedHttpClientConnection] http-outgoing-2: set socket timeout to 0
2021-06-06T09:17:08.319-0500 [DEBUG] [org.apache.http.impl.conn.PoolingHttpClientConnectionManager] Connection released: [id: 2][route: {s}->https://repo.maven.apache.org:443][total kept alive: 1; route allocated: 1 of 20; total allocated: 1 of 20]
2021-06-06T09:17:08.320-0500 [DEBUG] [org.gradle.internal.operations.DefaultBuildOperationRunner] Build operation 'Metadata of https://repo.maven.apache.org/maven2/org/sonatype/oss/oss-parent/7/oss-parent-7.pom' completed
2021-06-06T09:17:08.321-0500 [INFO] [org.gradle.internal.resource.transfer.DefaultCacheAwareExternalResourceAccessor] Found locally available resource with matching checksum: [https://repo.maven.apache.org/maven2/org/sonatype/oss/oss-parent/7/oss-parent-7.pom, C:\Users\gathi\.m2\repository\org\sonatype\oss\oss-parent\7\oss-parent-7.pom]
2021-06-06T09:17:08.325-0500 [DEBUG] [org.gradle.internal.resource.transport.http.HttpResourceAccessor] Constructing external resource: https://dl.google.com/dl/android/maven2/com/android/tools/build/transform-api/2.0.0-deprecated-use-gradle-api/transform-api-2.0.0-deprecated-use-gradle-api.pom
2021-06-06T09:17:08.326-0500 [DEBUG] [org.gradle.internal.resource.transport.http.HttpClientHelper] Performing HTTP GET: https://dl.google.com/dl/android/maven2/com/android/tools/build/transform-api/2.0.0-deprecated-use-gradle-api/transform-api-2.0.0-deprecated-use-gradle-api.pom
2021-06-06T09:17:08.326-0500 [DEBUG] [org.apache.http.client.protocol.RequestAddCookies] CookieSpec selected: default
2021-06-06T09:17:08.326-0500 [DEBUG] [org.apache.http.client.protocol.RequestAuthCache] Auth cache not set in the context
2021-06-06T09:17:08.327-0500 [DEBUG] [org.apache.http.impl.conn.PoolingHttpClientConnectionManager] Connection request: [route: {s}->https://dl.google.com:443][total kept alive: 8; route allocated: 8 of 20; total allocated: 8 of 20]
2021-06-06T09:17:08.327-0500 [DEBUG] [org.apache.http.impl.conn.PoolingHttpClientConnectionManager] Connection leased: [id: 1][route: {s}->https://dl.google.com:443][total kept alive: 7; route allocated: 8 of 20; total allocated: 8 of 20]
2021-06-06T09:17:08.327-0500 [DEBUG] [org.apache.http.impl.conn.DefaultManagedHttpClientConnection] http-outgoing-1: set socket timeout to 30000
2021-06-06T09:17:08.327-0500 [DEBUG] [org.apache.http.impl.conn.DefaultManagedHttpClientConnection] http-outgoing-1: set socket timeout to 30000
2021-06-06T09:17:08.327-0500 [DEBUG] [org.apache.http.impl.execchain.MainClientExec] Executing request GET /dl/android/maven2/com/android/tools/build/transform-api/2.0.0-deprecated-use-gradle-api/transform-api-2.0.0-deprecated-use-gradle-api.pom HTTP/1.1
2021-06-06T09:17:08.327-0500 [DEBUG] [org.apache.http.impl.execchain.MainClientExec] Target auth state: UNCHALLENGED
2021-06-06T09:17:08.327-0500 [DEBUG] [org.apache.http.impl.execchain.MainClientExec] Proxy auth state: UNCHALLENGED
2021-06-06T09:17:08.328-0500 [DEBUG] [org.gradle.api.internal.artifacts.ivyservice.ivyresolve.RepositoryChainComponentMetaDataResolver] Using com.android.tools.build:aaptcompiler:4.2.1 from Maven repository 'Google'
2021-06-06T09:17:08.329-0500 [DEBUG] [org.gradle.api.internal.artifacts.ivyservice.ivyresolve.RepositoryChainComponentMetaDataResolver] Attempting to resolve component for org.ow2.asm:asm-commons:7.0 using repositories [Google, MavenRepo]
2021-06-06T09:17:08.332-0500 [DEBUG] [org.gradle.api.internal.artifacts.repositories.resolver.ExternalResourceResolver] Metadata file found for module 'org.jetbrains.kotlin:kotlin-stdlib-jdk8:1.4.31' in repository 'MavenRepo'.
2021-06-06T09:17:08.332-0500 [DEBUG] [org.gradle.api.internal.artifacts.ivyservice.modulecache.PersistentModuleMetadataCache] Recording module descriptor in cache: org.jetbrains.kotlin:kotlin-stdlib-jdk8:1.4.31 [changing = false]
2021-06-06T09:17:08.334-0500 [DEBUG] [org.gradle.api.internal.artifacts.ivyservice.ivyresolve.RepositoryChainComponentMetaDataResolver] Using com.android.tools.build:gradle-api:4.2.1 from Maven repository 'Google'
2021-06-06T09:17:08.334-0500 [DEBUG] [org.gradle.api.internal.artifacts.repositories.resolver.DefaultExternalResourceArtifactResolver] Loading https://dl.google.com/dl/android/maven2/org/ow2/asm/asm-analysis/7.0/asm-analysis-7.0.pom
2021-06-06T09:17:08.334-0500 [DEBUG] [org.gradle.internal.operations.DefaultBuildOperationRunner] Build operation 'Resolve com.android.tools.build:gradle-api:4.2.1' completed
2021-06-06T09:17:08.334-0500 [DEBUG] [org.gradle.internal.resource.transfer.DefaultCacheAwareExternalResourceAccessor] Constructing external resource: https://dl.google.com/dl/android/maven2/org/ow2/asm/asm-analysis/7.0/asm-analysis-7.0.pom
2021-06-06T09:17:08.335-0500 [DEBUG] [org.gradle.api.internal.artifacts.ivyservice.ivyresolve.RepositoryChainComponentMetaDataResolver] Attempting to resolve component for org.ow2.asm:asm-util:7.0 using repositories [Google, MavenRepo]
2021-06-06T09:17:08.340-0500 [DEBUG] [org.gradle.api.internal.artifacts.repositories.resolver.DefaultExternalResourceArtifactResolver] Loading https://dl.google.com/dl/android/maven2/org/ow2/asm/asm-commons/7.0/asm-commons-7.0.pom
2021-06-06T09:17:08.340-0500 [DEBUG] [org.gradle.api.internal.artifacts.repositories.resolver.DefaultExternalResourceArtifactResolver] Loading https://dl.google.com/dl/android/maven2/org/ow2/asm/asm/7.0/asm-7.0.pom
2021-06-06T09:17:08.340-0500 [DEBUG] [org.gradle.internal.resource.transfer.DefaultCacheAwareExternalResourceAccessor] Constructing external resource: https://dl.google.com/dl/android/maven2/org/ow2/asm/asm-commons/7.0/asm-commons-7.0.pom
2021-06-06T09:17:08.340-0500 [DEBUG] [org.gradle.internal.resource.transfer.DefaultCacheAwareExternalResourceAccessor] Constructing external resource: https://dl.google.com/dl/android/maven2/org/ow2/asm/asm/7.0/asm-7.0.pom
2021-06-06T09:17:08.344-0500 [DEBUG] [org.gradle.api.internal.artifacts.ivyservice.ivyresolve.RepositoryChainComponentMetaDataResolver] Using org.jetbrains.kotlin:kotlin-stdlib-jdk8:1.4.31 from Maven repository 'MavenRepo'
2021-06-06T09:17:08.345-0500 [DEBUG] [org.gradle.api.internal.artifacts.ivyservice.ivyresolve.RepositoryChainComponentMetaDataResolver] Attempting to resolve component for net.sf.jopt-simple:jopt-simple:4.9 using repositories [Google, MavenRepo]
2021-06-06T09:17:08.345-0500 [DEBUG] [org.gradle.api.internal.artifacts.repositories.resolver.DefaultExternalResourceArtifactResolver] Loading https://dl.google.com/dl/android/maven2/net/sf/jopt-simple/jopt-simple/4.9/jopt-simple-4.9.pom
2021-06-06T09:17:08.345-0500 [DEBUG] [org.gradle.internal.resource.transfer.DefaultCacheAwareExternalResourceAccessor] Constructing external resource: https://dl.google.com/dl/android/maven2/net/sf/jopt-simple/jopt-simple/4.9/jopt-simple-4.9.pom
2021-06-06T09:17:08.347-0500 [DEBUG] [org.gradle.api.internal.artifacts.repositories.resolver.ExternalResourceResolver] Metadata file found for module 'org.sonatype.oss:oss-parent:7' in repository 'MavenRepo'.
2021-06-06T09:17:08.348-0500 [DEBUG] [org.gradle.api.internal.artifacts.ivyservice.modulecache.PersistentModuleMetadataCache] Recording module descriptor in cache: org.sonatype.oss:oss-parent:7 [changing = false]
2021-06-06T09:17:08.351-0500 [DEBUG] [org.gradle.api.internal.artifacts.ivyservice.ivyresolve.RepositoryChainComponentMetaDataResolver] Using com.android.tools.analytics-library:crash:27.2.1 from Maven repository 'Google'
2021-06-06T09:17:08.352-0500 [DEBUG] [org.gradle.api.internal.artifacts.ivyservice.ivyresolve.RepositoryChainComponentMetaDataResolver] Attempting to resolve component for net.sf.proguard:proguard-gradle:6.0.3 using repositories [Google, MavenRepo]
2021-06-06T09:17:08.352-0500 [DEBUG] [org.gradle.api.internal.artifacts.repositories.resolver.DefaultExternalResourceArtifactResolver] Loading https://dl.google.com/dl/android/maven2/net/sf/proguard/proguard-gradle/6.0.3/proguard-gradle-6.0.3.pom
2021-06-06T09:17:08.352-0500 [DEBUG] [org.gradle.internal.resource.transfer.DefaultCacheAwareExternalResourceAccessor] Constructing external resource: https://dl.google.com/dl/android/maven2/net/sf/proguard/proguard-gradle/6.0.3/proguard-gradle-6.0.3.pom
2021-06-06T09:17:08.354-0500 [DEBUG] [org.gradle.internal.resource.transport.http.HttpResourceAccessor] Constructing external resource metadata: https://dl.google.com/dl/android/maven2/org/ow2/asm/asm-analysis/7.0/asm-analysis-7.0.pom
2021-06-06T09:17:08.354-0500 [DEBUG] [org.gradle.internal.resource.transport.http.HttpClientHelper] Performing HTTP HEAD: https://dl.google.com/dl/android/maven2/org/ow2/asm/asm-analysis/7.0/asm-analysis-7.0.pom
2021-06-06T09:17:08.354-0500 [DEBUG] [org.gradle.internal.resource.transport.http.HttpResourceAccessor] Constructing external resource: https://dl.google.com/dl/android/maven2/net/sf/proguard/proguard-gradle/6.0.3/proguard-gradle-6.0.3.pom
2021-06-06T09:17:08.355-0500 [DEBUG] [org.gradle.internal.resource.transport.http.HttpClientHelper] Performing HTTP GET: https://dl.google.com/dl/android/maven2/net/sf/proguard/proguard-gradle/6.0.3/proguard-gradle-6.0.3.pom
2021-06-06T09:17:08.355-0500 [DEBUG] [org.apache.http.client.protocol.RequestAddCookies] CookieSpec selected: default
2021-06-06T09:17:08.355-0500 [DEBUG] [org.apache.http.client.protocol.RequestAddCookies] CookieSpec selected: default
2021-06-06T09:17:08.355-0500 [DEBUG] [org.apache.http.client.protocol.RequestAuthCache] Auth cache not set in the context
2021-06-06T09:17:08.356-0500 [DEBUG] [org.apache.http.impl.conn.PoolingHttpClientConnectionManager] Connection request: [route: {s}->https://dl.google.com:443][total kept alive: 7; route allocated: 8 of 20; total allocated: 8 of 20]
2021-06-06T09:17:08.356-0500 [DEBUG] [org.apache.http.impl.conn.PoolingHttpClientConnectionManager] Connection leased: [id: 6][route: {s}->https://dl.google.com:443][total kept alive: 6; route allocated: 8 of 20; total allocated: 8 of 20]
2021-06-06T09:17:08.356-0500 [DEBUG] [org.apache.http.impl.conn.DefaultManagedHttpClientConnection] http-outgoing-6: set socket timeout to 30000
2021-06-06T09:17:08.356-0500 [DEBUG] [org.apache.http.impl.conn.DefaultManagedHttpClientConnection] http-outgoing-6: set socket timeout to 30000
2021-06-06T09:17:08.356-0500 [DEBUG] [org.apache.http.impl.execchain.MainClientExec] Executing request HEAD /dl/android/maven2/org/ow2/asm/asm-analysis/7.0/asm-analysis-7.0.pom HTTP/1.1
2021-06-06T09:17:08.356-0500 [DEBUG] [org.apache.http.impl.execchain.MainClientExec] Target auth state: UNCHALLENGED
2021-06-06T09:17:08.357-0500 [DEBUG] [org.apache.http.impl.execchain.MainClientExec] Proxy auth state: UNCHALLENGED
2021-06-06T09:17:08.355-0500 [DEBUG] [org.apache.http.client.protocol.RequestAuthCache] Auth cache not set in the context
2021-06-06T09:17:08.358-0500 [DEBUG] [org.apache.http.impl.conn.PoolingHttpClientConnectionManager] Connection request: [route: {s}->https://dl.google.com:443][total kept alive: 6; route allocated: 8 of 20; total allocated: 8 of 20]
2021-06-06T09:17:08.358-0500 [DEBUG] [org.gradle.internal.resource.transport.http.HttpResourceAccessor] Constructing external resource: https://dl.google.com/dl/android/maven2/net/sf/jopt-simple/jopt-simple/4.9/jopt-simple-4.9.pom
2021-06-06T09:17:08.359-0500 [DEBUG] [org.gradle.internal.resource.transport.http.HttpClientHelper] Performing HTTP GET: https://dl.google.com/dl/android/maven2/net/sf/jopt-simple/jopt-simple/4.9/jopt-simple-4.9.pom
2021-06-06T09:17:08.358-0500 [DEBUG] [org.apache.http.impl.conn.PoolingHttpClientConnectionManager] Connection leased: [id: 0][route: {s}->https://dl.google.com:443][total kept alive: 5; route allocated: 8 of 20; total allocated: 8 of 20]
2021-06-06T09:17:08.359-0500 [DEBUG] [org.apache.http.client.protocol.RequestAddCookies] CookieSpec selected: default
2021-06-06T09:17:08.360-0500 [DEBUG] [org.apache.http.client.protocol.RequestAuthCache] Auth cache not set in the context
2021-06-06T09:17:08.360-0500 [DEBUG] [org.apache.http.impl.conn.PoolingHttpClientConnectionManager] Connection request: [route: {s}->https://dl.google.com:443][total kept alive: 5; route allocated: 8 of 20; total allocated: 8 of 20]
2021-06-06T09:17:08.360-0500 [DEBUG] [org.apache.http.impl.conn.PoolingHttpClientConnectionManager] Connection leased: [id: 8][route: {s}->https://dl.google.com:443][total kept alive: 4; route allocated: 8 of 20; total allocated: 8 of 20]
2021-06-06T09:17:08.360-0500 [DEBUG] [org.apache.http.impl.conn.DefaultManagedHttpClientConnection] http-outgoing-8: set socket timeout to 30000
2021-06-06T09:17:08.360-0500 [DEBUG] [org.apache.http.impl.conn.DefaultManagedHttpClientConnection] http-outgoing-8: set socket timeout to 30000
2021-06-06T09:17:08.360-0500 [DEBUG] [org.apache.http.impl.execchain.MainClientExec] Executing request GET /dl/android/maven2/net/sf/jopt-simple/jopt-simple/4.9/jopt-simple-4.9.pom HTTP/1.1
2021-06-06T09:17:08.359-0500 [DEBUG] [org.apache.http.impl.conn.DefaultManagedHttpClientConnection] http-outgoing-0: set socket timeout to 30000
2021-06-06T09:17:08.361-0500 [DEBUG] [org.apache.http.impl.execchain.MainClientExec] Target auth state: UNCHALLENGED
2021-06-06T09:17:08.361-0500 [DEBUG] [org.apache.http.impl.conn.DefaultManagedHttpClientConnection] http-outgoing-0: set socket timeout to 30000
2021-06-06T09:17:08.361-0500 [DEBUG] [org.apache.http.impl.execchain.MainClientExec] Proxy auth state: UNCHALLENGED
2021-06-06T09:17:08.361-0500 [DEBUG] [org.apache.http.impl.execchain.MainClientExec] Executing request GET /dl/android/maven2/net/sf/proguard/proguard-gradle/6.0.3/proguard-gradle-6.0.3.pom HTTP/1.1
2021-06-06T09:17:08.361-0500 [DEBUG] [org.apache.http.impl.execchain.MainClientExec] Target auth state: UNCHALLENGED
2021-06-06T09:17:08.361-0500 [DEBUG] [org.apache.http.impl.execchain.MainClientExec] Proxy auth state: UNCHALLENGED
2021-06-06T09:17:08.364-0500 [DEBUG] [org.gradle.api.internal.artifacts.ivyservice.ivyresolve.RepositoryChainComponentMetaDataResolver] Using org.sonatype.oss:oss-parent:7 from Maven repository 'MavenRepo'
2021-06-06T09:17:08.364-0500 [DEBUG] [org.gradle.api.internal.artifacts.repositories.resolver.DefaultExternalResourceArtifactResolver] Loading https://dl.google.com/dl/android/maven2/org/ow2/asm/asm-util/7.0/asm-util-7.0.pom
2021-06-06T09:17:08.364-0500 [DEBUG] [org.gradle.internal.resource.transfer.DefaultCacheAwareExternalResourceAccessor] Constructing external resource: https://dl.google.com/dl/android/maven2/org/ow2/asm/asm-util/7.0/asm-util-7.0.pom
2021-06-06T09:17:08.366-0500 [DEBUG] [org.gradle.internal.resource.transport.http.HttpResourceAccessor] Constructing external resource metadata: https://dl.google.com/dl/android/maven2/org/ow2/asm/asm/7.0/asm-7.0.pom
2021-06-06T09:17:08.367-0500 [DEBUG] [org.gradle.internal.resource.transport.http.HttpClientHelper] Performing HTTP HEAD: https://dl.google.com/dl/android/maven2/org/ow2/asm/asm/7.0/asm-7.0.pom
2021-06-06T09:17:08.367-0500 [DEBUG] [org.gradle.internal.resource.transport.http.HttpResourceAccessor] Constructing external resource: https://dl.google.com/dl/android/maven2/org/ow2/asm/asm-util/7.0/asm-util-7.0.pom
2021-06-06T09:17:08.367-0500 [DEBUG] [org.gradle.internal.resource.transport.http.HttpResourceAccessor] Constructing external resource metadata: https://dl.google.com/dl/android/maven2/org/ow2/asm/asm-commons/7.0/asm-commons-7.0.pom
2021-06-06T09:17:08.367-0500 [DEBUG] [org.gradle.internal.resource.transport.http.HttpClientHelper] Performing HTTP GET: https://dl.google.com/dl/android/maven2/org/ow2/asm/asm-util/7.0/asm-util-7.0.pom
2021-06-06T09:17:08.367-0500 [DEBUG] [org.gradle.internal.resource.transport.http.HttpClientHelper] Performing HTTP HEAD: https://dl.google.com/dl/android/maven2/org/ow2/asm/asm-commons/7.0/asm-commons-7.0.pom
2021-06-06T09:17:08.368-0500 [DEBUG] [org.apache.http.client.protocol.RequestAddCookies] CookieSpec selected: default
2021-06-06T09:17:08.368-0500 [DEBUG] [org.apache.http.client.protocol.RequestAddCookies] CookieSpec selected: default
2021-06-06T09:17:08.368-0500 [DEBUG] [org.apache.http.client.protocol.RequestAuthCache] Auth cache not set in the context
2021-06-06T09:17:08.368-0500 [DEBUG] [org.apache.http.impl.conn.PoolingHttpClientConnectionManager] Connection request: [route: {s}->https://dl.google.com:443][total kept alive: 4; route allocated: 8 of 20; total allocated: 8 of 20]
2021-06-06T09:17:08.368-0500 [DEBUG] [org.apache.http.client.protocol.RequestAuthCache] Auth cache not set in the context
2021-06-06T09:17:08.368-0500 [DEBUG] [org.apache.http.impl.conn.PoolingHttpClientConnectionManager] Connection leased: [id: 5][route: {s}->https://dl.google.com:443][total kept alive: 3; route allocated: 8 of 20; total allocated: 8 of 20]
2021-06-06T09:17:08.369-0500 [DEBUG] [org.apache.http.impl.conn.DefaultManagedHttpClientConnection] http-outgoing-5: set socket timeout to 30000
2021-06-06T09:17:08.368-0500 [DEBUG] [org.apache.http.impl.conn.PoolingHttpClientConnectionManager] Connection request: [route: {s}->https://dl.google.com:443][total kept alive: 3; route allocated: 8 of 20; total allocated: 8 of 20]
2021-06-06T09:17:08.369-0500 [DEBUG] [org.apache.http.impl.conn.DefaultManagedHttpClientConnection] http-outgoing-5: set socket timeout to 30000
2021-06-06T09:17:08.369-0500 [DEBUG] [org.apache.http.impl.execchain.MainClientExec] Executing request GET /dl/android/maven2/org/ow2/asm/asm-util/7.0/asm-util-7.0.pom HTTP/1.1
2021-06-06T09:17:08.369-0500 [DEBUG] [org.apache.http.impl.execchain.MainClientExec] Target auth state: UNCHALLENGED
2021-06-06T09:17:08.369-0500 [DEBUG] [org.apache.http.impl.conn.PoolingHttpClientConnectionManager] Connection leased: [id: 7][route: {s}->https://dl.google.com:443][total kept alive: 2; route allocated: 8 of 20; total allocated: 8 of 20]
2021-06-06T09:17:08.369-0500 [DEBUG] [org.apache.http.impl.execchain.MainClientExec] Proxy auth state: UNCHALLENGED
2021-06-06T09:17:08.369-0500 [DEBUG] [org.apache.http.impl.conn.DefaultManagedHttpClientConnection] http-outgoing-7: set socket timeout to 30000
2021-06-06T09:17:08.370-0500 [DEBUG] [org.apache.http.impl.conn.DefaultManagedHttpClientConnection] http-outgoing-7: set socket timeout to 30000
2021-06-06T09:17:08.370-0500 [DEBUG] [org.apache.http.impl.execchain.MainClientExec] Executing request HEAD /dl/android/maven2/org/ow2/asm/asm-commons/7.0/asm-commons-7.0.pom HTTP/1.1
2021-06-06T09:17:08.370-0500 [DEBUG] [org.apache.http.impl.execchain.MainClientExec] Target auth state: UNCHALLENGED
2021-06-06T09:17:08.370-0500 [DEBUG] [org.apache.http.impl.execchain.MainClientExec] Proxy auth state: UNCHALLENGED
2021-06-06T09:17:08.372-0500 [DEBUG] [org.apache.http.client.protocol.RequestAddCookies] CookieSpec selected: default
2021-06-06T09:17:08.372-0500 [DEBUG] [org.apache.http.client.protocol.RequestAuthCache] Auth cache not set in the context
2021-06-06T09:17:08.372-0500 [DEBUG] [org.apache.http.impl.conn.PoolingHttpClientConnectionManager] Connection request: [route: {s}->https://dl.google.com:443][total kept alive: 2; route allocated: 8 of 20; total allocated: 8 of 20]
2021-06-06T09:17:08.372-0500 [DEBUG] [org.apache.http.impl.conn.PoolingHttpClientConnectionManager] Connection leased: [id: 3][route: {s}->https://dl.google.com:443][total kept alive: 1; route allocated: 8 of 20; total allocated: 8 of 20]
2021-06-06T09:17:08.373-0500 [DEBUG] [org.apache.http.impl.conn.DefaultManagedHttpClientConnection] http-outgoing-3: set socket timeout to 30000
2021-06-06T09:17:08.373-0500 [DEBUG] [org.gradle.cache.internal.DefaultCacheAccess] Creating new cache for metadata-2.97/module-artifact, path C:\Users\gathi\.gradle\caches\modules-2\metadata-2.97\module-artifact.bin, access org.gradle.cache.internal.DefaultCacheAccess@1ea72fc3
2021-06-06T09:17:08.373-0500 [DEBUG] [org.apache.http.impl.conn.DefaultManagedHttpClientConnection] http-outgoing-3: set socket timeout to 30000
2021-06-06T09:17:08.373-0500 [DEBUG] [org.apache.http.impl.execchain.MainClientExec] Executing request HEAD /dl/android/maven2/org/ow2/asm/asm/7.0/asm-7.0.pom HTTP/1.1
2021-06-06T09:17:08.373-0500 [DEBUG] [org.gradle.cache.internal.btree.BTreePersistentIndexedCache] Opening cache module-artifact.bin (C:\Users\gathi\.gradle\caches\modules-2\metadata-2.97\module-artifact.bin)
2021-06-06T09:17:08.373-0500 [DEBUG] [org.apache.http.impl.execchain.MainClientExec] Target auth state: UNCHALLENGED
2021-06-06T09:17:08.373-0500 [DEBUG] [org.apache.http.impl.execchain.MainClientExec] Proxy auth state: UNCHALLENGED
2021-06-06T09:17:08.376-0500 [DEBUG] [org.gradle.api.internal.artifacts.repositories.resolver.DefaultExternalResourceArtifactResolver] Loading https://repo.maven.apache.org/maven2/org/sonatype/oss/oss-parent/7/oss-parent-7.pom
2021-06-06T09:17:08.376-0500 [DEBUG] [org.gradle.internal.resource.transfer.DefaultCacheAwareExternalResourceAccessor] Constructing external resource: https://repo.maven.apache.org/maven2/org/sonatype/oss/oss-parent/7/oss-parent-7.pom
2021-06-06T09:17:08.378-0500 [DEBUG] [org.gradle.api.internal.artifacts.ivyservice.ivyresolve.CachingModuleComponentRepository] Downloaded artifact 'oss-parent-7.pom (org.sonatype.oss:oss-parent:7)' from resolver: MavenRepo
2021-06-06T09:17:08.380-0500 [DEBUG] [org.apache.http.impl.execchain.MainClientExec] Connection can be kept alive indefinitely
2021-06-06T09:17:08.380-0500 [DEBUG] [org.gradle.internal.resource.transport.http.HttpResponseResource] Attempting to download resource https://dl.google.com/dl/android/maven2/com/android/tools/build/transform-api/2.0.0-deprecated-use-gradle-api/transform-api-2.0.0-deprecated-use-gradle-api.pom.
2021-06-06T09:17:08.382-0500 [INFO] [org.gradle.internal.resource.transfer.DefaultCacheAwareExternalResourceAccessor] Downloading https://dl.google.com/dl/android/maven2/com/android/tools/build/transform-api/2.0.0-deprecated-use-gradle-api/transform-api-2.0.0-deprecated-use-gradle-api.pom to C:\Users\gathi\AppData\Local\Temp\gradle_download12689758307344791331bin
2021-06-06T09:17:08.384-0500 [DEBUG] [org.apache.http.impl.conn.PoolingHttpClientConnectionManager] Connection [id: 1][route: {s}->https://dl.google.com:443] can be kept alive indefinitely
2021-06-06T09:17:08.384-0500 [DEBUG] [org.apache.http.impl.conn.DefaultManagedHttpClientConnection] http-outgoing-1: set socket timeout to 0
2021-06-06T09:17:08.384-0500 [DEBUG] [org.apache.http.impl.conn.PoolingHttpClientConnectionManager] Connection released: [id: 1][route: {s}->https://dl.google.com:443][total kept alive: 2; route allocated: 8 of 20; total allocated: 8 of 20]
2021-06-06T09:17:08.385-0500 [DEBUG] [org.gradle.internal.operations.DefaultBuildOperationRunner] Build operation 'Download https://dl.google.com/dl/android/maven2/com/android/tools/build/transform-api/2.0.0-deprecated-use-gradle-api/transform-api-2.0.0-deprecated-use-gradle-api.pom' completed
2021-06-06T09:17:08.393-0500 [DEBUG] [org.gradle.api.internal.artifacts.repositories.resolver.ExternalResourceResolver] Metadata file found for module 'org.tensorflow:tensorflow-lite-metadata:0.1.0-rc2' in repository 'MavenRepo'.
2021-06-06T09:17:08.393-0500 [DEBUG] [org.gradle.api.internal.artifacts.ivyservice.modulecache.PersistentModuleMetadataCache] Recording module descriptor in cache: org.tensorflow:tensorflow-lite-metadata:0.1.0-rc2 [changing = false]
2021-06-06T09:17:08.394-0500 [DEBUG] [org.apache.http.impl.execchain.MainClientExec] Connection can be kept alive indefinitely
2021-06-06T09:17:08.394-0500 [DEBUG] [org.apache.http.impl.conn.PoolingHttpClientConnectionManager] Connection [id: 6][route: {s}->https://dl.google.com:443] can be kept alive indefinitely
2021-06-06T09:17:08.394-0500 [DEBUG] [org.apache.http.impl.conn.DefaultManagedHttpClientConnection] http-outgoing-6: set socket timeout to 0
2021-06-06T09:17:08.395-0500 [DEBUG] [org.apache.http.impl.conn.PoolingHttpClientConnectionManager] Connection released: [id: 6][route: {s}->https://dl.google.com:443][total kept alive: 3; route allocated: 8 of 20; total allocated: 8 of 20]
2021-06-06T09:17:08.395-0500 [INFO] [org.gradle.internal.resource.transport.http.HttpClientHelper] Resource missing. [HTTP HEAD: https://dl.google.com/dl/android/maven2/org/ow2/asm/asm-analysis/7.0/asm-analysis-7.0.pom]
2021-06-06T09:17:08.395-0500 [DEBUG] [org.gradle.internal.operations.DefaultBuildOperationRunner] Build operation 'Metadata of https://dl.google.com/dl/android/maven2/org/ow2/asm/asm-analysis/7.0/asm-analysis-7.0.pom' completed
2021-06-06T09:17:08.395-0500 [DEBUG] [org.gradle.api.internal.artifacts.repositories.resolver.ExternalResourceResolver] No meta-data file or artifact found for module 'org.ow2.asm:asm-analysis:7.0' in repository 'Google'.
2021-06-06T09:17:08.395-0500 [DEBUG] [org.gradle.api.internal.artifacts.ivyservice.modulecache.PersistentModuleMetadataCache] Recording absence of module descriptor in cache: org.ow2.asm:asm-analysis:7.0 [changing = false]
2021-06-06T09:17:08.401-0500 [DEBUG] [org.gradle.api.internal.artifacts.repositories.resolver.ExternalResourceResolver] Metadata file found for module 'com.android.tools.build:transform-api:2.0.0-deprecated-use-gradle-api' in repository 'Google'.
2021-06-06T09:17:08.401-0500 [DEBUG] [org.gradle.api.internal.artifacts.ivyservice.modulecache.PersistentModuleMetadataCache] Recording module descriptor in cache: com.android.tools.build:transform-api:2.0.0-deprecated-use-gradle-api [changing = false]
2021-06-06T09:17:08.403-0500 [DEBUG] [org.apache.http.impl.execchain.MainClientExec] Connection can be kept alive indefinitely
2021-06-06T09:17:08.404-0500 [DEBUG] [org.apache.http.impl.conn.PoolingHttpClientConnectionManager] Connection [id: 0][route: {s}->https://dl.google.com:443] can be kept alive indefinitely
2021-06-06T09:17:08.404-0500 [DEBUG] [org.apache.http.impl.conn.DefaultManagedHttpClientConnection] http-outgoing-0: set socket timeout to 0
2021-06-06T09:17:08.404-0500 [DEBUG] [org.apache.http.impl.conn.PoolingHttpClientConnectionManager] Connection released: [id: 0][route: {s}->https://dl.google.com:443][total kept alive: 4; route allocated: 8 of 20; total allocated: 8 of 20]
2021-06-06T09:17:08.404-0500 [INFO] [org.gradle.internal.resource.transport.http.HttpClientHelper] Resource missing. [HTTP GET: https://dl.google.com/dl/android/maven2/net/sf/proguard/proguard-gradle/6.0.3/proguard-gradle-6.0.3.pom]
2021-06-06T09:17:08.405-0500 [DEBUG] [org.gradle.internal.operations.DefaultBuildOperationRunner] Build operation 'Download https://dl.google.com/dl/android/maven2/net/sf/proguard/proguard-gradle/6.0.3/proguard-gradle-6.0.3.pom' completed
2021-06-06T09:17:08.405-0500 [DEBUG] [org.gradle.api.internal.artifacts.repositories.resolver.ExternalResourceResolver] No meta-data file or artifact found for module 'net.sf.proguard:proguard-gradle:6.0.3' in repository 'Google'.
2021-06-06T09:17:08.405-0500 [DEBUG] [org.gradle.api.internal.artifacts.ivyservice.modulecache.PersistentModuleMetadataCache] Recording absence of module descriptor in cache: net.sf.proguard:proguard-gradle:6.0.3 [changing = false]
2021-06-06T09:17:08.406-0500 [DEBUG] [org.gradle.api.internal.artifacts.ivyservice.ivyresolve.RepositoryChainComponentMetaDataResolver] Using org.tensorflow:tensorflow-lite-metadata:0.1.0-rc2 from Maven repository 'MavenRepo'
2021-06-06T09:17:08.406-0500 [DEBUG] [org.gradle.api.internal.artifacts.ivyservice.ivyresolve.RepositoryChainComponentMetaDataResolver] Attempting to resolve component for com.android.tools.build:bundletool:1.1.0 using repositories [Google, MavenRepo]
2021-06-06T09:17:08.407-0500 [DEBUG] [org.apache.http.impl.execchain.MainClientExec] Connection can be kept alive indefinitely
2021-06-06T09:17:08.408-0500 [DEBUG] [org.apache.http.impl.conn.PoolingHttpClientConnectionManager] Connection [id: 7][route: {s}->https://dl.google.com:443] can be kept alive indefinitely
2021-06-06T09:17:08.408-0500 [DEBUG] [org.apache.http.impl.conn.DefaultManagedHttpClientConnection] http-outgoing-7: set socket timeout to 0
2021-06-06T09:17:08.408-0500 [DEBUG] [org.apache.http.impl.conn.PoolingHttpClientConnectionManager] Connection released: [id: 7][route: {s}->https://dl.google.com:443][total kept alive: 5; route allocated: 8 of 20; total allocated: 8 of 20]
2021-06-06T09:17:08.408-0500 [DEBUG] [org.apache.http.impl.execchain.MainClientExec] Connection can be kept alive indefinitely
2021-06-06T09:17:08.408-0500 [INFO] [org.gradle.internal.resource.transport.http.HttpClientHelper] Resource missing. [HTTP HEAD: https://dl.google.com/dl/android/maven2/org/ow2/asm/asm-commons/7.0/asm-commons-7.0.pom]
2021-06-06T09:17:08.409-0500 [DEBUG] [org.gradle.internal.operations.DefaultBuildOperationRunner] Build operation 'Metadata of https://dl.google.com/dl/android/maven2/org/ow2/asm/asm-commons/7.0/asm-commons-7.0.pom' completed
2021-06-06T09:17:08.409-0500 [DEBUG] [org.gradle.api.internal.artifacts.repositories.resolver.ExternalResourceResolver] No meta-data file or artifact found for module 'org.ow2.asm:asm-commons:7.0' in repository 'Google'.
2021-06-06T09:17:08.409-0500 [DEBUG] [org.gradle.api.internal.artifacts.ivyservice.modulecache.PersistentModuleMetadataCache] Recording absence of module descriptor in cache: org.ow2.asm:asm-commons:7.0 [changing = false]
2021-06-06T09:17:08.409-0500 [DEBUG] [org.apache.http.impl.conn.PoolingHttpClientConnectionManager] Connection [id: 5][route: {s}->https://dl.google.com:443] can be kept alive indefinitely
2021-06-06T09:17:08.410-0500 [DEBUG] [org.apache.http.impl.conn.DefaultManagedHttpClientConnection] http-outgoing-5: set socket timeout to 0
2021-06-06T09:17:08.410-0500 [DEBUG] [org.apache.http.impl.conn.PoolingHttpClientConnectionManager] Connection released: [id: 5][route: {s}->https://dl.google.com:443][total kept alive: 6; route allocated: 8 of 20; total allocated: 8 of 20]
2021-06-06T09:17:08.410-0500 [INFO] [org.gradle.internal.resource.transport.http.HttpClientHelper] Resource missing. [HTTP GET: https://dl.google.com/dl/android/maven2/org/ow2/asm/asm-util/7.0/asm-util-7.0.pom]
2021-06-06T09:17:08.410-0500 [DEBUG] [org.gradle.internal.operations.DefaultBuildOperationRunner] Build operation 'Download https://dl.google.com/dl/android/maven2/org/ow2/asm/asm-util/7.0/asm-util-7.0.pom' completed
2021-06-06T09:17:08.410-0500 [DEBUG] [org.gradle.api.internal.artifacts.repositories.resolver.ExternalResourceResolver] No meta-data file or artifact found for module 'org.ow2.asm:asm-util:7.0' in repository 'Google'.
2021-06-06T09:17:08.410-0500 [DEBUG] [org.gradle.api.internal.artifacts.ivyservice.ivyresolve.RepositoryChainComponentMetaDataResolver] Using com.android.tools.build:transform-api:2.0.0-deprecated-use-gradle-api from Maven repository 'Google'
2021-06-06T09:17:08.411-0500 [DEBUG] [org.gradle.api.internal.artifacts.repositories.resolver.DefaultExternalResourceArtifactResolver] Loading https://repo.maven.apache.org/maven2/org/ow2/asm/asm-analysis/7.0/asm-analysis-7.0.pom
2021-06-06T09:17:08.411-0500 [DEBUG] [org.gradle.api.internal.artifacts.ivyservice.modulecache.PersistentModuleMetadataCache] Recording absence of module descriptor in cache: org.ow2.asm:asm-util:7.0 [changing = false]
2021-06-06T09:17:08.411-0500 [DEBUG] [org.gradle.internal.resource.transfer.DefaultCacheAwareExternalResourceAccessor] Constructing external resource: https://repo.maven.apache.org/maven2/org/ow2/asm/asm-analysis/7.0/asm-analysis-7.0.pom
2021-06-06T09:17:08.412-0500 [DEBUG] [org.gradle.api.internal.artifacts.ivyservice.ivyresolve.RepositoryChainComponentMetaDataResolver] Attempting to resolve component for com.android.tools.build.jetifier:jetifier-core:1.0.0-beta09 using repositories [Google, MavenRepo]
2021-06-06T09:17:08.412-0500 [DEBUG] [org.gradle.api.internal.artifacts.repositories.resolver.DefaultExternalResourceArtifactResolver] Loading https://repo.maven.apache.org/maven2/org/ow2/asm/asm-util/7.0/asm-util-7.0.pom
2021-06-06T09:17:08.412-0500 [DEBUG] [org.gradle.internal.resource.transfer.DefaultCacheAwareExternalResourceAccessor] Constructing external resource: https://repo.maven.apache.org/maven2/org/ow2/asm/asm-util/7.0/asm-util-7.0.pom
2021-06-06T09:17:08.412-0500 [DEBUG] [org.gradle.api.internal.artifacts.repositories.resolver.DefaultExternalResourceArtifactResolver] Loading https://dl.google.com/dl/android/maven2/com/android/tools/build/jetifier/jetifier-core/1.0.0-beta09/jetifier-core-1.0.0-beta09.pom
2021-06-06T09:17:08.412-0500 [DEBUG] [org.gradle.internal.resource.transfer.DefaultCacheAwareExternalResourceAccessor] Constructing external resource: https://dl.google.com/dl/android/maven2/com/android/tools/build/jetifier/jetifier-core/1.0.0-beta09/jetifier-core-1.0.0-beta09.pom
2021-06-06T09:17:08.414-0500 [DEBUG] [org.gradle.internal.resource.transport.http.HttpResourceAccessor] Constructing external resource: https://dl.google.com/dl/android/maven2/com/android/tools/build/jetifier/jetifier-core/1.0.0-beta09/jetifier-core-1.0.0-beta09.pom
2021-06-06T09:17:08.414-0500 [DEBUG] [org.gradle.internal.resource.transport.http.HttpClientHelper] Performing HTTP GET: https://dl.google.com/dl/android/maven2/com/android/tools/build/jetifier/jetifier-core/1.0.0-beta09/jetifier-core-1.0.0-beta09.pom
2021-06-06T09:17:08.414-0500 [DEBUG] [org.gradle.internal.resource.transport.http.HttpResourceAccessor] Constructing external resource: https://repo.maven.apache.org/maven2/org/ow2/asm/asm-util/7.0/asm-util-7.0.pom
2021-06-06T09:17:08.414-0500 [DEBUG] [org.gradle.internal.resource.transport.http.HttpClientHelper] Performing HTTP GET: https://repo.maven.apache.org/maven2/org/ow2/asm/asm-util/7.0/asm-util-7.0.pom
2021-06-06T09:17:08.415-0500 [DEBUG] [org.apache.http.client.protocol.RequestAddCookies] CookieSpec selected: default
2021-06-06T09:17:08.415-0500 [DEBUG] [org.apache.http.client.protocol.RequestAddCookies] CookieSpec selected: default
2021-06-06T09:17:08.415-0500 [DEBUG] [org.apache.http.client.protocol.RequestAuthCache] Auth cache not set in the context
2021-06-06T09:17:08.415-0500 [DEBUG] [org.apache.http.impl.conn.PoolingHttpClientConnectionManager] Connection request: [route: {s}->https://repo.maven.apache.org:443][total kept alive: 1; route allocated: 1 of 20; total allocated: 1 of 20]
2021-06-06T09:17:08.415-0500 [DEBUG] [org.apache.http.impl.conn.PoolingHttpClientConnectionManager] Connection leased: [id: 2][route: {s}->https://repo.maven.apache.org:443][total kept alive: 0; route allocated: 1 of 20; total allocated: 1 of 20]
2021-06-06T09:17:08.415-0500 [DEBUG] [org.apache.http.impl.conn.DefaultManagedHttpClientConnection] http-outgoing-2: set socket timeout to 30000
2021-06-06T09:17:08.416-0500 [DEBUG] [org.apache.http.impl.conn.DefaultManagedHttpClientConnection] http-outgoing-2: set socket timeout to 30000
2021-06-06T09:17:08.416-0500 [DEBUG] [org.apache.http.impl.execchain.MainClientExec] Executing request GET /maven2/org/ow2/asm/asm-util/7.0/asm-util-7.0.pom HTTP/1.1
2021-06-06T09:17:08.416-0500 [DEBUG] [org.apache.http.impl.execchain.MainClientExec] Target auth state: UNCHALLENGED
2021-06-06T09:17:08.416-0500 [DEBUG] [org.apache.http.impl.execchain.MainClientExec] Proxy auth state: UNCHALLENGED
2021-06-06T09:17:08.415-0500 [DEBUG] [org.apache.http.client.protocol.RequestAuthCache] Auth cache not set in the context
2021-06-06T09:17:08.417-0500 [DEBUG] [org.apache.http.impl.conn.PoolingHttpClientConnectionManager] Connection request: [route: {s}->https://dl.google.com:443][total kept alive: 6; route allocated: 8 of 20; total allocated: 8 of 20]
2021-06-06T09:17:08.417-0500 [DEBUG] [org.apache.http.impl.conn.PoolingHttpClientConnectionManager] Connection leased: [id: 5][route: {s}->https://dl.google.com:443][total kept alive: 5; route allocated: 8 of 20; total allocated: 8 of 20]
2021-06-06T09:17:08.417-0500 [DEBUG] [org.apache.http.impl.conn.DefaultManagedHttpClientConnection] http-outgoing-5: set socket timeout to 30000
2021-06-06T09:17:08.417-0500 [DEBUG] [org.apache.http.impl.conn.DefaultManagedHttpClientConnection] http-outgoing-5: set socket timeout to 30000
2021-06-06T09:17:08.417-0500 [DEBUG] [org.apache.http.impl.execchain.MainClientExec] Executing request GET /dl/android/maven2/com/android/tools/build/jetifier/jetifier-core/1.0.0-beta09/jetifier-core-1.0.0-beta09.pom HTTP/1.1
2021-06-06T09:17:08.417-0500 [DEBUG] [org.apache.http.impl.execchain.MainClientExec] Target auth state: UNCHALLENGED
2021-06-06T09:17:08.417-0500 [DEBUG] [org.apache.http.impl.execchain.MainClientExec] Proxy auth state: UNCHALLENGED
2021-06-06T09:17:08.418-0500 [DEBUG] [org.gradle.api.internal.artifacts.repositories.resolver.DefaultExternalResourceArtifactResolver] Loading https://repo.maven.apache.org/maven2/org/ow2/asm/asm-commons/7.0/asm-commons-7.0.pom
2021-06-06T09:17:08.418-0500 [DEBUG] [org.gradle.internal.resource.transfer.DefaultCacheAwareExternalResourceAccessor] Constructing external resource: https://repo.maven.apache.org/maven2/org/ow2/asm/asm-commons/7.0/asm-commons-7.0.pom
2021-06-06T09:17:08.418-0500 [DEBUG] [org.gradle.api.internal.artifacts.repositories.resolver.DefaultExternalResourceArtifactResolver] Loading https://dl.google.com/dl/android/maven2/com/android/tools/build/bundletool/1.1.0/bundletool-1.1.0.pom
2021-06-06T09:17:08.418-0500 [DEBUG] [org.gradle.internal.resource.transfer.DefaultCacheAwareExternalResourceAccessor] Constructing external resource: https://dl.google.com/dl/android/maven2/com/android/tools/build/bundletool/1.1.0/bundletool-1.1.0.pom
2021-06-06T09:17:08.420-0500 [DEBUG] [org.gradle.api.internal.artifacts.repositories.resolver.DefaultExternalResourceArtifactResolver] Loading https://repo.maven.apache.org/maven2/net/sf/proguard/proguard-gradle/6.0.3/proguard-gradle-6.0.3.pom
2021-06-06T09:17:08.421-0500 [DEBUG] [org.gradle.internal.resource.transfer.DefaultCacheAwareExternalResourceAccessor] Constructing external resource: https://repo.maven.apache.org/maven2/net/sf/proguard/proguard-gradle/6.0.3/proguard-gradle-6.0.3.pom
2021-06-06T09:17:08.421-0500 [DEBUG] [org.gradle.internal.resource.transport.http.HttpResourceAccessor] Constructing external resource: https://dl.google.com/dl/android/maven2/com/android/tools/build/bundletool/1.1.0/bundletool-1.1.0.pom
2021-06-06T09:17:08.423-0500 [DEBUG] [org.gradle.internal.resource.transport.http.HttpResourceAccessor] Constructing external resource: https://repo.maven.apache.org/maven2/net/sf/proguard/proguard-gradle/6.0.3/proguard-gradle-6.0.3.pom
2021-06-06T09:17:08.423-0500 [DEBUG] [org.gradle.internal.resource.transport.http.HttpResourceAccessor] Constructing external resource metadata: https://repo.maven.apache.org/maven2/org/ow2/asm/asm-commons/7.0/asm-commons-7.0.pom
2021-06-06T09:17:08.424-0500 [DEBUG] [org.gradle.internal.resource.transport.http.HttpClientHelper] Performing HTTP GET: https://dl.google.com/dl/android/maven2/com/android/tools/build/bundletool/1.1.0/bundletool-1.1.0.pom
2021-06-06T09:17:08.424-0500 [DEBUG] [org.gradle.internal.resource.transport.http.HttpResourceAccessor] Constructing external resource metadata: https://repo.maven.apache.org/maven2/org/ow2/asm/asm-analysis/7.0/asm-analysis-7.0.pom
2021-06-06T09:17:08.424-0500 [DEBUG] [org.gradle.internal.resource.transport.http.HttpClientHelper] Performing HTTP HEAD: https://repo.maven.apache.org/maven2/org/ow2/asm/asm-analysis/7.0/asm-analysis-7.0.pom
2021-06-06T09:17:08.424-0500 [DEBUG] [org.apache.http.client.protocol.RequestAddCookies] CookieSpec selected: default
2021-06-06T09:17:08.425-0500 [DEBUG] [org.apache.http.client.protocol.RequestAuthCache] Auth cache not set in the context
2021-06-06T09:17:08.425-0500 [DEBUG] [org.apache.http.impl.conn.PoolingHttpClientConnectionManager] Connection request: [route: {s}->https://repo.maven.apache.org:443][total kept alive: 0; route allocated: 1 of 20; total allocated: 1 of 20]
2021-06-06T09:17:08.425-0500 [DEBUG] [org.apache.http.impl.conn.PoolingHttpClientConnectionManager] Connection leased: [id: 9][route: {s}->https://repo.maven.apache.org:443][total kept alive: 0; route allocated: 2 of 20; total allocated: 2 of 20]
2021-06-06T09:17:08.425-0500 [DEBUG] [org.apache.http.client.protocol.RequestAddCookies] CookieSpec selected: default
2021-06-06T09:17:08.424-0500 [DEBUG] [org.gradle.internal.resource.transport.http.HttpClientHelper] Performing HTTP HEAD: https://repo.maven.apache.org/maven2/org/ow2/asm/asm-commons/7.0/asm-commons-7.0.pom
2021-06-06T09:17:08.426-0500 [DEBUG] [org.apache.http.impl.execchain.MainClientExec] Connection can be kept alive indefinitely
2021-06-06T09:17:08.426-0500 [DEBUG] [org.apache.http.client.protocol.RequestAddCookies] CookieSpec selected: default
2021-06-06T09:17:08.423-0500 [DEBUG] [org.gradle.internal.resource.transport.http.HttpClientHelper] Performing HTTP GET: https://repo.maven.apache.org/maven2/net/sf/proguard/proguard-gradle/6.0.3/proguard-gradle-6.0.3.pom
2021-06-06T09:17:08.427-0500 [DEBUG] [org.apache.http.client.protocol.RequestAddCookies] CookieSpec selected: default
2021-06-06T09:17:08.427-0500 [DEBUG] [org.apache.http.client.protocol.RequestAuthCache] Auth cache not set in the context
2021-06-06T09:17:08.427-0500 [DEBUG] [org.apache.http.impl.conn.PoolingHttpClientConnectionManager] Connection request: [route: {s}->https://repo.maven.apache.org:443][total kept alive: 0; route allocated: 2 of 20; total allocated: 2 of 20]
2021-06-06T09:17:08.427-0500 [DEBUG] [org.apache.http.impl.conn.PoolingHttpClientConnectionManager] Connection leased: [id: 10][route: {s}->https://repo.maven.apache.org:443][total kept alive: 0; route allocated: 3 of 20; total allocated: 3 of 20]
2021-06-06T09:17:08.427-0500 [DEBUG] [org.apache.http.impl.execchain.MainClientExec] Opening connection {s}->https://repo.maven.apache.org:443
2021-06-06T09:17:08.428-0500 [DEBUG] [org.apache.http.impl.conn.DefaultHttpClientConnectionOperator] Connecting to repo.maven.apache.org/199.232.76.215:443
2021-06-06T09:17:08.428-0500 [DEBUG] [org.apache.http.conn.ssl.SSLConnectionSocketFactory] Connecting socket to repo.maven.apache.org/199.232.76.215:443 with timeout 30000
2021-06-06T09:17:08.428-0500 [DEBUG] [org.apache.http.impl.execchain.MainClientExec] Connection can be kept alive indefinitely
2021-06-06T09:17:08.429-0500 [DEBUG] [org.apache.http.impl.conn.PoolingHttpClientConnectionManager] Connection [id: 8][route: {s}->https://dl.google.com:443] can be kept alive indefinitely
2021-06-06T09:17:08.429-0500 [DEBUG] [org.apache.http.impl.conn.DefaultManagedHttpClientConnection] http-outgoing-8: set socket timeout to 0
2021-06-06T09:17:08.429-0500 [DEBUG] [org.apache.http.impl.conn.PoolingHttpClientConnectionManager] Connection released: [id: 8][route: {s}->https://dl.google.com:443][total kept alive: 6; route allocated: 8 of 20; total allocated: 8 of 20]
2021-06-06T09:17:08.430-0500 [INFO] [org.gradle.internal.resource.transport.http.HttpClientHelper] Resource missing. [HTTP GET: https://dl.google.com/dl/android/maven2/net/sf/jopt-simple/jopt-simple/4.9/jopt-simple-4.9.pom]
2021-06-06T09:17:08.430-0500 [DEBUG] [org.gradle.internal.operations.DefaultBuildOperationRunner] Build operation 'Download https://dl.google.com/dl/android/maven2/net/sf/jopt-simple/jopt-simple/4.9/jopt-simple-4.9.pom' completed
2021-06-06T09:17:08.430-0500 [DEBUG] [org.gradle.api.internal.artifacts.repositories.resolver.ExternalResourceResolver] No meta-data file or artifact found for module 'net.sf.jopt-simple:jopt-simple:4.9' in repository 'Google'.
2021-06-06T09:17:08.430-0500 [DEBUG] [org.gradle.api.internal.artifacts.ivyservice.modulecache.PersistentModuleMetadataCache] Recording absence of module descriptor in cache: net.sf.jopt-simple:jopt-simple:4.9 [changing = false]
2021-06-06T09:17:08.431-0500 [DEBUG] [org.gradle.api.internal.artifacts.repositories.resolver.DefaultExternalResourceArtifactResolver] Loading https://repo.maven.apache.org/maven2/net/sf/jopt-simple/jopt-simple/4.9/jopt-simple-4.9.pom
2021-06-06T09:17:08.431-0500 [DEBUG] [org.gradle.internal.resource.transfer.DefaultCacheAwareExternalResourceAccessor] Constructing external resource: https://repo.maven.apache.org/maven2/net/sf/jopt-simple/jopt-simple/4.9/jopt-simple-4.9.pom
2021-06-06T09:17:08.426-0500 [DEBUG] [org.apache.http.client.protocol.RequestAuthCache] Auth cache not set in the context
2021-06-06T09:17:08.432-0500 [DEBUG] [org.apache.http.impl.conn.PoolingHttpClientConnectionManager] Connection request: [route: {s}->https://repo.maven.apache.org:443][total kept alive: 0; route allocated: 3 of 20; total allocated: 3 of 20]
2021-06-06T09:17:08.432-0500 [DEBUG] [org.apache.http.impl.conn.PoolingHttpClientConnectionManager] Connection leased: [id: 11][route: {s}->https://repo.maven.apache.org:443][total kept alive: 0; route allocated: 4 of 20; total allocated: 4 of 20]
2021-06-06T09:17:08.432-0500 [DEBUG] [org.apache.http.impl.execchain.MainClientExec] Opening connection {s}->https://repo.maven.apache.org:443
2021-06-06T09:17:08.432-0500 [DEBUG] [org.apache.http.impl.conn.DefaultHttpClientConnectionOperator] Connecting to repo.maven.apache.org/199.232.76.215:443
2021-06-06T09:17:08.433-0500 [DEBUG] [org.apache.http.conn.ssl.SSLConnectionSocketFactory] Connecting socket to repo.maven.apache.org/199.232.76.215:443 with timeout 30000
2021-06-06T09:17:08.426-0500 [DEBUG] [org.apache.http.impl.conn.PoolingHttpClientConnectionManager] Connection [id: 3][route: {s}->https://dl.google.com:443] can be kept alive indefinitely
2021-06-06T09:17:08.435-0500 [DEBUG] [org.apache.http.impl.conn.DefaultManagedHttpClientConnection] http-outgoing-3: set socket timeout to 0
2021-06-06T09:17:08.435-0500 [DEBUG] [org.apache.http.impl.conn.PoolingHttpClientConnectionManager] Connection released: [id: 3][route: {s}->https://dl.google.com:443][total kept alive: 7; route allocated: 8 of 20; total allocated: 8 of 20]
2021-06-06T09:17:08.435-0500 [INFO] [org.gradle.internal.resource.transport.http.HttpClientHelper] Resource missing. [HTTP HEAD: https://dl.google.com/dl/android/maven2/org/ow2/asm/asm/7.0/asm-7.0.pom]
2021-06-06T09:17:08.435-0500 [DEBUG] [org.gradle.internal.operations.DefaultBuildOperationRunner] Build operation 'Metadata of https://dl.google.com/dl/android/maven2/org/ow2/asm/asm/7.0/asm-7.0.pom' completed
2021-06-06T09:17:08.435-0500 [DEBUG] [org.gradle.api.internal.artifacts.repositories.resolver.ExternalResourceResolver] No meta-data file or artifact found for module 'org.ow2.asm:asm:7.0' in repository 'Google'.
2021-06-06T09:17:08.436-0500 [DEBUG] [org.gradle.api.internal.artifacts.ivyservice.modulecache.PersistentModuleMetadataCache] Recording absence of module descriptor in cache: org.ow2.asm:asm:7.0 [changing = false]
2021-06-06T09:17:08.436-0500 [DEBUG] [org.gradle.api.internal.artifacts.repositories.resolver.DefaultExternalResourceArtifactResolver] Loading https://repo.maven.apache.org/maven2/org/ow2/asm/asm/7.0/asm-7.0.pom
2021-06-06T09:17:08.437-0500 [DEBUG] [org.gradle.internal.resource.transfer.DefaultCacheAwareExternalResourceAccessor] Constructing external resource: https://repo.maven.apache.org/maven2/org/ow2/asm/asm/7.0/asm-7.0.pom
2021-06-06T09:17:08.425-0500 [DEBUG] [org.apache.http.client.protocol.RequestAuthCache] Auth cache not set in the context
2021-06-06T09:17:08.438-0500 [DEBUG] [org.apache.http.impl.conn.PoolingHttpClientConnectionManager] Connection request: [route: {s}->https://dl.google.com:443][total kept alive: 7; route allocated: 8 of 20; total allocated: 8 of 20]
2021-06-06T09:17:08.438-0500 [DEBUG] [org.apache.http.impl.conn.PoolingHttpClientConnectionManager] Connection leased: [id: 3][route: {s}->https://dl.google.com:443][total kept alive: 6; route allocated: 8 of 20; total allocated: 8 of 20]
2021-06-06T09:17:08.438-0500 [DEBUG] [org.apache.http.impl.conn.DefaultManagedHttpClientConnection] http-outgoing-3: set socket timeout to 30000
2021-06-06T09:17:08.438-0500 [DEBUG] [org.apache.http.impl.conn.DefaultManagedHttpClientConnection] http-outgoing-3: set socket timeout to 30000
2021-06-06T09:17:08.438-0500 [DEBUG] [org.apache.http.impl.execchain.MainClientExec] Executing request GET /dl/android/maven2/com/android/tools/build/bundletool/1.1.0/bundletool-1.1.0.pom HTTP/1.1
2021-06-06T09:17:08.438-0500 [DEBUG] [org.apache.http.impl.execchain.MainClientExec] Target auth state: UNCHALLENGED
2021-06-06T09:17:08.438-0500 [DEBUG] [org.apache.http.impl.execchain.MainClientExec] Proxy auth state: UNCHALLENGED
2021-06-06T09:17:08.425-0500 [DEBUG] [org.apache.http.impl.execchain.MainClientExec] Opening connection {s}->https://repo.maven.apache.org:443
2021-06-06T09:17:08.439-0500 [DEBUG] [org.gradle.internal.resource.transport.http.HttpResourceAccessor] Constructing external resource metadata: https://repo.maven.apache.org/maven2/org/ow2/asm/asm/7.0/asm-7.0.pom
2021-06-06T09:17:08.439-0500 [DEBUG] [org.apache.http.impl.conn.DefaultHttpClientConnectionOperator] Connecting to repo.maven.apache.org/199.232.76.215:443
2021-06-06T09:17:08.439-0500 [DEBUG] [org.apache.http.conn.ssl.SSLConnectionSocketFactory] Connecting socket to repo.maven.apache.org/199.232.76.215:443 with timeout 30000
2021-06-06T09:17:08.439-0500 [DEBUG] [org.gradle.internal.resource.transport.http.HttpClientHelper] Performing HTTP HEAD: https://repo.maven.apache.org/maven2/org/ow2/asm/asm/7.0/asm-7.0.pom
2021-06-06T09:17:08.440-0500 [DEBUG] [org.gradle.internal.resource.transport.http.HttpResourceAccessor] Constructing external resource: https://repo.maven.apache.org/maven2/net/sf/jopt-simple/jopt-simple/4.9/jopt-simple-4.9.pom
2021-06-06T09:17:08.440-0500 [DEBUG] [org.apache.http.client.protocol.RequestAddCookies] CookieSpec selected: default
2021-06-06T09:17:08.441-0500 [DEBUG] [org.apache.http.client.protocol.RequestAuthCache] Auth cache not set in the context
2021-06-06T09:17:08.441-0500 [DEBUG] [org.apache.http.impl.conn.PoolingHttpClientConnectionManager] Connection request: [route: {s}->https://repo.maven.apache.org:443][total kept alive: 0; route allocated: 4 of 20; total allocated: 4 of 20]
2021-06-06T09:17:08.441-0500 [DEBUG] [org.apache.http.impl.conn.PoolingHttpClientConnectionManager] Connection leased: [id: 12][route: {s}->https://repo.maven.apache.org:443][total kept alive: 0; route allocated: 5 of 20; total allocated: 5 of 20]
2021-06-06T09:17:08.441-0500 [DEBUG] [org.apache.http.impl.execchain.MainClientExec] Opening connection {s}->https://repo.maven.apache.org:443
2021-06-06T09:17:08.442-0500 [DEBUG] [org.apache.http.impl.conn.DefaultHttpClientConnectionOperator] Connecting to repo.maven.apache.org/199.232.76.215:443
2021-06-06T09:17:08.442-0500 [DEBUG] [org.apache.http.conn.ssl.SSLConnectionSocketFactory] Connecting socket to repo.maven.apache.org/199.232.76.215:443 with timeout 30000
2021-06-06T09:17:08.440-0500 [DEBUG] [org.gradle.internal.resource.transport.http.HttpClientHelper] Performing HTTP GET: https://repo.maven.apache.org/maven2/net/sf/jopt-simple/jopt-simple/4.9/jopt-simple-4.9.pom
2021-06-06T09:17:08.442-0500 [DEBUG] [org.apache.http.impl.execchain.MainClientExec] Connection can be kept alive indefinitely
2021-06-06T09:17:08.443-0500 [DEBUG] [org.apache.http.client.protocol.RequestAddCookies] CookieSpec selected: default
2021-06-06T09:17:08.443-0500 [DEBUG] [org.apache.http.client.protocol.RequestAuthCache] Auth cache not set in the context
2021-06-06T09:17:08.443-0500 [DEBUG] [org.gradle.internal.resource.transport.http.HttpResponseResource] Attempting to download resource https://repo.maven.apache.org/maven2/org/ow2/asm/asm-util/7.0/asm-util-7.0.pom.
2021-06-06T09:17:08.443-0500 [DEBUG] [org.apache.http.impl.conn.PoolingHttpClientConnectionManager] Connection request: [route: {s}->https://repo.maven.apache.org:443][total kept alive: 0; route allocated: 5 of 20; total allocated: 5 of 20]
2021-06-06T09:17:08.443-0500 [DEBUG] [org.apache.http.impl.conn.PoolingHttpClientConnectionManager] Connection leased: [id: 13][route: {s}->https://repo.maven.apache.org:443][total kept alive: 0; route allocated: 6 of 20; total allocated: 6 of 20]
2021-06-06T09:17:08.444-0500 [DEBUG] [org.apache.http.impl.execchain.MainClientExec] Opening connection {s}->https://repo.maven.apache.org:443
2021-06-06T09:17:08.444-0500 [DEBUG] [org.apache.http.impl.conn.DefaultHttpClientConnectionOperator] Connecting to repo.maven.apache.org/199.232.76.215:443
2021-06-06T09:17:08.444-0500 [DEBUG] [org.apache.http.conn.ssl.SSLConnectionSocketFactory] Connecting socket to repo.maven.apache.org/199.232.76.215:443 with timeout 30000
2021-06-06T09:17:08.445-0500 [INFO] [org.gradle.internal.resource.transfer.DefaultCacheAwareExternalResourceAccessor] Downloading https://repo.maven.apache.org/maven2/org/ow2/asm/asm-util/7.0/asm-util-7.0.pom to C:\Users\gathi\AppData\Local\Temp\gradle_download14175064930757438615bin
2021-06-06T09:17:08.447-0500 [DEBUG] [org.apache.http.impl.conn.PoolingHttpClientConnectionManager] Connection [id: 2][route: {s}->https://repo.maven.apache.org:443] can be kept alive indefinitely
2021-06-06T09:17:08.448-0500 [DEBUG] [org.apache.http.impl.conn.DefaultManagedHttpClientConnection] http-outgoing-2: set socket timeout to 0
2021-06-06T09:17:08.448-0500 [DEBUG] [org.apache.http.impl.conn.PoolingHttpClientConnectionManager] Connection released: [id: 2][route: {s}->https://repo.maven.apache.org:443][total kept alive: 1; route allocated: 6 of 20; total allocated: 6 of 20]
2021-06-06T09:17:08.448-0500 [DEBUG] [org.gradle.internal.operations.DefaultBuildOperationRunner] Build operation 'Download https://repo.maven.apache.org/maven2/org/ow2/asm/asm-util/7.0/asm-util-7.0.pom' completed
2021-06-06T09:17:08.452-0500 [DEBUG] [org.apache.http.conn.ssl.SSLConnectionSocketFactory] Enabled protocols: [TLSv1.2, TLSv1.3]
2021-06-06T09:17:08.452-0500 [DEBUG] [org.apache.http.conn.ssl.SSLConnectionSocketFactory] Enabled cipher suites:[TLS_AES_256_GCM_SHA384, TLS_AES_128_GCM_SHA256, TLS_CHACHA20_POLY1305_SHA256, TLS_ECDHE_ECDSA_WITH_AES_256_GCM_SHA384, TLS_ECDHE_ECDSA_WITH_AES_128_GCM_SHA256, TLS_ECDHE_ECDSA_WITH_CHACHA20_POLY1305_SHA256, TLS_ECDHE_RSA_WITH_AES_256_GCM_SHA384, TLS_ECDHE_RSA_WITH_CHACHA20_POLY1305_SHA256, TLS_ECDHE_RSA_WITH_AES_128_GCM_SHA256, TLS_DHE_RSA_WITH_AES_256_GCM_SHA384, TLS_DHE_RSA_WITH_CHACHA20_POLY1305_SHA256, TLS_DHE_DSS_WITH_AES_256_GCM_SHA384, TLS_DHE_RSA_WITH_AES_128_GCM_SHA256, TLS_DHE_DSS_WITH_AES_128_GCM_SHA256, TLS_ECDHE_ECDSA_WITH_AES_256_CBC_SHA384, TLS_ECDHE_RSA_WITH_AES_256_CBC_SHA384, TLS_ECDHE_ECDSA_WITH_AES_128_CBC_SHA256, TLS_ECDHE_RSA_WITH_AES_128_CBC_SHA256, TLS_DHE_RSA_WITH_AES_256_CBC_SHA256, TLS_DHE_DSS_WITH_AES_256_CBC_SHA256, TLS_DHE_RSA_WITH_AES_128_CBC_SHA256, TLS_DHE_DSS_WITH_AES_128_CBC_SHA256, TLS_ECDH_ECDSA_WITH_AES_256_GCM_SHA384, TLS_ECDH_RSA_WITH_AES_256_GCM_SHA384, TLS_ECDH_ECDSA_WITH_AES_128_GCM_SHA256, TLS_ECDH_RSA_WITH_AES_128_GCM_SHA256, TLS_ECDH_ECDSA_WITH_AES_256_CBC_SHA384, TLS_ECDH_RSA_WITH_AES_256_CBC_SHA384, TLS_ECDH_ECDSA_WITH_AES_128_CBC_SHA256, TLS_ECDH_RSA_WITH_AES_128_CBC_SHA256, TLS_ECDHE_ECDSA_WITH_AES_256_CBC_SHA, TLS_ECDHE_RSA_WITH_AES_256_CBC_SHA, TLS_ECDHE_ECDSA_WITH_AES_128_CBC_SHA, TLS_ECDHE_RSA_WITH_AES_128_CBC_SHA, TLS_DHE_RSA_WITH_AES_256_CBC_SHA, TLS_DHE_DSS_WITH_AES_256_CBC_SHA, TLS_DHE_RSA_WITH_AES_128_CBC_SHA, TLS_DHE_DSS_WITH_AES_128_CBC_SHA, TLS_ECDH_ECDSA_WITH_AES_256_CBC_SHA, TLS_ECDH_RSA_WITH_AES_256_CBC_SHA, TLS_ECDH_ECDSA_WITH_AES_128_CBC_SHA, TLS_ECDH_RSA_WITH_AES_128_CBC_SHA, TLS_RSA_WITH_AES_256_GCM_SHA384, TLS_RSA_WITH_AES_128_GCM_SHA256, TLS_RSA_WITH_AES_256_CBC_SHA256, TLS_RSA_WITH_AES_128_CBC_SHA256, TLS_RSA_WITH_AES_256_CBC_SHA, TLS_RSA_WITH_AES_128_CBC_SHA, TLS_EMPTY_RENEGOTIATION_INFO_SCSV]
2021-06-06T09:17:08.452-0500 [DEBUG] [org.apache.http.conn.ssl.SSLConnectionSocketFactory] Starting handshake
2021-06-06T09:17:08.452-0500 [DEBUG] [org.apache.http.conn.ssl.SSLConnectionSocketFactory] Enabled protocols: [TLSv1.2, TLSv1.3]
2021-06-06T09:17:08.452-0500 [DEBUG] [org.apache.http.conn.ssl.SSLConnectionSocketFactory] Enabled cipher suites:[TLS_AES_256_GCM_SHA384, TLS_AES_128_GCM_SHA256, TLS_CHACHA20_POLY1305_SHA256, TLS_ECDHE_ECDSA_WITH_AES_256_GCM_SHA384, TLS_ECDHE_ECDSA_WITH_AES_128_GCM_SHA256, TLS_ECDHE_ECDSA_WITH_CHACHA20_POLY1305_SHA256, TLS_ECDHE_RSA_WITH_AES_256_GCM_SHA384, TLS_ECDHE_RSA_WITH_CHACHA20_POLY1305_SHA256, TLS_ECDHE_RSA_WITH_AES_128_GCM_SHA256, TLS_DHE_RSA_WITH_AES_256_GCM_SHA384, TLS_DHE_RSA_WITH_CHACHA20_POLY1305_SHA256, TLS_DHE_DSS_WITH_AES_256_GCM_SHA384, TLS_DHE_RSA_WITH_AES_128_GCM_SHA256, TLS_DHE_DSS_WITH_AES_128_GCM_SHA256, TLS_ECDHE_ECDSA_WITH_AES_256_CBC_SHA384, TLS_ECDHE_RSA_WITH_AES_256_CBC_SHA384, TLS_ECDHE_ECDSA_WITH_AES_128_CBC_SHA256, TLS_ECDHE_RSA_WITH_AES_128_CBC_SHA256, TLS_DHE_RSA_WITH_AES_256_CBC_SHA256, TLS_DHE_DSS_WITH_AES_256_CBC_SHA256, TLS_DHE_RSA_WITH_AES_128_CBC_SHA256, TLS_DHE_DSS_WITH_AES_128_CBC_SHA256, TLS_ECDH_ECDSA_WITH_AES_256_GCM_SHA384, TLS_ECDH_RSA_WITH_AES_256_GCM_SHA384, TLS_ECDH_ECDSA_WITH_AES_128_GCM_SHA256, TLS_ECDH_RSA_WITH_AES_128_GCM_SHA256, TLS_ECDH_ECDSA_WITH_AES_256_CBC_SHA384, TLS_ECDH_RSA_WITH_AES_256_CBC_SHA384, TLS_ECDH_ECDSA_WITH_AES_128_CBC_SHA256, TLS_ECDH_RSA_WITH_AES_128_CBC_SHA256, TLS_ECDHE_ECDSA_WITH_AES_256_CBC_SHA, TLS_ECDHE_RSA_WITH_AES_256_CBC_SHA, TLS_ECDHE_ECDSA_WITH_AES_128_CBC_SHA, TLS_ECDHE_RSA_WITH_AES_128_CBC_SHA, TLS_DHE_RSA_WITH_AES_256_CBC_SHA, TLS_DHE_DSS_WITH_AES_256_CBC_SHA, TLS_DHE_RSA_WITH_AES_128_CBC_SHA, TLS_DHE_DSS_WITH_AES_128_CBC_SHA, TLS_ECDH_ECDSA_WITH_AES_256_CBC_SHA, TLS_ECDH_RSA_WITH_AES_256_CBC_SHA, TLS_ECDH_ECDSA_WITH_AES_128_CBC_SHA, TLS_ECDH_RSA_WITH_AES_128_CBC_SHA, TLS_RSA_WITH_AES_256_GCM_SHA384, TLS_RSA_WITH_AES_128_GCM_SHA256, TLS_RSA_WITH_AES_256_CBC_SHA256, TLS_RSA_WITH_AES_128_CBC_SHA256, TLS_RSA_WITH_AES_256_CBC_SHA, TLS_RSA_WITH_AES_128_CBC_SHA, TLS_EMPTY_RENEGOTIATION_INFO_SCSV]
2021-06-06T09:17:08.453-0500 [DEBUG] [org.apache.http.conn.ssl.SSLConnectionSocketFactory] Starting handshake
2021-06-06T09:17:08.463-0500 [DEBUG] [org.apache.http.conn.ssl.SSLConnectionSocketFactory] Enabled protocols: [TLSv1.2, TLSv1.3]
2021-06-06T09:17:08.463-0500 [DEBUG] [org.apache.http.conn.ssl.SSLConnectionSocketFactory] Enabled cipher suites:[TLS_AES_256_GCM_SHA384, TLS_AES_128_GCM_SHA256, TLS_CHACHA20_POLY1305_SHA256, TLS_ECDHE_ECDSA_WITH_AES_256_GCM_SHA384, TLS_ECDHE_ECDSA_WITH_AES_128_GCM_SHA256, TLS_ECDHE_ECDSA_WITH_CHACHA20_POLY1305_SHA256, TLS_ECDHE_RSA_WITH_AES_256_GCM_SHA384, TLS_ECDHE_RSA_WITH_CHACHA20_POLY1305_SHA256, TLS_ECDHE_RSA_WITH_AES_128_GCM_SHA256, TLS_DHE_RSA_WITH_AES_256_GCM_SHA384, TLS_DHE_RSA_WITH_CHACHA20_POLY1305_SHA256, TLS_DHE_DSS_WITH_AES_256_GCM_SHA384, TLS_DHE_RSA_WITH_AES_128_GCM_SHA256, TLS_DHE_DSS_WITH_AES_128_GCM_SHA256, TLS_ECDHE_ECDSA_WITH_AES_256_CBC_SHA384, TLS_ECDHE_RSA_WITH_AES_256_CBC_SHA384, TLS_ECDHE_ECDSA_WITH_AES_128_CBC_SHA256, TLS_ECDHE_RSA_WITH_AES_128_CBC_SHA256, TLS_DHE_RSA_WITH_AES_256_CBC_SHA256, TLS_DHE_DSS_WITH_AES_256_CBC_SHA256, TLS_DHE_RSA_WITH_AES_128_CBC_SHA256, TLS_DHE_DSS_WITH_AES_128_CBC_SHA256, TLS_ECDH_ECDSA_WITH_AES_256_GCM_SHA384, TLS_ECDH_RSA_WITH_AES_256_GCM_SHA384, TLS_ECDH_ECDSA_WITH_AES_128_GCM_SHA256, TLS_ECDH_RSA_WITH_AES_128_GCM_SHA256, TLS_ECDH_ECDSA_WITH_AES_256_CBC_SHA384, TLS_ECDH_RSA_WITH_AES_256_CBC_SHA384, TLS_ECDH_ECDSA_WITH_AES_128_CBC_SHA256, TLS_ECDH_RSA_WITH_AES_128_CBC_SHA256, TLS_ECDHE_ECDSA_WITH_AES_256_CBC_SHA, TLS_ECDHE_RSA_WITH_AES_256_CBC_SHA, TLS_ECDHE_ECDSA_WITH_AES_128_CBC_SHA, TLS_ECDHE_RSA_WITH_AES_128_CBC_SHA, TLS_DHE_RSA_WITH_AES_256_CBC_SHA, TLS_DHE_DSS_WITH_AES_256_CBC_SHA, TLS_DHE_RSA_WITH_AES_128_CBC_SHA, TLS_DHE_DSS_WITH_AES_128_CBC_SHA, TLS_ECDH_ECDSA_WITH_AES_256_CBC_SHA, TLS_ECDH_RSA_WITH_AES_256_CBC_SHA, TLS_ECDH_ECDSA_WITH_AES_128_CBC_SHA, TLS_ECDH_RSA_WITH_AES_128_CBC_SHA, TLS_RSA_WITH_AES_256_GCM_SHA384, TLS_RSA_WITH_AES_128_GCM_SHA256, TLS_RSA_WITH_AES_256_CBC_SHA256, TLS_RSA_WITH_AES_128_CBC_SHA256, TLS_RSA_WITH_AES_256_CBC_SHA, TLS_RSA_WITH_AES_128_CBC_SHA, TLS_EMPTY_RENEGOTIATION_INFO_SCSV]
2021-06-06T09:17:08.463-0500 [DEBUG] [org.apache.http.conn.ssl.SSLConnectionSocketFactory] Starting handshake
2021-06-06T09:17:08.463-0500 [DEBUG] [org.apache.http.conn.ssl.SSLConnectionSocketFactory] Enabled protocols: [TLSv1.2, TLSv1.3]
2021-06-06T09:17:08.464-0500 [DEBUG] [org.apache.http.conn.ssl.SSLConnectionSocketFactory] Enabled cipher suites:[TLS_AES_256_GCM_SHA384, TLS_AES_128_GCM_SHA256, TLS_CHACHA20_POLY1305_SHA256, TLS_ECDHE_ECDSA_WITH_AES_256_GCM_SHA384, TLS_ECDHE_ECDSA_WITH_AES_128_GCM_SHA256, TLS_ECDHE_ECDSA_WITH_CHACHA20_POLY1305_SHA256, TLS_ECDHE_RSA_WITH_AES_256_GCM_SHA384, TLS_ECDHE_RSA_WITH_CHACHA20_POLY1305_SHA256, TLS_ECDHE_RSA_WITH_AES_128_GCM_SHA256, TLS_DHE_RSA_WITH_AES_256_GCM_SHA384, TLS_DHE_RSA_WITH_CHACHA20_POLY1305_SHA256, TLS_DHE_DSS_WITH_AES_256_GCM_SHA384, TLS_DHE_RSA_WITH_AES_128_GCM_SHA256, TLS_DHE_DSS_WITH_AES_128_GCM_SHA256, TLS_ECDHE_ECDSA_WITH_AES_256_CBC_SHA384, TLS_ECDHE_RSA_WITH_AES_256_CBC_SHA384, TLS_ECDHE_ECDSA_WITH_AES_128_CBC_SHA256, TLS_ECDHE_RSA_WITH_AES_128_CBC_SHA256, TLS_DHE_RSA_WITH_AES_256_CBC_SHA256, TLS_DHE_DSS_WITH_AES_256_CBC_SHA256, TLS_DHE_RSA_WITH_AES_128_CBC_SHA256, TLS_DHE_DSS_WITH_AES_128_CBC_SHA256, TLS_ECDH_ECDSA_WITH_AES_256_GCM_SHA384, TLS_ECDH_RSA_WITH_AES_256_GCM_SHA384, TLS_ECDH_ECDSA_WITH_AES_128_GCM_SHA256, TLS_ECDH_RSA_WITH_AES_128_GCM_SHA256, TLS_ECDH_ECDSA_WITH_AES_256_CBC_SHA384, TLS_ECDH_RSA_WITH_AES_256_CBC_SHA384, TLS_ECDH_ECDSA_WITH_AES_128_CBC_SHA256, TLS_ECDH_RSA_WITH_AES_128_CBC_SHA256, TLS_ECDHE_ECDSA_WITH_AES_256_CBC_SHA, TLS_ECDHE_RSA_WITH_AES_256_CBC_SHA, TLS_ECDHE_ECDSA_WITH_AES_128_CBC_SHA, TLS_ECDHE_RSA_WITH_AES_128_CBC_SHA, TLS_DHE_RSA_WITH_AES_256_CBC_SHA, TLS_DHE_DSS_WITH_AES_256_CBC_SHA, TLS_DHE_RSA_WITH_AES_128_CBC_SHA, TLS_DHE_DSS_WITH_AES_128_CBC_SHA, TLS_ECDH_ECDSA_WITH_AES_256_CBC_SHA, TLS_ECDH_RSA_WITH_AES_256_CBC_SHA, TLS_ECDH_ECDSA_WITH_AES_128_CBC_SHA, TLS_ECDH_RSA_WITH_AES_128_CBC_SHA, TLS_RSA_WITH_AES_256_GCM_SHA384, TLS_RSA_WITH_AES_128_GCM_SHA256, TLS_RSA_WITH_AES_256_CBC_SHA256, TLS_RSA_WITH_AES_128_CBC_SHA256, TLS_RSA_WITH_AES_256_CBC_SHA, TLS_RSA_WITH_AES_128_CBC_SHA, TLS_EMPTY_RENEGOTIATION_INFO_SCSV]
2021-06-06T09:17:08.464-0500 [DEBUG] [org.apache.http.conn.ssl.SSLConnectionSocketFactory] Starting handshake
2021-06-06T09:17:08.481-0500 [DEBUG] [org.apache.http.conn.ssl.SSLConnectionSocketFactory] Enabled protocols: [TLSv1.2, TLSv1.3]
2021-06-06T09:17:08.481-0500 [DEBUG] [org.apache.http.conn.ssl.SSLConnectionSocketFactory] Enabled cipher suites:[TLS_AES_256_GCM_SHA384, TLS_AES_128_GCM_SHA256, TLS_CHACHA20_POLY1305_SHA256, TLS_ECDHE_ECDSA_WITH_AES_256_GCM_SHA384, TLS_ECDHE_ECDSA_WITH_AES_128_GCM_SHA256, TLS_ECDHE_ECDSA_WITH_CHACHA20_POLY1305_SHA256, TLS_ECDHE_RSA_WITH_AES_256_GCM_SHA384, TLS_ECDHE_RSA_WITH_CHACHA20_POLY1305_SHA256, TLS_ECDHE_RSA_WITH_AES_128_GCM_SHA256, TLS_DHE_RSA_WITH_AES_256_GCM_SHA384, TLS_DHE_RSA_WITH_CHACHA20_POLY1305_SHA256, TLS_DHE_DSS_WITH_AES_256_GCM_SHA384, TLS_DHE_RSA_WITH_AES_128_GCM_SHA256, TLS_DHE_DSS_WITH_AES_128_GCM_SHA256, TLS_ECDHE_ECDSA_WITH_AES_256_CBC_SHA384, TLS_ECDHE_RSA_WITH_AES_256_CBC_SHA384, TLS_ECDHE_ECDSA_WITH_AES_128_CBC_SHA256, TLS_ECDHE_RSA_WITH_AES_128_CBC_SHA256, TLS_DHE_RSA_WITH_AES_256_CBC_SHA256, TLS_DHE_DSS_WITH_AES_256_CBC_SHA256, TLS_DHE_RSA_WITH_AES_128_CBC_SHA256, TLS_DHE_DSS_WITH_AES_128_CBC_SHA256, TLS_ECDH_ECDSA_WITH_AES_256_GCM_SHA384, TLS_ECDH_RSA_WITH_AES_256_GCM_SHA384, TLS_ECDH_ECDSA_WITH_AES_128_GCM_SHA256, TLS_ECDH_RSA_WITH_AES_128_GCM_SHA256, TLS_ECDH_ECDSA_WITH_AES_256_CBC_SHA384, TLS_ECDH_RSA_WITH_AES_256_CBC_SHA384, TLS_ECDH_ECDSA_WITH_AES_128_CBC_SHA256, TLS_ECDH_RSA_WITH_AES_128_CBC_SHA256, TLS_ECDHE_ECDSA_WITH_AES_256_CBC_SHA, TLS_ECDHE_RSA_WITH_AES_256_CBC_SHA, TLS_ECDHE_ECDSA_WITH_AES_128_CBC_SHA, TLS_ECDHE_RSA_WITH_AES_128_CBC_SHA, TLS_DHE_RSA_WITH_AES_256_CBC_SHA, TLS_DHE_DSS_WITH_AES_256_CBC_SHA, TLS_DHE_RSA_WITH_AES_128_CBC_SHA, TLS_DHE_DSS_WITH_AES_128_CBC_SHA, TLS_ECDH_ECDSA_WITH_AES_256_CBC_SHA, TLS_ECDH_RSA_WITH_AES_256_CBC_SHA, TLS_ECDH_ECDSA_WITH_AES_128_CBC_SHA, TLS_ECDH_RSA_WITH_AES_128_CBC_SHA, TLS_RSA_WITH_AES_256_GCM_SHA384, TLS_RSA_WITH_AES_128_GCM_SHA256, TLS_RSA_WITH_AES_256_CBC_SHA256, TLS_RSA_WITH_AES_128_CBC_SHA256, TLS_RSA_WITH_AES_256_CBC_SHA, TLS_RSA_WITH_AES_128_CBC_SHA, TLS_EMPTY_RENEGOTIATION_INFO_SCSV]
2021-06-06T09:17:08.482-0500 [DEBUG] [org.apache.http.conn.ssl.SSLConnectionSocketFactory] Starting handshake
2021-06-06T09:17:08.505-0500 [DEBUG] [org.apache.http.conn.ssl.SSLConnectionSocketFactory] Secure session established
2021-06-06T09:17:08.505-0500 [DEBUG] [org.apache.http.conn.ssl.SSLConnectionSocketFactory]  negotiated protocol: TLSv1.2
2021-06-06T09:17:08.505-0500 [DEBUG] [org.apache.http.conn.ssl.SSLConnectionSocketFactory]  negotiated cipher suite: TLS_ECDHE_RSA_WITH_AES_128_GCM_SHA256
2021-06-06T09:17:08.505-0500 [DEBUG] [org.apache.http.conn.ssl.SSLConnectionSocketFactory]  peer principal: CN=repo.maven.apache.org, O="Sonatype, Inc", L=Fulton, ST=Maryland, C=US
2021-06-06T09:17:08.518-0500 [DEBUG] [org.apache.http.conn.ssl.SSLConnectionSocketFactory]  peer alternative names: [repo.maven.apache.org]
2021-06-06T09:17:08.518-0500 [DEBUG] [org.apache.http.conn.ssl.SSLConnectionSocketFactory]  issuer principal: CN=DigiCert SHA2 Secure Server CA, O=DigiCert Inc, C=US
2021-06-06T09:17:08.518-0500 [DEBUG] [org.apache.http.impl.execchain.MainClientExec] Connection can be kept alive indefinitely
2021-06-06T09:17:08.519-0500 [DEBUG] [org.gradle.internal.resource.transport.http.HttpResponseResource] Attempting to download resource https://dl.google.com/dl/android/maven2/com/android/tools/build/bundletool/1.1.0/bundletool-1.1.0.pom.
2021-06-06T09:17:08.520-0500 [DEBUG] [org.apache.http.conn.ssl.SSLConnectionSocketFactory] Secure session established
2021-06-06T09:17:08.520-0500 [DEBUG] [org.apache.http.conn.ssl.SSLConnectionSocketFactory]  negotiated protocol: TLSv1.2
2021-06-06T09:17:08.521-0500 [DEBUG] [org.apache.http.conn.ssl.SSLConnectionSocketFactory]  negotiated cipher suite: TLS_ECDHE_RSA_WITH_AES_128_GCM_SHA256
2021-06-06T09:17:08.521-0500 [DEBUG] [org.apache.http.conn.ssl.SSLConnectionSocketFactory]  peer principal: CN=repo.maven.apache.org, O="Sonatype, Inc", L=Fulton, ST=Maryland, C=US
2021-06-06T09:17:08.521-0500 [DEBUG] [org.apache.http.conn.ssl.SSLConnectionSocketFactory] Secure session established
2021-06-06T09:17:08.521-0500 [DEBUG] [org.apache.http.conn.ssl.SSLConnectionSocketFactory]  negotiated protocol: TLSv1.2
2021-06-06T09:17:08.521-0500 [DEBUG] [org.apache.http.conn.ssl.SSLConnectionSocketFactory]  negotiated cipher suite: TLS_ECDHE_RSA_WITH_AES_128_GCM_SHA256
2021-06-06T09:17:08.522-0500 [DEBUG] [org.apache.http.conn.ssl.SSLConnectionSocketFactory]  peer principal: CN=repo.maven.apache.org, O="Sonatype, Inc", L=Fulton, ST=Maryland, C=US
2021-06-06T09:17:08.522-0500 [INFO] [org.gradle.internal.resource.transfer.DefaultCacheAwareExternalResourceAccessor] Downloading https://dl.google.com/dl/android/maven2/com/android/tools/build/bundletool/1.1.0/bundletool-1.1.0.pom to C:\Users\gathi\AppData\Local\Temp\gradle_download4468669987461046248bin
2021-06-06T09:17:08.524-0500 [DEBUG] [org.apache.http.impl.conn.PoolingHttpClientConnectionManager] Connection [id: 3][route: {s}->https://dl.google.com:443] can be kept alive indefinitely
2021-06-06T09:17:08.524-0500 [DEBUG] [org.apache.http.impl.conn.DefaultManagedHttpClientConnection] http-outgoing-3: set socket timeout to 0
2021-06-06T09:17:08.524-0500 [DEBUG] [org.apache.http.impl.conn.PoolingHttpClientConnectionManager] Connection released: [id: 3][route: {s}->https://dl.google.com:443][total kept alive: 7; route allocated: 8 of 20; total allocated: 8 of 20]
2021-06-06T09:17:08.525-0500 [DEBUG] [org.gradle.internal.operations.DefaultBuildOperationRunner] Build operation 'Download https://dl.google.com/dl/android/maven2/com/android/tools/build/bundletool/1.1.0/bundletool-1.1.0.pom' completed
2021-06-06T09:17:08.533-0500 [DEBUG] [org.apache.http.impl.conn.DefaultHttpClientConnectionOperator] Connection established 192.168.120.211:56926<->199.232.76.215:443
2021-06-06T09:17:08.533-0500 [DEBUG] [org.apache.http.impl.conn.DefaultManagedHttpClientConnection] http-outgoing-11: set socket timeout to 30000
2021-06-06T09:17:08.533-0500 [DEBUG] [org.apache.http.impl.execchain.MainClientExec] Executing request HEAD /maven2/org/ow2/asm/asm-commons/7.0/asm-commons-7.0.pom HTTP/1.1
2021-06-06T09:17:08.533-0500 [DEBUG] [org.apache.http.impl.execchain.MainClientExec] Target auth state: UNCHALLENGED
2021-06-06T09:17:08.533-0500 [DEBUG] [org.apache.http.impl.execchain.MainClientExec] Proxy auth state: UNCHALLENGED
2021-06-06T09:17:08.535-0500 [DEBUG] [org.apache.http.conn.ssl.SSLConnectionSocketFactory] Secure session established
2021-06-06T09:17:08.535-0500 [DEBUG] [org.apache.http.conn.ssl.SSLConnectionSocketFactory]  negotiated protocol: TLSv1.2
2021-06-06T09:17:08.535-0500 [DEBUG] [org.apache.http.conn.ssl.SSLConnectionSocketFactory]  negotiated cipher suite: TLS_ECDHE_RSA_WITH_AES_128_GCM_SHA256
2021-06-06T09:17:08.535-0500 [DEBUG] [org.apache.http.conn.ssl.SSLConnectionSocketFactory]  peer principal: CN=repo.maven.apache.org, O="Sonatype, Inc", L=Fulton, ST=Maryland, C=US
2021-06-06T09:17:08.535-0500 [DEBUG] [org.apache.http.conn.ssl.SSLConnectionSocketFactory]  peer alternative names: [repo.maven.apache.org]
2021-06-06T09:17:08.535-0500 [DEBUG] [org.apache.http.conn.ssl.SSLConnectionSocketFactory]  issuer principal: CN=DigiCert SHA2 Secure Server CA, O=DigiCert Inc, C=US
2021-06-06T09:17:08.535-0500 [DEBUG] [org.apache.http.impl.conn.DefaultHttpClientConnectionOperator] Connection established 192.168.120.211:56928<->199.232.76.215:443
2021-06-06T09:17:08.536-0500 [DEBUG] [org.apache.http.impl.conn.DefaultManagedHttpClientConnection] http-outgoing-12: set socket timeout to 30000
2021-06-06T09:17:08.536-0500 [DEBUG] [org.apache.http.impl.execchain.MainClientExec] Executing request HEAD /maven2/org/ow2/asm/asm/7.0/asm-7.0.pom HTTP/1.1
2021-06-06T09:17:08.536-0500 [DEBUG] [org.apache.http.impl.execchain.MainClientExec] Target auth state: UNCHALLENGED
2021-06-06T09:17:08.536-0500 [DEBUG] [org.apache.http.impl.execchain.MainClientExec] Proxy auth state: UNCHALLENGED
2021-06-06T09:17:08.549-0500 [DEBUG] [org.apache.http.conn.ssl.SSLConnectionSocketFactory]  peer alternative names: [repo.maven.apache.org]
2021-06-06T09:17:08.549-0500 [DEBUG] [org.apache.http.conn.ssl.SSLConnectionSocketFactory]  issuer principal: CN=DigiCert SHA2 Secure Server CA, O=DigiCert Inc, C=US
2021-06-06T09:17:08.549-0500 [DEBUG] [org.apache.http.impl.conn.DefaultHttpClientConnectionOperator] Connection established 192.168.120.211:56927<->199.232.76.215:443
2021-06-06T09:17:08.549-0500 [DEBUG] [org.apache.http.impl.conn.DefaultManagedHttpClientConnection] http-outgoing-9: set socket timeout to 30000
2021-06-06T09:17:08.549-0500 [DEBUG] [org.apache.http.impl.execchain.MainClientExec] Executing request HEAD /maven2/org/ow2/asm/asm-analysis/7.0/asm-analysis-7.0.pom HTTP/1.1
2021-06-06T09:17:08.549-0500 [DEBUG] [org.apache.http.impl.execchain.MainClientExec] Target auth state: UNCHALLENGED
2021-06-06T09:17:08.549-0500 [DEBUG] [org.apache.http.impl.execchain.MainClientExec] Connection can be kept alive indefinitely
2021-06-06T09:17:08.550-0500 [DEBUG] [org.gradle.internal.resource.transport.http.HttpResponseResource] Attempting to download resource https://dl.google.com/dl/android/maven2/com/android/tools/build/jetifier/jetifier-core/1.0.0-beta09/jetifier-core-1.0.0-beta09.pom.
2021-06-06T09:17:08.552-0500 [INFO] [org.gradle.internal.resource.transfer.DefaultCacheAwareExternalResourceAccessor] Downloading https://dl.google.com/dl/android/maven2/com/android/tools/build/jetifier/jetifier-core/1.0.0-beta09/jetifier-core-1.0.0-beta09.pom to C:\Users\gathi\AppData\Local\Temp\gradle_download9822882854906293631bin
2021-06-06T09:17:08.553-0500 [DEBUG] [org.apache.http.impl.conn.PoolingHttpClientConnectionManager] Connection [id: 5][route: {s}->https://dl.google.com:443] can be kept alive indefinitely
2021-06-06T09:17:08.553-0500 [DEBUG] [org.apache.http.impl.conn.DefaultManagedHttpClientConnection] http-outgoing-5: set socket timeout to 0
2021-06-06T09:17:08.554-0500 [DEBUG] [org.apache.http.impl.conn.PoolingHttpClientConnectionManager] Connection released: [id: 5][route: {s}->https://dl.google.com:443][total kept alive: 8; route allocated: 8 of 20; total allocated: 8 of 20]
2021-06-06T09:17:08.554-0500 [DEBUG] [org.gradle.internal.operations.DefaultBuildOperationRunner] Build operation 'Download https://dl.google.com/dl/android/maven2/com/android/tools/build/jetifier/jetifier-core/1.0.0-beta09/jetifier-core-1.0.0-beta09.pom' completed
2021-06-06T09:17:08.558-0500 [DEBUG] [org.gradle.api.internal.artifacts.ivyservice.ivyresolve.RepositoryChainComponentMetaDataResolver] Attempting to resolve component for org.ow2:ow2:1.5 using repositories [Google, MavenRepo]
2021-06-06T09:17:08.549-0500 [DEBUG] [org.apache.http.impl.execchain.MainClientExec] Proxy auth state: UNCHALLENGED
2021-06-06T09:17:08.565-0500 [DEBUG] [org.apache.http.impl.execchain.MainClientExec] Connection can be kept alive indefinitely
2021-06-06T09:17:08.565-0500 [DEBUG] [org.apache.http.impl.conn.PoolingHttpClientConnectionManager] Connection [id: 12][route: {s}->https://repo.maven.apache.org:443] can be kept alive indefinitely
2021-06-06T09:17:08.565-0500 [DEBUG] [org.apache.http.impl.conn.DefaultManagedHttpClientConnection] http-outgoing-12: set socket timeout to 0
2021-06-06T09:17:08.565-0500 [DEBUG] [org.apache.http.impl.conn.PoolingHttpClientConnectionManager] Connection released: [id: 12][route: {s}->https://repo.maven.apache.org:443][total kept alive: 2; route allocated: 6 of 20; total allocated: 6 of 20]
2021-06-06T09:17:08.566-0500 [DEBUG] [org.apache.http.impl.execchain.MainClientExec] Connection can be kept alive indefinitely
2021-06-06T09:17:08.564-0500 [DEBUG] [org.gradle.api.internal.artifacts.repositories.resolver.ExternalResourceResolver] Metadata file found for module 'com.android.tools.build:bundletool:1.1.0' in repository 'Google'.
2021-06-06T09:17:08.563-0500 [DEBUG] [org.apache.http.conn.ssl.SSLConnectionSocketFactory]  peer alternative names: [repo.maven.apache.org]
2021-06-06T09:17:08.566-0500 [DEBUG] [org.gradle.api.internal.artifacts.ivyservice.modulecache.PersistentModuleMetadataCache] Recording module descriptor in cache: com.android.tools.build:bundletool:1.1.0 [changing = false]
2021-06-06T09:17:08.566-0500 [DEBUG] [org.apache.http.impl.conn.PoolingHttpClientConnectionManager] Connection [id: 11][route: {s}->https://repo.maven.apache.org:443] can be kept alive indefinitely
2021-06-06T09:17:08.567-0500 [DEBUG] [org.apache.http.impl.conn.DefaultManagedHttpClientConnection] http-outgoing-11: set socket timeout to 0
2021-06-06T09:17:08.567-0500 [DEBUG] [org.apache.http.impl.conn.PoolingHttpClientConnectionManager] Connection released: [id: 11][route: {s}->https://repo.maven.apache.org:443][total kept alive: 3; route allocated: 6 of 20; total allocated: 6 of 20]
2021-06-06T09:17:08.568-0500 [DEBUG] [org.gradle.internal.operations.DefaultBuildOperationRunner] Build operation 'Metadata of https://repo.maven.apache.org/maven2/org/ow2/asm/asm-commons/7.0/asm-commons-7.0.pom' completed
2021-06-06T09:17:08.566-0500 [DEBUG] [org.apache.http.conn.ssl.SSLConnectionSocketFactory]  issuer principal: CN=DigiCert SHA2 Secure Server CA, O=DigiCert Inc, C=US
2021-06-06T09:17:08.567-0500 [DEBUG] [org.gradle.internal.operations.DefaultBuildOperationRunner] Build operation 'Metadata of https://repo.maven.apache.org/maven2/org/ow2/asm/asm/7.0/asm-7.0.pom' completed
2021-06-06T09:17:08.568-0500 [DEBUG] [org.apache.http.impl.conn.DefaultHttpClientConnectionOperator] Connection established 192.168.120.211:56929<->199.232.76.215:443
2021-06-06T09:17:08.568-0500 [DEBUG] [org.apache.http.impl.conn.DefaultManagedHttpClientConnection] http-outgoing-13: set socket timeout to 30000
2021-06-06T09:17:08.569-0500 [DEBUG] [org.apache.http.impl.execchain.MainClientExec] Executing request GET /maven2/net/sf/jopt-simple/jopt-simple/4.9/jopt-simple-4.9.pom HTTP/1.1
2021-06-06T09:17:08.569-0500 [DEBUG] [org.apache.http.impl.execchain.MainClientExec] Target auth state: UNCHALLENGED
2021-06-06T09:17:08.569-0500 [DEBUG] [org.apache.http.impl.execchain.MainClientExec] Proxy auth state: UNCHALLENGED
2021-06-06T09:17:08.575-0500 [INFO] [org.gradle.internal.resource.transfer.DefaultCacheAwareExternalResourceAccessor] Found locally available resource with matching checksum: [https://repo.maven.apache.org/maven2/org/ow2/asm/asm-commons/7.0/asm-commons-7.0.pom, C:\Users\gathi\.m2\repository\org\ow2\asm\asm-commons\7.0\asm-commons-7.0.pom]
2021-06-06T09:17:08.581-0500 [DEBUG] [org.gradle.api.internal.artifacts.ivyservice.ivyresolve.RepositoryChainComponentMetaDataResolver] Using com.android.tools.build:bundletool:1.1.0 from Maven repository 'Google'
2021-06-06T09:17:08.582-0500 [DEBUG] [org.gradle.api.internal.artifacts.ivyservice.ivyresolve.RepositoryChainComponentMetaDataResolver] Attempting to resolve component for com.android.tools.build.jetifier:jetifier-processor:1.0.0-beta09 using repositories [Google, MavenRepo]
2021-06-06T09:17:08.582-0500 [DEBUG] [org.gradle.api.internal.artifacts.repositories.resolver.DefaultExternalResourceArtifactResolver] Loading https://dl.google.com/dl/android/maven2/com/android/tools/build/jetifier/jetifier-processor/1.0.0-beta09/jetifier-processor-1.0.0-beta09.pom
2021-06-06T09:17:08.582-0500 [DEBUG] [org.gradle.internal.resource.transfer.DefaultCacheAwareExternalResourceAccessor] Constructing external resource: https://dl.google.com/dl/android/maven2/com/android/tools/build/jetifier/jetifier-processor/1.0.0-beta09/jetifier-processor-1.0.0-beta09.pom
2021-06-06T09:17:08.584-0500 [DEBUG] [org.gradle.internal.resource.transport.http.HttpResourceAccessor] Constructing external resource: https://dl.google.com/dl/android/maven2/com/android/tools/build/jetifier/jetifier-processor/1.0.0-beta09/jetifier-processor-1.0.0-beta09.pom
2021-06-06T09:17:08.584-0500 [DEBUG] [org.apache.http.conn.ssl.SSLConnectionSocketFactory] Secure session established
2021-06-06T09:17:08.584-0500 [DEBUG] [org.apache.http.conn.ssl.SSLConnectionSocketFactory]  negotiated protocol: TLSv1.2
2021-06-06T09:17:08.585-0500 [DEBUG] [org.apache.http.conn.ssl.SSLConnectionSocketFactory]  negotiated cipher suite: TLS_ECDHE_RSA_WITH_AES_128_GCM_SHA256
2021-06-06T09:17:08.585-0500 [DEBUG] [org.apache.http.conn.ssl.SSLConnectionSocketFactory]  peer principal: CN=repo.maven.apache.org, O="Sonatype, Inc", L=Fulton, ST=Maryland, C=US
2021-06-06T09:17:08.585-0500 [DEBUG] [org.apache.http.conn.ssl.SSLConnectionSocketFactory]  peer alternative names: [repo.maven.apache.org]
2021-06-06T09:17:08.585-0500 [DEBUG] [org.apache.http.conn.ssl.SSLConnectionSocketFactory]  issuer principal: CN=DigiCert SHA2 Secure Server CA, O=DigiCert Inc, C=US
2021-06-06T09:17:08.585-0500 [DEBUG] [org.apache.http.impl.conn.DefaultHttpClientConnectionOperator] Connection established 192.168.120.211:56925<->199.232.76.215:443
2021-06-06T09:17:08.585-0500 [DEBUG] [org.apache.http.impl.conn.DefaultManagedHttpClientConnection] http-outgoing-10: set socket timeout to 30000
2021-06-06T09:17:08.585-0500 [DEBUG] [org.apache.http.impl.execchain.MainClientExec] Executing request GET /maven2/net/sf/proguard/proguard-gradle/6.0.3/proguard-gradle-6.0.3.pom HTTP/1.1
2021-06-06T09:17:08.586-0500 [DEBUG] [org.apache.http.impl.execchain.MainClientExec] Target auth state: UNCHALLENGED
2021-06-06T09:17:08.586-0500 [DEBUG] [org.apache.http.impl.execchain.MainClientExec] Proxy auth state: UNCHALLENGED
2021-06-06T09:17:08.586-0500 [DEBUG] [org.gradle.api.internal.artifacts.repositories.resolver.DefaultExternalResourceArtifactResolver] Loading https://dl.google.com/dl/android/maven2/org/ow2/ow2/1.5/ow2-1.5.pom
2021-06-06T09:17:08.587-0500 [DEBUG] [org.gradle.internal.resource.transfer.DefaultCacheAwareExternalResourceAccessor] Constructing external resource: https://dl.google.com/dl/android/maven2/org/ow2/ow2/1.5/ow2-1.5.pom
2021-06-06T09:17:08.588-0500 [INFO] [org.gradle.internal.resource.transfer.DefaultCacheAwareExternalResourceAccessor] Found locally available resource with matching checksum: [https://repo.maven.apache.org/maven2/org/ow2/asm/asm/7.0/asm-7.0.pom, C:\Users\gathi\.m2\repository\org\ow2\asm\asm\7.0\asm-7.0.pom]
2021-06-06T09:17:08.591-0500 [DEBUG] [org.gradle.internal.resource.transport.http.HttpClientHelper] Performing HTTP GET: https://dl.google.com/dl/android/maven2/com/android/tools/build/jetifier/jetifier-processor/1.0.0-beta09/jetifier-processor-1.0.0-beta09.pom
2021-06-06T09:17:08.591-0500 [DEBUG] [org.apache.http.client.protocol.RequestAddCookies] CookieSpec selected: default
2021-06-06T09:17:08.591-0500 [DEBUG] [org.apache.http.client.protocol.RequestAuthCache] Auth cache not set in the context
2021-06-06T09:17:08.592-0500 [DEBUG] [org.apache.http.impl.conn.PoolingHttpClientConnectionManager] Connection request: [route: {s}->https://dl.google.com:443][total kept alive: 8; route allocated: 8 of 20; total allocated: 8 of 20]
2021-06-06T09:17:08.592-0500 [DEBUG] [org.apache.http.impl.conn.PoolingHttpClientConnectionManager] Connection leased: [id: 5][route: {s}->https://dl.google.com:443][total kept alive: 7; route allocated: 8 of 20; total allocated: 8 of 20]
2021-06-06T09:17:08.592-0500 [DEBUG] [org.apache.http.impl.conn.DefaultManagedHttpClientConnection] http-outgoing-5: set socket timeout to 30000
2021-06-06T09:17:08.592-0500 [DEBUG] [org.apache.http.impl.conn.DefaultManagedHttpClientConnection] http-outgoing-5: set socket timeout to 30000
2021-06-06T09:17:08.593-0500 [DEBUG] [org.apache.http.impl.execchain.MainClientExec] Executing request GET /dl/android/maven2/com/android/tools/build/jetifier/jetifier-processor/1.0.0-beta09/jetifier-processor-1.0.0-beta09.pom HTTP/1.1
2021-06-06T09:17:08.593-0500 [DEBUG] [org.apache.http.impl.execchain.MainClientExec] Target auth state: UNCHALLENGED
2021-06-06T09:17:08.593-0500 [DEBUG] [org.apache.http.impl.execchain.MainClientExec] Proxy auth state: UNCHALLENGED
2021-06-06T09:17:08.595-0500 [DEBUG] [org.apache.http.impl.execchain.MainClientExec] Connection can be kept alive indefinitely
2021-06-06T09:17:08.595-0500 [DEBUG] [org.apache.http.impl.execchain.MainClientExec] Connection can be kept alive indefinitely
2021-06-06T09:17:08.595-0500 [DEBUG] [org.apache.http.impl.conn.PoolingHttpClientConnectionManager] Connection [id: 9][route: {s}->https://repo.maven.apache.org:443] can be kept alive indefinitely
2021-06-06T09:17:08.596-0500 [DEBUG] [org.apache.http.impl.conn.DefaultManagedHttpClientConnection] http-outgoing-9: set socket timeout to 0
2021-06-06T09:17:08.596-0500 [DEBUG] [org.apache.http.impl.conn.PoolingHttpClientConnectionManager] Connection released: [id: 9][route: {s}->https://repo.maven.apache.org:443][total kept alive: 4; route allocated: 6 of 20; total allocated: 6 of 20]
2021-06-06T09:17:08.596-0500 [DEBUG] [org.gradle.internal.resource.transport.http.HttpResponseResource] Attempting to download resource https://repo.maven.apache.org/maven2/net/sf/jopt-simple/jopt-simple/4.9/jopt-simple-4.9.pom.
2021-06-06T09:17:08.596-0500 [DEBUG] [org.gradle.internal.operations.DefaultBuildOperationRunner] Build operation 'Metadata of https://repo.maven.apache.org/maven2/org/ow2/asm/asm-analysis/7.0/asm-analysis-7.0.pom' completed
2021-06-06T09:17:08.598-0500 [INFO] [org.gradle.internal.resource.transfer.DefaultCacheAwareExternalResourceAccessor] Downloading https://repo.maven.apache.org/maven2/net/sf/jopt-simple/jopt-simple/4.9/jopt-simple-4.9.pom to C:\Users\gathi\AppData\Local\Temp\gradle_download8293108603399247024bin
2021-06-06T09:17:08.598-0500 [DEBUG] [org.gradle.internal.resource.transport.http.HttpResourceAccessor] Constructing external resource metadata: https://dl.google.com/dl/android/maven2/org/ow2/ow2/1.5/ow2-1.5.pom
2021-06-06T09:17:08.599-0500 [DEBUG] [org.gradle.internal.resource.transport.http.HttpClientHelper] Performing HTTP HEAD: https://dl.google.com/dl/android/maven2/org/ow2/ow2/1.5/ow2-1.5.pom
2021-06-06T09:17:08.599-0500 [DEBUG] [org.apache.http.client.protocol.RequestAddCookies] CookieSpec selected: default
2021-06-06T09:17:08.599-0500 [DEBUG] [org.apache.http.client.protocol.RequestAuthCache] Auth cache not set in the context
2021-06-06T09:17:08.599-0500 [DEBUG] [org.apache.http.impl.conn.PoolingHttpClientConnectionManager] Connection request: [route: {s}->https://dl.google.com:443][total kept alive: 7; route allocated: 8 of 20; total allocated: 8 of 20]
2021-06-06T09:17:08.600-0500 [DEBUG] [org.apache.http.impl.conn.PoolingHttpClientConnectionManager] Connection leased: [id: 3][route: {s}->https://dl.google.com:443][total kept alive: 6; route allocated: 8 of 20; total allocated: 8 of 20]
2021-06-06T09:17:08.600-0500 [DEBUG] [org.apache.http.impl.conn.DefaultManagedHttpClientConnection] http-outgoing-3: set socket timeout to 30000
2021-06-06T09:17:08.600-0500 [DEBUG] [org.apache.http.impl.conn.DefaultManagedHttpClientConnection] http-outgoing-3: set socket timeout to 30000
2021-06-06T09:17:08.600-0500 [DEBUG] [org.apache.http.impl.execchain.MainClientExec] Executing request HEAD /dl/android/maven2/org/ow2/ow2/1.5/ow2-1.5.pom HTTP/1.1
2021-06-06T09:17:08.600-0500 [DEBUG] [org.apache.http.impl.execchain.MainClientExec] Target auth state: UNCHALLENGED
2021-06-06T09:17:08.600-0500 [DEBUG] [org.apache.http.impl.execchain.MainClientExec] Proxy auth state: UNCHALLENGED
2021-06-06T09:17:08.603-0500 [DEBUG] [org.apache.http.impl.conn.PoolingHttpClientConnectionManager] Connection [id: 13][route: {s}->https://repo.maven.apache.org:443] can be kept alive indefinitely
2021-06-06T09:17:08.603-0500 [DEBUG] [org.apache.http.impl.conn.DefaultManagedHttpClientConnection] http-outgoing-13: set socket timeout to 0
2021-06-06T09:17:08.603-0500 [DEBUG] [org.apache.http.impl.conn.PoolingHttpClientConnectionManager] Connection released: [id: 13][route: {s}->https://repo.maven.apache.org:443][total kept alive: 5; route allocated: 6 of 20; total allocated: 6 of 20]
2021-06-06T09:17:08.604-0500 [DEBUG] [org.gradle.internal.operations.DefaultBuildOperationRunner] Build operation 'Download https://repo.maven.apache.org/maven2/net/sf/jopt-simple/jopt-simple/4.9/jopt-simple-4.9.pom' completed
2021-06-06T09:17:08.604-0500 [INFO] [org.gradle.internal.resource.transfer.DefaultCacheAwareExternalResourceAccessor] Found locally available resource with matching checksum: [https://repo.maven.apache.org/maven2/org/ow2/asm/asm-analysis/7.0/asm-analysis-7.0.pom, C:\Users\gathi\.m2\repository\org\ow2\asm\asm-analysis\7.0\asm-analysis-7.0.pom]
2021-06-06T09:17:08.606-0500 [DEBUG] [org.apache.http.impl.execchain.MainClientExec] Connection can be kept alive indefinitely
2021-06-06T09:17:08.607-0500 [DEBUG] [org.gradle.internal.resource.transport.http.HttpResponseResource] Attempting to download resource https://repo.maven.apache.org/maven2/net/sf/proguard/proguard-gradle/6.0.3/proguard-gradle-6.0.3.pom.
2021-06-06T09:17:08.609-0500 [INFO] [org.gradle.internal.resource.transfer.DefaultCacheAwareExternalResourceAccessor] Downloading https://repo.maven.apache.org/maven2/net/sf/proguard/proguard-gradle/6.0.3/proguard-gradle-6.0.3.pom to C:\Users\gathi\AppData\Local\Temp\gradle_download1564218907383675368bin
2021-06-06T09:17:08.611-0500 [DEBUG] [org.apache.http.impl.conn.PoolingHttpClientConnectionManager] Connection [id: 10][route: {s}->https://repo.maven.apache.org:443] can be kept alive indefinitely
2021-06-06T09:17:08.611-0500 [DEBUG] [org.apache.http.impl.conn.DefaultManagedHttpClientConnection] http-outgoing-10: set socket timeout to 0
2021-06-06T09:17:08.611-0500 [DEBUG] [org.apache.http.impl.conn.PoolingHttpClientConnectionManager] Connection released: [id: 10][route: {s}->https://repo.maven.apache.org:443][total kept alive: 6; route allocated: 6 of 20; total allocated: 6 of 20]
2021-06-06T09:17:08.612-0500 [DEBUG] [org.gradle.internal.operations.DefaultBuildOperationRunner] Build operation 'Download https://repo.maven.apache.org/maven2/net/sf/proguard/proguard-gradle/6.0.3/proguard-gradle-6.0.3.pom' completed
2021-06-06T09:17:08.614-0500 [DEBUG] [org.gradle.api.internal.artifacts.ivyservice.ivyresolve.RepositoryChainComponentMetaDataResolver] Attempting to resolve component for org.ow2:ow2:1.5 using repositories [Google, MavenRepo]
2021-06-06T09:17:08.621-0500 [DEBUG] [org.gradle.api.internal.artifacts.repositories.resolver.ExternalResourceResolver] Metadata file found for module 'com.android.tools.build.jetifier:jetifier-core:1.0.0-beta09' in repository 'Google'.
2021-06-06T09:17:08.621-0500 [DEBUG] [org.gradle.api.internal.artifacts.ivyservice.modulecache.PersistentModuleMetadataCache] Recording module descriptor in cache: com.android.tools.build.jetifier:jetifier-core:1.0.0-beta09 [changing = false]
2021-06-06T09:17:08.622-0500 [DEBUG] [org.gradle.api.internal.artifacts.ivyservice.ivyresolve.RepositoryChainComponentMetaDataResolver] Attempting to resolve component for org.ow2:ow2:1.5 using repositories [Google, MavenRepo]
2021-06-06T09:17:08.635-0500 [DEBUG] [org.gradle.api.internal.artifacts.ivyservice.ivyresolve.RepositoryChainComponentMetaDataResolver] Attempting to resolve component for org.sonatype.oss:oss-parent:7 using repositories [Google, MavenRepo]
2021-06-06T09:17:08.638-0500 [DEBUG] [org.gradle.api.internal.artifacts.ivyservice.ivyresolve.CachingModuleComponentRepository] Detected non-existence of module 'org.sonatype.oss:oss-parent:7' in resolver cache 'Google'
2021-06-06T09:17:08.639-0500 [DEBUG] [org.gradle.api.internal.artifacts.ivyservice.ivyresolve.CachingModuleComponentRepository] Using cached module metadata for module 'org.sonatype.oss:oss-parent:7' in 'MavenRepo'
2021-06-06T09:17:08.639-0500 [DEBUG] [org.gradle.api.internal.artifacts.ivyservice.ivyresolve.RepositoryChainComponentMetaDataResolver] Using org.sonatype.oss:oss-parent:7 from Maven repository 'MavenRepo'
2021-06-06T09:17:08.641-0500 [DEBUG] [org.gradle.api.internal.artifacts.ivyservice.ivyresolve.RepositoryChainComponentMetaDataResolver] Attempting to resolve component for net.sf.proguard:proguard-parent:6.0.3 using repositories [Google, MavenRepo]
2021-06-06T09:17:08.641-0500 [DEBUG] [org.gradle.api.internal.artifacts.repositories.resolver.DefaultExternalResourceArtifactResolver] Loading https://dl.google.com/dl/android/maven2/net/sf/proguard/proguard-parent/6.0.3/proguard-parent-6.0.3.pom
2021-06-06T09:17:08.642-0500 [DEBUG] [org.gradle.internal.resource.transfer.DefaultCacheAwareExternalResourceAccessor] Constructing external resource: https://dl.google.com/dl/android/maven2/net/sf/proguard/proguard-parent/6.0.3/proguard-parent-6.0.3.pom
2021-06-06T09:17:08.642-0500 [DEBUG] [org.gradle.api.internal.artifacts.ivyservice.ivyresolve.CachingModuleComponentRepository] Found artifact 'oss-parent-7.pom (org.sonatype.oss:oss-parent:7)' in resolver cache: C:\Users\gathi\.gradle\caches\modules-2\files-2.1\org.sonatype.oss\oss-parent\7\46b8a785b60a2767095b8611613b58577e96d4c9\oss-parent-7.pom
2021-06-06T09:17:08.643-0500 [DEBUG] [org.gradle.internal.resource.transport.http.HttpResourceAccessor] Constructing external resource: https://dl.google.com/dl/android/maven2/net/sf/proguard/proguard-parent/6.0.3/proguard-parent-6.0.3.pom
2021-06-06T09:17:08.644-0500 [DEBUG] [org.gradle.internal.resource.transport.http.HttpClientHelper] Performing HTTP GET: https://dl.google.com/dl/android/maven2/net/sf/proguard/proguard-parent/6.0.3/proguard-parent-6.0.3.pom
2021-06-06T09:17:08.644-0500 [DEBUG] [org.apache.http.client.protocol.RequestAddCookies] CookieSpec selected: default
2021-06-06T09:17:08.644-0500 [DEBUG] [org.apache.http.client.protocol.RequestAuthCache] Auth cache not set in the context
2021-06-06T09:17:08.644-0500 [DEBUG] [org.apache.http.impl.conn.PoolingHttpClientConnectionManager] Connection request: [route: {s}->https://dl.google.com:443][total kept alive: 6; route allocated: 8 of 20; total allocated: 8 of 20]
2021-06-06T09:17:08.644-0500 [DEBUG] [org.apache.http.impl.conn.PoolingHttpClientConnectionManager] Connection leased: [id: 8][route: {s}->https://dl.google.com:443][total kept alive: 5; route allocated: 8 of 20; total allocated: 8 of 20]
2021-06-06T09:17:08.645-0500 [DEBUG] [org.apache.http.impl.conn.DefaultManagedHttpClientConnection] http-outgoing-8: set socket timeout to 30000
2021-06-06T09:17:08.645-0500 [DEBUG] [org.apache.http.impl.conn.DefaultManagedHttpClientConnection] http-outgoing-8: set socket timeout to 30000
2021-06-06T09:17:08.645-0500 [DEBUG] [org.apache.http.impl.execchain.MainClientExec] Executing request GET /dl/android/maven2/net/sf/proguard/proguard-parent/6.0.3/proguard-parent-6.0.3.pom HTTP/1.1
2021-06-06T09:17:08.645-0500 [DEBUG] [org.apache.http.impl.execchain.MainClientExec] Target auth state: UNCHALLENGED
2021-06-06T09:17:08.645-0500 [DEBUG] [org.apache.http.impl.execchain.MainClientExec] Proxy auth state: UNCHALLENGED
2021-06-06T09:17:08.646-0500 [DEBUG] [org.apache.http.impl.execchain.MainClientExec] Connection can be kept alive indefinitely
2021-06-06T09:17:08.646-0500 [DEBUG] [org.gradle.internal.resource.transport.http.HttpResponseResource] Attempting to download resource https://dl.google.com/dl/android/maven2/com/android/tools/build/jetifier/jetifier-processor/1.0.0-beta09/jetifier-processor-1.0.0-beta09.pom.
2021-06-06T09:17:08.647-0500 [DEBUG] [org.gradle.api.internal.artifacts.ivyservice.ivyresolve.RepositoryChainComponentMetaDataResolver] Using com.android.tools.build.jetifier:jetifier-core:1.0.0-beta09 from Maven repository 'Google'
2021-06-06T09:17:08.648-0500 [DEBUG] [org.gradle.api.internal.artifacts.ivyservice.ivyresolve.RepositoryChainComponentMetaDataResolver] Attempting to resolve component for com.squareup:javapoet:1.10.0 using repositories [Google, MavenRepo]
2021-06-06T09:17:08.648-0500 [INFO] [org.gradle.internal.resource.transfer.DefaultCacheAwareExternalResourceAccessor] Downloading https://dl.google.com/dl/android/maven2/com/android/tools/build/jetifier/jetifier-processor/1.0.0-beta09/jetifier-processor-1.0.0-beta09.pom to C:\Users\gathi\AppData\Local\Temp\gradle_download8598429965637084291bin
2021-06-06T09:17:08.648-0500 [DEBUG] [org.gradle.api.internal.artifacts.repositories.resolver.DefaultExternalResourceArtifactResolver] Loading https://dl.google.com/dl/android/maven2/com/squareup/javapoet/1.10.0/javapoet-1.10.0.pom
2021-06-06T09:17:08.648-0500 [DEBUG] [org.gradle.internal.resource.transfer.DefaultCacheAwareExternalResourceAccessor] Constructing external resource: https://dl.google.com/dl/android/maven2/com/squareup/javapoet/1.10.0/javapoet-1.10.0.pom
2021-06-06T09:17:08.647-0500 [DEBUG] [org.gradle.api.internal.artifacts.repositories.resolver.DefaultExternalResourceArtifactResolver] Loading https://dl.google.com/dl/android/maven2/org/ow2/ow2/1.5/ow2-1.5.pom
2021-06-06T09:17:08.649-0500 [DEBUG] [org.apache.http.impl.conn.PoolingHttpClientConnectionManager] Connection [id: 5][route: {s}->https://dl.google.com:443] can be kept alive indefinitely
2021-06-06T09:17:08.650-0500 [DEBUG] [org.apache.http.impl.conn.DefaultManagedHttpClientConnection] http-outgoing-5: set socket timeout to 0
2021-06-06T09:17:08.650-0500 [DEBUG] [org.apache.http.impl.conn.PoolingHttpClientConnectionManager] Connection released: [id: 5][route: {s}->https://dl.google.com:443][total kept alive: 6; route allocated: 8 of 20; total allocated: 8 of 20]
2021-06-06T09:17:08.650-0500 [DEBUG] [org.apache.http.impl.execchain.MainClientExec] Connection can be kept alive indefinitely
2021-06-06T09:17:08.650-0500 [DEBUG] [org.apache.http.impl.conn.PoolingHttpClientConnectionManager] Connection [id: 3][route: {s}->https://dl.google.com:443] can be kept alive indefinitely
2021-06-06T09:17:08.650-0500 [DEBUG] [org.apache.http.impl.conn.DefaultManagedHttpClientConnection] http-outgoing-3: set socket timeout to 0
2021-06-06T09:17:08.650-0500 [DEBUG] [org.gradle.api.internal.artifacts.repositories.resolver.DefaultExternalResourceArtifactResolver] Loading https://dl.google.com/dl/android/maven2/org/ow2/ow2/1.5/ow2-1.5.pom
2021-06-06T09:17:08.650-0500 [DEBUG] [org.apache.http.impl.conn.PoolingHttpClientConnectionManager] Connection released: [id: 3][route: {s}->https://dl.google.com:443][total kept alive: 7; route allocated: 8 of 20; total allocated: 8 of 20]
2021-06-06T09:17:08.651-0500 [DEBUG] [org.gradle.internal.operations.DefaultBuildOperationRunner] Build operation 'Download https://dl.google.com/dl/android/maven2/com/android/tools/build/jetifier/jetifier-processor/1.0.0-beta09/jetifier-processor-1.0.0-beta09.pom' completed
2021-06-06T09:17:08.651-0500 [DEBUG] [org.gradle.internal.resource.transport.http.HttpResourceAccessor] Constructing external resource: https://dl.google.com/dl/android/maven2/com/squareup/javapoet/1.10.0/javapoet-1.10.0.pom
2021-06-06T09:17:08.651-0500 [INFO] [org.gradle.internal.resource.transport.http.HttpClientHelper] Resource missing. [HTTP HEAD: https://dl.google.com/dl/android/maven2/org/ow2/ow2/1.5/ow2-1.5.pom]
2021-06-06T09:17:08.652-0500 [DEBUG] [org.gradle.internal.resource.transport.http.HttpClientHelper] Performing HTTP GET: https://dl.google.com/dl/android/maven2/com/squareup/javapoet/1.10.0/javapoet-1.10.0.pom
2021-06-06T09:17:08.652-0500 [DEBUG] [org.apache.http.client.protocol.RequestAddCookies] CookieSpec selected: default
2021-06-06T09:17:08.652-0500 [DEBUG] [org.gradle.internal.operations.DefaultBuildOperationRunner] Build operation 'Metadata of https://dl.google.com/dl/android/maven2/org/ow2/ow2/1.5/ow2-1.5.pom' completed
2021-06-06T09:17:08.652-0500 [DEBUG] [org.apache.http.client.protocol.RequestAuthCache] Auth cache not set in the context
2021-06-06T09:17:08.653-0500 [DEBUG] [org.gradle.api.internal.artifacts.repositories.resolver.ExternalResourceResolver] No meta-data file or artifact found for module 'org.ow2:ow2:1.5' in repository 'Google'.
2021-06-06T09:17:08.653-0500 [DEBUG] [org.apache.http.impl.conn.PoolingHttpClientConnectionManager] Connection request: [route: {s}->https://dl.google.com:443][total kept alive: 7; route allocated: 8 of 20; total allocated: 8 of 20]
2021-06-06T09:17:08.653-0500 [DEBUG] [org.gradle.api.internal.artifacts.ivyservice.modulecache.PersistentModuleMetadataCache] Recording absence of module descriptor in cache: org.ow2:ow2:1.5 [changing = false]
2021-06-06T09:17:08.653-0500 [DEBUG] [org.apache.http.impl.conn.PoolingHttpClientConnectionManager] Connection leased: [id: 3][route: {s}->https://dl.google.com:443][total kept alive: 6; route allocated: 8 of 20; total allocated: 8 of 20]
2021-06-06T09:17:08.653-0500 [DEBUG] [org.apache.http.impl.conn.DefaultManagedHttpClientConnection] http-outgoing-3: set socket timeout to 30000
2021-06-06T09:17:08.653-0500 [DEBUG] [org.apache.http.impl.conn.DefaultManagedHttpClientConnection] http-outgoing-3: set socket timeout to 30000
2021-06-06T09:17:08.653-0500 [DEBUG] [org.apache.http.impl.execchain.MainClientExec] Executing request GET /dl/android/maven2/com/squareup/javapoet/1.10.0/javapoet-1.10.0.pom HTTP/1.1
2021-06-06T09:17:08.653-0500 [DEBUG] [org.apache.http.impl.execchain.MainClientExec] Target auth state: UNCHALLENGED
2021-06-06T09:17:08.654-0500 [DEBUG] [org.apache.http.impl.execchain.MainClientExec] Proxy auth state: UNCHALLENGED
2021-06-06T09:17:08.661-0500 [DEBUG] [org.gradle.api.internal.artifacts.repositories.resolver.DefaultExternalResourceArtifactResolver] Loading https://repo.maven.apache.org/maven2/org/ow2/ow2/1.5/ow2-1.5.pom
2021-06-06T09:17:08.662-0500 [DEBUG] [org.gradle.internal.resource.transfer.DefaultCacheAwareExternalResourceAccessor] Constructing external resource: https://repo.maven.apache.org/maven2/org/ow2/ow2/1.5/ow2-1.5.pom
2021-06-06T09:17:08.663-0500 [DEBUG] [org.gradle.internal.resource.transport.http.HttpResourceAccessor] Constructing external resource metadata: https://repo.maven.apache.org/maven2/org/ow2/ow2/1.5/ow2-1.5.pom
2021-06-06T09:17:08.664-0500 [DEBUG] [org.gradle.internal.resource.transport.http.HttpClientHelper] Performing HTTP HEAD: https://repo.maven.apache.org/maven2/org/ow2/ow2/1.5/ow2-1.5.pom
2021-06-06T09:17:08.664-0500 [DEBUG] [org.apache.http.client.protocol.RequestAddCookies] CookieSpec selected: default
2021-06-06T09:17:08.664-0500 [DEBUG] [org.apache.http.client.protocol.RequestAuthCache] Auth cache not set in the context
2021-06-06T09:17:08.664-0500 [DEBUG] [org.apache.http.impl.conn.PoolingHttpClientConnectionManager] Connection request: [route: {s}->https://repo.maven.apache.org:443][total kept alive: 6; route allocated: 6 of 20; total allocated: 6 of 20]
2021-06-06T09:17:08.665-0500 [DEBUG] [org.apache.http.impl.conn.PoolingHttpClientConnectionManager] Connection leased: [id: 10][route: {s}->https://repo.maven.apache.org:443][total kept alive: 5; route allocated: 6 of 20; total allocated: 6 of 20]
2021-06-06T09:17:08.665-0500 [DEBUG] [org.apache.http.impl.conn.DefaultManagedHttpClientConnection] http-outgoing-10: set socket timeout to 30000
2021-06-06T09:17:08.665-0500 [DEBUG] [org.apache.http.impl.conn.DefaultManagedHttpClientConnection] http-outgoing-10: set socket timeout to 30000
2021-06-06T09:17:08.665-0500 [DEBUG] [org.apache.http.impl.execchain.MainClientExec] Executing request HEAD /maven2/org/ow2/ow2/1.5/ow2-1.5.pom HTTP/1.1
2021-06-06T09:17:08.666-0500 [DEBUG] [org.apache.http.impl.execchain.MainClientExec] Target auth state: UNCHALLENGED
2021-06-06T09:17:08.666-0500 [DEBUG] [org.apache.http.impl.execchain.MainClientExec] Proxy auth state: UNCHALLENGED
2021-06-06T09:17:08.666-0500 [DEBUG] [org.gradle.internal.resource.transfer.DefaultCacheAwareExternalResourceAccessor] Constructing external resource: https://dl.google.com/dl/android/maven2/org/ow2/ow2/1.5/ow2-1.5.pom
2021-06-06T09:17:08.670-0500 [DEBUG] [org.gradle.api.internal.artifacts.repositories.resolver.ExternalResourceResolver] Metadata file found for module 'net.sf.jopt-simple:jopt-simple:4.9' in repository 'MavenRepo'.
2021-06-06T09:17:08.670-0500 [DEBUG] [org.gradle.api.internal.artifacts.ivyservice.modulecache.PersistentModuleMetadataCache] Recording module descriptor in cache: net.sf.jopt-simple:jopt-simple:4.9 [changing = false]
2021-06-06T09:17:08.676-0500 [DEBUG] [org.gradle.api.internal.artifacts.ivyservice.ivyresolve.RepositoryChainComponentMetaDataResolver] Using net.sf.jopt-simple:jopt-simple:4.9 from Maven repository 'MavenRepo'
2021-06-06T09:17:08.676-0500 [DEBUG] [org.gradle.api.internal.artifacts.ivyservice.ivyresolve.RepositoryChainComponentMetaDataResolver] Attempting to resolve component for org.ow2:ow2:1.5 using repositories [Google, MavenRepo]
2021-06-06T09:17:08.677-0500 [DEBUG] [org.gradle.api.internal.artifacts.ivyservice.ivyresolve.CachingModuleComponentRepository] Detected non-existence of module 'org.ow2:ow2:1.5' in resolver cache 'Google'
2021-06-06T09:17:08.677-0500 [DEBUG] [org.gradle.api.internal.artifacts.repositories.resolver.DefaultExternalResourceArtifactResolver] Loading https://repo.maven.apache.org/maven2/org/ow2/ow2/1.5/ow2-1.5.pom
2021-06-06T09:17:08.678-0500 [DEBUG] [org.gradle.internal.resource.transport.http.HttpResourceAccessor] Constructing external resource metadata: https://dl.google.com/dl/android/maven2/org/ow2/ow2/1.5/ow2-1.5.pom
2021-06-06T09:17:08.678-0500 [DEBUG] [org.gradle.api.internal.artifacts.ivyservice.ivyresolve.RepositoryChainComponentMetaDataResolver] Attempting to resolve component for com.google.protobuf:protobuf-java:3.10.0 using repositories [Google, MavenRepo]
2021-06-06T09:17:08.678-0500 [DEBUG] [org.gradle.internal.resource.transport.http.HttpClientHelper] Performing HTTP HEAD: https://dl.google.com/dl/android/maven2/org/ow2/ow2/1.5/ow2-1.5.pom
2021-06-06T09:17:08.678-0500 [DEBUG] [org.gradle.api.internal.artifacts.repositories.resolver.DefaultExternalResourceArtifactResolver] Loading https://dl.google.com/dl/android/maven2/com/google/protobuf/protobuf-java/3.10.0/protobuf-java-3.10.0.pom
2021-06-06T09:17:08.678-0500 [DEBUG] [org.apache.http.client.protocol.RequestAddCookies] CookieSpec selected: default
2021-06-06T09:17:08.678-0500 [DEBUG] [org.gradle.internal.resource.transfer.DefaultCacheAwareExternalResourceAccessor] Constructing external resource: https://dl.google.com/dl/android/maven2/com/google/protobuf/protobuf-java/3.10.0/protobuf-java-3.10.0.pom
2021-06-06T09:17:08.679-0500 [DEBUG] [org.apache.http.client.protocol.RequestAuthCache] Auth cache not set in the context
2021-06-06T09:17:08.679-0500 [DEBUG] [org.apache.http.impl.conn.PoolingHttpClientConnectionManager] Connection request: [route: {s}->https://dl.google.com:443][total kept alive: 6; route allocated: 8 of 20; total allocated: 8 of 20]
2021-06-06T09:17:08.679-0500 [DEBUG] [org.apache.http.impl.conn.PoolingHttpClientConnectionManager] Connection leased: [id: 5][route: {s}->https://dl.google.com:443][total kept alive: 5; route allocated: 8 of 20; total allocated: 8 of 20]
2021-06-06T09:17:08.679-0500 [DEBUG] [org.apache.http.impl.conn.DefaultManagedHttpClientConnection] http-outgoing-5: set socket timeout to 30000
2021-06-06T09:17:08.679-0500 [DEBUG] [org.apache.http.impl.conn.DefaultManagedHttpClientConnection] http-outgoing-5: set socket timeout to 30000
2021-06-06T09:17:08.679-0500 [DEBUG] [org.apache.http.impl.execchain.MainClientExec] Executing request HEAD /dl/android/maven2/org/ow2/ow2/1.5/ow2-1.5.pom HTTP/1.1
2021-06-06T09:17:08.680-0500 [DEBUG] [org.apache.http.impl.execchain.MainClientExec] Target auth state: UNCHALLENGED
2021-06-06T09:17:08.680-0500 [DEBUG] [org.apache.http.impl.execchain.MainClientExec] Proxy auth state: UNCHALLENGED
2021-06-06T09:17:08.680-0500 [DEBUG] [org.gradle.internal.resource.transport.http.HttpResourceAccessor] Constructing external resource: https://dl.google.com/dl/android/maven2/com/google/protobuf/protobuf-java/3.10.0/protobuf-java-3.10.0.pom
2021-06-06T09:17:08.680-0500 [DEBUG] [org.gradle.internal.resource.transport.http.HttpClientHelper] Performing HTTP GET: https://dl.google.com/dl/android/maven2/com/google/protobuf/protobuf-java/3.10.0/protobuf-java-3.10.0.pom
2021-06-06T09:17:08.681-0500 [DEBUG] [org.apache.http.client.protocol.RequestAddCookies] CookieSpec selected: default
2021-06-06T09:17:08.681-0500 [DEBUG] [org.apache.http.client.protocol.RequestAuthCache] Auth cache not set in the context
2021-06-06T09:17:08.681-0500 [DEBUG] [org.apache.http.impl.conn.PoolingHttpClientConnectionManager] Connection request: [route: {s}->https://dl.google.com:443][total kept alive: 5; route allocated: 8 of 20; total allocated: 8 of 20]
2021-06-06T09:17:08.681-0500 [DEBUG] [org.apache.http.impl.conn.PoolingHttpClientConnectionManager] Connection leased: [id: 7][route: {s}->https://dl.google.com:443][total kept alive: 4; route allocated: 8 of 20; total allocated: 8 of 20]
2021-06-06T09:17:08.681-0500 [DEBUG] [org.apache.http.impl.conn.DefaultManagedHttpClientConnection] http-outgoing-7: set socket timeout to 30000
2021-06-06T09:17:08.681-0500 [DEBUG] [org.apache.http.impl.conn.DefaultManagedHttpClientConnection] http-outgoing-7: set socket timeout to 30000
2021-06-06T09:17:08.682-0500 [DEBUG] [org.apache.http.impl.execchain.MainClientExec] Executing request GET /dl/android/maven2/com/google/protobuf/protobuf-java/3.10.0/protobuf-java-3.10.0.pom HTTP/1.1
2021-06-06T09:17:08.682-0500 [DEBUG] [org.apache.http.impl.execchain.MainClientExec] Target auth state: UNCHALLENGED
2021-06-06T09:17:08.682-0500 [DEBUG] [org.apache.http.impl.execchain.MainClientExec] Proxy auth state: UNCHALLENGED
2021-06-06T09:17:08.683-0500 [DEBUG] [org.apache.http.impl.execchain.MainClientExec] Connection can be kept alive indefinitely
2021-06-06T09:17:08.684-0500 [DEBUG] [org.apache.http.impl.conn.PoolingHttpClientConnectionManager] Connection [id: 10][route: {s}->https://repo.maven.apache.org:443] can be kept alive indefinitely
2021-06-06T09:17:08.684-0500 [DEBUG] [org.apache.http.impl.conn.DefaultManagedHttpClientConnection] http-outgoing-10: set socket timeout to 0
2021-06-06T09:17:08.684-0500 [DEBUG] [org.apache.http.impl.conn.PoolingHttpClientConnectionManager] Connection released: [id: 10][route: {s}->https://repo.maven.apache.org:443][total kept alive: 6; route allocated: 6 of 20; total allocated: 6 of 20]
2021-06-06T09:17:08.685-0500 [DEBUG] [org.gradle.internal.operations.DefaultBuildOperationRunner] Build operation 'Metadata of https://repo.maven.apache.org/maven2/org/ow2/ow2/1.5/ow2-1.5.pom' completed
2021-06-06T09:17:08.685-0500 [DEBUG] [org.apache.http.impl.execchain.MainClientExec] Connection can be kept alive indefinitely
2021-06-06T09:17:08.685-0500 [DEBUG] [org.apache.http.impl.conn.PoolingHttpClientConnectionManager] Connection [id: 8][route: {s}->https://dl.google.com:443] can be kept alive indefinitely
2021-06-06T09:17:08.685-0500 [DEBUG] [org.apache.http.impl.conn.DefaultManagedHttpClientConnection] http-outgoing-8: set socket timeout to 0
2021-06-06T09:17:08.686-0500 [DEBUG] [org.apache.http.impl.conn.PoolingHttpClientConnectionManager] Connection released: [id: 8][route: {s}->https://dl.google.com:443][total kept alive: 5; route allocated: 8 of 20; total allocated: 8 of 20]
2021-06-06T09:17:08.686-0500 [INFO] [org.gradle.internal.resource.transport.http.HttpClientHelper] Resource missing. [HTTP GET: https://dl.google.com/dl/android/maven2/net/sf/proguard/proguard-parent/6.0.3/proguard-parent-6.0.3.pom]
2021-06-06T09:17:08.686-0500 [DEBUG] [org.gradle.internal.operations.DefaultBuildOperationRunner] Build operation 'Download https://dl.google.com/dl/android/maven2/net/sf/proguard/proguard-parent/6.0.3/proguard-parent-6.0.3.pom' completed
2021-06-06T09:17:08.686-0500 [DEBUG] [org.gradle.api.internal.artifacts.repositories.resolver.ExternalResourceResolver] No meta-data file or artifact found for module 'net.sf.proguard:proguard-parent:6.0.3' in repository 'Google'.
2021-06-06T09:17:08.686-0500 [DEBUG] [org.gradle.api.internal.artifacts.ivyservice.modulecache.PersistentModuleMetadataCache] Recording absence of module descriptor in cache: net.sf.proguard:proguard-parent:6.0.3 [changing = false]
2021-06-06T09:17:08.687-0500 [DEBUG] [org.gradle.api.internal.artifacts.repositories.resolver.DefaultExternalResourceArtifactResolver] Loading https://repo.maven.apache.org/maven2/net/sf/proguard/proguard-parent/6.0.3/proguard-parent-6.0.3.pom
2021-06-06T09:17:08.687-0500 [DEBUG] [org.gradle.internal.resource.transfer.DefaultCacheAwareExternalResourceAccessor] Constructing external resource: https://repo.maven.apache.org/maven2/net/sf/proguard/proguard-parent/6.0.3/proguard-parent-6.0.3.pom
2021-06-06T09:17:08.689-0500 [DEBUG] [org.gradle.internal.resource.transport.http.HttpResourceAccessor] Constructing external resource: https://repo.maven.apache.org/maven2/net/sf/proguard/proguard-parent/6.0.3/proguard-parent-6.0.3.pom
2021-06-06T09:17:08.689-0500 [DEBUG] [org.gradle.internal.resource.transport.http.HttpClientHelper] Performing HTTP GET: https://repo.maven.apache.org/maven2/net/sf/proguard/proguard-parent/6.0.3/proguard-parent-6.0.3.pom
2021-06-06T09:17:08.689-0500 [DEBUG] [org.apache.http.client.protocol.RequestAddCookies] CookieSpec selected: default
2021-06-06T09:17:08.690-0500 [DEBUG] [org.apache.http.client.protocol.RequestAuthCache] Auth cache not set in the context
2021-06-06T09:17:08.690-0500 [DEBUG] [org.apache.http.impl.conn.PoolingHttpClientConnectionManager] Connection request: [route: {s}->https://repo.maven.apache.org:443][total kept alive: 6; route allocated: 6 of 20; total allocated: 6 of 20]
2021-06-06T09:17:08.690-0500 [DEBUG] [org.apache.http.impl.conn.PoolingHttpClientConnectionManager] Connection leased: [id: 10][route: {s}->https://repo.maven.apache.org:443][total kept alive: 5; route allocated: 6 of 20; total allocated: 6 of 20]
2021-06-06T09:17:08.690-0500 [DEBUG] [org.apache.http.impl.conn.DefaultManagedHttpClientConnection] http-outgoing-10: set socket timeout to 30000
2021-06-06T09:17:08.690-0500 [DEBUG] [org.apache.http.impl.conn.DefaultManagedHttpClientConnection] http-outgoing-10: set socket timeout to 30000
2021-06-06T09:17:08.690-0500 [DEBUG] [org.apache.http.impl.execchain.MainClientExec] Executing request GET /maven2/net/sf/proguard/proguard-parent/6.0.3/proguard-parent-6.0.3.pom HTTP/1.1
2021-06-06T09:17:08.690-0500 [DEBUG] [org.apache.http.impl.execchain.MainClientExec] Target auth state: UNCHALLENGED
2021-06-06T09:17:08.690-0500 [DEBUG] [org.apache.http.impl.execchain.MainClientExec] Proxy auth state: UNCHALLENGED
2021-06-06T09:17:08.696-0500 [INFO] [org.gradle.internal.resource.transfer.DefaultCacheAwareExternalResourceAccessor] Found locally available resource with matching checksum: [https://repo.maven.apache.org/maven2/org/ow2/ow2/1.5/ow2-1.5.pom, C:\Users\gathi\.m2\repository\org\ow2\ow2\1.5\ow2-1.5.pom]
2021-06-06T09:17:08.702-0500 [DEBUG] [org.gradle.api.internal.artifacts.repositories.resolver.ExternalResourceResolver] Metadata file found for module 'com.android.tools.build.jetifier:jetifier-processor:1.0.0-beta09' in repository 'Google'.
2021-06-06T09:17:08.702-0500 [DEBUG] [org.gradle.api.internal.artifacts.ivyservice.modulecache.PersistentModuleMetadataCache] Recording module descriptor in cache: com.android.tools.build.jetifier:jetifier-processor:1.0.0-beta09 [changing = false]
2021-06-06T09:17:08.704-0500 [DEBUG] [org.apache.http.impl.execchain.MainClientExec] Connection can be kept alive indefinitely
2021-06-06T09:17:08.705-0500 [DEBUG] [org.gradle.internal.resource.transport.http.HttpResponseResource] Attempting to download resource https://repo.maven.apache.org/maven2/net/sf/proguard/proguard-parent/6.0.3/proguard-parent-6.0.3.pom.
2021-06-06T09:17:08.706-0500 [INFO] [org.gradle.internal.resource.transfer.DefaultCacheAwareExternalResourceAccessor] Downloading https://repo.maven.apache.org/maven2/net/sf/proguard/proguard-parent/6.0.3/proguard-parent-6.0.3.pom to C:\Users\gathi\AppData\Local\Temp\gradle_download18425272454884188042bin
2021-06-06T09:17:08.708-0500 [DEBUG] [org.gradle.internal.resource.transfer.DefaultCacheAwareExternalResourceAccessor] Constructing external resource: https://repo.maven.apache.org/maven2/org/ow2/ow2/1.5/ow2-1.5.pom
2021-06-06T09:17:08.717-0500 [DEBUG] [org.gradle.api.internal.artifacts.repositories.resolver.ExternalResourceResolver] Metadata file found for module 'org.ow2:ow2:1.5' in repository 'MavenRepo'.
2021-06-06T09:17:08.717-0500 [DEBUG] [org.gradle.api.internal.artifacts.ivyservice.modulecache.PersistentModuleMetadataCache] Recording module descriptor in cache: org.ow2:ow2:1.5 [changing = false]
2021-06-06T09:17:08.720-0500 [DEBUG] [org.apache.http.impl.conn.PoolingHttpClientConnectionManager] Connection [id: 10][route: {s}->https://repo.maven.apache.org:443] can be kept alive indefinitely
2021-06-06T09:17:08.721-0500 [DEBUG] [org.apache.http.impl.conn.DefaultManagedHttpClientConnection] http-outgoing-10: set socket timeout to 0
2021-06-06T09:17:08.721-0500 [DEBUG] [org.apache.http.impl.conn.PoolingHttpClientConnectionManager] Connection released: [id: 10][route: {s}->https://repo.maven.apache.org:443][total kept alive: 6; route allocated: 6 of 20; total allocated: 6 of 20]
2021-06-06T09:17:08.722-0500 [DEBUG] [org.gradle.internal.operations.DefaultBuildOperationRunner] Build operation 'Download https://repo.maven.apache.org/maven2/net/sf/proguard/proguard-parent/6.0.3/proguard-parent-6.0.3.pom' completed
2021-06-06T09:17:08.727-0500 [DEBUG] [org.gradle.api.internal.artifacts.ivyservice.ivyresolve.RepositoryChainComponentMetaDataResolver] Using com.android.tools.build.jetifier:jetifier-processor:1.0.0-beta09 from Maven repository 'Google'
2021-06-06T09:17:08.729-0500 [DEBUG] [org.apache.http.impl.execchain.MainClientExec] Connection can be kept alive indefinitely
2021-06-06T09:17:08.729-0500 [DEBUG] [org.apache.http.impl.execchain.MainClientExec] Connection can be kept alive indefinitely
2021-06-06T09:17:08.729-0500 [DEBUG] [org.apache.http.impl.execchain.MainClientExec] Connection can be kept alive indefinitely
2021-06-06T09:17:08.729-0500 [DEBUG] [org.apache.http.impl.conn.PoolingHttpClientConnectionManager] Connection [id: 5][route: {s}->https://dl.google.com:443] can be kept alive indefinitely
2021-06-06T09:17:08.729-0500 [DEBUG] [org.apache.http.impl.conn.DefaultManagedHttpClientConnection] http-outgoing-5: set socket timeout to 0
2021-06-06T09:17:08.729-0500 [DEBUG] [org.apache.http.impl.conn.PoolingHttpClientConnectionManager] Connection released: [id: 5][route: {s}->https://dl.google.com:443][total kept alive: 6; route allocated: 8 of 20; total allocated: 8 of 20]
2021-06-06T09:17:08.730-0500 [INFO] [org.gradle.internal.resource.transport.http.HttpClientHelper] Resource missing. [HTTP HEAD: https://dl.google.com/dl/android/maven2/org/ow2/ow2/1.5/ow2-1.5.pom]
2021-06-06T09:17:08.730-0500 [DEBUG] [org.gradle.internal.operations.DefaultBuildOperationRunner] Build operation 'Metadata of https://dl.google.com/dl/android/maven2/org/ow2/ow2/1.5/ow2-1.5.pom' completed
2021-06-06T09:17:08.730-0500 [DEBUG] [org.gradle.api.internal.artifacts.repositories.resolver.ExternalResourceResolver] No meta-data file or artifact found for module 'org.ow2:ow2:1.5' in repository 'Google'.
2021-06-06T09:17:08.730-0500 [DEBUG] [org.gradle.internal.resource.transfer.DefaultCacheAwareExternalResourceAccessor] Constructing external resource: https://dl.google.com/dl/android/maven2/org/ow2/ow2/1.5/ow2-1.5.pom
2021-06-06T09:17:08.729-0500 [DEBUG] [org.apache.http.impl.conn.PoolingHttpClientConnectionManager] Connection [id: 3][route: {s}->https://dl.google.com:443] can be kept alive indefinitely
2021-06-06T09:17:08.730-0500 [DEBUG] [org.apache.http.impl.conn.DefaultManagedHttpClientConnection] http-outgoing-3: set socket timeout to 0
2021-06-06T09:17:08.731-0500 [DEBUG] [org.apache.http.impl.conn.PoolingHttpClientConnectionManager] Connection released: [id: 3][route: {s}->https://dl.google.com:443][total kept alive: 7; route allocated: 8 of 20; total allocated: 8 of 20]
2021-06-06T09:17:08.731-0500 [INFO] [org.gradle.internal.resource.transport.http.HttpClientHelper] Resource missing. [HTTP GET: https://dl.google.com/dl/android/maven2/com/squareup/javapoet/1.10.0/javapoet-1.10.0.pom]
2021-06-06T09:17:08.731-0500 [DEBUG] [org.gradle.internal.operations.DefaultBuildOperationRunner] Build operation 'Download https://dl.google.com/dl/android/maven2/com/squareup/javapoet/1.10.0/javapoet-1.10.0.pom' completed
2021-06-06T09:17:08.731-0500 [DEBUG] [org.gradle.api.internal.artifacts.repositories.resolver.ExternalResourceResolver] No meta-data file or artifact found for module 'com.squareup:javapoet:1.10.0' in repository 'Google'.
2021-06-06T09:17:08.731-0500 [DEBUG] [org.gradle.api.internal.artifacts.ivyservice.modulecache.PersistentModuleMetadataCache] Recording absence of module descriptor in cache: com.squareup:javapoet:1.10.0 [changing = false]
2021-06-06T09:17:08.730-0500 [DEBUG] [org.gradle.api.internal.artifacts.ivyservice.ivyresolve.RepositoryChainComponentMetaDataResolver] Attempting to resolve component for com.google.protobuf:protobuf-java-util:3.10.0 using repositories [Google, MavenRepo]
2021-06-06T09:17:08.730-0500 [DEBUG] [org.gradle.api.internal.artifacts.ivyservice.modulecache.PersistentModuleMetadataCache] Recording absence of module descriptor in cache: org.ow2:ow2:1.5 [changing = false]
2021-06-06T09:17:08.729-0500 [DEBUG] [org.apache.http.impl.conn.PoolingHttpClientConnectionManager] Connection [id: 7][route: {s}->https://dl.google.com:443] can be kept alive indefinitely
2021-06-06T09:17:08.732-0500 [DEBUG] [org.apache.http.impl.conn.DefaultManagedHttpClientConnection] http-outgoing-7: set socket timeout to 0
2021-06-06T09:17:08.732-0500 [DEBUG] [org.apache.http.impl.conn.PoolingHttpClientConnectionManager] Connection released: [id: 7][route: {s}->https://dl.google.com:443][total kept alive: 8; route allocated: 8 of 20; total allocated: 8 of 20]
2021-06-06T09:17:08.732-0500 [INFO] [org.gradle.internal.resource.transport.http.HttpClientHelper] Resource missing. [HTTP GET: https://dl.google.com/dl/android/maven2/com/google/protobuf/protobuf-java/3.10.0/protobuf-java-3.10.0.pom]
2021-06-06T09:17:08.732-0500 [DEBUG] [org.gradle.internal.operations.DefaultBuildOperationRunner] Build operation 'Download https://dl.google.com/dl/android/maven2/com/google/protobuf/protobuf-java/3.10.0/protobuf-java-3.10.0.pom' completed
2021-06-06T09:17:08.732-0500 [DEBUG] [org.gradle.api.internal.artifacts.repositories.resolver.ExternalResourceResolver] No meta-data file or artifact found for module 'com.google.protobuf:protobuf-java:3.10.0' in repository 'Google'.
2021-06-06T09:17:08.733-0500 [DEBUG] [org.gradle.api.internal.artifacts.ivyservice.modulecache.PersistentModuleMetadataCache] Recording absence of module descriptor in cache: com.google.protobuf:protobuf-java:3.10.0 [changing = false]
2021-06-06T09:17:08.734-0500 [DEBUG] [org.gradle.api.internal.artifacts.ivyservice.ivyresolve.RepositoryChainComponentMetaDataResolver] Using org.ow2:ow2:1.5 from Maven repository 'MavenRepo'
2021-06-06T09:17:08.734-0500 [DEBUG] [org.gradle.api.internal.artifacts.repositories.resolver.DefaultExternalResourceArtifactResolver] Loading https://repo.maven.apache.org/maven2/org/ow2/ow2/1.5/ow2-1.5.pom
2021-06-06T09:17:08.734-0500 [DEBUG] [org.gradle.internal.resource.transfer.DefaultCacheAwareExternalResourceAccessor] Constructing external resource: https://repo.maven.apache.org/maven2/org/ow2/ow2/1.5/ow2-1.5.pom
2021-06-06T09:17:08.735-0500 [DEBUG] [org.gradle.api.internal.artifacts.ivyservice.ivyresolve.CachingModuleComponentRepository] Downloaded artifact 'ow2-1.5.pom (org.ow2:ow2:1.5)' from resolver: MavenRepo
2021-06-06T09:17:08.736-0500 [DEBUG] [org.gradle.api.internal.artifacts.repositories.resolver.ExternalResourceResolver] Metadata file found for module 'org.ow2:ow2:1.5' in repository 'MavenRepo'.
2021-06-06T09:17:08.738-0500 [DEBUG] [org.gradle.api.internal.artifacts.ivyservice.modulecache.PersistentModuleMetadataCache] Recording module descriptor in cache: org.ow2:ow2:1.5 [changing = false]
2021-06-06T09:17:08.739-0500 [DEBUG] [org.gradle.api.internal.artifacts.repositories.resolver.DefaultExternalResourceArtifactResolver] Loading https://repo.maven.apache.org/maven2/com/squareup/javapoet/1.10.0/javapoet-1.10.0.pom
2021-06-06T09:17:08.739-0500 [DEBUG] [org.gradle.internal.resource.transfer.DefaultCacheAwareExternalResourceAccessor] Constructing external resource: https://repo.maven.apache.org/maven2/com/squareup/javapoet/1.10.0/javapoet-1.10.0.pom
2021-06-06T09:17:08.739-0500 [DEBUG] [org.gradle.api.internal.artifacts.repositories.resolver.DefaultExternalResourceArtifactResolver] Loading https://dl.google.com/dl/android/maven2/com/google/protobuf/protobuf-java-util/3.10.0/protobuf-java-util-3.10.0.pom
2021-06-06T09:17:08.740-0500 [DEBUG] [org.gradle.internal.resource.transfer.DefaultCacheAwareExternalResourceAccessor] Constructing external resource: https://dl.google.com/dl/android/maven2/com/google/protobuf/protobuf-java-util/3.10.0/protobuf-java-util-3.10.0.pom
2021-06-06T09:17:08.741-0500 [DEBUG] [org.gradle.internal.resource.transport.http.HttpResourceAccessor] Constructing external resource: https://repo.maven.apache.org/maven2/com/squareup/javapoet/1.10.0/javapoet-1.10.0.pom
2021-06-06T09:17:08.741-0500 [DEBUG] [org.gradle.internal.resource.transport.http.HttpClientHelper] Performing HTTP GET: https://repo.maven.apache.org/maven2/com/squareup/javapoet/1.10.0/javapoet-1.10.0.pom
2021-06-06T09:17:08.741-0500 [DEBUG] [org.apache.http.client.protocol.RequestAddCookies] CookieSpec selected: default
2021-06-06T09:17:08.741-0500 [DEBUG] [org.apache.http.client.protocol.RequestAuthCache] Auth cache not set in the context
2021-06-06T09:17:08.742-0500 [DEBUG] [org.apache.http.impl.conn.PoolingHttpClientConnectionManager] Connection request: [route: {s}->https://repo.maven.apache.org:443][total kept alive: 6; route allocated: 6 of 20; total allocated: 6 of 20]
2021-06-06T09:17:08.742-0500 [DEBUG] [org.apache.http.impl.conn.PoolingHttpClientConnectionManager] Connection leased: [id: 10][route: {s}->https://repo.maven.apache.org:443][total kept alive: 5; route allocated: 6 of 20; total allocated: 6 of 20]
2021-06-06T09:17:08.742-0500 [DEBUG] [org.apache.http.impl.conn.DefaultManagedHttpClientConnection] http-outgoing-10: set socket timeout to 30000
2021-06-06T09:17:08.742-0500 [DEBUG] [org.apache.http.impl.conn.DefaultManagedHttpClientConnection] http-outgoing-10: set socket timeout to 30000
2021-06-06T09:17:08.742-0500 [DEBUG] [org.apache.http.impl.execchain.MainClientExec] Executing request GET /maven2/com/squareup/javapoet/1.10.0/javapoet-1.10.0.pom HTTP/1.1
2021-06-06T09:17:08.742-0500 [DEBUG] [org.apache.http.impl.execchain.MainClientExec] Target auth state: UNCHALLENGED
2021-06-06T09:17:08.742-0500 [DEBUG] [org.apache.http.impl.execchain.MainClientExec] Proxy auth state: UNCHALLENGED
2021-06-06T09:17:08.744-0500 [DEBUG] [org.gradle.internal.resource.transport.http.HttpResourceAccessor] Constructing external resource: https://dl.google.com/dl/android/maven2/com/google/protobuf/protobuf-java-util/3.10.0/protobuf-java-util-3.10.0.pom
2021-06-06T09:17:08.744-0500 [DEBUG] [org.gradle.internal.resource.transport.http.HttpClientHelper] Performing HTTP GET: https://dl.google.com/dl/android/maven2/com/google/protobuf/protobuf-java-util/3.10.0/protobuf-java-util-3.10.0.pom
2021-06-06T09:17:08.744-0500 [DEBUG] [org.apache.http.client.protocol.RequestAddCookies] CookieSpec selected: default
2021-06-06T09:17:08.745-0500 [DEBUG] [org.apache.http.client.protocol.RequestAuthCache] Auth cache not set in the context
2021-06-06T09:17:08.745-0500 [DEBUG] [org.apache.http.impl.conn.PoolingHttpClientConnectionManager] Connection request: [route: {s}->https://dl.google.com:443][total kept alive: 8; route allocated: 8 of 20; total allocated: 8 of 20]
2021-06-06T09:17:08.745-0500 [DEBUG] [org.apache.http.impl.conn.PoolingHttpClientConnectionManager] Connection leased: [id: 7][route: {s}->https://dl.google.com:443][total kept alive: 7; route allocated: 8 of 20; total allocated: 8 of 20]
2021-06-06T09:17:08.745-0500 [DEBUG] [org.apache.http.impl.conn.DefaultManagedHttpClientConnection] http-outgoing-7: set socket timeout to 30000
2021-06-06T09:17:08.745-0500 [DEBUG] [org.apache.http.impl.conn.DefaultManagedHttpClientConnection] http-outgoing-7: set socket timeout to 30000
2021-06-06T09:17:08.745-0500 [DEBUG] [org.apache.http.impl.execchain.MainClientExec] Executing request GET /dl/android/maven2/com/google/protobuf/protobuf-java-util/3.10.0/protobuf-java-util-3.10.0.pom HTTP/1.1
2021-06-06T09:17:08.745-0500 [DEBUG] [org.apache.http.impl.execchain.MainClientExec] Target auth state: UNCHALLENGED
2021-06-06T09:17:08.745-0500 [DEBUG] [org.apache.http.impl.execchain.MainClientExec] Proxy auth state: UNCHALLENGED
2021-06-06T09:17:08.746-0500 [DEBUG] [org.gradle.internal.resource.transport.http.HttpResourceAccessor] Constructing external resource metadata: https://dl.google.com/dl/android/maven2/org/ow2/ow2/1.5/ow2-1.5.pom
2021-06-06T09:17:08.747-0500 [DEBUG] [org.gradle.internal.resource.transport.http.HttpClientHelper] Performing HTTP HEAD: https://dl.google.com/dl/android/maven2/org/ow2/ow2/1.5/ow2-1.5.pom
2021-06-06T09:17:08.747-0500 [DEBUG] [org.apache.http.client.protocol.RequestAddCookies] CookieSpec selected: default
2021-06-06T09:17:08.747-0500 [DEBUG] [org.apache.http.client.protocol.RequestAuthCache] Auth cache not set in the context
2021-06-06T09:17:08.747-0500 [DEBUG] [org.gradle.api.internal.artifacts.ivyservice.ivyresolve.CachingModuleComponentRepository] Using cached module metadata for module 'org.ow2:ow2:1.5' in 'MavenRepo'
2021-06-06T09:17:08.748-0500 [DEBUG] [org.gradle.api.internal.artifacts.ivyservice.ivyresolve.RepositoryChainComponentMetaDataResolver] Using org.ow2:ow2:1.5 from Maven repository 'MavenRepo'
2021-06-06T09:17:08.748-0500 [DEBUG] [org.gradle.api.internal.artifacts.ivyservice.ivyresolve.CachingModuleComponentRepository] Found artifact 'ow2-1.5.pom (org.ow2:ow2:1.5)' in resolver cache: C:\Users\gathi\.gradle\caches\modules-2\files-2.1\org.ow2\ow2\1.5\d8edc69335f4d9f95f511716fb689c86fb0ebaae\ow2-1.5.pom
2021-06-06T09:17:08.747-0500 [DEBUG] [org.apache.http.impl.conn.PoolingHttpClientConnectionManager] Connection request: [route: {s}->https://dl.google.com:443][total kept alive: 7; route allocated: 8 of 20; total allocated: 8 of 20]
2021-06-06T09:17:08.748-0500 [DEBUG] [org.apache.http.impl.conn.PoolingHttpClientConnectionManager] Connection leased: [id: 3][route: {s}->https://dl.google.com:443][total kept alive: 6; route allocated: 8 of 20; total allocated: 8 of 20]
2021-06-06T09:17:08.749-0500 [DEBUG] [org.apache.http.impl.conn.DefaultManagedHttpClientConnection] http-outgoing-3: set socket timeout to 30000
2021-06-06T09:17:08.749-0500 [DEBUG] [org.apache.http.impl.conn.DefaultManagedHttpClientConnection] http-outgoing-3: set socket timeout to 30000
2021-06-06T09:17:08.749-0500 [DEBUG] [org.apache.http.impl.execchain.MainClientExec] Executing request HEAD /dl/android/maven2/org/ow2/ow2/1.5/ow2-1.5.pom HTTP/1.1
2021-06-06T09:17:08.749-0500 [DEBUG] [org.apache.http.impl.execchain.MainClientExec] Target auth state: UNCHALLENGED
2021-06-06T09:17:08.749-0500 [DEBUG] [org.apache.http.impl.execchain.MainClientExec] Proxy auth state: UNCHALLENGED
2021-06-06T09:17:08.757-0500 [DEBUG] [org.gradle.api.internal.artifacts.ivyservice.ivyresolve.RepositoryChainComponentMetaDataResolver] Using org.ow2:ow2:1.5 from Maven repository 'MavenRepo'
2021-06-06T09:17:08.757-0500 [DEBUG] [org.gradle.api.internal.artifacts.ivyservice.ivyresolve.CachingModuleComponentRepository] Found artifact 'ow2-1.5.pom (org.ow2:ow2:1.5)' in resolver cache: C:\Users\gathi\.gradle\caches\modules-2\files-2.1\org.ow2\ow2\1.5\d8edc69335f4d9f95f511716fb689c86fb0ebaae\ow2-1.5.pom
2021-06-06T09:17:08.767-0500 [DEBUG] [org.apache.http.impl.execchain.MainClientExec] Connection can be kept alive indefinitely
2021-06-06T09:17:08.768-0500 [DEBUG] [org.gradle.internal.resource.transport.http.HttpResponseResource] Attempting to download resource https://repo.maven.apache.org/maven2/com/squareup/javapoet/1.10.0/javapoet-1.10.0.pom.
2021-06-06T09:17:08.769-0500 [INFO] [org.gradle.internal.resource.transfer.DefaultCacheAwareExternalResourceAccessor] Downloading https://repo.maven.apache.org/maven2/com/squareup/javapoet/1.10.0/javapoet-1.10.0.pom to C:\Users\gathi\AppData\Local\Temp\gradle_download13734213355015040453bin
2021-06-06T09:17:08.769-0500 [DEBUG] [org.gradle.api.internal.artifacts.repositories.resolver.ExternalResourceResolver] Metadata file found for module 'org.ow2.asm:asm-commons:7.0' in repository 'MavenRepo'.
2021-06-06T09:17:08.770-0500 [DEBUG] [org.gradle.api.internal.artifacts.ivyservice.modulecache.PersistentModuleMetadataCache] Recording module descriptor in cache: org.ow2.asm:asm-commons:7.0 [changing = false]
2021-06-06T09:17:08.772-0500 [DEBUG] [org.apache.http.impl.conn.PoolingHttpClientConnectionManager] Connection [id: 10][route: {s}->https://repo.maven.apache.org:443] can be kept alive indefinitely
2021-06-06T09:17:08.772-0500 [DEBUG] [org.apache.http.impl.conn.DefaultManagedHttpClientConnection] http-outgoing-10: set socket timeout to 0
2021-06-06T09:17:08.772-0500 [DEBUG] [org.apache.http.impl.conn.PoolingHttpClientConnectionManager] Connection released: [id: 10][route: {s}->https://repo.maven.apache.org:443][total kept alive: 6; route allocated: 6 of 20; total allocated: 6 of 20]
2021-06-06T09:17:08.772-0500 [DEBUG] [org.gradle.api.internal.artifacts.repositories.resolver.ExternalResourceResolver] Metadata file found for module 'org.ow2.asm:asm-util:7.0' in repository 'MavenRepo'.
2021-06-06T09:17:08.772-0500 [DEBUG] [org.gradle.api.internal.artifacts.repositories.resolver.ExternalResourceResolver] Metadata file found for module 'org.ow2.asm:asm-analysis:7.0' in repository 'MavenRepo'.
2021-06-06T09:17:08.773-0500 [DEBUG] [org.gradle.api.internal.artifacts.ivyservice.modulecache.PersistentModuleMetadataCache] Recording module descriptor in cache: org.ow2.asm:asm-analysis:7.0 [changing = false]
2021-06-06T09:17:08.772-0500 [DEBUG] [org.gradle.api.internal.artifacts.ivyservice.modulecache.PersistentModuleMetadataCache] Recording module descriptor in cache: org.ow2.asm:asm-util:7.0 [changing = false]
2021-06-06T09:17:08.773-0500 [DEBUG] [org.gradle.internal.operations.DefaultBuildOperationRunner] Build operation 'Download https://repo.maven.apache.org/maven2/com/squareup/javapoet/1.10.0/javapoet-1.10.0.pom' completed
2021-06-06T09:17:08.775-0500 [DEBUG] [org.gradle.api.internal.artifacts.repositories.resolver.DefaultExternalResourceArtifactResolver] Loading https://repo.maven.apache.org/maven2/com/google/protobuf/protobuf-java/3.10.0/protobuf-java-3.10.0.pom
2021-06-06T09:17:08.775-0500 [DEBUG] [org.gradle.internal.resource.transfer.DefaultCacheAwareExternalResourceAccessor] Constructing external resource: https://repo.maven.apache.org/maven2/com/google/protobuf/protobuf-java/3.10.0/protobuf-java-3.10.0.pom
2021-06-06T09:17:08.787-0500 [DEBUG] [org.gradle.api.internal.artifacts.ivyservice.ivyresolve.RepositoryChainComponentMetaDataResolver] Attempting to resolve component for org.sonatype.oss:oss-parent:7 using repositories [Google, MavenRepo]
2021-06-06T09:17:08.787-0500 [DEBUG] [org.gradle.api.internal.artifacts.ivyservice.ivyresolve.CachingModuleComponentRepository] Detected non-existence of module 'org.sonatype.oss:oss-parent:7' in resolver cache 'Google'
2021-06-06T09:17:08.787-0500 [DEBUG] [org.gradle.api.internal.artifacts.ivyservice.ivyresolve.CachingModuleComponentRepository] Using cached module metadata for module 'org.sonatype.oss:oss-parent:7' in 'MavenRepo'
2021-06-06T09:17:08.788-0500 [DEBUG] [org.gradle.api.internal.artifacts.ivyservice.ivyresolve.RepositoryChainComponentMetaDataResolver] Using org.sonatype.oss:oss-parent:7 from Maven repository 'MavenRepo'
2021-06-06T09:17:08.788-0500 [DEBUG] [org.gradle.api.internal.artifacts.ivyservice.ivyresolve.CachingModuleComponentRepository] Found artifact 'oss-parent-7.pom (org.sonatype.oss:oss-parent:7)' in resolver cache: C:\Users\gathi\.gradle\caches\modules-2\files-2.1\org.sonatype.oss\oss-parent\7\46b8a785b60a2767095b8611613b58577e96d4c9\oss-parent-7.pom
2021-06-06T09:17:08.788-0500 [DEBUG] [org.gradle.api.internal.artifacts.ivyservice.ivyresolve.RepositoryChainComponentMetaDataResolver] Using org.ow2.asm:asm-commons:7.0 from Maven repository 'MavenRepo'
2021-06-06T09:17:08.789-0500 [DEBUG] [org.gradle.api.internal.artifacts.ivyservice.ivyresolve.RepositoryChainComponentMetaDataResolver] Attempting to resolve component for com.google.crypto.tink:tink:1.3.0-rc2 using repositories [Google, MavenRepo]
2021-06-06T09:17:08.790-0500 [DEBUG] [org.gradle.api.internal.artifacts.repositories.resolver.DefaultExternalResourceArtifactResolver] Loading https://dl.google.com/dl/android/maven2/com/google/crypto/tink/tink/1.3.0-rc2/tink-1.3.0-rc2.pom
2021-06-06T09:17:08.790-0500 [DEBUG] [org.gradle.internal.resource.transfer.DefaultCacheAwareExternalResourceAccessor] Constructing external resource: https://dl.google.com/dl/android/maven2/com/google/crypto/tink/tink/1.3.0-rc2/tink-1.3.0-rc2.pom
2021-06-06T09:17:08.792-0500 [DEBUG] [org.gradle.internal.resource.transport.http.HttpResourceAccessor] Constructing external resource: https://dl.google.com/dl/android/maven2/com/google/crypto/tink/tink/1.3.0-rc2/tink-1.3.0-rc2.pom
2021-06-06T09:17:08.792-0500 [DEBUG] [org.gradle.internal.resource.transport.http.HttpClientHelper] Performing HTTP GET: https://dl.google.com/dl/android/maven2/com/google/crypto/tink/tink/1.3.0-rc2/tink-1.3.0-rc2.pom
2021-06-06T09:17:08.792-0500 [DEBUG] [org.apache.http.client.protocol.RequestAddCookies] CookieSpec selected: default
2021-06-06T09:17:08.792-0500 [DEBUG] [org.apache.http.client.protocol.RequestAuthCache] Auth cache not set in the context
2021-06-06T09:17:08.792-0500 [DEBUG] [org.apache.http.impl.conn.PoolingHttpClientConnectionManager] Connection request: [route: {s}->https://dl.google.com:443][total kept alive: 6; route allocated: 8 of 20; total allocated: 8 of 20]
2021-06-06T09:17:08.793-0500 [DEBUG] [org.apache.http.impl.conn.PoolingHttpClientConnectionManager] Connection leased: [id: 5][route: {s}->https://dl.google.com:443][total kept alive: 5; route allocated: 8 of 20; total allocated: 8 of 20]
2021-06-06T09:17:08.793-0500 [DEBUG] [org.apache.http.impl.conn.DefaultManagedHttpClientConnection] http-outgoing-5: set socket timeout to 30000
2021-06-06T09:17:08.793-0500 [DEBUG] [org.apache.http.impl.conn.DefaultManagedHttpClientConnection] http-outgoing-5: set socket timeout to 30000
2021-06-06T09:17:08.793-0500 [DEBUG] [org.apache.http.impl.execchain.MainClientExec] Executing request GET /dl/android/maven2/com/google/crypto/tink/tink/1.3.0-rc2/tink-1.3.0-rc2.pom HTTP/1.1
2021-06-06T09:17:08.793-0500 [DEBUG] [org.apache.http.impl.execchain.MainClientExec] Target auth state: UNCHALLENGED
2021-06-06T09:17:08.793-0500 [DEBUG] [org.apache.http.impl.execchain.MainClientExec] Proxy auth state: UNCHALLENGED
2021-06-06T09:17:08.796-0500 [DEBUG] [org.gradle.api.internal.artifacts.repositories.resolver.ExternalResourceResolver] Metadata file found for module 'net.sf.proguard:proguard-parent:6.0.3' in repository 'MavenRepo'.
2021-06-06T09:17:08.796-0500 [DEBUG] [org.gradle.api.internal.artifacts.ivyservice.modulecache.PersistentModuleMetadataCache] Recording module descriptor in cache: net.sf.proguard:proguard-parent:6.0.3 [changing = false]
2021-06-06T09:17:08.797-0500 [DEBUG] [org.gradle.api.internal.artifacts.repositories.resolver.ExternalResourceResolver] Metadata file found for module 'com.squareup:javapoet:1.10.0' in repository 'MavenRepo'.
2021-06-06T09:17:08.797-0500 [DEBUG] [org.gradle.api.internal.artifacts.ivyservice.modulecache.PersistentModuleMetadataCache] Recording module descriptor in cache: com.squareup:javapoet:1.10.0 [changing = false]
2021-06-06T09:17:08.797-0500 [DEBUG] [org.apache.http.impl.execchain.MainClientExec] Connection can be kept alive indefinitely
2021-06-06T09:17:08.797-0500 [DEBUG] [org.apache.http.impl.conn.PoolingHttpClientConnectionManager] Connection [id: 3][route: {s}->https://dl.google.com:443] can be kept alive indefinitely
2021-06-06T09:17:08.797-0500 [DEBUG] [org.apache.http.impl.conn.DefaultManagedHttpClientConnection] http-outgoing-3: set socket timeout to 0
2021-06-06T09:17:08.797-0500 [DEBUG] [org.apache.http.impl.conn.PoolingHttpClientConnectionManager] Connection released: [id: 3][route: {s}->https://dl.google.com:443][total kept alive: 6; route allocated: 8 of 20; total allocated: 8 of 20]
2021-06-06T09:17:08.798-0500 [INFO] [org.gradle.internal.resource.transport.http.HttpClientHelper] Resource missing. [HTTP HEAD: https://dl.google.com/dl/android/maven2/org/ow2/ow2/1.5/ow2-1.5.pom]
2021-06-06T09:17:08.798-0500 [DEBUG] [org.gradle.internal.operations.DefaultBuildOperationRunner] Build operation 'Metadata of https://dl.google.com/dl/android/maven2/org/ow2/ow2/1.5/ow2-1.5.pom' completed
2021-06-06T09:17:08.798-0500 [DEBUG] [org.gradle.api.internal.artifacts.repositories.resolver.ExternalResourceResolver] No meta-data file or artifact found for module 'org.ow2:ow2:1.5' in repository 'Google'.
2021-06-06T09:17:08.798-0500 [DEBUG] [org.gradle.api.internal.artifacts.ivyservice.modulecache.PersistentModuleMetadataCache] Recording absence of module descriptor in cache: org.ow2:ow2:1.5 [changing = false]
2021-06-06T09:17:08.822-0500 [DEBUG] [org.gradle.api.internal.artifacts.ivyservice.ivyresolve.RepositoryChainComponentMetaDataResolver] Using org.ow2.asm:asm-analysis:7.0 from Maven repository 'MavenRepo'
2021-06-06T09:17:08.823-0500 [DEBUG] [org.gradle.api.internal.artifacts.ivyservice.ivyresolve.RepositoryChainComponentMetaDataResolver] Attempting to resolve component for com.google.testing.platform:core-proto:0.0.8-alpha01 using repositories [Google, MavenRepo]
2021-06-06T09:17:08.824-0500 [DEBUG] [org.gradle.api.internal.artifacts.ivyservice.ivyresolve.RepositoryChainComponentMetaDataResolver] Using net.sf.proguard:proguard-parent:6.0.3 from Maven repository 'MavenRepo'
2021-06-06T09:17:08.828-0500 [DEBUG] [org.apache.http.impl.execchain.MainClientExec] Connection can be kept alive indefinitely
2021-06-06T09:17:08.829-0500 [DEBUG] [org.apache.http.impl.conn.PoolingHttpClientConnectionManager] Connection [id: 7][route: {s}->https://dl.google.com:443] can be kept alive indefinitely
2021-06-06T09:17:08.829-0500 [DEBUG] [org.apache.http.impl.conn.DefaultManagedHttpClientConnection] http-outgoing-7: set socket timeout to 0
2021-06-06T09:17:08.829-0500 [DEBUG] [org.apache.http.impl.conn.PoolingHttpClientConnectionManager] Connection released: [id: 7][route: {s}->https://dl.google.com:443][total kept alive: 7; route allocated: 8 of 20; total allocated: 8 of 20]
2021-06-06T09:17:08.829-0500 [INFO] [org.gradle.internal.resource.transport.http.HttpClientHelper] Resource missing. [HTTP GET: https://dl.google.com/dl/android/maven2/com/google/protobuf/protobuf-java-util/3.10.0/protobuf-java-util-3.10.0.pom]
2021-06-06T09:17:08.830-0500 [DEBUG] [org.gradle.internal.operations.DefaultBuildOperationRunner] Build operation 'Download https://dl.google.com/dl/android/maven2/com/google/protobuf/protobuf-java-util/3.10.0/protobuf-java-util-3.10.0.pom' completed
2021-06-06T09:17:08.830-0500 [DEBUG] [org.gradle.api.internal.artifacts.repositories.resolver.ExternalResourceResolver] No meta-data file or artifact found for module 'com.google.protobuf:protobuf-java-util:3.10.0' in repository 'Google'.
2021-06-06T09:17:08.830-0500 [DEBUG] [org.gradle.api.internal.artifacts.ivyservice.modulecache.PersistentModuleMetadataCache] Recording absence of module descriptor in cache: com.google.protobuf:protobuf-java-util:3.10.0 [changing = false]
2021-06-06T09:17:08.830-0500 [DEBUG] [org.gradle.api.internal.artifacts.repositories.resolver.DefaultExternalResourceArtifactResolver] Loading https://repo.maven.apache.org/maven2/net/sf/proguard/proguard-parent/6.0.3/proguard-parent-6.0.3.pom
2021-06-06T09:17:08.830-0500 [DEBUG] [org.gradle.internal.resource.transfer.DefaultCacheAwareExternalResourceAccessor] Constructing external resource: https://repo.maven.apache.org/maven2/net/sf/proguard/proguard-parent/6.0.3/proguard-parent-6.0.3.pom
2021-06-06T09:17:08.830-0500 [DEBUG] [org.gradle.api.internal.artifacts.ivyservice.ivyresolve.RepositoryChainComponentMetaDataResolver] Using com.squareup:javapoet:1.10.0 from Maven repository 'MavenRepo'
2021-06-06T09:17:08.832-0500 [DEBUG] [org.gradle.api.internal.artifacts.ivyservice.ivyresolve.RepositoryChainComponentMetaDataResolver] Attempting to resolve component for com.android.tools.build:aapt2-proto:4.2.1-7147631 using repositories [Google, MavenRepo]
2021-06-06T09:17:08.832-0500 [DEBUG] [org.apache.http.impl.execchain.MainClientExec] Connection can be kept alive indefinitely
2021-06-06T09:17:08.833-0500 [DEBUG] [org.apache.http.impl.conn.PoolingHttpClientConnectionManager] Connection [id: 5][route: {s}->https://dl.google.com:443] can be kept alive indefinitely
2021-06-06T09:17:08.833-0500 [DEBUG] [org.apache.http.impl.conn.DefaultManagedHttpClientConnection] http-outgoing-5: set socket timeout to 0
2021-06-06T09:17:08.833-0500 [DEBUG] [org.apache.http.impl.conn.PoolingHttpClientConnectionManager] Connection released: [id: 5][route: {s}->https://dl.google.com:443][total kept alive: 8; route allocated: 8 of 20; total allocated: 8 of 20]
2021-06-06T09:17:08.833-0500 [INFO] [org.gradle.internal.resource.transport.http.HttpClientHelper] Resource missing. [HTTP GET: https://dl.google.com/dl/android/maven2/com/google/crypto/tink/tink/1.3.0-rc2/tink-1.3.0-rc2.pom]
2021-06-06T09:17:08.834-0500 [DEBUG] [org.gradle.internal.operations.DefaultBuildOperationRunner] Build operation 'Download https://dl.google.com/dl/android/maven2/com/google/crypto/tink/tink/1.3.0-rc2/tink-1.3.0-rc2.pom' completed
2021-06-06T09:17:08.834-0500 [DEBUG] [org.gradle.api.internal.artifacts.repositories.resolver.ExternalResourceResolver] No meta-data file or artifact found for module 'com.google.crypto.tink:tink:1.3.0-rc2' in repository 'Google'.
2021-06-06T09:17:08.834-0500 [DEBUG] [org.gradle.api.internal.artifacts.ivyservice.modulecache.PersistentModuleMetadataCache] Recording absence of module descriptor in cache: com.google.crypto.tink:tink:1.3.0-rc2 [changing = false]
2021-06-06T09:17:08.835-0500 [DEBUG] [org.gradle.api.internal.artifacts.ivyservice.ivyresolve.RepositoryChainComponentMetaDataResolver] Using org.ow2.asm:asm-util:7.0 from Maven repository 'MavenRepo'
2021-06-06T09:17:08.835-0500 [DEBUG] [org.gradle.internal.operations.DefaultBuildOperationRunner] Build operation 'Resolve org.ow2.asm:asm-util:7.0' completed
2021-06-06T09:17:08.835-0500 [DEBUG] [org.gradle.internal.work.DefaultWorkerLeaseService] Worker lease root.1.5.9 completed (7 worker(s) in use)
2021-06-06T09:17:08.835-0500 [DEBUG] [org.gradle.internal.resources.AbstractTrackedResourceLock] Daemon worker: released lock on root.1.5.9
2021-06-06T09:17:08.835-0500 [DEBUG] [org.gradle.api.internal.artifacts.ivyservice.ivyresolve.CachingModuleComponentRepository] Downloaded artifact 'proguard-parent-6.0.3.pom (net.sf.proguard:proguard-parent:6.0.3)' from resolver: MavenRepo
2021-06-06T09:17:08.836-0500 [DEBUG] [org.gradle.api.internal.artifacts.repositories.resolver.DefaultExternalResourceArtifactResolver] Loading https://dl.google.com/dl/android/maven2/com/android/tools/build/aapt2-proto/4.2.1-7147631/aapt2-proto-4.2.1-7147631.pom
2021-06-06T09:17:08.836-0500 [DEBUG] [org.gradle.api.internal.artifacts.repositories.resolver.DefaultExternalResourceArtifactResolver] Loading https://dl.google.com/dl/android/maven2/com/google/testing/platform/core-proto/0.0.8-alpha01/core-proto-0.0.8-alpha01.pom
2021-06-06T09:17:08.836-0500 [DEBUG] [org.gradle.internal.resource.transfer.DefaultCacheAwareExternalResourceAccessor] Constructing external resource: https://dl.google.com/dl/android/maven2/com/android/tools/build/aapt2-proto/4.2.1-7147631/aapt2-proto-4.2.1-7147631.pom
2021-06-06T09:17:08.836-0500 [DEBUG] [org.gradle.api.internal.artifacts.repositories.resolver.DefaultExternalResourceArtifactResolver] Loading https://repo.maven.apache.org/maven2/com/google/crypto/tink/tink/1.3.0-rc2/tink-1.3.0-rc2.pom
2021-06-06T09:17:08.836-0500 [DEBUG] [org.gradle.internal.resource.transfer.DefaultCacheAwareExternalResourceAccessor] Constructing external resource: https://dl.google.com/dl/android/maven2/com/google/testing/platform/core-proto/0.0.8-alpha01/core-proto-0.0.8-alpha01.pom
2021-06-06T09:17:08.836-0500 [DEBUG] [org.gradle.api.internal.artifacts.ivyservice.ivyresolve.CachingModuleComponentRepository] Using cached module metadata for module 'org.ow2:ow2:1.5' in 'MavenRepo'
2021-06-06T09:17:08.837-0500 [DEBUG] [org.gradle.api.internal.artifacts.ivyservice.ivyresolve.RepositoryChainComponentMetaDataResolver] Using org.ow2:ow2:1.5 from Maven repository 'MavenRepo'
2021-06-06T09:17:08.836-0500 [DEBUG] [org.gradle.internal.resource.transfer.DefaultCacheAwareExternalResourceAccessor] Constructing external resource: https://repo.maven.apache.org/maven2/com/google/crypto/tink/tink/1.3.0-rc2/tink-1.3.0-rc2.pom
2021-06-06T09:17:08.837-0500 [DEBUG] [org.gradle.api.internal.artifacts.repositories.resolver.DefaultExternalResourceArtifactResolver] Loading https://repo.maven.apache.org/maven2/com/google/protobuf/protobuf-java-util/3.10.0/protobuf-java-util-3.10.0.pom
2021-06-06T09:17:08.837-0500 [DEBUG] [org.gradle.internal.resource.transfer.DefaultCacheAwareExternalResourceAccessor] Constructing external resource: https://repo.maven.apache.org/maven2/com/google/protobuf/protobuf-java-util/3.10.0/protobuf-java-util-3.10.0.pom
2021-06-06T09:17:08.837-0500 [DEBUG] [org.gradle.internal.resource.transport.http.HttpResourceAccessor] Constructing external resource: https://repo.maven.apache.org/maven2/com/google/protobuf/protobuf-java/3.10.0/protobuf-java-3.10.0.pom
2021-06-06T09:17:08.839-0500 [DEBUG] [org.gradle.internal.resource.transport.http.HttpResourceAccessor] Constructing external resource: https://repo.maven.apache.org/maven2/com/google/crypto/tink/tink/1.3.0-rc2/tink-1.3.0-rc2.pom
2021-06-06T09:17:08.839-0500 [DEBUG] [org.gradle.internal.resource.transport.http.HttpClientHelper] Performing HTTP GET: https://repo.maven.apache.org/maven2/com/google/crypto/tink/tink/1.3.0-rc2/tink-1.3.0-rc2.pom
2021-06-06T09:17:08.838-0500 [DEBUG] [org.gradle.api.internal.artifacts.ivyservice.ivyresolve.CachingModuleComponentRepository] Found artifact 'ow2-1.5.pom (org.ow2:ow2:1.5)' in resolver cache: C:\Users\gathi\.gradle\caches\modules-2\files-2.1\org.ow2\ow2\1.5\d8edc69335f4d9f95f511716fb689c86fb0ebaae\ow2-1.5.pom
2021-06-06T09:17:08.839-0500 [DEBUG] [org.apache.http.client.protocol.RequestAddCookies] CookieSpec selected: default
2021-06-06T09:17:08.840-0500 [DEBUG] [org.gradle.internal.resource.transport.http.HttpResourceAccessor] Constructing external resource: https://repo.maven.apache.org/maven2/com/google/protobuf/protobuf-java-util/3.10.0/protobuf-java-util-3.10.0.pom
2021-06-06T09:17:08.840-0500 [DEBUG] [org.gradle.internal.resource.transport.http.HttpClientHelper] Performing HTTP GET: https://repo.maven.apache.org/maven2/com/google/protobuf/protobuf-java-util/3.10.0/protobuf-java-util-3.10.0.pom
2021-06-06T09:17:08.839-0500 [DEBUG] [org.gradle.internal.resource.transport.http.HttpClientHelper] Performing HTTP GET: https://repo.maven.apache.org/maven2/com/google/protobuf/protobuf-java/3.10.0/protobuf-java-3.10.0.pom
2021-06-06T09:17:08.840-0500 [DEBUG] [org.apache.http.client.protocol.RequestAddCookies] CookieSpec selected: default
2021-06-06T09:17:08.839-0500 [DEBUG] [org.apache.http.client.protocol.RequestAuthCache] Auth cache not set in the context
2021-06-06T09:17:08.841-0500 [DEBUG] [org.apache.http.client.protocol.RequestAuthCache] Auth cache not set in the context
2021-06-06T09:17:08.841-0500 [DEBUG] [org.apache.http.impl.conn.PoolingHttpClientConnectionManager] Connection request: [route: {s}->https://repo.maven.apache.org:443][total kept alive: 6; route allocated: 6 of 20; total allocated: 6 of 20]
2021-06-06T09:17:08.841-0500 [DEBUG] [org.apache.http.client.protocol.RequestAddCookies] CookieSpec selected: default
2021-06-06T09:17:08.841-0500 [DEBUG] [org.apache.http.client.protocol.RequestAuthCache] Auth cache not set in the context
2021-06-06T09:17:08.841-0500 [DEBUG] [org.apache.http.impl.conn.PoolingHttpClientConnectionManager] Connection request: [route: {s}->https://repo.maven.apache.org:443][total kept alive: 5; route allocated: 6 of 20; total allocated: 6 of 20]
2021-06-06T09:17:08.842-0500 [DEBUG] [org.gradle.internal.resource.transport.http.HttpResourceAccessor] Constructing external resource: https://dl.google.com/dl/android/maven2/com/google/testing/platform/core-proto/0.0.8-alpha01/core-proto-0.0.8-alpha01.pom
2021-06-06T09:17:08.841-0500 [DEBUG] [org.gradle.internal.resource.transport.http.HttpResourceAccessor] Constructing external resource: https://dl.google.com/dl/android/maven2/com/android/tools/build/aapt2-proto/4.2.1-7147631/aapt2-proto-4.2.1-7147631.pom
2021-06-06T09:17:08.841-0500 [DEBUG] [org.apache.http.impl.conn.PoolingHttpClientConnectionManager] Connection leased: [id: 10][route: {s}->https://repo.maven.apache.org:443][total kept alive: 5; route allocated: 6 of 20; total allocated: 6 of 20]
2021-06-06T09:17:08.841-0500 [DEBUG] [org.apache.http.impl.conn.PoolingHttpClientConnectionManager] Connection request: [route: {s}->https://repo.maven.apache.org:443][total kept alive: 6; route allocated: 6 of 20; total allocated: 6 of 20]
2021-06-06T09:17:08.842-0500 [DEBUG] [org.apache.http.impl.conn.DefaultManagedHttpClientConnection] http-outgoing-10: set socket timeout to 30000
2021-06-06T09:17:08.842-0500 [DEBUG] [org.gradle.internal.resource.transport.http.HttpClientHelper] Performing HTTP GET: https://dl.google.com/dl/android/maven2/com/google/testing/platform/core-proto/0.0.8-alpha01/core-proto-0.0.8-alpha01.pom
2021-06-06T09:17:08.842-0500 [DEBUG] [org.gradle.internal.resource.transport.http.HttpClientHelper] Performing HTTP GET: https://dl.google.com/dl/android/maven2/com/android/tools/build/aapt2-proto/4.2.1-7147631/aapt2-proto-4.2.1-7147631.pom
2021-06-06T09:17:08.843-0500 [DEBUG] [org.apache.http.client.protocol.RequestAddCookies] CookieSpec selected: default
2021-06-06T09:17:08.843-0500 [DEBUG] [org.apache.http.client.protocol.RequestAuthCache] Auth cache not set in the context
2021-06-06T09:17:08.843-0500 [DEBUG] [org.apache.http.impl.conn.PoolingHttpClientConnectionManager] Connection request: [route: {s}->https://dl.google.com:443][total kept alive: 8; route allocated: 8 of 20; total allocated: 8 of 20]
2021-06-06T09:17:08.843-0500 [DEBUG] [org.apache.http.impl.conn.PoolingHttpClientConnectionManager] Connection leased: [id: 5][route: {s}->https://dl.google.com:443][total kept alive: 7; route allocated: 8 of 20; total allocated: 8 of 20]
2021-06-06T09:17:08.843-0500 [DEBUG] [org.apache.http.impl.conn.DefaultManagedHttpClientConnection] http-outgoing-5: set socket timeout to 30000
2021-06-06T09:17:08.843-0500 [DEBUG] [org.apache.http.impl.conn.DefaultManagedHttpClientConnection] http-outgoing-5: set socket timeout to 30000
2021-06-06T09:17:08.843-0500 [DEBUG] [org.apache.http.impl.execchain.MainClientExec] Executing request GET /dl/android/maven2/com/google/testing/platform/core-proto/0.0.8-alpha01/core-proto-0.0.8-alpha01.pom HTTP/1.1
2021-06-06T09:17:08.844-0500 [DEBUG] [org.apache.http.impl.execchain.MainClientExec] Target auth state: UNCHALLENGED
2021-06-06T09:17:08.844-0500 [DEBUG] [org.apache.http.impl.execchain.MainClientExec] Proxy auth state: UNCHALLENGED
2021-06-06T09:17:08.842-0500 [DEBUG] [org.apache.http.impl.conn.PoolingHttpClientConnectionManager] Connection leased: [id: 13][route: {s}->https://repo.maven.apache.org:443][total kept alive: 4; route allocated: 6 of 20; total allocated: 6 of 20]
2021-06-06T09:17:08.844-0500 [DEBUG] [org.apache.http.impl.conn.DefaultManagedHttpClientConnection] http-outgoing-13: set socket timeout to 30000
2021-06-06T09:17:08.844-0500 [DEBUG] [org.apache.http.impl.conn.DefaultManagedHttpClientConnection] http-outgoing-13: set socket timeout to 30000
2021-06-06T09:17:08.844-0500 [DEBUG] [org.apache.http.impl.execchain.MainClientExec] Executing request GET /maven2/com/google/protobuf/protobuf-java/3.10.0/protobuf-java-3.10.0.pom HTTP/1.1
2021-06-06T09:17:08.845-0500 [DEBUG] [org.apache.http.impl.execchain.MainClientExec] Target auth state: UNCHALLENGED
2021-06-06T09:17:08.845-0500 [DEBUG] [org.apache.http.impl.execchain.MainClientExec] Proxy auth state: UNCHALLENGED
2021-06-06T09:17:08.842-0500 [DEBUG] [org.apache.http.impl.conn.DefaultManagedHttpClientConnection] http-outgoing-10: set socket timeout to 30000
2021-06-06T09:17:08.842-0500 [DEBUG] [org.apache.http.impl.conn.PoolingHttpClientConnectionManager] Connection leased: [id: 9][route: {s}->https://repo.maven.apache.org:443][total kept alive: 3; route allocated: 6 of 20; total allocated: 6 of 20]
2021-06-06T09:17:08.845-0500 [DEBUG] [org.apache.http.impl.execchain.MainClientExec] Executing request GET /maven2/com/google/protobuf/protobuf-java-util/3.10.0/protobuf-java-util-3.10.0.pom HTTP/1.1
2021-06-06T09:17:08.845-0500 [DEBUG] [org.apache.http.impl.execchain.MainClientExec] Target auth state: UNCHALLENGED
2021-06-06T09:17:08.845-0500 [DEBUG] [org.apache.http.impl.conn.DefaultManagedHttpClientConnection] http-outgoing-9: set socket timeout to 30000
2021-06-06T09:17:08.845-0500 [DEBUG] [org.apache.http.client.protocol.RequestAddCookies] CookieSpec selected: default
2021-06-06T09:17:08.845-0500 [DEBUG] [org.apache.http.impl.execchain.MainClientExec] Proxy auth state: UNCHALLENGED
2021-06-06T09:17:08.846-0500 [DEBUG] [org.apache.http.client.protocol.RequestAuthCache] Auth cache not set in the context
2021-06-06T09:17:08.846-0500 [DEBUG] [org.apache.http.impl.conn.DefaultManagedHttpClientConnection] http-outgoing-9: set socket timeout to 30000
2021-06-06T09:17:08.846-0500 [DEBUG] [org.apache.http.impl.conn.PoolingHttpClientConnectionManager] Connection request: [route: {s}->https://dl.google.com:443][total kept alive: 7; route allocated: 8 of 20; total allocated: 8 of 20]
2021-06-06T09:17:08.846-0500 [DEBUG] [org.apache.http.impl.execchain.MainClientExec] Executing request GET /maven2/com/google/crypto/tink/tink/1.3.0-rc2/tink-1.3.0-rc2.pom HTTP/1.1
2021-06-06T09:17:08.846-0500 [DEBUG] [org.apache.http.impl.execchain.MainClientExec] Target auth state: UNCHALLENGED
2021-06-06T09:17:08.846-0500 [DEBUG] [org.apache.http.impl.conn.PoolingHttpClientConnectionManager] Connection leased: [id: 7][route: {s}->https://dl.google.com:443][total kept alive: 6; route allocated: 8 of 20; total allocated: 8 of 20]
2021-06-06T09:17:08.846-0500 [DEBUG] [org.apache.http.impl.execchain.MainClientExec] Proxy auth state: UNCHALLENGED
2021-06-06T09:17:08.847-0500 [DEBUG] [org.apache.http.impl.conn.DefaultManagedHttpClientConnection] http-outgoing-7: set socket timeout to 30000
2021-06-06T09:17:08.847-0500 [DEBUG] [org.gradle.api.internal.artifacts.repositories.resolver.ExternalResourceResolver] Metadata file found for module 'net.sf.proguard:proguard-gradle:6.0.3' in repository 'MavenRepo'.
2021-06-06T09:17:08.847-0500 [DEBUG] [org.gradle.api.internal.artifacts.ivyservice.modulecache.PersistentModuleMetadataCache] Recording module descriptor in cache: net.sf.proguard:proguard-gradle:6.0.3 [changing = false]
2021-06-06T09:17:08.847-0500 [DEBUG] [org.apache.http.impl.conn.DefaultManagedHttpClientConnection] http-outgoing-7: set socket timeout to 30000
2021-06-06T09:17:08.848-0500 [DEBUG] [org.gradle.api.internal.artifacts.repositories.resolver.ExternalResourceResolver] Metadata file found for module 'org.ow2.asm:asm:7.0' in repository 'MavenRepo'.
2021-06-06T09:17:08.848-0500 [DEBUG] [org.apache.http.impl.execchain.MainClientExec] Executing request GET /dl/android/maven2/com/android/tools/build/aapt2-proto/4.2.1-7147631/aapt2-proto-4.2.1-7147631.pom HTTP/1.1
2021-06-06T09:17:08.848-0500 [DEBUG] [org.apache.http.impl.execchain.MainClientExec] Target auth state: UNCHALLENGED
2021-06-06T09:17:08.848-0500 [DEBUG] [org.gradle.api.internal.artifacts.ivyservice.modulecache.PersistentModuleMetadataCache] Recording module descriptor in cache: org.ow2.asm:asm:7.0 [changing = false]
2021-06-06T09:17:08.848-0500 [DEBUG] [org.apache.http.impl.execchain.MainClientExec] Proxy auth state: UNCHALLENGED
2021-06-06T09:17:08.852-0500 [DEBUG] [org.gradle.api.internal.artifacts.ivyservice.ivyresolve.RepositoryChainComponentMetaDataResolver] Using net.sf.proguard:proguard-gradle:6.0.3 from Maven repository 'MavenRepo'
2021-06-06T09:17:08.857-0500 [DEBUG] [org.gradle.api.internal.artifacts.ivyservice.ivyresolve.RepositoryChainComponentMetaDataResolver] Using org.ow2.asm:asm:7.0 from Maven repository 'MavenRepo'
2021-06-06T09:17:08.860-0500 [DEBUG] [org.apache.http.impl.execchain.MainClientExec] Connection can be kept alive indefinitely
2021-06-06T09:17:08.861-0500 [DEBUG] [org.gradle.internal.resource.transport.http.HttpResponseResource] Attempting to download resource https://repo.maven.apache.org/maven2/com/google/protobuf/protobuf-java/3.10.0/protobuf-java-3.10.0.pom.
2021-06-06T09:17:08.862-0500 [INFO] [org.gradle.internal.resource.transfer.DefaultCacheAwareExternalResourceAccessor] Downloading https://repo.maven.apache.org/maven2/com/google/protobuf/protobuf-java/3.10.0/protobuf-java-3.10.0.pom to C:\Users\gathi\AppData\Local\Temp\gradle_download7152532200074034321bin
2021-06-06T09:17:08.863-0500 [DEBUG] [org.apache.http.impl.execchain.MainClientExec] Connection can be kept alive indefinitely
2021-06-06T09:17:08.864-0500 [DEBUG] [org.gradle.internal.resource.transport.http.HttpResponseResource] Attempting to download resource https://repo.maven.apache.org/maven2/com/google/protobuf/protobuf-java-util/3.10.0/protobuf-java-util-3.10.0.pom.
2021-06-06T09:17:08.864-0500 [DEBUG] [org.apache.http.impl.conn.PoolingHttpClientConnectionManager] Connection [id: 13][route: {s}->https://repo.maven.apache.org:443] can be kept alive indefinitely
2021-06-06T09:17:08.864-0500 [DEBUG] [org.apache.http.impl.conn.DefaultManagedHttpClientConnection] http-outgoing-13: set socket timeout to 0
2021-06-06T09:17:08.864-0500 [DEBUG] [org.apache.http.impl.conn.PoolingHttpClientConnectionManager] Connection released: [id: 13][route: {s}->https://repo.maven.apache.org:443][total kept alive: 4; route allocated: 6 of 20; total allocated: 6 of 20]
2021-06-06T09:17:08.865-0500 [DEBUG] [org.gradle.internal.operations.DefaultBuildOperationRunner] Build operation 'Download https://repo.maven.apache.org/maven2/com/google/protobuf/protobuf-java/3.10.0/protobuf-java-3.10.0.pom' completed
2021-06-06T09:17:08.866-0500 [INFO] [org.gradle.internal.resource.transfer.DefaultCacheAwareExternalResourceAccessor] Downloading https://repo.maven.apache.org/maven2/com/google/protobuf/protobuf-java-util/3.10.0/protobuf-java-util-3.10.0.pom to C:\Users\gathi\AppData\Local\Temp\gradle_download14834401693175996127bin
2021-06-06T09:17:08.867-0500 [DEBUG] [org.apache.http.impl.conn.PoolingHttpClientConnectionManager] Connection [id: 10][route: {s}->https://repo.maven.apache.org:443] can be kept alive indefinitely
2021-06-06T09:17:08.867-0500 [DEBUG] [org.apache.http.impl.conn.DefaultManagedHttpClientConnection] http-outgoing-10: set socket timeout to 0
2021-06-06T09:17:08.868-0500 [DEBUG] [org.apache.http.impl.conn.PoolingHttpClientConnectionManager] Connection released: [id: 10][route: {s}->https://repo.maven.apache.org:443][total kept alive: 5; route allocated: 6 of 20; total allocated: 6 of 20]
2021-06-06T09:17:08.868-0500 [DEBUG] [org.gradle.internal.operations.DefaultBuildOperationRunner] Build operation 'Download https://repo.maven.apache.org/maven2/com/google/protobuf/protobuf-java-util/3.10.0/protobuf-java-util-3.10.0.pom' completed
2021-06-06T09:17:08.871-0500 [DEBUG] [org.apache.http.impl.execchain.MainClientExec] Connection can be kept alive indefinitely
2021-06-06T09:17:08.871-0500 [DEBUG] [org.gradle.internal.resource.transport.http.HttpResponseResource] Attempting to download resource https://repo.maven.apache.org/maven2/com/google/crypto/tink/tink/1.3.0-rc2/tink-1.3.0-rc2.pom.
2021-06-06T09:17:08.873-0500 [INFO] [org.gradle.internal.resource.transfer.DefaultCacheAwareExternalResourceAccessor] Downloading https://repo.maven.apache.org/maven2/com/google/crypto/tink/tink/1.3.0-rc2/tink-1.3.0-rc2.pom to C:\Users\gathi\AppData\Local\Temp\gradle_download2925671377379638565bin
2021-06-06T09:17:08.875-0500 [DEBUG] [org.apache.http.impl.conn.PoolingHttpClientConnectionManager] Connection [id: 9][route: {s}->https://repo.maven.apache.org:443] can be kept alive indefinitely
2021-06-06T09:17:08.875-0500 [DEBUG] [org.apache.http.impl.conn.DefaultManagedHttpClientConnection] http-outgoing-9: set socket timeout to 0
2021-06-06T09:17:08.875-0500 [DEBUG] [org.apache.http.impl.conn.PoolingHttpClientConnectionManager] Connection released: [id: 9][route: {s}->https://repo.maven.apache.org:443][total kept alive: 6; route allocated: 6 of 20; total allocated: 6 of 20]
2021-06-06T09:17:08.875-0500 [DEBUG] [org.gradle.internal.operations.DefaultBuildOperationRunner] Build operation 'Download https://repo.maven.apache.org/maven2/com/google/crypto/tink/tink/1.3.0-rc2/tink-1.3.0-rc2.pom' completed
2021-06-06T09:17:08.876-0500 [DEBUG] [org.gradle.api.internal.artifacts.ivyservice.ivyresolve.RepositoryChainComponentMetaDataResolver] Attempting to resolve component for com.google.protobuf:protobuf-parent:3.10.0 using repositories [Google, MavenRepo]
2021-06-06T09:17:08.885-0500 [DEBUG] [org.gradle.api.internal.artifacts.ivyservice.ivyresolve.RepositoryChainComponentMetaDataResolver] Attempting to resolve component for com.google.protobuf:protobuf-parent:3.10.0 using repositories [Google, MavenRepo]
2021-06-06T09:17:08.889-0500 [DEBUG] [org.gradle.api.internal.artifacts.repositories.resolver.DefaultExternalResourceArtifactResolver] Loading https://dl.google.com/dl/android/maven2/com/google/protobuf/protobuf-parent/3.10.0/protobuf-parent-3.10.0.pom
2021-06-06T09:17:08.889-0500 [DEBUG] [org.gradle.api.internal.artifacts.repositories.resolver.DefaultExternalResourceArtifactResolver] Loading https://dl.google.com/dl/android/maven2/com/google/protobuf/protobuf-parent/3.10.0/protobuf-parent-3.10.0.pom
2021-06-06T09:17:08.889-0500 [DEBUG] [org.gradle.internal.resource.transfer.DefaultCacheAwareExternalResourceAccessor] Constructing external resource: https://dl.google.com/dl/android/maven2/com/google/protobuf/protobuf-parent/3.10.0/protobuf-parent-3.10.0.pom
2021-06-06T09:17:08.891-0500 [DEBUG] [org.gradle.internal.resource.transport.http.HttpResourceAccessor] Constructing external resource: https://dl.google.com/dl/android/maven2/com/google/protobuf/protobuf-parent/3.10.0/protobuf-parent-3.10.0.pom
2021-06-06T09:17:08.891-0500 [DEBUG] [org.gradle.internal.resource.transport.http.HttpClientHelper] Performing HTTP GET: https://dl.google.com/dl/android/maven2/com/google/protobuf/protobuf-parent/3.10.0/protobuf-parent-3.10.0.pom
2021-06-06T09:17:08.892-0500 [DEBUG] [org.apache.http.client.protocol.RequestAddCookies] CookieSpec selected: default
2021-06-06T09:17:08.892-0500 [DEBUG] [org.apache.http.client.protocol.RequestAuthCache] Auth cache not set in the context
2021-06-06T09:17:08.892-0500 [DEBUG] [org.apache.http.impl.conn.PoolingHttpClientConnectionManager] Connection request: [route: {s}->https://dl.google.com:443][total kept alive: 6; route allocated: 8 of 20; total allocated: 8 of 20]
2021-06-06T09:17:08.892-0500 [DEBUG] [org.apache.http.impl.conn.PoolingHttpClientConnectionManager] Connection leased: [id: 3][route: {s}->https://dl.google.com:443][total kept alive: 5; route allocated: 8 of 20; total allocated: 8 of 20]
2021-06-06T09:17:08.892-0500 [DEBUG] [org.apache.http.impl.conn.DefaultManagedHttpClientConnection] http-outgoing-3: set socket timeout to 30000
2021-06-06T09:17:08.892-0500 [DEBUG] [org.apache.http.impl.conn.DefaultManagedHttpClientConnection] http-outgoing-3: set socket timeout to 30000
2021-06-06T09:17:08.892-0500 [DEBUG] [org.apache.http.impl.execchain.MainClientExec] Executing request GET /dl/android/maven2/com/google/protobuf/protobuf-parent/3.10.0/protobuf-parent-3.10.0.pom HTTP/1.1
2021-06-06T09:17:08.893-0500 [DEBUG] [org.apache.http.impl.execchain.MainClientExec] Target auth state: UNCHALLENGED
2021-06-06T09:17:08.893-0500 [DEBUG] [org.apache.http.impl.execchain.MainClientExec] Proxy auth state: UNCHALLENGED
2021-06-06T09:17:08.895-0500 [DEBUG] [org.gradle.api.internal.artifacts.repositories.resolver.ExternalResourceResolver] Metadata file found for module 'com.google.crypto.tink:tink:1.3.0-rc2' in repository 'MavenRepo'.
2021-06-06T09:17:08.895-0500 [DEBUG] [org.gradle.api.internal.artifacts.ivyservice.modulecache.PersistentModuleMetadataCache] Recording module descriptor in cache: com.google.crypto.tink:tink:1.3.0-rc2 [changing = false]
2021-06-06T09:17:08.900-0500 [DEBUG] [org.gradle.api.internal.artifacts.ivyservice.ivyresolve.RepositoryChainComponentMetaDataResolver] Using com.google.crypto.tink:tink:1.3.0-rc2 from Maven repository 'MavenRepo'
2021-06-06T09:17:08.901-0500 [DEBUG] [org.apache.http.impl.execchain.MainClientExec] Connection can be kept alive indefinitely
2021-06-06T09:17:08.902-0500 [DEBUG] [org.gradle.internal.resource.transport.http.HttpResponseResource] Attempting to download resource https://dl.google.com/dl/android/maven2/com/android/tools/build/aapt2-proto/4.2.1-7147631/aapt2-proto-4.2.1-7147631.pom.
2021-06-06T09:17:08.903-0500 [INFO] [org.gradle.internal.resource.transfer.DefaultCacheAwareExternalResourceAccessor] Downloading https://dl.google.com/dl/android/maven2/com/android/tools/build/aapt2-proto/4.2.1-7147631/aapt2-proto-4.2.1-7147631.pom to C:\Users\gathi\AppData\Local\Temp\gradle_download2703953126051131188bin
2021-06-06T09:17:08.904-0500 [DEBUG] [org.apache.http.impl.conn.PoolingHttpClientConnectionManager] Connection [id: 7][route: {s}->https://dl.google.com:443] can be kept alive indefinitely
2021-06-06T09:17:08.904-0500 [DEBUG] [org.apache.http.impl.conn.DefaultManagedHttpClientConnection] http-outgoing-7: set socket timeout to 0
2021-06-06T09:17:08.905-0500 [DEBUG] [org.apache.http.impl.conn.PoolingHttpClientConnectionManager] Connection released: [id: 7][route: {s}->https://dl.google.com:443][total kept alive: 6; route allocated: 8 of 20; total allocated: 8 of 20]
2021-06-06T09:17:08.905-0500 [DEBUG] [org.gradle.internal.operations.DefaultBuildOperationRunner] Build operation 'Download https://dl.google.com/dl/android/maven2/com/android/tools/build/aapt2-proto/4.2.1-7147631/aapt2-proto-4.2.1-7147631.pom' completed
2021-06-06T09:17:08.916-0500 [DEBUG] [org.gradle.api.internal.artifacts.repositories.resolver.ExternalResourceResolver] Metadata file found for module 'com.android.tools.build:aapt2-proto:4.2.1-7147631' in repository 'Google'.
2021-06-06T09:17:08.917-0500 [DEBUG] [org.gradle.api.internal.artifacts.repositories.resolver.DefaultExternalResourceArtifactResolver] Loading https://dl.google.com/dl/android/maven2/com/android/tools/build/aapt2-proto/4.2.1-7147631/aapt2-proto-4.2.1-7147631.module
2021-06-06T09:17:08.917-0500 [DEBUG] [org.gradle.internal.resource.transfer.DefaultCacheAwareExternalResourceAccessor] Constructing external resource: https://dl.google.com/dl/android/maven2/com/android/tools/build/aapt2-proto/4.2.1-7147631/aapt2-proto-4.2.1-7147631.module
2021-06-06T09:17:08.919-0500 [DEBUG] [org.gradle.internal.resource.transport.http.HttpResourceAccessor] Constructing external resource: https://dl.google.com/dl/android/maven2/com/android/tools/build/aapt2-proto/4.2.1-7147631/aapt2-proto-4.2.1-7147631.module
2021-06-06T09:17:08.919-0500 [DEBUG] [org.gradle.internal.resource.transport.http.HttpClientHelper] Performing HTTP GET: https://dl.google.com/dl/android/maven2/com/android/tools/build/aapt2-proto/4.2.1-7147631/aapt2-proto-4.2.1-7147631.module
2021-06-06T09:17:08.919-0500 [DEBUG] [org.apache.http.client.protocol.RequestAddCookies] CookieSpec selected: default
2021-06-06T09:17:08.919-0500 [DEBUG] [org.apache.http.client.protocol.RequestAuthCache] Auth cache not set in the context
2021-06-06T09:17:08.919-0500 [DEBUG] [org.apache.http.impl.conn.PoolingHttpClientConnectionManager] Connection request: [route: {s}->https://dl.google.com:443][total kept alive: 6; route allocated: 8 of 20; total allocated: 8 of 20]
2021-06-06T09:17:08.919-0500 [DEBUG] [org.apache.http.impl.conn.PoolingHttpClientConnectionManager] Connection leased: [id: 7][route: {s}->https://dl.google.com:443][total kept alive: 5; route allocated: 8 of 20; total allocated: 8 of 20]
2021-06-06T09:17:08.919-0500 [DEBUG] [org.apache.http.impl.conn.DefaultManagedHttpClientConnection] http-outgoing-7: set socket timeout to 30000
2021-06-06T09:17:08.920-0500 [DEBUG] [org.apache.http.impl.conn.DefaultManagedHttpClientConnection] http-outgoing-7: set socket timeout to 30000
2021-06-06T09:17:08.920-0500 [DEBUG] [org.apache.http.impl.execchain.MainClientExec] Executing request GET /dl/android/maven2/com/android/tools/build/aapt2-proto/4.2.1-7147631/aapt2-proto-4.2.1-7147631.module HTTP/1.1
2021-06-06T09:17:08.920-0500 [DEBUG] [org.apache.http.impl.execchain.MainClientExec] Target auth state: UNCHALLENGED
2021-06-06T09:17:08.920-0500 [DEBUG] [org.apache.http.impl.execchain.MainClientExec] Proxy auth state: UNCHALLENGED
2021-06-06T09:17:08.931-0500 [DEBUG] [org.apache.http.impl.execchain.MainClientExec] Connection can be kept alive indefinitely
2021-06-06T09:17:08.931-0500 [DEBUG] [org.apache.http.impl.conn.PoolingHttpClientConnectionManager] Connection [id: 3][route: {s}->https://dl.google.com:443] can be kept alive indefinitely
2021-06-06T09:17:08.931-0500 [DEBUG] [org.apache.http.impl.conn.DefaultManagedHttpClientConnection] http-outgoing-3: set socket timeout to 0
2021-06-06T09:17:08.931-0500 [DEBUG] [org.apache.http.impl.conn.PoolingHttpClientConnectionManager] Connection released: [id: 3][route: {s}->https://dl.google.com:443][total kept alive: 6; route allocated: 8 of 20; total allocated: 8 of 20]
2021-06-06T09:17:08.932-0500 [INFO] [org.gradle.internal.resource.transport.http.HttpClientHelper] Resource missing. [HTTP GET: https://dl.google.com/dl/android/maven2/com/google/protobuf/protobuf-parent/3.10.0/protobuf-parent-3.10.0.pom]
2021-06-06T09:17:08.932-0500 [DEBUG] [org.gradle.internal.operations.DefaultBuildOperationRunner] Build operation 'Download https://dl.google.com/dl/android/maven2/com/google/protobuf/protobuf-parent/3.10.0/protobuf-parent-3.10.0.pom' completed
2021-06-06T09:17:08.932-0500 [DEBUG] [org.gradle.api.internal.artifacts.repositories.resolver.ExternalResourceResolver] No meta-data file or artifact found for module 'com.google.protobuf:protobuf-parent:3.10.0' in repository 'Google'.
2021-06-06T09:17:08.932-0500 [DEBUG] [org.gradle.api.internal.artifacts.ivyservice.modulecache.PersistentModuleMetadataCache] Recording absence of module descriptor in cache: com.google.protobuf:protobuf-parent:3.10.0 [changing = false]
2021-06-06T09:17:08.932-0500 [DEBUG] [org.gradle.internal.resource.transfer.DefaultCacheAwareExternalResourceAccessor] Constructing external resource: https://dl.google.com/dl/android/maven2/com/google/protobuf/protobuf-parent/3.10.0/protobuf-parent-3.10.0.pom
2021-06-06T09:17:08.933-0500 [DEBUG] [org.gradle.api.internal.artifacts.repositories.resolver.DefaultExternalResourceArtifactResolver] Loading https://repo.maven.apache.org/maven2/com/google/protobuf/protobuf-parent/3.10.0/protobuf-parent-3.10.0.pom
2021-06-06T09:17:08.933-0500 [DEBUG] [org.gradle.internal.resource.transfer.DefaultCacheAwareExternalResourceAccessor] Constructing external resource: https://repo.maven.apache.org/maven2/com/google/protobuf/protobuf-parent/3.10.0/protobuf-parent-3.10.0.pom
2021-06-06T09:17:08.934-0500 [DEBUG] [org.gradle.internal.resource.transport.http.HttpResourceAccessor] Constructing external resource: https://dl.google.com/dl/android/maven2/com/google/protobuf/protobuf-parent/3.10.0/protobuf-parent-3.10.0.pom
2021-06-06T09:17:08.934-0500 [DEBUG] [org.gradle.internal.resource.transport.http.HttpClientHelper] Performing HTTP GET: https://dl.google.com/dl/android/maven2/com/google/protobuf/protobuf-parent/3.10.0/protobuf-parent-3.10.0.pom
2021-06-06T09:17:08.934-0500 [DEBUG] [org.gradle.internal.resource.transport.http.HttpResourceAccessor] Constructing external resource: https://repo.maven.apache.org/maven2/com/google/protobuf/protobuf-parent/3.10.0/protobuf-parent-3.10.0.pom
2021-06-06T09:17:08.935-0500 [DEBUG] [org.apache.http.client.protocol.RequestAddCookies] CookieSpec selected: default
2021-06-06T09:17:08.935-0500 [DEBUG] [org.gradle.internal.resource.transport.http.HttpClientHelper] Performing HTTP GET: https://repo.maven.apache.org/maven2/com/google/protobuf/protobuf-parent/3.10.0/protobuf-parent-3.10.0.pom
2021-06-06T09:17:08.935-0500 [DEBUG] [org.apache.http.client.protocol.RequestAuthCache] Auth cache not set in the context
2021-06-06T09:17:08.935-0500 [DEBUG] [org.apache.http.impl.conn.PoolingHttpClientConnectionManager] Connection request: [route: {s}->https://dl.google.com:443][total kept alive: 6; route allocated: 8 of 20; total allocated: 8 of 20]
2021-06-06T09:17:08.935-0500 [DEBUG] [org.apache.http.client.protocol.RequestAddCookies] CookieSpec selected: default
2021-06-06T09:17:08.935-0500 [DEBUG] [org.apache.http.impl.conn.PoolingHttpClientConnectionManager] Connection leased: [id: 3][route: {s}->https://dl.google.com:443][total kept alive: 5; route allocated: 8 of 20; total allocated: 8 of 20]
2021-06-06T09:17:08.935-0500 [DEBUG] [org.apache.http.impl.conn.DefaultManagedHttpClientConnection] http-outgoing-3: set socket timeout to 30000
2021-06-06T09:17:08.935-0500 [DEBUG] [org.apache.http.client.protocol.RequestAuthCache] Auth cache not set in the context
2021-06-06T09:17:08.935-0500 [DEBUG] [org.apache.http.impl.conn.DefaultManagedHttpClientConnection] http-outgoing-3: set socket timeout to 30000
2021-06-06T09:17:08.935-0500 [DEBUG] [org.apache.http.impl.conn.PoolingHttpClientConnectionManager] Connection request: [route: {s}->https://repo.maven.apache.org:443][total kept alive: 6; route allocated: 6 of 20; total allocated: 6 of 20]
2021-06-06T09:17:08.935-0500 [DEBUG] [org.apache.http.impl.execchain.MainClientExec] Executing request GET /dl/android/maven2/com/google/protobuf/protobuf-parent/3.10.0/protobuf-parent-3.10.0.pom HTTP/1.1
2021-06-06T09:17:08.936-0500 [DEBUG] [org.apache.http.impl.execchain.MainClientExec] Target auth state: UNCHALLENGED
2021-06-06T09:17:08.936-0500 [DEBUG] [org.apache.http.impl.execchain.MainClientExec] Proxy auth state: UNCHALLENGED
2021-06-06T09:17:08.936-0500 [DEBUG] [org.apache.http.impl.conn.PoolingHttpClientConnectionManager] Connection leased: [id: 9][route: {s}->https://repo.maven.apache.org:443][total kept alive: 5; route allocated: 6 of 20; total allocated: 6 of 20]
2021-06-06T09:17:08.936-0500 [DEBUG] [org.apache.http.impl.conn.DefaultManagedHttpClientConnection] http-outgoing-9: set socket timeout to 30000
2021-06-06T09:17:08.936-0500 [DEBUG] [org.apache.http.impl.conn.DefaultManagedHttpClientConnection] http-outgoing-9: set socket timeout to 30000
2021-06-06T09:17:08.936-0500 [DEBUG] [org.apache.http.impl.execchain.MainClientExec] Executing request GET /maven2/com/google/protobuf/protobuf-parent/3.10.0/protobuf-parent-3.10.0.pom HTTP/1.1
2021-06-06T09:17:08.936-0500 [DEBUG] [org.apache.http.impl.execchain.MainClientExec] Target auth state: UNCHALLENGED
2021-06-06T09:17:08.936-0500 [DEBUG] [org.apache.http.impl.execchain.MainClientExec] Proxy auth state: UNCHALLENGED
2021-06-06T09:17:08.937-0500 [DEBUG] [org.apache.http.impl.execchain.MainClientExec] Connection can be kept alive indefinitely
2021-06-06T09:17:08.938-0500 [DEBUG] [org.gradle.internal.resource.transport.http.HttpResponseResource] Attempting to download resource https://dl.google.com/dl/android/maven2/com/google/testing/platform/core-proto/0.0.8-alpha01/core-proto-0.0.8-alpha01.pom.
2021-06-06T09:17:08.940-0500 [INFO] [org.gradle.internal.resource.transfer.DefaultCacheAwareExternalResourceAccessor] Downloading https://dl.google.com/dl/android/maven2/com/google/testing/platform/core-proto/0.0.8-alpha01/core-proto-0.0.8-alpha01.pom to C:\Users\gathi\AppData\Local\Temp\gradle_download5274286760061736825bin
2021-06-06T09:17:08.941-0500 [DEBUG] [org.apache.http.impl.conn.PoolingHttpClientConnectionManager] Connection [id: 5][route: {s}->https://dl.google.com:443] can be kept alive indefinitely
2021-06-06T09:17:08.941-0500 [DEBUG] [org.apache.http.impl.conn.DefaultManagedHttpClientConnection] http-outgoing-5: set socket timeout to 0
2021-06-06T09:17:08.941-0500 [DEBUG] [org.apache.http.impl.conn.PoolingHttpClientConnectionManager] Connection released: [id: 5][route: {s}->https://dl.google.com:443][total kept alive: 6; route allocated: 8 of 20; total allocated: 8 of 20]
2021-06-06T09:17:08.942-0500 [DEBUG] [org.gradle.internal.operations.DefaultBuildOperationRunner] Build operation 'Download https://dl.google.com/dl/android/maven2/com/google/testing/platform/core-proto/0.0.8-alpha01/core-proto-0.0.8-alpha01.pom' completed
2021-06-06T09:17:08.954-0500 [DEBUG] [org.apache.http.impl.execchain.MainClientExec] Connection can be kept alive indefinitely
2021-06-06T09:17:08.954-0500 [DEBUG] [org.gradle.api.internal.artifacts.repositories.resolver.ExternalResourceResolver] Metadata file found for module 'com.google.testing.platform:core-proto:0.0.8-alpha01' in repository 'Google'.
2021-06-06T09:17:08.955-0500 [DEBUG] [org.gradle.api.internal.artifacts.ivyservice.modulecache.PersistentModuleMetadataCache] Recording module descriptor in cache: com.google.testing.platform:core-proto:0.0.8-alpha01 [changing = false]
2021-06-06T09:17:08.955-0500 [DEBUG] [org.gradle.internal.resource.transport.http.HttpResponseResource] Attempting to download resource https://repo.maven.apache.org/maven2/com/google/protobuf/protobuf-parent/3.10.0/protobuf-parent-3.10.0.pom.
2021-06-06T09:17:08.956-0500 [INFO] [org.gradle.internal.resource.transfer.DefaultCacheAwareExternalResourceAccessor] Downloading https://repo.maven.apache.org/maven2/com/google/protobuf/protobuf-parent/3.10.0/protobuf-parent-3.10.0.pom to C:\Users\gathi\AppData\Local\Temp\gradle_download10533480588626818109bin
2021-06-06T09:17:08.959-0500 [DEBUG] [org.apache.http.impl.conn.PoolingHttpClientConnectionManager] Connection [id: 9][route: {s}->https://repo.maven.apache.org:443] can be kept alive indefinitely
2021-06-06T09:17:08.959-0500 [DEBUG] [org.apache.http.impl.conn.DefaultManagedHttpClientConnection] http-outgoing-9: set socket timeout to 0
2021-06-06T09:17:08.960-0500 [DEBUG] [org.apache.http.impl.conn.PoolingHttpClientConnectionManager] Connection released: [id: 9][route: {s}->https://repo.maven.apache.org:443][total kept alive: 6; route allocated: 6 of 20; total allocated: 6 of 20]
2021-06-06T09:17:08.960-0500 [DEBUG] [org.gradle.api.internal.artifacts.ivyservice.ivyresolve.RepositoryChainComponentMetaDataResolver] Using com.google.testing.platform:core-proto:0.0.8-alpha01 from Maven repository 'Google'
2021-06-06T09:17:08.960-0500 [DEBUG] [org.apache.http.impl.execchain.MainClientExec] Connection can be kept alive indefinitely
2021-06-06T09:17:08.961-0500 [DEBUG] [org.gradle.internal.operations.DefaultBuildOperationRunner] Build operation 'Download https://repo.maven.apache.org/maven2/com/google/protobuf/protobuf-parent/3.10.0/protobuf-parent-3.10.0.pom' completed
2021-06-06T09:17:08.961-0500 [DEBUG] [org.gradle.internal.resource.transport.http.HttpResponseResource] Attempting to download resource https://dl.google.com/dl/android/maven2/com/android/tools/build/aapt2-proto/4.2.1-7147631/aapt2-proto-4.2.1-7147631.module.
2021-06-06T09:17:08.963-0500 [INFO] [org.gradle.internal.resource.transfer.DefaultCacheAwareExternalResourceAccessor] Downloading https://dl.google.com/dl/android/maven2/com/android/tools/build/aapt2-proto/4.2.1-7147631/aapt2-proto-4.2.1-7147631.module to C:\Users\gathi\AppData\Local\Temp\gradle_download2746010937692486550bin
2021-06-06T09:17:08.965-0500 [DEBUG] [org.apache.http.impl.conn.PoolingHttpClientConnectionManager] Connection [id: 7][route: {s}->https://dl.google.com:443] can be kept alive indefinitely
2021-06-06T09:17:08.965-0500 [DEBUG] [org.apache.http.impl.conn.DefaultManagedHttpClientConnection] http-outgoing-7: set socket timeout to 0
2021-06-06T09:17:08.965-0500 [DEBUG] [org.apache.http.impl.conn.PoolingHttpClientConnectionManager] Connection released: [id: 7][route: {s}->https://dl.google.com:443][total kept alive: 7; route allocated: 8 of 20; total allocated: 8 of 20]
2021-06-06T09:17:08.966-0500 [DEBUG] [org.gradle.internal.operations.DefaultBuildOperationRunner] Build operation 'Download https://dl.google.com/dl/android/maven2/com/android/tools/build/aapt2-proto/4.2.1-7147631/aapt2-proto-4.2.1-7147631.module' completed
2021-06-06T09:17:08.973-0500 [DEBUG] [org.gradle.api.internal.artifacts.ivyservice.ivyresolve.RepositoryChainComponentMetaDataResolver] Attempting to resolve component for com.google.protobuf:protobuf-bom:3.10.0 using repositories [Google, MavenRepo]
2021-06-06T09:17:08.975-0500 [DEBUG] [org.apache.http.impl.execchain.MainClientExec] Connection can be kept alive indefinitely
2021-06-06T09:17:08.975-0500 [DEBUG] [org.apache.http.impl.conn.PoolingHttpClientConnectionManager] Connection [id: 3][route: {s}->https://dl.google.com:443] can be kept alive indefinitely
2021-06-06T09:17:08.975-0500 [DEBUG] [org.apache.http.impl.conn.DefaultManagedHttpClientConnection] http-outgoing-3: set socket timeout to 0
2021-06-06T09:17:08.975-0500 [DEBUG] [org.apache.http.impl.conn.PoolingHttpClientConnectionManager] Connection released: [id: 3][route: {s}->https://dl.google.com:443][total kept alive: 8; route allocated: 8 of 20; total allocated: 8 of 20]
2021-06-06T09:17:08.976-0500 [INFO] [org.gradle.internal.resource.transport.http.HttpClientHelper] Resource missing. [HTTP GET: https://dl.google.com/dl/android/maven2/com/google/protobuf/protobuf-parent/3.10.0/protobuf-parent-3.10.0.pom]
2021-06-06T09:17:08.976-0500 [DEBUG] [org.gradle.internal.operations.DefaultBuildOperationRunner] Build operation 'Download https://dl.google.com/dl/android/maven2/com/google/protobuf/protobuf-parent/3.10.0/protobuf-parent-3.10.0.pom' completed
2021-06-06T09:17:08.976-0500 [DEBUG] [org.gradle.api.internal.artifacts.repositories.resolver.DefaultExternalResourceArtifactResolver] Loading https://dl.google.com/dl/android/maven2/com/google/protobuf/protobuf-bom/3.10.0/protobuf-bom-3.10.0.pom
2021-06-06T09:17:08.976-0500 [DEBUG] [org.gradle.api.internal.artifacts.repositories.resolver.ExternalResourceResolver] No meta-data file or artifact found for module 'com.google.protobuf:protobuf-parent:3.10.0' in repository 'Google'.
2021-06-06T09:17:08.976-0500 [DEBUG] [org.gradle.internal.resource.transfer.DefaultCacheAwareExternalResourceAccessor] Constructing external resource: https://dl.google.com/dl/android/maven2/com/google/protobuf/protobuf-bom/3.10.0/protobuf-bom-3.10.0.pom
2021-06-06T09:17:08.976-0500 [DEBUG] [org.gradle.api.internal.artifacts.ivyservice.modulecache.PersistentModuleMetadataCache] Recording absence of module descriptor in cache: com.google.protobuf:protobuf-parent:3.10.0 [changing = false]
2021-06-06T09:17:08.977-0500 [DEBUG] [org.gradle.api.internal.artifacts.repositories.resolver.DefaultExternalResourceArtifactResolver] Loading https://repo.maven.apache.org/maven2/com/google/protobuf/protobuf-parent/3.10.0/protobuf-parent-3.10.0.pom
2021-06-06T09:17:08.977-0500 [DEBUG] [org.gradle.internal.resource.transfer.DefaultCacheAwareExternalResourceAccessor] Constructing external resource: https://repo.maven.apache.org/maven2/com/google/protobuf/protobuf-parent/3.10.0/protobuf-parent-3.10.0.pom
2021-06-06T09:17:08.978-0500 [DEBUG] [org.gradle.internal.resource.transport.http.HttpResourceAccessor] Constructing external resource: https://dl.google.com/dl/android/maven2/com/google/protobuf/protobuf-bom/3.10.0/protobuf-bom-3.10.0.pom
2021-06-06T09:17:08.978-0500 [DEBUG] [org.gradle.internal.resource.transport.http.HttpClientHelper] Performing HTTP GET: https://dl.google.com/dl/android/maven2/com/google/protobuf/protobuf-bom/3.10.0/protobuf-bom-3.10.0.pom
2021-06-06T09:17:08.978-0500 [DEBUG] [org.apache.http.client.protocol.RequestAddCookies] CookieSpec selected: default
2021-06-06T09:17:08.979-0500 [DEBUG] [org.apache.http.client.protocol.RequestAuthCache] Auth cache not set in the context
2021-06-06T09:17:08.979-0500 [DEBUG] [org.apache.http.impl.conn.PoolingHttpClientConnectionManager] Connection request: [route: {s}->https://dl.google.com:443][total kept alive: 8; route allocated: 8 of 20; total allocated: 8 of 20]
2021-06-06T09:17:08.979-0500 [DEBUG] [org.apache.http.impl.conn.PoolingHttpClientConnectionManager] Connection leased: [id: 3][route: {s}->https://dl.google.com:443][total kept alive: 7; route allocated: 8 of 20; total allocated: 8 of 20]
2021-06-06T09:17:08.979-0500 [DEBUG] [org.apache.http.impl.conn.DefaultManagedHttpClientConnection] http-outgoing-3: set socket timeout to 30000
2021-06-06T09:17:08.979-0500 [DEBUG] [org.apache.http.impl.conn.DefaultManagedHttpClientConnection] http-outgoing-3: set socket timeout to 30000
2021-06-06T09:17:08.979-0500 [DEBUG] [org.apache.http.impl.execchain.MainClientExec] Executing request GET /dl/android/maven2/com/google/protobuf/protobuf-bom/3.10.0/protobuf-bom-3.10.0.pom HTTP/1.1
2021-06-06T09:17:08.979-0500 [DEBUG] [org.apache.http.impl.execchain.MainClientExec] Target auth state: UNCHALLENGED
2021-06-06T09:17:08.980-0500 [DEBUG] [org.apache.http.impl.execchain.MainClientExec] Proxy auth state: UNCHALLENGED
2021-06-06T09:17:08.980-0500 [DEBUG] [org.gradle.api.internal.artifacts.ivyservice.modulecache.PersistentModuleMetadataCache] Recording module descriptor in cache: com.android.tools.build:aapt2-proto:4.2.1-7147631 [changing = false]
2021-06-06T09:17:08.981-0500 [DEBUG] [org.gradle.api.internal.artifacts.ivyservice.ivyresolve.RepositoryChainComponentMetaDataResolver] Attempting to resolve component for com.google.protobuf:protobuf-bom:3.10.0 using repositories [Google, MavenRepo]
2021-06-06T09:17:08.988-0500 [DEBUG] [org.gradle.api.internal.artifacts.ivyservice.ivyresolve.RepositoryChainComponentMetaDataResolver] Using com.android.tools.build:aapt2-proto:4.2.1-7147631 from Maven repository 'Google'
2021-06-06T09:17:08.988-0500 [DEBUG] [org.gradle.api.internal.artifacts.repositories.resolver.DefaultExternalResourceArtifactResolver] Loading https://dl.google.com/dl/android/maven2/com/google/protobuf/protobuf-bom/3.10.0/protobuf-bom-3.10.0.pom
2021-06-06T09:17:09.018-0500 [DEBUG] [org.apache.http.impl.execchain.MainClientExec] Connection can be kept alive indefinitely
2021-06-06T09:17:09.018-0500 [DEBUG] [org.apache.http.impl.conn.PoolingHttpClientConnectionManager] Connection [id: 3][route: {s}->https://dl.google.com:443] can be kept alive indefinitely
2021-06-06T09:17:09.018-0500 [DEBUG] [org.apache.http.impl.conn.DefaultManagedHttpClientConnection] http-outgoing-3: set socket timeout to 0
2021-06-06T09:17:09.019-0500 [DEBUG] [org.apache.http.impl.conn.PoolingHttpClientConnectionManager] Connection released: [id: 3][route: {s}->https://dl.google.com:443][total kept alive: 8; route allocated: 8 of 20; total allocated: 8 of 20]
2021-06-06T09:17:09.019-0500 [INFO] [org.gradle.internal.resource.transport.http.HttpClientHelper] Resource missing. [HTTP GET: https://dl.google.com/dl/android/maven2/com/google/protobuf/protobuf-bom/3.10.0/protobuf-bom-3.10.0.pom]
2021-06-06T09:17:09.019-0500 [DEBUG] [org.gradle.internal.operations.DefaultBuildOperationRunner] Build operation 'Download https://dl.google.com/dl/android/maven2/com/google/protobuf/protobuf-bom/3.10.0/protobuf-bom-3.10.0.pom' completed
2021-06-06T09:17:09.019-0500 [DEBUG] [org.gradle.api.internal.artifacts.repositories.resolver.ExternalResourceResolver] No meta-data file or artifact found for module 'com.google.protobuf:protobuf-bom:3.10.0' in repository 'Google'.
2021-06-06T09:17:09.019-0500 [DEBUG] [org.gradle.api.internal.artifacts.ivyservice.modulecache.PersistentModuleMetadataCache] Recording absence of module descriptor in cache: com.google.protobuf:protobuf-bom:3.10.0 [changing = false]
2021-06-06T09:17:09.019-0500 [DEBUG] [org.gradle.internal.resource.transfer.DefaultCacheAwareExternalResourceAccessor] Constructing external resource: https://dl.google.com/dl/android/maven2/com/google/protobuf/protobuf-bom/3.10.0/protobuf-bom-3.10.0.pom
2021-06-06T09:17:09.020-0500 [DEBUG] [org.gradle.api.internal.artifacts.repositories.resolver.DefaultExternalResourceArtifactResolver] Loading https://repo.maven.apache.org/maven2/com/google/protobuf/protobuf-bom/3.10.0/protobuf-bom-3.10.0.pom
2021-06-06T09:17:09.020-0500 [DEBUG] [org.gradle.internal.resource.transfer.DefaultCacheAwareExternalResourceAccessor] Constructing external resource: https://repo.maven.apache.org/maven2/com/google/protobuf/protobuf-bom/3.10.0/protobuf-bom-3.10.0.pom
2021-06-06T09:17:09.021-0500 [DEBUG] [org.gradle.internal.resource.transport.http.HttpResourceAccessor] Constructing external resource: https://dl.google.com/dl/android/maven2/com/google/protobuf/protobuf-bom/3.10.0/protobuf-bom-3.10.0.pom
2021-06-06T09:17:09.021-0500 [DEBUG] [org.gradle.internal.resource.transport.http.HttpClientHelper] Performing HTTP GET: https://dl.google.com/dl/android/maven2/com/google/protobuf/protobuf-bom/3.10.0/protobuf-bom-3.10.0.pom
2021-06-06T09:17:09.022-0500 [DEBUG] [org.gradle.internal.resource.transport.http.HttpResourceAccessor] Constructing external resource: https://repo.maven.apache.org/maven2/com/google/protobuf/protobuf-bom/3.10.0/protobuf-bom-3.10.0.pom
2021-06-06T09:17:09.022-0500 [DEBUG] [org.apache.http.client.protocol.RequestAddCookies] CookieSpec selected: default
2021-06-06T09:17:09.022-0500 [DEBUG] [org.gradle.internal.resource.transport.http.HttpClientHelper] Performing HTTP GET: https://repo.maven.apache.org/maven2/com/google/protobuf/protobuf-bom/3.10.0/protobuf-bom-3.10.0.pom
2021-06-06T09:17:09.022-0500 [DEBUG] [org.apache.http.client.protocol.RequestAuthCache] Auth cache not set in the context
2021-06-06T09:17:09.022-0500 [DEBUG] [org.apache.http.client.protocol.RequestAddCookies] CookieSpec selected: default
2021-06-06T09:17:09.022-0500 [DEBUG] [org.apache.http.impl.conn.PoolingHttpClientConnectionManager] Connection request: [route: {s}->https://dl.google.com:443][total kept alive: 8; route allocated: 8 of 20; total allocated: 8 of 20]
2021-06-06T09:17:09.022-0500 [DEBUG] [org.apache.http.client.protocol.RequestAuthCache] Auth cache not set in the context
2021-06-06T09:17:09.022-0500 [DEBUG] [org.apache.http.impl.conn.PoolingHttpClientConnectionManager] Connection leased: [id: 3][route: {s}->https://dl.google.com:443][total kept alive: 7; route allocated: 8 of 20; total allocated: 8 of 20]
2021-06-06T09:17:09.022-0500 [DEBUG] [org.apache.http.impl.conn.PoolingHttpClientConnectionManager] Connection request: [route: {s}->https://repo.maven.apache.org:443][total kept alive: 6; route allocated: 6 of 20; total allocated: 6 of 20]
2021-06-06T09:17:09.022-0500 [DEBUG] [org.apache.http.impl.conn.DefaultManagedHttpClientConnection] http-outgoing-3: set socket timeout to 30000
2021-06-06T09:17:09.022-0500 [DEBUG] [org.apache.http.impl.conn.PoolingHttpClientConnectionManager] Connection leased: [id: 9][route: {s}->https://repo.maven.apache.org:443][total kept alive: 5; route allocated: 6 of 20; total allocated: 6 of 20]
2021-06-06T09:17:09.023-0500 [DEBUG] [org.apache.http.impl.conn.DefaultManagedHttpClientConnection] http-outgoing-3: set socket timeout to 30000
2021-06-06T09:17:09.023-0500 [DEBUG] [org.apache.http.impl.conn.DefaultManagedHttpClientConnection] http-outgoing-9: set socket timeout to 30000
2021-06-06T09:17:09.023-0500 [DEBUG] [org.apache.http.impl.execchain.MainClientExec] Executing request GET /dl/android/maven2/com/google/protobuf/protobuf-bom/3.10.0/protobuf-bom-3.10.0.pom HTTP/1.1
2021-06-06T09:17:09.023-0500 [DEBUG] [org.apache.http.impl.execchain.MainClientExec] Target auth state: UNCHALLENGED
2021-06-06T09:17:09.023-0500 [DEBUG] [org.apache.http.impl.conn.DefaultManagedHttpClientConnection] http-outgoing-9: set socket timeout to 30000
2021-06-06T09:17:09.023-0500 [DEBUG] [org.apache.http.impl.execchain.MainClientExec] Proxy auth state: UNCHALLENGED
2021-06-06T09:17:09.023-0500 [DEBUG] [org.apache.http.impl.execchain.MainClientExec] Executing request GET /maven2/com/google/protobuf/protobuf-bom/3.10.0/protobuf-bom-3.10.0.pom HTTP/1.1
2021-06-06T09:17:09.023-0500 [DEBUG] [org.apache.http.impl.execchain.MainClientExec] Target auth state: UNCHALLENGED
2021-06-06T09:17:09.023-0500 [DEBUG] [org.apache.http.impl.execchain.MainClientExec] Proxy auth state: UNCHALLENGED
2021-06-06T09:17:09.040-0500 [DEBUG] [org.apache.http.impl.execchain.MainClientExec] Connection can be kept alive indefinitely
2021-06-06T09:17:09.041-0500 [DEBUG] [org.gradle.internal.resource.transport.http.HttpResponseResource] Attempting to download resource https://repo.maven.apache.org/maven2/com/google/protobuf/protobuf-bom/3.10.0/protobuf-bom-3.10.0.pom.
2021-06-06T09:17:09.042-0500 [INFO] [org.gradle.internal.resource.transfer.DefaultCacheAwareExternalResourceAccessor] Downloading https://repo.maven.apache.org/maven2/com/google/protobuf/protobuf-bom/3.10.0/protobuf-bom-3.10.0.pom to C:\Users\gathi\AppData\Local\Temp\gradle_download7663864681994696604bin
2021-06-06T09:17:09.043-0500 [DEBUG] [org.apache.http.impl.conn.PoolingHttpClientConnectionManager] Connection [id: 9][route: {s}->https://repo.maven.apache.org:443] can be kept alive indefinitely
2021-06-06T09:17:09.043-0500 [DEBUG] [org.apache.http.impl.conn.DefaultManagedHttpClientConnection] http-outgoing-9: set socket timeout to 0
2021-06-06T09:17:09.043-0500 [DEBUG] [org.apache.http.impl.conn.PoolingHttpClientConnectionManager] Connection released: [id: 9][route: {s}->https://repo.maven.apache.org:443][total kept alive: 6; route allocated: 6 of 20; total allocated: 6 of 20]
2021-06-06T09:17:09.044-0500 [DEBUG] [org.gradle.internal.operations.DefaultBuildOperationRunner] Build operation 'Download https://repo.maven.apache.org/maven2/com/google/protobuf/protobuf-bom/3.10.0/protobuf-bom-3.10.0.pom' completed
2021-06-06T09:17:09.052-0500 [DEBUG] [org.gradle.api.internal.artifacts.repositories.resolver.ExternalResourceResolver] Metadata file found for module 'com.google.protobuf:protobuf-bom:3.10.0' in repository 'MavenRepo'.
2021-06-06T09:17:09.053-0500 [DEBUG] [org.gradle.api.internal.artifacts.ivyservice.modulecache.PersistentModuleMetadataCache] Recording module descriptor in cache: com.google.protobuf:protobuf-bom:3.10.0 [changing = false]
2021-06-06T09:17:09.056-0500 [DEBUG] [org.gradle.api.internal.artifacts.ivyservice.ivyresolve.RepositoryChainComponentMetaDataResolver] Using com.google.protobuf:protobuf-bom:3.10.0 from Maven repository 'MavenRepo'
2021-06-06T09:17:09.056-0500 [DEBUG] [org.gradle.api.internal.artifacts.repositories.resolver.DefaultExternalResourceArtifactResolver] Loading https://repo.maven.apache.org/maven2/com/google/protobuf/protobuf-bom/3.10.0/protobuf-bom-3.10.0.pom
2021-06-06T09:17:09.056-0500 [DEBUG] [org.gradle.internal.resource.transfer.DefaultCacheAwareExternalResourceAccessor] Constructing external resource: https://repo.maven.apache.org/maven2/com/google/protobuf/protobuf-bom/3.10.0/protobuf-bom-3.10.0.pom
2021-06-06T09:17:09.057-0500 [DEBUG] [org.gradle.api.internal.artifacts.ivyservice.ivyresolve.CachingModuleComponentRepository] Downloaded artifact 'protobuf-bom-3.10.0.pom (com.google.protobuf:protobuf-bom:3.10.0)' from resolver: MavenRepo
2021-06-06T09:17:09.060-0500 [DEBUG] [org.apache.http.impl.execchain.MainClientExec] Connection can be kept alive indefinitely
2021-06-06T09:17:09.061-0500 [DEBUG] [org.apache.http.impl.conn.PoolingHttpClientConnectionManager] Connection [id: 3][route: {s}->https://dl.google.com:443] can be kept alive indefinitely
2021-06-06T09:17:09.061-0500 [DEBUG] [org.apache.http.impl.conn.DefaultManagedHttpClientConnection] http-outgoing-3: set socket timeout to 0
2021-06-06T09:17:09.061-0500 [DEBUG] [org.apache.http.impl.conn.PoolingHttpClientConnectionManager] Connection released: [id: 3][route: {s}->https://dl.google.com:443][total kept alive: 8; route allocated: 8 of 20; total allocated: 8 of 20]
2021-06-06T09:17:09.061-0500 [INFO] [org.gradle.internal.resource.transport.http.HttpClientHelper] Resource missing. [HTTP GET: https://dl.google.com/dl/android/maven2/com/google/protobuf/protobuf-bom/3.10.0/protobuf-bom-3.10.0.pom]
2021-06-06T09:17:09.062-0500 [DEBUG] [org.gradle.internal.operations.DefaultBuildOperationRunner] Build operation 'Download https://dl.google.com/dl/android/maven2/com/google/protobuf/protobuf-bom/3.10.0/protobuf-bom-3.10.0.pom' completed
2021-06-06T09:17:09.062-0500 [DEBUG] [org.gradle.api.internal.artifacts.repositories.resolver.ExternalResourceResolver] No meta-data file or artifact found for module 'com.google.protobuf:protobuf-bom:3.10.0' in repository 'Google'.
2021-06-06T09:17:09.062-0500 [DEBUG] [org.gradle.api.internal.artifacts.ivyservice.modulecache.PersistentModuleMetadataCache] Recording absence of module descriptor in cache: com.google.protobuf:protobuf-bom:3.10.0 [changing = false]
2021-06-06T09:17:09.062-0500 [DEBUG] [org.gradle.api.internal.artifacts.repositories.resolver.ExternalResourceResolver] Metadata file found for module 'com.google.protobuf:protobuf-parent:3.10.0' in repository 'MavenRepo'.
2021-06-06T09:17:09.062-0500 [DEBUG] [org.gradle.api.internal.artifacts.ivyservice.modulecache.PersistentModuleMetadataCache] Recording module descriptor in cache: com.google.protobuf:protobuf-parent:3.10.0 [changing = false]
2021-06-06T09:17:09.062-0500 [DEBUG] [org.gradle.api.internal.artifacts.ivyservice.ivyresolve.CachingModuleComponentRepository] Using cached module metadata for module 'com.google.protobuf:protobuf-bom:3.10.0' in 'MavenRepo'
2021-06-06T09:17:09.062-0500 [DEBUG] [org.gradle.api.internal.artifacts.ivyservice.ivyresolve.RepositoryChainComponentMetaDataResolver] Using com.google.protobuf:protobuf-bom:3.10.0 from Maven repository 'MavenRepo'
2021-06-06T09:17:09.062-0500 [DEBUG] [org.gradle.api.internal.artifacts.ivyservice.ivyresolve.CachingModuleComponentRepository] Found artifact 'protobuf-bom-3.10.0.pom (com.google.protobuf:protobuf-bom:3.10.0)' in resolver cache: C:\Users\gathi\.gradle\caches\modules-2\files-2.1\com.google.protobuf\protobuf-bom\3.10.0\4414dc69051a62cfdc674d840525f94f8979f408\protobuf-bom-3.10.0.pom
2021-06-06T09:17:09.065-0500 [DEBUG] [org.gradle.api.internal.artifacts.ivyservice.ivyresolve.RepositoryChainComponentMetaDataResolver] Using com.google.protobuf:protobuf-parent:3.10.0 from Maven repository 'MavenRepo'
2021-06-06T09:17:09.066-0500 [DEBUG] [org.gradle.api.internal.artifacts.repositories.resolver.DefaultExternalResourceArtifactResolver] Loading https://repo.maven.apache.org/maven2/com/google/protobuf/protobuf-parent/3.10.0/protobuf-parent-3.10.0.pom
2021-06-06T09:17:09.066-0500 [DEBUG] [org.gradle.internal.resource.transfer.DefaultCacheAwareExternalResourceAccessor] Constructing external resource: https://repo.maven.apache.org/maven2/com/google/protobuf/protobuf-parent/3.10.0/protobuf-parent-3.10.0.pom
2021-06-06T09:17:09.066-0500 [DEBUG] [org.gradle.api.internal.artifacts.ivyservice.ivyresolve.CachingModuleComponentRepository] Downloaded artifact 'protobuf-parent-3.10.0.pom (com.google.protobuf:protobuf-parent:3.10.0)' from resolver: MavenRepo
2021-06-06T09:17:09.066-0500 [DEBUG] [org.gradle.api.internal.artifacts.repositories.resolver.ExternalResourceResolver] Metadata file found for module 'com.google.protobuf:protobuf-parent:3.10.0' in repository 'MavenRepo'.
2021-06-06T09:17:09.067-0500 [DEBUG] [org.gradle.api.internal.artifacts.ivyservice.modulecache.PersistentModuleMetadataCache] Recording module descriptor in cache: com.google.protobuf:protobuf-parent:3.10.0 [changing = false]
2021-06-06T09:17:09.070-0500 [DEBUG] [org.gradle.api.internal.artifacts.ivyservice.ivyresolve.RepositoryChainComponentMetaDataResolver] Using com.google.protobuf:protobuf-parent:3.10.0 from Maven repository 'MavenRepo'
2021-06-06T09:17:09.070-0500 [DEBUG] [org.gradle.api.internal.artifacts.ivyservice.ivyresolve.CachingModuleComponentRepository] Found artifact 'protobuf-parent-3.10.0.pom (com.google.protobuf:protobuf-parent:3.10.0)' in resolver cache: C:\Users\gathi\.gradle\caches\modules-2\files-2.1\com.google.protobuf\protobuf-parent\3.10.0\92e4373db52230866c0352b343e3f83f25812c77\protobuf-parent-3.10.0.pom
2021-06-06T09:17:09.071-0500 [DEBUG] [org.gradle.api.internal.artifacts.ivyservice.ivyresolve.RepositoryChainComponentMetaDataResolver] Attempting to resolve component for com.google.protobuf:protobuf-bom:3.10.0 using repositories [Google, MavenRepo]
2021-06-06T09:17:09.071-0500 [DEBUG] [org.gradle.api.internal.artifacts.ivyservice.ivyresolve.CachingModuleComponentRepository] Detected non-existence of module 'com.google.protobuf:protobuf-bom:3.10.0' in resolver cache 'Google'
2021-06-06T09:17:09.071-0500 [DEBUG] [org.gradle.api.internal.artifacts.ivyservice.ivyresolve.CachingModuleComponentRepository] Using cached module metadata for module 'com.google.protobuf:protobuf-bom:3.10.0' in 'MavenRepo'
2021-06-06T09:17:09.071-0500 [DEBUG] [org.gradle.api.internal.artifacts.ivyservice.ivyresolve.RepositoryChainComponentMetaDataResolver] Using com.google.protobuf:protobuf-bom:3.10.0 from Maven repository 'MavenRepo'
2021-06-06T09:17:09.072-0500 [DEBUG] [org.gradle.api.internal.artifacts.ivyservice.ivyresolve.CachingModuleComponentRepository] Found artifact 'protobuf-bom-3.10.0.pom (com.google.protobuf:protobuf-bom:3.10.0)' in resolver cache: C:\Users\gathi\.gradle\caches\modules-2\files-2.1\com.google.protobuf\protobuf-bom\3.10.0\4414dc69051a62cfdc674d840525f94f8979f408\protobuf-bom-3.10.0.pom
2021-06-06T09:17:09.073-0500 [DEBUG] [org.gradle.api.internal.artifacts.ivyservice.ivyresolve.RepositoryChainComponentMetaDataResolver] Attempting to resolve component for com.google.protobuf:protobuf-bom:3.10.0 using repositories [Google, MavenRepo]
2021-06-06T09:17:09.073-0500 [DEBUG] [org.gradle.api.internal.artifacts.ivyservice.ivyresolve.CachingModuleComponentRepository] Detected non-existence of module 'com.google.protobuf:protobuf-bom:3.10.0' in resolver cache 'Google'
2021-06-06T09:17:09.073-0500 [DEBUG] [org.gradle.api.internal.artifacts.ivyservice.ivyresolve.CachingModuleComponentRepository] Using cached module metadata for module 'com.google.protobuf:protobuf-bom:3.10.0' in 'MavenRepo'
2021-06-06T09:17:09.073-0500 [DEBUG] [org.gradle.api.internal.artifacts.ivyservice.ivyresolve.RepositoryChainComponentMetaDataResolver] Using com.google.protobuf:protobuf-bom:3.10.0 from Maven repository 'MavenRepo'
2021-06-06T09:17:09.073-0500 [DEBUG] [org.gradle.api.internal.artifacts.ivyservice.ivyresolve.CachingModuleComponentRepository] Found artifact 'protobuf-bom-3.10.0.pom (com.google.protobuf:protobuf-bom:3.10.0)' in resolver cache: C:\Users\gathi\.gradle\caches\modules-2\files-2.1\com.google.protobuf\protobuf-bom\3.10.0\4414dc69051a62cfdc674d840525f94f8979f408\protobuf-bom-3.10.0.pom
2021-06-06T09:17:09.077-0500 [DEBUG] [org.gradle.api.internal.artifacts.repositories.resolver.ExternalResourceResolver] Metadata file found for module 'com.google.protobuf:protobuf-java:3.10.0' in repository 'MavenRepo'.
2021-06-06T09:17:09.077-0500 [DEBUG] [org.gradle.api.internal.artifacts.ivyservice.modulecache.PersistentModuleMetadataCache] Recording module descriptor in cache: com.google.protobuf:protobuf-java:3.10.0 [changing = false]
2021-06-06T09:17:09.080-0500 [DEBUG] [org.gradle.api.internal.artifacts.repositories.resolver.ExternalResourceResolver] Metadata file found for module 'com.google.protobuf:protobuf-java-util:3.10.0' in repository 'MavenRepo'.
2021-06-06T09:17:09.080-0500 [DEBUG] [org.gradle.api.internal.artifacts.ivyservice.modulecache.PersistentModuleMetadataCache] Recording module descriptor in cache: com.google.protobuf:protobuf-java-util:3.10.0 [changing = false]
2021-06-06T09:17:09.082-0500 [DEBUG] [org.gradle.api.internal.artifacts.ivyservice.ivyresolve.RepositoryChainComponentMetaDataResolver] Using com.google.protobuf:protobuf-java:3.10.0 from Maven repository 'MavenRepo'
2021-06-06T09:17:09.086-0500 [DEBUG] [org.gradle.api.internal.artifacts.ivyservice.ivyresolve.RepositoryChainComponentMetaDataResolver] Using com.google.protobuf:protobuf-java-util:3.10.0 from Maven repository 'MavenRepo'
2021-06-06T09:17:09.087-0500 [DEBUG] [org.gradle.internal.component.model.LoggingAttributeMatchingExplanationBuilder] Candidate com.android.tools.build:aapt2-proto:4.2.1-7147631 variant apiElements attribute org.gradle.usage value {org.gradle.category=library, org.gradle.dependency.bundling=external, org.gradle.jvm.version=8, org.gradle.libraryelements=jar, org.gradle.usage=java-api} doesn't requested value java-runtime
2021-06-06T09:17:09.088-0500 [DEBUG] [org.gradle.internal.component.model.LoggingAttributeMatchingExplanationBuilder] Candidate com.android.tools.build:aapt2-proto:4.2.1-7147631 variant javadocElements attribute org.gradle.category value {org.gradle.category=documentation} doesn't requested value library
2021-06-06T09:17:09.088-0500 [DEBUG] [org.gradle.internal.component.model.LoggingAttributeMatchingExplanationBuilder] Candidate com.android.tools.build:aapt2-proto:4.2.1-7147631 variant sourcesElements attribute org.gradle.category value {org.gradle.category=documentation} doesn't requested value library
2021-06-06T09:17:09.088-0500 [DEBUG] [org.gradle.internal.component.model.ComponentAttributeMatcher] Selected matches [com.android.tools.build:aapt2-proto:4.2.1-7147631 variant runtimeElements] from candidates [com.android.tools.build:aapt2-proto:4.2.1-7147631 variant apiElements, com.android.tools.build:aapt2-proto:4.2.1-7147631 variant runtimeElements, com.android.tools.build:aapt2-proto:4.2.1-7147631 variant javadocElements, com.android.tools.build:aapt2-proto:4.2.1-7147631 variant sourcesElements] for {org.gradle.category=library, org.gradle.dependency.bundling=external, org.gradle.jvm.version=14, org.gradle.libraryelements=jar, org.gradle.usage=java-runtime}
2021-06-06T09:17:09.091-0500 [DEBUG] [org.gradle.api.internal.artifacts.ivyservice.resolveengine.graph.builder.DependencyGraphBuilder] Visiting configuration org.jetbrains.kotlin:kotlin-gradle-plugin:1.4.32(runtime).
2021-06-06T09:17:09.094-0500 [DEBUG] [org.gradle.api.internal.artifacts.ivyservice.resolveengine.graph.builder.DependencyGraphBuilder] Submitting 14 metadata files to resolve in parallel for org.jetbrains.kotlin:kotlin-gradle-plugin:1.4.32(runtime)
2021-06-06T09:17:09.094-0500 [DEBUG] [org.gradle.internal.work.DefaultWorkerLeaseService] Worker lease root.1.15.16 started (1 worker(s) in use).
2021-06-06T09:17:09.094-0500 [DEBUG] [org.gradle.internal.resources.AbstractTrackedResourceLock] Daemon worker: acquired lock on root.1.15.16
2021-06-06T09:17:09.095-0500 [DEBUG] [org.gradle.api.internal.artifacts.ivyservice.ivyresolve.RepositoryChainComponentMetaDataResolver] Attempting to resolve component for org.jetbrains.kotlin:kotlin-gradle-plugin-api:1.4.32 using repositories [Google, MavenRepo]
2021-06-06T09:17:09.095-0500 [DEBUG] [org.gradle.api.internal.artifacts.repositories.resolver.DefaultExternalResourceArtifactResolver] Loading https://dl.google.com/dl/android/maven2/org/jetbrains/kotlin/kotlin-gradle-plugin-api/1.4.32/kotlin-gradle-plugin-api-1.4.32.pom
2021-06-06T09:17:09.096-0500 [DEBUG] [org.gradle.api.internal.artifacts.ivyservice.ivyresolve.RepositoryChainComponentMetaDataResolver] Attempting to resolve component for com.google.code.gson:gson:2.8.6 using repositories [Google, MavenRepo]
2021-06-06T09:17:09.096-0500 [DEBUG] [org.gradle.internal.resource.transfer.DefaultCacheAwareExternalResourceAccessor] Constructing external resource: https://dl.google.com/dl/android/maven2/org/jetbrains/kotlin/kotlin-gradle-plugin-api/1.4.32/kotlin-gradle-plugin-api-1.4.32.pom
2021-06-06T09:17:09.096-0500 [DEBUG] [org.gradle.api.internal.artifacts.ivyservice.ivyresolve.RepositoryChainComponentMetaDataResolver] Attempting to resolve component for org.jetbrains.kotlin:kotlin-compiler-embeddable:1.4.32 using repositories [Google, MavenRepo]
2021-06-06T09:17:09.096-0500 [DEBUG] [org.gradle.api.internal.artifacts.repositories.resolver.DefaultExternalResourceArtifactResolver] Loading https://dl.google.com/dl/android/maven2/com/google/code/gson/gson/2.8.6/gson-2.8.6.pom
2021-06-06T09:17:09.097-0500 [DEBUG] [org.gradle.api.internal.artifacts.ivyservice.ivyresolve.RepositoryChainComponentMetaDataResolver] Attempting to resolve component for org.jetbrains.kotlin:kotlin-stdlib:1.4.32 using repositories [Google, MavenRepo]
2021-06-06T09:17:09.097-0500 [DEBUG] [org.gradle.api.internal.artifacts.repositories.resolver.DefaultExternalResourceArtifactResolver] Loading https://dl.google.com/dl/android/maven2/org/jetbrains/kotlin/kotlin-compiler-embeddable/1.4.32/kotlin-compiler-embeddable-1.4.32.pom
2021-06-06T09:17:09.097-0500 [DEBUG] [org.gradle.api.internal.artifacts.repositories.resolver.DefaultExternalResourceArtifactResolver] Loading https://dl.google.com/dl/android/maven2/org/jetbrains/kotlin/kotlin-stdlib/1.4.32/kotlin-stdlib-1.4.32.pom
2021-06-06T09:17:09.097-0500 [DEBUG] [org.gradle.internal.resource.transfer.DefaultCacheAwareExternalResourceAccessor] Constructing external resource: https://dl.google.com/dl/android/maven2/com/google/code/gson/gson/2.8.6/gson-2.8.6.pom
2021-06-06T09:17:09.098-0500 [DEBUG] [org.gradle.api.internal.artifacts.ivyservice.ivyresolve.RepositoryChainComponentMetaDataResolver] Attempting to resolve component for org.jetbrains.kotlin:kotlin-util-klib:1.4.32 using repositories [Google, MavenRepo]
2021-06-06T09:17:09.098-0500 [DEBUG] [org.gradle.internal.resource.transfer.DefaultCacheAwareExternalResourceAccessor] Constructing external resource: https://dl.google.com/dl/android/maven2/org/jetbrains/kotlin/kotlin-stdlib/1.4.32/kotlin-stdlib-1.4.32.pom
2021-06-06T09:17:09.097-0500 [DEBUG] [org.gradle.internal.resource.transfer.DefaultCacheAwareExternalResourceAccessor] Constructing external resource: https://dl.google.com/dl/android/maven2/org/jetbrains/kotlin/kotlin-compiler-embeddable/1.4.32/kotlin-compiler-embeddable-1.4.32.pom
2021-06-06T09:17:09.098-0500 [DEBUG] [org.gradle.api.internal.artifacts.repositories.resolver.DefaultExternalResourceArtifactResolver] Loading https://dl.google.com/dl/android/maven2/org/jetbrains/kotlin/kotlin-util-klib/1.4.32/kotlin-util-klib-1.4.32.pom
2021-06-06T09:17:09.098-0500 [DEBUG] [org.gradle.api.internal.artifacts.ivyservice.ivyresolve.RepositoryChainComponentMetaDataResolver] Attempting to resolve component for com.github.gundy:semver4j:0.16.4 using repositories [Google, MavenRepo]
2021-06-06T09:17:09.099-0500 [DEBUG] [org.gradle.internal.resource.transfer.DefaultCacheAwareExternalResourceAccessor] Constructing external resource: https://dl.google.com/dl/android/maven2/org/jetbrains/kotlin/kotlin-util-klib/1.4.32/kotlin-util-klib-1.4.32.pom
2021-06-06T09:17:09.099-0500 [DEBUG] [org.gradle.internal.resource.transport.http.HttpResourceAccessor] Constructing external resource: https://dl.google.com/dl/android/maven2/org/jetbrains/kotlin/kotlin-gradle-plugin-api/1.4.32/kotlin-gradle-plugin-api-1.4.32.pom
2021-06-06T09:17:09.100-0500 [DEBUG] [org.gradle.internal.resource.transport.http.HttpClientHelper] Performing HTTP GET: https://dl.google.com/dl/android/maven2/org/jetbrains/kotlin/kotlin-gradle-plugin-api/1.4.32/kotlin-gradle-plugin-api-1.4.32.pom
2021-06-06T09:17:09.099-0500 [DEBUG] [org.gradle.api.internal.artifacts.repositories.resolver.DefaultExternalResourceArtifactResolver] Loading https://dl.google.com/dl/android/maven2/com/github/gundy/semver4j/0.16.4/semver4j-0.16.4.pom
2021-06-06T09:17:09.100-0500 [DEBUG] [org.gradle.internal.resource.transfer.DefaultCacheAwareExternalResourceAccessor] Constructing external resource: https://dl.google.com/dl/android/maven2/com/github/gundy/semver4j/0.16.4/semver4j-0.16.4.pom
2021-06-06T09:17:09.099-0500 [DEBUG] [org.gradle.api.internal.artifacts.ivyservice.ivyresolve.RepositoryChainComponentMetaDataResolver] Attempting to resolve component for org.jetbrains.kotlin:kotlin-gradle-plugin-model:1.4.32 using repositories [Google, MavenRepo]
2021-06-06T09:17:09.101-0500 [DEBUG] [org.gradle.api.internal.artifacts.repositories.resolver.DefaultExternalResourceArtifactResolver] Loading https://dl.google.com/dl/android/maven2/org/jetbrains/kotlin/kotlin-gradle-plugin-model/1.4.32/kotlin-gradle-plugin-model-1.4.32.pom
2021-06-06T09:17:09.100-0500 [DEBUG] [org.gradle.internal.resource.transport.http.HttpResourceAccessor] Constructing external resource: https://dl.google.com/dl/android/maven2/com/google/code/gson/gson/2.8.6/gson-2.8.6.pom
2021-06-06T09:17:09.100-0500 [DEBUG] [org.apache.http.client.protocol.RequestAddCookies] CookieSpec selected: default
2021-06-06T09:17:09.101-0500 [DEBUG] [org.gradle.api.internal.artifacts.ivyservice.ivyresolve.RepositoryChainComponentMetaDataResolver] Attempting to resolve component for org.jetbrains.kotlin:kotlin-annotation-processing-gradle:1.4.32 using repositories [Google, MavenRepo]
2021-06-06T09:17:09.101-0500 [DEBUG] [org.gradle.internal.resource.transport.http.HttpResourceAccessor] Constructing external resource: https://dl.google.com/dl/android/maven2/org/jetbrains/kotlin/kotlin-stdlib/1.4.32/kotlin-stdlib-1.4.32.pom
2021-06-06T09:17:09.101-0500 [DEBUG] [org.apache.http.client.protocol.RequestAuthCache] Auth cache not set in the context
2021-06-06T09:17:09.101-0500 [DEBUG] [org.gradle.internal.resource.transport.http.HttpClientHelper] Performing HTTP GET: https://dl.google.com/dl/android/maven2/com/google/code/gson/gson/2.8.6/gson-2.8.6.pom
2021-06-06T09:17:09.101-0500 [DEBUG] [org.gradle.internal.resource.transfer.DefaultCacheAwareExternalResourceAccessor] Constructing external resource: https://dl.google.com/dl/android/maven2/org/jetbrains/kotlin/kotlin-gradle-plugin-model/1.4.32/kotlin-gradle-plugin-model-1.4.32.pom
2021-06-06T09:17:09.102-0500 [DEBUG] [org.apache.http.impl.conn.PoolingHttpClientConnectionManager] Connection request: [route: {s}->https://dl.google.com:443][total kept alive: 8; route allocated: 8 of 20; total allocated: 8 of 20]
2021-06-06T09:17:09.102-0500 [DEBUG] [org.gradle.internal.resource.transport.http.HttpClientHelper] Performing HTTP GET: https://dl.google.com/dl/android/maven2/org/jetbrains/kotlin/kotlin-stdlib/1.4.32/kotlin-stdlib-1.4.32.pom
2021-06-06T09:17:09.101-0500 [DEBUG] [org.gradle.api.internal.artifacts.repositories.resolver.DefaultExternalResourceArtifactResolver] Loading https://dl.google.com/dl/android/maven2/org/jetbrains/kotlin/kotlin-annotation-processing-gradle/1.4.32/kotlin-annotation-processing-gradle-1.4.32.pom
2021-06-06T09:17:09.102-0500 [DEBUG] [org.gradle.internal.resource.transfer.DefaultCacheAwareExternalResourceAccessor] Constructing external resource: https://dl.google.com/dl/android/maven2/org/jetbrains/kotlin/kotlin-annotation-processing-gradle/1.4.32/kotlin-annotation-processing-gradle-1.4.32.pom
2021-06-06T09:17:09.102-0500 [DEBUG] [org.gradle.internal.resource.transport.http.HttpResourceAccessor] Constructing external resource: https://dl.google.com/dl/android/maven2/com/github/gundy/semver4j/0.16.4/semver4j-0.16.4.pom
2021-06-06T09:17:09.102-0500 [DEBUG] [org.apache.http.impl.conn.PoolingHttpClientConnectionManager] Connection leased: [id: 3][route: {s}->https://dl.google.com:443][total kept alive: 7; route allocated: 8 of 20; total allocated: 8 of 20]
2021-06-06T09:17:09.102-0500 [DEBUG] [org.gradle.internal.resource.transport.http.HttpResourceAccessor] Constructing external resource: https://dl.google.com/dl/android/maven2/org/jetbrains/kotlin/kotlin-util-klib/1.4.32/kotlin-util-klib-1.4.32.pom
2021-06-06T09:17:09.102-0500 [DEBUG] [org.apache.http.client.protocol.RequestAddCookies] CookieSpec selected: default
2021-06-06T09:17:09.103-0500 [DEBUG] [org.gradle.internal.resource.transport.http.HttpClientHelper] Performing HTTP GET: https://dl.google.com/dl/android/maven2/org/jetbrains/kotlin/kotlin-util-klib/1.4.32/kotlin-util-klib-1.4.32.pom
2021-06-06T09:17:09.103-0500 [DEBUG] [org.gradle.internal.resource.transport.http.HttpResourceAccessor] Constructing external resource: https://dl.google.com/dl/android/maven2/org/jetbrains/kotlin/kotlin-gradle-plugin-model/1.4.32/kotlin-gradle-plugin-model-1.4.32.pom
2021-06-06T09:17:09.103-0500 [DEBUG] [org.apache.http.impl.conn.DefaultManagedHttpClientConnection] http-outgoing-3: set socket timeout to 30000
2021-06-06T09:17:09.103-0500 [DEBUG] [org.gradle.internal.resource.transport.http.HttpClientHelper] Performing HTTP GET: https://dl.google.com/dl/android/maven2/com/github/gundy/semver4j/0.16.4/semver4j-0.16.4.pom
2021-06-06T09:17:09.102-0500 [DEBUG] [org.apache.http.client.protocol.RequestAddCookies] CookieSpec selected: default
2021-06-06T09:17:09.102-0500 [DEBUG] [org.gradle.internal.resource.transport.http.HttpResourceAccessor] Constructing external resource: https://dl.google.com/dl/android/maven2/org/jetbrains/kotlin/kotlin-compiler-embeddable/1.4.32/kotlin-compiler-embeddable-1.4.32.pom
2021-06-06T09:17:09.104-0500 [DEBUG] [org.apache.http.client.protocol.RequestAddCookies] CookieSpec selected: default
2021-06-06T09:17:09.104-0500 [DEBUG] [org.apache.http.client.protocol.RequestAuthCache] Auth cache not set in the context
2021-06-06T09:17:09.104-0500 [DEBUG] [org.apache.http.impl.conn.DefaultManagedHttpClientConnection] http-outgoing-3: set socket timeout to 30000
2021-06-06T09:17:09.103-0500 [DEBUG] [org.gradle.internal.resource.transport.http.HttpClientHelper] Performing HTTP GET: https://dl.google.com/dl/android/maven2/org/jetbrains/kotlin/kotlin-gradle-plugin-model/1.4.32/kotlin-gradle-plugin-model-1.4.32.pom
2021-06-06T09:17:09.103-0500 [DEBUG] [org.apache.http.client.protocol.RequestAddCookies] CookieSpec selected: default
2021-06-06T09:17:09.103-0500 [DEBUG] [org.apache.http.client.protocol.RequestAuthCache] Auth cache not set in the context
2021-06-06T09:17:09.105-0500 [DEBUG] [org.apache.http.client.protocol.RequestAddCookies] CookieSpec selected: default
2021-06-06T09:17:09.105-0500 [DEBUG] [org.apache.http.client.protocol.RequestAuthCache] Auth cache not set in the context
2021-06-06T09:17:09.104-0500 [DEBUG] [org.apache.http.impl.execchain.MainClientExec] Executing request GET /dl/android/maven2/org/jetbrains/kotlin/kotlin-gradle-plugin-api/1.4.32/kotlin-gradle-plugin-api-1.4.32.pom HTTP/1.1
2021-06-06T09:17:09.105-0500 [DEBUG] [org.apache.http.impl.execchain.MainClientExec] Target auth state: UNCHALLENGED
2021-06-06T09:17:09.105-0500 [DEBUG] [org.apache.http.impl.execchain.MainClientExec] Proxy auth state: UNCHALLENGED
2021-06-06T09:17:09.104-0500 [DEBUG] [org.apache.http.impl.conn.PoolingHttpClientConnectionManager] Connection request: [route: {s}->https://dl.google.com:443][total kept alive: 7; route allocated: 8 of 20; total allocated: 8 of 20]
2021-06-06T09:17:09.104-0500 [DEBUG] [org.apache.http.client.protocol.RequestAuthCache] Auth cache not set in the context
2021-06-06T09:17:09.104-0500 [DEBUG] [org.gradle.internal.resource.transport.http.HttpClientHelper] Performing HTTP GET: https://dl.google.com/dl/android/maven2/org/jetbrains/kotlin/kotlin-compiler-embeddable/1.4.32/kotlin-compiler-embeddable-1.4.32.pom
2021-06-06T09:17:09.105-0500 [DEBUG] [org.apache.http.impl.conn.PoolingHttpClientConnectionManager] Connection request: [route: {s}->https://dl.google.com:443][total kept alive: 6; route allocated: 8 of 20; total allocated: 8 of 20]
2021-06-06T09:17:09.105-0500 [DEBUG] [org.apache.http.impl.conn.PoolingHttpClientConnectionManager] Connection leased: [id: 7][route: {s}->https://dl.google.com:443][total kept alive: 6; route allocated: 8 of 20; total allocated: 8 of 20]
2021-06-06T09:17:09.105-0500 [DEBUG] [org.gradle.internal.resource.transport.http.HttpResourceAccessor] Constructing external resource: https://dl.google.com/dl/android/maven2/org/jetbrains/kotlin/kotlin-annotation-processing-gradle/1.4.32/kotlin-annotation-processing-gradle-1.4.32.pom
2021-06-06T09:17:09.105-0500 [DEBUG] [org.apache.http.impl.conn.PoolingHttpClientConnectionManager] Connection request: [route: {s}->https://dl.google.com:443][total kept alive: 7; route allocated: 8 of 20; total allocated: 8 of 20]
2021-06-06T09:17:09.105-0500 [DEBUG] [org.apache.http.client.protocol.RequestAuthCache] Auth cache not set in the context
2021-06-06T09:17:09.105-0500 [DEBUG] [org.apache.http.impl.conn.PoolingHttpClientConnectionManager] Connection request: [route: {s}->https://dl.google.com:443][total kept alive: 7; route allocated: 8 of 20; total allocated: 8 of 20]
2021-06-06T09:17:09.106-0500 [DEBUG] [org.apache.http.impl.conn.PoolingHttpClientConnectionManager] Connection request: [route: {s}->https://dl.google.com:443][total kept alive: 4; route allocated: 8 of 20; total allocated: 8 of 20]
2021-06-06T09:17:09.106-0500 [DEBUG] [org.apache.http.impl.conn.PoolingHttpClientConnectionManager] Connection leased: [id: 8][route: {s}->https://dl.google.com:443][total kept alive: 4; route allocated: 8 of 20; total allocated: 8 of 20]
2021-06-06T09:17:09.106-0500 [DEBUG] [org.gradle.internal.resource.transport.http.HttpClientHelper] Performing HTTP GET: https://dl.google.com/dl/android/maven2/org/jetbrains/kotlin/kotlin-annotation-processing-gradle/1.4.32/kotlin-annotation-processing-gradle-1.4.32.pom
2021-06-06T09:17:09.106-0500 [DEBUG] [org.apache.http.impl.conn.DefaultManagedHttpClientConnection] http-outgoing-7: set socket timeout to 30000
2021-06-06T09:17:09.106-0500 [DEBUG] [org.apache.http.client.protocol.RequestAddCookies] CookieSpec selected: default
2021-06-06T09:17:09.106-0500 [DEBUG] [org.apache.http.impl.conn.PoolingHttpClientConnectionManager] Connection leased: [id: 5][route: {s}->https://dl.google.com:443][total kept alive: 5; route allocated: 8 of 20; total allocated: 8 of 20]
2021-06-06T09:17:09.107-0500 [DEBUG] [org.apache.http.client.protocol.RequestAuthCache] Auth cache not set in the context
2021-06-06T09:17:09.107-0500 [DEBUG] [org.apache.http.impl.conn.DefaultManagedHttpClientConnection] http-outgoing-7: set socket timeout to 30000
2021-06-06T09:17:09.107-0500 [DEBUG] [org.apache.http.client.protocol.RequestAddCookies] CookieSpec selected: default
2021-06-06T09:17:09.106-0500 [DEBUG] [org.apache.http.impl.conn.DefaultManagedHttpClientConnection] http-outgoing-8: set socket timeout to 30000
2021-06-06T09:17:09.106-0500 [DEBUG] [org.apache.http.impl.conn.PoolingHttpClientConnectionManager] Connection leased: [id: 6][route: {s}->https://dl.google.com:443][total kept alive: 2; route allocated: 8 of 20; total allocated: 8 of 20]
2021-06-06T09:17:09.106-0500 [DEBUG] [org.apache.http.impl.conn.PoolingHttpClientConnectionManager] Connection leased: [id: 0][route: {s}->https://dl.google.com:443][total kept alive: 3; route allocated: 8 of 20; total allocated: 8 of 20]
2021-06-06T09:17:09.108-0500 [DEBUG] [org.apache.http.impl.conn.DefaultManagedHttpClientConnection] http-outgoing-6: set socket timeout to 30000
2021-06-06T09:17:09.107-0500 [DEBUG] [org.apache.http.impl.conn.DefaultManagedHttpClientConnection] http-outgoing-8: set socket timeout to 30000
2021-06-06T09:17:09.107-0500 [DEBUG] [org.apache.http.client.protocol.RequestAuthCache] Auth cache not set in the context
2021-06-06T09:17:09.107-0500 [DEBUG] [org.apache.http.impl.execchain.MainClientExec] Executing request GET /dl/android/maven2/org/jetbrains/kotlin/kotlin-stdlib/1.4.32/kotlin-stdlib-1.4.32.pom HTTP/1.1
2021-06-06T09:17:09.108-0500 [DEBUG] [org.apache.http.impl.execchain.MainClientExec] Target auth state: UNCHALLENGED
2021-06-06T09:17:09.108-0500 [DEBUG] [org.apache.http.impl.execchain.MainClientExec] Proxy auth state: UNCHALLENGED
2021-06-06T09:17:09.107-0500 [DEBUG] [org.apache.http.impl.conn.PoolingHttpClientConnectionManager] Connection request: [route: {s}->https://dl.google.com:443][total kept alive: 2; route allocated: 8 of 20; total allocated: 8 of 20]
2021-06-06T09:17:09.108-0500 [DEBUG] [org.apache.http.impl.conn.PoolingHttpClientConnectionManager] Connection leased: [id: 1][route: {s}->https://dl.google.com:443][total kept alive: 1; route allocated: 8 of 20; total allocated: 8 of 20]
2021-06-06T09:17:09.109-0500 [DEBUG] [org.apache.http.impl.conn.DefaultManagedHttpClientConnection] http-outgoing-1: set socket timeout to 30000
2021-06-06T09:17:09.109-0500 [DEBUG] [org.apache.http.impl.conn.DefaultManagedHttpClientConnection] http-outgoing-1: set socket timeout to 30000
2021-06-06T09:17:09.109-0500 [DEBUG] [org.apache.http.impl.execchain.MainClientExec] Executing request GET /dl/android/maven2/org/jetbrains/kotlin/kotlin-compiler-embeddable/1.4.32/kotlin-compiler-embeddable-1.4.32.pom HTTP/1.1
2021-06-06T09:17:09.109-0500 [DEBUG] [org.apache.http.impl.execchain.MainClientExec] Target auth state: UNCHALLENGED
2021-06-06T09:17:09.109-0500 [DEBUG] [org.apache.http.impl.execchain.MainClientExec] Proxy auth state: UNCHALLENGED
2021-06-06T09:17:09.107-0500 [DEBUG] [org.apache.http.impl.conn.DefaultManagedHttpClientConnection] http-outgoing-5: set socket timeout to 30000
2021-06-06T09:17:09.108-0500 [DEBUG] [org.apache.http.impl.conn.PoolingHttpClientConnectionManager] Connection request: [route: {s}->https://dl.google.com:443][total kept alive: 2; route allocated: 8 of 20; total allocated: 8 of 20]
2021-06-06T09:17:09.110-0500 [DEBUG] [org.apache.http.impl.conn.PoolingHttpClientConnectionManager] Connection leased: [id: 4][route: {s}->https://dl.google.com:443][total kept alive: 0; route allocated: 8 of 20; total allocated: 8 of 20]
2021-06-06T09:17:09.110-0500 [DEBUG] [org.apache.http.impl.conn.DefaultManagedHttpClientConnection] http-outgoing-4: set socket timeout to 30000
2021-06-06T09:17:09.110-0500 [DEBUG] [org.apache.http.impl.conn.DefaultManagedHttpClientConnection] http-outgoing-4: set socket timeout to 30000
2021-06-06T09:17:09.110-0500 [DEBUG] [org.apache.http.impl.execchain.MainClientExec] Executing request GET /dl/android/maven2/org/jetbrains/kotlin/kotlin-annotation-processing-gradle/1.4.32/kotlin-annotation-processing-gradle-1.4.32.pom HTTP/1.1
2021-06-06T09:17:09.110-0500 [DEBUG] [org.apache.http.impl.execchain.MainClientExec] Target auth state: UNCHALLENGED
2021-06-06T09:17:09.110-0500 [DEBUG] [org.apache.http.impl.execchain.MainClientExec] Proxy auth state: UNCHALLENGED
2021-06-06T09:17:09.108-0500 [DEBUG] [org.apache.http.impl.execchain.MainClientExec] Executing request GET /dl/android/maven2/org/jetbrains/kotlin/kotlin-util-klib/1.4.32/kotlin-util-klib-1.4.32.pom HTTP/1.1
2021-06-06T09:17:09.111-0500 [DEBUG] [org.apache.http.impl.execchain.MainClientExec] Target auth state: UNCHALLENGED
2021-06-06T09:17:09.111-0500 [DEBUG] [org.apache.http.impl.execchain.MainClientExec] Proxy auth state: UNCHALLENGED
2021-06-06T09:17:09.108-0500 [DEBUG] [org.apache.http.impl.conn.DefaultManagedHttpClientConnection] http-outgoing-6: set socket timeout to 30000
2021-06-06T09:17:09.108-0500 [DEBUG] [org.apache.http.impl.conn.DefaultManagedHttpClientConnection] http-outgoing-0: set socket timeout to 30000
2021-06-06T09:17:09.111-0500 [DEBUG] [org.apache.http.impl.execchain.MainClientExec] Executing request GET /dl/android/maven2/org/jetbrains/kotlin/kotlin-gradle-plugin-model/1.4.32/kotlin-gradle-plugin-model-1.4.32.pom HTTP/1.1
2021-06-06T09:17:09.110-0500 [DEBUG] [org.apache.http.impl.conn.DefaultManagedHttpClientConnection] http-outgoing-5: set socket timeout to 30000
2021-06-06T09:17:09.112-0500 [DEBUG] [org.apache.http.impl.execchain.MainClientExec] Target auth state: UNCHALLENGED
2021-06-06T09:17:09.112-0500 [DEBUG] [org.apache.http.impl.conn.DefaultManagedHttpClientConnection] http-outgoing-0: set socket timeout to 30000
2021-06-06T09:17:09.112-0500 [DEBUG] [org.apache.http.impl.execchain.MainClientExec] Proxy auth state: UNCHALLENGED
2021-06-06T09:17:09.112-0500 [DEBUG] [org.apache.http.impl.execchain.MainClientExec] Executing request GET /dl/android/maven2/com/github/gundy/semver4j/0.16.4/semver4j-0.16.4.pom HTTP/1.1
2021-06-06T09:17:09.113-0500 [DEBUG] [org.apache.http.impl.execchain.MainClientExec] Target auth state: UNCHALLENGED
2021-06-06T09:17:09.113-0500 [DEBUG] [org.apache.http.impl.execchain.MainClientExec] Proxy auth state: UNCHALLENGED
2021-06-06T09:17:09.112-0500 [DEBUG] [org.apache.http.impl.execchain.MainClientExec] Executing request GET /dl/android/maven2/com/google/code/gson/gson/2.8.6/gson-2.8.6.pom HTTP/1.1
2021-06-06T09:17:09.114-0500 [DEBUG] [org.apache.http.impl.execchain.MainClientExec] Target auth state: UNCHALLENGED
2021-06-06T09:17:09.114-0500 [DEBUG] [org.apache.http.impl.execchain.MainClientExec] Proxy auth state: UNCHALLENGED
2021-06-06T09:17:09.145-0500 [DEBUG] [org.apache.http.impl.execchain.MainClientExec] Connection can be kept alive indefinitely
2021-06-06T09:17:09.146-0500 [DEBUG] [org.apache.http.impl.conn.PoolingHttpClientConnectionManager] Connection [id: 7][route: {s}->https://dl.google.com:443] can be kept alive indefinitely
2021-06-06T09:17:09.146-0500 [DEBUG] [org.apache.http.impl.conn.DefaultManagedHttpClientConnection] http-outgoing-7: set socket timeout to 0
2021-06-06T09:17:09.146-0500 [DEBUG] [org.apache.http.impl.conn.PoolingHttpClientConnectionManager] Connection released: [id: 7][route: {s}->https://dl.google.com:443][total kept alive: 1; route allocated: 8 of 20; total allocated: 8 of 20]
2021-06-06T09:17:09.146-0500 [DEBUG] [org.apache.http.impl.execchain.MainClientExec] Connection can be kept alive indefinitely
2021-06-06T09:17:09.146-0500 [DEBUG] [org.apache.http.impl.execchain.MainClientExec] Connection can be kept alive indefinitely
2021-06-06T09:17:09.146-0500 [INFO] [org.gradle.internal.resource.transport.http.HttpClientHelper] Resource missing. [HTTP GET: https://dl.google.com/dl/android/maven2/org/jetbrains/kotlin/kotlin-stdlib/1.4.32/kotlin-stdlib-1.4.32.pom]
2021-06-06T09:17:09.146-0500 [DEBUG] [org.apache.http.impl.conn.PoolingHttpClientConnectionManager] Connection [id: 1][route: {s}->https://dl.google.com:443] can be kept alive indefinitely
2021-06-06T09:17:09.147-0500 [DEBUG] [org.gradle.internal.operations.DefaultBuildOperationRunner] Build operation 'Download https://dl.google.com/dl/android/maven2/org/jetbrains/kotlin/kotlin-stdlib/1.4.32/kotlin-stdlib-1.4.32.pom' completed
2021-06-06T09:17:09.147-0500 [DEBUG] [org.gradle.api.internal.artifacts.repositories.resolver.ExternalResourceResolver] No meta-data file or artifact found for module 'org.jetbrains.kotlin:kotlin-stdlib:1.4.32' in repository 'Google'.
2021-06-06T09:17:09.147-0500 [DEBUG] [org.gradle.api.internal.artifacts.ivyservice.modulecache.PersistentModuleMetadataCache] Recording absence of module descriptor in cache: org.jetbrains.kotlin:kotlin-stdlib:1.4.32 [changing = false]
2021-06-06T09:17:09.146-0500 [DEBUG] [org.apache.http.impl.conn.PoolingHttpClientConnectionManager] Connection [id: 3][route: {s}->https://dl.google.com:443] can be kept alive indefinitely
2021-06-06T09:17:09.147-0500 [DEBUG] [org.apache.http.impl.conn.DefaultManagedHttpClientConnection] http-outgoing-1: set socket timeout to 0
2021-06-06T09:17:09.147-0500 [DEBUG] [org.apache.http.impl.conn.DefaultManagedHttpClientConnection] http-outgoing-3: set socket timeout to 0
2021-06-06T09:17:09.147-0500 [DEBUG] [org.apache.http.impl.conn.PoolingHttpClientConnectionManager] Connection released: [id: 1][route: {s}->https://dl.google.com:443][total kept alive: 2; route allocated: 8 of 20; total allocated: 8 of 20]
2021-06-06T09:17:09.147-0500 [DEBUG] [org.apache.http.impl.conn.PoolingHttpClientConnectionManager] Connection released: [id: 3][route: {s}->https://dl.google.com:443][total kept alive: 3; route allocated: 8 of 20; total allocated: 8 of 20]
2021-06-06T09:17:09.147-0500 [DEBUG] [org.gradle.api.internal.artifacts.repositories.resolver.DefaultExternalResourceArtifactResolver] Loading https://repo.maven.apache.org/maven2/org/jetbrains/kotlin/kotlin-stdlib/1.4.32/kotlin-stdlib-1.4.32.pom
2021-06-06T09:17:09.148-0500 [DEBUG] [org.gradle.internal.resource.transfer.DefaultCacheAwareExternalResourceAccessor] Constructing external resource: https://repo.maven.apache.org/maven2/org/jetbrains/kotlin/kotlin-stdlib/1.4.32/kotlin-stdlib-1.4.32.pom
2021-06-06T09:17:09.147-0500 [INFO] [org.gradle.internal.resource.transport.http.HttpClientHelper] Resource missing. [HTTP GET: https://dl.google.com/dl/android/maven2/org/jetbrains/kotlin/kotlin-compiler-embeddable/1.4.32/kotlin-compiler-embeddable-1.4.32.pom]
2021-06-06T09:17:09.148-0500 [INFO] [org.gradle.internal.resource.transport.http.HttpClientHelper] Resource missing. [HTTP GET: https://dl.google.com/dl/android/maven2/org/jetbrains/kotlin/kotlin-gradle-plugin-api/1.4.32/kotlin-gradle-plugin-api-1.4.32.pom]
2021-06-06T09:17:09.148-0500 [DEBUG] [org.gradle.internal.operations.DefaultBuildOperationRunner] Build operation 'Download https://dl.google.com/dl/android/maven2/org/jetbrains/kotlin/kotlin-gradle-plugin-api/1.4.32/kotlin-gradle-plugin-api-1.4.32.pom' completed
2021-06-06T09:17:09.148-0500 [DEBUG] [org.gradle.api.internal.artifacts.repositories.resolver.ExternalResourceResolver] No meta-data file or artifact found for module 'org.jetbrains.kotlin:kotlin-gradle-plugin-api:1.4.32' in repository 'Google'.
2021-06-06T09:17:09.148-0500 [DEBUG] [org.gradle.api.internal.artifacts.ivyservice.modulecache.PersistentModuleMetadataCache] Recording absence of module descriptor in cache: org.jetbrains.kotlin:kotlin-gradle-plugin-api:1.4.32 [changing = false]
2021-06-06T09:17:09.148-0500 [DEBUG] [org.gradle.internal.operations.DefaultBuildOperationRunner] Build operation 'Download https://dl.google.com/dl/android/maven2/org/jetbrains/kotlin/kotlin-compiler-embeddable/1.4.32/kotlin-compiler-embeddable-1.4.32.pom' completed
2021-06-06T09:17:09.149-0500 [DEBUG] [org.gradle.internal.resource.transport.http.HttpResourceAccessor] Constructing external resource: https://repo.maven.apache.org/maven2/org/jetbrains/kotlin/kotlin-stdlib/1.4.32/kotlin-stdlib-1.4.32.pom
2021-06-06T09:17:09.149-0500 [DEBUG] [org.gradle.api.internal.artifacts.repositories.resolver.ExternalResourceResolver] No meta-data file or artifact found for module 'org.jetbrains.kotlin:kotlin-compiler-embeddable:1.4.32' in repository 'Google'.
2021-06-06T09:17:09.149-0500 [DEBUG] [org.gradle.internal.resource.transport.http.HttpClientHelper] Performing HTTP GET: https://repo.maven.apache.org/maven2/org/jetbrains/kotlin/kotlin-stdlib/1.4.32/kotlin-stdlib-1.4.32.pom
2021-06-06T09:17:09.149-0500 [DEBUG] [org.gradle.api.internal.artifacts.repositories.resolver.DefaultExternalResourceArtifactResolver] Loading https://repo.maven.apache.org/maven2/org/jetbrains/kotlin/kotlin-gradle-plugin-api/1.4.32/kotlin-gradle-plugin-api-1.4.32.pom
2021-06-06T09:17:09.149-0500 [DEBUG] [org.gradle.api.internal.artifacts.ivyservice.modulecache.PersistentModuleMetadataCache] Recording absence of module descriptor in cache: org.jetbrains.kotlin:kotlin-compiler-embeddable:1.4.32 [changing = false]
2021-06-06T09:17:09.149-0500 [DEBUG] [org.apache.http.client.protocol.RequestAddCookies] CookieSpec selected: default
2021-06-06T09:17:09.149-0500 [DEBUG] [org.gradle.internal.resource.transfer.DefaultCacheAwareExternalResourceAccessor] Constructing external resource: https://repo.maven.apache.org/maven2/org/jetbrains/kotlin/kotlin-gradle-plugin-api/1.4.32/kotlin-gradle-plugin-api-1.4.32.pom
2021-06-06T09:17:09.149-0500 [DEBUG] [org.apache.http.client.protocol.RequestAuthCache] Auth cache not set in the context
2021-06-06T09:17:09.150-0500 [DEBUG] [org.gradle.api.internal.artifacts.repositories.resolver.DefaultExternalResourceArtifactResolver] Loading https://repo.maven.apache.org/maven2/org/jetbrains/kotlin/kotlin-compiler-embeddable/1.4.32/kotlin-compiler-embeddable-1.4.32.pom
2021-06-06T09:17:09.150-0500 [DEBUG] [org.apache.http.impl.conn.PoolingHttpClientConnectionManager] Connection request: [route: {s}->https://repo.maven.apache.org:443][total kept alive: 6; route allocated: 6 of 20; total allocated: 6 of 20]
2021-06-06T09:17:09.150-0500 [DEBUG] [org.apache.http.impl.execchain.MainClientExec] Connection can be kept alive indefinitely
2021-06-06T09:17:09.150-0500 [DEBUG] [org.gradle.internal.resource.transfer.DefaultCacheAwareExternalResourceAccessor] Constructing external resource: https://repo.maven.apache.org/maven2/org/jetbrains/kotlin/kotlin-compiler-embeddable/1.4.32/kotlin-compiler-embeddable-1.4.32.pom
2021-06-06T09:17:09.150-0500 [DEBUG] [org.apache.http.impl.conn.PoolingHttpClientConnectionManager] Connection leased: [id: 9][route: {s}->https://repo.maven.apache.org:443][total kept alive: 5; route allocated: 6 of 20; total allocated: 6 of 20]
2021-06-06T09:17:09.150-0500 [DEBUG] [org.apache.http.impl.conn.PoolingHttpClientConnectionManager] Connection [id: 8][route: {s}->https://dl.google.com:443] can be kept alive indefinitely
2021-06-06T09:17:09.150-0500 [DEBUG] [org.apache.http.impl.conn.DefaultManagedHttpClientConnection] http-outgoing-8: set socket timeout to 0
2021-06-06T09:17:09.150-0500 [DEBUG] [org.apache.http.impl.conn.DefaultManagedHttpClientConnection] http-outgoing-9: set socket timeout to 30000
2021-06-06T09:17:09.150-0500 [DEBUG] [org.apache.http.impl.conn.PoolingHttpClientConnectionManager] Connection released: [id: 8][route: {s}->https://dl.google.com:443][total kept alive: 4; route allocated: 8 of 20; total allocated: 8 of 20]
2021-06-06T09:17:09.150-0500 [DEBUG] [org.apache.http.impl.conn.DefaultManagedHttpClientConnection] http-outgoing-9: set socket timeout to 30000
2021-06-06T09:17:09.151-0500 [DEBUG] [org.apache.http.impl.execchain.MainClientExec] Executing request GET /maven2/org/jetbrains/kotlin/kotlin-stdlib/1.4.32/kotlin-stdlib-1.4.32.pom HTTP/1.1
2021-06-06T09:17:09.151-0500 [DEBUG] [org.apache.http.impl.execchain.MainClientExec] Target auth state: UNCHALLENGED
2021-06-06T09:17:09.151-0500 [DEBUG] [org.apache.http.impl.execchain.MainClientExec] Proxy auth state: UNCHALLENGED
2021-06-06T09:17:09.151-0500 [INFO] [org.gradle.internal.resource.transport.http.HttpClientHelper] Resource missing. [HTTP GET: https://dl.google.com/dl/android/maven2/org/jetbrains/kotlin/kotlin-util-klib/1.4.32/kotlin-util-klib-1.4.32.pom]
2021-06-06T09:17:09.152-0500 [DEBUG] [org.gradle.internal.operations.DefaultBuildOperationRunner] Build operation 'Download https://dl.google.com/dl/android/maven2/org/jetbrains/kotlin/kotlin-util-klib/1.4.32/kotlin-util-klib-1.4.32.pom' completed
2021-06-06T09:17:09.152-0500 [DEBUG] [org.apache.http.impl.execchain.MainClientExec] Connection can be kept alive indefinitely
2021-06-06T09:17:09.152-0500 [DEBUG] [org.gradle.api.internal.artifacts.repositories.resolver.ExternalResourceResolver] No meta-data file or artifact found for module 'org.jetbrains.kotlin:kotlin-util-klib:1.4.32' in repository 'Google'.
2021-06-06T09:17:09.152-0500 [DEBUG] [org.gradle.api.internal.artifacts.ivyservice.modulecache.PersistentModuleMetadataCache] Recording absence of module descriptor in cache: org.jetbrains.kotlin:kotlin-util-klib:1.4.32 [changing = false]
2021-06-06T09:17:09.151-0500 [DEBUG] [org.gradle.internal.resource.transport.http.HttpResourceAccessor] Constructing external resource: https://repo.maven.apache.org/maven2/org/jetbrains/kotlin/kotlin-compiler-embeddable/1.4.32/kotlin-compiler-embeddable-1.4.32.pom
2021-06-06T09:17:09.152-0500 [DEBUG] [org.apache.http.impl.conn.PoolingHttpClientConnectionManager] Connection [id: 4][route: {s}->https://dl.google.com:443] can be kept alive indefinitely
2021-06-06T09:17:09.152-0500 [DEBUG] [org.apache.http.impl.conn.DefaultManagedHttpClientConnection] http-outgoing-4: set socket timeout to 0
2021-06-06T09:17:09.152-0500 [DEBUG] [org.apache.http.impl.execchain.MainClientExec] Connection can be kept alive indefinitely
2021-06-06T09:17:09.152-0500 [DEBUG] [org.gradle.internal.resource.transport.http.HttpResourceAccessor] Constructing external resource: https://repo.maven.apache.org/maven2/org/jetbrains/kotlin/kotlin-gradle-plugin-api/1.4.32/kotlin-gradle-plugin-api-1.4.32.pom
2021-06-06T09:17:09.152-0500 [DEBUG] [org.apache.http.impl.conn.PoolingHttpClientConnectionManager] Connection released: [id: 4][route: {s}->https://dl.google.com:443][total kept alive: 5; route allocated: 8 of 20; total allocated: 8 of 20]
2021-06-06T09:17:09.153-0500 [DEBUG] [org.apache.http.impl.conn.PoolingHttpClientConnectionManager] Connection [id: 0][route: {s}->https://dl.google.com:443] can be kept alive indefinitely
2021-06-06T09:17:09.153-0500 [INFO] [org.gradle.internal.resource.transport.http.HttpClientHelper] Resource missing. [HTTP GET: https://dl.google.com/dl/android/maven2/org/jetbrains/kotlin/kotlin-annotation-processing-gradle/1.4.32/kotlin-annotation-processing-gradle-1.4.32.pom]
2021-06-06T09:17:09.152-0500 [DEBUG] [org.gradle.api.internal.artifacts.repositories.resolver.DefaultExternalResourceArtifactResolver] Loading https://repo.maven.apache.org/maven2/org/jetbrains/kotlin/kotlin-util-klib/1.4.32/kotlin-util-klib-1.4.32.pom
2021-06-06T09:17:09.152-0500 [DEBUG] [org.apache.http.impl.execchain.MainClientExec] Connection can be kept alive indefinitely
2021-06-06T09:17:09.152-0500 [DEBUG] [org.gradle.internal.resource.transport.http.HttpClientHelper] Performing HTTP GET: https://repo.maven.apache.org/maven2/org/jetbrains/kotlin/kotlin-compiler-embeddable/1.4.32/kotlin-compiler-embeddable-1.4.32.pom
2021-06-06T09:17:09.153-0500 [DEBUG] [org.apache.http.impl.execchain.MainClientExec] Connection can be kept alive indefinitely
2021-06-06T09:17:09.153-0500 [DEBUG] [org.apache.http.impl.conn.PoolingHttpClientConnectionManager] Connection [id: 6][route: {s}->https://dl.google.com:443] can be kept alive indefinitely
2021-06-06T09:17:09.154-0500 [DEBUG] [org.apache.http.impl.conn.DefaultManagedHttpClientConnection] http-outgoing-6: set socket timeout to 0
2021-06-06T09:17:09.154-0500 [DEBUG] [org.apache.http.impl.conn.PoolingHttpClientConnectionManager] Connection [id: 5][route: {s}->https://dl.google.com:443] can be kept alive indefinitely
2021-06-06T09:17:09.154-0500 [DEBUG] [org.apache.http.impl.conn.DefaultManagedHttpClientConnection] http-outgoing-5: set socket timeout to 0
2021-06-06T09:17:09.153-0500 [DEBUG] [org.gradle.internal.resource.transfer.DefaultCacheAwareExternalResourceAccessor] Constructing external resource: https://repo.maven.apache.org/maven2/org/jetbrains/kotlin/kotlin-util-klib/1.4.32/kotlin-util-klib-1.4.32.pom
2021-06-06T09:17:09.153-0500 [DEBUG] [org.apache.http.impl.conn.DefaultManagedHttpClientConnection] http-outgoing-0: set socket timeout to 0
2021-06-06T09:17:09.153-0500 [DEBUG] [org.gradle.internal.resource.transport.http.HttpClientHelper] Performing HTTP GET: https://repo.maven.apache.org/maven2/org/jetbrains/kotlin/kotlin-gradle-plugin-api/1.4.32/kotlin-gradle-plugin-api-1.4.32.pom
2021-06-06T09:17:09.154-0500 [DEBUG] [org.apache.http.impl.conn.PoolingHttpClientConnectionManager] Connection released: [id: 0][route: {s}->https://dl.google.com:443][total kept alive: 8; route allocated: 8 of 20; total allocated: 8 of 20]
2021-06-06T09:17:09.154-0500 [DEBUG] [org.apache.http.client.protocol.RequestAddCookies] CookieSpec selected: default
2021-06-06T09:17:09.155-0500 [DEBUG] [org.apache.http.client.protocol.RequestAuthCache] Auth cache not set in the context
2021-06-06T09:17:09.155-0500 [DEBUG] [org.apache.http.impl.conn.PoolingHttpClientConnectionManager] Connection request: [route: {s}->https://repo.maven.apache.org:443][total kept alive: 5; route allocated: 6 of 20; total allocated: 6 of 20]
2021-06-06T09:17:09.155-0500 [DEBUG] [org.apache.http.impl.conn.PoolingHttpClientConnectionManager] Connection leased: [id: 10][route: {s}->https://repo.maven.apache.org:443][total kept alive: 4; route allocated: 6 of 20; total allocated: 6 of 20]
2021-06-06T09:17:09.155-0500 [DEBUG] [org.apache.http.impl.conn.DefaultManagedHttpClientConnection] http-outgoing-10: set socket timeout to 30000
2021-06-06T09:17:09.155-0500 [DEBUG] [org.apache.http.impl.conn.DefaultManagedHttpClientConnection] http-outgoing-10: set socket timeout to 30000
2021-06-06T09:17:09.155-0500 [DEBUG] [org.apache.http.impl.execchain.MainClientExec] Executing request GET /maven2/org/jetbrains/kotlin/kotlin-gradle-plugin-api/1.4.32/kotlin-gradle-plugin-api-1.4.32.pom HTTP/1.1
2021-06-06T09:17:09.154-0500 [DEBUG] [org.apache.http.impl.conn.PoolingHttpClientConnectionManager] Connection released: [id: 5][route: {s}->https://dl.google.com:443][total kept alive: 7; route allocated: 8 of 20; total allocated: 8 of 20]
2021-06-06T09:17:09.154-0500 [DEBUG] [org.apache.http.impl.conn.PoolingHttpClientConnectionManager] Connection released: [id: 6][route: {s}->https://dl.google.com:443][total kept alive: 6; route allocated: 8 of 20; total allocated: 8 of 20]
2021-06-06T09:17:09.156-0500 [INFO] [org.gradle.internal.resource.transport.http.HttpClientHelper] Resource missing. [HTTP GET: https://dl.google.com/dl/android/maven2/org/jetbrains/kotlin/kotlin-gradle-plugin-model/1.4.32/kotlin-gradle-plugin-model-1.4.32.pom]
2021-06-06T09:17:09.156-0500 [DEBUG] [org.gradle.internal.operations.DefaultBuildOperationRunner] Build operation 'Download https://dl.google.com/dl/android/maven2/org/jetbrains/kotlin/kotlin-gradle-plugin-model/1.4.32/kotlin-gradle-plugin-model-1.4.32.pom' completed
2021-06-06T09:17:09.156-0500 [DEBUG] [org.gradle.api.internal.artifacts.repositories.resolver.ExternalResourceResolver] No meta-data file or artifact found for module 'org.jetbrains.kotlin:kotlin-gradle-plugin-model:1.4.32' in repository 'Google'.
2021-06-06T09:17:09.154-0500 [DEBUG] [org.apache.http.client.protocol.RequestAddCookies] CookieSpec selected: default
2021-06-06T09:17:09.156-0500 [DEBUG] [org.gradle.api.internal.artifacts.ivyservice.modulecache.PersistentModuleMetadataCache] Recording absence of module descriptor in cache: org.jetbrains.kotlin:kotlin-gradle-plugin-model:1.4.32 [changing = false]
2021-06-06T09:17:09.157-0500 [DEBUG] [org.apache.http.client.protocol.RequestAuthCache] Auth cache not set in the context
2021-06-06T09:17:09.156-0500 [INFO] [org.gradle.internal.resource.transport.http.HttpClientHelper] Resource missing. [HTTP GET: https://dl.google.com/dl/android/maven2/com/github/gundy/semver4j/0.16.4/semver4j-0.16.4.pom]
2021-06-06T09:17:09.157-0500 [DEBUG] [org.gradle.internal.operations.DefaultBuildOperationRunner] Build operation 'Download https://dl.google.com/dl/android/maven2/com/github/gundy/semver4j/0.16.4/semver4j-0.16.4.pom' completed
2021-06-06T09:17:09.157-0500 [DEBUG] [org.gradle.api.internal.artifacts.repositories.resolver.ExternalResourceResolver] No meta-data file or artifact found for module 'com.github.gundy:semver4j:0.16.4' in repository 'Google'.
2021-06-06T09:17:09.156-0500 [DEBUG] [org.gradle.internal.operations.DefaultBuildOperationRunner] Build operation 'Download https://dl.google.com/dl/android/maven2/org/jetbrains/kotlin/kotlin-annotation-processing-gradle/1.4.32/kotlin-annotation-processing-gradle-1.4.32.pom' completed
2021-06-06T09:17:09.157-0500 [DEBUG] [org.gradle.api.internal.artifacts.repositories.resolver.ExternalResourceResolver] No meta-data file or artifact found for module 'org.jetbrains.kotlin:kotlin-annotation-processing-gradle:1.4.32' in repository 'Google'.
2021-06-06T09:17:09.155-0500 [DEBUG] [org.apache.http.impl.execchain.MainClientExec] Target auth state: UNCHALLENGED
2021-06-06T09:17:09.158-0500 [DEBUG] [org.apache.http.impl.execchain.MainClientExec] Proxy auth state: UNCHALLENGED
2021-06-06T09:17:09.155-0500 [INFO] [org.gradle.internal.resource.transport.http.HttpClientHelper] Resource missing. [HTTP GET: https://dl.google.com/dl/android/maven2/com/google/code/gson/gson/2.8.6/gson-2.8.6.pom]
2021-06-06T09:17:09.157-0500 [DEBUG] [org.gradle.api.internal.artifacts.ivyservice.modulecache.PersistentModuleMetadataCache] Recording absence of module descriptor in cache: org.jetbrains.kotlin:kotlin-annotation-processing-gradle:1.4.32 [changing = false]
2021-06-06T09:17:09.157-0500 [DEBUG] [org.gradle.internal.resource.transport.http.HttpResourceAccessor] Constructing external resource: https://repo.maven.apache.org/maven2/org/jetbrains/kotlin/kotlin-util-klib/1.4.32/kotlin-util-klib-1.4.32.pom
2021-06-06T09:17:09.157-0500 [DEBUG] [org.gradle.api.internal.artifacts.ivyservice.modulecache.PersistentModuleMetadataCache] Recording absence of module descriptor in cache: com.github.gundy:semver4j:0.16.4 [changing = false]
2021-06-06T09:17:09.158-0500 [DEBUG] [org.gradle.internal.resource.transport.http.HttpClientHelper] Performing HTTP GET: https://repo.maven.apache.org/maven2/org/jetbrains/kotlin/kotlin-util-klib/1.4.32/kotlin-util-klib-1.4.32.pom
2021-06-06T09:17:09.157-0500 [DEBUG] [org.gradle.api.internal.artifacts.repositories.resolver.DefaultExternalResourceArtifactResolver] Loading https://repo.maven.apache.org/maven2/org/jetbrains/kotlin/kotlin-gradle-plugin-model/1.4.32/kotlin-gradle-plugin-model-1.4.32.pom
2021-06-06T09:17:09.157-0500 [DEBUG] [org.apache.http.impl.conn.PoolingHttpClientConnectionManager] Connection request: [route: {s}->https://repo.maven.apache.org:443][total kept alive: 4; route allocated: 6 of 20; total allocated: 6 of 20]
2021-06-06T09:17:09.159-0500 [DEBUG] [org.apache.http.client.protocol.RequestAddCookies] CookieSpec selected: default
2021-06-06T09:17:09.159-0500 [DEBUG] [org.apache.http.client.protocol.RequestAuthCache] Auth cache not set in the context
2021-06-06T09:17:09.159-0500 [DEBUG] [org.gradle.api.internal.artifacts.repositories.resolver.DefaultExternalResourceArtifactResolver] Loading https://repo.maven.apache.org/maven2/org/jetbrains/kotlin/kotlin-annotation-processing-gradle/1.4.32/kotlin-annotation-processing-gradle-1.4.32.pom
2021-06-06T09:17:09.159-0500 [DEBUG] [org.gradle.internal.resource.transfer.DefaultCacheAwareExternalResourceAccessor] Constructing external resource: https://repo.maven.apache.org/maven2/org/jetbrains/kotlin/kotlin-gradle-plugin-model/1.4.32/kotlin-gradle-plugin-model-1.4.32.pom
2021-06-06T09:17:09.159-0500 [DEBUG] [org.gradle.internal.resource.transfer.DefaultCacheAwareExternalResourceAccessor] Constructing external resource: https://repo.maven.apache.org/maven2/org/jetbrains/kotlin/kotlin-annotation-processing-gradle/1.4.32/kotlin-annotation-processing-gradle-1.4.32.pom
2021-06-06T09:17:09.159-0500 [DEBUG] [org.apache.http.impl.conn.PoolingHttpClientConnectionManager] Connection request: [route: {s}->https://repo.maven.apache.org:443][total kept alive: 3; route allocated: 6 of 20; total allocated: 6 of 20]
2021-06-06T09:17:09.159-0500 [DEBUG] [org.apache.http.impl.conn.PoolingHttpClientConnectionManager] Connection leased: [id: 11][route: {s}->https://repo.maven.apache.org:443][total kept alive: 2; route allocated: 6 of 20; total allocated: 6 of 20]
2021-06-06T09:17:09.160-0500 [DEBUG] [org.apache.http.impl.conn.DefaultManagedHttpClientConnection] http-outgoing-11: set socket timeout to 30000
2021-06-06T09:17:09.159-0500 [DEBUG] [org.gradle.api.internal.artifacts.repositories.resolver.DefaultExternalResourceArtifactResolver] Loading https://repo.maven.apache.org/maven2/com/github/gundy/semver4j/0.16.4/semver4j-0.16.4.pom
2021-06-06T09:17:09.159-0500 [DEBUG] [org.apache.http.impl.conn.PoolingHttpClientConnectionManager] Connection leased: [id: 13][route: {s}->https://repo.maven.apache.org:443][total kept alive: 3; route allocated: 6 of 20; total allocated: 6 of 20]
2021-06-06T09:17:09.160-0500 [DEBUG] [org.gradle.internal.resource.transfer.DefaultCacheAwareExternalResourceAccessor] Constructing external resource: https://repo.maven.apache.org/maven2/com/github/gundy/semver4j/0.16.4/semver4j-0.16.4.pom
2021-06-06T09:17:09.160-0500 [DEBUG] [org.apache.http.impl.conn.DefaultManagedHttpClientConnection] http-outgoing-11: set socket timeout to 30000
2021-06-06T09:17:09.161-0500 [DEBUG] [org.gradle.internal.operations.DefaultBuildOperationRunner] Build operation 'Download https://dl.google.com/dl/android/maven2/com/google/code/gson/gson/2.8.6/gson-2.8.6.pom' completed
2021-06-06T09:17:09.160-0500 [DEBUG] [org.apache.http.impl.execchain.MainClientExec] Executing request GET /maven2/org/jetbrains/kotlin/kotlin-util-klib/1.4.32/kotlin-util-klib-1.4.32.pom HTTP/1.1
2021-06-06T09:17:09.161-0500 [DEBUG] [org.apache.http.impl.execchain.MainClientExec] Target auth state: UNCHALLENGED
2021-06-06T09:17:09.161-0500 [DEBUG] [org.apache.http.impl.execchain.MainClientExec] Proxy auth state: UNCHALLENGED
2021-06-06T09:17:09.160-0500 [DEBUG] [org.apache.http.impl.conn.DefaultManagedHttpClientConnection] http-outgoing-13: set socket timeout to 30000
2021-06-06T09:17:09.162-0500 [DEBUG] [org.gradle.internal.resource.transport.http.HttpResourceAccessor] Constructing external resource: https://repo.maven.apache.org/maven2/com/github/gundy/semver4j/0.16.4/semver4j-0.16.4.pom
2021-06-06T09:17:09.161-0500 [DEBUG] [org.gradle.api.internal.artifacts.repositories.resolver.ExternalResourceResolver] No meta-data file or artifact found for module 'com.google.code.gson:gson:2.8.6' in repository 'Google'.
2021-06-06T09:17:09.162-0500 [DEBUG] [org.gradle.internal.resource.transport.http.HttpClientHelper] Performing HTTP GET: https://repo.maven.apache.org/maven2/com/github/gundy/semver4j/0.16.4/semver4j-0.16.4.pom
2021-06-06T09:17:09.162-0500 [DEBUG] [org.gradle.internal.resource.transport.http.HttpResourceAccessor] Constructing external resource: https://repo.maven.apache.org/maven2/org/jetbrains/kotlin/kotlin-annotation-processing-gradle/1.4.32/kotlin-annotation-processing-gradle-1.4.32.pom
2021-06-06T09:17:09.162-0500 [DEBUG] [org.apache.http.client.protocol.RequestAddCookies] CookieSpec selected: default
2021-06-06T09:17:09.162-0500 [DEBUG] [org.gradle.internal.resource.transport.http.HttpResourceAccessor] Constructing external resource: https://repo.maven.apache.org/maven2/org/jetbrains/kotlin/kotlin-gradle-plugin-model/1.4.32/kotlin-gradle-plugin-model-1.4.32.pom
2021-06-06T09:17:09.161-0500 [DEBUG] [org.apache.http.impl.conn.DefaultManagedHttpClientConnection] http-outgoing-13: set socket timeout to 30000
2021-06-06T09:17:09.163-0500 [DEBUG] [org.gradle.internal.resource.transport.http.HttpClientHelper] Performing HTTP GET: https://repo.maven.apache.org/maven2/org/jetbrains/kotlin/kotlin-gradle-plugin-model/1.4.32/kotlin-gradle-plugin-model-1.4.32.pom
2021-06-06T09:17:09.162-0500 [DEBUG] [org.apache.http.client.protocol.RequestAuthCache] Auth cache not set in the context
2021-06-06T09:17:09.162-0500 [DEBUG] [org.gradle.internal.resource.transport.http.HttpClientHelper] Performing HTTP GET: https://repo.maven.apache.org/maven2/org/jetbrains/kotlin/kotlin-annotation-processing-gradle/1.4.32/kotlin-annotation-processing-gradle-1.4.32.pom
2021-06-06T09:17:09.162-0500 [DEBUG] [org.gradle.api.internal.artifacts.ivyservice.modulecache.PersistentModuleMetadataCache] Recording absence of module descriptor in cache: com.google.code.gson:gson:2.8.6 [changing = false]
2021-06-06T09:17:09.163-0500 [DEBUG] [org.apache.http.client.protocol.RequestAddCookies] CookieSpec selected: default
2021-06-06T09:17:09.163-0500 [DEBUG] [org.apache.http.impl.conn.PoolingHttpClientConnectionManager] Connection request: [route: {s}->https://repo.maven.apache.org:443][total kept alive: 2; route allocated: 6 of 20; total allocated: 6 of 20]
2021-06-06T09:17:09.163-0500 [DEBUG] [org.apache.http.impl.execchain.MainClientExec] Executing request GET /maven2/org/jetbrains/kotlin/kotlin-compiler-embeddable/1.4.32/kotlin-compiler-embeddable-1.4.32.pom HTTP/1.1
2021-06-06T09:17:09.163-0500 [DEBUG] [org.apache.http.impl.conn.PoolingHttpClientConnectionManager] Connection leased: [id: 12][route: {s}->https://repo.maven.apache.org:443][total kept alive: 1; route allocated: 6 of 20; total allocated: 6 of 20]
2021-06-06T09:17:09.163-0500 [DEBUG] [org.apache.http.client.protocol.RequestAuthCache] Auth cache not set in the context
2021-06-06T09:17:09.163-0500 [DEBUG] [org.apache.http.client.protocol.RequestAddCookies] CookieSpec selected: default
2021-06-06T09:17:09.164-0500 [DEBUG] [org.apache.http.impl.conn.PoolingHttpClientConnectionManager] Connection request: [route: {s}->https://repo.maven.apache.org:443][total kept alive: 1; route allocated: 6 of 20; total allocated: 6 of 20]
2021-06-06T09:17:09.164-0500 [DEBUG] [org.apache.http.impl.conn.DefaultManagedHttpClientConnection] http-outgoing-12: set socket timeout to 30000
2021-06-06T09:17:09.164-0500 [DEBUG] [org.apache.http.impl.conn.PoolingHttpClientConnectionManager] Connection leased: [id: 2][route: {s}->https://repo.maven.apache.org:443][total kept alive: 0; route allocated: 6 of 20; total allocated: 6 of 20]
2021-06-06T09:17:09.164-0500 [DEBUG] [org.gradle.api.internal.artifacts.repositories.resolver.DefaultExternalResourceArtifactResolver] Loading https://repo.maven.apache.org/maven2/com/google/code/gson/gson/2.8.6/gson-2.8.6.pom
2021-06-06T09:17:09.164-0500 [DEBUG] [org.apache.http.impl.execchain.MainClientExec] Target auth state: UNCHALLENGED
2021-06-06T09:17:09.164-0500 [DEBUG] [org.gradle.internal.resource.transfer.DefaultCacheAwareExternalResourceAccessor] Constructing external resource: https://repo.maven.apache.org/maven2/com/google/code/gson/gson/2.8.6/gson-2.8.6.pom
2021-06-06T09:17:09.164-0500 [DEBUG] [org.apache.http.impl.conn.DefaultManagedHttpClientConnection] http-outgoing-12: set socket timeout to 30000
2021-06-06T09:17:09.164-0500 [DEBUG] [org.apache.http.impl.conn.DefaultManagedHttpClientConnection] http-outgoing-2: set socket timeout to 30000
2021-06-06T09:17:09.164-0500 [DEBUG] [org.apache.http.client.protocol.RequestAuthCache] Auth cache not set in the context
2021-06-06T09:17:09.165-0500 [DEBUG] [org.apache.http.impl.conn.DefaultManagedHttpClientConnection] http-outgoing-2: set socket timeout to 30000
2021-06-06T09:17:09.165-0500 [DEBUG] [org.apache.http.impl.execchain.MainClientExec] Executing request GET /maven2/com/github/gundy/semver4j/0.16.4/semver4j-0.16.4.pom HTTP/1.1
2021-06-06T09:17:09.165-0500 [DEBUG] [org.apache.http.impl.execchain.MainClientExec] Target auth state: UNCHALLENGED
2021-06-06T09:17:09.165-0500 [DEBUG] [org.apache.http.impl.execchain.MainClientExec] Proxy auth state: UNCHALLENGED
2021-06-06T09:17:09.164-0500 [DEBUG] [org.apache.http.impl.execchain.MainClientExec] Proxy auth state: UNCHALLENGED
2021-06-06T09:17:09.165-0500 [DEBUG] [org.apache.http.impl.execchain.MainClientExec] Executing request GET /maven2/org/jetbrains/kotlin/kotlin-gradle-plugin-model/1.4.32/kotlin-gradle-plugin-model-1.4.32.pom HTTP/1.1
2021-06-06T09:17:09.165-0500 [DEBUG] [org.apache.http.impl.conn.PoolingHttpClientConnectionManager] Connection request: [route: {s}->https://repo.maven.apache.org:443][total kept alive: 0; route allocated: 6 of 20; total allocated: 6 of 20]
2021-06-06T09:17:09.165-0500 [DEBUG] [org.apache.http.impl.execchain.MainClientExec] Target auth state: UNCHALLENGED
2021-06-06T09:17:09.166-0500 [DEBUG] [org.apache.http.impl.conn.PoolingHttpClientConnectionManager] Connection leased: [id: 14][route: {s}->https://repo.maven.apache.org:443][total kept alive: 0; route allocated: 7 of 20; total allocated: 7 of 20]
2021-06-06T09:17:09.166-0500 [DEBUG] [org.apache.http.impl.execchain.MainClientExec] Opening connection {s}->https://repo.maven.apache.org:443
2021-06-06T09:17:09.166-0500 [DEBUG] [org.apache.http.impl.execchain.MainClientExec] Proxy auth state: UNCHALLENGED
2021-06-06T09:17:09.166-0500 [DEBUG] [org.apache.http.impl.conn.DefaultHttpClientConnectionOperator] Connecting to repo.maven.apache.org/199.232.76.215:443
2021-06-06T09:17:09.166-0500 [DEBUG] [org.apache.http.conn.ssl.SSLConnectionSocketFactory] Connecting socket to repo.maven.apache.org/199.232.76.215:443 with timeout 30000
2021-06-06T09:17:09.166-0500 [DEBUG] [org.gradle.internal.resource.transport.http.HttpResourceAccessor] Constructing external resource: https://repo.maven.apache.org/maven2/com/google/code/gson/gson/2.8.6/gson-2.8.6.pom
2021-06-06T09:17:09.166-0500 [DEBUG] [org.gradle.internal.resource.transport.http.HttpClientHelper] Performing HTTP GET: https://repo.maven.apache.org/maven2/com/google/code/gson/gson/2.8.6/gson-2.8.6.pom
2021-06-06T09:17:09.167-0500 [DEBUG] [org.apache.http.client.protocol.RequestAddCookies] CookieSpec selected: default
2021-06-06T09:17:09.167-0500 [DEBUG] [org.apache.http.client.protocol.RequestAuthCache] Auth cache not set in the context
2021-06-06T09:17:09.167-0500 [DEBUG] [org.apache.http.impl.conn.PoolingHttpClientConnectionManager] Connection request: [route: {s}->https://repo.maven.apache.org:443][total kept alive: 0; route allocated: 7 of 20; total allocated: 7 of 20]
2021-06-06T09:17:09.167-0500 [DEBUG] [org.apache.http.impl.conn.PoolingHttpClientConnectionManager] Connection leased: [id: 15][route: {s}->https://repo.maven.apache.org:443][total kept alive: 0; route allocated: 8 of 20; total allocated: 8 of 20]
2021-06-06T09:17:09.167-0500 [DEBUG] [org.apache.http.impl.execchain.MainClientExec] Opening connection {s}->https://repo.maven.apache.org:443
2021-06-06T09:17:09.168-0500 [DEBUG] [org.apache.http.impl.conn.DefaultHttpClientConnectionOperator] Connecting to repo.maven.apache.org/199.232.76.215:443
2021-06-06T09:17:09.168-0500 [DEBUG] [org.apache.http.conn.ssl.SSLConnectionSocketFactory] Connecting socket to repo.maven.apache.org/199.232.76.215:443 with timeout 30000
2021-06-06T09:17:09.170-0500 [DEBUG] [org.apache.http.impl.execchain.MainClientExec] Connection can be kept alive indefinitely
2021-06-06T09:17:09.171-0500 [DEBUG] [org.gradle.internal.resource.transport.http.HttpResponseResource] Attempting to download resource https://repo.maven.apache.org/maven2/org/jetbrains/kotlin/kotlin-stdlib/1.4.32/kotlin-stdlib-1.4.32.pom.
2021-06-06T09:17:09.172-0500 [INFO] [org.gradle.internal.resource.transfer.DefaultCacheAwareExternalResourceAccessor] Downloading https://repo.maven.apache.org/maven2/org/jetbrains/kotlin/kotlin-stdlib/1.4.32/kotlin-stdlib-1.4.32.pom to C:\Users\gathi\AppData\Local\Temp\gradle_download18296392365238341949bin
2021-06-06T09:17:09.173-0500 [DEBUG] [org.apache.http.impl.conn.PoolingHttpClientConnectionManager] Connection [id: 9][route: {s}->https://repo.maven.apache.org:443] can be kept alive indefinitely
2021-06-06T09:17:09.173-0500 [DEBUG] [org.apache.http.impl.conn.DefaultManagedHttpClientConnection] http-outgoing-9: set socket timeout to 0
2021-06-06T09:17:09.173-0500 [DEBUG] [org.apache.http.impl.conn.PoolingHttpClientConnectionManager] Connection released: [id: 9][route: {s}->https://repo.maven.apache.org:443][total kept alive: 1; route allocated: 8 of 20; total allocated: 8 of 20]
2021-06-06T09:17:09.174-0500 [DEBUG] [org.gradle.internal.operations.DefaultBuildOperationRunner] Build operation 'Download https://repo.maven.apache.org/maven2/org/jetbrains/kotlin/kotlin-stdlib/1.4.32/kotlin-stdlib-1.4.32.pom' completed
2021-06-06T09:17:09.183-0500 [DEBUG] [org.gradle.api.internal.artifacts.repositories.resolver.ExternalResourceResolver] Metadata file found for module 'org.jetbrains.kotlin:kotlin-stdlib:1.4.32' in repository 'MavenRepo'.
2021-06-06T09:17:09.183-0500 [DEBUG] [org.gradle.api.internal.artifacts.ivyservice.modulecache.PersistentModuleMetadataCache] Recording module descriptor in cache: org.jetbrains.kotlin:kotlin-stdlib:1.4.32 [changing = false]
2021-06-06T09:17:09.184-0500 [DEBUG] [org.apache.http.impl.execchain.MainClientExec] Connection can be kept alive indefinitely
2021-06-06T09:17:09.184-0500 [DEBUG] [org.apache.http.impl.execchain.MainClientExec] Connection can be kept alive indefinitely
2021-06-06T09:17:09.184-0500 [DEBUG] [org.apache.http.impl.execchain.MainClientExec] Connection can be kept alive indefinitely
2021-06-06T09:17:09.184-0500 [DEBUG] [org.apache.http.impl.execchain.MainClientExec] Connection can be kept alive indefinitely
2021-06-06T09:17:09.185-0500 [DEBUG] [org.gradle.internal.resource.transport.http.HttpResponseResource] Attempting to download resource https://repo.maven.apache.org/maven2/org/jetbrains/kotlin/kotlin-gradle-plugin-model/1.4.32/kotlin-gradle-plugin-model-1.4.32.pom.
2021-06-06T09:17:09.185-0500 [DEBUG] [org.gradle.internal.resource.transport.http.HttpResponseResource] Attempting to download resource https://repo.maven.apache.org/maven2/com/github/gundy/semver4j/0.16.4/semver4j-0.16.4.pom.
2021-06-06T09:17:09.185-0500 [DEBUG] [org.gradle.internal.resource.transport.http.HttpResponseResource] Attempting to download resource https://repo.maven.apache.org/maven2/org/jetbrains/kotlin/kotlin-util-klib/1.4.32/kotlin-util-klib-1.4.32.pom.
2021-06-06T09:17:09.185-0500 [DEBUG] [org.gradle.internal.resource.transport.http.HttpResponseResource] Attempting to download resource https://repo.maven.apache.org/maven2/org/jetbrains/kotlin/kotlin-compiler-embeddable/1.4.32/kotlin-compiler-embeddable-1.4.32.pom.
2021-06-06T09:17:09.186-0500 [DEBUG] [org.apache.http.impl.execchain.MainClientExec] Connection can be kept alive indefinitely
2021-06-06T09:17:09.187-0500 [DEBUG] [org.gradle.internal.resource.transport.http.HttpResponseResource] Attempting to download resource https://repo.maven.apache.org/maven2/org/jetbrains/kotlin/kotlin-gradle-plugin-api/1.4.32/kotlin-gradle-plugin-api-1.4.32.pom.
2021-06-06T09:17:09.187-0500 [DEBUG] [org.apache.http.conn.ssl.SSLConnectionSocketFactory] Enabled protocols: [TLSv1.2, TLSv1.3]
2021-06-06T09:17:09.187-0500 [DEBUG] [org.apache.http.conn.ssl.SSLConnectionSocketFactory] Enabled cipher suites:[TLS_AES_256_GCM_SHA384, TLS_AES_128_GCM_SHA256, TLS_CHACHA20_POLY1305_SHA256, TLS_ECDHE_ECDSA_WITH_AES_256_GCM_SHA384, TLS_ECDHE_ECDSA_WITH_AES_128_GCM_SHA256, TLS_ECDHE_ECDSA_WITH_CHACHA20_POLY1305_SHA256, TLS_ECDHE_RSA_WITH_AES_256_GCM_SHA384, TLS_ECDHE_RSA_WITH_CHACHA20_POLY1305_SHA256, TLS_ECDHE_RSA_WITH_AES_128_GCM_SHA256, TLS_DHE_RSA_WITH_AES_256_GCM_SHA384, TLS_DHE_RSA_WITH_CHACHA20_POLY1305_SHA256, TLS_DHE_DSS_WITH_AES_256_GCM_SHA384, TLS_DHE_RSA_WITH_AES_128_GCM_SHA256, TLS_DHE_DSS_WITH_AES_128_GCM_SHA256, TLS_ECDHE_ECDSA_WITH_AES_256_CBC_SHA384, TLS_ECDHE_RSA_WITH_AES_256_CBC_SHA384, TLS_ECDHE_ECDSA_WITH_AES_128_CBC_SHA256, TLS_ECDHE_RSA_WITH_AES_128_CBC_SHA256, TLS_DHE_RSA_WITH_AES_256_CBC_SHA256, TLS_DHE_DSS_WITH_AES_256_CBC_SHA256, TLS_DHE_RSA_WITH_AES_128_CBC_SHA256, TLS_DHE_DSS_WITH_AES_128_CBC_SHA256, TLS_ECDH_ECDSA_WITH_AES_256_GCM_SHA384, TLS_ECDH_RSA_WITH_AES_256_GCM_SHA384, TLS_ECDH_ECDSA_WITH_AES_128_GCM_SHA256, TLS_ECDH_RSA_WITH_AES_128_GCM_SHA256, TLS_ECDH_ECDSA_WITH_AES_256_CBC_SHA384, TLS_ECDH_RSA_WITH_AES_256_CBC_SHA384, TLS_ECDH_ECDSA_WITH_AES_128_CBC_SHA256, TLS_ECDH_RSA_WITH_AES_128_CBC_SHA256, TLS_ECDHE_ECDSA_WITH_AES_256_CBC_SHA, TLS_ECDHE_RSA_WITH_AES_256_CBC_SHA, TLS_ECDHE_ECDSA_WITH_AES_128_CBC_SHA, TLS_ECDHE_RSA_WITH_AES_128_CBC_SHA, TLS_DHE_RSA_WITH_AES_256_CBC_SHA, TLS_DHE_DSS_WITH_AES_256_CBC_SHA, TLS_DHE_RSA_WITH_AES_128_CBC_SHA, TLS_DHE_DSS_WITH_AES_128_CBC_SHA, TLS_ECDH_ECDSA_WITH_AES_256_CBC_SHA, TLS_ECDH_RSA_WITH_AES_256_CBC_SHA, TLS_ECDH_ECDSA_WITH_AES_128_CBC_SHA, TLS_ECDH_RSA_WITH_AES_128_CBC_SHA, TLS_RSA_WITH_AES_256_GCM_SHA384, TLS_RSA_WITH_AES_128_GCM_SHA256, TLS_RSA_WITH_AES_256_CBC_SHA256, TLS_RSA_WITH_AES_128_CBC_SHA256, TLS_RSA_WITH_AES_256_CBC_SHA, TLS_RSA_WITH_AES_128_CBC_SHA, TLS_EMPTY_RENEGOTIATION_INFO_SCSV]
2021-06-06T09:17:09.187-0500 [DEBUG] [org.apache.http.conn.ssl.SSLConnectionSocketFactory] Starting handshake
2021-06-06T09:17:09.188-0500 [INFO] [org.gradle.internal.resource.transfer.DefaultCacheAwareExternalResourceAccessor] Downloading https://repo.maven.apache.org/maven2/org/jetbrains/kotlin/kotlin-gradle-plugin-model/1.4.32/kotlin-gradle-plugin-model-1.4.32.pom to C:\Users\gathi\AppData\Local\Temp\gradle_download8060771221723383232bin
2021-06-06T09:17:09.188-0500 [DEBUG] [org.apache.http.conn.ssl.SSLConnectionSocketFactory] Enabled protocols: [TLSv1.2, TLSv1.3]
2021-06-06T09:17:09.188-0500 [DEBUG] [org.apache.http.conn.ssl.SSLConnectionSocketFactory] Enabled cipher suites:[TLS_AES_256_GCM_SHA384, TLS_AES_128_GCM_SHA256, TLS_CHACHA20_POLY1305_SHA256, TLS_ECDHE_ECDSA_WITH_AES_256_GCM_SHA384, TLS_ECDHE_ECDSA_WITH_AES_128_GCM_SHA256, TLS_ECDHE_ECDSA_WITH_CHACHA20_POLY1305_SHA256, TLS_ECDHE_RSA_WITH_AES_256_GCM_SHA384, TLS_ECDHE_RSA_WITH_CHACHA20_POLY1305_SHA256, TLS_ECDHE_RSA_WITH_AES_128_GCM_SHA256, TLS_DHE_RSA_WITH_AES_256_GCM_SHA384, TLS_DHE_RSA_WITH_CHACHA20_POLY1305_SHA256, TLS_DHE_DSS_WITH_AES_256_GCM_SHA384, TLS_DHE_RSA_WITH_AES_128_GCM_SHA256, TLS_DHE_DSS_WITH_AES_128_GCM_SHA256, TLS_ECDHE_ECDSA_WITH_AES_256_CBC_SHA384, TLS_ECDHE_RSA_WITH_AES_256_CBC_SHA384, TLS_ECDHE_ECDSA_WITH_AES_128_CBC_SHA256, TLS_ECDHE_RSA_WITH_AES_128_CBC_SHA256, TLS_DHE_RSA_WITH_AES_256_CBC_SHA256, TLS_DHE_DSS_WITH_AES_256_CBC_SHA256, TLS_DHE_RSA_WITH_AES_128_CBC_SHA256, TLS_DHE_DSS_WITH_AES_128_CBC_SHA256, TLS_ECDH_ECDSA_WITH_AES_256_GCM_SHA384, TLS_ECDH_RSA_WITH_AES_256_GCM_SHA384, TLS_ECDH_ECDSA_WITH_AES_128_GCM_SHA256, TLS_ECDH_RSA_WITH_AES_128_GCM_SHA256, TLS_ECDH_ECDSA_WITH_AES_256_CBC_SHA384, TLS_ECDH_RSA_WITH_AES_256_CBC_SHA384, TLS_ECDH_ECDSA_WITH_AES_128_CBC_SHA256, TLS_ECDH_RSA_WITH_AES_128_CBC_SHA256, TLS_ECDHE_ECDSA_WITH_AES_256_CBC_SHA, TLS_ECDHE_RSA_WITH_AES_256_CBC_SHA, TLS_ECDHE_ECDSA_WITH_AES_128_CBC_SHA, TLS_ECDHE_RSA_WITH_AES_128_CBC_SHA, TLS_DHE_RSA_WITH_AES_256_CBC_SHA, TLS_DHE_DSS_WITH_AES_256_CBC_SHA, TLS_DHE_RSA_WITH_AES_128_CBC_SHA, TLS_DHE_DSS_WITH_AES_128_CBC_SHA, TLS_ECDH_ECDSA_WITH_AES_256_CBC_SHA, TLS_ECDH_RSA_WITH_AES_256_CBC_SHA, TLS_ECDH_ECDSA_WITH_AES_128_CBC_SHA, TLS_ECDH_RSA_WITH_AES_128_CBC_SHA, TLS_RSA_WITH_AES_256_GCM_SHA384, TLS_RSA_WITH_AES_128_GCM_SHA256, TLS_RSA_WITH_AES_256_CBC_SHA256, TLS_RSA_WITH_AES_128_CBC_SHA256, TLS_RSA_WITH_AES_256_CBC_SHA, TLS_RSA_WITH_AES_128_CBC_SHA, TLS_EMPTY_RENEGOTIATION_INFO_SCSV]
2021-06-06T09:17:09.188-0500 [DEBUG] [org.apache.http.conn.ssl.SSLConnectionSocketFactory] Starting handshake
2021-06-06T09:17:09.189-0500 [INFO] [org.gradle.internal.resource.transfer.DefaultCacheAwareExternalResourceAccessor] Downloading https://repo.maven.apache.org/maven2/org/jetbrains/kotlin/kotlin-compiler-embeddable/1.4.32/kotlin-compiler-embeddable-1.4.32.pom to C:\Users\gathi\AppData\Local\Temp\gradle_download14182711345630320575bin
2021-06-06T09:17:09.190-0500 [INFO] [org.gradle.internal.resource.transfer.DefaultCacheAwareExternalResourceAccessor] Downloading https://repo.maven.apache.org/maven2/org/jetbrains/kotlin/kotlin-util-klib/1.4.32/kotlin-util-klib-1.4.32.pom to C:\Users\gathi\AppData\Local\Temp\gradle_download5783247604236350761bin
2021-06-06T09:17:09.190-0500 [INFO] [org.gradle.internal.resource.transfer.DefaultCacheAwareExternalResourceAccessor] Downloading https://repo.maven.apache.org/maven2/com/github/gundy/semver4j/0.16.4/semver4j-0.16.4.pom to C:\Users\gathi\AppData\Local\Temp\gradle_download15424052640930133522bin
2021-06-06T09:17:09.191-0500 [DEBUG] [org.gradle.api.internal.artifacts.ivyservice.ivyresolve.RepositoryChainComponentMetaDataResolver] Using org.jetbrains.kotlin:kotlin-stdlib:1.4.32 from Maven repository 'MavenRepo'
2021-06-06T09:17:09.191-0500 [INFO] [org.gradle.internal.resource.transfer.DefaultCacheAwareExternalResourceAccessor] Downloading https://repo.maven.apache.org/maven2/org/jetbrains/kotlin/kotlin-gradle-plugin-api/1.4.32/kotlin-gradle-plugin-api-1.4.32.pom to C:\Users\gathi\AppData\Local\Temp\gradle_download995879365925593348bin
2021-06-06T09:17:09.192-0500 [DEBUG] [org.apache.http.impl.conn.PoolingHttpClientConnectionManager] Connection [id: 2][route: {s}->https://repo.maven.apache.org:443] can be kept alive indefinitely
2021-06-06T09:17:09.192-0500 [DEBUG] [org.gradle.api.internal.artifacts.ivyservice.ivyresolve.RepositoryChainComponentMetaDataResolver] Attempting to resolve component for org.jetbrains.kotlin:kotlin-android-extensions:1.4.32 using repositories [Google, MavenRepo]
2021-06-06T09:17:09.192-0500 [DEBUG] [org.apache.http.impl.conn.DefaultManagedHttpClientConnection] http-outgoing-2: set socket timeout to 0
2021-06-06T09:17:09.193-0500 [DEBUG] [org.apache.http.impl.conn.PoolingHttpClientConnectionManager] Connection released: [id: 2][route: {s}->https://repo.maven.apache.org:443][total kept alive: 2; route allocated: 8 of 20; total allocated: 8 of 20]
2021-06-06T09:17:09.193-0500 [DEBUG] [org.apache.http.impl.conn.PoolingHttpClientConnectionManager] Connection [id: 13][route: {s}->https://repo.maven.apache.org:443] can be kept alive indefinitely
2021-06-06T09:17:09.193-0500 [DEBUG] [org.apache.http.impl.conn.DefaultManagedHttpClientConnection] http-outgoing-13: set socket timeout to 0
2021-06-06T09:17:09.193-0500 [DEBUG] [org.apache.http.impl.conn.PoolingHttpClientConnectionManager] Connection released: [id: 13][route: {s}->https://repo.maven.apache.org:443][total kept alive: 3; route allocated: 8 of 20; total allocated: 8 of 20]
2021-06-06T09:17:09.193-0500 [DEBUG] [org.apache.http.impl.conn.PoolingHttpClientConnectionManager] Connection [id: 11][route: {s}->https://repo.maven.apache.org:443] can be kept alive indefinitely
2021-06-06T09:17:09.193-0500 [DEBUG] [org.apache.http.impl.conn.DefaultManagedHttpClientConnection] http-outgoing-11: set socket timeout to 0
2021-06-06T09:17:09.194-0500 [DEBUG] [org.apache.http.impl.conn.PoolingHttpClientConnectionManager] Connection released: [id: 11][route: {s}->https://repo.maven.apache.org:443][total kept alive: 4; route allocated: 8 of 20; total allocated: 8 of 20]
2021-06-06T09:17:09.193-0500 [DEBUG] [org.gradle.api.internal.artifacts.repositories.resolver.DefaultExternalResourceArtifactResolver] Loading https://dl.google.com/dl/android/maven2/org/jetbrains/kotlin/kotlin-android-extensions/1.4.32/kotlin-android-extensions-1.4.32.pom
2021-06-06T09:17:09.194-0500 [DEBUG] [org.gradle.internal.resource.transfer.DefaultCacheAwareExternalResourceAccessor] Constructing external resource: https://dl.google.com/dl/android/maven2/org/jetbrains/kotlin/kotlin-android-extensions/1.4.32/kotlin-android-extensions-1.4.32.pom
2021-06-06T09:17:09.194-0500 [DEBUG] [org.gradle.internal.operations.DefaultBuildOperationRunner] Build operation 'Download https://repo.maven.apache.org/maven2/org/jetbrains/kotlin/kotlin-util-klib/1.4.32/kotlin-util-klib-1.4.32.pom' completed
2021-06-06T09:17:09.195-0500 [DEBUG] [org.gradle.internal.resource.transport.http.HttpResourceAccessor] Constructing external resource: https://dl.google.com/dl/android/maven2/org/jetbrains/kotlin/kotlin-android-extensions/1.4.32/kotlin-android-extensions-1.4.32.pom
2021-06-06T09:17:09.196-0500 [DEBUG] [org.gradle.internal.resource.transport.http.HttpClientHelper] Performing HTTP GET: https://dl.google.com/dl/android/maven2/org/jetbrains/kotlin/kotlin-android-extensions/1.4.32/kotlin-android-extensions-1.4.32.pom
2021-06-06T09:17:09.196-0500 [DEBUG] [org.apache.http.client.protocol.RequestAddCookies] CookieSpec selected: default
2021-06-06T09:17:09.196-0500 [DEBUG] [org.apache.http.client.protocol.RequestAuthCache] Auth cache not set in the context
2021-06-06T09:17:09.196-0500 [DEBUG] [org.apache.http.impl.conn.PoolingHttpClientConnectionManager] Connection request: [route: {s}->https://dl.google.com:443][total kept alive: 8; route allocated: 8 of 20; total allocated: 8 of 20]
2021-06-06T09:17:09.196-0500 [DEBUG] [org.apache.http.impl.conn.PoolingHttpClientConnectionManager] Connection leased: [id: 0][route: {s}->https://dl.google.com:443][total kept alive: 7; route allocated: 8 of 20; total allocated: 8 of 20]
2021-06-06T09:17:09.196-0500 [DEBUG] [org.apache.http.impl.conn.DefaultManagedHttpClientConnection] http-outgoing-0: set socket timeout to 30000
2021-06-06T09:17:09.197-0500 [DEBUG] [org.apache.http.impl.conn.DefaultManagedHttpClientConnection] http-outgoing-0: set socket timeout to 30000
2021-06-06T09:17:09.197-0500 [DEBUG] [org.apache.http.impl.execchain.MainClientExec] Executing request GET /dl/android/maven2/org/jetbrains/kotlin/kotlin-android-extensions/1.4.32/kotlin-android-extensions-1.4.32.pom HTTP/1.1
2021-06-06T09:17:09.197-0500 [DEBUG] [org.apache.http.impl.execchain.MainClientExec] Target auth state: UNCHALLENGED
2021-06-06T09:17:09.197-0500 [DEBUG] [org.apache.http.impl.execchain.MainClientExec] Proxy auth state: UNCHALLENGED
2021-06-06T09:17:09.198-0500 [DEBUG] [org.gradle.internal.operations.DefaultBuildOperationRunner] Build operation 'Download https://repo.maven.apache.org/maven2/org/jetbrains/kotlin/kotlin-gradle-plugin-model/1.4.32/kotlin-gradle-plugin-model-1.4.32.pom' completed
2021-06-06T09:17:09.198-0500 [DEBUG] [org.gradle.internal.operations.DefaultBuildOperationRunner] Build operation 'Download https://repo.maven.apache.org/maven2/org/jetbrains/kotlin/kotlin-compiler-embeddable/1.4.32/kotlin-compiler-embeddable-1.4.32.pom' completed
2021-06-06T09:17:09.199-0500 [DEBUG] [org.apache.http.impl.conn.PoolingHttpClientConnectionManager] Connection [id: 10][route: {s}->https://repo.maven.apache.org:443] can be kept alive indefinitely
2021-06-06T09:17:09.199-0500 [DEBUG] [org.apache.http.impl.conn.DefaultManagedHttpClientConnection] http-outgoing-10: set socket timeout to 0
2021-06-06T09:17:09.199-0500 [DEBUG] [org.apache.http.impl.conn.PoolingHttpClientConnectionManager] Connection released: [id: 10][route: {s}->https://repo.maven.apache.org:443][total kept alive: 5; route allocated: 8 of 20; total allocated: 8 of 20]
2021-06-06T09:17:09.199-0500 [DEBUG] [org.gradle.internal.operations.DefaultBuildOperationRunner] Build operation 'Download https://repo.maven.apache.org/maven2/org/jetbrains/kotlin/kotlin-gradle-plugin-api/1.4.32/kotlin-gradle-plugin-api-1.4.32.pom' completed
2021-06-06T09:17:09.199-0500 [DEBUG] [org.apache.http.impl.conn.PoolingHttpClientConnectionManager] Connection [id: 12][route: {s}->https://repo.maven.apache.org:443] can be kept alive indefinitely
2021-06-06T09:17:09.200-0500 [DEBUG] [org.apache.http.impl.conn.DefaultManagedHttpClientConnection] http-outgoing-12: set socket timeout to 0
2021-06-06T09:17:09.200-0500 [DEBUG] [org.apache.http.impl.conn.PoolingHttpClientConnectionManager] Connection released: [id: 12][route: {s}->https://repo.maven.apache.org:443][total kept alive: 6; route allocated: 8 of 20; total allocated: 8 of 20]
2021-06-06T09:17:09.200-0500 [DEBUG] [org.gradle.internal.operations.DefaultBuildOperationRunner] Build operation 'Download https://repo.maven.apache.org/maven2/com/github/gundy/semver4j/0.16.4/semver4j-0.16.4.pom' completed
2021-06-06T09:17:09.212-0500 [DEBUG] [org.gradle.api.internal.artifacts.repositories.resolver.ExternalResourceResolver] Metadata file found for module 'org.jetbrains.kotlin:kotlin-util-klib:1.4.32' in repository 'MavenRepo'.
2021-06-06T09:17:09.212-0500 [DEBUG] [org.gradle.api.internal.artifacts.ivyservice.modulecache.PersistentModuleMetadataCache] Recording module descriptor in cache: org.jetbrains.kotlin:kotlin-util-klib:1.4.32 [changing = false]
2021-06-06T09:17:09.218-0500 [DEBUG] [org.gradle.api.internal.artifacts.repositories.resolver.ExternalResourceResolver] Metadata file found for module 'org.jetbrains.kotlin:kotlin-gradle-plugin-model:1.4.32' in repository 'MavenRepo'.
2021-06-06T09:17:09.218-0500 [DEBUG] [org.gradle.api.internal.artifacts.ivyservice.modulecache.PersistentModuleMetadataCache] Recording module descriptor in cache: org.jetbrains.kotlin:kotlin-gradle-plugin-model:1.4.32 [changing = false]
2021-06-06T09:17:09.223-0500 [DEBUG] [org.apache.http.conn.ssl.SSLConnectionSocketFactory] Secure session established
2021-06-06T09:17:09.223-0500 [DEBUG] [org.apache.http.conn.ssl.SSLConnectionSocketFactory]  negotiated protocol: TLSv1.2
2021-06-06T09:17:09.223-0500 [DEBUG] [org.apache.http.conn.ssl.SSLConnectionSocketFactory]  negotiated cipher suite: TLS_ECDHE_RSA_WITH_AES_128_GCM_SHA256
2021-06-06T09:17:09.223-0500 [DEBUG] [org.apache.http.conn.ssl.SSLConnectionSocketFactory]  peer principal: CN=repo.maven.apache.org, O="Sonatype, Inc", L=Fulton, ST=Maryland, C=US
2021-06-06T09:17:09.223-0500 [DEBUG] [org.apache.http.conn.ssl.SSLConnectionSocketFactory]  peer alternative names: [repo.maven.apache.org]
2021-06-06T09:17:09.223-0500 [DEBUG] [org.apache.http.conn.ssl.SSLConnectionSocketFactory]  issuer principal: CN=DigiCert SHA2 Secure Server CA, O=DigiCert Inc, C=US
2021-06-06T09:17:09.224-0500 [DEBUG] [org.apache.http.impl.conn.DefaultHttpClientConnectionOperator] Connection established 192.168.120.211:56931<->199.232.76.215:443
2021-06-06T09:17:09.224-0500 [DEBUG] [org.apache.http.impl.conn.DefaultManagedHttpClientConnection] http-outgoing-15: set socket timeout to 30000
2021-06-06T09:17:09.224-0500 [DEBUG] [org.apache.http.impl.execchain.MainClientExec] Executing request GET /maven2/com/google/code/gson/gson/2.8.6/gson-2.8.6.pom HTTP/1.1
2021-06-06T09:17:09.224-0500 [DEBUG] [org.apache.http.impl.execchain.MainClientExec] Target auth state: UNCHALLENGED
2021-06-06T09:17:09.224-0500 [DEBUG] [org.apache.http.impl.execchain.MainClientExec] Proxy auth state: UNCHALLENGED
2021-06-06T09:17:09.225-0500 [DEBUG] [org.apache.http.conn.ssl.SSLConnectionSocketFactory] Secure session established
2021-06-06T09:17:09.225-0500 [DEBUG] [org.apache.http.conn.ssl.SSLConnectionSocketFactory]  negotiated protocol: TLSv1.2
2021-06-06T09:17:09.225-0500 [DEBUG] [org.apache.http.conn.ssl.SSLConnectionSocketFactory]  negotiated cipher suite: TLS_ECDHE_RSA_WITH_AES_128_GCM_SHA256
2021-06-06T09:17:09.226-0500 [DEBUG] [org.apache.http.conn.ssl.SSLConnectionSocketFactory]  peer principal: CN=repo.maven.apache.org, O="Sonatype, Inc", L=Fulton, ST=Maryland, C=US
2021-06-06T09:17:09.226-0500 [DEBUG] [org.apache.http.conn.ssl.SSLConnectionSocketFactory]  peer alternative names: [repo.maven.apache.org]
2021-06-06T09:17:09.226-0500 [DEBUG] [org.apache.http.conn.ssl.SSLConnectionSocketFactory]  issuer principal: CN=DigiCert SHA2 Secure Server CA, O=DigiCert Inc, C=US
2021-06-06T09:17:09.226-0500 [DEBUG] [org.gradle.api.internal.artifacts.repositories.resolver.ExternalResourceResolver] Metadata file found for module 'org.jetbrains.kotlin:kotlin-compiler-embeddable:1.4.32' in repository 'MavenRepo'.
2021-06-06T09:17:09.226-0500 [DEBUG] [org.apache.http.impl.conn.DefaultHttpClientConnectionOperator] Connection established 192.168.120.211:56930<->199.232.76.215:443
2021-06-06T09:17:09.226-0500 [DEBUG] [org.gradle.api.internal.artifacts.ivyservice.modulecache.PersistentModuleMetadataCache] Recording module descriptor in cache: org.jetbrains.kotlin:kotlin-compiler-embeddable:1.4.32 [changing = false]
2021-06-06T09:17:09.226-0500 [DEBUG] [org.apache.http.impl.conn.DefaultManagedHttpClientConnection] http-outgoing-14: set socket timeout to 30000
2021-06-06T09:17:09.226-0500 [DEBUG] [org.apache.http.impl.execchain.MainClientExec] Executing request GET /maven2/org/jetbrains/kotlin/kotlin-annotation-processing-gradle/1.4.32/kotlin-annotation-processing-gradle-1.4.32.pom HTTP/1.1
2021-06-06T09:17:09.227-0500 [DEBUG] [org.apache.http.impl.execchain.MainClientExec] Target auth state: UNCHALLENGED
2021-06-06T09:17:09.227-0500 [DEBUG] [org.apache.http.impl.execchain.MainClientExec] Proxy auth state: UNCHALLENGED
2021-06-06T09:17:09.231-0500 [DEBUG] [org.gradle.api.internal.artifacts.repositories.resolver.ExternalResourceResolver] Metadata file found for module 'org.jetbrains.kotlin:kotlin-gradle-plugin-api:1.4.32' in repository 'MavenRepo'.
2021-06-06T09:17:09.231-0500 [DEBUG] [org.gradle.api.internal.artifacts.ivyservice.modulecache.PersistentModuleMetadataCache] Recording module descriptor in cache: org.jetbrains.kotlin:kotlin-gradle-plugin-api:1.4.32 [changing = false]
2021-06-06T09:17:09.238-0500 [DEBUG] [org.gradle.api.internal.artifacts.ivyservice.ivyresolve.RepositoryChainComponentMetaDataResolver] Using org.jetbrains.kotlin:kotlin-util-klib:1.4.32 from Maven repository 'MavenRepo'
2021-06-06T09:17:09.239-0500 [DEBUG] [org.gradle.api.internal.artifacts.ivyservice.ivyresolve.RepositoryChainComponentMetaDataResolver] Attempting to resolve component for org.jetbrains.kotlin:kotlin-compiler-runner:1.4.32 using repositories [Google, MavenRepo]
2021-06-06T09:17:09.241-0500 [DEBUG] [org.gradle.api.internal.artifacts.repositories.resolver.ExternalResourceResolver] Metadata file found for module 'com.github.gundy:semver4j:0.16.4' in repository 'MavenRepo'.
2021-06-06T09:17:09.241-0500 [DEBUG] [org.gradle.api.internal.artifacts.ivyservice.modulecache.PersistentModuleMetadataCache] Recording module descriptor in cache: com.github.gundy:semver4j:0.16.4 [changing = false]
2021-06-06T09:17:09.243-0500 [DEBUG] [org.gradle.api.internal.artifacts.ivyservice.ivyresolve.RepositoryChainComponentMetaDataResolver] Using org.jetbrains.kotlin:kotlin-gradle-plugin-model:1.4.32 from Maven repository 'MavenRepo'
2021-06-06T09:17:09.243-0500 [DEBUG] [org.gradle.api.internal.artifacts.ivyservice.ivyresolve.RepositoryChainComponentMetaDataResolver] Attempting to resolve component for org.jetbrains.kotlin:kotlin-scripting-compiler-embeddable:1.4.32 using repositories [Google, MavenRepo]
2021-06-06T09:17:09.247-0500 [DEBUG] [org.gradle.api.internal.artifacts.ivyservice.ivyresolve.RepositoryChainComponentMetaDataResolver] Using org.jetbrains.kotlin:kotlin-compiler-embeddable:1.4.32 from Maven repository 'MavenRepo'
2021-06-06T09:17:09.247-0500 [DEBUG] [org.gradle.api.internal.artifacts.repositories.resolver.DefaultExternalResourceArtifactResolver] Loading https://dl.google.com/dl/android/maven2/org/jetbrains/kotlin/kotlin-compiler-runner/1.4.32/kotlin-compiler-runner-1.4.32.pom
2021-06-06T09:17:09.247-0500 [DEBUG] [org.gradle.internal.resource.transfer.DefaultCacheAwareExternalResourceAccessor] Constructing external resource: https://dl.google.com/dl/android/maven2/org/jetbrains/kotlin/kotlin-compiler-runner/1.4.32/kotlin-compiler-runner-1.4.32.pom
2021-06-06T09:17:09.247-0500 [DEBUG] [org.gradle.api.internal.artifacts.repositories.resolver.DefaultExternalResourceArtifactResolver] Loading https://dl.google.com/dl/android/maven2/org/jetbrains/kotlin/kotlin-scripting-compiler-embeddable/1.4.32/kotlin-scripting-compiler-embeddable-1.4.32.pom
2021-06-06T09:17:09.248-0500 [DEBUG] [org.gradle.internal.resource.transfer.DefaultCacheAwareExternalResourceAccessor] Constructing external resource: https://dl.google.com/dl/android/maven2/org/jetbrains/kotlin/kotlin-scripting-compiler-embeddable/1.4.32/kotlin-scripting-compiler-embeddable-1.4.32.pom
2021-06-06T09:17:09.248-0500 [DEBUG] [org.gradle.api.internal.artifacts.ivyservice.ivyresolve.RepositoryChainComponentMetaDataResolver] Attempting to resolve component for org.jetbrains.kotlin:kotlin-scripting-compiler-impl-embeddable:1.4.32 using repositories [Google, MavenRepo]
2021-06-06T09:17:09.250-0500 [DEBUG] [org.apache.http.impl.execchain.MainClientExec] Connection can be kept alive indefinitely
2021-06-06T09:17:09.250-0500 [DEBUG] [org.apache.http.impl.execchain.MainClientExec] Connection can be kept alive indefinitely
2021-06-06T09:17:09.250-0500 [DEBUG] [org.apache.http.impl.conn.PoolingHttpClientConnectionManager] Connection [id: 0][route: {s}->https://dl.google.com:443] can be kept alive indefinitely
2021-06-06T09:17:09.250-0500 [DEBUG] [org.apache.http.impl.execchain.MainClientExec] Connection can be kept alive indefinitely
2021-06-06T09:17:09.251-0500 [DEBUG] [org.gradle.internal.resource.transport.http.HttpResponseResource] Attempting to download resource https://repo.maven.apache.org/maven2/org/jetbrains/kotlin/kotlin-annotation-processing-gradle/1.4.32/kotlin-annotation-processing-gradle-1.4.32.pom.
2021-06-06T09:17:09.250-0500 [DEBUG] [org.apache.http.impl.conn.DefaultManagedHttpClientConnection] http-outgoing-0: set socket timeout to 0
2021-06-06T09:17:09.252-0500 [DEBUG] [org.apache.http.impl.conn.PoolingHttpClientConnectionManager] Connection released: [id: 0][route: {s}->https://dl.google.com:443][total kept alive: 8; route allocated: 8 of 20; total allocated: 8 of 20]
2021-06-06T09:17:09.252-0500 [DEBUG] [org.gradle.internal.resource.transport.http.HttpResponseResource] Attempting to download resource https://repo.maven.apache.org/maven2/com/google/code/gson/gson/2.8.6/gson-2.8.6.pom.
2021-06-06T09:17:09.252-0500 [INFO] [org.gradle.internal.resource.transport.http.HttpClientHelper] Resource missing. [HTTP GET: https://dl.google.com/dl/android/maven2/org/jetbrains/kotlin/kotlin-android-extensions/1.4.32/kotlin-android-extensions-1.4.32.pom]
2021-06-06T09:17:09.252-0500 [DEBUG] [org.gradle.internal.operations.DefaultBuildOperationRunner] Build operation 'Download https://dl.google.com/dl/android/maven2/org/jetbrains/kotlin/kotlin-android-extensions/1.4.32/kotlin-android-extensions-1.4.32.pom' completed
2021-06-06T09:17:09.252-0500 [DEBUG] [org.gradle.api.internal.artifacts.repositories.resolver.ExternalResourceResolver] No meta-data file or artifact found for module 'org.jetbrains.kotlin:kotlin-android-extensions:1.4.32' in repository 'Google'.
2021-06-06T09:17:09.252-0500 [DEBUG] [org.gradle.api.internal.artifacts.ivyservice.modulecache.PersistentModuleMetadataCache] Recording absence of module descriptor in cache: org.jetbrains.kotlin:kotlin-android-extensions:1.4.32 [changing = false]
2021-06-06T09:17:09.253-0500 [DEBUG] [org.gradle.api.internal.artifacts.ivyservice.ivyresolve.RepositoryChainComponentMetaDataResolver] Using com.github.gundy:semver4j:0.16.4 from Maven repository 'MavenRepo'
2021-06-06T09:17:09.253-0500 [INFO] [org.gradle.internal.resource.transfer.DefaultCacheAwareExternalResourceAccessor] Downloading https://repo.maven.apache.org/maven2/org/jetbrains/kotlin/kotlin-annotation-processing-gradle/1.4.32/kotlin-annotation-processing-gradle-1.4.32.pom to C:\Users\gathi\AppData\Local\Temp\gradle_download9867404080598833149bin
2021-06-06T09:17:09.254-0500 [INFO] [org.gradle.internal.resource.transfer.DefaultCacheAwareExternalResourceAccessor] Downloading https://repo.maven.apache.org/maven2/com/google/code/gson/gson/2.8.6/gson-2.8.6.pom to C:\Users\gathi\AppData\Local\Temp\gradle_download7232189433453350899bin
2021-06-06T09:17:09.254-0500 [DEBUG] [org.gradle.api.internal.artifacts.ivyservice.ivyresolve.RepositoryChainComponentMetaDataResolver] Attempting to resolve component for org.jetbrains.kotlin:kotlin-reflect:1.4.32 using repositories [Google, MavenRepo]
2021-06-06T09:17:09.255-0500 [DEBUG] [org.apache.http.impl.conn.PoolingHttpClientConnectionManager] Connection [id: 14][route: {s}->https://repo.maven.apache.org:443] can be kept alive indefinitely
2021-06-06T09:17:09.255-0500 [DEBUG] [org.apache.http.impl.conn.DefaultManagedHttpClientConnection] http-outgoing-14: set socket timeout to 0
2021-06-06T09:17:09.255-0500 [DEBUG] [org.apache.http.impl.conn.PoolingHttpClientConnectionManager] Connection released: [id: 14][route: {s}->https://repo.maven.apache.org:443][total kept alive: 7; route allocated: 8 of 20; total allocated: 8 of 20]
2021-06-06T09:17:09.255-0500 [DEBUG] [org.apache.http.impl.conn.PoolingHttpClientConnectionManager] Connection [id: 15][route: {s}->https://repo.maven.apache.org:443] can be kept alive indefinitely
2021-06-06T09:17:09.255-0500 [DEBUG] [org.apache.http.impl.conn.DefaultManagedHttpClientConnection] http-outgoing-15: set socket timeout to 0
2021-06-06T09:17:09.255-0500 [DEBUG] [org.apache.http.impl.conn.PoolingHttpClientConnectionManager] Connection released: [id: 15][route: {s}->https://repo.maven.apache.org:443][total kept alive: 8; route allocated: 8 of 20; total allocated: 8 of 20]
2021-06-06T09:17:09.256-0500 [DEBUG] [org.gradle.internal.operations.DefaultBuildOperationRunner] Build operation 'Download https://repo.maven.apache.org/maven2/org/jetbrains/kotlin/kotlin-annotation-processing-gradle/1.4.32/kotlin-annotation-processing-gradle-1.4.32.pom' completed
2021-06-06T09:17:09.256-0500 [DEBUG] [org.gradle.internal.operations.DefaultBuildOperationRunner] Build operation 'Download https://repo.maven.apache.org/maven2/com/google/code/gson/gson/2.8.6/gson-2.8.6.pom' completed
2021-06-06T09:17:09.257-0500 [DEBUG] [org.gradle.api.internal.artifacts.ivyservice.ivyresolve.RepositoryChainComponentMetaDataResolver] Using org.jetbrains.kotlin:kotlin-gradle-plugin-api:1.4.32 from Maven repository 'MavenRepo'
2021-06-06T09:17:09.257-0500 [DEBUG] [org.gradle.internal.operations.DefaultBuildOperationRunner] Build operation 'Resolve org.jetbrains.kotlin:kotlin-gradle-plugin-api:1.4.32' completed
2021-06-06T09:17:09.257-0500 [DEBUG] [org.gradle.internal.work.DefaultWorkerLeaseService] Worker lease root.1.15.16 completed (7 worker(s) in use)
2021-06-06T09:17:09.258-0500 [DEBUG] [org.gradle.internal.resources.AbstractTrackedResourceLock] Daemon worker: released lock on root.1.15.16
2021-06-06T09:17:09.258-0500 [DEBUG] [org.gradle.api.internal.artifacts.ivyservice.ivyresolve.RepositoryChainComponentMetaDataResolver] Attempting to resolve component for de.undercouch:gradle-download-task:4.0.2 using repositories [Google, MavenRepo]
2021-06-06T09:17:09.258-0500 [DEBUG] [org.gradle.api.internal.artifacts.repositories.resolver.DefaultExternalResourceArtifactResolver] Loading https://repo.maven.apache.org/maven2/org/jetbrains/kotlin/kotlin-android-extensions/1.4.32/kotlin-android-extensions-1.4.32.pom
2021-06-06T09:17:09.258-0500 [DEBUG] [org.gradle.api.internal.artifacts.repositories.resolver.DefaultExternalResourceArtifactResolver] Loading https://dl.google.com/dl/android/maven2/de/undercouch/gradle-download-task/4.0.2/gradle-download-task-4.0.2.pom
2021-06-06T09:17:09.259-0500 [DEBUG] [org.gradle.internal.resource.transfer.DefaultCacheAwareExternalResourceAccessor] Constructing external resource: https://dl.google.com/dl/android/maven2/de/undercouch/gradle-download-task/4.0.2/gradle-download-task-4.0.2.pom
2021-06-06T09:17:09.259-0500 [DEBUG] [org.gradle.internal.resource.transport.http.HttpResourceAccessor] Constructing external resource: https://dl.google.com/dl/android/maven2/org/jetbrains/kotlin/kotlin-scripting-compiler-embeddable/1.4.32/kotlin-scripting-compiler-embeddable-1.4.32.pom
2021-06-06T09:17:09.259-0500 [DEBUG] [org.gradle.internal.resource.transport.http.HttpClientHelper] Performing HTTP GET: https://dl.google.com/dl/android/maven2/org/jetbrains/kotlin/kotlin-scripting-compiler-embeddable/1.4.32/kotlin-scripting-compiler-embeddable-1.4.32.pom
2021-06-06T09:17:09.259-0500 [DEBUG] [org.gradle.api.internal.artifacts.repositories.resolver.DefaultExternalResourceArtifactResolver] Loading https://dl.google.com/dl/android/maven2/org/jetbrains/kotlin/kotlin-reflect/1.4.32/kotlin-reflect-1.4.32.pom
2021-06-06T09:17:09.259-0500 [DEBUG] [org.gradle.internal.resource.transfer.DefaultCacheAwareExternalResourceAccessor] Constructing external resource: https://repo.maven.apache.org/maven2/org/jetbrains/kotlin/kotlin-android-extensions/1.4.32/kotlin-android-extensions-1.4.32.pom
2021-06-06T09:17:09.260-0500 [DEBUG] [org.apache.http.client.protocol.RequestAddCookies] CookieSpec selected: default
2021-06-06T09:17:09.260-0500 [DEBUG] [org.gradle.internal.resource.transfer.DefaultCacheAwareExternalResourceAccessor] Constructing external resource: https://dl.google.com/dl/android/maven2/org/jetbrains/kotlin/kotlin-reflect/1.4.32/kotlin-reflect-1.4.32.pom
2021-06-06T09:17:09.259-0500 [DEBUG] [org.gradle.internal.resource.transport.http.HttpResourceAccessor] Constructing external resource: https://dl.google.com/dl/android/maven2/org/jetbrains/kotlin/kotlin-compiler-runner/1.4.32/kotlin-compiler-runner-1.4.32.pom
2021-06-06T09:17:09.260-0500 [DEBUG] [org.gradle.internal.resource.transport.http.HttpResourceAccessor] Constructing external resource: https://dl.google.com/dl/android/maven2/de/undercouch/gradle-download-task/4.0.2/gradle-download-task-4.0.2.pom
2021-06-06T09:17:09.260-0500 [DEBUG] [org.apache.http.client.protocol.RequestAuthCache] Auth cache not set in the context
2021-06-06T09:17:09.261-0500 [DEBUG] [org.gradle.internal.resource.transport.http.HttpClientHelper] Performing HTTP GET: https://dl.google.com/dl/android/maven2/de/undercouch/gradle-download-task/4.0.2/gradle-download-task-4.0.2.pom
2021-06-06T09:17:09.261-0500 [DEBUG] [org.apache.http.impl.conn.PoolingHttpClientConnectionManager] Connection request: [route: {s}->https://dl.google.com:443][total kept alive: 8; route allocated: 8 of 20; total allocated: 8 of 20]
2021-06-06T09:17:09.261-0500 [DEBUG] [org.apache.http.impl.conn.PoolingHttpClientConnectionManager] Connection leased: [id: 0][route: {s}->https://dl.google.com:443][total kept alive: 7; route allocated: 8 of 20; total allocated: 8 of 20]
2021-06-06T09:17:09.261-0500 [DEBUG] [org.apache.http.impl.conn.DefaultManagedHttpClientConnection] http-outgoing-0: set socket timeout to 30000
2021-06-06T09:17:09.261-0500 [DEBUG] [org.apache.http.impl.conn.DefaultManagedHttpClientConnection] http-outgoing-0: set socket timeout to 30000
2021-06-06T09:17:09.261-0500 [DEBUG] [org.apache.http.impl.execchain.MainClientExec] Executing request GET /dl/android/maven2/org/jetbrains/kotlin/kotlin-scripting-compiler-embeddable/1.4.32/kotlin-scripting-compiler-embeddable-1.4.32.pom HTTP/1.1
2021-06-06T09:17:09.261-0500 [DEBUG] [org.apache.http.impl.execchain.MainClientExec] Target auth state: UNCHALLENGED
2021-06-06T09:17:09.261-0500 [DEBUG] [org.apache.http.impl.execchain.MainClientExec] Proxy auth state: UNCHALLENGED
2021-06-06T09:17:09.260-0500 [DEBUG] [org.gradle.internal.resource.transport.http.HttpClientHelper] Performing HTTP GET: https://dl.google.com/dl/android/maven2/org/jetbrains/kotlin/kotlin-compiler-runner/1.4.32/kotlin-compiler-runner-1.4.32.pom
2021-06-06T09:17:09.261-0500 [DEBUG] [org.apache.http.client.protocol.RequestAddCookies] CookieSpec selected: default
2021-06-06T09:17:09.262-0500 [DEBUG] [org.apache.http.client.protocol.RequestAuthCache] Auth cache not set in the context
2021-06-06T09:17:09.262-0500 [DEBUG] [org.apache.http.client.protocol.RequestAddCookies] CookieSpec selected: default
2021-06-06T09:17:09.262-0500 [DEBUG] [org.apache.http.impl.conn.PoolingHttpClientConnectionManager] Connection request: [route: {s}->https://dl.google.com:443][total kept alive: 7; route allocated: 8 of 20; total allocated: 8 of 20]
2021-06-06T09:17:09.262-0500 [DEBUG] [org.apache.http.client.protocol.RequestAuthCache] Auth cache not set in the context
2021-06-06T09:17:09.262-0500 [DEBUG] [org.apache.http.impl.conn.PoolingHttpClientConnectionManager] Connection request: [route: {s}->https://dl.google.com:443][total kept alive: 6; route allocated: 8 of 20; total allocated: 8 of 20]
2021-06-06T09:17:09.262-0500 [DEBUG] [org.apache.http.impl.conn.PoolingHttpClientConnectionManager] Connection leased: [id: 5][route: {s}->https://dl.google.com:443][total kept alive: 6; route allocated: 8 of 20; total allocated: 8 of 20]
2021-06-06T09:17:09.262-0500 [DEBUG] [org.apache.http.impl.conn.PoolingHttpClientConnectionManager] Connection leased: [id: 6][route: {s}->https://dl.google.com:443][total kept alive: 5; route allocated: 8 of 20; total allocated: 8 of 20]
2021-06-06T09:17:09.263-0500 [DEBUG] [org.apache.http.impl.conn.DefaultManagedHttpClientConnection] http-outgoing-5: set socket timeout to 30000
2021-06-06T09:17:09.263-0500 [DEBUG] [org.apache.http.impl.conn.DefaultManagedHttpClientConnection] http-outgoing-6: set socket timeout to 30000
2021-06-06T09:17:09.263-0500 [DEBUG] [org.apache.http.impl.conn.DefaultManagedHttpClientConnection] http-outgoing-5: set socket timeout to 30000
2021-06-06T09:17:09.263-0500 [DEBUG] [org.apache.http.impl.conn.DefaultManagedHttpClientConnection] http-outgoing-6: set socket timeout to 30000
2021-06-06T09:17:09.263-0500 [DEBUG] [org.apache.http.impl.execchain.MainClientExec] Executing request GET /dl/android/maven2/de/undercouch/gradle-download-task/4.0.2/gradle-download-task-4.0.2.pom HTTP/1.1
2021-06-06T09:17:09.263-0500 [DEBUG] [org.apache.http.impl.execchain.MainClientExec] Target auth state: UNCHALLENGED
2021-06-06T09:17:09.263-0500 [DEBUG] [org.apache.http.impl.execchain.MainClientExec] Executing request GET /dl/android/maven2/org/jetbrains/kotlin/kotlin-compiler-runner/1.4.32/kotlin-compiler-runner-1.4.32.pom HTTP/1.1
2021-06-06T09:17:09.263-0500 [DEBUG] [org.apache.http.impl.execchain.MainClientExec] Target auth state: UNCHALLENGED
2021-06-06T09:17:09.264-0500 [DEBUG] [org.apache.http.impl.execchain.MainClientExec] Proxy auth state: UNCHALLENGED
2021-06-06T09:17:09.263-0500 [DEBUG] [org.apache.http.impl.execchain.MainClientExec] Proxy auth state: UNCHALLENGED
2021-06-06T09:17:09.272-0500 [DEBUG] [org.gradle.api.internal.artifacts.repositories.resolver.ExternalResourceResolver] Metadata file found for module 'org.jetbrains.kotlin:kotlin-annotation-processing-gradle:1.4.32' in repository 'MavenRepo'.
2021-06-06T09:17:09.272-0500 [DEBUG] [org.gradle.api.internal.artifacts.ivyservice.modulecache.PersistentModuleMetadataCache] Recording module descriptor in cache: org.jetbrains.kotlin:kotlin-annotation-processing-gradle:1.4.32 [changing = false]
2021-06-06T09:17:09.273-0500 [DEBUG] [org.gradle.api.internal.artifacts.repositories.resolver.DefaultExternalResourceArtifactResolver] Loading https://dl.google.com/dl/android/maven2/org/jetbrains/kotlin/kotlin-scripting-compiler-impl-embeddable/1.4.32/kotlin-scripting-compiler-impl-embeddable-1.4.32.pom
2021-06-06T09:17:09.274-0500 [DEBUG] [org.gradle.internal.resource.transfer.DefaultCacheAwareExternalResourceAccessor] Constructing external resource: https://dl.google.com/dl/android/maven2/org/jetbrains/kotlin/kotlin-scripting-compiler-impl-embeddable/1.4.32/kotlin-scripting-compiler-impl-embeddable-1.4.32.pom
2021-06-06T09:17:09.275-0500 [DEBUG] [org.gradle.internal.resource.transport.http.HttpResourceAccessor] Constructing external resource: https://repo.maven.apache.org/maven2/org/jetbrains/kotlin/kotlin-android-extensions/1.4.32/kotlin-android-extensions-1.4.32.pom
2021-06-06T09:17:09.275-0500 [DEBUG] [org.gradle.internal.resource.transport.http.HttpClientHelper] Performing HTTP GET: https://repo.maven.apache.org/maven2/org/jetbrains/kotlin/kotlin-android-extensions/1.4.32/kotlin-android-extensions-1.4.32.pom
2021-06-06T09:17:09.275-0500 [DEBUG] [org.gradle.internal.resource.transport.http.HttpResourceAccessor] Constructing external resource: https://dl.google.com/dl/android/maven2/org/jetbrains/kotlin/kotlin-reflect/1.4.32/kotlin-reflect-1.4.32.pom
2021-06-06T09:17:09.276-0500 [DEBUG] [org.apache.http.client.protocol.RequestAddCookies] CookieSpec selected: default
2021-06-06T09:17:09.276-0500 [DEBUG] [org.gradle.internal.resource.transport.http.HttpClientHelper] Performing HTTP GET: https://dl.google.com/dl/android/maven2/org/jetbrains/kotlin/kotlin-reflect/1.4.32/kotlin-reflect-1.4.32.pom
2021-06-06T09:17:09.276-0500 [DEBUG] [org.apache.http.client.protocol.RequestAuthCache] Auth cache not set in the context
2021-06-06T09:17:09.276-0500 [DEBUG] [org.apache.http.impl.conn.PoolingHttpClientConnectionManager] Connection request: [route: {s}->https://repo.maven.apache.org:443][total kept alive: 8; route allocated: 8 of 20; total allocated: 8 of 20]
2021-06-06T09:17:09.276-0500 [DEBUG] [org.apache.http.client.protocol.RequestAddCookies] CookieSpec selected: default
2021-06-06T09:17:09.276-0500 [DEBUG] [org.apache.http.impl.conn.PoolingHttpClientConnectionManager] Connection leased: [id: 15][route: {s}->https://repo.maven.apache.org:443][total kept alive: 7; route allocated: 8 of 20; total allocated: 8 of 20]
2021-06-06T09:17:09.277-0500 [DEBUG] [org.apache.http.client.protocol.RequestAuthCache] Auth cache not set in the context
2021-06-06T09:17:09.277-0500 [DEBUG] [org.apache.http.impl.conn.PoolingHttpClientConnectionManager] Connection request: [route: {s}->https://dl.google.com:443][total kept alive: 5; route allocated: 8 of 20; total allocated: 8 of 20]
2021-06-06T09:17:09.276-0500 [DEBUG] [org.gradle.api.internal.artifacts.ivyservice.ivyresolve.RepositoryChainComponentMetaDataResolver] Attempting to resolve component for com.google.code.gson:gson-parent:2.8.6 using repositories [Google, MavenRepo]
2021-06-06T09:17:09.277-0500 [DEBUG] [org.apache.http.impl.conn.PoolingHttpClientConnectionManager] Connection leased: [id: 4][route: {s}->https://dl.google.com:443][total kept alive: 4; route allocated: 8 of 20; total allocated: 8 of 20]
2021-06-06T09:17:09.277-0500 [DEBUG] [org.apache.http.impl.conn.DefaultManagedHttpClientConnection] http-outgoing-15: set socket timeout to 30000
2021-06-06T09:17:09.277-0500 [DEBUG] [org.apache.http.impl.conn.DefaultManagedHttpClientConnection] http-outgoing-4: set socket timeout to 30000
2021-06-06T09:17:09.277-0500 [DEBUG] [org.apache.http.impl.conn.DefaultManagedHttpClientConnection] http-outgoing-4: set socket timeout to 30000
2021-06-06T09:17:09.277-0500 [DEBUG] [org.apache.http.impl.conn.DefaultManagedHttpClientConnection] http-outgoing-15: set socket timeout to 30000
2021-06-06T09:17:09.278-0500 [DEBUG] [org.apache.http.impl.execchain.MainClientExec] Executing request GET /dl/android/maven2/org/jetbrains/kotlin/kotlin-reflect/1.4.32/kotlin-reflect-1.4.32.pom HTTP/1.1
2021-06-06T09:17:09.278-0500 [DEBUG] [org.apache.http.impl.execchain.MainClientExec] Target auth state: UNCHALLENGED
2021-06-06T09:17:09.278-0500 [DEBUG] [org.apache.http.impl.execchain.MainClientExec] Executing request GET /maven2/org/jetbrains/kotlin/kotlin-android-extensions/1.4.32/kotlin-android-extensions-1.4.32.pom HTTP/1.1
2021-06-06T09:17:09.278-0500 [DEBUG] [org.apache.http.impl.execchain.MainClientExec] Proxy auth state: UNCHALLENGED
2021-06-06T09:17:09.278-0500 [DEBUG] [org.apache.http.impl.execchain.MainClientExec] Target auth state: UNCHALLENGED
2021-06-06T09:17:09.278-0500 [DEBUG] [org.apache.http.impl.execchain.MainClientExec] Proxy auth state: UNCHALLENGED
2021-06-06T09:17:09.286-0500 [DEBUG] [org.gradle.api.internal.artifacts.ivyservice.ivyresolve.RepositoryChainComponentMetaDataResolver] Using org.jetbrains.kotlin:kotlin-annotation-processing-gradle:1.4.32 from Maven repository 'MavenRepo'
2021-06-06T09:17:09.288-0500 [DEBUG] [org.gradle.internal.resource.transport.http.HttpResourceAccessor] Constructing external resource: https://dl.google.com/dl/android/maven2/org/jetbrains/kotlin/kotlin-scripting-compiler-impl-embeddable/1.4.32/kotlin-scripting-compiler-impl-embeddable-1.4.32.pom
2021-06-06T09:17:09.288-0500 [DEBUG] [org.gradle.internal.resource.transport.http.HttpClientHelper] Performing HTTP GET: https://dl.google.com/dl/android/maven2/org/jetbrains/kotlin/kotlin-scripting-compiler-impl-embeddable/1.4.32/kotlin-scripting-compiler-impl-embeddable-1.4.32.pom
2021-06-06T09:17:09.289-0500 [DEBUG] [org.apache.http.client.protocol.RequestAddCookies] CookieSpec selected: default
2021-06-06T09:17:09.289-0500 [DEBUG] [org.apache.http.client.protocol.RequestAuthCache] Auth cache not set in the context
2021-06-06T09:17:09.289-0500 [DEBUG] [org.apache.http.impl.conn.PoolingHttpClientConnectionManager] Connection request: [route: {s}->https://dl.google.com:443][total kept alive: 4; route allocated: 8 of 20; total allocated: 8 of 20]
2021-06-06T09:17:09.289-0500 [DEBUG] [org.apache.http.impl.conn.PoolingHttpClientConnectionManager] Connection leased: [id: 8][route: {s}->https://dl.google.com:443][total kept alive: 3; route allocated: 8 of 20; total allocated: 8 of 20]
2021-06-06T09:17:09.289-0500 [DEBUG] [org.apache.http.impl.conn.DefaultManagedHttpClientConnection] http-outgoing-8: set socket timeout to 30000
2021-06-06T09:17:09.290-0500 [DEBUG] [org.apache.http.impl.conn.DefaultManagedHttpClientConnection] http-outgoing-8: set socket timeout to 30000
2021-06-06T09:17:09.290-0500 [DEBUG] [org.apache.http.impl.execchain.MainClientExec] Executing request GET /dl/android/maven2/org/jetbrains/kotlin/kotlin-scripting-compiler-impl-embeddable/1.4.32/kotlin-scripting-compiler-impl-embeddable-1.4.32.pom HTTP/1.1
2021-06-06T09:17:09.290-0500 [DEBUG] [org.apache.http.impl.execchain.MainClientExec] Target auth state: UNCHALLENGED
2021-06-06T09:17:09.290-0500 [DEBUG] [org.apache.http.impl.execchain.MainClientExec] Proxy auth state: UNCHALLENGED
2021-06-06T09:17:09.290-0500 [DEBUG] [org.gradle.api.internal.artifacts.repositories.resolver.DefaultExternalResourceArtifactResolver] Loading https://dl.google.com/dl/android/maven2/com/google/code/gson/gson-parent/2.8.6/gson-parent-2.8.6.pom
2021-06-06T09:17:09.290-0500 [DEBUG] [org.gradle.internal.resource.transfer.DefaultCacheAwareExternalResourceAccessor] Constructing external resource: https://dl.google.com/dl/android/maven2/com/google/code/gson/gson-parent/2.8.6/gson-parent-2.8.6.pom
2021-06-06T09:17:09.293-0500 [DEBUG] [org.gradle.internal.resource.transport.http.HttpResourceAccessor] Constructing external resource: https://dl.google.com/dl/android/maven2/com/google/code/gson/gson-parent/2.8.6/gson-parent-2.8.6.pom
2021-06-06T09:17:09.293-0500 [DEBUG] [org.gradle.internal.resource.transport.http.HttpClientHelper] Performing HTTP GET: https://dl.google.com/dl/android/maven2/com/google/code/gson/gson-parent/2.8.6/gson-parent-2.8.6.pom
2021-06-06T09:17:09.293-0500 [DEBUG] [org.apache.http.client.protocol.RequestAddCookies] CookieSpec selected: default
2021-06-06T09:17:09.293-0500 [DEBUG] [org.apache.http.client.protocol.RequestAuthCache] Auth cache not set in the context
2021-06-06T09:17:09.294-0500 [DEBUG] [org.apache.http.impl.conn.PoolingHttpClientConnectionManager] Connection request: [route: {s}->https://dl.google.com:443][total kept alive: 3; route allocated: 8 of 20; total allocated: 8 of 20]
2021-06-06T09:17:09.294-0500 [DEBUG] [org.apache.http.impl.conn.PoolingHttpClientConnectionManager] Connection leased: [id: 3][route: {s}->https://dl.google.com:443][total kept alive: 2; route allocated: 8 of 20; total allocated: 8 of 20]
2021-06-06T09:17:09.294-0500 [DEBUG] [org.apache.http.impl.conn.DefaultManagedHttpClientConnection] http-outgoing-3: set socket timeout to 30000
2021-06-06T09:17:09.294-0500 [DEBUG] [org.apache.http.impl.conn.DefaultManagedHttpClientConnection] http-outgoing-3: set socket timeout to 30000
2021-06-06T09:17:09.294-0500 [DEBUG] [org.apache.http.impl.execchain.MainClientExec] Executing request GET /dl/android/maven2/com/google/code/gson/gson-parent/2.8.6/gson-parent-2.8.6.pom HTTP/1.1
2021-06-06T09:17:09.294-0500 [DEBUG] [org.apache.http.impl.execchain.MainClientExec] Target auth state: UNCHALLENGED
2021-06-06T09:17:09.294-0500 [DEBUG] [org.apache.http.impl.execchain.MainClientExec] Proxy auth state: UNCHALLENGED
2021-06-06T09:17:09.301-0500 [DEBUG] [org.apache.http.impl.execchain.MainClientExec] Connection can be kept alive indefinitely
2021-06-06T09:17:09.301-0500 [DEBUG] [org.apache.http.impl.execchain.MainClientExec] Connection can be kept alive indefinitely
2021-06-06T09:17:09.302-0500 [DEBUG] [org.apache.http.impl.execchain.MainClientExec] Connection can be kept alive indefinitely
2021-06-06T09:17:09.302-0500 [DEBUG] [org.apache.http.impl.conn.PoolingHttpClientConnectionManager] Connection [id: 0][route: {s}->https://dl.google.com:443] can be kept alive indefinitely
2021-06-06T09:17:09.302-0500 [DEBUG] [org.apache.http.impl.conn.DefaultManagedHttpClientConnection] http-outgoing-0: set socket timeout to 0
2021-06-06T09:17:09.302-0500 [DEBUG] [org.apache.http.impl.conn.PoolingHttpClientConnectionManager] Connection released: [id: 0][route: {s}->https://dl.google.com:443][total kept alive: 3; route allocated: 8 of 20; total allocated: 8 of 20]
2021-06-06T09:17:09.303-0500 [DEBUG] [org.gradle.internal.resource.transport.http.HttpResponseResource] Attempting to download resource https://repo.maven.apache.org/maven2/org/jetbrains/kotlin/kotlin-android-extensions/1.4.32/kotlin-android-extensions-1.4.32.pom.
2021-06-06T09:17:09.303-0500 [DEBUG] [org.apache.http.impl.execchain.MainClientExec] Connection can be kept alive indefinitely
2021-06-06T09:17:09.303-0500 [INFO] [org.gradle.internal.resource.transport.http.HttpClientHelper] Resource missing. [HTTP GET: https://dl.google.com/dl/android/maven2/org/jetbrains/kotlin/kotlin-scripting-compiler-embeddable/1.4.32/kotlin-scripting-compiler-embeddable-1.4.32.pom]
2021-06-06T09:17:09.303-0500 [DEBUG] [org.apache.http.impl.conn.PoolingHttpClientConnectionManager] Connection [id: 6][route: {s}->https://dl.google.com:443] can be kept alive indefinitely
2021-06-06T09:17:09.304-0500 [DEBUG] [org.apache.http.impl.conn.DefaultManagedHttpClientConnection] http-outgoing-6: set socket timeout to 0
2021-06-06T09:17:09.302-0500 [DEBUG] [org.apache.http.impl.conn.PoolingHttpClientConnectionManager] Connection [id: 5][route: {s}->https://dl.google.com:443] can be kept alive indefinitely
2021-06-06T09:17:09.304-0500 [DEBUG] [org.apache.http.impl.conn.DefaultManagedHttpClientConnection] http-outgoing-5: set socket timeout to 0
2021-06-06T09:17:09.304-0500 [DEBUG] [org.apache.http.impl.conn.PoolingHttpClientConnectionManager] Connection released: [id: 5][route: {s}->https://dl.google.com:443][total kept alive: 4; route allocated: 8 of 20; total allocated: 8 of 20]
2021-06-06T09:17:09.304-0500 [INFO] [org.gradle.internal.resource.transport.http.HttpClientHelper] Resource missing. [HTTP GET: https://dl.google.com/dl/android/maven2/de/undercouch/gradle-download-task/4.0.2/gradle-download-task-4.0.2.pom]
2021-06-06T09:17:09.305-0500 [DEBUG] [org.gradle.internal.operations.DefaultBuildOperationRunner] Build operation 'Download https://dl.google.com/dl/android/maven2/de/undercouch/gradle-download-task/4.0.2/gradle-download-task-4.0.2.pom' completed
2021-06-06T09:17:09.305-0500 [INFO] [org.gradle.internal.resource.transfer.DefaultCacheAwareExternalResourceAccessor] Downloading https://repo.maven.apache.org/maven2/org/jetbrains/kotlin/kotlin-android-extensions/1.4.32/kotlin-android-extensions-1.4.32.pom to C:\Users\gathi\AppData\Local\Temp\gradle_download14331006102883630779bin
2021-06-06T09:17:09.305-0500 [DEBUG] [org.apache.http.impl.conn.PoolingHttpClientConnectionManager] Connection released: [id: 6][route: {s}->https://dl.google.com:443][total kept alive: 5; route allocated: 8 of 20; total allocated: 8 of 20]
2021-06-06T09:17:09.305-0500 [INFO] [org.gradle.internal.resource.transport.http.HttpClientHelper] Resource missing. [HTTP GET: https://dl.google.com/dl/android/maven2/org/jetbrains/kotlin/kotlin-compiler-runner/1.4.32/kotlin-compiler-runner-1.4.32.pom]
2021-06-06T09:17:09.305-0500 [DEBUG] [org.gradle.internal.operations.DefaultBuildOperationRunner] Build operation 'Download https://dl.google.com/dl/android/maven2/org/jetbrains/kotlin/kotlin-compiler-runner/1.4.32/kotlin-compiler-runner-1.4.32.pom' completed
2021-06-06T09:17:09.305-0500 [DEBUG] [org.gradle.api.internal.artifacts.repositories.resolver.ExternalResourceResolver] No meta-data file or artifact found for module 'org.jetbrains.kotlin:kotlin-compiler-runner:1.4.32' in repository 'Google'.
2021-06-06T09:17:09.306-0500 [DEBUG] [org.gradle.api.internal.artifacts.ivyservice.modulecache.PersistentModuleMetadataCache] Recording absence of module descriptor in cache: org.jetbrains.kotlin:kotlin-compiler-runner:1.4.32 [changing = false]
2021-06-06T09:17:09.306-0500 [DEBUG] [org.apache.http.impl.conn.PoolingHttpClientConnectionManager] Connection [id: 15][route: {s}->https://repo.maven.apache.org:443] can be kept alive indefinitely
2021-06-06T09:17:09.306-0500 [DEBUG] [org.apache.http.impl.conn.DefaultManagedHttpClientConnection] http-outgoing-15: set socket timeout to 0
2021-06-06T09:17:09.306-0500 [DEBUG] [org.apache.http.impl.conn.PoolingHttpClientConnectionManager] Connection released: [id: 15][route: {s}->https://repo.maven.apache.org:443][total kept alive: 8; route allocated: 8 of 20; total allocated: 8 of 20]
2021-06-06T09:17:09.307-0500 [DEBUG] [org.gradle.internal.operations.DefaultBuildOperationRunner] Build operation 'Download https://repo.maven.apache.org/maven2/org/jetbrains/kotlin/kotlin-android-extensions/1.4.32/kotlin-android-extensions-1.4.32.pom' completed
2021-06-06T09:17:09.308-0500 [DEBUG] [org.gradle.internal.operations.DefaultBuildOperationRunner] Build operation 'Download https://dl.google.com/dl/android/maven2/org/jetbrains/kotlin/kotlin-scripting-compiler-embeddable/1.4.32/kotlin-scripting-compiler-embeddable-1.4.32.pom' completed
2021-06-06T09:17:09.308-0500 [DEBUG] [org.gradle.api.internal.artifacts.repositories.resolver.ExternalResourceResolver] No meta-data file or artifact found for module 'org.jetbrains.kotlin:kotlin-scripting-compiler-embeddable:1.4.32' in repository 'Google'.
2021-06-06T09:17:09.308-0500 [DEBUG] [org.gradle.api.internal.artifacts.ivyservice.modulecache.PersistentModuleMetadataCache] Recording absence of module descriptor in cache: org.jetbrains.kotlin:kotlin-scripting-compiler-embeddable:1.4.32 [changing = false]
2021-06-06T09:17:09.306-0500 [DEBUG] [org.gradle.api.internal.artifacts.repositories.resolver.DefaultExternalResourceArtifactResolver] Loading https://repo.maven.apache.org/maven2/org/jetbrains/kotlin/kotlin-compiler-runner/1.4.32/kotlin-compiler-runner-1.4.32.pom
2021-06-06T09:17:09.305-0500 [DEBUG] [org.gradle.api.internal.artifacts.repositories.resolver.ExternalResourceResolver] No meta-data file or artifact found for module 'de.undercouch:gradle-download-task:4.0.2' in repository 'Google'.
2021-06-06T09:17:09.309-0500 [DEBUG] [org.gradle.api.internal.artifacts.ivyservice.modulecache.PersistentModuleMetadataCache] Recording absence of module descriptor in cache: de.undercouch:gradle-download-task:4.0.2 [changing = false]
2021-06-06T09:17:09.309-0500 [DEBUG] [org.gradle.internal.resource.transfer.DefaultCacheAwareExternalResourceAccessor] Constructing external resource: https://repo.maven.apache.org/maven2/org/jetbrains/kotlin/kotlin-compiler-runner/1.4.32/kotlin-compiler-runner-1.4.32.pom
2021-06-06T09:17:09.317-0500 [DEBUG] [org.gradle.api.internal.artifacts.repositories.resolver.DefaultExternalResourceArtifactResolver] Loading https://repo.maven.apache.org/maven2/de/undercouch/gradle-download-task/4.0.2/gradle-download-task-4.0.2.pom
2021-06-06T09:17:09.317-0500 [DEBUG] [org.gradle.api.internal.artifacts.repositories.resolver.DefaultExternalResourceArtifactResolver] Loading https://repo.maven.apache.org/maven2/org/jetbrains/kotlin/kotlin-scripting-compiler-embeddable/1.4.32/kotlin-scripting-compiler-embeddable-1.4.32.pom
2021-06-06T09:17:09.317-0500 [DEBUG] [org.gradle.internal.resource.transfer.DefaultCacheAwareExternalResourceAccessor] Constructing external resource: https://repo.maven.apache.org/maven2/de/undercouch/gradle-download-task/4.0.2/gradle-download-task-4.0.2.pom
2021-06-06T09:17:09.317-0500 [DEBUG] [org.gradle.internal.resource.transfer.DefaultCacheAwareExternalResourceAccessor] Constructing external resource: https://repo.maven.apache.org/maven2/org/jetbrains/kotlin/kotlin-scripting-compiler-embeddable/1.4.32/kotlin-scripting-compiler-embeddable-1.4.32.pom
2021-06-06T09:17:09.319-0500 [DEBUG] [org.gradle.internal.resource.transport.http.HttpResourceAccessor] Constructing external resource: https://repo.maven.apache.org/maven2/de/undercouch/gradle-download-task/4.0.2/gradle-download-task-4.0.2.pom
2021-06-06T09:17:09.319-0500 [DEBUG] [org.gradle.internal.resource.transport.http.HttpClientHelper] Performing HTTP GET: https://repo.maven.apache.org/maven2/de/undercouch/gradle-download-task/4.0.2/gradle-download-task-4.0.2.pom
2021-06-06T09:17:09.319-0500 [DEBUG] [org.gradle.internal.resource.transport.http.HttpResourceAccessor] Constructing external resource: https://repo.maven.apache.org/maven2/org/jetbrains/kotlin/kotlin-compiler-runner/1.4.32/kotlin-compiler-runner-1.4.32.pom
2021-06-06T09:17:09.319-0500 [DEBUG] [org.apache.http.client.protocol.RequestAddCookies] CookieSpec selected: default
2021-06-06T09:17:09.320-0500 [DEBUG] [org.gradle.internal.resource.transport.http.HttpResourceAccessor] Constructing external resource: https://repo.maven.apache.org/maven2/org/jetbrains/kotlin/kotlin-scripting-compiler-embeddable/1.4.32/kotlin-scripting-compiler-embeddable-1.4.32.pom
2021-06-06T09:17:09.320-0500 [DEBUG] [org.gradle.internal.resource.transport.http.HttpClientHelper] Performing HTTP GET: https://repo.maven.apache.org/maven2/org/jetbrains/kotlin/kotlin-scripting-compiler-embeddable/1.4.32/kotlin-scripting-compiler-embeddable-1.4.32.pom
2021-06-06T09:17:09.320-0500 [DEBUG] [org.apache.http.client.protocol.RequestAddCookies] CookieSpec selected: default
2021-06-06T09:17:09.319-0500 [DEBUG] [org.gradle.internal.resource.transport.http.HttpClientHelper] Performing HTTP GET: https://repo.maven.apache.org/maven2/org/jetbrains/kotlin/kotlin-compiler-runner/1.4.32/kotlin-compiler-runner-1.4.32.pom
2021-06-06T09:17:09.320-0500 [DEBUG] [org.apache.http.client.protocol.RequestAuthCache] Auth cache not set in the context
2021-06-06T09:17:09.320-0500 [DEBUG] [org.apache.http.impl.execchain.MainClientExec] Connection can be kept alive indefinitely
2021-06-06T09:17:09.321-0500 [DEBUG] [org.apache.http.impl.conn.PoolingHttpClientConnectionManager] Connection request: [route: {s}->https://repo.maven.apache.org:443][total kept alive: 8; route allocated: 8 of 20; total allocated: 8 of 20]
2021-06-06T09:17:09.321-0500 [DEBUG] [org.apache.http.impl.conn.PoolingHttpClientConnectionManager] Connection leased: [id: 15][route: {s}->https://repo.maven.apache.org:443][total kept alive: 7; route allocated: 8 of 20; total allocated: 8 of 20]
2021-06-06T09:17:09.319-0500 [DEBUG] [org.apache.http.client.protocol.RequestAuthCache] Auth cache not set in the context
2021-06-06T09:17:09.321-0500 [DEBUG] [org.apache.http.impl.conn.DefaultManagedHttpClientConnection] http-outgoing-15: set socket timeout to 30000
2021-06-06T09:17:09.321-0500 [DEBUG] [org.apache.http.impl.conn.DefaultManagedHttpClientConnection] http-outgoing-15: set socket timeout to 30000
2021-06-06T09:17:09.321-0500 [DEBUG] [org.apache.http.impl.execchain.MainClientExec] Executing request GET /maven2/org/jetbrains/kotlin/kotlin-scripting-compiler-embeddable/1.4.32/kotlin-scripting-compiler-embeddable-1.4.32.pom HTTP/1.1
2021-06-06T09:17:09.321-0500 [DEBUG] [org.apache.http.impl.execchain.MainClientExec] Target auth state: UNCHALLENGED
2021-06-06T09:17:09.322-0500 [DEBUG] [org.apache.http.impl.execchain.MainClientExec] Proxy auth state: UNCHALLENGED
2021-06-06T09:17:09.321-0500 [DEBUG] [org.apache.http.client.protocol.RequestAddCookies] CookieSpec selected: default
2021-06-06T09:17:09.321-0500 [DEBUG] [org.apache.http.impl.conn.PoolingHttpClientConnectionManager] Connection request: [route: {s}->https://repo.maven.apache.org:443][total kept alive: 7; route allocated: 8 of 20; total allocated: 8 of 20]
2021-06-06T09:17:09.321-0500 [DEBUG] [org.apache.http.impl.conn.PoolingHttpClientConnectionManager] Connection [id: 4][route: {s}->https://dl.google.com:443] can be kept alive indefinitely
2021-06-06T09:17:09.322-0500 [DEBUG] [org.apache.http.impl.conn.PoolingHttpClientConnectionManager] Connection leased: [id: 14][route: {s}->https://repo.maven.apache.org:443][total kept alive: 6; route allocated: 8 of 20; total allocated: 8 of 20]
2021-06-06T09:17:09.322-0500 [DEBUG] [org.apache.http.client.protocol.RequestAuthCache] Auth cache not set in the context
2021-06-06T09:17:09.322-0500 [DEBUG] [org.gradle.api.internal.artifacts.repositories.resolver.ExternalResourceResolver] Metadata file found for module 'org.jetbrains.kotlin:kotlin-android-extensions:1.4.32' in repository 'MavenRepo'.
2021-06-06T09:17:09.323-0500 [DEBUG] [org.apache.http.impl.conn.PoolingHttpClientConnectionManager] Connection request: [route: {s}->https://repo.maven.apache.org:443][total kept alive: 6; route allocated: 8 of 20; total allocated: 8 of 20]
2021-06-06T09:17:09.322-0500 [DEBUG] [org.apache.http.impl.conn.DefaultManagedHttpClientConnection] http-outgoing-14: set socket timeout to 30000
2021-06-06T09:17:09.322-0500 [DEBUG] [org.apache.http.impl.conn.DefaultManagedHttpClientConnection] http-outgoing-4: set socket timeout to 0
2021-06-06T09:17:09.323-0500 [DEBUG] [org.apache.http.impl.conn.DefaultManagedHttpClientConnection] http-outgoing-14: set socket timeout to 30000
2021-06-06T09:17:09.323-0500 [DEBUG] [org.apache.http.impl.conn.PoolingHttpClientConnectionManager] Connection leased: [id: 12][route: {s}->https://repo.maven.apache.org:443][total kept alive: 5; route allocated: 8 of 20; total allocated: 8 of 20]
2021-06-06T09:17:09.323-0500 [DEBUG] [org.apache.http.impl.conn.DefaultManagedHttpClientConnection] http-outgoing-12: set socket timeout to 30000
2021-06-06T09:17:09.323-0500 [DEBUG] [org.gradle.api.internal.artifacts.ivyservice.modulecache.PersistentModuleMetadataCache] Recording module descriptor in cache: org.jetbrains.kotlin:kotlin-android-extensions:1.4.32 [changing = false]
2021-06-06T09:17:09.323-0500 [DEBUG] [org.apache.http.impl.conn.DefaultManagedHttpClientConnection] http-outgoing-12: set socket timeout to 30000
2021-06-06T09:17:09.323-0500 [DEBUG] [org.apache.http.impl.execchain.MainClientExec] Executing request GET /maven2/de/undercouch/gradle-download-task/4.0.2/gradle-download-task-4.0.2.pom HTTP/1.1
2021-06-06T09:17:09.323-0500 [DEBUG] [org.apache.http.impl.conn.PoolingHttpClientConnectionManager] Connection released: [id: 4][route: {s}->https://dl.google.com:443][total kept alive: 6; route allocated: 8 of 20; total allocated: 8 of 20]
2021-06-06T09:17:09.324-0500 [DEBUG] [org.apache.http.impl.execchain.MainClientExec] Target auth state: UNCHALLENGED
2021-06-06T09:17:09.324-0500 [DEBUG] [org.apache.http.impl.execchain.MainClientExec] Proxy auth state: UNCHALLENGED
2021-06-06T09:17:09.324-0500 [DEBUG] [org.apache.http.impl.execchain.MainClientExec] Executing request GET /maven2/org/jetbrains/kotlin/kotlin-compiler-runner/1.4.32/kotlin-compiler-runner-1.4.32.pom HTTP/1.1
2021-06-06T09:17:09.324-0500 [DEBUG] [org.apache.http.impl.execchain.MainClientExec] Target auth state: UNCHALLENGED
2021-06-06T09:17:09.324-0500 [INFO] [org.gradle.internal.resource.transport.http.HttpClientHelper] Resource missing. [HTTP GET: https://dl.google.com/dl/android/maven2/org/jetbrains/kotlin/kotlin-reflect/1.4.32/kotlin-reflect-1.4.32.pom]
2021-06-06T09:17:09.324-0500 [DEBUG] [org.apache.http.impl.execchain.MainClientExec] Proxy auth state: UNCHALLENGED
2021-06-06T09:17:09.325-0500 [DEBUG] [org.gradle.internal.operations.DefaultBuildOperationRunner] Build operation 'Download https://dl.google.com/dl/android/maven2/org/jetbrains/kotlin/kotlin-reflect/1.4.32/kotlin-reflect-1.4.32.pom' completed
2021-06-06T09:17:09.325-0500 [DEBUG] [org.gradle.api.internal.artifacts.repositories.resolver.ExternalResourceResolver] No meta-data file or artifact found for module 'org.jetbrains.kotlin:kotlin-reflect:1.4.32' in repository 'Google'.
2021-06-06T09:17:09.325-0500 [DEBUG] [org.gradle.api.internal.artifacts.ivyservice.modulecache.PersistentModuleMetadataCache] Recording absence of module descriptor in cache: org.jetbrains.kotlin:kotlin-reflect:1.4.32 [changing = false]
2021-06-06T09:17:09.329-0500 [DEBUG] [org.gradle.api.internal.artifacts.ivyservice.ivyresolve.RepositoryChainComponentMetaDataResolver] Using org.jetbrains.kotlin:kotlin-android-extensions:1.4.32 from Maven repository 'MavenRepo'
2021-06-06T09:17:09.329-0500 [DEBUG] [org.gradle.api.internal.artifacts.repositories.resolver.DefaultExternalResourceArtifactResolver] Loading https://repo.maven.apache.org/maven2/org/jetbrains/kotlin/kotlin-reflect/1.4.32/kotlin-reflect-1.4.32.pom
2021-06-06T09:17:09.329-0500 [DEBUG] [org.gradle.internal.resource.transfer.DefaultCacheAwareExternalResourceAccessor] Constructing external resource: https://repo.maven.apache.org/maven2/org/jetbrains/kotlin/kotlin-reflect/1.4.32/kotlin-reflect-1.4.32.pom
2021-06-06T09:17:09.331-0500 [DEBUG] [org.gradle.internal.resource.transport.http.HttpResourceAccessor] Constructing external resource: https://repo.maven.apache.org/maven2/org/jetbrains/kotlin/kotlin-reflect/1.4.32/kotlin-reflect-1.4.32.pom
2021-06-06T09:17:09.331-0500 [DEBUG] [org.gradle.internal.resource.transport.http.HttpClientHelper] Performing HTTP GET: https://repo.maven.apache.org/maven2/org/jetbrains/kotlin/kotlin-reflect/1.4.32/kotlin-reflect-1.4.32.pom
2021-06-06T09:17:09.332-0500 [DEBUG] [org.apache.http.client.protocol.RequestAddCookies] CookieSpec selected: default
2021-06-06T09:17:09.332-0500 [DEBUG] [org.apache.http.client.protocol.RequestAuthCache] Auth cache not set in the context
2021-06-06T09:17:09.332-0500 [DEBUG] [org.apache.http.impl.conn.PoolingHttpClientConnectionManager] Connection request: [route: {s}->https://repo.maven.apache.org:443][total kept alive: 5; route allocated: 8 of 20; total allocated: 8 of 20]
2021-06-06T09:17:09.332-0500 [DEBUG] [org.apache.http.impl.conn.PoolingHttpClientConnectionManager] Connection leased: [id: 10][route: {s}->https://repo.maven.apache.org:443][total kept alive: 4; route allocated: 8 of 20; total allocated: 8 of 20]
2021-06-06T09:17:09.332-0500 [DEBUG] [org.apache.http.impl.conn.DefaultManagedHttpClientConnection] http-outgoing-10: set socket timeout to 30000
2021-06-06T09:17:09.332-0500 [DEBUG] [org.apache.http.impl.conn.DefaultManagedHttpClientConnection] http-outgoing-10: set socket timeout to 30000
2021-06-06T09:17:09.333-0500 [DEBUG] [org.apache.http.impl.execchain.MainClientExec] Executing request GET /maven2/org/jetbrains/kotlin/kotlin-reflect/1.4.32/kotlin-reflect-1.4.32.pom HTTP/1.1
2021-06-06T09:17:09.333-0500 [DEBUG] [org.apache.http.impl.execchain.MainClientExec] Target auth state: UNCHALLENGED
2021-06-06T09:17:09.333-0500 [DEBUG] [org.apache.http.impl.execchain.MainClientExec] Proxy auth state: UNCHALLENGED
2021-06-06T09:17:09.342-0500 [DEBUG] [org.apache.http.impl.execchain.MainClientExec] Connection can be kept alive indefinitely
2021-06-06T09:17:09.342-0500 [DEBUG] [org.apache.http.impl.execchain.MainClientExec] Connection can be kept alive indefinitely
2021-06-06T09:17:09.343-0500 [DEBUG] [org.apache.http.impl.conn.PoolingHttpClientConnectionManager] Connection [id: 8][route: {s}->https://dl.google.com:443] can be kept alive indefinitely
2021-06-06T09:17:09.342-0500 [DEBUG] [org.apache.http.impl.execchain.MainClientExec] Connection can be kept alive indefinitely
2021-06-06T09:17:09.343-0500 [DEBUG] [org.apache.http.impl.conn.DefaultManagedHttpClientConnection] http-outgoing-8: set socket timeout to 0
2021-06-06T09:17:09.343-0500 [DEBUG] [org.apache.http.impl.conn.PoolingHttpClientConnectionManager] Connection released: [id: 8][route: {s}->https://dl.google.com:443][total kept alive: 7; route allocated: 8 of 20; total allocated: 8 of 20]
2021-06-06T09:17:09.343-0500 [INFO] [org.gradle.internal.resource.transport.http.HttpClientHelper] Resource missing. [HTTP GET: https://dl.google.com/dl/android/maven2/org/jetbrains/kotlin/kotlin-scripting-compiler-impl-embeddable/1.4.32/kotlin-scripting-compiler-impl-embeddable-1.4.32.pom]
2021-06-06T09:17:09.343-0500 [DEBUG] [org.apache.http.impl.conn.PoolingHttpClientConnectionManager] Connection [id: 3][route: {s}->https://dl.google.com:443] can be kept alive indefinitely
2021-06-06T09:17:09.343-0500 [DEBUG] [org.apache.http.impl.conn.DefaultManagedHttpClientConnection] http-outgoing-3: set socket timeout to 0
2021-06-06T09:17:09.343-0500 [DEBUG] [org.apache.http.impl.conn.PoolingHttpClientConnectionManager] Connection released: [id: 3][route: {s}->https://dl.google.com:443][total kept alive: 8; route allocated: 8 of 20; total allocated: 8 of 20]
2021-06-06T09:17:09.344-0500 [INFO] [org.gradle.internal.resource.transport.http.HttpClientHelper] Resource missing. [HTTP GET: https://dl.google.com/dl/android/maven2/com/google/code/gson/gson-parent/2.8.6/gson-parent-2.8.6.pom]
2021-06-06T09:17:09.344-0500 [DEBUG] [org.gradle.internal.resource.transport.http.HttpResponseResource] Attempting to download resource https://repo.maven.apache.org/maven2/de/undercouch/gradle-download-task/4.0.2/gradle-download-task-4.0.2.pom.
2021-06-06T09:17:09.344-0500 [DEBUG] [org.gradle.internal.operations.DefaultBuildOperationRunner] Build operation 'Download https://dl.google.com/dl/android/maven2/com/google/code/gson/gson-parent/2.8.6/gson-parent-2.8.6.pom' completed
2021-06-06T09:17:09.344-0500 [DEBUG] [org.gradle.api.internal.artifacts.repositories.resolver.ExternalResourceResolver] No meta-data file or artifact found for module 'com.google.code.gson:gson-parent:2.8.6' in repository 'Google'.
2021-06-06T09:17:09.344-0500 [DEBUG] [org.gradle.api.internal.artifacts.ivyservice.modulecache.PersistentModuleMetadataCache] Recording absence of module descriptor in cache: com.google.code.gson:gson-parent:2.8.6 [changing = false]
2021-06-06T09:17:09.345-0500 [DEBUG] [org.gradle.api.internal.artifacts.repositories.resolver.DefaultExternalResourceArtifactResolver] Loading https://repo.maven.apache.org/maven2/com/google/code/gson/gson-parent/2.8.6/gson-parent-2.8.6.pom
2021-06-06T09:17:09.344-0500 [DEBUG] [org.gradle.internal.operations.DefaultBuildOperationRunner] Build operation 'Download https://dl.google.com/dl/android/maven2/org/jetbrains/kotlin/kotlin-scripting-compiler-impl-embeddable/1.4.32/kotlin-scripting-compiler-impl-embeddable-1.4.32.pom' completed
2021-06-06T09:17:09.345-0500 [DEBUG] [org.gradle.internal.resource.transfer.DefaultCacheAwareExternalResourceAccessor] Constructing external resource: https://repo.maven.apache.org/maven2/com/google/code/gson/gson-parent/2.8.6/gson-parent-2.8.6.pom
2021-06-06T09:17:09.346-0500 [INFO] [org.gradle.internal.resource.transfer.DefaultCacheAwareExternalResourceAccessor] Downloading https://repo.maven.apache.org/maven2/de/undercouch/gradle-download-task/4.0.2/gradle-download-task-4.0.2.pom to C:\Users\gathi\AppData\Local\Temp\gradle_download10011120274518136118bin
2021-06-06T09:17:09.345-0500 [DEBUG] [org.gradle.api.internal.artifacts.repositories.resolver.ExternalResourceResolver] No meta-data file or artifact found for module 'org.jetbrains.kotlin:kotlin-scripting-compiler-impl-embeddable:1.4.32' in repository 'Google'.
2021-06-06T09:17:09.346-0500 [DEBUG] [org.gradle.api.internal.artifacts.ivyservice.modulecache.PersistentModuleMetadataCache] Recording absence of module descriptor in cache: org.jetbrains.kotlin:kotlin-scripting-compiler-impl-embeddable:1.4.32 [changing = false]
2021-06-06T09:17:09.347-0500 [DEBUG] [org.gradle.api.internal.artifacts.repositories.resolver.DefaultExternalResourceArtifactResolver] Loading https://repo.maven.apache.org/maven2/org/jetbrains/kotlin/kotlin-scripting-compiler-impl-embeddable/1.4.32/kotlin-scripting-compiler-impl-embeddable-1.4.32.pom
2021-06-06T09:17:09.347-0500 [DEBUG] [org.apache.http.impl.conn.PoolingHttpClientConnectionManager] Connection [id: 14][route: {s}->https://repo.maven.apache.org:443] can be kept alive indefinitely
2021-06-06T09:17:09.347-0500 [DEBUG] [org.apache.http.impl.conn.DefaultManagedHttpClientConnection] http-outgoing-14: set socket timeout to 0
2021-06-06T09:17:09.347-0500 [DEBUG] [org.gradle.internal.resource.transport.http.HttpResourceAccessor] Constructing external resource: https://repo.maven.apache.org/maven2/com/google/code/gson/gson-parent/2.8.6/gson-parent-2.8.6.pom
2021-06-06T09:17:09.347-0500 [DEBUG] [org.apache.http.impl.conn.PoolingHttpClientConnectionManager] Connection released: [id: 14][route: {s}->https://repo.maven.apache.org:443][total kept alive: 5; route allocated: 8 of 20; total allocated: 8 of 20]
2021-06-06T09:17:09.348-0500 [DEBUG] [org.gradle.internal.resource.transport.http.HttpClientHelper] Performing HTTP GET: https://repo.maven.apache.org/maven2/com/google/code/gson/gson-parent/2.8.6/gson-parent-2.8.6.pom
2021-06-06T09:17:09.347-0500 [DEBUG] [org.gradle.internal.resource.transfer.DefaultCacheAwareExternalResourceAccessor] Constructing external resource: https://repo.maven.apache.org/maven2/org/jetbrains/kotlin/kotlin-scripting-compiler-impl-embeddable/1.4.32/kotlin-scripting-compiler-impl-embeddable-1.4.32.pom
2021-06-06T09:17:09.348-0500 [DEBUG] [org.gradle.internal.operations.DefaultBuildOperationRunner] Build operation 'Download https://repo.maven.apache.org/maven2/de/undercouch/gradle-download-task/4.0.2/gradle-download-task-4.0.2.pom' completed
2021-06-06T09:17:09.348-0500 [DEBUG] [org.apache.http.client.protocol.RequestAddCookies] CookieSpec selected: default
2021-06-06T09:17:09.348-0500 [DEBUG] [org.apache.http.client.protocol.RequestAuthCache] Auth cache not set in the context
2021-06-06T09:17:09.348-0500 [DEBUG] [org.apache.http.impl.conn.PoolingHttpClientConnectionManager] Connection request: [route: {s}->https://repo.maven.apache.org:443][total kept alive: 5; route allocated: 8 of 20; total allocated: 8 of 20]
2021-06-06T09:17:09.349-0500 [DEBUG] [org.apache.http.impl.conn.PoolingHttpClientConnectionManager] Connection leased: [id: 14][route: {s}->https://repo.maven.apache.org:443][total kept alive: 4; route allocated: 8 of 20; total allocated: 8 of 20]
2021-06-06T09:17:09.349-0500 [DEBUG] [org.apache.http.impl.conn.DefaultManagedHttpClientConnection] http-outgoing-14: set socket timeout to 30000
2021-06-06T09:17:09.349-0500 [DEBUG] [org.apache.http.impl.conn.DefaultManagedHttpClientConnection] http-outgoing-14: set socket timeout to 30000
2021-06-06T09:17:09.349-0500 [DEBUG] [org.apache.http.impl.execchain.MainClientExec] Executing request GET /maven2/com/google/code/gson/gson-parent/2.8.6/gson-parent-2.8.6.pom HTTP/1.1
2021-06-06T09:17:09.349-0500 [DEBUG] [org.apache.http.impl.execchain.MainClientExec] Target auth state: UNCHALLENGED
2021-06-06T09:17:09.349-0500 [DEBUG] [org.apache.http.impl.execchain.MainClientExec] Proxy auth state: UNCHALLENGED
2021-06-06T09:17:09.350-0500 [DEBUG] [org.gradle.internal.resource.transport.http.HttpResourceAccessor] Constructing external resource: https://repo.maven.apache.org/maven2/org/jetbrains/kotlin/kotlin-scripting-compiler-impl-embeddable/1.4.32/kotlin-scripting-compiler-impl-embeddable-1.4.32.pom
2021-06-06T09:17:09.350-0500 [DEBUG] [org.gradle.internal.resource.transport.http.HttpClientHelper] Performing HTTP GET: https://repo.maven.apache.org/maven2/org/jetbrains/kotlin/kotlin-scripting-compiler-impl-embeddable/1.4.32/kotlin-scripting-compiler-impl-embeddable-1.4.32.pom
2021-06-06T09:17:09.350-0500 [DEBUG] [org.apache.http.client.protocol.RequestAddCookies] CookieSpec selected: default
2021-06-06T09:17:09.350-0500 [DEBUG] [org.apache.http.client.protocol.RequestAuthCache] Auth cache not set in the context
2021-06-06T09:17:09.350-0500 [DEBUG] [org.apache.http.impl.conn.PoolingHttpClientConnectionManager] Connection request: [route: {s}->https://repo.maven.apache.org:443][total kept alive: 4; route allocated: 8 of 20; total allocated: 8 of 20]
2021-06-06T09:17:09.351-0500 [DEBUG] [org.apache.http.impl.conn.PoolingHttpClientConnectionManager] Connection leased: [id: 11][route: {s}->https://repo.maven.apache.org:443][total kept alive: 3; route allocated: 8 of 20; total allocated: 8 of 20]
2021-06-06T09:17:09.351-0500 [DEBUG] [org.apache.http.impl.conn.DefaultManagedHttpClientConnection] http-outgoing-11: set socket timeout to 30000
2021-06-06T09:17:09.351-0500 [DEBUG] [org.apache.http.impl.conn.DefaultManagedHttpClientConnection] http-outgoing-11: set socket timeout to 30000
2021-06-06T09:17:09.351-0500 [DEBUG] [org.apache.http.impl.execchain.MainClientExec] Executing request GET /maven2/org/jetbrains/kotlin/kotlin-scripting-compiler-impl-embeddable/1.4.32/kotlin-scripting-compiler-impl-embeddable-1.4.32.pom HTTP/1.1
2021-06-06T09:17:09.351-0500 [DEBUG] [org.apache.http.impl.execchain.MainClientExec] Target auth state: UNCHALLENGED
2021-06-06T09:17:09.351-0500 [DEBUG] [org.apache.http.impl.execchain.MainClientExec] Proxy auth state: UNCHALLENGED
2021-06-06T09:17:09.357-0500 [DEBUG] [org.apache.http.impl.execchain.MainClientExec] Connection can be kept alive indefinitely
2021-06-06T09:17:09.358-0500 [DEBUG] [org.apache.http.impl.execchain.MainClientExec] Connection can be kept alive indefinitely
2021-06-06T09:17:09.357-0500 [DEBUG] [org.apache.http.impl.execchain.MainClientExec] Connection can be kept alive indefinitely
2021-06-06T09:17:09.358-0500 [DEBUG] [org.gradle.internal.resource.transport.http.HttpResponseResource] Attempting to download resource https://repo.maven.apache.org/maven2/org/jetbrains/kotlin/kotlin-scripting-compiler-embeddable/1.4.32/kotlin-scripting-compiler-embeddable-1.4.32.pom.
2021-06-06T09:17:09.358-0500 [DEBUG] [org.gradle.internal.resource.transport.http.HttpResponseResource] Attempting to download resource https://repo.maven.apache.org/maven2/org/jetbrains/kotlin/kotlin-compiler-runner/1.4.32/kotlin-compiler-runner-1.4.32.pom.
2021-06-06T09:17:09.358-0500 [DEBUG] [org.gradle.internal.resource.transport.http.HttpResponseResource] Attempting to download resource https://repo.maven.apache.org/maven2/org/jetbrains/kotlin/kotlin-reflect/1.4.32/kotlin-reflect-1.4.32.pom.
2021-06-06T09:17:09.360-0500 [INFO] [org.gradle.internal.resource.transfer.DefaultCacheAwareExternalResourceAccessor] Downloading https://repo.maven.apache.org/maven2/org/jetbrains/kotlin/kotlin-scripting-compiler-embeddable/1.4.32/kotlin-scripting-compiler-embeddable-1.4.32.pom to C:\Users\gathi\AppData\Local\Temp\gradle_download13825003580031932937bin
2021-06-06T09:17:09.360-0500 [INFO] [org.gradle.internal.resource.transfer.DefaultCacheAwareExternalResourceAccessor] Downloading https://repo.maven.apache.org/maven2/org/jetbrains/kotlin/kotlin-compiler-runner/1.4.32/kotlin-compiler-runner-1.4.32.pom to C:\Users\gathi\AppData\Local\Temp\gradle_download7692287350675812628bin
2021-06-06T09:17:09.361-0500 [INFO] [org.gradle.internal.resource.transfer.DefaultCacheAwareExternalResourceAccessor] Downloading https://repo.maven.apache.org/maven2/org/jetbrains/kotlin/kotlin-reflect/1.4.32/kotlin-reflect-1.4.32.pom to C:\Users\gathi\AppData\Local\Temp\gradle_download4372617306672985990bin
2021-06-06T09:17:09.362-0500 [DEBUG] [org.apache.http.impl.conn.PoolingHttpClientConnectionManager] Connection [id: 15][route: {s}->https://repo.maven.apache.org:443] can be kept alive indefinitely
2021-06-06T09:17:09.363-0500 [DEBUG] [org.apache.http.impl.conn.DefaultManagedHttpClientConnection] http-outgoing-15: set socket timeout to 0
2021-06-06T09:17:09.363-0500 [DEBUG] [org.apache.http.impl.conn.PoolingHttpClientConnectionManager] Connection released: [id: 15][route: {s}->https://repo.maven.apache.org:443][total kept alive: 4; route allocated: 8 of 20; total allocated: 8 of 20]
2021-06-06T09:17:09.363-0500 [DEBUG] [org.apache.http.impl.conn.PoolingHttpClientConnectionManager] Connection [id: 10][route: {s}->https://repo.maven.apache.org:443] can be kept alive indefinitely
2021-06-06T09:17:09.363-0500 [DEBUG] [org.apache.http.impl.conn.DefaultManagedHttpClientConnection] http-outgoing-10: set socket timeout to 0
2021-06-06T09:17:09.363-0500 [DEBUG] [org.apache.http.impl.conn.PoolingHttpClientConnectionManager] Connection released: [id: 10][route: {s}->https://repo.maven.apache.org:443][total kept alive: 5; route allocated: 8 of 20; total allocated: 8 of 20]
2021-06-06T09:17:09.363-0500 [DEBUG] [org.gradle.internal.operations.DefaultBuildOperationRunner] Build operation 'Download https://repo.maven.apache.org/maven2/org/jetbrains/kotlin/kotlin-scripting-compiler-embeddable/1.4.32/kotlin-scripting-compiler-embeddable-1.4.32.pom' completed
2021-06-06T09:17:09.363-0500 [DEBUG] [org.apache.http.impl.conn.PoolingHttpClientConnectionManager] Connection [id: 12][route: {s}->https://repo.maven.apache.org:443] can be kept alive indefinitely
2021-06-06T09:17:09.364-0500 [DEBUG] [org.apache.http.impl.conn.DefaultManagedHttpClientConnection] http-outgoing-12: set socket timeout to 0
2021-06-06T09:17:09.364-0500 [DEBUG] [org.apache.http.impl.conn.PoolingHttpClientConnectionManager] Connection released: [id: 12][route: {s}->https://repo.maven.apache.org:443][total kept alive: 6; route allocated: 8 of 20; total allocated: 8 of 20]
2021-06-06T09:17:09.364-0500 [DEBUG] [org.gradle.internal.operations.DefaultBuildOperationRunner] Build operation 'Download https://repo.maven.apache.org/maven2/org/jetbrains/kotlin/kotlin-reflect/1.4.32/kotlin-reflect-1.4.32.pom' completed
2021-06-06T09:17:09.364-0500 [DEBUG] [org.gradle.internal.operations.DefaultBuildOperationRunner] Build operation 'Download https://repo.maven.apache.org/maven2/org/jetbrains/kotlin/kotlin-compiler-runner/1.4.32/kotlin-compiler-runner-1.4.32.pom' completed
2021-06-06T09:17:09.365-0500 [DEBUG] [org.gradle.api.internal.artifacts.repositories.resolver.ExternalResourceResolver] Metadata file found for module 'de.undercouch:gradle-download-task:4.0.2' in repository 'MavenRepo'.
2021-06-06T09:17:09.365-0500 [DEBUG] [org.gradle.api.internal.artifacts.ivyservice.modulecache.PersistentModuleMetadataCache] Recording module descriptor in cache: de.undercouch:gradle-download-task:4.0.2 [changing = false]
2021-06-06T09:17:09.373-0500 [DEBUG] [org.apache.http.impl.execchain.MainClientExec] Connection can be kept alive indefinitely
2021-06-06T09:17:09.373-0500 [DEBUG] [org.apache.http.impl.execchain.MainClientExec] Connection can be kept alive indefinitely
2021-06-06T09:17:09.374-0500 [DEBUG] [org.gradle.internal.resource.transport.http.HttpResponseResource] Attempting to download resource https://repo.maven.apache.org/maven2/com/google/code/gson/gson-parent/2.8.6/gson-parent-2.8.6.pom.
2021-06-06T09:17:09.374-0500 [DEBUG] [org.gradle.internal.resource.transport.http.HttpResponseResource] Attempting to download resource https://repo.maven.apache.org/maven2/org/jetbrains/kotlin/kotlin-scripting-compiler-impl-embeddable/1.4.32/kotlin-scripting-compiler-impl-embeddable-1.4.32.pom.
2021-06-06T09:17:09.376-0500 [INFO] [org.gradle.internal.resource.transfer.DefaultCacheAwareExternalResourceAccessor] Downloading https://repo.maven.apache.org/maven2/com/google/code/gson/gson-parent/2.8.6/gson-parent-2.8.6.pom to C:\Users\gathi\AppData\Local\Temp\gradle_download14219910777558829265bin
2021-06-06T09:17:09.377-0500 [INFO] [org.gradle.internal.resource.transfer.DefaultCacheAwareExternalResourceAccessor] Downloading https://repo.maven.apache.org/maven2/org/jetbrains/kotlin/kotlin-scripting-compiler-impl-embeddable/1.4.32/kotlin-scripting-compiler-impl-embeddable-1.4.32.pom to C:\Users\gathi\AppData\Local\Temp\gradle_download10059918866718946159bin
2021-06-06T09:17:09.378-0500 [DEBUG] [org.apache.http.impl.conn.PoolingHttpClientConnectionManager] Connection [id: 14][route: {s}->https://repo.maven.apache.org:443] can be kept alive indefinitely
2021-06-06T09:17:09.378-0500 [DEBUG] [org.apache.http.impl.conn.DefaultManagedHttpClientConnection] http-outgoing-14: set socket timeout to 0
2021-06-06T09:17:09.378-0500 [DEBUG] [org.apache.http.impl.conn.PoolingHttpClientConnectionManager] Connection released: [id: 14][route: {s}->https://repo.maven.apache.org:443][total kept alive: 7; route allocated: 8 of 20; total allocated: 8 of 20]
2021-06-06T09:17:09.379-0500 [DEBUG] [org.apache.http.impl.conn.PoolingHttpClientConnectionManager] Connection [id: 11][route: {s}->https://repo.maven.apache.org:443] can be kept alive indefinitely
2021-06-06T09:17:09.379-0500 [DEBUG] [org.apache.http.impl.conn.DefaultManagedHttpClientConnection] http-outgoing-11: set socket timeout to 0
2021-06-06T09:17:09.379-0500 [DEBUG] [org.apache.http.impl.conn.PoolingHttpClientConnectionManager] Connection released: [id: 11][route: {s}->https://repo.maven.apache.org:443][total kept alive: 8; route allocated: 8 of 20; total allocated: 8 of 20]
2021-06-06T09:17:09.379-0500 [DEBUG] [org.gradle.internal.operations.DefaultBuildOperationRunner] Build operation 'Download https://repo.maven.apache.org/maven2/com/google/code/gson/gson-parent/2.8.6/gson-parent-2.8.6.pom' completed
2021-06-06T09:17:09.379-0500 [DEBUG] [org.gradle.internal.operations.DefaultBuildOperationRunner] Build operation 'Download https://repo.maven.apache.org/maven2/org/jetbrains/kotlin/kotlin-scripting-compiler-impl-embeddable/1.4.32/kotlin-scripting-compiler-impl-embeddable-1.4.32.pom' completed
2021-06-06T09:17:09.394-0500 [DEBUG] [org.gradle.api.internal.artifacts.repositories.resolver.ExternalResourceResolver] Metadata file found for module 'org.jetbrains.kotlin:kotlin-scripting-compiler-embeddable:1.4.32' in repository 'MavenRepo'.
2021-06-06T09:17:09.394-0500 [DEBUG] [org.gradle.api.internal.artifacts.ivyservice.modulecache.PersistentModuleMetadataCache] Recording module descriptor in cache: org.jetbrains.kotlin:kotlin-scripting-compiler-embeddable:1.4.32 [changing = false]
2021-06-06T09:17:09.396-0500 [DEBUG] [org.gradle.api.internal.artifacts.repositories.resolver.ExternalResourceResolver] Metadata file found for module 'org.jetbrains.kotlin:kotlin-reflect:1.4.32' in repository 'MavenRepo'.
2021-06-06T09:17:09.396-0500 [DEBUG] [org.gradle.api.internal.artifacts.ivyservice.modulecache.PersistentModuleMetadataCache] Recording module descriptor in cache: org.jetbrains.kotlin:kotlin-reflect:1.4.32 [changing = false]
2021-06-06T09:17:09.408-0500 [DEBUG] [org.gradle.api.internal.artifacts.repositories.resolver.ExternalResourceResolver] Metadata file found for module 'org.jetbrains.kotlin:kotlin-compiler-runner:1.4.32' in repository 'MavenRepo'.
2021-06-06T09:17:09.409-0500 [DEBUG] [org.gradle.api.internal.artifacts.ivyservice.modulecache.PersistentModuleMetadataCache] Recording module descriptor in cache: org.jetbrains.kotlin:kotlin-compiler-runner:1.4.32 [changing = false]
2021-06-06T09:17:09.414-0500 [DEBUG] [org.gradle.api.internal.artifacts.ivyservice.ivyresolve.RepositoryChainComponentMetaDataResolver] Using de.undercouch:gradle-download-task:4.0.2 from Maven repository 'MavenRepo'
2021-06-06T09:17:09.427-0500 [DEBUG] [org.gradle.api.internal.artifacts.ivyservice.ivyresolve.RepositoryChainComponentMetaDataResolver] Attempting to resolve component for org.sonatype.oss:oss-parent:7 using repositories [Google, MavenRepo]
2021-06-06T09:17:09.428-0500 [DEBUG] [org.gradle.api.internal.artifacts.ivyservice.ivyresolve.CachingModuleComponentRepository] Detected non-existence of module 'org.sonatype.oss:oss-parent:7' in resolver cache 'Google'
2021-06-06T09:17:09.428-0500 [DEBUG] [org.gradle.api.internal.artifacts.ivyservice.ivyresolve.CachingModuleComponentRepository] Using cached module metadata for module 'org.sonatype.oss:oss-parent:7' in 'MavenRepo'
2021-06-06T09:17:09.428-0500 [DEBUG] [org.gradle.api.internal.artifacts.ivyservice.ivyresolve.RepositoryChainComponentMetaDataResolver] Using org.sonatype.oss:oss-parent:7 from Maven repository 'MavenRepo'
2021-06-06T09:17:09.429-0500 [DEBUG] [org.gradle.api.internal.artifacts.ivyservice.ivyresolve.CachingModuleComponentRepository] Found artifact 'oss-parent-7.pom (org.sonatype.oss:oss-parent:7)' in resolver cache: C:\Users\gathi\.gradle\caches\modules-2\files-2.1\org.sonatype.oss\oss-parent\7\46b8a785b60a2767095b8611613b58577e96d4c9\oss-parent-7.pom
2021-06-06T09:17:09.438-0500 [DEBUG] [org.gradle.api.internal.artifacts.repositories.resolver.ExternalResourceResolver] Metadata file found for module 'com.google.code.gson:gson-parent:2.8.6' in repository 'MavenRepo'.
2021-06-06T09:17:09.438-0500 [DEBUG] [org.gradle.api.internal.artifacts.ivyservice.modulecache.PersistentModuleMetadataCache] Recording module descriptor in cache: com.google.code.gson:gson-parent:2.8.6 [changing = false]
2021-06-06T09:17:09.443-0500 [DEBUG] [org.gradle.api.internal.artifacts.ivyservice.ivyresolve.RepositoryChainComponentMetaDataResolver] Using org.jetbrains.kotlin:kotlin-scripting-compiler-embeddable:1.4.32 from Maven repository 'MavenRepo'
2021-06-06T09:17:09.447-0500 [DEBUG] [org.gradle.api.internal.artifacts.ivyservice.ivyresolve.RepositoryChainComponentMetaDataResolver] Using org.jetbrains.kotlin:kotlin-reflect:1.4.32 from Maven repository 'MavenRepo'
2021-06-06T09:17:09.449-0500 [DEBUG] [org.gradle.api.internal.artifacts.repositories.resolver.ExternalResourceResolver] Metadata file found for module 'org.jetbrains.kotlin:kotlin-scripting-compiler-impl-embeddable:1.4.32' in repository 'MavenRepo'.
2021-06-06T09:17:09.449-0500 [DEBUG] [org.gradle.api.internal.artifacts.ivyservice.modulecache.PersistentModuleMetadataCache] Recording module descriptor in cache: org.jetbrains.kotlin:kotlin-scripting-compiler-impl-embeddable:1.4.32 [changing = false]
2021-06-06T09:17:09.452-0500 [DEBUG] [org.gradle.api.internal.artifacts.ivyservice.ivyresolve.RepositoryChainComponentMetaDataResolver] Using org.jetbrains.kotlin:kotlin-compiler-runner:1.4.32 from Maven repository 'MavenRepo'
2021-06-06T09:17:09.459-0500 [DEBUG] [org.gradle.api.internal.artifacts.ivyservice.ivyresolve.RepositoryChainComponentMetaDataResolver] Using org.jetbrains.kotlin:kotlin-scripting-compiler-impl-embeddable:1.4.32 from Maven repository 'MavenRepo'
2021-06-06T09:17:09.464-0500 [DEBUG] [org.gradle.api.internal.artifacts.ivyservice.ivyresolve.RepositoryChainComponentMetaDataResolver] Using com.google.code.gson:gson-parent:2.8.6 from Maven repository 'MavenRepo'
2021-06-06T09:17:09.464-0500 [DEBUG] [org.gradle.api.internal.artifacts.repositories.resolver.DefaultExternalResourceArtifactResolver] Loading https://repo.maven.apache.org/maven2/com/google/code/gson/gson-parent/2.8.6/gson-parent-2.8.6.pom
2021-06-06T09:17:09.464-0500 [DEBUG] [org.gradle.internal.resource.transfer.DefaultCacheAwareExternalResourceAccessor] Constructing external resource: https://repo.maven.apache.org/maven2/com/google/code/gson/gson-parent/2.8.6/gson-parent-2.8.6.pom
2021-06-06T09:17:09.465-0500 [DEBUG] [org.gradle.api.internal.artifacts.ivyservice.ivyresolve.CachingModuleComponentRepository] Downloaded artifact 'gson-parent-2.8.6.pom (com.google.code.gson:gson-parent:2.8.6)' from resolver: MavenRepo
2021-06-06T09:17:09.474-0500 [DEBUG] [org.gradle.api.internal.artifacts.ivyservice.ivyresolve.RepositoryChainComponentMetaDataResolver] Attempting to resolve component for org.sonatype.oss:oss-parent:7 using repositories [Google, MavenRepo]
2021-06-06T09:17:09.474-0500 [DEBUG] [org.gradle.api.internal.artifacts.ivyservice.ivyresolve.CachingModuleComponentRepository] Detected non-existence of module 'org.sonatype.oss:oss-parent:7' in resolver cache 'Google'
2021-06-06T09:17:09.474-0500 [DEBUG] [org.gradle.api.internal.artifacts.ivyservice.ivyresolve.CachingModuleComponentRepository] Using cached module metadata for module 'org.sonatype.oss:oss-parent:7' in 'MavenRepo'
2021-06-06T09:17:09.474-0500 [DEBUG] [org.gradle.api.internal.artifacts.ivyservice.ivyresolve.RepositoryChainComponentMetaDataResolver] Using org.sonatype.oss:oss-parent:7 from Maven repository 'MavenRepo'
2021-06-06T09:17:09.474-0500 [DEBUG] [org.gradle.api.internal.artifacts.ivyservice.ivyresolve.CachingModuleComponentRepository] Found artifact 'oss-parent-7.pom (org.sonatype.oss:oss-parent:7)' in resolver cache: C:\Users\gathi\.gradle\caches\modules-2\files-2.1\org.sonatype.oss\oss-parent\7\46b8a785b60a2767095b8611613b58577e96d4c9\oss-parent-7.pom
2021-06-06T09:17:09.482-0500 [DEBUG] [org.gradle.api.internal.artifacts.repositories.resolver.ExternalResourceResolver] Metadata file found for module 'com.google.code.gson:gson:2.8.6' in repository 'MavenRepo'.
2021-06-06T09:17:09.482-0500 [DEBUG] [org.gradle.api.internal.artifacts.ivyservice.modulecache.PersistentModuleMetadataCache] Recording module descriptor in cache: com.google.code.gson:gson:2.8.6 [changing = false]
2021-06-06T09:17:09.487-0500 [DEBUG] [org.gradle.api.internal.artifacts.ivyservice.ivyresolve.RepositoryChainComponentMetaDataResolver] Using com.google.code.gson:gson:2.8.6 from Maven repository 'MavenRepo'
2021-06-06T09:17:09.492-0500 [DEBUG] [org.gradle.api.internal.artifacts.ivyservice.resolveengine.graph.builder.DependencyGraphBuilder] Visiting configuration com.google.flatbuffers:flatbuffers-java:1.12.0(runtime).
2021-06-06T09:17:09.492-0500 [DEBUG] [org.gradle.api.internal.artifacts.ivyservice.resolveengine.graph.builder.DependencyGraphBuilder] Visiting configuration org.tensorflow:tensorflow-lite-metadata:0.1.0-rc2(runtime).
2021-06-06T09:17:09.493-0500 [DEBUG] [org.gradle.api.internal.artifacts.ivyservice.ivyresolve.RepositoryChainComponentMetaDataResolver] Attempting to resolve component for org.checkerframework:checker-qual:2.5.8 using repositories [Google, MavenRepo]
2021-06-06T09:17:09.493-0500 [DEBUG] [org.gradle.api.internal.artifacts.repositories.resolver.DefaultExternalResourceArtifactResolver] Loading https://dl.google.com/dl/android/maven2/org/checkerframework/checker-qual/2.5.8/checker-qual-2.5.8.pom
2021-06-06T09:17:09.493-0500 [DEBUG] [org.gradle.internal.resource.transfer.DefaultCacheAwareExternalResourceAccessor] Constructing external resource: https://dl.google.com/dl/android/maven2/org/checkerframework/checker-qual/2.5.8/checker-qual-2.5.8.pom
2021-06-06T09:17:09.495-0500 [DEBUG] [org.gradle.internal.resource.transport.http.HttpResourceAccessor] Constructing external resource: https://dl.google.com/dl/android/maven2/org/checkerframework/checker-qual/2.5.8/checker-qual-2.5.8.pom
2021-06-06T09:17:09.495-0500 [DEBUG] [org.gradle.internal.resource.transport.http.HttpClientHelper] Performing HTTP GET: https://dl.google.com/dl/android/maven2/org/checkerframework/checker-qual/2.5.8/checker-qual-2.5.8.pom
2021-06-06T09:17:09.495-0500 [DEBUG] [org.apache.http.client.protocol.RequestAddCookies] CookieSpec selected: default
2021-06-06T09:17:09.495-0500 [DEBUG] [org.apache.http.client.protocol.RequestAuthCache] Auth cache not set in the context
2021-06-06T09:17:09.495-0500 [DEBUG] [org.apache.http.impl.conn.PoolingHttpClientConnectionManager] Connection request: [route: {s}->https://dl.google.com:443][total kept alive: 8; route allocated: 8 of 20; total allocated: 8 of 20]
2021-06-06T09:17:09.495-0500 [DEBUG] [org.apache.http.impl.conn.PoolingHttpClientConnectionManager] Connection leased: [id: 3][route: {s}->https://dl.google.com:443][total kept alive: 7; route allocated: 8 of 20; total allocated: 8 of 20]
2021-06-06T09:17:09.496-0500 [DEBUG] [org.apache.http.impl.conn.DefaultManagedHttpClientConnection] http-outgoing-3: set socket timeout to 30000
2021-06-06T09:17:09.496-0500 [DEBUG] [org.apache.http.impl.conn.DefaultManagedHttpClientConnection] http-outgoing-3: set socket timeout to 30000
2021-06-06T09:17:09.496-0500 [DEBUG] [org.apache.http.impl.execchain.MainClientExec] Executing request GET /dl/android/maven2/org/checkerframework/checker-qual/2.5.8/checker-qual-2.5.8.pom HTTP/1.1
2021-06-06T09:17:09.496-0500 [DEBUG] [org.apache.http.impl.execchain.MainClientExec] Target auth state: UNCHALLENGED
2021-06-06T09:17:09.496-0500 [DEBUG] [org.apache.http.impl.execchain.MainClientExec] Proxy auth state: UNCHALLENGED
2021-06-06T09:17:09.534-0500 [DEBUG] [org.apache.http.impl.execchain.MainClientExec] Connection can be kept alive indefinitely
2021-06-06T09:17:09.535-0500 [DEBUG] [org.apache.http.impl.conn.PoolingHttpClientConnectionManager] Connection [id: 3][route: {s}->https://dl.google.com:443] can be kept alive indefinitely
2021-06-06T09:17:09.535-0500 [DEBUG] [org.apache.http.impl.conn.DefaultManagedHttpClientConnection] http-outgoing-3: set socket timeout to 0
2021-06-06T09:17:09.535-0500 [DEBUG] [org.apache.http.impl.conn.PoolingHttpClientConnectionManager] Connection released: [id: 3][route: {s}->https://dl.google.com:443][total kept alive: 8; route allocated: 8 of 20; total allocated: 8 of 20]
2021-06-06T09:17:09.535-0500 [INFO] [org.gradle.internal.resource.transport.http.HttpClientHelper] Resource missing. [HTTP GET: https://dl.google.com/dl/android/maven2/org/checkerframework/checker-qual/2.5.8/checker-qual-2.5.8.pom]
2021-06-06T09:17:09.535-0500 [DEBUG] [org.gradle.internal.operations.DefaultBuildOperationRunner] Build operation 'Download https://dl.google.com/dl/android/maven2/org/checkerframework/checker-qual/2.5.8/checker-qual-2.5.8.pom' completed
2021-06-06T09:17:09.535-0500 [DEBUG] [org.gradle.api.internal.artifacts.repositories.resolver.ExternalResourceResolver] No meta-data file or artifact found for module 'org.checkerframework:checker-qual:2.5.8' in repository 'Google'.
2021-06-06T09:17:09.536-0500 [DEBUG] [org.gradle.api.internal.artifacts.ivyservice.modulecache.PersistentModuleMetadataCache] Recording absence of module descriptor in cache: org.checkerframework:checker-qual:2.5.8 [changing = false]
2021-06-06T09:17:09.536-0500 [DEBUG] [org.gradle.api.internal.artifacts.repositories.resolver.DefaultExternalResourceArtifactResolver] Loading https://repo.maven.apache.org/maven2/org/checkerframework/checker-qual/2.5.8/checker-qual-2.5.8.pom
2021-06-06T09:17:09.536-0500 [DEBUG] [org.gradle.internal.resource.transfer.DefaultCacheAwareExternalResourceAccessor] Constructing external resource: https://repo.maven.apache.org/maven2/org/checkerframework/checker-qual/2.5.8/checker-qual-2.5.8.pom
2021-06-06T09:17:09.538-0500 [DEBUG] [org.gradle.internal.resource.transport.http.HttpResourceAccessor] Constructing external resource: https://repo.maven.apache.org/maven2/org/checkerframework/checker-qual/2.5.8/checker-qual-2.5.8.pom
2021-06-06T09:17:09.538-0500 [DEBUG] [org.gradle.internal.resource.transport.http.HttpClientHelper] Performing HTTP GET: https://repo.maven.apache.org/maven2/org/checkerframework/checker-qual/2.5.8/checker-qual-2.5.8.pom
2021-06-06T09:17:09.538-0500 [DEBUG] [org.apache.http.client.protocol.RequestAddCookies] CookieSpec selected: default
2021-06-06T09:17:09.538-0500 [DEBUG] [org.apache.http.client.protocol.RequestAuthCache] Auth cache not set in the context
2021-06-06T09:17:09.538-0500 [DEBUG] [org.apache.http.impl.conn.PoolingHttpClientConnectionManager] Connection request: [route: {s}->https://repo.maven.apache.org:443][total kept alive: 8; route allocated: 8 of 20; total allocated: 8 of 20]
2021-06-06T09:17:09.539-0500 [DEBUG] [org.apache.http.impl.conn.PoolingHttpClientConnectionManager] Connection leased: [id: 11][route: {s}->https://repo.maven.apache.org:443][total kept alive: 7; route allocated: 8 of 20; total allocated: 8 of 20]
2021-06-06T09:17:09.539-0500 [DEBUG] [org.apache.http.impl.conn.DefaultManagedHttpClientConnection] http-outgoing-11: set socket timeout to 30000
2021-06-06T09:17:09.539-0500 [DEBUG] [org.apache.http.impl.conn.DefaultManagedHttpClientConnection] http-outgoing-11: set socket timeout to 30000
2021-06-06T09:17:09.539-0500 [DEBUG] [org.apache.http.impl.execchain.MainClientExec] Executing request GET /maven2/org/checkerframework/checker-qual/2.5.8/checker-qual-2.5.8.pom HTTP/1.1
2021-06-06T09:17:09.539-0500 [DEBUG] [org.apache.http.impl.execchain.MainClientExec] Target auth state: UNCHALLENGED
2021-06-06T09:17:09.539-0500 [DEBUG] [org.apache.http.impl.execchain.MainClientExec] Proxy auth state: UNCHALLENGED
2021-06-06T09:17:09.554-0500 [DEBUG] [org.apache.http.impl.execchain.MainClientExec] Connection can be kept alive indefinitely
2021-06-06T09:17:09.555-0500 [DEBUG] [org.gradle.internal.resource.transport.http.HttpResponseResource] Attempting to download resource https://repo.maven.apache.org/maven2/org/checkerframework/checker-qual/2.5.8/checker-qual-2.5.8.pom.
2021-06-06T09:17:09.556-0500 [INFO] [org.gradle.internal.resource.transfer.DefaultCacheAwareExternalResourceAccessor] Downloading https://repo.maven.apache.org/maven2/org/checkerframework/checker-qual/2.5.8/checker-qual-2.5.8.pom to C:\Users\gathi\AppData\Local\Temp\gradle_download6898664620982309873bin
2021-06-06T09:17:09.558-0500 [DEBUG] [org.apache.http.impl.conn.PoolingHttpClientConnectionManager] Connection [id: 11][route: {s}->https://repo.maven.apache.org:443] can be kept alive indefinitely
2021-06-06T09:17:09.558-0500 [DEBUG] [org.apache.http.impl.conn.DefaultManagedHttpClientConnection] http-outgoing-11: set socket timeout to 0
2021-06-06T09:17:09.558-0500 [DEBUG] [org.apache.http.impl.conn.PoolingHttpClientConnectionManager] Connection released: [id: 11][route: {s}->https://repo.maven.apache.org:443][total kept alive: 8; route allocated: 8 of 20; total allocated: 8 of 20]
2021-06-06T09:17:09.558-0500 [DEBUG] [org.gradle.internal.operations.DefaultBuildOperationRunner] Build operation 'Download https://repo.maven.apache.org/maven2/org/checkerframework/checker-qual/2.5.8/checker-qual-2.5.8.pom' completed
2021-06-06T09:17:09.568-0500 [DEBUG] [org.gradle.api.internal.artifacts.repositories.resolver.ExternalResourceResolver] Metadata file found for module 'org.checkerframework:checker-qual:2.5.8' in repository 'MavenRepo'.
2021-06-06T09:17:09.568-0500 [DEBUG] [org.gradle.api.internal.artifacts.ivyservice.modulecache.PersistentModuleMetadataCache] Recording module descriptor in cache: org.checkerframework:checker-qual:2.5.8 [changing = false]
2021-06-06T09:17:09.573-0500 [DEBUG] [org.gradle.api.internal.artifacts.ivyservice.ivyresolve.RepositoryChainComponentMetaDataResolver] Using org.checkerframework:checker-qual:2.5.8 from Maven repository 'MavenRepo'
2021-06-06T09:17:09.573-0500 [DEBUG] [org.gradle.api.internal.artifacts.ivyservice.resolveengine.graph.builder.DependencyGraphBuilder] Visiting configuration com.android.tools.build:builder:4.2.1(runtimeElements).
2021-06-06T09:17:09.577-0500 [DEBUG] [org.gradle.api.internal.artifacts.ivyservice.resolveengine.graph.builder.DependencyGraphBuilder] Submitting 20 metadata files to resolve in parallel for com.android.tools.build:builder:4.2.1(runtimeElements)
2021-06-06T09:17:09.578-0500 [DEBUG] [org.gradle.api.internal.artifacts.ivyservice.ivyresolve.RepositoryChainComponentMetaDataResolver] Attempting to resolve component for com.android.tools.build:builder-model:4.2.1 using repositories [Google, MavenRepo]
2021-06-06T09:17:09.579-0500 [DEBUG] [org.gradle.api.internal.artifacts.repositories.resolver.DefaultExternalResourceArtifactResolver] Loading https://dl.google.com/dl/android/maven2/com/android/tools/build/builder-model/4.2.1/builder-model-4.2.1.pom
2021-06-06T09:17:09.579-0500 [DEBUG] [org.gradle.api.internal.artifacts.ivyservice.ivyresolve.RepositoryChainComponentMetaDataResolver] Attempting to resolve component for com.android.tools.build:manifest-merger:27.2.1 using repositories [Google, MavenRepo]
2021-06-06T09:17:09.579-0500 [DEBUG] [org.gradle.api.internal.artifacts.ivyservice.ivyresolve.RepositoryChainComponentMetaDataResolver] Attempting to resolve component for com.android:signflinger:4.2.1 using repositories [Google, MavenRepo]
2021-06-06T09:17:09.579-0500 [DEBUG] [org.gradle.internal.work.DefaultWorkerLeaseService] Worker lease root.1.25.34 started (6 worker(s) in use).
2021-06-06T09:17:09.579-0500 [DEBUG] [org.gradle.api.internal.artifacts.ivyservice.ivyresolve.RepositoryChainComponentMetaDataResolver] Attempting to resolve component for com.android.tools:common:27.2.1 using repositories [Google, MavenRepo]
2021-06-06T09:17:09.579-0500 [DEBUG] [org.gradle.internal.resource.transfer.DefaultCacheAwareExternalResourceAccessor] Constructing external resource: https://dl.google.com/dl/android/maven2/com/android/tools/build/builder-model/4.2.1/builder-model-4.2.1.pom
2021-06-06T09:17:09.579-0500 [DEBUG] [org.gradle.api.internal.artifacts.repositories.resolver.DefaultExternalResourceArtifactResolver] Loading https://dl.google.com/dl/android/maven2/com/android/signflinger/4.2.1/signflinger-4.2.1.pom
2021-06-06T09:17:09.579-0500 [DEBUG] [org.gradle.internal.resources.AbstractTrackedResourceLock] Daemon worker: acquired lock on root.1.25.34
2021-06-06T09:17:09.579-0500 [DEBUG] [org.gradle.api.internal.artifacts.repositories.resolver.DefaultExternalResourceArtifactResolver] Loading https://dl.google.com/dl/android/maven2/com/android/tools/build/manifest-merger/27.2.1/manifest-merger-27.2.1.pom
2021-06-06T09:17:09.580-0500 [DEBUG] [org.gradle.internal.resource.transfer.DefaultCacheAwareExternalResourceAccessor] Constructing external resource: https://dl.google.com/dl/android/maven2/com/android/signflinger/4.2.1/signflinger-4.2.1.pom
2021-06-06T09:17:09.580-0500 [DEBUG] [org.gradle.api.internal.artifacts.repositories.resolver.DefaultExternalResourceArtifactResolver] Loading https://dl.google.com/dl/android/maven2/com/android/tools/common/27.2.1/common-27.2.1.pom
2021-06-06T09:17:09.580-0500 [DEBUG] [org.gradle.api.internal.artifacts.ivyservice.ivyresolve.RepositoryChainComponentMetaDataResolver] Attempting to resolve component for com.android.tools:sdklib:27.2.1 using repositories [Google, MavenRepo]
2021-06-06T09:17:09.581-0500 [DEBUG] [org.gradle.internal.resource.transfer.DefaultCacheAwareExternalResourceAccessor] Constructing external resource: https://dl.google.com/dl/android/maven2/com/android/tools/common/27.2.1/common-27.2.1.pom
2021-06-06T09:17:09.581-0500 [DEBUG] [org.gradle.api.internal.artifacts.repositories.resolver.DefaultExternalResourceArtifactResolver] Loading https://dl.google.com/dl/android/maven2/com/android/tools/sdklib/27.2.1/sdklib-27.2.1.pom
2021-06-06T09:17:09.580-0500 [DEBUG] [org.gradle.internal.resource.transfer.DefaultCacheAwareExternalResourceAccessor] Constructing external resource: https://dl.google.com/dl/android/maven2/com/android/tools/build/manifest-merger/27.2.1/manifest-merger-27.2.1.pom
2021-06-06T09:17:09.581-0500 [DEBUG] [org.gradle.internal.resource.transfer.DefaultCacheAwareExternalResourceAccessor] Constructing external resource: https://dl.google.com/dl/android/maven2/com/android/tools/sdklib/27.2.1/sdklib-27.2.1.pom
2021-06-06T09:17:09.581-0500 [DEBUG] [org.gradle.api.internal.artifacts.ivyservice.ivyresolve.RepositoryChainComponentMetaDataResolver] Attempting to resolve component for com.android.tools.build:builder-test-api:4.2.1 using repositories [Google, MavenRepo]
2021-06-06T09:17:09.582-0500 [DEBUG] [org.gradle.api.internal.artifacts.repositories.resolver.DefaultExternalResourceArtifactResolver] Loading https://dl.google.com/dl/android/maven2/com/android/tools/build/builder-test-api/4.2.1/builder-test-api-4.2.1.pom
2021-06-06T09:17:09.582-0500 [DEBUG] [org.gradle.internal.resource.transport.http.HttpResourceAccessor] Constructing external resource: https://dl.google.com/dl/android/maven2/com/android/tools/common/27.2.1/common-27.2.1.pom
2021-06-06T09:17:09.582-0500 [DEBUG] [org.gradle.api.internal.artifacts.ivyservice.ivyresolve.RepositoryChainComponentMetaDataResolver] Attempting to resolve component for com.android.tools:sdk-common:27.2.1 using repositories [Google, MavenRepo]
2021-06-06T09:17:09.582-0500 [DEBUG] [org.gradle.internal.resource.transfer.DefaultCacheAwareExternalResourceAccessor] Constructing external resource: https://dl.google.com/dl/android/maven2/com/android/tools/build/builder-test-api/4.2.1/builder-test-api-4.2.1.pom
2021-06-06T09:17:09.583-0500 [DEBUG] [org.gradle.internal.resource.transport.http.HttpClientHelper] Performing HTTP GET: https://dl.google.com/dl/android/maven2/com/android/tools/common/27.2.1/common-27.2.1.pom
2021-06-06T09:17:09.583-0500 [DEBUG] [org.gradle.api.internal.artifacts.ivyservice.ivyresolve.RepositoryChainComponentMetaDataResolver] Attempting to resolve component for com.android:zipflinger:4.2.1 using repositories [Google, MavenRepo]
2021-06-06T09:17:09.583-0500 [DEBUG] [org.gradle.internal.resource.transport.http.HttpResourceAccessor] Constructing external resource: https://dl.google.com/dl/android/maven2/com/android/tools/build/manifest-merger/27.2.1/manifest-merger-27.2.1.pom
2021-06-06T09:17:09.584-0500 [DEBUG] [org.gradle.api.internal.artifacts.repositories.resolver.DefaultExternalResourceArtifactResolver] Loading https://dl.google.com/dl/android/maven2/com/android/zipflinger/4.2.1/zipflinger-4.2.1.pom
2021-06-06T09:17:09.584-0500 [DEBUG] [org.gradle.internal.resource.transfer.DefaultCacheAwareExternalResourceAccessor] Constructing external resource: https://dl.google.com/dl/android/maven2/com/android/zipflinger/4.2.1/zipflinger-4.2.1.pom
2021-06-06T09:17:09.584-0500 [DEBUG] [org.gradle.internal.resource.transport.http.HttpResourceAccessor] Constructing external resource: https://dl.google.com/dl/android/maven2/com/android/tools/sdklib/27.2.1/sdklib-27.2.1.pom
2021-06-06T09:17:09.584-0500 [DEBUG] [org.gradle.internal.resource.transport.http.HttpClientHelper] Performing HTTP GET: https://dl.google.com/dl/android/maven2/com/android/tools/build/manifest-merger/27.2.1/manifest-merger-27.2.1.pom
2021-06-06T09:17:09.584-0500 [DEBUG] [org.apache.http.client.protocol.RequestAddCookies] CookieSpec selected: default
2021-06-06T09:17:09.583-0500 [DEBUG] [org.gradle.api.internal.artifacts.repositories.resolver.DefaultExternalResourceArtifactResolver] Loading https://dl.google.com/dl/android/maven2/com/android/tools/sdk-common/27.2.1/sdk-common-27.2.1.pom
2021-06-06T09:17:09.583-0500 [DEBUG] [org.gradle.internal.resource.transport.http.HttpResourceAccessor] Constructing external resource: https://dl.google.com/dl/android/maven2/com/android/tools/build/builder-model/4.2.1/builder-model-4.2.1.pom
2021-06-06T09:17:09.584-0500 [DEBUG] [org.gradle.internal.resource.transfer.DefaultCacheAwareExternalResourceAccessor] Constructing external resource: https://dl.google.com/dl/android/maven2/com/android/tools/sdk-common/27.2.1/sdk-common-27.2.1.pom
2021-06-06T09:17:09.584-0500 [DEBUG] [org.apache.http.client.protocol.RequestAuthCache] Auth cache not set in the context
2021-06-06T09:17:09.584-0500 [DEBUG] [org.apache.http.client.protocol.RequestAddCookies] CookieSpec selected: default
2021-06-06T09:17:09.584-0500 [DEBUG] [org.gradle.internal.resource.transport.http.HttpClientHelper] Performing HTTP GET: https://dl.google.com/dl/android/maven2/com/android/tools/sdklib/27.2.1/sdklib-27.2.1.pom
2021-06-06T09:17:09.584-0500 [DEBUG] [org.gradle.internal.resource.transport.http.HttpResourceAccessor] Constructing external resource: https://dl.google.com/dl/android/maven2/com/android/signflinger/4.2.1/signflinger-4.2.1.pom
2021-06-06T09:17:09.585-0500 [DEBUG] [org.apache.http.client.protocol.RequestAddCookies] CookieSpec selected: default
2021-06-06T09:17:09.585-0500 [DEBUG] [org.apache.http.client.protocol.RequestAuthCache] Auth cache not set in the context
2021-06-06T09:17:09.585-0500 [DEBUG] [org.apache.http.impl.conn.PoolingHttpClientConnectionManager] Connection request: [route: {s}->https://dl.google.com:443][total kept alive: 8; route allocated: 8 of 20; total allocated: 8 of 20]
2021-06-06T09:17:09.585-0500 [DEBUG] [org.gradle.internal.resource.transport.http.HttpClientHelper] Performing HTTP GET: https://dl.google.com/dl/android/maven2/com/android/tools/build/builder-model/4.2.1/builder-model-4.2.1.pom
2021-06-06T09:17:09.586-0500 [DEBUG] [org.apache.http.impl.conn.PoolingHttpClientConnectionManager] Connection leased: [id: 3][route: {s}->https://dl.google.com:443][total kept alive: 7; route allocated: 8 of 20; total allocated: 8 of 20]
2021-06-06T09:17:09.586-0500 [DEBUG] [org.apache.http.impl.conn.PoolingHttpClientConnectionManager] Connection request: [route: {s}->https://dl.google.com:443][total kept alive: 8; route allocated: 8 of 20; total allocated: 8 of 20]
2021-06-06T09:17:09.585-0500 [DEBUG] [org.apache.http.client.protocol.RequestAuthCache] Auth cache not set in the context
2021-06-06T09:17:09.585-0500 [DEBUG] [org.gradle.internal.resource.transport.http.HttpClientHelper] Performing HTTP GET: https://dl.google.com/dl/android/maven2/com/android/signflinger/4.2.1/signflinger-4.2.1.pom
2021-06-06T09:17:09.585-0500 [DEBUG] [org.gradle.internal.resource.transport.http.HttpResourceAccessor] Constructing external resource: https://dl.google.com/dl/android/maven2/com/android/tools/build/builder-test-api/4.2.1/builder-test-api-4.2.1.pom
2021-06-06T09:17:09.586-0500 [DEBUG] [org.apache.http.impl.conn.PoolingHttpClientConnectionManager] Connection request: [route: {s}->https://dl.google.com:443][total kept alive: 6; route allocated: 8 of 20; total allocated: 8 of 20]
2021-06-06T09:17:09.586-0500 [DEBUG] [org.apache.http.impl.conn.PoolingHttpClientConnectionManager] Connection leased: [id: 8][route: {s}->https://dl.google.com:443][total kept alive: 6; route allocated: 8 of 20; total allocated: 8 of 20]
2021-06-06T09:17:09.586-0500 [DEBUG] [org.apache.http.client.protocol.RequestAddCookies] CookieSpec selected: default
2021-06-06T09:17:09.586-0500 [DEBUG] [org.apache.http.impl.conn.DefaultManagedHttpClientConnection] http-outgoing-3: set socket timeout to 30000
2021-06-06T09:17:09.586-0500 [DEBUG] [org.gradle.internal.resource.transport.http.HttpResourceAccessor] Constructing external resource: https://dl.google.com/dl/android/maven2/com/android/zipflinger/4.2.1/zipflinger-4.2.1.pom
2021-06-06T09:17:09.587-0500 [DEBUG] [org.apache.http.impl.conn.DefaultManagedHttpClientConnection] http-outgoing-3: set socket timeout to 30000
2021-06-06T09:17:09.587-0500 [DEBUG] [org.apache.http.client.protocol.RequestAuthCache] Auth cache not set in the context
2021-06-06T09:17:09.587-0500 [DEBUG] [org.apache.http.impl.conn.DefaultManagedHttpClientConnection] http-outgoing-8: set socket timeout to 30000
2021-06-06T09:17:09.587-0500 [DEBUG] [org.apache.http.impl.conn.PoolingHttpClientConnectionManager] Connection leased: [id: 4][route: {s}->https://dl.google.com:443][total kept alive: 5; route allocated: 8 of 20; total allocated: 8 of 20]
2021-06-06T09:17:09.587-0500 [DEBUG] [org.gradle.internal.resource.transport.http.HttpClientHelper] Performing HTTP GET: https://dl.google.com/dl/android/maven2/com/android/tools/build/builder-test-api/4.2.1/builder-test-api-4.2.1.pom
2021-06-06T09:17:09.587-0500 [DEBUG] [org.apache.http.client.protocol.RequestAddCookies] CookieSpec selected: default
2021-06-06T09:17:09.587-0500 [DEBUG] [org.gradle.internal.resource.transport.http.HttpResourceAccessor] Constructing external resource: https://dl.google.com/dl/android/maven2/com/android/tools/sdk-common/27.2.1/sdk-common-27.2.1.pom
2021-06-06T09:17:09.588-0500 [DEBUG] [org.apache.http.client.protocol.RequestAddCookies] CookieSpec selected: default
2021-06-06T09:17:09.588-0500 [DEBUG] [org.gradle.internal.resource.transport.http.HttpClientHelper] Performing HTTP GET: https://dl.google.com/dl/android/maven2/com/android/tools/sdk-common/27.2.1/sdk-common-27.2.1.pom
2021-06-06T09:17:09.588-0500 [DEBUG] [org.apache.http.client.protocol.RequestAuthCache] Auth cache not set in the context
2021-06-06T09:17:09.588-0500 [DEBUG] [org.apache.http.impl.conn.DefaultManagedHttpClientConnection] http-outgoing-4: set socket timeout to 30000
2021-06-06T09:17:09.588-0500 [DEBUG] [org.apache.http.impl.conn.DefaultManagedHttpClientConnection] http-outgoing-8: set socket timeout to 30000
2021-06-06T09:17:09.588-0500 [DEBUG] [org.apache.http.impl.conn.PoolingHttpClientConnectionManager] Connection request: [route: {s}->https://dl.google.com:443][total kept alive: 5; route allocated: 8 of 20; total allocated: 8 of 20]
2021-06-06T09:17:09.588-0500 [DEBUG] [org.apache.http.impl.execchain.MainClientExec] Executing request GET /dl/android/maven2/com/android/tools/common/27.2.1/common-27.2.1.pom HTTP/1.1
2021-06-06T09:17:09.587-0500 [DEBUG] [org.gradle.internal.resource.transport.http.HttpClientHelper] Performing HTTP GET: https://dl.google.com/dl/android/maven2/com/android/zipflinger/4.2.1/zipflinger-4.2.1.pom
2021-06-06T09:17:09.589-0500 [DEBUG] [org.apache.http.impl.execchain.MainClientExec] Target auth state: UNCHALLENGED
2021-06-06T09:17:09.589-0500 [DEBUG] [org.apache.http.impl.conn.PoolingHttpClientConnectionManager] Connection leased: [id: 6][route: {s}->https://dl.google.com:443][total kept alive: 4; route allocated: 8 of 20; total allocated: 8 of 20]
2021-06-06T09:17:09.590-0500 [DEBUG] [org.apache.http.impl.conn.DefaultManagedHttpClientConnection] http-outgoing-6: set socket timeout to 30000
2021-06-06T09:17:09.590-0500 [DEBUG] [org.apache.http.impl.conn.DefaultManagedHttpClientConnection] http-outgoing-6: set socket timeout to 30000
2021-06-06T09:17:09.590-0500 [DEBUG] [org.apache.http.impl.execchain.MainClientExec] Executing request GET /dl/android/maven2/com/android/tools/build/builder-model/4.2.1/builder-model-4.2.1.pom HTTP/1.1
2021-06-06T09:17:09.590-0500 [DEBUG] [org.apache.http.impl.execchain.MainClientExec] Target auth state: UNCHALLENGED
2021-06-06T09:17:09.590-0500 [DEBUG] [org.apache.http.impl.execchain.MainClientExec] Proxy auth state: UNCHALLENGED
2021-06-06T09:17:09.589-0500 [DEBUG] [org.apache.http.impl.execchain.MainClientExec] Executing request GET /dl/android/maven2/com/android/tools/build/manifest-merger/27.2.1/manifest-merger-27.2.1.pom HTTP/1.1
2021-06-06T09:17:09.591-0500 [DEBUG] [org.apache.http.impl.execchain.MainClientExec] Target auth state: UNCHALLENGED
2021-06-06T09:17:09.591-0500 [DEBUG] [org.apache.http.impl.execchain.MainClientExec] Proxy auth state: UNCHALLENGED
2021-06-06T09:17:09.589-0500 [DEBUG] [org.apache.http.impl.conn.DefaultManagedHttpClientConnection] http-outgoing-4: set socket timeout to 30000
2021-06-06T09:17:09.589-0500 [DEBUG] [org.apache.http.client.protocol.RequestAddCookies] CookieSpec selected: default
2021-06-06T09:17:09.589-0500 [DEBUG] [org.apache.http.impl.conn.PoolingHttpClientConnectionManager] Connection request: [route: {s}->https://dl.google.com:443][total kept alive: 5; route allocated: 8 of 20; total allocated: 8 of 20]
2021-06-06T09:17:09.588-0500 [DEBUG] [org.apache.http.client.protocol.RequestAuthCache] Auth cache not set in the context
2021-06-06T09:17:09.591-0500 [DEBUG] [org.apache.http.impl.conn.PoolingHttpClientConnectionManager] Connection leased: [id: 5][route: {s}->https://dl.google.com:443][total kept alive: 3; route allocated: 8 of 20; total allocated: 8 of 20]
2021-06-06T09:17:09.591-0500 [DEBUG] [org.apache.http.client.protocol.RequestAuthCache] Auth cache not set in the context
2021-06-06T09:17:09.591-0500 [DEBUG] [org.apache.http.impl.execchain.MainClientExec] Executing request GET /dl/android/maven2/com/android/tools/sdklib/27.2.1/sdklib-27.2.1.pom HTTP/1.1
2021-06-06T09:17:09.592-0500 [DEBUG] [org.apache.http.impl.execchain.MainClientExec] Target auth state: UNCHALLENGED
2021-06-06T09:17:09.592-0500 [DEBUG] [org.apache.http.impl.execchain.MainClientExec] Proxy auth state: UNCHALLENGED
2021-06-06T09:17:09.590-0500 [DEBUG] [org.apache.http.client.protocol.RequestAddCookies] CookieSpec selected: default
2021-06-06T09:17:09.589-0500 [DEBUG] [org.apache.http.impl.execchain.MainClientExec] Proxy auth state: UNCHALLENGED
2021-06-06T09:17:09.592-0500 [DEBUG] [org.apache.http.client.protocol.RequestAuthCache] Auth cache not set in the context
2021-06-06T09:17:09.592-0500 [DEBUG] [org.apache.http.impl.conn.PoolingHttpClientConnectionManager] Connection request: [route: {s}->https://dl.google.com:443][total kept alive: 3; route allocated: 8 of 20; total allocated: 8 of 20]
2021-06-06T09:17:09.592-0500 [DEBUG] [org.apache.http.impl.conn.DefaultManagedHttpClientConnection] http-outgoing-5: set socket timeout to 30000
2021-06-06T09:17:09.592-0500 [DEBUG] [org.apache.http.impl.conn.PoolingHttpClientConnectionManager] Connection request: [route: {s}->https://dl.google.com:443][total kept alive: 3; route allocated: 8 of 20; total allocated: 8 of 20]
2021-06-06T09:17:09.593-0500 [DEBUG] [org.apache.http.impl.conn.DefaultManagedHttpClientConnection] http-outgoing-5: set socket timeout to 30000
2021-06-06T09:17:09.593-0500 [DEBUG] [org.apache.http.impl.conn.PoolingHttpClientConnectionManager] Connection leased: [id: 0][route: {s}->https://dl.google.com:443][total kept alive: 2; route allocated: 8 of 20; total allocated: 8 of 20]
2021-06-06T09:17:09.593-0500 [DEBUG] [org.apache.http.impl.conn.PoolingHttpClientConnectionManager] Connection request: [route: {s}->https://dl.google.com:443][total kept alive: 3; route allocated: 8 of 20; total allocated: 8 of 20]
2021-06-06T09:17:09.593-0500 [DEBUG] [org.apache.http.impl.conn.DefaultManagedHttpClientConnection] http-outgoing-0: set socket timeout to 30000
2021-06-06T09:17:09.593-0500 [DEBUG] [org.apache.http.impl.execchain.MainClientExec] Executing request GET /dl/android/maven2/com/android/signflinger/4.2.1/signflinger-4.2.1.pom HTTP/1.1
2021-06-06T09:17:09.593-0500 [DEBUG] [org.apache.http.impl.conn.PoolingHttpClientConnectionManager] Connection leased: [id: 1][route: {s}->https://dl.google.com:443][total kept alive: 1; route allocated: 8 of 20; total allocated: 8 of 20]
2021-06-06T09:17:09.594-0500 [DEBUG] [org.apache.http.impl.execchain.MainClientExec] Target auth state: UNCHALLENGED
2021-06-06T09:17:09.594-0500 [DEBUG] [org.apache.http.impl.execchain.MainClientExec] Proxy auth state: UNCHALLENGED
2021-06-06T09:17:09.594-0500 [DEBUG] [org.apache.http.impl.conn.DefaultManagedHttpClientConnection] http-outgoing-0: set socket timeout to 30000
2021-06-06T09:17:09.593-0500 [DEBUG] [org.apache.http.impl.conn.PoolingHttpClientConnectionManager] Connection leased: [id: 7][route: {s}->https://dl.google.com:443][total kept alive: 0; route allocated: 8 of 20; total allocated: 8 of 20]
2021-06-06T09:17:09.594-0500 [DEBUG] [org.apache.http.impl.execchain.MainClientExec] Executing request GET /dl/android/maven2/com/android/tools/sdk-common/27.2.1/sdk-common-27.2.1.pom HTTP/1.1
2021-06-06T09:17:09.594-0500 [DEBUG] [org.apache.http.impl.execchain.MainClientExec] Target auth state: UNCHALLENGED
2021-06-06T09:17:09.594-0500 [DEBUG] [org.apache.http.impl.execchain.MainClientExec] Proxy auth state: UNCHALLENGED
2021-06-06T09:17:09.594-0500 [DEBUG] [org.apache.http.impl.conn.DefaultManagedHttpClientConnection] http-outgoing-1: set socket timeout to 30000
2021-06-06T09:17:09.594-0500 [DEBUG] [org.apache.http.impl.conn.DefaultManagedHttpClientConnection] http-outgoing-7: set socket timeout to 30000
2021-06-06T09:17:09.595-0500 [DEBUG] [org.apache.http.impl.conn.DefaultManagedHttpClientConnection] http-outgoing-1: set socket timeout to 30000
2021-06-06T09:17:09.595-0500 [DEBUG] [org.apache.http.impl.conn.DefaultManagedHttpClientConnection] http-outgoing-7: set socket timeout to 30000
2021-06-06T09:17:09.595-0500 [DEBUG] [org.apache.http.impl.execchain.MainClientExec] Executing request GET /dl/android/maven2/com/android/tools/build/builder-test-api/4.2.1/builder-test-api-4.2.1.pom HTTP/1.1
2021-06-06T09:17:09.595-0500 [DEBUG] [org.apache.http.impl.execchain.MainClientExec] Target auth state: UNCHALLENGED
2021-06-06T09:17:09.595-0500 [DEBUG] [org.apache.http.impl.execchain.MainClientExec] Proxy auth state: UNCHALLENGED
2021-06-06T09:17:09.595-0500 [DEBUG] [org.apache.http.impl.execchain.MainClientExec] Executing request GET /dl/android/maven2/com/android/zipflinger/4.2.1/zipflinger-4.2.1.pom HTTP/1.1
2021-06-06T09:17:09.595-0500 [DEBUG] [org.apache.http.impl.execchain.MainClientExec] Target auth state: UNCHALLENGED
2021-06-06T09:17:09.596-0500 [DEBUG] [org.apache.http.impl.execchain.MainClientExec] Proxy auth state: UNCHALLENGED
2021-06-06T09:17:09.629-0500 [DEBUG] [org.apache.http.impl.execchain.MainClientExec] Connection can be kept alive indefinitely
2021-06-06T09:17:09.629-0500 [DEBUG] [org.gradle.internal.resource.transport.http.HttpResponseResource] Attempting to download resource https://dl.google.com/dl/android/maven2/com/android/tools/build/manifest-merger/27.2.1/manifest-merger-27.2.1.pom.
2021-06-06T09:17:09.630-0500 [INFO] [org.gradle.internal.resource.transfer.DefaultCacheAwareExternalResourceAccessor] Downloading https://dl.google.com/dl/android/maven2/com/android/tools/build/manifest-merger/27.2.1/manifest-merger-27.2.1.pom to C:\Users\gathi\AppData\Local\Temp\gradle_download6066962133313108093bin
2021-06-06T09:17:09.631-0500 [DEBUG] [org.apache.http.impl.conn.PoolingHttpClientConnectionManager] Connection [id: 8][route: {s}->https://dl.google.com:443] can be kept alive indefinitely
2021-06-06T09:17:09.631-0500 [DEBUG] [org.apache.http.impl.conn.DefaultManagedHttpClientConnection] http-outgoing-8: set socket timeout to 0
2021-06-06T09:17:09.631-0500 [DEBUG] [org.apache.http.impl.conn.PoolingHttpClientConnectionManager] Connection released: [id: 8][route: {s}->https://dl.google.com:443][total kept alive: 1; route allocated: 8 of 20; total allocated: 8 of 20]
2021-06-06T09:17:09.632-0500 [DEBUG] [org.gradle.internal.operations.DefaultBuildOperationRunner] Build operation 'Download https://dl.google.com/dl/android/maven2/com/android/tools/build/manifest-merger/27.2.1/manifest-merger-27.2.1.pom' completed
2021-06-06T09:17:09.632-0500 [DEBUG] [org.apache.http.impl.execchain.MainClientExec] Connection can be kept alive indefinitely
2021-06-06T09:17:09.632-0500 [DEBUG] [org.apache.http.impl.execchain.MainClientExec] Connection can be kept alive indefinitely
2021-06-06T09:17:09.632-0500 [DEBUG] [org.apache.http.impl.execchain.MainClientExec] Connection can be kept alive indefinitely
2021-06-06T09:17:09.633-0500 [DEBUG] [org.gradle.internal.resource.transport.http.HttpResponseResource] Attempting to download resource https://dl.google.com/dl/android/maven2/com/android/tools/sdklib/27.2.1/sdklib-27.2.1.pom.
2021-06-06T09:17:09.633-0500 [DEBUG] [org.gradle.internal.resource.transport.http.HttpResponseResource] Attempting to download resource https://dl.google.com/dl/android/maven2/com/android/tools/build/builder-model/4.2.1/builder-model-4.2.1.pom.
2021-06-06T09:17:09.633-0500 [DEBUG] [org.gradle.internal.resource.transport.http.HttpResponseResource] Attempting to download resource https://dl.google.com/dl/android/maven2/com/android/tools/common/27.2.1/common-27.2.1.pom.
2021-06-06T09:17:09.635-0500 [INFO] [org.gradle.internal.resource.transfer.DefaultCacheAwareExternalResourceAccessor] Downloading https://dl.google.com/dl/android/maven2/com/android/tools/sdklib/27.2.1/sdklib-27.2.1.pom to C:\Users\gathi\AppData\Local\Temp\gradle_download14352859358385491717bin
2021-06-06T09:17:09.635-0500 [INFO] [org.gradle.internal.resource.transfer.DefaultCacheAwareExternalResourceAccessor] Downloading https://dl.google.com/dl/android/maven2/com/android/tools/build/builder-model/4.2.1/builder-model-4.2.1.pom to C:\Users\gathi\AppData\Local\Temp\gradle_download1358055575490801543bin
2021-06-06T09:17:09.635-0500 [DEBUG] [org.apache.http.impl.execchain.MainClientExec] Connection can be kept alive indefinitely
2021-06-06T09:17:09.636-0500 [DEBUG] [org.apache.http.impl.execchain.MainClientExec] Connection can be kept alive indefinitely
2021-06-06T09:17:09.636-0500 [DEBUG] [org.gradle.internal.resource.transport.http.HttpResponseResource] Attempting to download resource https://dl.google.com/dl/android/maven2/com/android/signflinger/4.2.1/signflinger-4.2.1.pom.
2021-06-06T09:17:09.636-0500 [DEBUG] [org.gradle.internal.resource.transport.http.HttpResponseResource] Attempting to download resource https://dl.google.com/dl/android/maven2/com/android/tools/build/builder-test-api/4.2.1/builder-test-api-4.2.1.pom.
2021-06-06T09:17:09.637-0500 [DEBUG] [org.apache.http.impl.execchain.MainClientExec] Connection can be kept alive indefinitely
2021-06-06T09:17:09.637-0500 [DEBUG] [org.apache.http.impl.execchain.MainClientExec] Connection can be kept alive indefinitely
2021-06-06T09:17:09.637-0500 [DEBUG] [org.gradle.internal.resource.transport.http.HttpResponseResource] Attempting to download resource https://dl.google.com/dl/android/maven2/com/android/tools/sdk-common/27.2.1/sdk-common-27.2.1.pom.
2021-06-06T09:17:09.637-0500 [DEBUG] [org.gradle.internal.resource.transport.http.HttpResponseResource] Attempting to download resource https://dl.google.com/dl/android/maven2/com/android/zipflinger/4.2.1/zipflinger-4.2.1.pom.
2021-06-06T09:17:09.638-0500 [INFO] [org.gradle.internal.resource.transfer.DefaultCacheAwareExternalResourceAccessor] Downloading https://dl.google.com/dl/android/maven2/com/android/tools/common/27.2.1/common-27.2.1.pom to C:\Users\gathi\AppData\Local\Temp\gradle_download3772015332334813979bin
2021-06-06T09:17:09.639-0500 [DEBUG] [org.apache.http.impl.conn.PoolingHttpClientConnectionManager] Connection [id: 4][route: {s}->https://dl.google.com:443] can be kept alive indefinitely
2021-06-06T09:17:09.639-0500 [DEBUG] [org.apache.http.impl.conn.DefaultManagedHttpClientConnection] http-outgoing-4: set socket timeout to 0
2021-06-06T09:17:09.639-0500 [DEBUG] [org.apache.http.impl.conn.PoolingHttpClientConnectionManager] Connection released: [id: 4][route: {s}->https://dl.google.com:443][total kept alive: 2; route allocated: 8 of 20; total allocated: 8 of 20]
2021-06-06T09:17:09.639-0500 [DEBUG] [org.apache.http.impl.conn.PoolingHttpClientConnectionManager] Connection [id: 6][route: {s}->https://dl.google.com:443] can be kept alive indefinitely
2021-06-06T09:17:09.639-0500 [DEBUG] [org.apache.http.impl.conn.DefaultManagedHttpClientConnection] http-outgoing-6: set socket timeout to 0
2021-06-06T09:17:09.639-0500 [DEBUG] [org.apache.http.impl.conn.PoolingHttpClientConnectionManager] Connection released: [id: 6][route: {s}->https://dl.google.com:443][total kept alive: 3; route allocated: 8 of 20; total allocated: 8 of 20]
2021-06-06T09:17:09.640-0500 [DEBUG] [org.gradle.internal.operations.DefaultBuildOperationRunner] Build operation 'Download https://dl.google.com/dl/android/maven2/com/android/tools/sdklib/27.2.1/sdklib-27.2.1.pom' completed
2021-06-06T09:17:09.640-0500 [DEBUG] [org.gradle.internal.operations.DefaultBuildOperationRunner] Build operation 'Download https://dl.google.com/dl/android/maven2/com/android/tools/build/builder-model/4.2.1/builder-model-4.2.1.pom' completed
2021-06-06T09:17:09.640-0500 [INFO] [org.gradle.internal.resource.transfer.DefaultCacheAwareExternalResourceAccessor] Downloading https://dl.google.com/dl/android/maven2/com/android/signflinger/4.2.1/signflinger-4.2.1.pom to C:\Users\gathi\AppData\Local\Temp\gradle_download14637702369186983777bin
2021-06-06T09:17:09.641-0500 [INFO] [org.gradle.internal.resource.transfer.DefaultCacheAwareExternalResourceAccessor] Downloading https://dl.google.com/dl/android/maven2/com/android/zipflinger/4.2.1/zipflinger-4.2.1.pom to C:\Users\gathi\AppData\Local\Temp\gradle_download6904733923929933703bin
2021-06-06T09:17:09.641-0500 [INFO] [org.gradle.internal.resource.transfer.DefaultCacheAwareExternalResourceAccessor] Downloading https://dl.google.com/dl/android/maven2/com/android/tools/sdk-common/27.2.1/sdk-common-27.2.1.pom to C:\Users\gathi\AppData\Local\Temp\gradle_download4243687665589333773bin
2021-06-06T09:17:09.641-0500 [INFO] [org.gradle.internal.resource.transfer.DefaultCacheAwareExternalResourceAccessor] Downloading https://dl.google.com/dl/android/maven2/com/android/tools/build/builder-test-api/4.2.1/builder-test-api-4.2.1.pom to C:\Users\gathi\AppData\Local\Temp\gradle_download5820003381172721187bin
2021-06-06T09:17:09.642-0500 [DEBUG] [org.apache.http.impl.conn.PoolingHttpClientConnectionManager] Connection [id: 3][route: {s}->https://dl.google.com:443] can be kept alive indefinitely
2021-06-06T09:17:09.642-0500 [DEBUG] [org.apache.http.impl.conn.DefaultManagedHttpClientConnection] http-outgoing-3: set socket timeout to 0
2021-06-06T09:17:09.642-0500 [DEBUG] [org.apache.http.impl.conn.PoolingHttpClientConnectionManager] Connection released: [id: 3][route: {s}->https://dl.google.com:443][total kept alive: 4; route allocated: 8 of 20; total allocated: 8 of 20]
2021-06-06T09:17:09.642-0500 [DEBUG] [org.apache.http.impl.conn.PoolingHttpClientConnectionManager] Connection [id: 5][route: {s}->https://dl.google.com:443] can be kept alive indefinitely
2021-06-06T09:17:09.642-0500 [DEBUG] [org.apache.http.impl.conn.DefaultManagedHttpClientConnection] http-outgoing-5: set socket timeout to 0
2021-06-06T09:17:09.642-0500 [DEBUG] [org.apache.http.impl.conn.PoolingHttpClientConnectionManager] Connection released: [id: 5][route: {s}->https://dl.google.com:443][total kept alive: 5; route allocated: 8 of 20; total allocated: 8 of 20]
2021-06-06T09:17:09.643-0500 [DEBUG] [org.gradle.internal.operations.DefaultBuildOperationRunner] Build operation 'Download https://dl.google.com/dl/android/maven2/com/android/tools/common/27.2.1/common-27.2.1.pom' completed
2021-06-06T09:17:09.643-0500 [DEBUG] [org.gradle.internal.operations.DefaultBuildOperationRunner] Build operation 'Download https://dl.google.com/dl/android/maven2/com/android/signflinger/4.2.1/signflinger-4.2.1.pom' completed
2021-06-06T09:17:09.643-0500 [DEBUG] [org.apache.http.impl.conn.PoolingHttpClientConnectionManager] Connection [id: 7][route: {s}->https://dl.google.com:443] can be kept alive indefinitely
2021-06-06T09:17:09.643-0500 [DEBUG] [org.apache.http.impl.conn.DefaultManagedHttpClientConnection] http-outgoing-7: set socket timeout to 0
2021-06-06T09:17:09.643-0500 [DEBUG] [org.apache.http.impl.conn.PoolingHttpClientConnectionManager] Connection released: [id: 7][route: {s}->https://dl.google.com:443][total kept alive: 6; route allocated: 8 of 20; total allocated: 8 of 20]
2021-06-06T09:17:09.644-0500 [DEBUG] [org.gradle.internal.operations.DefaultBuildOperationRunner] Build operation 'Download https://dl.google.com/dl/android/maven2/com/android/zipflinger/4.2.1/zipflinger-4.2.1.pom' completed
2021-06-06T09:17:09.644-0500 [DEBUG] [org.apache.http.impl.conn.PoolingHttpClientConnectionManager] Connection [id: 1][route: {s}->https://dl.google.com:443] can be kept alive indefinitely
2021-06-06T09:17:09.644-0500 [DEBUG] [org.apache.http.impl.conn.DefaultManagedHttpClientConnection] http-outgoing-1: set socket timeout to 0
2021-06-06T09:17:09.644-0500 [DEBUG] [org.apache.http.impl.conn.PoolingHttpClientConnectionManager] Connection released: [id: 1][route: {s}->https://dl.google.com:443][total kept alive: 7; route allocated: 8 of 20; total allocated: 8 of 20]
2021-06-06T09:17:09.645-0500 [DEBUG] [org.gradle.internal.operations.DefaultBuildOperationRunner] Build operation 'Download https://dl.google.com/dl/android/maven2/com/android/tools/build/builder-test-api/4.2.1/builder-test-api-4.2.1.pom' completed
2021-06-06T09:17:09.645-0500 [DEBUG] [org.apache.http.impl.conn.PoolingHttpClientConnectionManager] Connection [id: 0][route: {s}->https://dl.google.com:443] can be kept alive indefinitely
2021-06-06T09:17:09.645-0500 [DEBUG] [org.apache.http.impl.conn.DefaultManagedHttpClientConnection] http-outgoing-0: set socket timeout to 0
2021-06-06T09:17:09.645-0500 [DEBUG] [org.apache.http.impl.conn.PoolingHttpClientConnectionManager] Connection released: [id: 0][route: {s}->https://dl.google.com:443][total kept alive: 8; route allocated: 8 of 20; total allocated: 8 of 20]
2021-06-06T09:17:09.646-0500 [DEBUG] [org.gradle.internal.operations.DefaultBuildOperationRunner] Build operation 'Download https://dl.google.com/dl/android/maven2/com/android/tools/sdk-common/27.2.1/sdk-common-27.2.1.pom' completed
2021-06-06T09:17:09.649-0500 [DEBUG] [org.gradle.api.internal.artifacts.repositories.resolver.ExternalResourceResolver] Metadata file found for module 'com.android.tools.build:manifest-merger:27.2.1' in repository 'Google'.
2021-06-06T09:17:09.649-0500 [DEBUG] [org.gradle.api.internal.artifacts.repositories.resolver.DefaultExternalResourceArtifactResolver] Loading https://dl.google.com/dl/android/maven2/com/android/tools/build/manifest-merger/27.2.1/manifest-merger-27.2.1.module
2021-06-06T09:17:09.649-0500 [DEBUG] [org.gradle.internal.resource.transfer.DefaultCacheAwareExternalResourceAccessor] Constructing external resource: https://dl.google.com/dl/android/maven2/com/android/tools/build/manifest-merger/27.2.1/manifest-merger-27.2.1.module
2021-06-06T09:17:09.657-0500 [DEBUG] [org.gradle.api.internal.artifacts.repositories.resolver.ExternalResourceResolver] Metadata file found for module 'com.android.tools:sdklib:27.2.1' in repository 'Google'.
2021-06-06T09:17:09.658-0500 [DEBUG] [org.gradle.api.internal.artifacts.repositories.resolver.DefaultExternalResourceArtifactResolver] Loading https://dl.google.com/dl/android/maven2/com/android/tools/sdklib/27.2.1/sdklib-27.2.1.module
2021-06-06T09:17:09.658-0500 [DEBUG] [org.gradle.internal.resource.transfer.DefaultCacheAwareExternalResourceAccessor] Constructing external resource: https://dl.google.com/dl/android/maven2/com/android/tools/sdklib/27.2.1/sdklib-27.2.1.module
2021-06-06T09:17:09.664-0500 [DEBUG] [org.gradle.api.internal.artifacts.repositories.resolver.ExternalResourceResolver] Metadata file found for module 'com.android.tools.build:builder-model:4.2.1' in repository 'Google'.
2021-06-06T09:17:09.664-0500 [DEBUG] [org.gradle.api.internal.artifacts.repositories.resolver.DefaultExternalResourceArtifactResolver] Loading https://dl.google.com/dl/android/maven2/com/android/tools/build/builder-model/4.2.1/builder-model-4.2.1.module
2021-06-06T09:17:09.664-0500 [DEBUG] [org.gradle.internal.resource.transfer.DefaultCacheAwareExternalResourceAccessor] Constructing external resource: https://dl.google.com/dl/android/maven2/com/android/tools/build/builder-model/4.2.1/builder-model-4.2.1.module
2021-06-06T09:17:09.669-0500 [DEBUG] [org.gradle.api.internal.artifacts.repositories.resolver.ExternalResourceResolver] Metadata file found for module 'com.android.tools:common:27.2.1' in repository 'Google'.
2021-06-06T09:17:09.669-0500 [DEBUG] [org.gradle.api.internal.artifacts.repositories.resolver.DefaultExternalResourceArtifactResolver] Loading https://dl.google.com/dl/android/maven2/com/android/tools/common/27.2.1/common-27.2.1.module
2021-06-06T09:17:09.669-0500 [DEBUG] [org.gradle.internal.resource.transfer.DefaultCacheAwareExternalResourceAccessor] Constructing external resource: https://dl.google.com/dl/android/maven2/com/android/tools/common/27.2.1/common-27.2.1.module
2021-06-06T09:17:09.676-0500 [DEBUG] [org.gradle.api.internal.artifacts.repositories.resolver.ExternalResourceResolver] Metadata file found for module 'com.android:signflinger:4.2.1' in repository 'Google'.
2021-06-06T09:17:09.677-0500 [DEBUG] [org.gradle.api.internal.artifacts.repositories.resolver.DefaultExternalResourceArtifactResolver] Loading https://dl.google.com/dl/android/maven2/com/android/signflinger/4.2.1/signflinger-4.2.1.module
2021-06-06T09:17:09.677-0500 [DEBUG] [org.gradle.internal.resource.transfer.DefaultCacheAwareExternalResourceAccessor] Constructing external resource: https://dl.google.com/dl/android/maven2/com/android/signflinger/4.2.1/signflinger-4.2.1.module
2021-06-06T09:17:09.683-0500 [DEBUG] [org.gradle.api.internal.artifacts.repositories.resolver.ExternalResourceResolver] Metadata file found for module 'com.android:zipflinger:4.2.1' in repository 'Google'.
2021-06-06T09:17:09.683-0500 [DEBUG] [org.gradle.api.internal.artifacts.repositories.resolver.DefaultExternalResourceArtifactResolver] Loading https://dl.google.com/dl/android/maven2/com/android/zipflinger/4.2.1/zipflinger-4.2.1.module
2021-06-06T09:17:09.684-0500 [DEBUG] [org.gradle.internal.resource.transfer.DefaultCacheAwareExternalResourceAccessor] Constructing external resource: https://dl.google.com/dl/android/maven2/com/android/zipflinger/4.2.1/zipflinger-4.2.1.module
2021-06-06T09:17:09.690-0500 [DEBUG] [org.gradle.api.internal.artifacts.repositories.resolver.ExternalResourceResolver] Metadata file found for module 'com.android.tools.build:builder-test-api:4.2.1' in repository 'Google'.
2021-06-06T09:17:09.690-0500 [DEBUG] [org.gradle.api.internal.artifacts.repositories.resolver.DefaultExternalResourceArtifactResolver] Loading https://dl.google.com/dl/android/maven2/com/android/tools/build/builder-test-api/4.2.1/builder-test-api-4.2.1.module
2021-06-06T09:17:09.691-0500 [DEBUG] [org.gradle.internal.resource.transfer.DefaultCacheAwareExternalResourceAccessor] Constructing external resource: https://dl.google.com/dl/android/maven2/com/android/tools/build/builder-test-api/4.2.1/builder-test-api-4.2.1.module
2021-06-06T09:17:09.694-0500 [DEBUG] [org.gradle.internal.resource.transport.http.HttpResourceAccessor] Constructing external resource: https://dl.google.com/dl/android/maven2/com/android/signflinger/4.2.1/signflinger-4.2.1.module
2021-06-06T09:17:09.694-0500 [DEBUG] [org.gradle.internal.resource.transport.http.HttpResourceAccessor] Constructing external resource: https://dl.google.com/dl/android/maven2/com/android/tools/build/manifest-merger/27.2.1/manifest-merger-27.2.1.module
2021-06-06T09:17:09.694-0500 [DEBUG] [org.gradle.internal.resource.transport.http.HttpClientHelper] Performing HTTP GET: https://dl.google.com/dl/android/maven2/com/android/tools/build/manifest-merger/27.2.1/manifest-merger-27.2.1.module
2021-06-06T09:17:09.694-0500 [DEBUG] [org.gradle.internal.resource.transport.http.HttpClientHelper] Performing HTTP GET: https://dl.google.com/dl/android/maven2/com/android/signflinger/4.2.1/signflinger-4.2.1.module
2021-06-06T09:17:09.695-0500 [DEBUG] [org.gradle.internal.resource.transport.http.HttpResourceAccessor] Constructing external resource: https://dl.google.com/dl/android/maven2/com/android/tools/common/27.2.1/common-27.2.1.module
2021-06-06T09:17:09.695-0500 [DEBUG] [org.apache.http.client.protocol.RequestAddCookies] CookieSpec selected: default
2021-06-06T09:17:09.695-0500 [DEBUG] [org.apache.http.client.protocol.RequestAddCookies] CookieSpec selected: default
2021-06-06T09:17:09.695-0500 [DEBUG] [org.apache.http.client.protocol.RequestAuthCache] Auth cache not set in the context
2021-06-06T09:17:09.695-0500 [DEBUG] [org.gradle.internal.resource.transport.http.HttpClientHelper] Performing HTTP GET: https://dl.google.com/dl/android/maven2/com/android/tools/common/27.2.1/common-27.2.1.module
2021-06-06T09:17:09.695-0500 [DEBUG] [org.gradle.internal.resource.transport.http.HttpResourceAccessor] Constructing external resource: https://dl.google.com/dl/android/maven2/com/android/zipflinger/4.2.1/zipflinger-4.2.1.module
2021-06-06T09:17:09.696-0500 [DEBUG] [org.apache.http.client.protocol.RequestAddCookies] CookieSpec selected: default
2021-06-06T09:17:09.695-0500 [DEBUG] [org.apache.http.impl.conn.PoolingHttpClientConnectionManager] Connection request: [route: {s}->https://dl.google.com:443][total kept alive: 8; route allocated: 8 of 20; total allocated: 8 of 20]
2021-06-06T09:17:09.695-0500 [DEBUG] [org.apache.http.client.protocol.RequestAuthCache] Auth cache not set in the context
2021-06-06T09:17:09.696-0500 [DEBUG] [org.apache.http.impl.conn.PoolingHttpClientConnectionManager] Connection leased: [id: 0][route: {s}->https://dl.google.com:443][total kept alive: 7; route allocated: 8 of 20; total allocated: 8 of 20]
2021-06-06T09:17:09.696-0500 [DEBUG] [org.apache.http.client.protocol.RequestAuthCache] Auth cache not set in the context
2021-06-06T09:17:09.696-0500 [DEBUG] [org.gradle.internal.resource.transport.http.HttpClientHelper] Performing HTTP GET: https://dl.google.com/dl/android/maven2/com/android/zipflinger/4.2.1/zipflinger-4.2.1.module
2021-06-06T09:17:09.696-0500 [DEBUG] [org.apache.http.impl.conn.PoolingHttpClientConnectionManager] Connection request: [route: {s}->https://dl.google.com:443][total kept alive: 7; route allocated: 8 of 20; total allocated: 8 of 20]
2021-06-06T09:17:09.696-0500 [DEBUG] [org.apache.http.impl.conn.DefaultManagedHttpClientConnection] http-outgoing-0: set socket timeout to 30000
2021-06-06T09:17:09.696-0500 [DEBUG] [org.apache.http.impl.conn.PoolingHttpClientConnectionManager] Connection request: [route: {s}->https://dl.google.com:443][total kept alive: 7; route allocated: 8 of 20; total allocated: 8 of 20]
2021-06-06T09:17:09.697-0500 [DEBUG] [org.apache.http.impl.conn.DefaultManagedHttpClientConnection] http-outgoing-0: set socket timeout to 30000
2021-06-06T09:17:09.696-0500 [DEBUG] [org.apache.http.impl.conn.PoolingHttpClientConnectionManager] Connection leased: [id: 1][route: {s}->https://dl.google.com:443][total kept alive: 6; route allocated: 8 of 20; total allocated: 8 of 20]
2021-06-06T09:17:09.696-0500 [DEBUG] [org.apache.http.client.protocol.RequestAddCookies] CookieSpec selected: default
2021-06-06T09:17:09.696-0500 [DEBUG] [org.gradle.internal.resource.transport.http.HttpResourceAccessor] Constructing external resource: https://dl.google.com/dl/android/maven2/com/android/tools/sdklib/27.2.1/sdklib-27.2.1.module
2021-06-06T09:17:09.697-0500 [DEBUG] [org.apache.http.client.protocol.RequestAuthCache] Auth cache not set in the context
2021-06-06T09:17:09.697-0500 [DEBUG] [org.apache.http.impl.conn.DefaultManagedHttpClientConnection] http-outgoing-1: set socket timeout to 30000
2021-06-06T09:17:09.697-0500 [DEBUG] [org.gradle.internal.resource.transport.http.HttpResourceAccessor] Constructing external resource: https://dl.google.com/dl/android/maven2/com/android/tools/build/builder-model/4.2.1/builder-model-4.2.1.module
2021-06-06T09:17:09.697-0500 [DEBUG] [org.apache.http.impl.execchain.MainClientExec] Executing request GET /dl/android/maven2/com/android/tools/build/manifest-merger/27.2.1/manifest-merger-27.2.1.module HTTP/1.1
2021-06-06T09:17:09.698-0500 [DEBUG] [org.gradle.internal.resource.transport.http.HttpClientHelper] Performing HTTP GET: https://dl.google.com/dl/android/maven2/com/android/tools/build/builder-model/4.2.1/builder-model-4.2.1.module
2021-06-06T09:17:09.697-0500 [DEBUG] [org.apache.http.impl.conn.PoolingHttpClientConnectionManager] Connection leased: [id: 7][route: {s}->https://dl.google.com:443][total kept alive: 5; route allocated: 8 of 20; total allocated: 8 of 20]
2021-06-06T09:17:09.698-0500 [DEBUG] [org.apache.http.impl.execchain.MainClientExec] Target auth state: UNCHALLENGED
2021-06-06T09:17:09.698-0500 [DEBUG] [org.apache.http.impl.conn.DefaultManagedHttpClientConnection] http-outgoing-1: set socket timeout to 30000
2021-06-06T09:17:09.698-0500 [DEBUG] [org.apache.http.impl.conn.PoolingHttpClientConnectionManager] Connection request: [route: {s}->https://dl.google.com:443][total kept alive: 5; route allocated: 8 of 20; total allocated: 8 of 20]
2021-06-06T09:17:09.699-0500 [DEBUG] [org.gradle.internal.resource.transport.http.HttpResourceAccessor] Constructing external resource: https://dl.google.com/dl/android/maven2/com/android/tools/build/builder-test-api/4.2.1/builder-test-api-4.2.1.module
2021-06-06T09:17:09.697-0500 [DEBUG] [org.gradle.internal.resource.transport.http.HttpClientHelper] Performing HTTP GET: https://dl.google.com/dl/android/maven2/com/android/tools/sdklib/27.2.1/sdklib-27.2.1.module
2021-06-06T09:17:09.699-0500 [DEBUG] [org.gradle.internal.resource.transport.http.HttpClientHelper] Performing HTTP GET: https://dl.google.com/dl/android/maven2/com/android/tools/build/builder-test-api/4.2.1/builder-test-api-4.2.1.module
2021-06-06T09:17:09.699-0500 [DEBUG] [org.apache.http.impl.conn.PoolingHttpClientConnectionManager] Connection leased: [id: 5][route: {s}->https://dl.google.com:443][total kept alive: 4; route allocated: 8 of 20; total allocated: 8 of 20]
2021-06-06T09:17:09.698-0500 [DEBUG] [org.apache.http.impl.execchain.MainClientExec] Executing request GET /dl/android/maven2/com/android/tools/common/27.2.1/common-27.2.1.module HTTP/1.1
2021-06-06T09:17:09.698-0500 [DEBUG] [org.apache.http.client.protocol.RequestAddCookies] CookieSpec selected: default
2021-06-06T09:17:09.698-0500 [DEBUG] [org.apache.http.impl.execchain.MainClientExec] Proxy auth state: UNCHALLENGED
2021-06-06T09:17:09.698-0500 [DEBUG] [org.apache.http.impl.conn.DefaultManagedHttpClientConnection] http-outgoing-7: set socket timeout to 30000
2021-06-06T09:17:09.699-0500 [DEBUG] [org.apache.http.client.protocol.RequestAuthCache] Auth cache not set in the context
2021-06-06T09:17:09.699-0500 [DEBUG] [org.apache.http.impl.execchain.MainClientExec] Target auth state: UNCHALLENGED
2021-06-06T09:17:09.700-0500 [DEBUG] [org.apache.http.impl.execchain.MainClientExec] Proxy auth state: UNCHALLENGED
2021-06-06T09:17:09.699-0500 [DEBUG] [org.apache.http.client.protocol.RequestAddCookies] CookieSpec selected: default
2021-06-06T09:17:09.700-0500 [DEBUG] [org.apache.http.client.protocol.RequestAuthCache] Auth cache not set in the context
2021-06-06T09:17:09.699-0500 [DEBUG] [org.apache.http.client.protocol.RequestAddCookies] CookieSpec selected: default
2021-06-06T09:17:09.699-0500 [DEBUG] [org.apache.http.impl.conn.DefaultManagedHttpClientConnection] http-outgoing-5: set socket timeout to 30000
2021-06-06T09:17:09.700-0500 [DEBUG] [org.apache.http.client.protocol.RequestAuthCache] Auth cache not set in the context
2021-06-06T09:17:09.700-0500 [DEBUG] [org.apache.http.impl.conn.PoolingHttpClientConnectionManager] Connection request: [route: {s}->https://dl.google.com:443][total kept alive: 4; route allocated: 8 of 20; total allocated: 8 of 20]
2021-06-06T09:17:09.700-0500 [DEBUG] [org.apache.http.impl.conn.PoolingHttpClientConnectionManager] Connection request: [route: {s}->https://dl.google.com:443][total kept alive: 4; route allocated: 8 of 20; total allocated: 8 of 20]
2021-06-06T09:17:09.699-0500 [DEBUG] [org.apache.http.impl.conn.DefaultManagedHttpClientConnection] http-outgoing-7: set socket timeout to 30000
2021-06-06T09:17:09.701-0500 [DEBUG] [org.apache.http.impl.execchain.MainClientExec] Executing request GET /dl/android/maven2/com/android/signflinger/4.2.1/signflinger-4.2.1.module HTTP/1.1
2021-06-06T09:17:09.701-0500 [DEBUG] [org.apache.http.impl.execchain.MainClientExec] Target auth state: UNCHALLENGED
2021-06-06T09:17:09.701-0500 [DEBUG] [org.apache.http.impl.conn.PoolingHttpClientConnectionManager] Connection leased: [id: 6][route: {s}->https://dl.google.com:443][total kept alive: 2; route allocated: 8 of 20; total allocated: 8 of 20]
2021-06-06T09:17:09.701-0500 [DEBUG] [org.apache.http.impl.conn.PoolingHttpClientConnectionManager] Connection leased: [id: 3][route: {s}->https://dl.google.com:443][total kept alive: 3; route allocated: 8 of 20; total allocated: 8 of 20]
2021-06-06T09:17:09.700-0500 [DEBUG] [org.apache.http.impl.conn.PoolingHttpClientConnectionManager] Connection request: [route: {s}->https://dl.google.com:443][total kept alive: 4; route allocated: 8 of 20; total allocated: 8 of 20]
2021-06-06T09:17:09.700-0500 [DEBUG] [org.apache.http.impl.conn.DefaultManagedHttpClientConnection] http-outgoing-5: set socket timeout to 30000
2021-06-06T09:17:09.701-0500 [DEBUG] [org.apache.http.impl.conn.PoolingHttpClientConnectionManager] Connection leased: [id: 4][route: {s}->https://dl.google.com:443][total kept alive: 1; route allocated: 8 of 20; total allocated: 8 of 20]
2021-06-06T09:17:09.702-0500 [DEBUG] [org.apache.http.impl.conn.DefaultManagedHttpClientConnection] http-outgoing-4: set socket timeout to 30000
2021-06-06T09:17:09.701-0500 [DEBUG] [org.apache.http.impl.conn.DefaultManagedHttpClientConnection] http-outgoing-3: set socket timeout to 30000
2021-06-06T09:17:09.701-0500 [DEBUG] [org.apache.http.impl.conn.DefaultManagedHttpClientConnection] http-outgoing-6: set socket timeout to 30000
2021-06-06T09:17:09.701-0500 [DEBUG] [org.apache.http.impl.execchain.MainClientExec] Proxy auth state: UNCHALLENGED
2021-06-06T09:17:09.702-0500 [DEBUG] [org.apache.http.impl.conn.DefaultManagedHttpClientConnection] http-outgoing-6: set socket timeout to 30000
2021-06-06T09:17:09.702-0500 [DEBUG] [org.gradle.api.internal.artifacts.repositories.resolver.ExternalResourceResolver] Metadata file found for module 'com.android.tools:sdk-common:27.2.1' in repository 'Google'.
2021-06-06T09:17:09.702-0500 [DEBUG] [org.apache.http.impl.conn.DefaultManagedHttpClientConnection] http-outgoing-3: set socket timeout to 30000
2021-06-06T09:17:09.703-0500 [DEBUG] [org.gradle.api.internal.artifacts.repositories.resolver.DefaultExternalResourceArtifactResolver] Loading https://dl.google.com/dl/android/maven2/com/android/tools/sdk-common/27.2.1/sdk-common-27.2.1.module
2021-06-06T09:17:09.702-0500 [DEBUG] [org.apache.http.impl.conn.DefaultManagedHttpClientConnection] http-outgoing-4: set socket timeout to 30000
2021-06-06T09:17:09.702-0500 [DEBUG] [org.apache.http.impl.execchain.MainClientExec] Executing request GET /dl/android/maven2/com/android/zipflinger/4.2.1/zipflinger-4.2.1.module HTTP/1.1
2021-06-06T09:17:09.703-0500 [DEBUG] [org.apache.http.impl.execchain.MainClientExec] Executing request GET /dl/android/maven2/com/android/tools/build/builder-test-api/4.2.1/builder-test-api-4.2.1.module HTTP/1.1
2021-06-06T09:17:09.703-0500 [DEBUG] [org.gradle.internal.resource.transfer.DefaultCacheAwareExternalResourceAccessor] Constructing external resource: https://dl.google.com/dl/android/maven2/com/android/tools/sdk-common/27.2.1/sdk-common-27.2.1.module
2021-06-06T09:17:09.703-0500 [DEBUG] [org.apache.http.impl.execchain.MainClientExec] Executing request GET /dl/android/maven2/com/android/tools/sdklib/27.2.1/sdklib-27.2.1.module HTTP/1.1
2021-06-06T09:17:09.702-0500 [DEBUG] [org.apache.http.impl.execchain.MainClientExec] Executing request GET /dl/android/maven2/com/android/tools/build/builder-model/4.2.1/builder-model-4.2.1.module HTTP/1.1
2021-06-06T09:17:09.703-0500 [DEBUG] [org.apache.http.impl.execchain.MainClientExec] Target auth state: UNCHALLENGED
2021-06-06T09:17:09.703-0500 [DEBUG] [org.apache.http.impl.execchain.MainClientExec] Target auth state: UNCHALLENGED
2021-06-06T09:17:09.704-0500 [DEBUG] [org.apache.http.impl.execchain.MainClientExec] Proxy auth state: UNCHALLENGED
2021-06-06T09:17:09.703-0500 [DEBUG] [org.apache.http.impl.execchain.MainClientExec] Target auth state: UNCHALLENGED
2021-06-06T09:17:09.704-0500 [DEBUG] [org.apache.http.impl.execchain.MainClientExec] Proxy auth state: UNCHALLENGED
2021-06-06T09:17:09.704-0500 [DEBUG] [org.apache.http.impl.execchain.MainClientExec] Target auth state: UNCHALLENGED
2021-06-06T09:17:09.705-0500 [DEBUG] [org.apache.http.impl.execchain.MainClientExec] Proxy auth state: UNCHALLENGED
2021-06-06T09:17:09.704-0500 [DEBUG] [org.apache.http.impl.execchain.MainClientExec] Proxy auth state: UNCHALLENGED
2021-06-06T09:17:09.706-0500 [DEBUG] [org.gradle.internal.resource.transport.http.HttpResourceAccessor] Constructing external resource: https://dl.google.com/dl/android/maven2/com/android/tools/sdk-common/27.2.1/sdk-common-27.2.1.module
2021-06-06T09:17:09.706-0500 [DEBUG] [org.gradle.internal.resource.transport.http.HttpClientHelper] Performing HTTP GET: https://dl.google.com/dl/android/maven2/com/android/tools/sdk-common/27.2.1/sdk-common-27.2.1.module
2021-06-06T09:17:09.706-0500 [DEBUG] [org.apache.http.client.protocol.RequestAddCookies] CookieSpec selected: default
2021-06-06T09:17:09.706-0500 [DEBUG] [org.apache.http.client.protocol.RequestAuthCache] Auth cache not set in the context
2021-06-06T09:17:09.706-0500 [DEBUG] [org.apache.http.impl.conn.PoolingHttpClientConnectionManager] Connection request: [route: {s}->https://dl.google.com:443][total kept alive: 1; route allocated: 8 of 20; total allocated: 8 of 20]
2021-06-06T09:17:09.707-0500 [DEBUG] [org.apache.http.impl.conn.PoolingHttpClientConnectionManager] Connection leased: [id: 8][route: {s}->https://dl.google.com:443][total kept alive: 0; route allocated: 8 of 20; total allocated: 8 of 20]
2021-06-06T09:17:09.707-0500 [DEBUG] [org.apache.http.impl.conn.DefaultManagedHttpClientConnection] http-outgoing-8: set socket timeout to 30000
2021-06-06T09:17:09.707-0500 [DEBUG] [org.apache.http.impl.conn.DefaultManagedHttpClientConnection] http-outgoing-8: set socket timeout to 30000
2021-06-06T09:17:09.707-0500 [DEBUG] [org.apache.http.impl.execchain.MainClientExec] Executing request GET /dl/android/maven2/com/android/tools/sdk-common/27.2.1/sdk-common-27.2.1.module HTTP/1.1
2021-06-06T09:17:09.707-0500 [DEBUG] [org.apache.http.impl.execchain.MainClientExec] Target auth state: UNCHALLENGED
2021-06-06T09:17:09.707-0500 [DEBUG] [org.apache.http.impl.execchain.MainClientExec] Proxy auth state: UNCHALLENGED
2021-06-06T09:17:09.738-0500 [DEBUG] [org.apache.http.impl.execchain.MainClientExec] Connection can be kept alive indefinitely
2021-06-06T09:17:09.738-0500 [DEBUG] [org.gradle.internal.resource.transport.http.HttpResponseResource] Attempting to download resource https://dl.google.com/dl/android/maven2/com/android/tools/common/27.2.1/common-27.2.1.module.
2021-06-06T09:17:09.740-0500 [INFO] [org.gradle.internal.resource.transfer.DefaultCacheAwareExternalResourceAccessor] Downloading https://dl.google.com/dl/android/maven2/com/android/tools/common/27.2.1/common-27.2.1.module to C:\Users\gathi\AppData\Local\Temp\gradle_download6466679979719575358bin
2021-06-06T09:17:09.742-0500 [DEBUG] [org.apache.http.impl.conn.PoolingHttpClientConnectionManager] Connection [id: 1][route: {s}->https://dl.google.com:443] can be kept alive indefinitely
2021-06-06T09:17:09.742-0500 [DEBUG] [org.apache.http.impl.conn.DefaultManagedHttpClientConnection] http-outgoing-1: set socket timeout to 0
2021-06-06T09:17:09.742-0500 [DEBUG] [org.apache.http.impl.conn.PoolingHttpClientConnectionManager] Connection released: [id: 1][route: {s}->https://dl.google.com:443][total kept alive: 1; route allocated: 8 of 20; total allocated: 8 of 20]
2021-06-06T09:17:09.742-0500 [DEBUG] [org.gradle.internal.operations.DefaultBuildOperationRunner] Build operation 'Download https://dl.google.com/dl/android/maven2/com/android/tools/common/27.2.1/common-27.2.1.module' completed
2021-06-06T09:17:09.743-0500 [DEBUG] [org.apache.http.impl.execchain.MainClientExec] Connection can be kept alive indefinitely
2021-06-06T09:17:09.744-0500 [DEBUG] [org.gradle.internal.resource.transport.http.HttpResponseResource] Attempting to download resource https://dl.google.com/dl/android/maven2/com/android/tools/build/manifest-merger/27.2.1/manifest-merger-27.2.1.module.
2021-06-06T09:17:09.746-0500 [DEBUG] [org.apache.http.impl.execchain.MainClientExec] Connection can be kept alive indefinitely
2021-06-06T09:17:09.746-0500 [INFO] [org.gradle.internal.resource.transfer.DefaultCacheAwareExternalResourceAccessor] Downloading https://dl.google.com/dl/android/maven2/com/android/tools/build/manifest-merger/27.2.1/manifest-merger-27.2.1.module to C:\Users\gathi\AppData\Local\Temp\gradle_download6875184745654490119bin
2021-06-06T09:17:09.746-0500 [DEBUG] [org.apache.http.impl.execchain.MainClientExec] Connection can be kept alive indefinitely
2021-06-06T09:17:09.746-0500 [DEBUG] [org.gradle.internal.resource.transport.http.HttpResponseResource] Attempting to download resource https://dl.google.com/dl/android/maven2/com/android/zipflinger/4.2.1/zipflinger-4.2.1.module.
2021-06-06T09:17:09.747-0500 [DEBUG] [org.gradle.internal.resource.transport.http.HttpResponseResource] Attempting to download resource https://dl.google.com/dl/android/maven2/com/android/tools/build/builder-test-api/4.2.1/builder-test-api-4.2.1.module.
2021-06-06T09:17:09.748-0500 [DEBUG] [org.apache.http.impl.execchain.MainClientExec] Connection can be kept alive indefinitely
2021-06-06T09:17:09.748-0500 [DEBUG] [org.apache.http.impl.execchain.MainClientExec] Connection can be kept alive indefinitely
2021-06-06T09:17:09.748-0500 [DEBUG] [org.gradle.internal.resource.transport.http.HttpResponseResource] Attempting to download resource https://dl.google.com/dl/android/maven2/com/android/tools/sdk-common/27.2.1/sdk-common-27.2.1.module.
2021-06-06T09:17:09.749-0500 [DEBUG] [org.gradle.internal.resource.transport.http.HttpResponseResource] Attempting to download resource https://dl.google.com/dl/android/maven2/com/android/tools/build/builder-model/4.2.1/builder-model-4.2.1.module.
2021-06-06T09:17:09.750-0500 [DEBUG] [org.apache.http.impl.conn.PoolingHttpClientConnectionManager] Connection [id: 0][route: {s}->https://dl.google.com:443] can be kept alive indefinitely
2021-06-06T09:17:09.750-0500 [DEBUG] [org.apache.http.impl.conn.DefaultManagedHttpClientConnection] http-outgoing-0: set socket timeout to 0
2021-06-06T09:17:09.750-0500 [INFO] [org.gradle.internal.resource.transfer.DefaultCacheAwareExternalResourceAccessor] Downloading https://dl.google.com/dl/android/maven2/com/android/zipflinger/4.2.1/zipflinger-4.2.1.module to C:\Users\gathi\AppData\Local\Temp\gradle_download4232615578359139565bin
2021-06-06T09:17:09.750-0500 [DEBUG] [org.apache.http.impl.execchain.MainClientExec] Connection can be kept alive indefinitely
2021-06-06T09:17:09.750-0500 [DEBUG] [org.gradle.internal.resource.transport.http.HttpResponseResource] Attempting to download resource https://dl.google.com/dl/android/maven2/com/android/signflinger/4.2.1/signflinger-4.2.1.module.
2021-06-06T09:17:09.750-0500 [DEBUG] [org.apache.http.impl.conn.PoolingHttpClientConnectionManager] Connection released: [id: 0][route: {s}->https://dl.google.com:443][total kept alive: 2; route allocated: 8 of 20; total allocated: 8 of 20]
2021-06-06T09:17:09.750-0500 [INFO] [org.gradle.internal.resource.transfer.DefaultCacheAwareExternalResourceAccessor] Downloading https://dl.google.com/dl/android/maven2/com/android/tools/build/builder-test-api/4.2.1/builder-test-api-4.2.1.module to C:\Users\gathi\AppData\Local\Temp\gradle_download3965914457707461490bin
2021-06-06T09:17:09.751-0500 [DEBUG] [org.gradle.internal.operations.DefaultBuildOperationRunner] Build operation 'Download https://dl.google.com/dl/android/maven2/com/android/tools/build/manifest-merger/27.2.1/manifest-merger-27.2.1.module' completed
2021-06-06T09:17:09.752-0500 [DEBUG] [org.apache.http.impl.conn.PoolingHttpClientConnectionManager] Connection [id: 5][route: {s}->https://dl.google.com:443] can be kept alive indefinitely
2021-06-06T09:17:09.752-0500 [DEBUG] [org.apache.http.impl.conn.DefaultManagedHttpClientConnection] http-outgoing-5: set socket timeout to 0
2021-06-06T09:17:09.752-0500 [DEBUG] [org.apache.http.impl.conn.PoolingHttpClientConnectionManager] Connection released: [id: 5][route: {s}->https://dl.google.com:443][total kept alive: 3; route allocated: 8 of 20; total allocated: 8 of 20]
2021-06-06T09:17:09.752-0500 [INFO] [org.gradle.internal.resource.transfer.DefaultCacheAwareExternalResourceAccessor] Downloading https://dl.google.com/dl/android/maven2/com/android/tools/sdk-common/27.2.1/sdk-common-27.2.1.module to C:\Users\gathi\AppData\Local\Temp\gradle_download12196753192387452946bin
2021-06-06T09:17:09.752-0500 [INFO] [org.gradle.internal.resource.transfer.DefaultCacheAwareExternalResourceAccessor] Downloading https://dl.google.com/dl/android/maven2/com/android/tools/build/builder-model/4.2.1/builder-model-4.2.1.module to C:\Users\gathi\AppData\Local\Temp\gradle_download2336536583772479990bin
2021-06-06T09:17:09.753-0500 [DEBUG] [org.gradle.internal.operations.DefaultBuildOperationRunner] Build operation 'Download https://dl.google.com/dl/android/maven2/com/android/zipflinger/4.2.1/zipflinger-4.2.1.module' completed
2021-06-06T09:17:09.753-0500 [INFO] [org.gradle.internal.resource.transfer.DefaultCacheAwareExternalResourceAccessor] Downloading https://dl.google.com/dl/android/maven2/com/android/signflinger/4.2.1/signflinger-4.2.1.module to C:\Users\gathi\AppData\Local\Temp\gradle_download4706522182733031583bin
2021-06-06T09:17:09.754-0500 [DEBUG] [org.apache.http.impl.conn.PoolingHttpClientConnectionManager] Connection [id: 4][route: {s}->https://dl.google.com:443] can be kept alive indefinitely
2021-06-06T09:17:09.754-0500 [DEBUG] [org.apache.http.impl.conn.DefaultManagedHttpClientConnection] http-outgoing-4: set socket timeout to 0
2021-06-06T09:17:09.754-0500 [DEBUG] [org.apache.http.impl.conn.PoolingHttpClientConnectionManager] Connection released: [id: 4][route: {s}->https://dl.google.com:443][total kept alive: 4; route allocated: 8 of 20; total allocated: 8 of 20]
2021-06-06T09:17:09.755-0500 [DEBUG] [org.gradle.internal.operations.DefaultBuildOperationRunner] Build operation 'Download https://dl.google.com/dl/android/maven2/com/android/tools/build/builder-test-api/4.2.1/builder-test-api-4.2.1.module' completed
2021-06-06T09:17:09.756-0500 [DEBUG] [org.apache.http.impl.conn.PoolingHttpClientConnectionManager] Connection [id: 7][route: {s}->https://dl.google.com:443] can be kept alive indefinitely
2021-06-06T09:17:09.757-0500 [DEBUG] [org.apache.http.impl.conn.DefaultManagedHttpClientConnection] http-outgoing-7: set socket timeout to 0
2021-06-06T09:17:09.757-0500 [DEBUG] [org.apache.http.impl.conn.PoolingHttpClientConnectionManager] Connection released: [id: 7][route: {s}->https://dl.google.com:443][total kept alive: 5; route allocated: 8 of 20; total allocated: 8 of 20]
2021-06-06T09:17:09.757-0500 [DEBUG] [org.apache.http.impl.conn.PoolingHttpClientConnectionManager] Connection [id: 8][route: {s}->https://dl.google.com:443] can be kept alive indefinitely
2021-06-06T09:17:09.757-0500 [DEBUG] [org.apache.http.impl.conn.DefaultManagedHttpClientConnection] http-outgoing-8: set socket timeout to 0
2021-06-06T09:17:09.757-0500 [DEBUG] [org.apache.http.impl.conn.PoolingHttpClientConnectionManager] Connection released: [id: 8][route: {s}->https://dl.google.com:443][total kept alive: 6; route allocated: 8 of 20; total allocated: 8 of 20]
2021-06-06T09:17:09.757-0500 [DEBUG] [org.apache.http.impl.conn.PoolingHttpClientConnectionManager] Connection [id: 6][route: {s}->https://dl.google.com:443] can be kept alive indefinitely
2021-06-06T09:17:09.758-0500 [DEBUG] [org.apache.http.impl.conn.DefaultManagedHttpClientConnection] http-outgoing-6: set socket timeout to 0
2021-06-06T09:17:09.758-0500 [DEBUG] [org.apache.http.impl.conn.PoolingHttpClientConnectionManager] Connection released: [id: 6][route: {s}->https://dl.google.com:443][total kept alive: 7; route allocated: 8 of 20; total allocated: 8 of 20]
2021-06-06T09:17:09.758-0500 [DEBUG] [org.gradle.internal.operations.DefaultBuildOperationRunner] Build operation 'Download https://dl.google.com/dl/android/maven2/com/android/tools/sdk-common/27.2.1/sdk-common-27.2.1.module' completed
2021-06-06T09:17:09.758-0500 [DEBUG] [org.gradle.api.internal.artifacts.ivyservice.modulecache.PersistentModuleMetadataCache] Recording module descriptor in cache: com.android.tools:common:27.2.1 [changing = false]
2021-06-06T09:17:09.758-0500 [DEBUG] [org.gradle.internal.operations.DefaultBuildOperationRunner] Build operation 'Download https://dl.google.com/dl/android/maven2/com/android/signflinger/4.2.1/signflinger-4.2.1.module' completed
2021-06-06T09:17:09.759-0500 [DEBUG] [org.gradle.internal.operations.DefaultBuildOperationRunner] Build operation 'Download https://dl.google.com/dl/android/maven2/com/android/tools/build/builder-model/4.2.1/builder-model-4.2.1.module' completed
2021-06-06T09:17:09.769-0500 [DEBUG] [org.gradle.api.internal.artifacts.ivyservice.modulecache.PersistentModuleMetadataCache] Recording module descriptor in cache: com.android.tools.build:manifest-merger:27.2.1 [changing = false]
2021-06-06T09:17:09.773-0500 [DEBUG] [org.gradle.api.internal.artifacts.ivyservice.modulecache.PersistentModuleMetadataCache] Recording module descriptor in cache: com.android:zipflinger:4.2.1 [changing = false]
2021-06-06T09:17:09.779-0500 [DEBUG] [org.gradle.api.internal.artifacts.ivyservice.modulecache.PersistentModuleMetadataCache] Recording module descriptor in cache: com.android.tools.build:builder-test-api:4.2.1 [changing = false]
2021-06-06T09:17:09.786-0500 [DEBUG] [org.gradle.api.internal.artifacts.ivyservice.ivyresolve.RepositoryChainComponentMetaDataResolver] Using com.android.tools:common:27.2.1 from Maven repository 'Google'
2021-06-06T09:17:09.786-0500 [DEBUG] [org.gradle.api.internal.artifacts.ivyservice.modulecache.PersistentModuleMetadataCache] Recording module descriptor in cache: com.android.tools:sdk-common:27.2.1 [changing = false]
2021-06-06T09:17:09.786-0500 [DEBUG] [org.gradle.api.internal.artifacts.ivyservice.ivyresolve.RepositoryChainComponentMetaDataResolver] Attempting to resolve component for com.android.tools.analytics-library:protos:27.2.1 using repositories [Google, MavenRepo]
2021-06-06T09:17:09.795-0500 [DEBUG] [org.gradle.api.internal.artifacts.ivyservice.modulecache.PersistentModuleMetadataCache] Recording module descriptor in cache: com.android:signflinger:4.2.1 [changing = false]
2021-06-06T09:17:09.801-0500 [DEBUG] [org.gradle.api.internal.artifacts.ivyservice.modulecache.PersistentModuleMetadataCache] Recording module descriptor in cache: com.android.tools.build:builder-model:4.2.1 [changing = false]
2021-06-06T09:17:09.801-0500 [DEBUG] [org.gradle.api.internal.artifacts.ivyservice.ivyresolve.RepositoryChainComponentMetaDataResolver] Using com.android.tools.build:manifest-merger:27.2.1 from Maven repository 'Google'
2021-06-06T09:17:09.802-0500 [DEBUG] [org.gradle.api.internal.artifacts.ivyservice.ivyresolve.RepositoryChainComponentMetaDataResolver] Attempting to resolve component for com.android.tools.analytics-library:tracker:27.2.1 using repositories [Google, MavenRepo]
2021-06-06T09:17:09.805-0500 [DEBUG] [org.gradle.api.internal.artifacts.ivyservice.ivyresolve.RepositoryChainComponentMetaDataResolver] Using com.android:zipflinger:4.2.1 from Maven repository 'Google'
2021-06-06T09:17:09.806-0500 [DEBUG] [org.gradle.api.internal.artifacts.ivyservice.ivyresolve.RepositoryChainComponentMetaDataResolver] Attempting to resolve component for com.android.tools.build:apksig:4.2.1 using repositories [Google, MavenRepo]
2021-06-06T09:17:09.810-0500 [DEBUG] [org.gradle.api.internal.artifacts.ivyservice.ivyresolve.RepositoryChainComponentMetaDataResolver] Using com.android.tools.build:builder-test-api:4.2.1 from Maven repository 'Google'
2021-06-06T09:17:09.810-0500 [DEBUG] [org.gradle.internal.operations.DefaultBuildOperationRunner] Build operation 'Resolve com.android.tools.build:builder-test-api:4.2.1' completed
2021-06-06T09:17:09.810-0500 [DEBUG] [org.gradle.api.internal.artifacts.ivyservice.ivyresolve.RepositoryChainComponentMetaDataResolver] Attempting to resolve component for com.android.tools.build:apkzlib:4.2.1 using repositories [Google, MavenRepo]
2021-06-06T09:17:09.814-0500 [DEBUG] [org.gradle.api.internal.artifacts.ivyservice.ivyresolve.RepositoryChainComponentMetaDataResolver] Using com.android.tools:sdk-common:27.2.1 from Maven repository 'Google'
2021-06-06T09:17:09.815-0500 [DEBUG] [org.gradle.api.internal.artifacts.repositories.resolver.DefaultExternalResourceArtifactResolver] Loading https://dl.google.com/dl/android/maven2/com/android/tools/analytics-library/protos/27.2.1/protos-27.2.1.pom
2021-06-06T09:17:09.815-0500 [DEBUG] [org.gradle.internal.resource.transfer.DefaultCacheAwareExternalResourceAccessor] Constructing external resource: https://dl.google.com/dl/android/maven2/com/android/tools/analytics-library/protos/27.2.1/protos-27.2.1.pom
2021-06-06T09:17:09.815-0500 [DEBUG] [org.gradle.api.internal.artifacts.ivyservice.ivyresolve.RepositoryChainComponentMetaDataResolver] Attempting to resolve component for com.squareup:javawriter:2.5.0 using repositories [Google, MavenRepo]
2021-06-06T09:17:09.818-0500 [DEBUG] [org.gradle.api.internal.artifacts.ivyservice.ivyresolve.RepositoryChainComponentMetaDataResolver] Using com.android.tools.build:builder-model:4.2.1 from Maven repository 'Google'
2021-06-06T09:17:09.819-0500 [DEBUG] [org.gradle.api.internal.artifacts.repositories.resolver.DefaultExternalResourceArtifactResolver] Loading https://dl.google.com/dl/android/maven2/com/android/tools/analytics-library/tracker/27.2.1/tracker-27.2.1.pom
2021-06-06T09:17:09.819-0500 [DEBUG] [org.gradle.api.internal.artifacts.repositories.resolver.DefaultExternalResourceArtifactResolver] Loading https://dl.google.com/dl/android/maven2/com/android/tools/build/apksig/4.2.1/apksig-4.2.1.pom
2021-06-06T09:17:09.819-0500 [DEBUG] [org.gradle.internal.resource.transfer.DefaultCacheAwareExternalResourceAccessor] Constructing external resource: https://dl.google.com/dl/android/maven2/com/android/tools/build/apksig/4.2.1/apksig-4.2.1.pom
2021-06-06T09:17:09.819-0500 [DEBUG] [org.gradle.api.internal.artifacts.repositories.resolver.DefaultExternalResourceArtifactResolver] Loading https://dl.google.com/dl/android/maven2/com/android/tools/build/apkzlib/4.2.1/apkzlib-4.2.1.pom
2021-06-06T09:17:09.819-0500 [DEBUG] [org.gradle.internal.resource.transfer.DefaultCacheAwareExternalResourceAccessor] Constructing external resource: https://dl.google.com/dl/android/maven2/com/android/tools/build/apkzlib/4.2.1/apkzlib-4.2.1.pom
2021-06-06T09:17:09.819-0500 [DEBUG] [org.gradle.internal.resource.transfer.DefaultCacheAwareExternalResourceAccessor] Constructing external resource: https://dl.google.com/dl/android/maven2/com/android/tools/analytics-library/tracker/27.2.1/tracker-27.2.1.pom
2021-06-06T09:17:09.820-0500 [DEBUG] [org.gradle.api.internal.artifacts.ivyservice.ivyresolve.RepositoryChainComponentMetaDataResolver] Attempting to resolve component for org.bouncycastle:bcpkix-jdk15on:1.56 using repositories [Google, MavenRepo]
2021-06-06T09:17:09.821-0500 [DEBUG] [org.gradle.internal.resource.transport.http.HttpResourceAccessor] Constructing external resource: https://dl.google.com/dl/android/maven2/com/android/tools/analytics-library/protos/27.2.1/protos-27.2.1.pom
2021-06-06T09:17:09.821-0500 [DEBUG] [org.gradle.internal.resource.transport.http.HttpClientHelper] Performing HTTP GET: https://dl.google.com/dl/android/maven2/com/android/tools/analytics-library/protos/27.2.1/protos-27.2.1.pom
2021-06-06T09:17:09.821-0500 [DEBUG] [org.apache.http.client.protocol.RequestAddCookies] CookieSpec selected: default
2021-06-06T09:17:09.821-0500 [DEBUG] [org.apache.http.client.protocol.RequestAuthCache] Auth cache not set in the context
2021-06-06T09:17:09.821-0500 [DEBUG] [org.apache.http.impl.conn.PoolingHttpClientConnectionManager] Connection request: [route: {s}->https://dl.google.com:443][total kept alive: 7; route allocated: 8 of 20; total allocated: 8 of 20]
2021-06-06T09:17:09.822-0500 [DEBUG] [org.apache.http.impl.conn.PoolingHttpClientConnectionManager] Connection leased: [id: 6][route: {s}->https://dl.google.com:443][total kept alive: 6; route allocated: 8 of 20; total allocated: 8 of 20]
2021-06-06T09:17:09.822-0500 [DEBUG] [org.apache.http.impl.conn.DefaultManagedHttpClientConnection] http-outgoing-6: set socket timeout to 30000
2021-06-06T09:17:09.822-0500 [DEBUG] [org.apache.http.impl.conn.DefaultManagedHttpClientConnection] http-outgoing-6: set socket timeout to 30000
2021-06-06T09:17:09.822-0500 [DEBUG] [org.apache.http.impl.execchain.MainClientExec] Executing request GET /dl/android/maven2/com/android/tools/analytics-library/protos/27.2.1/protos-27.2.1.pom HTTP/1.1
2021-06-06T09:17:09.822-0500 [DEBUG] [org.apache.http.impl.execchain.MainClientExec] Target auth state: UNCHALLENGED
2021-06-06T09:17:09.822-0500 [DEBUG] [org.apache.http.impl.execchain.MainClientExec] Proxy auth state: UNCHALLENGED
2021-06-06T09:17:09.823-0500 [DEBUG] [org.gradle.api.internal.artifacts.ivyservice.ivyresolve.RepositoryChainComponentMetaDataResolver] Using com.android:signflinger:4.2.1 from Maven repository 'Google'
2021-06-06T09:17:09.824-0500 [DEBUG] [org.gradle.api.internal.artifacts.ivyservice.ivyresolve.RepositoryChainComponentMetaDataResolver] Attempting to resolve component for org.bouncycastle:bcprov-jdk15on:1.56 using repositories [Google, MavenRepo]
2021-06-06T09:17:09.824-0500 [DEBUG] [org.gradle.api.internal.artifacts.repositories.resolver.DefaultExternalResourceArtifactResolver] Loading https://dl.google.com/dl/android/maven2/org/bouncycastle/bcprov-jdk15on/1.56/bcprov-jdk15on-1.56.pom
2021-06-06T09:17:09.825-0500 [DEBUG] [org.gradle.internal.resource.transport.http.HttpResourceAccessor] Constructing external resource: https://dl.google.com/dl/android/maven2/com/android/tools/build/apksig/4.2.1/apksig-4.2.1.pom
2021-06-06T09:17:09.825-0500 [DEBUG] [org.gradle.internal.resource.transport.http.HttpClientHelper] Performing HTTP GET: https://dl.google.com/dl/android/maven2/com/android/tools/build/apksig/4.2.1/apksig-4.2.1.pom
2021-06-06T09:17:09.825-0500 [DEBUG] [org.gradle.api.internal.artifacts.repositories.resolver.DefaultExternalResourceArtifactResolver] Loading https://dl.google.com/dl/android/maven2/com/squareup/javawriter/2.5.0/javawriter-2.5.0.pom
2021-06-06T09:17:09.825-0500 [DEBUG] [org.gradle.api.internal.artifacts.repositories.resolver.DefaultExternalResourceArtifactResolver] Loading https://dl.google.com/dl/android/maven2/org/bouncycastle/bcpkix-jdk15on/1.56/bcpkix-jdk15on-1.56.pom
2021-06-06T09:17:09.825-0500 [DEBUG] [org.gradle.internal.resource.transfer.DefaultCacheAwareExternalResourceAccessor] Constructing external resource: https://dl.google.com/dl/android/maven2/org/bouncycastle/bcprov-jdk15on/1.56/bcprov-jdk15on-1.56.pom
2021-06-06T09:17:09.826-0500 [DEBUG] [org.gradle.internal.resource.transfer.DefaultCacheAwareExternalResourceAccessor] Constructing external resource: https://dl.google.com/dl/android/maven2/org/bouncycastle/bcpkix-jdk15on/1.56/bcpkix-jdk15on-1.56.pom
2021-06-06T09:17:09.826-0500 [DEBUG] [org.gradle.internal.resource.transport.http.HttpResourceAccessor] Constructing external resource: https://dl.google.com/dl/android/maven2/com/android/tools/analytics-library/tracker/27.2.1/tracker-27.2.1.pom
2021-06-06T09:17:09.825-0500 [DEBUG] [org.gradle.internal.resource.transfer.DefaultCacheAwareExternalResourceAccessor] Constructing external resource: https://dl.google.com/dl/android/maven2/com/squareup/javawriter/2.5.0/javawriter-2.5.0.pom
2021-06-06T09:17:09.825-0500 [DEBUG] [org.apache.http.client.protocol.RequestAddCookies] CookieSpec selected: default
2021-06-06T09:17:09.825-0500 [DEBUG] [org.gradle.internal.resource.transport.http.HttpResourceAccessor] Constructing external resource: https://dl.google.com/dl/android/maven2/com/android/tools/build/apkzlib/4.2.1/apkzlib-4.2.1.pom
2021-06-06T09:17:09.827-0500 [DEBUG] [org.gradle.internal.resource.transport.http.HttpClientHelper] Performing HTTP GET: https://dl.google.com/dl/android/maven2/com/android/tools/build/apkzlib/4.2.1/apkzlib-4.2.1.pom
2021-06-06T09:17:09.827-0500 [DEBUG] [org.apache.http.client.protocol.RequestAuthCache] Auth cache not set in the context
2021-06-06T09:17:09.826-0500 [DEBUG] [org.gradle.internal.resource.transport.http.HttpClientHelper] Performing HTTP GET: https://dl.google.com/dl/android/maven2/com/android/tools/analytics-library/tracker/27.2.1/tracker-27.2.1.pom
2021-06-06T09:17:09.827-0500 [DEBUG] [org.apache.http.client.protocol.RequestAddCookies] CookieSpec selected: default
2021-06-06T09:17:09.827-0500 [DEBUG] [org.apache.http.impl.conn.PoolingHttpClientConnectionManager] Connection request: [route: {s}->https://dl.google.com:443][total kept alive: 6; route allocated: 8 of 20; total allocated: 8 of 20]
2021-06-06T09:17:09.827-0500 [DEBUG] [org.gradle.internal.resource.transport.http.HttpResourceAccessor] Constructing external resource: https://dl.google.com/dl/android/maven2/org/bouncycastle/bcprov-jdk15on/1.56/bcprov-jdk15on-1.56.pom
2021-06-06T09:17:09.827-0500 [DEBUG] [org.gradle.internal.resource.transport.http.HttpResourceAccessor] Constructing external resource: https://dl.google.com/dl/android/maven2/org/bouncycastle/bcpkix-jdk15on/1.56/bcpkix-jdk15on-1.56.pom
2021-06-06T09:17:09.828-0500 [DEBUG] [org.gradle.internal.resource.transport.http.HttpClientHelper] Performing HTTP GET: https://dl.google.com/dl/android/maven2/org/bouncycastle/bcprov-jdk15on/1.56/bcprov-jdk15on-1.56.pom
2021-06-06T09:17:09.828-0500 [DEBUG] [org.apache.http.impl.conn.PoolingHttpClientConnectionManager] Connection leased: [id: 8][route: {s}->https://dl.google.com:443][total kept alive: 5; route allocated: 8 of 20; total allocated: 8 of 20]
2021-06-06T09:17:09.828-0500 [DEBUG] [org.apache.http.client.protocol.RequestAddCookies] CookieSpec selected: default
2021-06-06T09:17:09.827-0500 [DEBUG] [org.apache.http.client.protocol.RequestAuthCache] Auth cache not set in the context
2021-06-06T09:17:09.828-0500 [DEBUG] [org.gradle.internal.resource.transport.http.HttpResourceAccessor] Constructing external resource: https://dl.google.com/dl/android/maven2/com/squareup/javawriter/2.5.0/javawriter-2.5.0.pom
2021-06-06T09:17:09.828-0500 [DEBUG] [org.apache.http.client.protocol.RequestAuthCache] Auth cache not set in the context
2021-06-06T09:17:09.828-0500 [DEBUG] [org.apache.http.client.protocol.RequestAddCookies] CookieSpec selected: default
2021-06-06T09:17:09.828-0500 [DEBUG] [org.apache.http.impl.conn.DefaultManagedHttpClientConnection] http-outgoing-8: set socket timeout to 30000
2021-06-06T09:17:09.828-0500 [DEBUG] [org.gradle.internal.resource.transport.http.HttpClientHelper] Performing HTTP GET: https://dl.google.com/dl/android/maven2/org/bouncycastle/bcpkix-jdk15on/1.56/bcpkix-jdk15on-1.56.pom
2021-06-06T09:17:09.829-0500 [DEBUG] [org.apache.http.impl.conn.DefaultManagedHttpClientConnection] http-outgoing-8: set socket timeout to 30000
2021-06-06T09:17:09.829-0500 [DEBUG] [org.apache.http.client.protocol.RequestAuthCache] Auth cache not set in the context
2021-06-06T09:17:09.829-0500 [DEBUG] [org.apache.http.impl.conn.PoolingHttpClientConnectionManager] Connection request: [route: {s}->https://dl.google.com:443][total kept alive: 5; route allocated: 8 of 20; total allocated: 8 of 20]
2021-06-06T09:17:09.829-0500 [DEBUG] [org.gradle.internal.resource.transport.http.HttpClientHelper] Performing HTTP GET: https://dl.google.com/dl/android/maven2/com/squareup/javawriter/2.5.0/javawriter-2.5.0.pom
2021-06-06T09:17:09.828-0500 [DEBUG] [org.apache.http.impl.conn.PoolingHttpClientConnectionManager] Connection request: [route: {s}->https://dl.google.com:443][total kept alive: 5; route allocated: 8 of 20; total allocated: 8 of 20]
2021-06-06T09:17:09.830-0500 [DEBUG] [org.apache.http.client.protocol.RequestAddCookies] CookieSpec selected: default
2021-06-06T09:17:09.829-0500 [DEBUG] [org.apache.http.impl.conn.PoolingHttpClientConnectionManager] Connection leased: [id: 7][route: {s}->https://dl.google.com:443][total kept alive: 4; route allocated: 8 of 20; total allocated: 8 of 20]
2021-06-06T09:17:09.829-0500 [DEBUG] [org.apache.http.impl.conn.PoolingHttpClientConnectionManager] Connection request: [route: {s}->https://dl.google.com:443][total kept alive: 5; route allocated: 8 of 20; total allocated: 8 of 20]
2021-06-06T09:17:09.829-0500 [DEBUG] [org.apache.http.client.protocol.RequestAddCookies] CookieSpec selected: default
2021-06-06T09:17:09.829-0500 [DEBUG] [org.apache.http.impl.execchain.MainClientExec] Executing request GET /dl/android/maven2/com/android/tools/build/apksig/4.2.1/apksig-4.2.1.pom HTTP/1.1
2021-06-06T09:17:09.830-0500 [DEBUG] [org.apache.http.client.protocol.RequestAuthCache] Auth cache not set in the context
2021-06-06T09:17:09.830-0500 [DEBUG] [org.apache.http.impl.conn.PoolingHttpClientConnectionManager] Connection leased: [id: 5][route: {s}->https://dl.google.com:443][total kept alive: 2; route allocated: 8 of 20; total allocated: 8 of 20]
2021-06-06T09:17:09.830-0500 [DEBUG] [org.apache.http.impl.conn.DefaultManagedHttpClientConnection] http-outgoing-7: set socket timeout to 30000
2021-06-06T09:17:09.830-0500 [DEBUG] [org.apache.http.client.protocol.RequestAuthCache] Auth cache not set in the context
2021-06-06T09:17:09.830-0500 [DEBUG] [org.apache.http.impl.conn.PoolingHttpClientConnectionManager] Connection leased: [id: 4][route: {s}->https://dl.google.com:443][total kept alive: 3; route allocated: 8 of 20; total allocated: 8 of 20]
2021-06-06T09:17:09.831-0500 [DEBUG] [org.apache.http.impl.conn.PoolingHttpClientConnectionManager] Connection request: [route: {s}->https://dl.google.com:443][total kept alive: 2; route allocated: 8 of 20; total allocated: 8 of 20]
2021-06-06T09:17:09.831-0500 [DEBUG] [org.apache.http.impl.conn.DefaultManagedHttpClientConnection] http-outgoing-7: set socket timeout to 30000
2021-06-06T09:17:09.831-0500 [DEBUG] [org.apache.http.impl.conn.DefaultManagedHttpClientConnection] http-outgoing-5: set socket timeout to 30000
2021-06-06T09:17:09.830-0500 [DEBUG] [org.apache.http.impl.conn.PoolingHttpClientConnectionManager] Connection request: [route: {s}->https://dl.google.com:443][total kept alive: 2; route allocated: 8 of 20; total allocated: 8 of 20]
2021-06-06T09:17:09.830-0500 [DEBUG] [org.apache.http.impl.execchain.MainClientExec] Target auth state: UNCHALLENGED
2021-06-06T09:17:09.831-0500 [DEBUG] [org.apache.http.impl.conn.PoolingHttpClientConnectionManager] Connection leased: [id: 1][route: {s}->https://dl.google.com:443][total kept alive: 0; route allocated: 8 of 20; total allocated: 8 of 20]
2021-06-06T09:17:09.831-0500 [DEBUG] [org.apache.http.impl.conn.DefaultManagedHttpClientConnection] http-outgoing-5: set socket timeout to 30000
2021-06-06T09:17:09.831-0500 [DEBUG] [org.apache.http.impl.execchain.MainClientExec] Executing request GET /dl/android/maven2/com/android/tools/analytics-library/tracker/27.2.1/tracker-27.2.1.pom HTTP/1.1
2021-06-06T09:17:09.831-0500 [DEBUG] [org.apache.http.impl.conn.PoolingHttpClientConnectionManager] Connection leased: [id: 0][route: {s}->https://dl.google.com:443][total kept alive: 1; route allocated: 8 of 20; total allocated: 8 of 20]
2021-06-06T09:17:09.831-0500 [DEBUG] [org.apache.http.impl.conn.DefaultManagedHttpClientConnection] http-outgoing-4: set socket timeout to 30000
2021-06-06T09:17:09.832-0500 [DEBUG] [org.apache.http.impl.conn.DefaultManagedHttpClientConnection] http-outgoing-0: set socket timeout to 30000
2021-06-06T09:17:09.832-0500 [DEBUG] [org.apache.http.impl.execchain.MainClientExec] Target auth state: UNCHALLENGED
2021-06-06T09:17:09.832-0500 [DEBUG] [org.apache.http.impl.execchain.MainClientExec] Executing request GET /dl/android/maven2/org/bouncycastle/bcprov-jdk15on/1.56/bcprov-jdk15on-1.56.pom HTTP/1.1
2021-06-06T09:17:09.832-0500 [DEBUG] [org.apache.http.impl.execchain.MainClientExec] Target auth state: UNCHALLENGED
2021-06-06T09:17:09.832-0500 [DEBUG] [org.apache.http.impl.execchain.MainClientExec] Proxy auth state: UNCHALLENGED
2021-06-06T09:17:09.832-0500 [DEBUG] [org.apache.http.impl.conn.DefaultManagedHttpClientConnection] http-outgoing-1: set socket timeout to 30000
2021-06-06T09:17:09.831-0500 [DEBUG] [org.apache.http.impl.execchain.MainClientExec] Proxy auth state: UNCHALLENGED
2021-06-06T09:17:09.833-0500 [DEBUG] [org.apache.http.impl.conn.DefaultManagedHttpClientConnection] http-outgoing-1: set socket timeout to 30000
2021-06-06T09:17:09.832-0500 [DEBUG] [org.apache.http.impl.execchain.MainClientExec] Proxy auth state: UNCHALLENGED
2021-06-06T09:17:09.832-0500 [DEBUG] [org.apache.http.impl.conn.DefaultManagedHttpClientConnection] http-outgoing-0: set socket timeout to 30000
2021-06-06T09:17:09.832-0500 [DEBUG] [org.apache.http.impl.conn.DefaultManagedHttpClientConnection] http-outgoing-4: set socket timeout to 30000
2021-06-06T09:17:09.833-0500 [DEBUG] [org.apache.http.impl.execchain.MainClientExec] Executing request GET /dl/android/maven2/com/squareup/javawriter/2.5.0/javawriter-2.5.0.pom HTTP/1.1
2021-06-06T09:17:09.833-0500 [DEBUG] [org.apache.http.impl.execchain.MainClientExec] Target auth state: UNCHALLENGED
2021-06-06T09:17:09.833-0500 [DEBUG] [org.apache.http.impl.execchain.MainClientExec] Proxy auth state: UNCHALLENGED
2021-06-06T09:17:09.833-0500 [DEBUG] [org.apache.http.impl.execchain.MainClientExec] Executing request GET /dl/android/maven2/org/bouncycastle/bcpkix-jdk15on/1.56/bcpkix-jdk15on-1.56.pom HTTP/1.1
2021-06-06T09:17:09.834-0500 [DEBUG] [org.apache.http.impl.execchain.MainClientExec] Target auth state: UNCHALLENGED
2021-06-06T09:17:09.834-0500 [DEBUG] [org.apache.http.impl.execchain.MainClientExec] Proxy auth state: UNCHALLENGED
2021-06-06T09:17:09.833-0500 [DEBUG] [org.apache.http.impl.execchain.MainClientExec] Executing request GET /dl/android/maven2/com/android/tools/build/apkzlib/4.2.1/apkzlib-4.2.1.pom HTTP/1.1
2021-06-06T09:17:09.834-0500 [DEBUG] [org.apache.http.impl.execchain.MainClientExec] Target auth state: UNCHALLENGED
2021-06-06T09:17:09.834-0500 [DEBUG] [org.apache.http.impl.execchain.MainClientExec] Proxy auth state: UNCHALLENGED
2021-06-06T09:17:09.862-0500 [DEBUG] [org.apache.http.impl.execchain.MainClientExec] Connection can be kept alive indefinitely
2021-06-06T09:17:09.863-0500 [DEBUG] [org.gradle.internal.resource.transport.http.HttpResponseResource] Attempting to download resource https://dl.google.com/dl/android/maven2/com/android/tools/analytics-library/protos/27.2.1/protos-27.2.1.pom.
2021-06-06T09:17:09.865-0500 [INFO] [org.gradle.internal.resource.transfer.DefaultCacheAwareExternalResourceAccessor] Downloading https://dl.google.com/dl/android/maven2/com/android/tools/analytics-library/protos/27.2.1/protos-27.2.1.pom to C:\Users\gathi\AppData\Local\Temp\gradle_download879332780388193342bin
2021-06-06T09:17:09.866-0500 [DEBUG] [org.apache.http.impl.conn.PoolingHttpClientConnectionManager] Connection [id: 6][route: {s}->https://dl.google.com:443] can be kept alive indefinitely
2021-06-06T09:17:09.866-0500 [DEBUG] [org.apache.http.impl.conn.DefaultManagedHttpClientConnection] http-outgoing-6: set socket timeout to 0
2021-06-06T09:17:09.866-0500 [DEBUG] [org.apache.http.impl.conn.PoolingHttpClientConnectionManager] Connection released: [id: 6][route: {s}->https://dl.google.com:443][total kept alive: 1; route allocated: 8 of 20; total allocated: 8 of 20]
2021-06-06T09:17:09.866-0500 [DEBUG] [org.gradle.internal.operations.DefaultBuildOperationRunner] Build operation 'Download https://dl.google.com/dl/android/maven2/com/android/tools/analytics-library/protos/27.2.1/protos-27.2.1.pom' completed
2021-06-06T09:17:09.872-0500 [DEBUG] [org.apache.http.impl.execchain.MainClientExec] Connection can be kept alive indefinitely
2021-06-06T09:17:09.872-0500 [DEBUG] [org.apache.http.impl.execchain.MainClientExec] Connection can be kept alive indefinitely
2021-06-06T09:17:09.872-0500 [DEBUG] [org.apache.http.impl.execchain.MainClientExec] Connection can be kept alive indefinitely
2021-06-06T09:17:09.873-0500 [DEBUG] [org.apache.http.impl.conn.PoolingHttpClientConnectionManager] Connection [id: 5][route: {s}->https://dl.google.com:443] can be kept alive indefinitely
2021-06-06T09:17:09.873-0500 [DEBUG] [org.apache.http.impl.conn.DefaultManagedHttpClientConnection] http-outgoing-5: set socket timeout to 0
2021-06-06T09:17:09.872-0500 [DEBUG] [org.apache.http.impl.execchain.MainClientExec] Connection can be kept alive indefinitely
2021-06-06T09:17:09.872-0500 [DEBUG] [org.apache.http.impl.execchain.MainClientExec] Connection can be kept alive indefinitely
2021-06-06T09:17:09.873-0500 [DEBUG] [org.apache.http.impl.conn.PoolingHttpClientConnectionManager] Connection released: [id: 5][route: {s}->https://dl.google.com:443][total kept alive: 2; route allocated: 8 of 20; total allocated: 8 of 20]
2021-06-06T09:17:09.873-0500 [DEBUG] [org.apache.http.impl.conn.PoolingHttpClientConnectionManager] Connection [id: 1][route: {s}->https://dl.google.com:443] can be kept alive indefinitely
2021-06-06T09:17:09.873-0500 [DEBUG] [org.apache.http.impl.conn.PoolingHttpClientConnectionManager] Connection [id: 0][route: {s}->https://dl.google.com:443] can be kept alive indefinitely
2021-06-06T09:17:09.874-0500 [DEBUG] [org.apache.http.impl.conn.DefaultManagedHttpClientConnection] http-outgoing-0: set socket timeout to 0
2021-06-06T09:17:09.873-0500 [DEBUG] [org.apache.http.impl.conn.DefaultManagedHttpClientConnection] http-outgoing-1: set socket timeout to 0
2021-06-06T09:17:09.874-0500 [DEBUG] [org.apache.http.impl.conn.PoolingHttpClientConnectionManager] Connection released: [id: 1][route: {s}->https://dl.google.com:443][total kept alive: 4; route allocated: 8 of 20; total allocated: 8 of 20]
2021-06-06T09:17:09.873-0500 [INFO] [org.gradle.internal.resource.transport.http.HttpClientHelper] Resource missing. [HTTP GET: https://dl.google.com/dl/android/maven2/org/bouncycastle/bcprov-jdk15on/1.56/bcprov-jdk15on-1.56.pom]
2021-06-06T09:17:09.874-0500 [INFO] [org.gradle.internal.resource.transport.http.HttpClientHelper] Resource missing. [HTTP GET: https://dl.google.com/dl/android/maven2/org/bouncycastle/bcpkix-jdk15on/1.56/bcpkix-jdk15on-1.56.pom]
2021-06-06T09:17:09.874-0500 [DEBUG] [org.gradle.internal.resource.transport.http.HttpResponseResource] Attempting to download resource https://dl.google.com/dl/android/maven2/com/android/tools/build/apksig/4.2.1/apksig-4.2.1.pom.
2021-06-06T09:17:09.874-0500 [DEBUG] [org.apache.http.impl.conn.PoolingHttpClientConnectionManager] Connection released: [id: 0][route: {s}->https://dl.google.com:443][total kept alive: 3; route allocated: 8 of 20; total allocated: 8 of 20]
2021-06-06T09:17:09.874-0500 [DEBUG] [org.gradle.internal.resource.transport.http.HttpResponseResource] Attempting to download resource https://dl.google.com/dl/android/maven2/com/android/tools/analytics-library/tracker/27.2.1/tracker-27.2.1.pom.
2021-06-06T09:17:09.874-0500 [INFO] [org.gradle.internal.resource.transport.http.HttpClientHelper] Resource missing. [HTTP GET: https://dl.google.com/dl/android/maven2/com/squareup/javawriter/2.5.0/javawriter-2.5.0.pom]
2021-06-06T09:17:09.875-0500 [DEBUG] [org.gradle.internal.operations.DefaultBuildOperationRunner] Build operation 'Download https://dl.google.com/dl/android/maven2/com/squareup/javawriter/2.5.0/javawriter-2.5.0.pom' completed
2021-06-06T09:17:09.875-0500 [DEBUG] [org.gradle.api.internal.artifacts.repositories.resolver.ExternalResourceResolver] No meta-data file or artifact found for module 'com.squareup:javawriter:2.5.0' in repository 'Google'.
2021-06-06T09:17:09.875-0500 [DEBUG] [org.gradle.api.internal.artifacts.ivyservice.modulecache.PersistentModuleMetadataCache] Recording absence of module descriptor in cache: com.squareup:javawriter:2.5.0 [changing = false]
2021-06-06T09:17:09.875-0500 [DEBUG] [org.gradle.internal.operations.DefaultBuildOperationRunner] Build operation 'Download https://dl.google.com/dl/android/maven2/org/bouncycastle/bcpkix-jdk15on/1.56/bcpkix-jdk15on-1.56.pom' completed
2021-06-06T09:17:09.876-0500 [DEBUG] [org.gradle.internal.operations.DefaultBuildOperationRunner] Build operation 'Download https://dl.google.com/dl/android/maven2/org/bouncycastle/bcprov-jdk15on/1.56/bcprov-jdk15on-1.56.pom' completed
2021-06-06T09:17:09.876-0500 [DEBUG] [org.gradle.api.internal.artifacts.repositories.resolver.DefaultExternalResourceArtifactResolver] Loading https://repo.maven.apache.org/maven2/com/squareup/javawriter/2.5.0/javawriter-2.5.0.pom
2021-06-06T09:17:09.876-0500 [DEBUG] [org.gradle.internal.resource.transfer.DefaultCacheAwareExternalResourceAccessor] Constructing external resource: https://repo.maven.apache.org/maven2/com/squareup/javawriter/2.5.0/javawriter-2.5.0.pom
2021-06-06T09:17:09.876-0500 [DEBUG] [org.gradle.api.internal.artifacts.repositories.resolver.ExternalResourceResolver] No meta-data file or artifact found for module 'org.bouncycastle:bcpkix-jdk15on:1.56' in repository 'Google'.
2021-06-06T09:17:09.876-0500 [INFO] [org.gradle.internal.resource.transfer.DefaultCacheAwareExternalResourceAccessor] Downloading https://dl.google.com/dl/android/maven2/com/android/tools/build/apksig/4.2.1/apksig-4.2.1.pom to C:\Users\gathi\AppData\Local\Temp\gradle_download8224963020989848743bin
2021-06-06T09:17:09.876-0500 [DEBUG] [org.gradle.api.internal.artifacts.repositories.resolver.ExternalResourceResolver] No meta-data file or artifact found for module 'org.bouncycastle:bcprov-jdk15on:1.56' in repository 'Google'.
2021-06-06T09:17:09.876-0500 [INFO] [org.gradle.internal.resource.transfer.DefaultCacheAwareExternalResourceAccessor] Downloading https://dl.google.com/dl/android/maven2/com/android/tools/analytics-library/tracker/27.2.1/tracker-27.2.1.pom to C:\Users\gathi\AppData\Local\Temp\gradle_download15272246237291274189bin
2021-06-06T09:17:09.876-0500 [DEBUG] [org.gradle.api.internal.artifacts.ivyservice.modulecache.PersistentModuleMetadataCache] Recording absence of module descriptor in cache: org.bouncycastle:bcpkix-jdk15on:1.56 [changing = false]
2021-06-06T09:17:09.876-0500 [DEBUG] [org.gradle.api.internal.artifacts.ivyservice.modulecache.PersistentModuleMetadataCache] Recording absence of module descriptor in cache: org.bouncycastle:bcprov-jdk15on:1.56 [changing = false]
2021-06-06T09:17:09.877-0500 [DEBUG] [org.gradle.internal.resource.transport.http.HttpResourceAccessor] Constructing external resource: https://repo.maven.apache.org/maven2/com/squareup/javawriter/2.5.0/javawriter-2.5.0.pom
2021-06-06T09:17:09.877-0500 [DEBUG] [org.gradle.api.internal.artifacts.repositories.resolver.DefaultExternalResourceArtifactResolver] Loading https://repo.maven.apache.org/maven2/org/bouncycastle/bcpkix-jdk15on/1.56/bcpkix-jdk15on-1.56.pom
2021-06-06T09:17:09.878-0500 [DEBUG] [org.gradle.internal.resource.transport.http.HttpClientHelper] Performing HTTP GET: https://repo.maven.apache.org/maven2/com/squareup/javawriter/2.5.0/javawriter-2.5.0.pom
2021-06-06T09:17:09.878-0500 [DEBUG] [org.apache.http.impl.conn.PoolingHttpClientConnectionManager] Connection [id: 8][route: {s}->https://dl.google.com:443] can be kept alive indefinitely
2021-06-06T09:17:09.878-0500 [DEBUG] [org.apache.http.impl.conn.DefaultManagedHttpClientConnection] http-outgoing-8: set socket timeout to 0
2021-06-06T09:17:09.878-0500 [DEBUG] [org.apache.http.client.protocol.RequestAddCookies] CookieSpec selected: default
2021-06-06T09:17:09.878-0500 [DEBUG] [org.gradle.api.internal.artifacts.repositories.resolver.DefaultExternalResourceArtifactResolver] Loading https://repo.maven.apache.org/maven2/org/bouncycastle/bcprov-jdk15on/1.56/bcprov-jdk15on-1.56.pom
2021-06-06T09:17:09.878-0500 [DEBUG] [org.gradle.internal.resource.transfer.DefaultCacheAwareExternalResourceAccessor] Constructing external resource: https://repo.maven.apache.org/maven2/org/bouncycastle/bcpkix-jdk15on/1.56/bcpkix-jdk15on-1.56.pom
2021-06-06T09:17:09.878-0500 [DEBUG] [org.gradle.internal.resource.transfer.DefaultCacheAwareExternalResourceAccessor] Constructing external resource: https://repo.maven.apache.org/maven2/org/bouncycastle/bcprov-jdk15on/1.56/bcprov-jdk15on-1.56.pom
2021-06-06T09:17:09.878-0500 [DEBUG] [org.apache.http.client.protocol.RequestAuthCache] Auth cache not set in the context
2021-06-06T09:17:09.878-0500 [DEBUG] [org.apache.http.impl.conn.PoolingHttpClientConnectionManager] Connection [id: 7][route: {s}->https://dl.google.com:443] can be kept alive indefinitely
2021-06-06T09:17:09.878-0500 [DEBUG] [org.apache.http.impl.conn.PoolingHttpClientConnectionManager] Connection released: [id: 8][route: {s}->https://dl.google.com:443][total kept alive: 5; route allocated: 8 of 20; total allocated: 8 of 20]
2021-06-06T09:17:09.879-0500 [DEBUG] [org.apache.http.impl.conn.DefaultManagedHttpClientConnection] http-outgoing-7: set socket timeout to 0
2021-06-06T09:17:09.879-0500 [DEBUG] [org.apache.http.impl.conn.PoolingHttpClientConnectionManager] Connection request: [route: {s}->https://repo.maven.apache.org:443][total kept alive: 8; route allocated: 8 of 20; total allocated: 8 of 20]
2021-06-06T09:17:09.879-0500 [DEBUG] [org.gradle.api.internal.artifacts.repositories.resolver.ExternalResourceResolver] Metadata file found for module 'com.android.tools.analytics-library:protos:27.2.1' in repository 'Google'.
2021-06-06T09:17:09.879-0500 [DEBUG] [org.apache.http.impl.conn.PoolingHttpClientConnectionManager] Connection leased: [id: 11][route: {s}->https://repo.maven.apache.org:443][total kept alive: 7; route allocated: 8 of 20; total allocated: 8 of 20]
2021-06-06T09:17:09.879-0500 [DEBUG] [org.apache.http.impl.conn.DefaultManagedHttpClientConnection] http-outgoing-11: set socket timeout to 30000
2021-06-06T09:17:09.879-0500 [DEBUG] [org.apache.http.impl.conn.PoolingHttpClientConnectionManager] Connection released: [id: 7][route: {s}->https://dl.google.com:443][total kept alive: 6; route allocated: 8 of 20; total allocated: 8 of 20]
2021-06-06T09:17:09.880-0500 [DEBUG] [org.apache.http.impl.conn.DefaultManagedHttpClientConnection] http-outgoing-11: set socket timeout to 30000
2021-06-06T09:17:09.879-0500 [DEBUG] [org.gradle.api.internal.artifacts.repositories.resolver.DefaultExternalResourceArtifactResolver] Loading https://dl.google.com/dl/android/maven2/com/android/tools/analytics-library/protos/27.2.1/protos-27.2.1.module
2021-06-06T09:17:09.880-0500 [DEBUG] [org.gradle.internal.resource.transport.http.HttpResourceAccessor] Constructing external resource: https://repo.maven.apache.org/maven2/org/bouncycastle/bcprov-jdk15on/1.56/bcprov-jdk15on-1.56.pom
2021-06-06T09:17:09.881-0500 [DEBUG] [org.gradle.internal.operations.DefaultBuildOperationRunner] Build operation 'Download https://dl.google.com/dl/android/maven2/com/android/tools/build/apksig/4.2.1/apksig-4.2.1.pom' completed
2021-06-06T09:17:09.880-0500 [DEBUG] [org.apache.http.impl.execchain.MainClientExec] Executing request GET /maven2/com/squareup/javawriter/2.5.0/javawriter-2.5.0.pom HTTP/1.1
2021-06-06T09:17:09.881-0500 [DEBUG] [org.apache.http.impl.execchain.MainClientExec] Target auth state: UNCHALLENGED
2021-06-06T09:17:09.881-0500 [DEBUG] [org.apache.http.impl.execchain.MainClientExec] Proxy auth state: UNCHALLENGED
2021-06-06T09:17:09.881-0500 [DEBUG] [org.gradle.internal.resource.transport.http.HttpResourceAccessor] Constructing external resource: https://repo.maven.apache.org/maven2/org/bouncycastle/bcpkix-jdk15on/1.56/bcpkix-jdk15on-1.56.pom
2021-06-06T09:17:09.881-0500 [DEBUG] [org.gradle.internal.resource.transport.http.HttpClientHelper] Performing HTTP GET: https://repo.maven.apache.org/maven2/org/bouncycastle/bcprov-jdk15on/1.56/bcprov-jdk15on-1.56.pom
2021-06-06T09:17:09.880-0500 [DEBUG] [org.gradle.internal.resource.transfer.DefaultCacheAwareExternalResourceAccessor] Constructing external resource: https://dl.google.com/dl/android/maven2/com/android/tools/analytics-library/protos/27.2.1/protos-27.2.1.module
2021-06-06T09:17:09.881-0500 [DEBUG] [org.gradle.internal.resource.transport.http.HttpClientHelper] Performing HTTP GET: https://repo.maven.apache.org/maven2/org/bouncycastle/bcpkix-jdk15on/1.56/bcpkix-jdk15on-1.56.pom
2021-06-06T09:17:09.882-0500 [DEBUG] [org.apache.http.client.protocol.RequestAddCookies] CookieSpec selected: default
2021-06-06T09:17:09.882-0500 [DEBUG] [org.apache.http.client.protocol.RequestAddCookies] CookieSpec selected: default
2021-06-06T09:17:09.882-0500 [DEBUG] [org.apache.http.client.protocol.RequestAuthCache] Auth cache not set in the context
2021-06-06T09:17:09.882-0500 [DEBUG] [org.apache.http.client.protocol.RequestAuthCache] Auth cache not set in the context
2021-06-06T09:17:09.882-0500 [DEBUG] [org.gradle.internal.operations.DefaultBuildOperationRunner] Build operation 'Download https://dl.google.com/dl/android/maven2/com/android/tools/analytics-library/tracker/27.2.1/tracker-27.2.1.pom' completed
2021-06-06T09:17:09.882-0500 [DEBUG] [org.apache.http.impl.conn.PoolingHttpClientConnectionManager] Connection request: [route: {s}->https://repo.maven.apache.org:443][total kept alive: 7; route allocated: 8 of 20; total allocated: 8 of 20]
2021-06-06T09:17:09.882-0500 [DEBUG] [org.apache.http.impl.conn.PoolingHttpClientConnectionManager] Connection request: [route: {s}->https://repo.maven.apache.org:443][total kept alive: 7; route allocated: 8 of 20; total allocated: 8 of 20]
2021-06-06T09:17:09.882-0500 [DEBUG] [org.apache.http.impl.conn.PoolingHttpClientConnectionManager] Connection leased: [id: 14][route: {s}->https://repo.maven.apache.org:443][total kept alive: 6; route allocated: 8 of 20; total allocated: 8 of 20]
2021-06-06T09:17:09.883-0500 [DEBUG] [org.apache.http.impl.conn.PoolingHttpClientConnectionManager] Connection leased: [id: 12][route: {s}->https://repo.maven.apache.org:443][total kept alive: 5; route allocated: 8 of 20; total allocated: 8 of 20]
2021-06-06T09:17:09.883-0500 [DEBUG] [org.apache.http.impl.conn.DefaultManagedHttpClientConnection] http-outgoing-14: set socket timeout to 30000
2021-06-06T09:17:09.883-0500 [DEBUG] [org.apache.http.impl.conn.DefaultManagedHttpClientConnection] http-outgoing-12: set socket timeout to 30000
2021-06-06T09:17:09.883-0500 [DEBUG] [org.apache.http.impl.conn.DefaultManagedHttpClientConnection] http-outgoing-14: set socket timeout to 30000
2021-06-06T09:17:09.883-0500 [DEBUG] [org.apache.http.impl.conn.DefaultManagedHttpClientConnection] http-outgoing-12: set socket timeout to 30000
2021-06-06T09:17:09.883-0500 [DEBUG] [org.apache.http.impl.execchain.MainClientExec] Executing request GET /maven2/org/bouncycastle/bcpkix-jdk15on/1.56/bcpkix-jdk15on-1.56.pom HTTP/1.1
2021-06-06T09:17:09.883-0500 [DEBUG] [org.apache.http.impl.execchain.MainClientExec] Target auth state: UNCHALLENGED
2021-06-06T09:17:09.883-0500 [DEBUG] [org.apache.http.impl.execchain.MainClientExec] Proxy auth state: UNCHALLENGED
2021-06-06T09:17:09.883-0500 [DEBUG] [org.apache.http.impl.execchain.MainClientExec] Executing request GET /maven2/org/bouncycastle/bcprov-jdk15on/1.56/bcprov-jdk15on-1.56.pom HTTP/1.1
2021-06-06T09:17:09.884-0500 [DEBUG] [org.apache.http.impl.execchain.MainClientExec] Target auth state: UNCHALLENGED
2021-06-06T09:17:09.884-0500 [DEBUG] [org.apache.http.impl.execchain.MainClientExec] Proxy auth state: UNCHALLENGED
2021-06-06T09:17:09.890-0500 [DEBUG] [org.gradle.internal.resource.transport.http.HttpResourceAccessor] Constructing external resource: https://dl.google.com/dl/android/maven2/com/android/tools/analytics-library/protos/27.2.1/protos-27.2.1.module
2021-06-06T09:17:09.890-0500 [DEBUG] [org.gradle.internal.resource.transport.http.HttpClientHelper] Performing HTTP GET: https://dl.google.com/dl/android/maven2/com/android/tools/analytics-library/protos/27.2.1/protos-27.2.1.module
2021-06-06T09:17:09.890-0500 [DEBUG] [org.apache.http.client.protocol.RequestAddCookies] CookieSpec selected: default
2021-06-06T09:17:09.891-0500 [DEBUG] [org.apache.http.client.protocol.RequestAuthCache] Auth cache not set in the context
2021-06-06T09:17:09.891-0500 [DEBUG] [org.apache.http.impl.conn.PoolingHttpClientConnectionManager] Connection request: [route: {s}->https://dl.google.com:443][total kept alive: 6; route allocated: 8 of 20; total allocated: 8 of 20]
2021-06-06T09:17:09.891-0500 [DEBUG] [org.apache.http.impl.conn.PoolingHttpClientConnectionManager] Connection leased: [id: 7][route: {s}->https://dl.google.com:443][total kept alive: 5; route allocated: 8 of 20; total allocated: 8 of 20]
2021-06-06T09:17:09.891-0500 [DEBUG] [org.apache.http.impl.conn.DefaultManagedHttpClientConnection] http-outgoing-7: set socket timeout to 30000
2021-06-06T09:17:09.891-0500 [DEBUG] [org.apache.http.impl.conn.DefaultManagedHttpClientConnection] http-outgoing-7: set socket timeout to 30000
2021-06-06T09:17:09.891-0500 [DEBUG] [org.apache.http.impl.execchain.MainClientExec] Executing request GET /dl/android/maven2/com/android/tools/analytics-library/protos/27.2.1/protos-27.2.1.module HTTP/1.1
2021-06-06T09:17:09.891-0500 [DEBUG] [org.apache.http.impl.execchain.MainClientExec] Target auth state: UNCHALLENGED
2021-06-06T09:17:09.891-0500 [DEBUG] [org.apache.http.impl.execchain.MainClientExec] Proxy auth state: UNCHALLENGED
2021-06-06T09:17:09.893-0500 [DEBUG] [org.gradle.api.internal.artifacts.repositories.resolver.ExternalResourceResolver] Metadata file found for module 'com.android.tools.build:apksig:4.2.1' in repository 'Google'.
2021-06-06T09:17:09.894-0500 [DEBUG] [org.gradle.api.internal.artifacts.repositories.resolver.DefaultExternalResourceArtifactResolver] Loading https://dl.google.com/dl/android/maven2/com/android/tools/build/apksig/4.2.1/apksig-4.2.1.module
2021-06-06T09:17:09.894-0500 [DEBUG] [org.gradle.internal.resource.transfer.DefaultCacheAwareExternalResourceAccessor] Constructing external resource: https://dl.google.com/dl/android/maven2/com/android/tools/build/apksig/4.2.1/apksig-4.2.1.module
2021-06-06T09:17:09.896-0500 [DEBUG] [org.gradle.internal.resource.transport.http.HttpResourceAccessor] Constructing external resource: https://dl.google.com/dl/android/maven2/com/android/tools/build/apksig/4.2.1/apksig-4.2.1.module
2021-06-06T09:17:09.896-0500 [DEBUG] [org.apache.http.impl.execchain.MainClientExec] Connection can be kept alive indefinitely
2021-06-06T09:17:09.896-0500 [DEBUG] [org.gradle.internal.resource.transport.http.HttpClientHelper] Performing HTTP GET: https://dl.google.com/dl/android/maven2/com/android/tools/build/apksig/4.2.1/apksig-4.2.1.module
2021-06-06T09:17:09.897-0500 [DEBUG] [org.gradle.internal.resource.transport.http.HttpResponseResource] Attempting to download resource https://repo.maven.apache.org/maven2/com/squareup/javawriter/2.5.0/javawriter-2.5.0.pom.
2021-06-06T09:17:09.897-0500 [DEBUG] [org.apache.http.client.protocol.RequestAddCookies] CookieSpec selected: default
2021-06-06T09:17:09.897-0500 [DEBUG] [org.apache.http.client.protocol.RequestAuthCache] Auth cache not set in the context
2021-06-06T09:17:09.897-0500 [DEBUG] [org.apache.http.impl.conn.PoolingHttpClientConnectionManager] Connection request: [route: {s}->https://dl.google.com:443][total kept alive: 5; route allocated: 8 of 20; total allocated: 8 of 20]
2021-06-06T09:17:09.897-0500 [DEBUG] [org.apache.http.impl.conn.PoolingHttpClientConnectionManager] Connection leased: [id: 8][route: {s}->https://dl.google.com:443][total kept alive: 4; route allocated: 8 of 20; total allocated: 8 of 20]
2021-06-06T09:17:09.897-0500 [DEBUG] [org.apache.http.impl.conn.DefaultManagedHttpClientConnection] http-outgoing-8: set socket timeout to 30000
2021-06-06T09:17:09.897-0500 [DEBUG] [org.apache.http.impl.conn.DefaultManagedHttpClientConnection] http-outgoing-8: set socket timeout to 30000
2021-06-06T09:17:09.897-0500 [DEBUG] [org.apache.http.impl.execchain.MainClientExec] Executing request GET /dl/android/maven2/com/android/tools/build/apksig/4.2.1/apksig-4.2.1.module HTTP/1.1
2021-06-06T09:17:09.897-0500 [DEBUG] [org.apache.http.impl.execchain.MainClientExec] Target auth state: UNCHALLENGED
2021-06-06T09:17:09.898-0500 [DEBUG] [org.apache.http.impl.execchain.MainClientExec] Proxy auth state: UNCHALLENGED
2021-06-06T09:17:09.898-0500 [INFO] [org.gradle.internal.resource.transfer.DefaultCacheAwareExternalResourceAccessor] Downloading https://repo.maven.apache.org/maven2/com/squareup/javawriter/2.5.0/javawriter-2.5.0.pom to C:\Users\gathi\AppData\Local\Temp\gradle_download12704467058134731066bin
2021-06-06T09:17:09.900-0500 [DEBUG] [org.apache.http.impl.conn.PoolingHttpClientConnectionManager] Connection [id: 11][route: {s}->https://repo.maven.apache.org:443] can be kept alive indefinitely
2021-06-06T09:17:09.900-0500 [DEBUG] [org.apache.http.impl.conn.DefaultManagedHttpClientConnection] http-outgoing-11: set socket timeout to 0
2021-06-06T09:17:09.900-0500 [DEBUG] [org.gradle.api.internal.artifacts.repositories.resolver.ExternalResourceResolver] Metadata file found for module 'com.android.tools.analytics-library:tracker:27.2.1' in repository 'Google'.
2021-06-06T09:17:09.900-0500 [DEBUG] [org.apache.http.impl.conn.PoolingHttpClientConnectionManager] Connection released: [id: 11][route: {s}->https://repo.maven.apache.org:443][total kept alive: 6; route allocated: 8 of 20; total allocated: 8 of 20]
2021-06-06T09:17:09.900-0500 [DEBUG] [org.gradle.api.internal.artifacts.repositories.resolver.DefaultExternalResourceArtifactResolver] Loading https://dl.google.com/dl/android/maven2/com/android/tools/analytics-library/tracker/27.2.1/tracker-27.2.1.module
2021-06-06T09:17:09.900-0500 [DEBUG] [org.gradle.internal.resource.transfer.DefaultCacheAwareExternalResourceAccessor] Constructing external resource: https://dl.google.com/dl/android/maven2/com/android/tools/analytics-library/tracker/27.2.1/tracker-27.2.1.module
2021-06-06T09:17:09.900-0500 [DEBUG] [org.apache.http.impl.execchain.MainClientExec] Connection can be kept alive indefinitely
2021-06-06T09:17:09.900-0500 [DEBUG] [org.apache.http.impl.execchain.MainClientExec] Connection can be kept alive indefinitely
2021-06-06T09:17:09.901-0500 [DEBUG] [org.gradle.internal.operations.DefaultBuildOperationRunner] Build operation 'Download https://repo.maven.apache.org/maven2/com/squareup/javawriter/2.5.0/javawriter-2.5.0.pom' completed
2021-06-06T09:17:09.901-0500 [DEBUG] [org.gradle.internal.resource.transport.http.HttpResponseResource] Attempting to download resource https://repo.maven.apache.org/maven2/org/bouncycastle/bcprov-jdk15on/1.56/bcprov-jdk15on-1.56.pom.
2021-06-06T09:17:09.901-0500 [DEBUG] [org.gradle.internal.resource.transport.http.HttpResponseResource] Attempting to download resource https://repo.maven.apache.org/maven2/org/bouncycastle/bcpkix-jdk15on/1.56/bcpkix-jdk15on-1.56.pom.
2021-06-06T09:17:09.902-0500 [DEBUG] [org.gradle.internal.resource.transport.http.HttpResourceAccessor] Constructing external resource: https://dl.google.com/dl/android/maven2/com/android/tools/analytics-library/tracker/27.2.1/tracker-27.2.1.module
2021-06-06T09:17:09.902-0500 [INFO] [org.gradle.internal.resource.transfer.DefaultCacheAwareExternalResourceAccessor] Downloading https://repo.maven.apache.org/maven2/org/bouncycastle/bcprov-jdk15on/1.56/bcprov-jdk15on-1.56.pom to C:\Users\gathi\AppData\Local\Temp\gradle_download15085840640512446497bin
2021-06-06T09:17:09.902-0500 [DEBUG] [org.gradle.internal.resource.transport.http.HttpClientHelper] Performing HTTP GET: https://dl.google.com/dl/android/maven2/com/android/tools/analytics-library/tracker/27.2.1/tracker-27.2.1.module
2021-06-06T09:17:09.903-0500 [INFO] [org.gradle.internal.resource.transfer.DefaultCacheAwareExternalResourceAccessor] Downloading https://repo.maven.apache.org/maven2/org/bouncycastle/bcpkix-jdk15on/1.56/bcpkix-jdk15on-1.56.pom to C:\Users\gathi\AppData\Local\Temp\gradle_download12283937551718202586bin
2021-06-06T09:17:09.903-0500 [DEBUG] [org.apache.http.client.protocol.RequestAddCookies] CookieSpec selected: default
2021-06-06T09:17:09.903-0500 [DEBUG] [org.apache.http.client.protocol.RequestAuthCache] Auth cache not set in the context
2021-06-06T09:17:09.903-0500 [DEBUG] [org.apache.http.impl.conn.PoolingHttpClientConnectionManager] Connection request: [route: {s}->https://dl.google.com:443][total kept alive: 4; route allocated: 8 of 20; total allocated: 8 of 20]
2021-06-06T09:17:09.904-0500 [DEBUG] [org.apache.http.impl.conn.PoolingHttpClientConnectionManager] Connection leased: [id: 1][route: {s}->https://dl.google.com:443][total kept alive: 3; route allocated: 8 of 20; total allocated: 8 of 20]
2021-06-06T09:17:09.904-0500 [DEBUG] [org.apache.http.impl.conn.DefaultManagedHttpClientConnection] http-outgoing-1: set socket timeout to 30000
2021-06-06T09:17:09.904-0500 [DEBUG] [org.apache.http.impl.conn.DefaultManagedHttpClientConnection] http-outgoing-1: set socket timeout to 30000
2021-06-06T09:17:09.904-0500 [DEBUG] [org.apache.http.impl.execchain.MainClientExec] Executing request GET /dl/android/maven2/com/android/tools/analytics-library/tracker/27.2.1/tracker-27.2.1.module HTTP/1.1
2021-06-06T09:17:09.904-0500 [DEBUG] [org.apache.http.impl.execchain.MainClientExec] Target auth state: UNCHALLENGED
2021-06-06T09:17:09.904-0500 [DEBUG] [org.apache.http.impl.execchain.MainClientExec] Proxy auth state: UNCHALLENGED
2021-06-06T09:17:09.904-0500 [DEBUG] [org.apache.http.impl.conn.PoolingHttpClientConnectionManager] Connection [id: 12][route: {s}->https://repo.maven.apache.org:443] can be kept alive indefinitely
2021-06-06T09:17:09.904-0500 [DEBUG] [org.apache.http.impl.conn.DefaultManagedHttpClientConnection] http-outgoing-12: set socket timeout to 0
2021-06-06T09:17:09.904-0500 [DEBUG] [org.apache.http.impl.conn.PoolingHttpClientConnectionManager] Connection [id: 14][route: {s}->https://repo.maven.apache.org:443] can be kept alive indefinitely
2021-06-06T09:17:09.905-0500 [DEBUG] [org.apache.http.impl.conn.DefaultManagedHttpClientConnection] http-outgoing-14: set socket timeout to 0
2021-06-06T09:17:09.905-0500 [DEBUG] [org.apache.http.impl.conn.PoolingHttpClientConnectionManager] Connection released: [id: 12][route: {s}->https://repo.maven.apache.org:443][total kept alive: 7; route allocated: 8 of 20; total allocated: 8 of 20]
2021-06-06T09:17:09.905-0500 [DEBUG] [org.apache.http.impl.conn.PoolingHttpClientConnectionManager] Connection released: [id: 14][route: {s}->https://repo.maven.apache.org:443][total kept alive: 8; route allocated: 8 of 20; total allocated: 8 of 20]
2021-06-06T09:17:09.906-0500 [DEBUG] [org.gradle.internal.operations.DefaultBuildOperationRunner] Build operation 'Download https://repo.maven.apache.org/maven2/org/bouncycastle/bcprov-jdk15on/1.56/bcprov-jdk15on-1.56.pom' completed
2021-06-06T09:17:09.906-0500 [DEBUG] [org.gradle.internal.operations.DefaultBuildOperationRunner] Build operation 'Download https://repo.maven.apache.org/maven2/org/bouncycastle/bcpkix-jdk15on/1.56/bcpkix-jdk15on-1.56.pom' completed
2021-06-06T09:17:09.912-0500 [DEBUG] [org.gradle.api.internal.artifacts.ivyservice.ivyresolve.RepositoryChainComponentMetaDataResolver] Attempting to resolve component for org.sonatype.oss:oss-parent:7 using repositories [Google, MavenRepo]
2021-06-06T09:17:09.912-0500 [DEBUG] [org.gradle.api.internal.artifacts.ivyservice.ivyresolve.CachingModuleComponentRepository] Detected non-existence of module 'org.sonatype.oss:oss-parent:7' in resolver cache 'Google'
2021-06-06T09:17:09.912-0500 [DEBUG] [org.gradle.api.internal.artifacts.ivyservice.ivyresolve.CachingModuleComponentRepository] Using cached module metadata for module 'org.sonatype.oss:oss-parent:7' in 'MavenRepo'
2021-06-06T09:17:09.912-0500 [DEBUG] [org.gradle.api.internal.artifacts.ivyservice.ivyresolve.RepositoryChainComponentMetaDataResolver] Using org.sonatype.oss:oss-parent:7 from Maven repository 'MavenRepo'
2021-06-06T09:17:09.912-0500 [DEBUG] [org.gradle.api.internal.artifacts.ivyservice.ivyresolve.CachingModuleComponentRepository] Found artifact 'oss-parent-7.pom (org.sonatype.oss:oss-parent:7)' in resolver cache: C:\Users\gathi\.gradle\caches\modules-2\files-2.1\org.sonatype.oss\oss-parent\7\46b8a785b60a2767095b8611613b58577e96d4c9\oss-parent-7.pom
2021-06-06T09:17:09.918-0500 [DEBUG] [org.gradle.api.internal.artifacts.repositories.resolver.ExternalResourceResolver] Metadata file found for module 'com.squareup:javawriter:2.5.0' in repository 'MavenRepo'.
2021-06-06T09:17:09.918-0500 [DEBUG] [org.gradle.api.internal.artifacts.ivyservice.modulecache.PersistentModuleMetadataCache] Recording module descriptor in cache: com.squareup:javawriter:2.5.0 [changing = false]
2021-06-06T09:17:09.919-0500 [DEBUG] [org.gradle.api.internal.artifacts.repositories.resolver.ExternalResourceResolver] Metadata file found for module 'org.bouncycastle:bcprov-jdk15on:1.56' in repository 'MavenRepo'.
2021-06-06T09:17:09.920-0500 [DEBUG] [org.gradle.api.internal.artifacts.ivyservice.modulecache.PersistentModuleMetadataCache] Recording module descriptor in cache: org.bouncycastle:bcprov-jdk15on:1.56 [changing = false]
2021-06-06T09:17:09.927-0500 [DEBUG] [org.gradle.api.internal.artifacts.ivyservice.ivyresolve.RepositoryChainComponentMetaDataResolver] Using com.squareup:javawriter:2.5.0 from Maven repository 'MavenRepo'
2021-06-06T09:17:09.928-0500 [DEBUG] [org.gradle.api.internal.artifacts.ivyservice.ivyresolve.RepositoryChainComponentMetaDataResolver] Attempting to resolve component for org.ow2.asm:asm-tree:7.0 using repositories [Google, MavenRepo]
2021-06-06T09:17:09.928-0500 [DEBUG] [org.gradle.api.internal.artifacts.repositories.resolver.ExternalResourceResolver] Metadata file found for module 'org.bouncycastle:bcpkix-jdk15on:1.56' in repository 'MavenRepo'.
2021-06-06T09:17:09.928-0500 [DEBUG] [org.gradle.api.internal.artifacts.ivyservice.modulecache.PersistentModuleMetadataCache] Recording module descriptor in cache: org.bouncycastle:bcpkix-jdk15on:1.56 [changing = false]
2021-06-06T09:17:09.931-0500 [DEBUG] [org.gradle.api.internal.artifacts.ivyservice.ivyresolve.RepositoryChainComponentMetaDataResolver] Using org.bouncycastle:bcprov-jdk15on:1.56 from Maven repository 'MavenRepo'
2021-06-06T09:17:09.931-0500 [DEBUG] [org.gradle.api.internal.artifacts.repositories.resolver.DefaultExternalResourceArtifactResolver] Loading https://dl.google.com/dl/android/maven2/org/ow2/asm/asm-tree/7.0/asm-tree-7.0.pom
2021-06-06T09:17:09.932-0500 [DEBUG] [org.gradle.internal.resource.transfer.DefaultCacheAwareExternalResourceAccessor] Constructing external resource: https://dl.google.com/dl/android/maven2/org/ow2/asm/asm-tree/7.0/asm-tree-7.0.pom
2021-06-06T09:17:09.932-0500 [DEBUG] [org.gradle.api.internal.artifacts.ivyservice.ivyresolve.RepositoryChainComponentMetaDataResolver] Attempting to resolve component for javax.inject:javax.inject:1 using repositories [Google, MavenRepo]
2021-06-06T09:17:09.934-0500 [DEBUG] [org.apache.http.impl.execchain.MainClientExec] Connection can be kept alive indefinitely
2021-06-06T09:17:09.934-0500 [DEBUG] [org.gradle.internal.resource.transport.http.HttpResponseResource] Attempting to download resource https://dl.google.com/dl/android/maven2/com/android/tools/analytics-library/protos/27.2.1/protos-27.2.1.module.
2021-06-06T09:17:09.936-0500 [INFO] [org.gradle.internal.resource.transfer.DefaultCacheAwareExternalResourceAccessor] Downloading https://dl.google.com/dl/android/maven2/com/android/tools/analytics-library/protos/27.2.1/protos-27.2.1.module to C:\Users\gathi\AppData\Local\Temp\gradle_download16284388415622539083bin
2021-06-06T09:17:09.936-0500 [DEBUG] [org.gradle.api.internal.artifacts.ivyservice.ivyresolve.RepositoryChainComponentMetaDataResolver] Using org.bouncycastle:bcpkix-jdk15on:1.56 from Maven repository 'MavenRepo'
2021-06-06T09:17:09.936-0500 [DEBUG] [org.gradle.api.internal.artifacts.repositories.resolver.DefaultExternalResourceArtifactResolver] Loading https://dl.google.com/dl/android/maven2/javax/inject/javax.inject/1/javax.inject-1.pom
2021-06-06T09:17:09.937-0500 [DEBUG] [org.gradle.internal.resource.transfer.DefaultCacheAwareExternalResourceAccessor] Constructing external resource: https://dl.google.com/dl/android/maven2/javax/inject/javax.inject/1/javax.inject-1.pom
2021-06-06T09:17:09.937-0500 [DEBUG] [org.gradle.api.internal.artifacts.ivyservice.ivyresolve.RepositoryChainComponentMetaDataResolver] Attempting to resolve component for it.unimi.dsi:fastutil:8.4.0 using repositories [Google, MavenRepo]
2021-06-06T09:17:09.937-0500 [DEBUG] [org.gradle.api.internal.artifacts.repositories.resolver.DefaultExternalResourceArtifactResolver] Loading https://dl.google.com/dl/android/maven2/it/unimi/dsi/fastutil/8.4.0/fastutil-8.4.0.pom
2021-06-06T09:17:09.937-0500 [DEBUG] [org.apache.http.impl.conn.PoolingHttpClientConnectionManager] Connection [id: 7][route: {s}->https://dl.google.com:443] can be kept alive indefinitely
2021-06-06T09:17:09.937-0500 [DEBUG] [org.apache.http.impl.conn.DefaultManagedHttpClientConnection] http-outgoing-7: set socket timeout to 0
2021-06-06T09:17:09.937-0500 [DEBUG] [org.gradle.internal.resource.transfer.DefaultCacheAwareExternalResourceAccessor] Constructing external resource: https://dl.google.com/dl/android/maven2/it/unimi/dsi/fastutil/8.4.0/fastutil-8.4.0.pom
2021-06-06T09:17:09.938-0500 [DEBUG] [org.apache.http.impl.conn.PoolingHttpClientConnectionManager] Connection released: [id: 7][route: {s}->https://dl.google.com:443][total kept alive: 4; route allocated: 8 of 20; total allocated: 8 of 20]
2021-06-06T09:17:09.938-0500 [DEBUG] [org.gradle.internal.operations.DefaultBuildOperationRunner] Build operation 'Download https://dl.google.com/dl/android/maven2/com/android/tools/analytics-library/protos/27.2.1/protos-27.2.1.module' completed
2021-06-06T09:17:09.939-0500 [DEBUG] [org.gradle.internal.resource.transport.http.HttpResourceAccessor] Constructing external resource metadata: https://dl.google.com/dl/android/maven2/org/ow2/asm/asm-tree/7.0/asm-tree-7.0.pom
2021-06-06T09:17:09.939-0500 [DEBUG] [org.gradle.internal.resource.transport.http.HttpClientHelper] Performing HTTP HEAD: https://dl.google.com/dl/android/maven2/org/ow2/asm/asm-tree/7.0/asm-tree-7.0.pom
2021-06-06T09:17:09.939-0500 [DEBUG] [org.apache.http.client.protocol.RequestAddCookies] CookieSpec selected: default
2021-06-06T09:17:09.939-0500 [DEBUG] [org.apache.http.client.protocol.RequestAuthCache] Auth cache not set in the context
2021-06-06T09:17:09.940-0500 [DEBUG] [org.apache.http.impl.conn.PoolingHttpClientConnectionManager] Connection request: [route: {s}->https://dl.google.com:443][total kept alive: 4; route allocated: 8 of 20; total allocated: 8 of 20]
2021-06-06T09:17:09.940-0500 [DEBUG] [org.apache.http.impl.conn.PoolingHttpClientConnectionManager] Connection leased: [id: 7][route: {s}->https://dl.google.com:443][total kept alive: 3; route allocated: 8 of 20; total allocated: 8 of 20]
2021-06-06T09:17:09.940-0500 [DEBUG] [org.apache.http.impl.conn.DefaultManagedHttpClientConnection] http-outgoing-7: set socket timeout to 30000
2021-06-06T09:17:09.940-0500 [DEBUG] [org.apache.http.impl.conn.DefaultManagedHttpClientConnection] http-outgoing-7: set socket timeout to 30000
2021-06-06T09:17:09.939-0500 [DEBUG] [org.gradle.internal.resource.transport.http.HttpResourceAccessor] Constructing external resource: https://dl.google.com/dl/android/maven2/it/unimi/dsi/fastutil/8.4.0/fastutil-8.4.0.pom
2021-06-06T09:17:09.940-0500 [DEBUG] [org.apache.http.impl.execchain.MainClientExec] Executing request HEAD /dl/android/maven2/org/ow2/asm/asm-tree/7.0/asm-tree-7.0.pom HTTP/1.1
2021-06-06T09:17:09.939-0500 [DEBUG] [org.apache.http.impl.execchain.MainClientExec] Connection can be kept alive indefinitely
2021-06-06T09:17:09.940-0500 [DEBUG] [org.gradle.internal.resource.transport.http.HttpClientHelper] Performing HTTP GET: https://dl.google.com/dl/android/maven2/it/unimi/dsi/fastutil/8.4.0/fastutil-8.4.0.pom
2021-06-06T09:17:09.940-0500 [DEBUG] [org.apache.http.impl.execchain.MainClientExec] Target auth state: UNCHALLENGED
2021-06-06T09:17:09.941-0500 [DEBUG] [org.gradle.internal.resource.transport.http.HttpResourceAccessor] Constructing external resource metadata: https://dl.google.com/dl/android/maven2/javax/inject/javax.inject/1/javax.inject-1.pom
2021-06-06T09:17:09.941-0500 [DEBUG] [org.apache.http.impl.execchain.MainClientExec] Proxy auth state: UNCHALLENGED
2021-06-06T09:17:09.941-0500 [DEBUG] [org.apache.http.client.protocol.RequestAddCookies] CookieSpec selected: default
2021-06-06T09:17:09.941-0500 [DEBUG] [org.gradle.internal.resource.transport.http.HttpClientHelper] Performing HTTP HEAD: https://dl.google.com/dl/android/maven2/javax/inject/javax.inject/1/javax.inject-1.pom
2021-06-06T09:17:09.941-0500 [DEBUG] [org.gradle.internal.resource.transport.http.HttpResponseResource] Attempting to download resource https://dl.google.com/dl/android/maven2/com/android/tools/build/apksig/4.2.1/apksig-4.2.1.module.
2021-06-06T09:17:09.941-0500 [DEBUG] [org.apache.http.client.protocol.RequestAuthCache] Auth cache not set in the context
2021-06-06T09:17:09.941-0500 [DEBUG] [org.apache.http.client.protocol.RequestAddCookies] CookieSpec selected: default
2021-06-06T09:17:09.942-0500 [DEBUG] [org.apache.http.client.protocol.RequestAuthCache] Auth cache not set in the context
2021-06-06T09:17:09.942-0500 [DEBUG] [org.apache.http.impl.conn.PoolingHttpClientConnectionManager] Connection request: [route: {s}->https://dl.google.com:443][total kept alive: 3; route allocated: 8 of 20; total allocated: 8 of 20]
2021-06-06T09:17:09.942-0500 [DEBUG] [org.apache.http.impl.conn.PoolingHttpClientConnectionManager] Connection request: [route: {s}->https://dl.google.com:443][total kept alive: 3; route allocated: 8 of 20; total allocated: 8 of 20]
2021-06-06T09:17:09.942-0500 [DEBUG] [org.apache.http.impl.conn.PoolingHttpClientConnectionManager] Connection leased: [id: 0][route: {s}->https://dl.google.com:443][total kept alive: 2; route allocated: 8 of 20; total allocated: 8 of 20]
2021-06-06T09:17:09.942-0500 [DEBUG] [org.apache.http.impl.conn.PoolingHttpClientConnectionManager] Connection leased: [id: 5][route: {s}->https://dl.google.com:443][total kept alive: 1; route allocated: 8 of 20; total allocated: 8 of 20]
2021-06-06T09:17:09.942-0500 [DEBUG] [org.apache.http.impl.conn.DefaultManagedHttpClientConnection] http-outgoing-5: set socket timeout to 30000
2021-06-06T09:17:09.942-0500 [DEBUG] [org.apache.http.impl.conn.DefaultManagedHttpClientConnection] http-outgoing-0: set socket timeout to 30000
2021-06-06T09:17:09.942-0500 [DEBUG] [org.apache.http.impl.conn.DefaultManagedHttpClientConnection] http-outgoing-5: set socket timeout to 30000
2021-06-06T09:17:09.943-0500 [DEBUG] [org.apache.http.impl.conn.DefaultManagedHttpClientConnection] http-outgoing-0: set socket timeout to 30000
2021-06-06T09:17:09.943-0500 [DEBUG] [org.apache.http.impl.execchain.MainClientExec] Executing request HEAD /dl/android/maven2/javax/inject/javax.inject/1/javax.inject-1.pom HTTP/1.1
2021-06-06T09:17:09.943-0500 [DEBUG] [org.apache.http.impl.execchain.MainClientExec] Target auth state: UNCHALLENGED
2021-06-06T09:17:09.943-0500 [DEBUG] [org.apache.http.impl.execchain.MainClientExec] Proxy auth state: UNCHALLENGED
2021-06-06T09:17:09.943-0500 [DEBUG] [org.apache.http.impl.execchain.MainClientExec] Executing request GET /dl/android/maven2/it/unimi/dsi/fastutil/8.4.0/fastutil-8.4.0.pom HTTP/1.1
2021-06-06T09:17:09.943-0500 [INFO] [org.gradle.internal.resource.transfer.DefaultCacheAwareExternalResourceAccessor] Downloading https://dl.google.com/dl/android/maven2/com/android/tools/build/apksig/4.2.1/apksig-4.2.1.module to C:\Users\gathi\AppData\Local\Temp\gradle_download8024949352103648820bin
2021-06-06T09:17:09.943-0500 [DEBUG] [org.apache.http.impl.execchain.MainClientExec] Target auth state: UNCHALLENGED
2021-06-06T09:17:09.944-0500 [DEBUG] [org.apache.http.impl.execchain.MainClientExec] Proxy auth state: UNCHALLENGED
2021-06-06T09:17:09.945-0500 [DEBUG] [org.apache.http.impl.conn.PoolingHttpClientConnectionManager] Connection [id: 8][route: {s}->https://dl.google.com:443] can be kept alive indefinitely
2021-06-06T09:17:09.945-0500 [DEBUG] [org.apache.http.impl.conn.DefaultManagedHttpClientConnection] http-outgoing-8: set socket timeout to 0
2021-06-06T09:17:09.945-0500 [DEBUG] [org.apache.http.impl.conn.PoolingHttpClientConnectionManager] Connection released: [id: 8][route: {s}->https://dl.google.com:443][total kept alive: 2; route allocated: 8 of 20; total allocated: 8 of 20]
2021-06-06T09:17:09.945-0500 [DEBUG] [org.gradle.internal.operations.DefaultBuildOperationRunner] Build operation 'Download https://dl.google.com/dl/android/maven2/com/android/tools/build/apksig/4.2.1/apksig-4.2.1.module' completed
2021-06-06T09:17:09.947-0500 [DEBUG] [org.apache.http.impl.execchain.MainClientExec] Connection can be kept alive indefinitely
2021-06-06T09:17:09.948-0500 [DEBUG] [org.gradle.internal.resource.transport.http.HttpResponseResource] Attempting to download resource https://dl.google.com/dl/android/maven2/com/android/tools/build/apkzlib/4.2.1/apkzlib-4.2.1.pom.
2021-06-06T09:17:09.950-0500 [INFO] [org.gradle.internal.resource.transfer.DefaultCacheAwareExternalResourceAccessor] Downloading https://dl.google.com/dl/android/maven2/com/android/tools/build/apkzlib/4.2.1/apkzlib-4.2.1.pom to C:\Users\gathi\AppData\Local\Temp\gradle_download12729182329813409170bin
2021-06-06T09:17:09.952-0500 [DEBUG] [org.apache.http.impl.conn.PoolingHttpClientConnectionManager] Connection [id: 4][route: {s}->https://dl.google.com:443] can be kept alive indefinitely
2021-06-06T09:17:09.952-0500 [DEBUG] [org.apache.http.impl.conn.DefaultManagedHttpClientConnection] http-outgoing-4: set socket timeout to 0
2021-06-06T09:17:09.952-0500 [DEBUG] [org.apache.http.impl.conn.PoolingHttpClientConnectionManager] Connection released: [id: 4][route: {s}->https://dl.google.com:443][total kept alive: 3; route allocated: 8 of 20; total allocated: 8 of 20]
2021-06-06T09:17:09.952-0500 [DEBUG] [org.gradle.internal.operations.DefaultBuildOperationRunner] Build operation 'Download https://dl.google.com/dl/android/maven2/com/android/tools/build/apkzlib/4.2.1/apkzlib-4.2.1.pom' completed
2021-06-06T09:17:09.953-0500 [DEBUG] [org.gradle.api.internal.artifacts.ivyservice.modulecache.PersistentModuleMetadataCache] Recording module descriptor in cache: com.android.tools.analytics-library:protos:27.2.1 [changing = false]
2021-06-06T09:17:09.959-0500 [DEBUG] [org.gradle.api.internal.artifacts.ivyservice.modulecache.PersistentModuleMetadataCache] Recording module descriptor in cache: com.android.tools.build:apksig:4.2.1 [changing = false]
2021-06-06T09:17:09.965-0500 [DEBUG] [org.gradle.api.internal.artifacts.ivyservice.ivyresolve.RepositoryChainComponentMetaDataResolver] Using com.android.tools.analytics-library:protos:27.2.1 from Maven repository 'Google'
2021-06-06T09:17:09.965-0500 [LIFECYCLE] [org.gradle.internal.operations.DefaultBuildOperationRunner] 
2021-06-06T09:17:09.965-0500 [DEBUG] [org.gradle.internal.operations.DefaultBuildOperationRunner] Completing Build operation 'Resolve com.android.tools.analytics-library:protos:27.2.1'
2021-06-06T09:17:09.965-0500 [DEBUG] [org.gradle.internal.operations.DefaultBuildOperationRunner] Build operation 'Resolve com.android.tools.analytics-library:protos:27.2.1' completed
2021-06-06T09:17:09.966-0500 [DEBUG] [org.gradle.internal.operations.DefaultBuildOperationRunner] Build operation 'Resolve com.googlecode.json-simple:json-simple:1.1' started
2021-06-06T09:17:09.971-0500 [DEBUG] [org.gradle.internal.operations.DefaultBuildOperationRunner] Build operation 'Download https://dl.google.com/dl/android/maven2/com/googlecode/json-simple/json-simple/1.1/json-simple-1.1.pom' started
2021-06-06T09:17:09.971-0500 [DEBUG] [org.gradle.internal.operations.DefaultBuildOperationRunner] Completing Build operation 'Resolve com.android.tools.build:apksig:4.2.1'
2021-06-06T09:17:09.971-0500 [DEBUG] [org.gradle.internal.operations.DefaultBuildOperationRunner] Build operation 'Resolve com.android.tools.build:apksig:4.2.1' completed
2021-06-06T09:17:09.971-0500 [DEBUG] [org.gradle.internal.work.DefaultWorkerLeaseService] Worker lease root.1.25.30 completed (7 worker(s) in use)
2021-06-06T09:17:09.971-0500 [DEBUG] [org.gradle.internal.resources.AbstractTrackedResourceLock] Build operations Thread 3: released lock on root.1.25.30
2021-06-06T09:17:09.971-0500 [DEBUG] [org.gradle.internal.operations.DefaultBuildOperationRunner] Build operation 'Download https://dl.google.com/dl/android/maven2/com/android/tools/build/apkzlib/4.2.1/apkzlib-4.2.1.module' started
2021-06-06T09:17:09.971-0500 [DEBUG] [org.gradle.internal.work.DefaultWorkerLeaseService] Worker lease root.1.25.32 started (8 worker(s) in use).
2021-06-06T09:17:09.972-0500 [DEBUG] [org.gradle.internal.resources.AbstractTrackedResourceLock] Build operations Thread 8: acquired lock on root.1.25.32
2021-06-06T09:17:09.973-0500 [DEBUG] [org.gradle.internal.operations.DefaultBuildOperationRunner] Build operation 'Resolve com.android.tools.ddms:ddmlib:27.2.1' started
2021-06-06T09:17:09.973-0500 [DEBUG] [org.gradle.internal.operations.DefaultBuildOperationRunner] Completing Build operation 'Download https://dl.google.com/dl/android/maven2/com/android/tools/sdklib/27.2.1/sdklib-27.2.1.module'
2021-06-06T09:17:09.980-0500 [DEBUG] [org.gradle.internal.operations.DefaultBuildOperationRunner] Build operation 'Download https://dl.google.com/dl/android/maven2/com/android/tools/ddms/ddmlib/27.2.1/ddmlib-27.2.1.pom' started
2021-06-06T09:17:09.984-0500 [DEBUG] [org.gradle.internal.operations.DefaultBuildOperationRunner] Completing Build operation 'Metadata of https://dl.google.com/dl/android/maven2/org/ow2/asm/asm-tree/7.0/asm-tree-7.0.pom'
2021-06-06T09:17:09.986-0500 [DEBUG] [org.gradle.internal.operations.DefaultBuildOperationRunner] Completing Build operation 'Metadata of https://dl.google.com/dl/android/maven2/javax/inject/javax.inject/1/javax.inject-1.pom'
2021-06-06T09:17:09.986-0500 [DEBUG] [org.gradle.internal.operations.DefaultBuildOperationRunner] Completing Build operation 'Download https://dl.google.com/dl/android/maven2/it/unimi/dsi/fastutil/8.4.0/fastutil-8.4.0.pom'
2021-06-06T09:17:09.988-0500 [DEBUG] [org.gradle.internal.operations.DefaultBuildOperationRunner] Completing Build operation 'Resolve com.android.tools:sdklib:27.2.1'
2021-06-06T09:17:09.988-0500 [DEBUG] [org.gradle.internal.operations.DefaultBuildOperationRunner] Build operation 'Resolve com.android.tools:sdklib:27.2.1' completed
2021-06-06T09:17:09.988-0500 [DEBUG] [org.gradle.internal.work.DefaultWorkerLeaseService] Worker lease root.1.25.27 completed (7 worker(s) in use)
2021-06-06T09:17:09.988-0500 [DEBUG] [org.gradle.internal.resources.AbstractTrackedResourceLock] Build operations: released lock on root.1.25.27
2021-06-06T09:17:09.990-0500 [DEBUG] [org.gradle.internal.operations.DefaultBuildOperationRunner] Build operation 'Download https://repo.maven.apache.org/maven2/it/unimi/dsi/fastutil/8.4.0/fastutil-8.4.0.pom' started
2021-06-06T09:17:09.991-0500 [DEBUG] [org.gradle.internal.operations.DefaultBuildOperationRunner] Build operation 'Metadata of https://repo.maven.apache.org/maven2/javax/inject/javax.inject/1/javax.inject-1.pom' started
2021-06-06T09:17:09.991-0500 [DEBUG] [org.gradle.internal.operations.DefaultBuildOperationRunner] Build operation 'Metadata of https://repo.maven.apache.org/maven2/org/ow2/asm/asm-tree/7.0/asm-tree-7.0.pom' started
2021-06-06T09:17:09.995-0500 [DEBUG] [org.gradle.internal.operations.DefaultBuildOperationRunner] Completing Build operation 'Download https://dl.google.com/dl/android/maven2/com/android/tools/analytics-library/tracker/27.2.1/tracker-27.2.1.module'
2021-06-06T09:17:10.010-0500 [DEBUG] [org.gradle.internal.operations.DefaultBuildOperationRunner] Completing Build operation 'Resolve com.android.tools.analytics-library:tracker:27.2.1'
2021-06-06T09:17:10.010-0500 [DEBUG] [org.gradle.internal.operations.DefaultBuildOperationRunner] Build operation 'Resolve com.android.tools.analytics-library:tracker:27.2.1' completed
2021-06-06T09:17:10.010-0500 [DEBUG] [org.gradle.internal.work.DefaultWorkerLeaseService] Worker lease root.1.25.29 completed (6 worker(s) in use)
2021-06-06T09:17:10.010-0500 [DEBUG] [org.gradle.internal.resources.AbstractTrackedResourceLock] Build operations Thread 2: released lock on root.1.25.29
2021-06-06T09:17:10.013-0500 [DEBUG] [org.gradle.internal.operations.DefaultBuildOperationRunner] Completing Build operation 'Metadata of https://repo.maven.apache.org/maven2/org/ow2/asm/asm-tree/7.0/asm-tree-7.0.pom'
2021-06-06T09:17:10.013-0500 [DEBUG] [org.gradle.internal.operations.DefaultBuildOperationRunner] Completing Build operation 'Metadata of https://repo.maven.apache.org/maven2/javax/inject/javax.inject/1/javax.inject-1.pom'
2021-06-06T09:17:10.017-0500 [DEBUG] [org.gradle.internal.operations.DefaultBuildOperationRunner] Completing Build operation 'Download https://repo.maven.apache.org/maven2/it/unimi/dsi/fastutil/8.4.0/fastutil-8.4.0.pom'
2021-06-06T09:17:10.028-0500 [DEBUG] [org.gradle.internal.operations.DefaultBuildOperationRunner] Completing Build operation 'Download https://dl.google.com/dl/android/maven2/com/android/tools/build/apkzlib/4.2.1/apkzlib-4.2.1.module'
2021-06-06T09:17:10.032-0500 [DEBUG] [org.gradle.internal.operations.DefaultBuildOperationRunner] Completing Build operation 'Download https://dl.google.com/dl/android/maven2/com/android/tools/ddms/ddmlib/27.2.1/ddmlib-27.2.1.pom'
2021-06-06T09:17:10.064-0500 [DEBUG] [org.gradle.internal.operations.DefaultBuildOperationRunner] Completing Build operation 'Resolve it.unimi.dsi:fastutil:8.4.0'
2021-06-06T09:17:10.064-0500 [DEBUG] [org.gradle.internal.operations.DefaultBuildOperationRunner] Build operation 'Resolve it.unimi.dsi:fastutil:8.4.0' completed
2021-06-06T09:17:10.064-0500 [DEBUG] [org.gradle.internal.work.DefaultWorkerLeaseService] Worker lease root.1.25.26 completed (5 worker(s) in use)
2021-06-06T09:17:10.064-0500 [DEBUG] [org.gradle.internal.resources.AbstractTrackedResourceLock] Build operations Thread 4: released lock on root.1.25.26
2021-06-06T09:17:10.068-0500 [DEBUG] [org.gradle.internal.operations.DefaultBuildOperationRunner] Completing Build operation 'Resolve org.ow2.asm:asm-tree:7.0'
2021-06-06T09:17:10.068-0500 [DEBUG] [org.gradle.internal.operations.DefaultBuildOperationRunner] Build operation 'Resolve org.ow2.asm:asm-tree:7.0' completed
2021-06-06T09:17:10.068-0500 [DEBUG] [org.gradle.internal.work.DefaultWorkerLeaseService] Worker lease root.1.25.33 completed (4 worker(s) in use)
2021-06-06T09:17:10.068-0500 [DEBUG] [org.gradle.internal.resources.AbstractTrackedResourceLock] Build operations Thread 7: released lock on root.1.25.33
2021-06-06T09:17:10.073-0500 [DEBUG] [org.gradle.internal.operations.DefaultBuildOperationRunner] Completing Build operation 'Resolve javax.inject:javax.inject:1'
2021-06-06T09:17:10.073-0500 [DEBUG] [org.gradle.internal.operations.DefaultBuildOperationRunner] Build operation 'Resolve javax.inject:javax.inject:1' completed
2021-06-06T09:17:10.073-0500 [DEBUG] [org.gradle.internal.work.DefaultWorkerLeaseService] Worker lease root.1.25.31 completed (3 worker(s) in use)
2021-06-06T09:17:10.073-0500 [DEBUG] [org.gradle.internal.resources.AbstractTrackedResourceLock] Build operations Thread 6: released lock on root.1.25.31
2021-06-06T09:17:10.077-0500 [DEBUG] [org.gradle.internal.operations.DefaultBuildOperationRunner] Completing Build operation 'Resolve com.android.tools.build:apkzlib:4.2.1'
2021-06-06T09:17:10.079-0500 [DEBUG] [org.gradle.internal.operations.DefaultBuildOperationRunner] Build operation 'Download https://dl.google.com/dl/android/maven2/com/android/tools/ddms/ddmlib/27.2.1/ddmlib-27.2.1.module' started
2021-06-06T09:17:10.089-0500 [DEBUG] [org.gradle.internal.operations.DefaultBuildOperationRunner] Completing Build operation 'Download https://dl.google.com/dl/android/maven2/com/googlecode/json-simple/json-simple/1.1/json-simple-1.1.pom'
2021-06-06T09:17:10.091-0500 [DEBUG] [org.gradle.internal.operations.DefaultBuildOperationRunner] Build operation 'Download https://repo.maven.apache.org/maven2/com/googlecode/json-simple/json-simple/1.1/json-simple-1.1.pom' started
2021-06-06T09:17:10.125-0500 [DEBUG] [org.gradle.internal.operations.DefaultBuildOperationRunner] Completing Build operation 'Download https://repo.maven.apache.org/maven2/com/googlecode/json-simple/json-simple/1.1/json-simple-1.1.pom'
2021-06-06T09:17:10.137-0500 [DEBUG] [org.gradle.internal.operations.DefaultBuildOperationRunner] Completing Build operation 'Download https://dl.google.com/dl/android/maven2/com/android/tools/ddms/ddmlib/27.2.1/ddmlib-27.2.1.module'
2021-06-06T09:17:10.139-0500 [DEBUG] [org.gradle.internal.operations.DefaultBuildOperationRunner] Completing Build operation 'Resolve com.googlecode.json-simple:json-simple:1.1'
2021-06-06T09:17:10.139-0500 [DEBUG] [org.gradle.internal.operations.DefaultBuildOperationRunner] Build operation 'Resolve com.googlecode.json-simple:json-simple:1.1' completed
2021-06-06T09:17:10.139-0500 [DEBUG] [org.gradle.internal.work.DefaultWorkerLeaseService] Worker lease root.1.25.28 completed (1 worker(s) in use)
2021-06-06T09:17:10.139-0500 [DEBUG] [org.gradle.internal.resources.AbstractTrackedResourceLock] Build operations Thread 5: released lock on root.1.25.28
2021-06-06T09:17:10.152-0500 [DEBUG] [org.gradle.internal.operations.DefaultBuildOperationRunner] Completing Build operation 'Resolve com.android.tools.ddms:ddmlib:27.2.1'
2021-06-06T09:17:10.152-0500 [DEBUG] [org.gradle.internal.operations.DefaultBuildOperationRunner] Build operation 'Resolve com.android.tools.ddms:ddmlib:27.2.1' completed
2021-06-06T09:17:10.152-0500 [DEBUG] [org.gradle.internal.work.DefaultWorkerLeaseService] Worker lease root.1.25.32 completed (1 worker(s) in use)
2021-06-06T09:17:10.152-0500 [DEBUG] [org.gradle.internal.resources.AbstractTrackedResourceLock] Build operations Thread 8: released lock on root.1.25.32
2021-06-06T09:17:10.158-0500 [DEBUG] [org.gradle.internal.operations.DefaultBuildOperationRunner] Build operation 'Resolve com.android.tools.layoutlib:layoutlib-api:27.2.1' started
2021-06-06T09:17:10.158-0500 [DEBUG] [org.gradle.internal.work.DefaultWorkerLeaseService] Worker lease root.1.35.37 started (2 worker(s) in use).
2021-06-06T09:17:10.158-0500 [DEBUG] [org.gradle.internal.resources.AbstractTrackedResourceLock] Build operations Thread 3: acquired lock on root.1.35.37
2021-06-06T09:17:10.158-0500 [DEBUG] [org.gradle.internal.operations.DefaultBuildOperationRunner] Build operation 'Resolve com.google.guava:guava:28.1-jre' started
2021-06-06T09:17:10.159-0500 [DEBUG] [org.gradle.internal.operations.DefaultBuildOperationRunner] Build operation 'Download https://dl.google.com/dl/android/maven2/com/android/tools/layoutlib/layoutlib-api/27.2.1/layoutlib-api-27.2.1.pom' started
2021-06-06T09:17:10.161-0500 [DEBUG] [org.gradle.internal.operations.DefaultBuildOperationRunner] Build operation 'Download https://dl.google.com/dl/android/maven2/com/google/guava/guava/28.1-jre/guava-28.1-jre.pom' started
2021-06-06T09:17:10.204-0500 [DEBUG] [org.gradle.internal.operations.DefaultBuildOperationRunner] Completing Build operation 'Download https://dl.google.com/dl/android/maven2/com/android/tools/layoutlib/layoutlib-api/27.2.1/layoutlib-api-27.2.1.pom'
2021-06-06T09:17:10.208-0500 [DEBUG] [org.gradle.internal.operations.DefaultBuildOperationRunner] Completing Build operation 'Download https://dl.google.com/dl/android/maven2/com/google/guava/guava/28.1-jre/guava-28.1-jre.pom'
2021-06-06T09:17:10.212-0500 [DEBUG] [org.gradle.internal.operations.DefaultBuildOperationRunner] Build operation 'Download https://repo.maven.apache.org/maven2/com/google/guava/guava/28.1-jre/guava-28.1-jre.pom' started
2021-06-06T09:17:10.217-0500 [DEBUG] [org.gradle.internal.operations.DefaultBuildOperationRunner] Build operation 'Download https://dl.google.com/dl/android/maven2/com/android/tools/layoutlib/layoutlib-api/27.2.1/layoutlib-api-27.2.1.module' started
2021-06-06T09:17:10.236-0500 [DEBUG] [org.gradle.internal.operations.DefaultBuildOperationRunner] Completing Build operation 'Download https://repo.maven.apache.org/maven2/com/google/guava/guava/28.1-jre/guava-28.1-jre.pom'
2021-06-06T09:17:10.246-0500 [DEBUG] [org.gradle.internal.operations.DefaultBuildOperationRunner] Build operation 'Download https://dl.google.com/dl/android/maven2/com/google/guava/guava-parent/28.1-jre/guava-parent-28.1-jre.pom' started
2021-06-06T09:17:10.287-0500 [DEBUG] [org.gradle.internal.operations.DefaultBuildOperationRunner] Completing Build operation 'Download https://dl.google.com/dl/android/maven2/com/google/guava/guava-parent/28.1-jre/guava-parent-28.1-jre.pom'
2021-06-06T09:17:10.289-0500 [DEBUG] [org.gradle.internal.operations.DefaultBuildOperationRunner] Build operation 'Download https://repo.maven.apache.org/maven2/com/google/guava/guava-parent/28.1-jre/guava-parent-28.1-jre.pom' started
2021-06-06T09:17:10.303-0500 [DEBUG] [org.gradle.internal.operations.DefaultBuildOperationRunner] Completing Build operation 'Download https://dl.google.com/dl/android/maven2/com/android/tools/layoutlib/layoutlib-api/27.2.1/layoutlib-api-27.2.1.module'
2021-06-06T09:17:10.313-0500 [DEBUG] [org.gradle.internal.operations.DefaultBuildOperationRunner] Completing Build operation 'Download https://repo.maven.apache.org/maven2/com/google/guava/guava-parent/28.1-jre/guava-parent-28.1-jre.pom'
2021-06-06T09:17:10.322-0500 [DEBUG] [org.gradle.internal.operations.DefaultBuildOperationRunner] Completing Build operation 'Resolve com.android.tools.layoutlib:layoutlib-api:27.2.1'
2021-06-06T09:17:10.342-0500 [DEBUG] [org.gradle.internal.operations.DefaultBuildOperationRunner] Completing Build operation 'Resolve com.google.guava:guava:28.1-jre'
2021-06-06T09:17:10.342-0500 [DEBUG] [org.gradle.internal.operations.DefaultBuildOperationRunner] Build operation 'Resolve com.google.guava:guava:28.1-jre' completed
2021-06-06T09:17:10.342-0500 [DEBUG] [org.gradle.internal.work.DefaultWorkerLeaseService] Worker lease root.1.35.37 completed (1 worker(s) in use)
2021-06-06T09:17:10.342-0500 [DEBUG] [org.gradle.internal.resources.AbstractTrackedResourceLock] Build operations Thread 3: released lock on root.1.35.37
2021-06-06T09:17:10.344-0500 [DEBUG] [org.gradle.internal.operations.DefaultBuildOperationRunner] Build operation 'Resolve com.android.tools:annotations:27.2.1' started
2021-06-06T09:17:10.344-0500 [DEBUG] [org.gradle.internal.work.DefaultWorkerLeaseService] Worker lease root.1.38.42 started (2 worker(s) in use).
2021-06-06T09:17:10.345-0500 [DEBUG] [org.gradle.internal.resources.AbstractTrackedResourceLock] Build operations Thread 7: acquired lock on root.1.38.42
2021-06-06T09:17:10.345-0500 [DEBUG] [org.gradle.internal.work.DefaultWorkerLeaseService] Worker lease root.1.38.41 started (3 worker(s) in use).
2021-06-06T09:17:10.345-0500 [DEBUG] [org.gradle.internal.resources.AbstractTrackedResourceLock] Build operations Thread 4: acquired lock on root.1.38.41
2021-06-06T09:17:10.345-0500 [DEBUG] [org.gradle.internal.operations.DefaultBuildOperationRunner] Build operation 'Resolve org.apache.httpcomponents:httpclient:4.5.6' started
2021-06-06T09:17:10.345-0500 [DEBUG] [org.gradle.internal.work.DefaultWorkerLeaseService] Worker lease root.1.38.40 started (4 worker(s) in use).
2021-06-06T09:17:10.345-0500 [DEBUG] [org.gradle.internal.resources.AbstractTrackedResourceLock] Build operations Thread 2: acquired lock on root.1.38.40
2021-06-06T09:17:10.346-0500 [DEBUG] [org.gradle.internal.operations.DefaultBuildOperationRunner] Build operation 'Resolve org.apache.httpcomponents:httpmime:4.5.6' started
2021-06-06T09:17:10.345-0500 [DEBUG] [org.gradle.internal.operations.DefaultBuildOperationRunner] Build operation 'Resolve org.apache.httpcomponents:httpcore:4.4.10' started
2021-06-06T09:17:10.346-0500 [DEBUG] [org.gradle.internal.operations.DefaultBuildOperationRunner] Build operation 'Download https://dl.google.com/dl/android/maven2/com/android/tools/annotations/27.2.1/annotations-27.2.1.pom' started
2021-06-06T09:17:10.348-0500 [DEBUG] [org.gradle.internal.operations.DefaultBuildOperationRunner] Build operation 'Download https://dl.google.com/dl/android/maven2/org/apache/httpcomponents/httpmime/4.5.6/httpmime-4.5.6.pom' started
2021-06-06T09:17:10.348-0500 [DEBUG] [org.gradle.internal.operations.DefaultBuildOperationRunner] Build operation 'Download https://dl.google.com/dl/android/maven2/org/apache/httpcomponents/httpclient/4.5.6/httpclient-4.5.6.pom' started
2021-06-06T09:17:10.349-0500 [DEBUG] [org.gradle.internal.operations.DefaultBuildOperationRunner] Build operation 'Download https://dl.google.com/dl/android/maven2/org/apache/httpcomponents/httpcore/4.4.10/httpcore-4.4.10.pom' started
2021-06-06T09:17:10.391-0500 [DEBUG] [org.gradle.internal.operations.DefaultBuildOperationRunner] Completing Build operation 'Download https://dl.google.com/dl/android/maven2/org/apache/httpcomponents/httpcore/4.4.10/httpcore-4.4.10.pom'
2021-06-06T09:17:10.392-0500 [DEBUG] [org.gradle.internal.operations.DefaultBuildOperationRunner] Completing Build operation 'Download https://dl.google.com/dl/android/maven2/com/android/tools/annotations/27.2.1/annotations-27.2.1.pom'
2021-06-06T09:17:10.392-0500 [DEBUG] [org.gradle.internal.operations.DefaultBuildOperationRunner] Completing Build operation 'Download https://dl.google.com/dl/android/maven2/org/apache/httpcomponents/httpmime/4.5.6/httpmime-4.5.6.pom'
2021-06-06T09:17:10.394-0500 [DEBUG] [org.gradle.internal.operations.DefaultBuildOperationRunner] Completing Build operation 'Download https://dl.google.com/dl/android/maven2/org/apache/httpcomponents/httpclient/4.5.6/httpclient-4.5.6.pom'
2021-06-06T09:17:10.400-0500 [DEBUG] [org.gradle.internal.operations.DefaultBuildOperationRunner] Build operation 'Download https://repo.maven.apache.org/maven2/org/apache/httpcomponents/httpcore/4.4.10/httpcore-4.4.10.pom' started
2021-06-06T09:17:10.401-0500 [DEBUG] [org.gradle.internal.operations.DefaultBuildOperationRunner] Build operation 'Download https://repo.maven.apache.org/maven2/org/apache/httpcomponents/httpmime/4.5.6/httpmime-4.5.6.pom' started
2021-06-06T09:17:10.401-0500 [DEBUG] [org.gradle.internal.operations.DefaultBuildOperationRunner] Build operation 'Download https://repo.maven.apache.org/maven2/org/apache/httpcomponents/httpclient/4.5.6/httpclient-4.5.6.pom' started
2021-06-06T09:17:10.407-0500 [DEBUG] [org.gradle.internal.operations.DefaultBuildOperationRunner] Build operation 'Download https://dl.google.com/dl/android/maven2/com/android/tools/annotations/27.2.1/annotations-27.2.1.module' started
2021-06-06T09:17:10.425-0500 [DEBUG] [org.gradle.internal.operations.DefaultBuildOperationRunner] Completing Build operation 'Download https://repo.maven.apache.org/maven2/org/apache/httpcomponents/httpmime/4.5.6/httpmime-4.5.6.pom'
2021-06-06T09:17:10.427-0500 [DEBUG] [org.gradle.internal.operations.DefaultBuildOperationRunner] Completing Build operation 'Download https://repo.maven.apache.org/maven2/org/apache/httpcomponents/httpcore/4.4.10/httpcore-4.4.10.pom'
2021-06-06T09:17:10.439-0500 [DEBUG] [org.gradle.internal.operations.DefaultBuildOperationRunner] Completing Build operation 'Download https://repo.maven.apache.org/maven2/org/apache/httpcomponents/httpclient/4.5.6/httpclient-4.5.6.pom'
2021-06-06T09:17:10.450-0500 [DEBUG] [org.gradle.internal.operations.DefaultBuildOperationRunner] Build operation 'Download https://dl.google.com/dl/android/maven2/org/apache/httpcomponents/httpcomponents-client/4.5.6/httpcomponents-client-4.5.6.pom' started
2021-06-06T09:17:10.450-0500 [DEBUG] [org.gradle.internal.operations.DefaultBuildOperationRunner] Build operation 'Download https://dl.google.com/dl/android/maven2/org/apache/httpcomponents/httpcomponents-core/4.4.10/httpcomponents-core-4.4.10.pom' started
2021-06-06T09:17:10.454-0500 [DEBUG] [org.gradle.internal.operations.DefaultBuildOperationRunner] Completing Build operation 'Download https://dl.google.com/dl/android/maven2/com/android/tools/annotations/27.2.1/annotations-27.2.1.module'
2021-06-06T09:17:10.468-0500 [DEBUG] [org.gradle.internal.operations.DefaultBuildOperationRunner] Completing Build operation 'Resolve com.android.tools:annotations:27.2.1'
2021-06-06T09:17:10.493-0500 [DEBUG] [org.gradle.internal.operations.DefaultBuildOperationRunner] Completing Build operation 'Download https://dl.google.com/dl/android/maven2/org/apache/httpcomponents/httpcomponents-client/4.5.6/httpcomponents-client-4.5.6.pom'
2021-06-06T09:17:10.494-0500 [DEBUG] [org.gradle.internal.operations.DefaultBuildOperationRunner] Build operation 'Download https://dl.google.com/dl/android/maven2/org/apache/httpcomponents/httpcomponents-client/4.5.6/httpcomponents-client-4.5.6.pom' started
2021-06-06T09:17:10.495-0500 [DEBUG] [org.gradle.internal.operations.DefaultBuildOperationRunner] Build operation 'Download https://repo.maven.apache.org/maven2/org/apache/httpcomponents/httpcomponents-client/4.5.6/httpcomponents-client-4.5.6.pom' started
2021-06-06T09:17:10.515-0500 [DEBUG] [org.gradle.internal.operations.DefaultBuildOperationRunner] Completing Build operation 'Download https://dl.google.com/dl/android/maven2/org/apache/httpcomponents/httpcomponents-core/4.4.10/httpcomponents-core-4.4.10.pom'
2021-06-06T09:17:10.516-0500 [DEBUG] [org.gradle.internal.operations.DefaultBuildOperationRunner] Build operation 'Download https://repo.maven.apache.org/maven2/org/apache/httpcomponents/httpcomponents-core/4.4.10/httpcomponents-core-4.4.10.pom' started
2021-06-06T09:17:10.533-0500 [DEBUG] [org.gradle.internal.operations.DefaultBuildOperationRunner] Completing Build operation 'Download https://repo.maven.apache.org/maven2/org/apache/httpcomponents/httpcomponents-client/4.5.6/httpcomponents-client-4.5.6.pom'
2021-06-06T09:17:10.534-0500 [DEBUG] [org.gradle.internal.operations.DefaultBuildOperationRunner] Completing Build operation 'Download https://dl.google.com/dl/android/maven2/org/apache/httpcomponents/httpcomponents-client/4.5.6/httpcomponents-client-4.5.6.pom'
2021-06-06T09:17:10.541-0500 [DEBUG] [org.gradle.internal.operations.DefaultBuildOperationRunner] Completing Build operation 'Download https://repo.maven.apache.org/maven2/org/apache/httpcomponents/httpcomponents-core/4.4.10/httpcomponents-core-4.4.10.pom'
2021-06-06T09:17:10.552-0500 [DEBUG] [org.gradle.internal.operations.DefaultBuildOperationRunner] Build operation 'Download https://dl.google.com/dl/android/maven2/org/apache/httpcomponents/httpcomponents-parent/10/httpcomponents-parent-10.pom' started
2021-06-06T09:17:10.591-0500 [DEBUG] [org.gradle.internal.operations.DefaultBuildOperationRunner] Completing Build operation 'Download https://dl.google.com/dl/android/maven2/org/apache/httpcomponents/httpcomponents-parent/10/httpcomponents-parent-10.pom'
2021-06-06T09:17:10.593-0500 [DEBUG] [org.gradle.internal.operations.DefaultBuildOperationRunner] Build operation 'Download https://dl.google.com/dl/android/maven2/org/apache/httpcomponents/httpcomponents-parent/10/httpcomponents-parent-10.pom' started
2021-06-06T09:17:10.593-0500 [DEBUG] [org.gradle.internal.operations.DefaultBuildOperationRunner] Build operation 'Download https://repo.maven.apache.org/maven2/org/apache/httpcomponents/httpcomponents-parent/10/httpcomponents-parent-10.pom' started
2021-06-06T09:17:10.624-0500 [DEBUG] [org.gradle.internal.operations.DefaultBuildOperationRunner] Completing Build operation 'Download https://repo.maven.apache.org/maven2/org/apache/httpcomponents/httpcomponents-parent/10/httpcomponents-parent-10.pom'
2021-06-06T09:17:10.634-0500 [DEBUG] [org.gradle.internal.operations.DefaultBuildOperationRunner] Completing Build operation 'Download https://dl.google.com/dl/android/maven2/org/apache/httpcomponents/httpcomponents-parent/10/httpcomponents-parent-10.pom'
2021-06-06T09:17:10.636-0500 [DEBUG] [org.gradle.internal.operations.DefaultBuildOperationRunner] Build operation 'Metadata of https://dl.google.com/dl/android/maven2/org/apache/httpcomponents/httpcomponents-parent/10/httpcomponents-parent-10.pom' started
2021-06-06T09:17:10.637-0500 [DEBUG] [org.gradle.internal.operations.DefaultBuildOperationRunner] Build operation 'Metadata of https://dl.google.com/dl/android/maven2/org/apache/apache/18/apache-18.pom' started
2021-06-06T09:17:10.675-0500 [DEBUG] [org.gradle.internal.operations.DefaultBuildOperationRunner] Completing Build operation 'Metadata of https://dl.google.com/dl/android/maven2/org/apache/httpcomponents/httpcomponents-parent/10/httpcomponents-parent-10.pom'
2021-06-06T09:17:10.680-0500 [DEBUG] [org.gradle.internal.operations.DefaultBuildOperationRunner] Completing Build operation 'Metadata of https://dl.google.com/dl/android/maven2/org/apache/apache/18/apache-18.pom'
2021-06-06T09:17:10.681-0500 [DEBUG] [org.gradle.internal.operations.DefaultBuildOperationRunner] Build operation 'Metadata of https://dl.google.com/dl/android/maven2/org/apache/apache/18/apache-18.pom' started
2021-06-06T09:17:10.682-0500 [DEBUG] [org.gradle.internal.operations.DefaultBuildOperationRunner] Build operation 'Metadata of https://repo.maven.apache.org/maven2/org/apache/apache/18/apache-18.pom' started
2021-06-06T09:17:10.700-0500 [DEBUG] [org.gradle.internal.operations.DefaultBuildOperationRunner] Completing Build operation 'Metadata of https://repo.maven.apache.org/maven2/org/apache/apache/18/apache-18.pom'
2021-06-06T09:17:10.785-0500 [DEBUG] [org.gradle.internal.operations.DefaultBuildOperationRunner] Completing Build operation 'Metadata of https://dl.google.com/dl/android/maven2/org/apache/apache/18/apache-18.pom'
2021-06-06T09:17:10.868-0500 [DEBUG] [org.gradle.internal.operations.DefaultBuildOperationRunner] Build operation 'Metadata of https://dl.google.com/dl/android/maven2/org/apache/apache/18/apache-18.pom' started
2021-06-06T09:17:10.886-0500 [DEBUG] [org.gradle.internal.operations.DefaultBuildOperationRunner] Completing Build operation 'Resolve org.apache.httpcomponents:httpclient:4.5.6'
2021-06-06T09:17:10.886-0500 [DEBUG] [org.gradle.internal.operations.DefaultBuildOperationRunner] Build operation 'Resolve org.apache.httpcomponents:httpclient:4.5.6' completed
2021-06-06T09:17:10.886-0500 [DEBUG] [org.gradle.internal.work.DefaultWorkerLeaseService] Worker lease root.1.38.42 completed (2 worker(s) in use)
2021-06-06T09:17:10.886-0500 [DEBUG] [org.gradle.internal.resources.AbstractTrackedResourceLock] Build operations Thread 7: released lock on root.1.38.42
2021-06-06T09:17:10.901-0500 [DEBUG] [org.gradle.internal.operations.DefaultBuildOperationRunner] Completing Build operation 'Resolve org.apache.httpcomponents:httpmime:4.5.6'
2021-06-06T09:17:10.901-0500 [DEBUG] [org.gradle.internal.operations.DefaultBuildOperationRunner] Build operation 'Resolve org.apache.httpcomponents:httpmime:4.5.6' completed
2021-06-06T09:17:10.901-0500 [DEBUG] [org.gradle.internal.work.DefaultWorkerLeaseService] Worker lease root.1.38.40 completed (1 worker(s) in use)
2021-06-06T09:17:10.901-0500 [DEBUG] [org.gradle.internal.resources.AbstractTrackedResourceLock] Build operations Thread 2: released lock on root.1.38.40
2021-06-06T09:17:10.927-0500 [DEBUG] [org.gradle.internal.operations.DefaultBuildOperationRunner] Completing Build operation 'Metadata of https://dl.google.com/dl/android/maven2/org/apache/apache/18/apache-18.pom'
2021-06-06T09:17:10.965-0500 [DEBUG] [org.gradle.internal.operations.DefaultBuildOperationRunner] Completing Build operation 'Resolve org.apache.httpcomponents:httpcore:4.4.10'
2021-06-06T09:17:10.965-0500 [DEBUG] [org.gradle.internal.operations.DefaultBuildOperationRunner] Build operation 'Resolve org.apache.httpcomponents:httpcore:4.4.10' completed
2021-06-06T09:17:10.965-0500 [DEBUG] [org.gradle.internal.work.DefaultWorkerLeaseService] Worker lease root.1.38.41 completed (1 worker(s) in use)
2021-06-06T09:17:10.965-0500 [DEBUG] [org.gradle.internal.resources.AbstractTrackedResourceLock] Build operations Thread 4: released lock on root.1.38.41
2021-06-06T09:17:10.972-0500 [DEBUG] [org.gradle.internal.operations.DefaultBuildOperationRunner] Build operation 'Download https://dl.google.com/dl/android/maven2/com/android/tools/lint/lint-model/27.2.1/lint-model-27.2.1.pom' started
2021-06-06T09:17:11.026-0500 [DEBUG] [org.gradle.internal.operations.DefaultBuildOperationRunner] Completing Build operation 'Download https://dl.google.com/dl/android/maven2/com/android/tools/lint/lint-model/27.2.1/lint-model-27.2.1.pom'
2021-06-06T09:17:11.036-0500 [DEBUG] [org.gradle.internal.operations.DefaultBuildOperationRunner] Build operation 'Download https://dl.google.com/dl/android/maven2/com/android/tools/lint/lint-model/27.2.1/lint-model-27.2.1.module' started
2021-06-06T09:17:11.082-0500 [DEBUG] [org.gradle.internal.operations.DefaultBuildOperationRunner] Completing Build operation 'Download https://dl.google.com/dl/android/maven2/com/android/tools/lint/lint-model/27.2.1/lint-model-27.2.1.module'
2021-06-06T09:17:11.095-0500 [DEBUG] [org.gradle.internal.operations.DefaultBuildOperationRunner] Build operation 'Resolve androidx.databinding:databinding-common:4.2.1' started
2021-06-06T09:17:11.095-0500 [DEBUG] [org.gradle.internal.work.DefaultWorkerLeaseService] Worker lease root.1.43.48 started (2 worker(s) in use).
2021-06-06T09:17:11.095-0500 [DEBUG] [org.gradle.internal.resources.AbstractTrackedResourceLock] Build operations Thread 5: acquired lock on root.1.43.48
2021-06-06T09:17:11.095-0500 [DEBUG] [org.gradle.internal.operations.DefaultBuildOperationRunner] Build operation 'Resolve com.android.databinding:baseLibrary:4.2.1' started
2021-06-06T09:17:11.095-0500 [DEBUG] [org.gradle.internal.work.DefaultWorkerLeaseService] Worker lease root.1.43.46 started (3 worker(s) in use).
2021-06-06T09:17:11.095-0500 [DEBUG] [org.gradle.internal.resources.AbstractTrackedResourceLock] Build operations Thread 3: acquired lock on root.1.43.46
2021-06-06T09:17:11.095-0500 [DEBUG] [org.gradle.internal.operations.DefaultBuildOperationRunner] Build operation 'Resolve com.googlecode.juniversalchardet:juniversalchardet:1.0.3' started
2021-06-06T09:17:11.095-0500 [DEBUG] [org.gradle.internal.work.DefaultWorkerLeaseService] Worker lease root.1.43.45 started (4 worker(s) in use).
2021-06-06T09:17:11.096-0500 [DEBUG] [org.gradle.internal.resources.AbstractTrackedResourceLock] Build operations Thread 8: acquired lock on root.1.43.45
2021-06-06T09:17:11.096-0500 [DEBUG] [org.gradle.internal.work.DefaultWorkerLeaseService] Worker lease root.1.43.47 started (5 worker(s) in use).
2021-06-06T09:17:11.096-0500 [DEBUG] [org.gradle.internal.resources.AbstractTrackedResourceLock] Build operations: acquired lock on root.1.43.47
2021-06-06T09:17:11.096-0500 [DEBUG] [org.gradle.internal.operations.DefaultBuildOperationRunner] Build operation 'Resolve commons-io:commons-io:2.4' started
2021-06-06T09:17:11.096-0500 [DEBUG] [org.gradle.internal.operations.DefaultBuildOperationRunner] Build operation 'Download https://dl.google.com/dl/android/maven2/androidx/databinding/databinding-common/4.2.1/databinding-common-4.2.1.pom' started
2021-06-06T09:17:11.096-0500 [DEBUG] [org.gradle.internal.work.DefaultWorkerLeaseService] Worker lease root.1.43.49 started (6 worker(s) in use).
2021-06-06T09:17:11.097-0500 [DEBUG] [org.gradle.internal.resources.AbstractTrackedResourceLock] Build operations Thread 6: acquired lock on root.1.43.49
2021-06-06T09:17:11.097-0500 [DEBUG] [org.gradle.internal.operations.DefaultBuildOperationRunner] Build operation 'Resolve org.glassfish.jaxb:jaxb-runtime:2.3.2' started
2021-06-06T09:17:11.096-0500 [DEBUG] [org.gradle.internal.operations.DefaultBuildOperationRunner] Build operation 'Resolve org.antlr:antlr4:4.5.3' started
2021-06-06T09:17:11.098-0500 [DEBUG] [org.gradle.internal.operations.DefaultBuildOperationRunner] Build operation 'Metadata of https://dl.google.com/dl/android/maven2/commons-io/commons-io/2.4/commons-io-2.4.pom' started
2021-06-06T09:17:11.098-0500 [DEBUG] [org.gradle.internal.operations.DefaultBuildOperationRunner] Build operation 'Download https://dl.google.com/dl/android/maven2/com/android/databinding/baseLibrary/4.2.1/baseLibrary-4.2.1.pom' started
2021-06-06T09:17:11.099-0500 [DEBUG] [org.gradle.internal.operations.DefaultBuildOperationRunner] Build operation 'Download https://dl.google.com/dl/android/maven2/org/glassfish/jaxb/jaxb-runtime/2.3.2/jaxb-runtime-2.3.2.pom' started
2021-06-06T09:17:11.099-0500 [DEBUG] [org.gradle.internal.operations.DefaultBuildOperationRunner] Build operation 'Download https://dl.google.com/dl/android/maven2/com/googlecode/juniversalchardet/juniversalchardet/1.0.3/juniversalchardet-1.0.3.pom' started
2021-06-06T09:17:11.099-0500 [DEBUG] [org.gradle.internal.operations.DefaultBuildOperationRunner] Build operation 'Download https://dl.google.com/dl/android/maven2/org/antlr/antlr4/4.5.3/antlr4-4.5.3.pom' started
2021-06-06T09:17:11.156-0500 [DEBUG] [org.gradle.internal.operations.DefaultBuildOperationRunner] Completing Build operation 'Download https://dl.google.com/dl/android/maven2/org/antlr/antlr4/4.5.3/antlr4-4.5.3.pom'
2021-06-06T09:17:11.157-0500 [DEBUG] [org.gradle.internal.operations.DefaultBuildOperationRunner] Completing Build operation 'Download https://dl.google.com/dl/android/maven2/com/googlecode/juniversalchardet/juniversalchardet/1.0.3/juniversalchardet-1.0.3.pom'
2021-06-06T09:17:11.158-0500 [DEBUG] [org.gradle.internal.operations.DefaultBuildOperationRunner] Completing Build operation 'Download https://dl.google.com/dl/android/maven2/org/glassfish/jaxb/jaxb-runtime/2.3.2/jaxb-runtime-2.3.2.pom'
2021-06-06T09:17:11.158-0500 [DEBUG] [org.gradle.internal.operations.DefaultBuildOperationRunner] Completing Build operation 'Metadata of https://dl.google.com/dl/android/maven2/commons-io/commons-io/2.4/commons-io-2.4.pom'
2021-06-06T09:17:11.159-0500 [DEBUG] [org.gradle.internal.operations.DefaultBuildOperationRunner] Build operation 'Download https://repo.maven.apache.org/maven2/org/antlr/antlr4/4.5.3/antlr4-4.5.3.pom' started
2021-06-06T09:17:11.159-0500 [DEBUG] [org.gradle.internal.operations.DefaultBuildOperationRunner] Build operation 'Download https://repo.maven.apache.org/maven2/com/googlecode/juniversalchardet/juniversalchardet/1.0.3/juniversalchardet-1.0.3.pom' started
2021-06-06T09:17:11.161-0500 [DEBUG] [org.gradle.internal.operations.DefaultBuildOperationRunner] Build operation 'Download https://repo.maven.apache.org/maven2/org/glassfish/jaxb/jaxb-runtime/2.3.2/jaxb-runtime-2.3.2.pom' started
2021-06-06T09:17:11.161-0500 [DEBUG] [org.gradle.internal.operations.DefaultBuildOperationRunner] Completing Build operation 'Download https://dl.google.com/dl/android/maven2/androidx/databinding/databinding-common/4.2.1/databinding-common-4.2.1.pom'
2021-06-06T09:17:11.162-0500 [DEBUG] [org.gradle.internal.operations.DefaultBuildOperationRunner] Build operation 'Metadata of https://repo.maven.apache.org/maven2/commons-io/commons-io/2.4/commons-io-2.4.pom' started
2021-06-06T09:17:11.174-0500 [DEBUG] [org.gradle.internal.operations.DefaultBuildOperationRunner] Build operation 'Download https://dl.google.com/dl/android/maven2/androidx/databinding/databinding-common/4.2.1/databinding-common-4.2.1.module' started
2021-06-06T09:17:11.181-0500 [DEBUG] [org.gradle.internal.operations.DefaultBuildOperationRunner] Completing Build operation 'Download https://repo.maven.apache.org/maven2/org/antlr/antlr4/4.5.3/antlr4-4.5.3.pom'
2021-06-06T09:17:11.190-0500 [DEBUG] [org.gradle.internal.operations.DefaultBuildOperationRunner] Completing Build operation 'Download https://repo.maven.apache.org/maven2/org/glassfish/jaxb/jaxb-runtime/2.3.2/jaxb-runtime-2.3.2.pom'
2021-06-06T09:17:11.192-0500 [DEBUG] [org.gradle.internal.operations.DefaultBuildOperationRunner] Completing Build operation 'Metadata of https://repo.maven.apache.org/maven2/commons-io/commons-io/2.4/commons-io-2.4.pom'
2021-06-06T09:17:11.198-0500 [DEBUG] [org.gradle.internal.operations.DefaultBuildOperationRunner] Build operation 'Download https://dl.google.com/dl/android/maven2/org/antlr/antlr4-master/4.5.3/antlr4-master-4.5.3.pom' started
2021-06-06T09:17:11.200-0500 [DEBUG] [org.gradle.internal.operations.DefaultBuildOperationRunner] Completing Build operation 'Download https://repo.maven.apache.org/maven2/com/googlecode/juniversalchardet/juniversalchardet/1.0.3/juniversalchardet-1.0.3.pom'
2021-06-06T09:17:11.211-0500 [DEBUG] [org.gradle.internal.operations.DefaultBuildOperationRunner] Build operation 'Download https://dl.google.com/dl/android/maven2/com/sun/xml/bind/mvn/jaxb-runtime-parent/2.3.2/jaxb-runtime-parent-2.3.2.pom' started
2021-06-06T09:17:11.212-0500 [DEBUG] [org.gradle.internal.operations.DefaultBuildOperationRunner] Build operation 'Metadata of https://dl.google.com/dl/android/maven2/org/apache/commons/commons-parent/25/commons-parent-25.pom' started
2021-06-06T09:17:11.218-0500 [DEBUG] [org.gradle.internal.operations.DefaultBuildOperationRunner] Completing Build operation 'Resolve com.googlecode.juniversalchardet:juniversalchardet:1.0.3'
2021-06-06T09:17:11.218-0500 [DEBUG] [org.gradle.internal.operations.DefaultBuildOperationRunner] Build operation 'Resolve com.googlecode.juniversalchardet:juniversalchardet:1.0.3' completed
2021-06-06T09:17:11.218-0500 [DEBUG] [org.gradle.internal.work.DefaultWorkerLeaseService] Worker lease root.1.43.46 completed (5 worker(s) in use)
2021-06-06T09:17:11.218-0500 [DEBUG] [org.gradle.internal.resources.AbstractTrackedResourceLock] Build operations Thread 3: released lock on root.1.43.46
2021-06-06T09:17:11.219-0500 [DEBUG] [org.gradle.internal.operations.DefaultBuildOperationRunner] Completing Build operation 'Download https://dl.google.com/dl/android/maven2/androidx/databinding/databinding-common/4.2.1/databinding-common-4.2.1.module'
2021-06-06T09:17:11.232-0500 [DEBUG] [org.gradle.internal.operations.DefaultBuildOperationRunner] Completing Build operation 'Resolve androidx.databinding:databinding-common:4.2.1'
2021-06-06T09:17:11.243-0500 [DEBUG] [org.gradle.internal.operations.DefaultBuildOperationRunner] Completing Build operation 'Download https://dl.google.com/dl/android/maven2/org/antlr/antlr4-master/4.5.3/antlr4-master-4.5.3.pom'
2021-06-06T09:17:11.245-0500 [DEBUG] [org.gradle.internal.operations.DefaultBuildOperationRunner] Build operation 'Download https://repo.maven.apache.org/maven2/org/antlr/antlr4-master/4.5.3/antlr4-master-4.5.3.pom' started
2021-06-06T09:17:11.248-0500 [DEBUG] [org.gradle.internal.operations.DefaultBuildOperationRunner] Completing Build operation 'Download https://dl.google.com/dl/android/maven2/com/android/databinding/baseLibrary/4.2.1/baseLibrary-4.2.1.pom'
2021-06-06T09:17:11.251-0500 [DEBUG] [org.gradle.internal.operations.DefaultBuildOperationRunner] Completing Build operation 'Download https://dl.google.com/dl/android/maven2/com/sun/xml/bind/mvn/jaxb-runtime-parent/2.3.2/jaxb-runtime-parent-2.3.2.pom'
2021-06-06T09:17:11.255-0500 [DEBUG] [org.gradle.internal.operations.DefaultBuildOperationRunner] Build operation 'Download https://repo.maven.apache.org/maven2/com/sun/xml/bind/mvn/jaxb-runtime-parent/2.3.2/jaxb-runtime-parent-2.3.2.pom' started
2021-06-06T09:17:11.260-0500 [DEBUG] [org.gradle.internal.operations.DefaultBuildOperationRunner] Build operation 'Download https://dl.google.com/dl/android/maven2/com/android/databinding/baseLibrary/4.2.1/baseLibrary-4.2.1.module' started
2021-06-06T09:17:11.264-0500 [DEBUG] [org.gradle.internal.operations.DefaultBuildOperationRunner] Completing Build operation 'Metadata of https://dl.google.com/dl/android/maven2/org/apache/commons/commons-parent/25/commons-parent-25.pom'
2021-06-06T09:17:11.266-0500 [DEBUG] [org.gradle.internal.operations.DefaultBuildOperationRunner] Build operation 'Metadata of https://repo.maven.apache.org/maven2/org/apache/commons/commons-parent/25/commons-parent-25.pom' started
2021-06-06T09:17:11.267-0500 [DEBUG] [org.gradle.internal.operations.DefaultBuildOperationRunner] Completing Build operation 'Download https://repo.maven.apache.org/maven2/org/antlr/antlr4-master/4.5.3/antlr4-master-4.5.3.pom'
2021-06-06T09:17:11.276-0500 [DEBUG] [org.gradle.internal.operations.DefaultBuildOperationRunner] Build operation 'Metadata of https://dl.google.com/dl/android/maven2/org/sonatype/oss/oss-parent/9/oss-parent-9.pom' started
2021-06-06T09:17:11.280-0500 [DEBUG] [org.gradle.internal.operations.DefaultBuildOperationRunner] Completing Build operation 'Download https://repo.maven.apache.org/maven2/com/sun/xml/bind/mvn/jaxb-runtime-parent/2.3.2/jaxb-runtime-parent-2.3.2.pom'
2021-06-06T09:17:11.287-0500 [DEBUG] [org.gradle.internal.operations.DefaultBuildOperationRunner] Completing Build operation 'Metadata of https://repo.maven.apache.org/maven2/org/apache/commons/commons-parent/25/commons-parent-25.pom'
2021-06-06T09:17:11.290-0500 [DEBUG] [org.gradle.internal.operations.DefaultBuildOperationRunner] Build operation 'Download https://dl.google.com/dl/android/maven2/com/sun/xml/bind/mvn/jaxb-parent/2.3.2/jaxb-parent-2.3.2.pom' started
2021-06-06T09:17:11.309-0500 [DEBUG] [org.gradle.internal.operations.DefaultBuildOperationRunner] Build operation 'Metadata of https://dl.google.com/dl/android/maven2/org/apache/apache/9/apache-9.pom' started
2021-06-06T09:17:11.318-0500 [DEBUG] [org.gradle.internal.operations.DefaultBuildOperationRunner] Completing Build operation 'Metadata of https://dl.google.com/dl/android/maven2/org/sonatype/oss/oss-parent/9/oss-parent-9.pom'
2021-06-06T09:17:11.320-0500 [DEBUG] [org.gradle.internal.operations.DefaultBuildOperationRunner] Build operation 'Metadata of https://repo.maven.apache.org/maven2/org/sonatype/oss/oss-parent/9/oss-parent-9.pom' started
2021-06-06T09:17:11.329-0500 [DEBUG] [org.gradle.internal.operations.DefaultBuildOperationRunner] Completing Build operation 'Download https://dl.google.com/dl/android/maven2/com/sun/xml/bind/mvn/jaxb-parent/2.3.2/jaxb-parent-2.3.2.pom'
2021-06-06T09:17:11.331-0500 [DEBUG] [org.gradle.internal.operations.DefaultBuildOperationRunner] Build operation 'Download https://repo.maven.apache.org/maven2/com/sun/xml/bind/mvn/jaxb-parent/2.3.2/jaxb-parent-2.3.2.pom' started
2021-06-06T09:17:11.338-0500 [DEBUG] [org.gradle.internal.operations.DefaultBuildOperationRunner] Completing Build operation 'Metadata of https://repo.maven.apache.org/maven2/org/sonatype/oss/oss-parent/9/oss-parent-9.pom'
2021-06-06T09:17:11.354-0500 [DEBUG] [org.gradle.internal.operations.DefaultBuildOperationRunner] Completing Build operation 'Download https://dl.google.com/dl/android/maven2/com/android/databinding/baseLibrary/4.2.1/baseLibrary-4.2.1.module'
2021-06-06T09:17:11.368-0500 [DEBUG] [org.gradle.internal.operations.DefaultBuildOperationRunner] Completing Build operation 'Resolve com.android.databinding:baseLibrary:4.2.1'
2021-06-06T09:17:11.368-0500 [DEBUG] [org.gradle.internal.operations.DefaultBuildOperationRunner] Build operation 'Resolve com.android.databinding:baseLibrary:4.2.1' completed
2021-06-06T09:17:11.368-0500 [DEBUG] [org.gradle.internal.work.DefaultWorkerLeaseService] Worker lease root.1.43.48 completed (3 worker(s) in use)
2021-06-06T09:17:11.368-0500 [DEBUG] [org.gradle.internal.resources.AbstractTrackedResourceLock] Build operations Thread 5: released lock on root.1.43.48
2021-06-06T09:17:11.371-0500 [DEBUG] [org.gradle.internal.operations.DefaultBuildOperationRunner] Completing Build operation 'Metadata of https://dl.google.com/dl/android/maven2/org/apache/apache/9/apache-9.pom'
2021-06-06T09:17:11.374-0500 [DEBUG] [org.gradle.internal.operations.DefaultBuildOperationRunner] Build operation 'Metadata of https://repo.maven.apache.org/maven2/org/apache/apache/9/apache-9.pom' started
2021-06-06T09:17:11.388-0500 [DEBUG] [org.gradle.internal.operations.DefaultBuildOperationRunner] Completing Build operation 'Resolve org.antlr:antlr4:4.5.3'
2021-06-06T09:17:11.389-0500 [DEBUG] [org.gradle.internal.operations.DefaultBuildOperationRunner] Build operation 'Resolve org.antlr:antlr4:4.5.3' completed
2021-06-06T09:17:11.389-0500 [DEBUG] [org.gradle.internal.work.DefaultWorkerLeaseService] Worker lease root.1.43.45 completed (2 worker(s) in use)
2021-06-06T09:17:11.389-0500 [DEBUG] [org.gradle.internal.resources.AbstractTrackedResourceLock] Build operations Thread 8: released lock on root.1.43.45
2021-06-06T09:17:11.400-0500 [DEBUG] [org.gradle.internal.operations.DefaultBuildOperationRunner] Completing Build operation 'Metadata of https://repo.maven.apache.org/maven2/org/apache/apache/9/apache-9.pom'
2021-06-06T09:17:11.401-0500 [DEBUG] [org.gradle.internal.operations.DefaultBuildOperationRunner] Completing Build operation 'Download https://repo.maven.apache.org/maven2/com/sun/xml/bind/mvn/jaxb-parent/2.3.2/jaxb-parent-2.3.2.pom'
2021-06-06T09:17:11.414-0500 [DEBUG] [org.gradle.internal.operations.DefaultBuildOperationRunner] Build operation 'Download https://dl.google.com/dl/android/maven2/com/sun/xml/bind/jaxb-bom-ext/2.3.2/jaxb-bom-ext-2.3.2.pom' started
2021-06-06T09:17:11.452-0500 [DEBUG] [org.gradle.internal.operations.DefaultBuildOperationRunner] Completing Build operation 'Resolve commons-io:commons-io:2.4'
2021-06-06T09:17:11.452-0500 [DEBUG] [org.gradle.internal.operations.DefaultBuildOperationRunner] Build operation 'Resolve commons-io:commons-io:2.4' completed
2021-06-06T09:17:11.452-0500 [DEBUG] [org.gradle.internal.work.DefaultWorkerLeaseService] Worker lease root.1.43.47 completed (1 worker(s) in use)
2021-06-06T09:17:11.453-0500 [DEBUG] [org.gradle.internal.resources.AbstractTrackedResourceLock] Build operations: released lock on root.1.43.47
2021-06-06T09:17:11.478-0500 [DEBUG] [org.gradle.internal.operations.DefaultBuildOperationRunner] Completing Build operation 'Download https://dl.google.com/dl/android/maven2/com/sun/xml/bind/jaxb-bom-ext/2.3.2/jaxb-bom-ext-2.3.2.pom'
2021-06-06T09:17:11.480-0500 [DEBUG] [org.gradle.internal.operations.DefaultBuildOperationRunner] Build operation 'Download https://repo.maven.apache.org/maven2/com/sun/xml/bind/jaxb-bom-ext/2.3.2/jaxb-bom-ext-2.3.2.pom' started
2021-06-06T09:17:11.501-0500 [DEBUG] [org.gradle.internal.operations.DefaultBuildOperationRunner] Completing Build operation 'Download https://repo.maven.apache.org/maven2/com/sun/xml/bind/jaxb-bom-ext/2.3.2/jaxb-bom-ext-2.3.2.pom'
2021-06-06T09:17:11.511-0500 [DEBUG] [org.gradle.internal.operations.DefaultBuildOperationRunner] Build operation 'Download https://dl.google.com/dl/android/maven2/org/glassfish/jaxb/jaxb-bom/2.3.2/jaxb-bom-2.3.2.pom' started
2021-06-06T09:17:11.549-0500 [DEBUG] [org.gradle.internal.operations.DefaultBuildOperationRunner] Completing Build operation 'Download https://dl.google.com/dl/android/maven2/org/glassfish/jaxb/jaxb-bom/2.3.2/jaxb-bom-2.3.2.pom'
2021-06-06T09:17:11.551-0500 [DEBUG] [org.gradle.internal.operations.DefaultBuildOperationRunner] Build operation 'Download https://repo.maven.apache.org/maven2/org/glassfish/jaxb/jaxb-bom/2.3.2/jaxb-bom-2.3.2.pom' started
2021-06-06T09:17:11.573-0500 [DEBUG] [org.gradle.internal.operations.DefaultBuildOperationRunner] Completing Build operation 'Download https://repo.maven.apache.org/maven2/org/glassfish/jaxb/jaxb-bom/2.3.2/jaxb-bom-2.3.2.pom'
2021-06-06T09:17:11.581-0500 [DEBUG] [org.gradle.internal.operations.DefaultBuildOperationRunner] Build operation 'Download https://dl.google.com/dl/android/maven2/org/eclipse/ee4j/project/1.0.5/project-1.0.5.pom' started
2021-06-06T09:17:11.641-0500 [DEBUG] [org.gradle.internal.operations.DefaultBuildOperationRunner] Completing Build operation 'Download https://dl.google.com/dl/android/maven2/org/eclipse/ee4j/project/1.0.5/project-1.0.5.pom'
2021-06-06T09:17:11.642-0500 [DEBUG] [org.gradle.internal.operations.DefaultBuildOperationRunner] Build operation 'Download https://repo.maven.apache.org/maven2/org/eclipse/ee4j/project/1.0.5/project-1.0.5.pom' started
2021-06-06T09:17:11.664-0500 [DEBUG] [org.gradle.internal.operations.DefaultBuildOperationRunner] Completing Build operation 'Download https://repo.maven.apache.org/maven2/org/eclipse/ee4j/project/1.0.5/project-1.0.5.pom'
2021-06-06T09:17:11.765-0500 [DEBUG] [org.gradle.internal.operations.DefaultBuildOperationRunner] Completing Build operation 'Resolve org.glassfish.jaxb:jaxb-runtime:2.3.2'
2021-06-06T09:17:11.765-0500 [DEBUG] [org.gradle.internal.operations.DefaultBuildOperationRunner] Build operation 'Resolve org.glassfish.jaxb:jaxb-runtime:2.3.2' completed
2021-06-06T09:17:11.765-0500 [DEBUG] [org.gradle.internal.work.DefaultWorkerLeaseService] Worker lease root.1.43.49 completed (1 worker(s) in use)
2021-06-06T09:17:11.765-0500 [DEBUG] [org.gradle.internal.resources.AbstractTrackedResourceLock] Build operations Thread 6: released lock on root.1.43.49
2021-06-06T09:17:11.769-0500 [DEBUG] [org.gradle.internal.operations.DefaultBuildOperationRunner] Build operation 'Download https://dl.google.com/dl/android/maven2/org/jetbrains/kotlin/kotlin-stdlib-jdk7/1.4.31/kotlin-stdlib-jdk7-1.4.31.pom' started
2021-06-06T09:17:11.810-0500 [DEBUG] [org.gradle.internal.operations.DefaultBuildOperationRunner] Completing Build operation 'Download https://dl.google.com/dl/android/maven2/org/jetbrains/kotlin/kotlin-stdlib-jdk7/1.4.31/kotlin-stdlib-jdk7-1.4.31.pom'
2021-06-06T09:17:11.812-0500 [DEBUG] [org.gradle.internal.operations.DefaultBuildOperationRunner] Build operation 'Download https://repo.maven.apache.org/maven2/org/jetbrains/kotlin/kotlin-stdlib-jdk7/1.4.31/kotlin-stdlib-jdk7-1.4.31.pom' started
2021-06-06T09:17:11.834-0500 [DEBUG] [org.gradle.internal.operations.DefaultBuildOperationRunner] Completing Build operation 'Download https://repo.maven.apache.org/maven2/org/jetbrains/kotlin/kotlin-stdlib-jdk7/1.4.31/kotlin-stdlib-jdk7-1.4.31.pom'
2021-06-06T09:17:11.850-0500 [DEBUG] [org.gradle.internal.operations.DefaultBuildOperationRunner] Build operation 'Download https://dl.google.com/dl/android/maven2/net/sf/proguard/proguard-base/6.0.3/proguard-base-6.0.3.pom' started
2021-06-06T09:17:11.906-0500 [DEBUG] [org.gradle.internal.operations.DefaultBuildOperationRunner] Completing Build operation 'Download https://dl.google.com/dl/android/maven2/net/sf/proguard/proguard-base/6.0.3/proguard-base-6.0.3.pom'
2021-06-06T09:17:11.908-0500 [DEBUG] [org.gradle.internal.operations.DefaultBuildOperationRunner] Build operation 'Download https://repo.maven.apache.org/maven2/net/sf/proguard/proguard-base/6.0.3/proguard-base-6.0.3.pom' started
2021-06-06T09:17:11.939-0500 [DEBUG] [org.gradle.internal.operations.DefaultBuildOperationRunner] Completing Build operation 'Download https://repo.maven.apache.org/maven2/net/sf/proguard/proguard-base/6.0.3/proguard-base-6.0.3.pom'
2021-06-06T09:17:11.956-0500 [DEBUG] [org.gradle.cache.internal.DefaultFileLockManager] Waiting to acquire shared lock on daemon addresses registry.
2021-06-06T09:17:11.956-0500 [DEBUG] [org.gradle.cache.internal.DefaultFileLockManager] Lock acquired on daemon addresses registry.
2021-06-06T09:17:11.957-0500 [DEBUG] [org.gradle.cache.internal.DefaultFileLockManager] Releasing lock on daemon addresses registry.
2021-06-06T09:17:11.957-0500 [DEBUG] [org.gradle.internal.operations.DefaultBuildOperationRunner] Build operation 'Resolve com.google.auto.value:auto-value-annotations:1.6.2' started
2021-06-06T09:17:11.957-0500 [DEBUG] [org.gradle.internal.work.DefaultWorkerLeaseService] Worker lease root.1.50.53 started (2 worker(s) in use).
2021-06-06T09:17:11.957-0500 [DEBUG] [org.gradle.internal.resources.AbstractTrackedResourceLock] Build operations Thread 4: acquired lock on root.1.50.53
2021-06-06T09:17:11.957-0500 [DEBUG] [org.gradle.internal.work.DefaultWorkerLeaseService] Worker lease root.1.50.52 started (3 worker(s) in use).
2021-06-06T09:17:11.957-0500 [DEBUG] [org.gradle.internal.resources.AbstractTrackedResourceLock] Build operations Thread 2: acquired lock on root.1.50.52
2021-06-06T09:17:11.957-0500 [DEBUG] [org.gradle.internal.operations.DefaultBuildOperationRunner] Build operation 'Resolve com.google.dagger:dagger:2.28.3' started
2021-06-06T09:17:11.958-0500 [DEBUG] [org.gradle.internal.operations.DefaultBuildOperationRunner] Build operation 'Resolve com.google.errorprone:error_prone_annotations:2.3.1' started
2021-06-06T09:17:11.959-0500 [DEBUG] [org.gradle.cache.internal.DefaultFileLockManager] Waiting to acquire shared lock on daemon addresses registry.
2021-06-06T09:17:11.959-0500 [DEBUG] [org.gradle.cache.internal.DefaultFileLockManager] Lock acquired on daemon addresses registry.
2021-06-06T09:17:11.959-0500 [DEBUG] [org.gradle.internal.operations.DefaultBuildOperationRunner] Build operation 'Download https://dl.google.com/dl/android/maven2/com/google/auto/value/auto-value-annotations/1.6.2/auto-value-annotations-1.6.2.pom' started
2021-06-06T09:17:11.959-0500 [DEBUG] [org.gradle.cache.internal.DefaultFileLockManager] Releasing lock on daemon addresses registry.
2021-06-06T09:17:11.959-0500 [DEBUG] [org.gradle.internal.operations.DefaultBuildOperationRunner] Build operation 'Download https://dl.google.com/dl/android/maven2/com/google/errorprone/error_prone_annotations/2.3.1/error_prone_annotations-2.3.1.pom' started
2021-06-06T09:17:11.960-0500 [DEBUG] [org.gradle.internal.operations.DefaultBuildOperationRunner] Build operation 'Download https://dl.google.com/dl/android/maven2/com/google/dagger/dagger/2.28.3/dagger-2.28.3.pom' started
2021-06-06T09:17:12.001-0500 [DEBUG] [org.gradle.internal.operations.DefaultBuildOperationRunner] Completing Build operation 'Download https://dl.google.com/dl/android/maven2/com/google/auto/value/auto-value-annotations/1.6.2/auto-value-annotations-1.6.2.pom'
2021-06-06T09:17:12.001-0500 [DEBUG] [org.gradle.internal.operations.DefaultBuildOperationRunner] Completing Build operation 'Download https://dl.google.com/dl/android/maven2/com/google/errorprone/error_prone_annotations/2.3.1/error_prone_annotations-2.3.1.pom'
2021-06-06T09:17:12.002-0500 [DEBUG] [org.gradle.internal.operations.DefaultBuildOperationRunner] Completing Build operation 'Download https://dl.google.com/dl/android/maven2/com/google/dagger/dagger/2.28.3/dagger-2.28.3.pom'
2021-06-06T09:17:12.003-0500 [DEBUG] [org.gradle.internal.operations.DefaultBuildOperationRunner] Build operation 'Download https://repo.maven.apache.org/maven2/com/google/auto/value/auto-value-annotations/1.6.2/auto-value-annotations-1.6.2.pom' started
2021-06-06T09:17:12.004-0500 [DEBUG] [org.gradle.internal.operations.DefaultBuildOperationRunner] Build operation 'Download https://repo.maven.apache.org/maven2/com/google/dagger/dagger/2.28.3/dagger-2.28.3.pom' started
2021-06-06T09:17:12.004-0500 [DEBUG] [org.gradle.internal.operations.DefaultBuildOperationRunner] Build operation 'Download https://repo.maven.apache.org/maven2/com/google/errorprone/error_prone_annotations/2.3.1/error_prone_annotations-2.3.1.pom' started
2021-06-06T09:17:12.027-0500 [DEBUG] [org.gradle.internal.operations.DefaultBuildOperationRunner] Completing Build operation 'Download https://repo.maven.apache.org/maven2/com/google/errorprone/error_prone_annotations/2.3.1/error_prone_annotations-2.3.1.pom'
2021-06-06T09:17:12.027-0500 [DEBUG] [org.gradle.internal.operations.DefaultBuildOperationRunner] Completing Build operation 'Download https://repo.maven.apache.org/maven2/com/google/auto/value/auto-value-annotations/1.6.2/auto-value-annotations-1.6.2.pom'
2021-06-06T09:17:12.032-0500 [DEBUG] [org.gradle.internal.operations.DefaultBuildOperationRunner] Completing Build operation 'Download https://repo.maven.apache.org/maven2/com/google/dagger/dagger/2.28.3/dagger-2.28.3.pom'
2021-06-06T09:17:12.051-0500 [DEBUG] [org.gradle.internal.operations.DefaultBuildOperationRunner] Build operation 'Download https://dl.google.com/dl/android/maven2/com/google/errorprone/error_prone_parent/2.3.1/error_prone_parent-2.3.1.pom' started
2021-06-06T09:17:12.051-0500 [DEBUG] [org.gradle.internal.operations.DefaultBuildOperationRunner] Build operation 'Download https://dl.google.com/dl/android/maven2/com/google/auto/value/auto-value-parent/1.6.2/auto-value-parent-1.6.2.pom' started
2021-06-06T09:17:09.987-0500 [LIFECYCLE] [org.gradle.internal.logging.progress.ProgressLoggerFactory] 
2021-06-06T09:17:09.987-0500 [LIFECYCLE] [org.gradle.internal.logging.progress.ProgressLoggerFactory] > Configure project :
2021-06-06T09:17:09.966-0500 [DEBUG] [org.gradle.api.internal.artifacts.ivyservice.ivyresolve.RepositoryChainComponentMetaDataResolver] Attempting to resolve component for com.googlecode.json-simple:json-simple:1.1 using repositories [Google, MavenRepo]
2021-06-06T09:17:09.967-0500 [DEBUG] [org.apache.http.impl.execchain.MainClientExec] Connection can be kept alive indefinitely
2021-06-06T09:17:09.968-0500 [DEBUG] [org.gradle.api.internal.artifacts.repositories.resolver.ExternalResourceResolver] Metadata file found for module 'com.android.tools.build:apkzlib:4.2.1' in repository 'Google'.
2021-06-06T09:17:09.968-0500 [DEBUG] [org.gradle.api.internal.artifacts.repositories.resolver.DefaultExternalResourceArtifactResolver] Loading https://dl.google.com/dl/android/maven2/com/android/tools/build/apkzlib/4.2.1/apkzlib-4.2.1.module
2021-06-06T09:17:09.968-0500 [DEBUG] [org.gradle.internal.resource.transport.http.HttpResponseResource] Attempting to download resource https://dl.google.com/dl/android/maven2/com/android/tools/sdklib/27.2.1/sdklib-27.2.1.module.
2021-06-06T09:17:09.968-0500 [DEBUG] [org.gradle.internal.resource.transfer.DefaultCacheAwareExternalResourceAccessor] Constructing external resource: https://dl.google.com/dl/android/maven2/com/android/tools/build/apkzlib/4.2.1/apkzlib-4.2.1.module
2021-06-06T09:17:09.969-0500 [DEBUG] [org.gradle.api.internal.artifacts.ivyservice.ivyresolve.RepositoryChainComponentMetaDataResolver] Using com.android.tools.build:apksig:4.2.1 from Maven repository 'Google'
2021-06-06T09:17:09.970-0500 [DEBUG] [org.gradle.api.internal.artifacts.repositories.resolver.DefaultExternalResourceArtifactResolver] Loading https://dl.google.com/dl/android/maven2/com/googlecode/json-simple/json-simple/1.1/json-simple-1.1.pom
2021-06-06T09:17:09.970-0500 [INFO] [org.gradle.internal.resource.transfer.DefaultCacheAwareExternalResourceAccessor] Downloading https://dl.google.com/dl/android/maven2/com/android/tools/sdklib/27.2.1/sdklib-27.2.1.module to C:\Users\gathi\AppData\Local\Temp\gradle_download4405972385384201190bin
2021-06-06T09:17:09.970-0500 [DEBUG] [org.gradle.internal.resource.transfer.DefaultCacheAwareExternalResourceAccessor] Constructing external resource: https://dl.google.com/dl/android/maven2/com/googlecode/json-simple/json-simple/1.1/json-simple-1.1.pom
2021-06-06T09:17:09.971-0500 [DEBUG] [org.gradle.internal.resource.transport.http.HttpResourceAccessor] Constructing external resource: https://dl.google.com/dl/android/maven2/com/googlecode/json-simple/json-simple/1.1/json-simple-1.1.pom
2021-06-06T09:17:09.972-0500 [DEBUG] [org.gradle.internal.resource.transport.http.HttpClientHelper] Performing HTTP GET: https://dl.google.com/dl/android/maven2/com/googlecode/json-simple/json-simple/1.1/json-simple-1.1.pom
2021-06-06T09:17:09.972-0500 [DEBUG] [org.apache.http.impl.conn.PoolingHttpClientConnectionManager] Connection [id: 3][route: {s}->https://dl.google.com:443] can be kept alive indefinitely
2021-06-06T09:17:09.972-0500 [DEBUG] [org.apache.http.impl.conn.DefaultManagedHttpClientConnection] http-outgoing-3: set socket timeout to 0
2021-06-06T09:17:09.972-0500 [DEBUG] [org.gradle.internal.resource.transport.http.HttpResourceAccessor] Constructing external resource: https://dl.google.com/dl/android/maven2/com/android/tools/build/apkzlib/4.2.1/apkzlib-4.2.1.module
2021-06-06T09:17:09.972-0500 [DEBUG] [org.apache.http.client.protocol.RequestAddCookies] CookieSpec selected: default
2021-06-06T09:17:09.972-0500 [DEBUG] [org.gradle.internal.resource.transport.http.HttpClientHelper] Performing HTTP GET: https://dl.google.com/dl/android/maven2/com/android/tools/build/apkzlib/4.2.1/apkzlib-4.2.1.module
2021-06-06T09:17:09.972-0500 [DEBUG] [org.apache.http.impl.conn.PoolingHttpClientConnectionManager] Connection released: [id: 3][route: {s}->https://dl.google.com:443][total kept alive: 4; route allocated: 8 of 20; total allocated: 8 of 20]
2021-06-06T09:17:09.973-0500 [DEBUG] [org.apache.http.client.protocol.RequestAddCookies] CookieSpec selected: default
2021-06-06T09:17:09.972-0500 [DEBUG] [org.apache.http.client.protocol.RequestAuthCache] Auth cache not set in the context
2021-06-06T09:17:09.973-0500 [DEBUG] [org.apache.http.client.protocol.RequestAuthCache] Auth cache not set in the context
2021-06-06T09:17:09.973-0500 [DEBUG] [org.apache.http.impl.conn.PoolingHttpClientConnectionManager] Connection request: [route: {s}->https://dl.google.com:443][total kept alive: 4; route allocated: 8 of 20; total allocated: 8 of 20]
2021-06-06T09:17:09.973-0500 [DEBUG] [org.apache.http.impl.conn.PoolingHttpClientConnectionManager] Connection leased: [id: 3][route: {s}->https://dl.google.com:443][total kept alive: 3; route allocated: 8 of 20; total allocated: 8 of 20]
2021-06-06T09:17:09.973-0500 [DEBUG] [org.apache.http.impl.conn.PoolingHttpClientConnectionManager] Connection request: [route: {s}->https://dl.google.com:443][total kept alive: 4; route allocated: 8 of 20; total allocated: 8 of 20]
2021-06-06T09:17:09.973-0500 [DEBUG] [org.apache.http.impl.conn.DefaultManagedHttpClientConnection] http-outgoing-3: set socket timeout to 30000
2021-06-06T09:17:09.974-0500 [DEBUG] [org.gradle.internal.operations.DefaultBuildOperationRunner] Build operation 'Download https://dl.google.com/dl/android/maven2/com/android/tools/sdklib/27.2.1/sdklib-27.2.1.module' completed
2021-06-06T09:17:09.974-0500 [DEBUG] [org.apache.http.impl.conn.DefaultManagedHttpClientConnection] http-outgoing-3: set socket timeout to 30000
2021-06-06T09:17:09.974-0500 [DEBUG] [org.apache.http.impl.conn.PoolingHttpClientConnectionManager] Connection leased: [id: 4][route: {s}->https://dl.google.com:443][total kept alive: 2; route allocated: 8 of 20; total allocated: 8 of 20]
2021-06-06T09:17:09.974-0500 [DEBUG] [org.apache.http.impl.execchain.MainClientExec] Executing request GET /dl/android/maven2/com/android/tools/build/apkzlib/4.2.1/apkzlib-4.2.1.module HTTP/1.1
2021-06-06T09:17:09.974-0500 [DEBUG] [org.gradle.api.internal.artifacts.ivyservice.ivyresolve.RepositoryChainComponentMetaDataResolver] Attempting to resolve component for com.android.tools.ddms:ddmlib:27.2.1 using repositories [Google, MavenRepo]
2021-06-06T09:17:09.974-0500 [DEBUG] [org.apache.http.impl.execchain.MainClientExec] Target auth state: UNCHALLENGED
2021-06-06T09:17:09.974-0500 [DEBUG] [org.apache.http.impl.conn.DefaultManagedHttpClientConnection] http-outgoing-4: set socket timeout to 30000
2021-06-06T09:17:09.974-0500 [DEBUG] [org.apache.http.impl.execchain.MainClientExec] Proxy auth state: UNCHALLENGED
2021-06-06T09:17:09.975-0500 [DEBUG] [org.apache.http.impl.conn.DefaultManagedHttpClientConnection] http-outgoing-4: set socket timeout to 30000
2021-06-06T09:17:09.975-0500 [DEBUG] [org.apache.http.impl.execchain.MainClientExec] Executing request GET /dl/android/maven2/com/googlecode/json-simple/json-simple/1.1/json-simple-1.1.pom HTTP/1.1
2021-06-06T09:17:09.975-0500 [DEBUG] [org.apache.http.impl.execchain.MainClientExec] Target auth state: UNCHALLENGED
2021-06-06T09:17:09.975-0500 [DEBUG] [org.apache.http.impl.execchain.MainClientExec] Proxy auth state: UNCHALLENGED
2021-06-06T09:17:09.979-0500 [DEBUG] [org.gradle.api.internal.artifacts.repositories.resolver.DefaultExternalResourceArtifactResolver] Loading https://dl.google.com/dl/android/maven2/com/android/tools/ddms/ddmlib/27.2.1/ddmlib-27.2.1.pom
2021-06-06T09:17:09.979-0500 [DEBUG] [org.gradle.internal.resource.transfer.DefaultCacheAwareExternalResourceAccessor] Constructing external resource: https://dl.google.com/dl/android/maven2/com/android/tools/ddms/ddmlib/27.2.1/ddmlib-27.2.1.pom
2021-06-06T09:17:09.980-0500 [DEBUG] [org.gradle.internal.resource.transport.http.HttpResourceAccessor] Constructing external resource: https://dl.google.com/dl/android/maven2/com/android/tools/ddms/ddmlib/27.2.1/ddmlib-27.2.1.pom
2021-06-06T09:17:09.980-0500 [DEBUG] [org.gradle.internal.resource.transport.http.HttpClientHelper] Performing HTTP GET: https://dl.google.com/dl/android/maven2/com/android/tools/ddms/ddmlib/27.2.1/ddmlib-27.2.1.pom
2021-06-06T09:17:09.981-0500 [DEBUG] [org.apache.http.client.protocol.RequestAddCookies] CookieSpec selected: default
2021-06-06T09:17:09.981-0500 [DEBUG] [org.apache.http.client.protocol.RequestAuthCache] Auth cache not set in the context
2021-06-06T09:17:09.981-0500 [DEBUG] [org.apache.http.impl.conn.PoolingHttpClientConnectionManager] Connection request: [route: {s}->https://dl.google.com:443][total kept alive: 2; route allocated: 8 of 20; total allocated: 8 of 20]
2021-06-06T09:17:09.981-0500 [DEBUG] [org.apache.http.impl.conn.PoolingHttpClientConnectionManager] Connection leased: [id: 8][route: {s}->https://dl.google.com:443][total kept alive: 1; route allocated: 8 of 20; total allocated: 8 of 20]
2021-06-06T09:17:09.982-0500 [DEBUG] [org.apache.http.impl.execchain.MainClientExec] Connection can be kept alive indefinitely
2021-06-06T09:17:09.982-0500 [DEBUG] [org.apache.http.impl.execchain.MainClientExec] Connection can be kept alive indefinitely
2021-06-06T09:17:09.982-0500 [DEBUG] [org.apache.http.impl.conn.DefaultManagedHttpClientConnection] http-outgoing-8: set socket timeout to 30000
2021-06-06T09:17:09.982-0500 [DEBUG] [org.apache.http.impl.conn.DefaultManagedHttpClientConnection] http-outgoing-8: set socket timeout to 30000
2021-06-06T09:17:09.982-0500 [DEBUG] [org.apache.http.impl.conn.PoolingHttpClientConnectionManager] Connection [id: 7][route: {s}->https://dl.google.com:443] can be kept alive indefinitely
2021-06-06T09:17:09.982-0500 [DEBUG] [org.apache.http.impl.execchain.MainClientExec] Executing request GET /dl/android/maven2/com/android/tools/ddms/ddmlib/27.2.1/ddmlib-27.2.1.pom HTTP/1.1
2021-06-06T09:17:09.982-0500 [DEBUG] [org.gradle.internal.resource.transport.http.HttpResponseResource] Attempting to download resource https://dl.google.com/dl/android/maven2/com/android/tools/analytics-library/tracker/27.2.1/tracker-27.2.1.module.
2021-06-06T09:17:09.983-0500 [DEBUG] [org.apache.http.impl.execchain.MainClientExec] Target auth state: UNCHALLENGED
2021-06-06T09:17:09.982-0500 [DEBUG] [org.apache.http.impl.conn.DefaultManagedHttpClientConnection] http-outgoing-7: set socket timeout to 0
2021-06-06T09:17:09.983-0500 [DEBUG] [org.apache.http.impl.execchain.MainClientExec] Proxy auth state: UNCHALLENGED
2021-06-06T09:17:09.983-0500 [DEBUG] [org.apache.http.impl.conn.PoolingHttpClientConnectionManager] Connection released: [id: 7][route: {s}->https://dl.google.com:443][total kept alive: 2; route allocated: 8 of 20; total allocated: 8 of 20]
2021-06-06T09:17:09.983-0500 [DEBUG] [org.gradle.api.internal.artifacts.ivyservice.modulecache.PersistentModuleMetadataCache] Recording module descriptor in cache: com.android.tools:sdklib:27.2.1 [changing = false]
2021-06-06T09:17:09.984-0500 [INFO] [org.gradle.internal.resource.transport.http.HttpClientHelper] Resource missing. [HTTP HEAD: https://dl.google.com/dl/android/maven2/org/ow2/asm/asm-tree/7.0/asm-tree-7.0.pom]
2021-06-06T09:17:09.984-0500 [DEBUG] [org.gradle.internal.operations.DefaultBuildOperationRunner] Build operation 'Metadata of https://dl.google.com/dl/android/maven2/org/ow2/asm/asm-tree/7.0/asm-tree-7.0.pom' completed
2021-06-06T09:17:09.984-0500 [DEBUG] [org.gradle.api.internal.artifacts.repositories.resolver.ExternalResourceResolver] No meta-data file or artifact found for module 'org.ow2.asm:asm-tree:7.0' in repository 'Google'.
2021-06-06T09:17:09.984-0500 [DEBUG] [org.gradle.api.internal.artifacts.ivyservice.modulecache.PersistentModuleMetadataCache] Recording absence of module descriptor in cache: org.ow2.asm:asm-tree:7.0 [changing = false]
2021-06-06T09:17:09.984-0500 [INFO] [org.gradle.internal.resource.transfer.DefaultCacheAwareExternalResourceAccessor] Downloading https://dl.google.com/dl/android/maven2/com/android/tools/analytics-library/tracker/27.2.1/tracker-27.2.1.module to C:\Users\gathi\AppData\Local\Temp\gradle_download58391369810099961bin
2021-06-06T09:17:09.985-0500 [DEBUG] [org.apache.http.impl.execchain.MainClientExec] Connection can be kept alive indefinitely
2021-06-06T09:17:09.985-0500 [DEBUG] [org.apache.http.impl.execchain.MainClientExec] Connection can be kept alive indefinitely
2021-06-06T09:17:09.985-0500 [DEBUG] [org.apache.http.impl.conn.PoolingHttpClientConnectionManager] Connection [id: 5][route: {s}->https://dl.google.com:443] can be kept alive indefinitely
2021-06-06T09:17:09.985-0500 [DEBUG] [org.apache.http.impl.conn.DefaultManagedHttpClientConnection] http-outgoing-5: set socket timeout to 0
2021-06-06T09:17:09.985-0500 [DEBUG] [org.apache.http.impl.conn.PoolingHttpClientConnectionManager] Connection released: [id: 5][route: {s}->https://dl.google.com:443][total kept alive: 3; route allocated: 8 of 20; total allocated: 8 of 20]
2021-06-06T09:17:09.985-0500 [DEBUG] [org.apache.http.impl.conn.PoolingHttpClientConnectionManager] Connection [id: 0][route: {s}->https://dl.google.com:443] can be kept alive indefinitely
2021-06-06T09:17:09.985-0500 [DEBUG] [org.apache.http.impl.conn.DefaultManagedHttpClientConnection] http-outgoing-0: set socket timeout to 0
2021-06-06T09:17:09.986-0500 [INFO] [org.gradle.internal.resource.transport.http.HttpClientHelper] Resource missing. [HTTP HEAD: https://dl.google.com/dl/android/maven2/javax/inject/javax.inject/1/javax.inject-1.pom]
2021-06-06T09:17:09.986-0500 [DEBUG] [org.apache.http.impl.conn.PoolingHttpClientConnectionManager] Connection released: [id: 0][route: {s}->https://dl.google.com:443][total kept alive: 4; route allocated: 8 of 20; total allocated: 8 of 20]
2021-06-06T09:17:09.986-0500 [DEBUG] [org.gradle.internal.operations.DefaultBuildOperationRunner] Build operation 'Metadata of https://dl.google.com/dl/android/maven2/javax/inject/javax.inject/1/javax.inject-1.pom' completed
2021-06-06T09:17:09.986-0500 [INFO] [org.gradle.internal.resource.transport.http.HttpClientHelper] Resource missing. [HTTP GET: https://dl.google.com/dl/android/maven2/it/unimi/dsi/fastutil/8.4.0/fastutil-8.4.0.pom]
2021-06-06T09:17:09.986-0500 [DEBUG] [org.gradle.api.internal.artifacts.repositories.resolver.ExternalResourceResolver] No meta-data file or artifact found for module 'javax.inject:javax.inject:1' in repository 'Google'.
2021-06-06T09:17:09.987-0500 [DEBUG] [org.gradle.internal.operations.DefaultBuildOperationRunner] Build operation 'Download https://dl.google.com/dl/android/maven2/it/unimi/dsi/fastutil/8.4.0/fastutil-8.4.0.pom' completed
2021-06-06T09:17:09.986-0500 [DEBUG] [org.gradle.api.internal.artifacts.ivyservice.modulecache.PersistentModuleMetadataCache] Recording absence of module descriptor in cache: javax.inject:javax.inject:1 [changing = false]
2021-06-06T09:17:09.987-0500 [DEBUG] [org.gradle.api.internal.artifacts.repositories.resolver.ExternalResourceResolver] No meta-data file or artifact found for module 'it.unimi.dsi:fastutil:8.4.0' in repository 'Google'.
2021-06-06T09:17:09.987-0500 [DEBUG] [org.gradle.api.internal.artifacts.ivyservice.modulecache.PersistentModuleMetadataCache] Recording absence of module descriptor in cache: it.unimi.dsi:fastutil:8.4.0 [changing = false]
2021-06-06T09:17:09.988-0500 [DEBUG] [org.gradle.api.internal.artifacts.ivyservice.ivyresolve.RepositoryChainComponentMetaDataResolver] Using com.android.tools:sdklib:27.2.1 from Maven repository 'Google'
2021-06-06T09:17:09.989-0500 [DEBUG] [org.gradle.api.internal.artifacts.repositories.resolver.DefaultExternalResourceArtifactResolver] Loading https://repo.maven.apache.org/maven2/org/ow2/asm/asm-tree/7.0/asm-tree-7.0.pom
2021-06-06T09:17:09.989-0500 [DEBUG] [org.gradle.api.internal.artifacts.repositories.resolver.DefaultExternalResourceArtifactResolver] Loading https://repo.maven.apache.org/maven2/javax/inject/javax.inject/1/javax.inject-1.pom
2021-06-06T09:17:09.989-0500 [DEBUG] [org.gradle.internal.resource.transfer.DefaultCacheAwareExternalResourceAccessor] Constructing external resource: https://repo.maven.apache.org/maven2/org/ow2/asm/asm-tree/7.0/asm-tree-7.0.pom
2021-06-06T09:17:09.989-0500 [DEBUG] [org.gradle.api.internal.artifacts.repositories.resolver.DefaultExternalResourceArtifactResolver] Loading https://repo.maven.apache.org/maven2/it/unimi/dsi/fastutil/8.4.0/fastutil-8.4.0.pom
2021-06-06T09:17:09.989-0500 [DEBUG] [org.gradle.internal.resource.transfer.DefaultCacheAwareExternalResourceAccessor] Constructing external resource: https://repo.maven.apache.org/maven2/javax/inject/javax.inject/1/javax.inject-1.pom
2021-06-06T09:17:09.989-0500 [DEBUG] [org.gradle.internal.resource.transfer.DefaultCacheAwareExternalResourceAccessor] Constructing external resource: https://repo.maven.apache.org/maven2/it/unimi/dsi/fastutil/8.4.0/fastutil-8.4.0.pom
2021-06-06T09:17:09.990-0500 [DEBUG] [org.gradle.internal.resource.transport.http.HttpResourceAccessor] Constructing external resource: https://repo.maven.apache.org/maven2/it/unimi/dsi/fastutil/8.4.0/fastutil-8.4.0.pom
2021-06-06T09:17:09.990-0500 [DEBUG] [org.gradle.internal.resource.transport.http.HttpClientHelper] Performing HTTP GET: https://repo.maven.apache.org/maven2/it/unimi/dsi/fastutil/8.4.0/fastutil-8.4.0.pom
2021-06-06T09:17:09.991-0500 [DEBUG] [org.apache.http.client.protocol.RequestAddCookies] CookieSpec selected: default
2021-06-06T09:17:09.991-0500 [DEBUG] [org.gradle.internal.resource.transport.http.HttpResourceAccessor] Constructing external resource metadata: https://repo.maven.apache.org/maven2/javax/inject/javax.inject/1/javax.inject-1.pom
2021-06-06T09:17:09.991-0500 [DEBUG] [org.apache.http.client.protocol.RequestAuthCache] Auth cache not set in the context
2021-06-06T09:17:09.991-0500 [DEBUG] [org.apache.http.impl.conn.PoolingHttpClientConnectionManager] Connection request: [route: {s}->https://repo.maven.apache.org:443][total kept alive: 8; route allocated: 8 of 20; total allocated: 8 of 20]
2021-06-06T09:17:09.991-0500 [DEBUG] [org.gradle.internal.resource.transport.http.HttpClientHelper] Performing HTTP HEAD: https://repo.maven.apache.org/maven2/javax/inject/javax.inject/1/javax.inject-1.pom
2021-06-06T09:17:09.992-0500 [DEBUG] [org.apache.http.impl.conn.PoolingHttpClientConnectionManager] Connection leased: [id: 14][route: {s}->https://repo.maven.apache.org:443][total kept alive: 7; route allocated: 8 of 20; total allocated: 8 of 20]
2021-06-06T09:17:09.992-0500 [DEBUG] [org.apache.http.impl.conn.DefaultManagedHttpClientConnection] http-outgoing-14: set socket timeout to 30000
2021-06-06T09:17:09.992-0500 [DEBUG] [org.apache.http.client.protocol.RequestAddCookies] CookieSpec selected: default
2021-06-06T09:17:09.992-0500 [DEBUG] [org.gradle.internal.resource.transport.http.HttpResourceAccessor] Constructing external resource metadata: https://repo.maven.apache.org/maven2/org/ow2/asm/asm-tree/7.0/asm-tree-7.0.pom
2021-06-06T09:17:09.992-0500 [DEBUG] [org.apache.http.client.protocol.RequestAuthCache] Auth cache not set in the context
2021-06-06T09:17:09.992-0500 [DEBUG] [org.apache.http.impl.conn.DefaultManagedHttpClientConnection] http-outgoing-14: set socket timeout to 30000
2021-06-06T09:17:09.992-0500 [DEBUG] [org.apache.http.impl.conn.PoolingHttpClientConnectionManager] Connection [id: 1][route: {s}->https://dl.google.com:443] can be kept alive indefinitely
2021-06-06T09:17:09.992-0500 [DEBUG] [org.apache.http.impl.conn.PoolingHttpClientConnectionManager] Connection request: [route: {s}->https://repo.maven.apache.org:443][total kept alive: 7; route allocated: 8 of 20; total allocated: 8 of 20]
2021-06-06T09:17:09.992-0500 [DEBUG] [org.gradle.internal.resource.transport.http.HttpClientHelper] Performing HTTP HEAD: https://repo.maven.apache.org/maven2/org/ow2/asm/asm-tree/7.0/asm-tree-7.0.pom
2021-06-06T09:17:09.993-0500 [DEBUG] [org.apache.http.impl.conn.PoolingHttpClientConnectionManager] Connection leased: [id: 12][route: {s}->https://repo.maven.apache.org:443][total kept alive: 6; route allocated: 8 of 20; total allocated: 8 of 20]
2021-06-06T09:17:09.993-0500 [DEBUG] [org.apache.http.impl.conn.DefaultManagedHttpClientConnection] http-outgoing-1: set socket timeout to 0
2021-06-06T09:17:09.992-0500 [DEBUG] [org.apache.http.impl.execchain.MainClientExec] Executing request GET /maven2/it/unimi/dsi/fastutil/8.4.0/fastutil-8.4.0.pom HTTP/1.1
2021-06-06T09:17:09.993-0500 [DEBUG] [org.apache.http.impl.conn.PoolingHttpClientConnectionManager] Connection released: [id: 1][route: {s}->https://dl.google.com:443][total kept alive: 5; route allocated: 8 of 20; total allocated: 8 of 20]
2021-06-06T09:17:09.993-0500 [DEBUG] [org.apache.http.client.protocol.RequestAddCookies] CookieSpec selected: default
2021-06-06T09:17:09.993-0500 [DEBUG] [org.apache.http.client.protocol.RequestAuthCache] Auth cache not set in the context
2021-06-06T09:17:09.994-0500 [DEBUG] [org.apache.http.impl.conn.PoolingHttpClientConnectionManager] Connection request: [route: {s}->https://repo.maven.apache.org:443][total kept alive: 6; route allocated: 8 of 20; total allocated: 8 of 20]
2021-06-06T09:17:09.994-0500 [DEBUG] [org.apache.http.impl.conn.PoolingHttpClientConnectionManager] Connection leased: [id: 11][route: {s}->https://repo.maven.apache.org:443][total kept alive: 5; route allocated: 8 of 20; total allocated: 8 of 20]
2021-06-06T09:17:09.994-0500 [DEBUG] [org.apache.http.impl.conn.DefaultManagedHttpClientConnection] http-outgoing-11: set socket timeout to 30000
2021-06-06T09:17:09.994-0500 [DEBUG] [org.apache.http.impl.conn.DefaultManagedHttpClientConnection] http-outgoing-11: set socket timeout to 30000
2021-06-06T09:17:09.994-0500 [DEBUG] [org.apache.http.impl.execchain.MainClientExec] Executing request HEAD /maven2/org/ow2/asm/asm-tree/7.0/asm-tree-7.0.pom HTTP/1.1
2021-06-06T09:17:09.994-0500 [DEBUG] [org.apache.http.impl.execchain.MainClientExec] Target auth state: UNCHALLENGED
2021-06-06T09:17:09.994-0500 [DEBUG] [org.apache.http.impl.execchain.MainClientExec] Proxy auth state: UNCHALLENGED
2021-06-06T09:17:09.993-0500 [DEBUG] [org.apache.http.impl.conn.DefaultManagedHttpClientConnection] http-outgoing-12: set socket timeout to 30000
2021-06-06T09:17:09.995-0500 [DEBUG] [org.apache.http.impl.conn.DefaultManagedHttpClientConnection] http-outgoing-12: set socket timeout to 30000
2021-06-06T09:17:09.993-0500 [DEBUG] [org.apache.http.impl.execchain.MainClientExec] Target auth state: UNCHALLENGED
2021-06-06T09:17:09.995-0500 [DEBUG] [org.apache.http.impl.execchain.MainClientExec] Proxy auth state: UNCHALLENGED
2021-06-06T09:17:09.995-0500 [DEBUG] [org.apache.http.impl.execchain.MainClientExec] Executing request HEAD /maven2/javax/inject/javax.inject/1/javax.inject-1.pom HTTP/1.1
2021-06-06T09:17:09.995-0500 [DEBUG] [org.apache.http.impl.execchain.MainClientExec] Target auth state: UNCHALLENGED
2021-06-06T09:17:09.995-0500 [DEBUG] [org.apache.http.impl.execchain.MainClientExec] Proxy auth state: UNCHALLENGED
2021-06-06T09:17:09.996-0500 [DEBUG] [org.gradle.internal.operations.DefaultBuildOperationRunner] Build operation 'Download https://dl.google.com/dl/android/maven2/com/android/tools/analytics-library/tracker/27.2.1/tracker-27.2.1.module' completed
2021-06-06T09:17:10.005-0500 [DEBUG] [org.gradle.api.internal.artifacts.ivyservice.modulecache.PersistentModuleMetadataCache] Recording module descriptor in cache: com.android.tools.analytics-library:tracker:27.2.1 [changing = false]
2021-06-06T09:17:10.010-0500 [DEBUG] [org.gradle.api.internal.artifacts.ivyservice.ivyresolve.RepositoryChainComponentMetaDataResolver] Using com.android.tools.analytics-library:tracker:27.2.1 from Maven repository 'Google'
2021-06-06T09:17:10.012-0500 [DEBUG] [org.apache.http.impl.execchain.MainClientExec] Connection can be kept alive indefinitely
2021-06-06T09:17:10.012-0500 [DEBUG] [org.apache.http.impl.execchain.MainClientExec] Connection can be kept alive indefinitely
2021-06-06T09:17:10.012-0500 [DEBUG] [org.apache.http.impl.execchain.MainClientExec] Connection can be kept alive indefinitely
2021-06-06T09:17:10.012-0500 [DEBUG] [org.apache.http.impl.conn.PoolingHttpClientConnectionManager] Connection [id: 11][route: {s}->https://repo.maven.apache.org:443] can be kept alive indefinitely
2021-06-06T09:17:10.012-0500 [DEBUG] [org.apache.http.impl.conn.DefaultManagedHttpClientConnection] http-outgoing-11: set socket timeout to 0
2021-06-06T09:17:10.012-0500 [DEBUG] [org.apache.http.impl.conn.PoolingHttpClientConnectionManager] Connection [id: 12][route: {s}->https://repo.maven.apache.org:443] can be kept alive indefinitely
2021-06-06T09:17:10.012-0500 [DEBUG] [org.apache.http.impl.conn.PoolingHttpClientConnectionManager] Connection released: [id: 11][route: {s}->https://repo.maven.apache.org:443][total kept alive: 6; route allocated: 8 of 20; total allocated: 8 of 20]
2021-06-06T09:17:10.012-0500 [DEBUG] [org.gradle.internal.resource.transport.http.HttpResponseResource] Attempting to download resource https://repo.maven.apache.org/maven2/it/unimi/dsi/fastutil/8.4.0/fastutil-8.4.0.pom.
2021-06-06T09:17:10.012-0500 [DEBUG] [org.apache.http.impl.conn.DefaultManagedHttpClientConnection] http-outgoing-12: set socket timeout to 0
2021-06-06T09:17:10.013-0500 [DEBUG] [org.apache.http.impl.conn.PoolingHttpClientConnectionManager] Connection released: [id: 12][route: {s}->https://repo.maven.apache.org:443][total kept alive: 7; route allocated: 8 of 20; total allocated: 8 of 20]
2021-06-06T09:17:10.013-0500 [DEBUG] [org.gradle.internal.operations.DefaultBuildOperationRunner] Build operation 'Metadata of https://repo.maven.apache.org/maven2/org/ow2/asm/asm-tree/7.0/asm-tree-7.0.pom' completed
2021-06-06T09:17:10.013-0500 [DEBUG] [org.gradle.internal.operations.DefaultBuildOperationRunner] Build operation 'Metadata of https://repo.maven.apache.org/maven2/javax/inject/javax.inject/1/javax.inject-1.pom' completed
2021-06-06T09:17:10.014-0500 [DEBUG] [org.apache.http.impl.execchain.MainClientExec] Connection can be kept alive indefinitely
2021-06-06T09:17:10.015-0500 [INFO] [org.gradle.internal.resource.transfer.DefaultCacheAwareExternalResourceAccessor] Downloading https://repo.maven.apache.org/maven2/it/unimi/dsi/fastutil/8.4.0/fastutil-8.4.0.pom to C:\Users\gathi\AppData\Local\Temp\gradle_download14026414292166482249bin
2021-06-06T09:17:10.015-0500 [INFO] [org.gradle.internal.resource.transfer.DefaultCacheAwareExternalResourceAccessor] Found locally available resource with matching checksum: [https://repo.maven.apache.org/maven2/javax/inject/javax.inject/1/javax.inject-1.pom, C:\Users\gathi\.m2\repository\javax\inject\javax.inject\1\javax.inject-1.pom]
2021-06-06T09:17:10.015-0500 [INFO] [org.gradle.internal.resource.transfer.DefaultCacheAwareExternalResourceAccessor] Found locally available resource with matching checksum: [https://repo.maven.apache.org/maven2/org/ow2/asm/asm-tree/7.0/asm-tree-7.0.pom, C:\Users\gathi\.m2\repository\org\ow2\asm\asm-tree\7.0\asm-tree-7.0.pom]
2021-06-06T09:17:10.015-0500 [DEBUG] [org.gradle.internal.resource.transport.http.HttpResponseResource] Attempting to download resource https://dl.google.com/dl/android/maven2/com/android/tools/build/apkzlib/4.2.1/apkzlib-4.2.1.module.
2021-06-06T09:17:10.016-0500 [DEBUG] [org.apache.http.impl.conn.PoolingHttpClientConnectionManager] Connection [id: 14][route: {s}->https://repo.maven.apache.org:443] can be kept alive indefinitely
2021-06-06T09:17:10.016-0500 [DEBUG] [org.apache.http.impl.conn.DefaultManagedHttpClientConnection] http-outgoing-14: set socket timeout to 0
2021-06-06T09:17:10.016-0500 [DEBUG] [org.apache.http.impl.conn.PoolingHttpClientConnectionManager] Connection released: [id: 14][route: {s}->https://repo.maven.apache.org:443][total kept alive: 8; route allocated: 8 of 20; total allocated: 8 of 20]
2021-06-06T09:17:10.017-0500 [DEBUG] [org.gradle.internal.operations.DefaultBuildOperationRunner] Build operation 'Download https://repo.maven.apache.org/maven2/it/unimi/dsi/fastutil/8.4.0/fastutil-8.4.0.pom' completed
2021-06-06T09:17:10.021-0500 [INFO] [org.gradle.internal.resource.transfer.DefaultCacheAwareExternalResourceAccessor] Downloading https://dl.google.com/dl/android/maven2/com/android/tools/build/apkzlib/4.2.1/apkzlib-4.2.1.module to C:\Users\gathi\AppData\Local\Temp\gradle_download11128784146554039991bin
2021-06-06T09:17:10.027-0500 [DEBUG] [org.apache.http.impl.conn.PoolingHttpClientConnectionManager] Connection [id: 3][route: {s}->https://dl.google.com:443] can be kept alive indefinitely
2021-06-06T09:17:10.027-0500 [DEBUG] [org.apache.http.impl.conn.DefaultManagedHttpClientConnection] http-outgoing-3: set socket timeout to 0
2021-06-06T09:17:10.027-0500 [DEBUG] [org.apache.http.impl.conn.PoolingHttpClientConnectionManager] Connection released: [id: 3][route: {s}->https://dl.google.com:443][total kept alive: 6; route allocated: 8 of 20; total allocated: 8 of 20]
2021-06-06T09:17:10.028-0500 [DEBUG] [org.apache.http.impl.execchain.MainClientExec] Connection can be kept alive indefinitely
2021-06-06T09:17:10.028-0500 [DEBUG] [org.gradle.internal.operations.DefaultBuildOperationRunner] Build operation 'Download https://dl.google.com/dl/android/maven2/com/android/tools/build/apkzlib/4.2.1/apkzlib-4.2.1.module' completed
2021-06-06T09:17:10.029-0500 [DEBUG] [org.gradle.internal.resource.transport.http.HttpResponseResource] Attempting to download resource https://dl.google.com/dl/android/maven2/com/android/tools/ddms/ddmlib/27.2.1/ddmlib-27.2.1.pom.
2021-06-06T09:17:10.030-0500 [INFO] [org.gradle.internal.resource.transfer.DefaultCacheAwareExternalResourceAccessor] Downloading https://dl.google.com/dl/android/maven2/com/android/tools/ddms/ddmlib/27.2.1/ddmlib-27.2.1.pom to C:\Users\gathi\AppData\Local\Temp\gradle_download4333227193913528644bin
2021-06-06T09:17:10.031-0500 [DEBUG] [org.apache.http.impl.conn.PoolingHttpClientConnectionManager] Connection [id: 8][route: {s}->https://dl.google.com:443] can be kept alive indefinitely
2021-06-06T09:17:10.032-0500 [DEBUG] [org.apache.http.impl.conn.DefaultManagedHttpClientConnection] http-outgoing-8: set socket timeout to 0
2021-06-06T09:17:10.032-0500 [DEBUG] [org.apache.http.impl.conn.PoolingHttpClientConnectionManager] Connection released: [id: 8][route: {s}->https://dl.google.com:443][total kept alive: 7; route allocated: 8 of 20; total allocated: 8 of 20]
2021-06-06T09:17:10.032-0500 [DEBUG] [org.gradle.internal.operations.DefaultBuildOperationRunner] Build operation 'Download https://dl.google.com/dl/android/maven2/com/android/tools/ddms/ddmlib/27.2.1/ddmlib-27.2.1.pom' completed
2021-06-06T09:17:10.034-0500 [DEBUG] [org.gradle.api.internal.artifacts.repositories.resolver.ExternalResourceResolver] Metadata file found for module 'it.unimi.dsi:fastutil:8.4.0' in repository 'MavenRepo'.
2021-06-06T09:17:10.035-0500 [DEBUG] [org.gradle.api.internal.artifacts.ivyservice.modulecache.PersistentModuleMetadataCache] Recording module descriptor in cache: it.unimi.dsi:fastutil:8.4.0 [changing = false]
2021-06-06T09:17:10.038-0500 [DEBUG] [org.gradle.api.internal.artifacts.ivyservice.ivyresolve.RepositoryChainComponentMetaDataResolver] Attempting to resolve component for org.ow2:ow2:1.5 using repositories [Google, MavenRepo]
2021-06-06T09:17:10.038-0500 [DEBUG] [org.gradle.api.internal.artifacts.ivyservice.ivyresolve.CachingModuleComponentRepository] Detected non-existence of module 'org.ow2:ow2:1.5' in resolver cache 'Google'
2021-06-06T09:17:10.038-0500 [DEBUG] [org.gradle.api.internal.artifacts.ivyservice.ivyresolve.CachingModuleComponentRepository] Using cached module metadata for module 'org.ow2:ow2:1.5' in 'MavenRepo'
2021-06-06T09:17:10.038-0500 [DEBUG] [org.gradle.api.internal.artifacts.ivyservice.ivyresolve.RepositoryChainComponentMetaDataResolver] Using org.ow2:ow2:1.5 from Maven repository 'MavenRepo'
2021-06-06T09:17:10.039-0500 [DEBUG] [org.gradle.api.internal.artifacts.ivyservice.ivyresolve.CachingModuleComponentRepository] Found artifact 'ow2-1.5.pom (org.ow2:ow2:1.5)' in resolver cache: C:\Users\gathi\.gradle\caches\modules-2\files-2.1\org.ow2\ow2\1.5\d8edc69335f4d9f95f511716fb689c86fb0ebaae\ow2-1.5.pom
2021-06-06T09:17:10.044-0500 [DEBUG] [org.gradle.api.internal.artifacts.repositories.resolver.ExternalResourceResolver] Metadata file found for module 'org.ow2.asm:asm-tree:7.0' in repository 'MavenRepo'.
2021-06-06T09:17:10.045-0500 [DEBUG] [org.gradle.api.internal.artifacts.ivyservice.modulecache.PersistentModuleMetadataCache] Recording module descriptor in cache: org.ow2.asm:asm-tree:7.0 [changing = false]
2021-06-06T09:17:10.046-0500 [DEBUG] [org.gradle.api.internal.artifacts.repositories.resolver.ExternalResourceResolver] Metadata file found for module 'javax.inject:javax.inject:1' in repository 'MavenRepo'.
2021-06-06T09:17:10.046-0500 [DEBUG] [org.gradle.api.internal.artifacts.ivyservice.modulecache.PersistentModuleMetadataCache] Recording module descriptor in cache: javax.inject:javax.inject:1 [changing = false]
2021-06-06T09:17:10.055-0500 [DEBUG] [org.gradle.api.internal.artifacts.ivyservice.modulecache.PersistentModuleMetadataCache] Recording module descriptor in cache: com.android.tools.build:apkzlib:4.2.1 [changing = false]
2021-06-06T09:17:10.064-0500 [DEBUG] [org.gradle.api.internal.artifacts.ivyservice.ivyresolve.RepositoryChainComponentMetaDataResolver] Using it.unimi.dsi:fastutil:8.4.0 from Maven repository 'MavenRepo'
2021-06-06T09:17:10.066-0500 [DEBUG] [org.gradle.api.internal.artifacts.repositories.resolver.ExternalResourceResolver] Metadata file found for module 'com.android.tools.ddms:ddmlib:27.2.1' in repository 'Google'.
2021-06-06T09:17:10.066-0500 [DEBUG] [org.gradle.api.internal.artifacts.repositories.resolver.DefaultExternalResourceArtifactResolver] Loading https://dl.google.com/dl/android/maven2/com/android/tools/ddms/ddmlib/27.2.1/ddmlib-27.2.1.module
2021-06-06T09:17:10.066-0500 [DEBUG] [org.gradle.internal.resource.transfer.DefaultCacheAwareExternalResourceAccessor] Constructing external resource: https://dl.google.com/dl/android/maven2/com/android/tools/ddms/ddmlib/27.2.1/ddmlib-27.2.1.module
2021-06-06T09:17:10.068-0500 [DEBUG] [org.gradle.api.internal.artifacts.ivyservice.ivyresolve.RepositoryChainComponentMetaDataResolver] Using org.ow2.asm:asm-tree:7.0 from Maven repository 'MavenRepo'
2021-06-06T09:17:10.073-0500 [DEBUG] [org.gradle.api.internal.artifacts.ivyservice.ivyresolve.RepositoryChainComponentMetaDataResolver] Using javax.inject:javax.inject:1 from Maven repository 'MavenRepo'
2021-06-06T09:17:10.077-0500 [DEBUG] [org.gradle.api.internal.artifacts.ivyservice.ivyresolve.RepositoryChainComponentMetaDataResolver] Using com.android.tools.build:apkzlib:4.2.1 from Maven repository 'Google'
2021-06-06T09:17:10.078-0500 [DEBUG] [org.gradle.internal.operations.DefaultBuildOperationRunner] Build operation 'Resolve com.android.tools.build:apkzlib:4.2.1' completed
2021-06-06T09:17:10.078-0500 [DEBUG] [org.gradle.internal.work.DefaultWorkerLeaseService] Worker lease root.1.25.34 completed (2 worker(s) in use)
2021-06-06T09:17:10.078-0500 [DEBUG] [org.gradle.internal.resources.AbstractTrackedResourceLock] Daemon worker: released lock on root.1.25.34
2021-06-06T09:17:10.079-0500 [DEBUG] [org.gradle.internal.resource.transport.http.HttpResourceAccessor] Constructing external resource: https://dl.google.com/dl/android/maven2/com/android/tools/ddms/ddmlib/27.2.1/ddmlib-27.2.1.module
2021-06-06T09:17:10.079-0500 [DEBUG] [org.gradle.internal.resource.transport.http.HttpClientHelper] Performing HTTP GET: https://dl.google.com/dl/android/maven2/com/android/tools/ddms/ddmlib/27.2.1/ddmlib-27.2.1.module
2021-06-06T09:17:10.080-0500 [DEBUG] [org.apache.http.client.protocol.RequestAddCookies] CookieSpec selected: default
2021-06-06T09:17:10.080-0500 [DEBUG] [org.apache.http.client.protocol.RequestAuthCache] Auth cache not set in the context
2021-06-06T09:17:10.080-0500 [DEBUG] [org.apache.http.impl.conn.PoolingHttpClientConnectionManager] Connection request: [route: {s}->https://dl.google.com:443][total kept alive: 7; route allocated: 8 of 20; total allocated: 8 of 20]
2021-06-06T09:17:10.080-0500 [DEBUG] [org.apache.http.impl.conn.PoolingHttpClientConnectionManager] Connection leased: [id: 8][route: {s}->https://dl.google.com:443][total kept alive: 6; route allocated: 8 of 20; total allocated: 8 of 20]
2021-06-06T09:17:10.080-0500 [DEBUG] [org.apache.http.impl.conn.DefaultManagedHttpClientConnection] http-outgoing-8: set socket timeout to 30000
2021-06-06T09:17:10.080-0500 [DEBUG] [org.apache.http.impl.conn.DefaultManagedHttpClientConnection] http-outgoing-8: set socket timeout to 30000
2021-06-06T09:17:10.080-0500 [DEBUG] [org.apache.http.impl.execchain.MainClientExec] Executing request GET /dl/android/maven2/com/android/tools/ddms/ddmlib/27.2.1/ddmlib-27.2.1.module HTTP/1.1
2021-06-06T09:17:10.080-0500 [DEBUG] [org.apache.http.impl.execchain.MainClientExec] Target auth state: UNCHALLENGED
2021-06-06T09:17:10.081-0500 [DEBUG] [org.apache.http.impl.execchain.MainClientExec] Proxy auth state: UNCHALLENGED
2021-06-06T09:17:10.088-0500 [DEBUG] [org.apache.http.impl.execchain.MainClientExec] Connection can be kept alive indefinitely
2021-06-06T09:17:10.089-0500 [DEBUG] [org.apache.http.impl.conn.PoolingHttpClientConnectionManager] Connection [id: 4][route: {s}->https://dl.google.com:443] can be kept alive indefinitely
2021-06-06T09:17:10.089-0500 [DEBUG] [org.apache.http.impl.conn.DefaultManagedHttpClientConnection] http-outgoing-4: set socket timeout to 0
2021-06-06T09:17:10.089-0500 [DEBUG] [org.apache.http.impl.conn.PoolingHttpClientConnectionManager] Connection released: [id: 4][route: {s}->https://dl.google.com:443][total kept alive: 7; route allocated: 8 of 20; total allocated: 8 of 20]
2021-06-06T09:17:10.089-0500 [INFO] [org.gradle.internal.resource.transport.http.HttpClientHelper] Resource missing. [HTTP GET: https://dl.google.com/dl/android/maven2/com/googlecode/json-simple/json-simple/1.1/json-simple-1.1.pom]
2021-06-06T09:17:10.089-0500 [DEBUG] [org.gradle.internal.operations.DefaultBuildOperationRunner] Build operation 'Download https://dl.google.com/dl/android/maven2/com/googlecode/json-simple/json-simple/1.1/json-simple-1.1.pom' completed
2021-06-06T09:17:10.089-0500 [DEBUG] [org.gradle.api.internal.artifacts.repositories.resolver.ExternalResourceResolver] No meta-data file or artifact found for module 'com.googlecode.json-simple:json-simple:1.1' in repository 'Google'.
2021-06-06T09:17:10.089-0500 [DEBUG] [org.gradle.api.internal.artifacts.ivyservice.modulecache.PersistentModuleMetadataCache] Recording absence of module descriptor in cache: com.googlecode.json-simple:json-simple:1.1 [changing = false]
2021-06-06T09:17:10.090-0500 [DEBUG] [org.gradle.api.internal.artifacts.repositories.resolver.DefaultExternalResourceArtifactResolver] Loading https://repo.maven.apache.org/maven2/com/googlecode/json-simple/json-simple/1.1/json-simple-1.1.pom
2021-06-06T09:17:10.090-0500 [DEBUG] [org.gradle.internal.resource.transfer.DefaultCacheAwareExternalResourceAccessor] Constructing external resource: https://repo.maven.apache.org/maven2/com/googlecode/json-simple/json-simple/1.1/json-simple-1.1.pom
2021-06-06T09:17:10.091-0500 [DEBUG] [org.gradle.internal.resource.transport.http.HttpResourceAccessor] Constructing external resource: https://repo.maven.apache.org/maven2/com/googlecode/json-simple/json-simple/1.1/json-simple-1.1.pom
2021-06-06T09:17:10.091-0500 [DEBUG] [org.gradle.internal.resource.transport.http.HttpClientHelper] Performing HTTP GET: https://repo.maven.apache.org/maven2/com/googlecode/json-simple/json-simple/1.1/json-simple-1.1.pom
2021-06-06T09:17:10.091-0500 [DEBUG] [org.apache.http.client.protocol.RequestAddCookies] CookieSpec selected: default
2021-06-06T09:17:10.091-0500 [DEBUG] [org.apache.http.client.protocol.RequestAuthCache] Auth cache not set in the context
2021-06-06T09:17:10.091-0500 [DEBUG] [org.apache.http.impl.conn.PoolingHttpClientConnectionManager] Connection request: [route: {s}->https://repo.maven.apache.org:443][total kept alive: 8; route allocated: 8 of 20; total allocated: 8 of 20]
2021-06-06T09:17:10.091-0500 [DEBUG] [org.apache.http.impl.conn.PoolingHttpClientConnectionManager] Connection leased: [id: 14][route: {s}->https://repo.maven.apache.org:443][total kept alive: 7; route allocated: 8 of 20; total allocated: 8 of 20]
2021-06-06T09:17:10.091-0500 [DEBUG] [org.apache.http.impl.conn.DefaultManagedHttpClientConnection] http-outgoing-14: set socket timeout to 30000
2021-06-06T09:17:10.091-0500 [DEBUG] [org.apache.http.impl.conn.DefaultManagedHttpClientConnection] http-outgoing-14: set socket timeout to 30000
2021-06-06T09:17:10.092-0500 [DEBUG] [org.apache.http.impl.execchain.MainClientExec] Executing request GET /maven2/com/googlecode/json-simple/json-simple/1.1/json-simple-1.1.pom HTTP/1.1
2021-06-06T09:17:10.092-0500 [DEBUG] [org.apache.http.impl.execchain.MainClientExec] Target auth state: UNCHALLENGED
2021-06-06T09:17:10.092-0500 [DEBUG] [org.apache.http.impl.execchain.MainClientExec] Proxy auth state: UNCHALLENGED
2021-06-06T09:17:10.120-0500 [DEBUG] [org.apache.http.impl.execchain.MainClientExec] Connection can be kept alive indefinitely
2021-06-06T09:17:10.120-0500 [DEBUG] [org.apache.http.impl.execchain.MainClientExec] Connection can be kept alive indefinitely
2021-06-06T09:17:10.121-0500 [DEBUG] [org.gradle.internal.resource.transport.http.HttpResponseResource] Attempting to download resource https://dl.google.com/dl/android/maven2/com/android/tools/ddms/ddmlib/27.2.1/ddmlib-27.2.1.module.
2021-06-06T09:17:10.121-0500 [DEBUG] [org.gradle.internal.resource.transport.http.HttpResponseResource] Attempting to download resource https://repo.maven.apache.org/maven2/com/googlecode/json-simple/json-simple/1.1/json-simple-1.1.pom.
2021-06-06T09:17:10.123-0500 [INFO] [org.gradle.internal.resource.transfer.DefaultCacheAwareExternalResourceAccessor] Downloading https://repo.maven.apache.org/maven2/com/googlecode/json-simple/json-simple/1.1/json-simple-1.1.pom to C:\Users\gathi\AppData\Local\Temp\gradle_download6464159551650350571bin
2021-06-06T09:17:10.123-0500 [INFO] [org.gradle.internal.resource.transfer.DefaultCacheAwareExternalResourceAccessor] Downloading https://dl.google.com/dl/android/maven2/com/android/tools/ddms/ddmlib/27.2.1/ddmlib-27.2.1.module to C:\Users\gathi\AppData\Local\Temp\gradle_download11885069596394191030bin
2021-06-06T09:17:10.124-0500 [DEBUG] [org.apache.http.impl.conn.PoolingHttpClientConnectionManager] Connection [id: 14][route: {s}->https://repo.maven.apache.org:443] can be kept alive indefinitely
2021-06-06T09:17:10.124-0500 [DEBUG] [org.apache.http.impl.conn.DefaultManagedHttpClientConnection] http-outgoing-14: set socket timeout to 0
2021-06-06T09:17:10.124-0500 [DEBUG] [org.apache.http.impl.conn.PoolingHttpClientConnectionManager] Connection released: [id: 14][route: {s}->https://repo.maven.apache.org:443][total kept alive: 8; route allocated: 8 of 20; total allocated: 8 of 20]
2021-06-06T09:17:10.125-0500 [DEBUG] [org.gradle.internal.operations.DefaultBuildOperationRunner] Build operation 'Download https://repo.maven.apache.org/maven2/com/googlecode/json-simple/json-simple/1.1/json-simple-1.1.pom' completed
2021-06-06T09:17:10.134-0500 [DEBUG] [org.gradle.api.internal.artifacts.repositories.resolver.ExternalResourceResolver] Metadata file found for module 'com.googlecode.json-simple:json-simple:1.1' in repository 'MavenRepo'.
2021-06-06T09:17:10.134-0500 [DEBUG] [org.gradle.api.internal.artifacts.ivyservice.modulecache.PersistentModuleMetadataCache] Recording module descriptor in cache: com.googlecode.json-simple:json-simple:1.1 [changing = false]
2021-06-06T09:17:10.137-0500 [DEBUG] [org.apache.http.impl.conn.PoolingHttpClientConnectionManager] Connection [id: 8][route: {s}->https://dl.google.com:443] can be kept alive indefinitely
2021-06-06T09:17:10.137-0500 [DEBUG] [org.apache.http.impl.conn.DefaultManagedHttpClientConnection] http-outgoing-8: set socket timeout to 0
2021-06-06T09:17:10.137-0500 [DEBUG] [org.apache.http.impl.conn.PoolingHttpClientConnectionManager] Connection released: [id: 8][route: {s}->https://dl.google.com:443][total kept alive: 8; route allocated: 8 of 20; total allocated: 8 of 20]
2021-06-06T09:17:10.137-0500 [DEBUG] [org.gradle.internal.operations.DefaultBuildOperationRunner] Build operation 'Download https://dl.google.com/dl/android/maven2/com/android/tools/ddms/ddmlib/27.2.1/ddmlib-27.2.1.module' completed
2021-06-06T09:17:10.139-0500 [DEBUG] [org.gradle.api.internal.artifacts.ivyservice.ivyresolve.RepositoryChainComponentMetaDataResolver] Using com.googlecode.json-simple:json-simple:1.1 from Maven repository 'MavenRepo'
2021-06-06T09:17:10.147-0500 [DEBUG] [org.gradle.api.internal.artifacts.ivyservice.modulecache.PersistentModuleMetadataCache] Recording module descriptor in cache: com.android.tools.ddms:ddmlib:27.2.1 [changing = false]
2021-06-06T09:17:10.152-0500 [DEBUG] [org.gradle.api.internal.artifacts.ivyservice.ivyresolve.RepositoryChainComponentMetaDataResolver] Using com.android.tools.ddms:ddmlib:27.2.1 from Maven repository 'Google'
2021-06-06T09:17:10.153-0500 [DEBUG] [org.gradle.internal.component.model.LoggingAttributeMatchingExplanationBuilder] Candidate com.android.tools.build:builder-model:4.2.1 variant apiElements attribute org.gradle.usage value {org.gradle.category=library, org.gradle.dependency.bundling=external, org.gradle.jvm.version=6, org.gradle.libraryelements=jar, org.gradle.usage=java-api} doesn't requested value java-runtime
2021-06-06T09:17:10.153-0500 [DEBUG] [org.gradle.internal.component.model.LoggingAttributeMatchingExplanationBuilder] Candidate com.android.tools.build:builder-model:4.2.1 variant javadocElements attribute org.gradle.category value {org.gradle.category=documentation} doesn't requested value library
2021-06-06T09:17:10.153-0500 [DEBUG] [org.gradle.internal.component.model.LoggingAttributeMatchingExplanationBuilder] Candidate com.android.tools.build:builder-model:4.2.1 variant sourcesElements attribute org.gradle.category value {org.gradle.category=documentation} doesn't requested value library
2021-06-06T09:17:10.153-0500 [DEBUG] [org.gradle.internal.component.model.ComponentAttributeMatcher] Selected matches [com.android.tools.build:builder-model:4.2.1 variant runtimeElements] from candidates [com.android.tools.build:builder-model:4.2.1 variant apiElements, com.android.tools.build:builder-model:4.2.1 variant runtimeElements, com.android.tools.build:builder-model:4.2.1 variant javadocElements, com.android.tools.build:builder-model:4.2.1 variant sourcesElements] for {org.gradle.category=library, org.gradle.dependency.bundling=external, org.gradle.jvm.version=14, org.gradle.libraryelements=jar, org.gradle.usage=java-runtime}
2021-06-06T09:17:10.157-0500 [DEBUG] [org.gradle.api.internal.artifacts.ivyservice.resolveengine.graph.builder.DependencyGraphBuilder] Visiting configuration com.android.tools.build:aapt2-proto:4.2.1-7147631(runtimeElements).
2021-06-06T09:17:10.157-0500 [DEBUG] [org.gradle.api.internal.artifacts.ivyservice.resolveengine.graph.builder.DependencyGraphBuilder] Visiting configuration com.android.tools.build:aaptcompiler:4.2.1(runtimeElements).
2021-06-06T09:17:10.158-0500 [DEBUG] [org.gradle.api.internal.artifacts.ivyservice.resolveengine.graph.builder.DependencyGraphBuilder] Submitting 2 metadata files to resolve in parallel for com.android.tools.build:aaptcompiler:4.2.1(runtimeElements)
2021-06-06T09:17:10.158-0500 [DEBUG] [org.gradle.internal.work.DefaultWorkerLeaseService] Worker lease root.1.35.36 started (1 worker(s) in use).
2021-06-06T09:17:10.158-0500 [DEBUG] [org.gradle.internal.resources.AbstractTrackedResourceLock] Daemon worker: acquired lock on root.1.35.36
2021-06-06T09:17:10.158-0500 [DEBUG] [org.gradle.api.internal.artifacts.ivyservice.ivyresolve.RepositoryChainComponentMetaDataResolver] Attempting to resolve component for com.android.tools.layoutlib:layoutlib-api:27.2.1 using repositories [Google, MavenRepo]
2021-06-06T09:17:10.159-0500 [DEBUG] [org.gradle.api.internal.artifacts.repositories.resolver.DefaultExternalResourceArtifactResolver] Loading https://dl.google.com/dl/android/maven2/com/android/tools/layoutlib/layoutlib-api/27.2.1/layoutlib-api-27.2.1.pom
2021-06-06T09:17:10.159-0500 [DEBUG] [org.gradle.internal.resource.transfer.DefaultCacheAwareExternalResourceAccessor] Constructing external resource: https://dl.google.com/dl/android/maven2/com/android/tools/layoutlib/layoutlib-api/27.2.1/layoutlib-api-27.2.1.pom
2021-06-06T09:17:10.159-0500 [DEBUG] [org.gradle.api.internal.artifacts.ivyservice.ivyresolve.RepositoryChainComponentMetaDataResolver] Attempting to resolve component for com.google.guava:guava:28.1-jre using repositories [Google, MavenRepo]
2021-06-06T09:17:10.159-0500 [DEBUG] [org.gradle.api.internal.artifacts.repositories.resolver.DefaultExternalResourceArtifactResolver] Loading https://dl.google.com/dl/android/maven2/com/google/guava/guava/28.1-jre/guava-28.1-jre.pom
2021-06-06T09:17:10.159-0500 [DEBUG] [org.gradle.internal.resource.transfer.DefaultCacheAwareExternalResourceAccessor] Constructing external resource: https://dl.google.com/dl/android/maven2/com/google/guava/guava/28.1-jre/guava-28.1-jre.pom
2021-06-06T09:17:10.160-0500 [DEBUG] [org.gradle.internal.resource.transport.http.HttpResourceAccessor] Constructing external resource: https://dl.google.com/dl/android/maven2/com/android/tools/layoutlib/layoutlib-api/27.2.1/layoutlib-api-27.2.1.pom
2021-06-06T09:17:10.160-0500 [DEBUG] [org.gradle.internal.resource.transport.http.HttpClientHelper] Performing HTTP GET: https://dl.google.com/dl/android/maven2/com/android/tools/layoutlib/layoutlib-api/27.2.1/layoutlib-api-27.2.1.pom
2021-06-06T09:17:10.160-0500 [DEBUG] [org.apache.http.client.protocol.RequestAddCookies] CookieSpec selected: default
2021-06-06T09:17:10.160-0500 [DEBUG] [org.apache.http.client.protocol.RequestAuthCache] Auth cache not set in the context
2021-06-06T09:17:10.160-0500 [DEBUG] [org.apache.http.impl.conn.PoolingHttpClientConnectionManager] Connection request: [route: {s}->https://dl.google.com:443][total kept alive: 8; route allocated: 8 of 20; total allocated: 8 of 20]
2021-06-06T09:17:10.160-0500 [DEBUG] [org.apache.http.impl.conn.PoolingHttpClientConnectionManager] Connection leased: [id: 8][route: {s}->https://dl.google.com:443][total kept alive: 7; route allocated: 8 of 20; total allocated: 8 of 20]
2021-06-06T09:17:10.160-0500 [DEBUG] [org.apache.http.impl.conn.DefaultManagedHttpClientConnection] http-outgoing-8: set socket timeout to 30000
2021-06-06T09:17:10.160-0500 [DEBUG] [org.apache.http.impl.conn.DefaultManagedHttpClientConnection] http-outgoing-8: set socket timeout to 30000
2021-06-06T09:17:10.160-0500 [DEBUG] [org.apache.http.impl.execchain.MainClientExec] Executing request GET /dl/android/maven2/com/android/tools/layoutlib/layoutlib-api/27.2.1/layoutlib-api-27.2.1.pom HTTP/1.1
2021-06-06T09:17:10.161-0500 [DEBUG] [org.apache.http.impl.execchain.MainClientExec] Target auth state: UNCHALLENGED
2021-06-06T09:17:10.161-0500 [DEBUG] [org.apache.http.impl.execchain.MainClientExec] Proxy auth state: UNCHALLENGED
2021-06-06T09:17:10.161-0500 [DEBUG] [org.gradle.internal.resource.transport.http.HttpResourceAccessor] Constructing external resource: https://dl.google.com/dl/android/maven2/com/google/guava/guava/28.1-jre/guava-28.1-jre.pom
2021-06-06T09:17:10.161-0500 [DEBUG] [org.gradle.internal.resource.transport.http.HttpClientHelper] Performing HTTP GET: https://dl.google.com/dl/android/maven2/com/google/guava/guava/28.1-jre/guava-28.1-jre.pom
2021-06-06T09:17:10.161-0500 [DEBUG] [org.apache.http.client.protocol.RequestAddCookies] CookieSpec selected: default
2021-06-06T09:17:10.162-0500 [DEBUG] [org.apache.http.client.protocol.RequestAuthCache] Auth cache not set in the context
2021-06-06T09:17:10.162-0500 [DEBUG] [org.apache.http.impl.conn.PoolingHttpClientConnectionManager] Connection request: [route: {s}->https://dl.google.com:443][total kept alive: 7; route allocated: 8 of 20; total allocated: 8 of 20]
2021-06-06T09:17:10.162-0500 [DEBUG] [org.apache.http.impl.conn.PoolingHttpClientConnectionManager] Connection leased: [id: 4][route: {s}->https://dl.google.com:443][total kept alive: 6; route allocated: 8 of 20; total allocated: 8 of 20]
2021-06-06T09:17:10.162-0500 [DEBUG] [org.apache.http.impl.conn.DefaultManagedHttpClientConnection] http-outgoing-4: set socket timeout to 30000
2021-06-06T09:17:10.162-0500 [DEBUG] [org.apache.http.impl.conn.DefaultManagedHttpClientConnection] http-outgoing-4: set socket timeout to 30000
2021-06-06T09:17:10.162-0500 [DEBUG] [org.apache.http.impl.execchain.MainClientExec] Executing request GET /dl/android/maven2/com/google/guava/guava/28.1-jre/guava-28.1-jre.pom HTTP/1.1
2021-06-06T09:17:10.162-0500 [DEBUG] [org.apache.http.impl.execchain.MainClientExec] Target auth state: UNCHALLENGED
2021-06-06T09:17:10.162-0500 [DEBUG] [org.apache.http.impl.execchain.MainClientExec] Proxy auth state: UNCHALLENGED
2021-06-06T09:17:10.200-0500 [DEBUG] [org.apache.http.impl.execchain.MainClientExec] Connection can be kept alive indefinitely
2021-06-06T09:17:10.200-0500 [DEBUG] [org.gradle.internal.resource.transport.http.HttpResponseResource] Attempting to download resource https://dl.google.com/dl/android/maven2/com/android/tools/layoutlib/layoutlib-api/27.2.1/layoutlib-api-27.2.1.pom.
2021-06-06T09:17:10.202-0500 [INFO] [org.gradle.internal.resource.transfer.DefaultCacheAwareExternalResourceAccessor] Downloading https://dl.google.com/dl/android/maven2/com/android/tools/layoutlib/layoutlib-api/27.2.1/layoutlib-api-27.2.1.pom to C:\Users\gathi\AppData\Local\Temp\gradle_download15145098591076813888bin
2021-06-06T09:17:10.203-0500 [DEBUG] [org.apache.http.impl.conn.PoolingHttpClientConnectionManager] Connection [id: 8][route: {s}->https://dl.google.com:443] can be kept alive indefinitely
2021-06-06T09:17:10.203-0500 [DEBUG] [org.apache.http.impl.conn.DefaultManagedHttpClientConnection] http-outgoing-8: set socket timeout to 0
2021-06-06T09:17:10.203-0500 [DEBUG] [org.apache.http.impl.conn.PoolingHttpClientConnectionManager] Connection released: [id: 8][route: {s}->https://dl.google.com:443][total kept alive: 7; route allocated: 8 of 20; total allocated: 8 of 20]
2021-06-06T09:17:10.204-0500 [DEBUG] [org.gradle.internal.operations.DefaultBuildOperationRunner] Build operation 'Download https://dl.google.com/dl/android/maven2/com/android/tools/layoutlib/layoutlib-api/27.2.1/layoutlib-api-27.2.1.pom' completed
2021-06-06T09:17:10.207-0500 [DEBUG] [org.apache.http.impl.execchain.MainClientExec] Connection can be kept alive indefinitely
2021-06-06T09:17:10.208-0500 [DEBUG] [org.apache.http.impl.conn.PoolingHttpClientConnectionManager] Connection [id: 4][route: {s}->https://dl.google.com:443] can be kept alive indefinitely
2021-06-06T09:17:10.208-0500 [DEBUG] [org.apache.http.impl.conn.DefaultManagedHttpClientConnection] http-outgoing-4: set socket timeout to 0
2021-06-06T09:17:10.208-0500 [DEBUG] [org.apache.http.impl.conn.PoolingHttpClientConnectionManager] Connection released: [id: 4][route: {s}->https://dl.google.com:443][total kept alive: 8; route allocated: 8 of 20; total allocated: 8 of 20]
2021-06-06T09:17:10.208-0500 [INFO] [org.gradle.internal.resource.transport.http.HttpClientHelper] Resource missing. [HTTP GET: https://dl.google.com/dl/android/maven2/com/google/guava/guava/28.1-jre/guava-28.1-jre.pom]
2021-06-06T09:17:10.208-0500 [DEBUG] [org.gradle.internal.operations.DefaultBuildOperationRunner] Build operation 'Download https://dl.google.com/dl/android/maven2/com/google/guava/guava/28.1-jre/guava-28.1-jre.pom' completed
2021-06-06T09:17:10.208-0500 [DEBUG] [org.gradle.api.internal.artifacts.repositories.resolver.ExternalResourceResolver] No meta-data file or artifact found for module 'com.google.guava:guava:28.1-jre' in repository 'Google'.
2021-06-06T09:17:10.208-0500 [DEBUG] [org.gradle.api.internal.artifacts.ivyservice.modulecache.PersistentModuleMetadataCache] Recording absence of module descriptor in cache: com.google.guava:guava:28.1-jre [changing = false]
2021-06-06T09:17:10.211-0500 [DEBUG] [org.gradle.api.internal.artifacts.repositories.resolver.DefaultExternalResourceArtifactResolver] Loading https://repo.maven.apache.org/maven2/com/google/guava/guava/28.1-jre/guava-28.1-jre.pom
2021-06-06T09:17:10.211-0500 [DEBUG] [org.gradle.internal.resource.transfer.DefaultCacheAwareExternalResourceAccessor] Constructing external resource: https://repo.maven.apache.org/maven2/com/google/guava/guava/28.1-jre/guava-28.1-jre.pom
2021-06-06T09:17:10.212-0500 [DEBUG] [org.gradle.internal.resource.transport.http.HttpResourceAccessor] Constructing external resource: https://repo.maven.apache.org/maven2/com/google/guava/guava/28.1-jre/guava-28.1-jre.pom
2021-06-06T09:17:10.212-0500 [DEBUG] [org.gradle.internal.resource.transport.http.HttpClientHelper] Performing HTTP GET: https://repo.maven.apache.org/maven2/com/google/guava/guava/28.1-jre/guava-28.1-jre.pom
2021-06-06T09:17:10.212-0500 [DEBUG] [org.apache.http.client.protocol.RequestAddCookies] CookieSpec selected: default
2021-06-06T09:17:10.212-0500 [DEBUG] [org.apache.http.client.protocol.RequestAuthCache] Auth cache not set in the context
2021-06-06T09:17:10.212-0500 [DEBUG] [org.apache.http.impl.conn.PoolingHttpClientConnectionManager] Connection request: [route: {s}->https://repo.maven.apache.org:443][total kept alive: 8; route allocated: 8 of 20; total allocated: 8 of 20]
2021-06-06T09:17:10.212-0500 [DEBUG] [org.apache.http.impl.conn.PoolingHttpClientConnectionManager] Connection leased: [id: 14][route: {s}->https://repo.maven.apache.org:443][total kept alive: 7; route allocated: 8 of 20; total allocated: 8 of 20]
2021-06-06T09:17:10.213-0500 [DEBUG] [org.apache.http.impl.conn.DefaultManagedHttpClientConnection] http-outgoing-14: set socket timeout to 30000
2021-06-06T09:17:10.213-0500 [DEBUG] [org.apache.http.impl.conn.DefaultManagedHttpClientConnection] http-outgoing-14: set socket timeout to 30000
2021-06-06T09:17:10.213-0500 [DEBUG] [org.apache.http.impl.execchain.MainClientExec] Executing request GET /maven2/com/google/guava/guava/28.1-jre/guava-28.1-jre.pom HTTP/1.1
2021-06-06T09:17:10.213-0500 [DEBUG] [org.apache.http.impl.execchain.MainClientExec] Target auth state: UNCHALLENGED
2021-06-06T09:17:10.213-0500 [DEBUG] [org.apache.http.impl.execchain.MainClientExec] Proxy auth state: UNCHALLENGED
2021-06-06T09:17:10.215-0500 [DEBUG] [org.gradle.api.internal.artifacts.repositories.resolver.ExternalResourceResolver] Metadata file found for module 'com.android.tools.layoutlib:layoutlib-api:27.2.1' in repository 'Google'.
2021-06-06T09:17:10.215-0500 [DEBUG] [org.gradle.api.internal.artifacts.repositories.resolver.DefaultExternalResourceArtifactResolver] Loading https://dl.google.com/dl/android/maven2/com/android/tools/layoutlib/layoutlib-api/27.2.1/layoutlib-api-27.2.1.module
2021-06-06T09:17:10.215-0500 [DEBUG] [org.gradle.internal.resource.transfer.DefaultCacheAwareExternalResourceAccessor] Constructing external resource: https://dl.google.com/dl/android/maven2/com/android/tools/layoutlib/layoutlib-api/27.2.1/layoutlib-api-27.2.1.module
2021-06-06T09:17:10.217-0500 [DEBUG] [org.gradle.internal.resource.transport.http.HttpResourceAccessor] Constructing external resource: https://dl.google.com/dl/android/maven2/com/android/tools/layoutlib/layoutlib-api/27.2.1/layoutlib-api-27.2.1.module
2021-06-06T09:17:10.217-0500 [DEBUG] [org.gradle.internal.resource.transport.http.HttpClientHelper] Performing HTTP GET: https://dl.google.com/dl/android/maven2/com/android/tools/layoutlib/layoutlib-api/27.2.1/layoutlib-api-27.2.1.module
2021-06-06T09:17:10.217-0500 [DEBUG] [org.apache.http.client.protocol.RequestAddCookies] CookieSpec selected: default
2021-06-06T09:17:10.217-0500 [DEBUG] [org.apache.http.client.protocol.RequestAuthCache] Auth cache not set in the context
2021-06-06T09:17:10.217-0500 [DEBUG] [org.apache.http.impl.conn.PoolingHttpClientConnectionManager] Connection request: [route: {s}->https://dl.google.com:443][total kept alive: 8; route allocated: 8 of 20; total allocated: 8 of 20]
2021-06-06T09:17:10.217-0500 [DEBUG] [org.apache.http.impl.conn.PoolingHttpClientConnectionManager] Connection leased: [id: 4][route: {s}->https://dl.google.com:443][total kept alive: 7; route allocated: 8 of 20; total allocated: 8 of 20]
2021-06-06T09:17:10.217-0500 [DEBUG] [org.apache.http.impl.conn.DefaultManagedHttpClientConnection] http-outgoing-4: set socket timeout to 30000
2021-06-06T09:17:10.217-0500 [DEBUG] [org.apache.http.impl.conn.DefaultManagedHttpClientConnection] http-outgoing-4: set socket timeout to 30000
2021-06-06T09:17:10.218-0500 [DEBUG] [org.apache.http.impl.execchain.MainClientExec] Executing request GET /dl/android/maven2/com/android/tools/layoutlib/layoutlib-api/27.2.1/layoutlib-api-27.2.1.module HTTP/1.1
2021-06-06T09:17:10.218-0500 [DEBUG] [org.apache.http.impl.execchain.MainClientExec] Target auth state: UNCHALLENGED
2021-06-06T09:17:10.218-0500 [DEBUG] [org.apache.http.impl.execchain.MainClientExec] Proxy auth state: UNCHALLENGED
2021-06-06T09:17:10.231-0500 [DEBUG] [org.apache.http.impl.execchain.MainClientExec] Connection can be kept alive indefinitely
2021-06-06T09:17:10.231-0500 [DEBUG] [org.gradle.internal.resource.transport.http.HttpResponseResource] Attempting to download resource https://repo.maven.apache.org/maven2/com/google/guava/guava/28.1-jre/guava-28.1-jre.pom.
2021-06-06T09:17:10.233-0500 [INFO] [org.gradle.internal.resource.transfer.DefaultCacheAwareExternalResourceAccessor] Downloading https://repo.maven.apache.org/maven2/com/google/guava/guava/28.1-jre/guava-28.1-jre.pom to C:\Users\gathi\AppData\Local\Temp\gradle_download9885205814011098032bin
2021-06-06T09:17:10.235-0500 [DEBUG] [org.apache.http.impl.conn.PoolingHttpClientConnectionManager] Connection [id: 14][route: {s}->https://repo.maven.apache.org:443] can be kept alive indefinitely
2021-06-06T09:17:10.235-0500 [DEBUG] [org.apache.http.impl.conn.DefaultManagedHttpClientConnection] http-outgoing-14: set socket timeout to 0
2021-06-06T09:17:10.235-0500 [DEBUG] [org.apache.http.impl.conn.PoolingHttpClientConnectionManager] Connection released: [id: 14][route: {s}->https://repo.maven.apache.org:443][total kept alive: 8; route allocated: 8 of 20; total allocated: 8 of 20]
2021-06-06T09:17:10.236-0500 [DEBUG] [org.gradle.internal.operations.DefaultBuildOperationRunner] Build operation 'Download https://repo.maven.apache.org/maven2/com/google/guava/guava/28.1-jre/guava-28.1-jre.pom' completed
2021-06-06T09:17:10.244-0500 [DEBUG] [org.gradle.api.internal.artifacts.ivyservice.ivyresolve.RepositoryChainComponentMetaDataResolver] Attempting to resolve component for com.google.guava:guava-parent:28.1-jre using repositories [Google, MavenRepo]
2021-06-06T09:17:10.244-0500 [DEBUG] [org.gradle.api.internal.artifacts.repositories.resolver.DefaultExternalResourceArtifactResolver] Loading https://dl.google.com/dl/android/maven2/com/google/guava/guava-parent/28.1-jre/guava-parent-28.1-jre.pom
2021-06-06T09:17:10.244-0500 [DEBUG] [org.gradle.internal.resource.transfer.DefaultCacheAwareExternalResourceAccessor] Constructing external resource: https://dl.google.com/dl/android/maven2/com/google/guava/guava-parent/28.1-jre/guava-parent-28.1-jre.pom
2021-06-06T09:17:10.246-0500 [DEBUG] [org.gradle.internal.resource.transport.http.HttpResourceAccessor] Constructing external resource: https://dl.google.com/dl/android/maven2/com/google/guava/guava-parent/28.1-jre/guava-parent-28.1-jre.pom
2021-06-06T09:17:10.246-0500 [DEBUG] [org.gradle.internal.resource.transport.http.HttpClientHelper] Performing HTTP GET: https://dl.google.com/dl/android/maven2/com/google/guava/guava-parent/28.1-jre/guava-parent-28.1-jre.pom
2021-06-06T09:17:10.246-0500 [DEBUG] [org.apache.http.client.protocol.RequestAddCookies] CookieSpec selected: default
2021-06-06T09:17:10.246-0500 [DEBUG] [org.apache.http.client.protocol.RequestAuthCache] Auth cache not set in the context
2021-06-06T09:17:10.247-0500 [DEBUG] [org.apache.http.impl.conn.PoolingHttpClientConnectionManager] Connection request: [route: {s}->https://dl.google.com:443][total kept alive: 7; route allocated: 8 of 20; total allocated: 8 of 20]
2021-06-06T09:17:10.247-0500 [DEBUG] [org.apache.http.impl.conn.PoolingHttpClientConnectionManager] Connection leased: [id: 8][route: {s}->https://dl.google.com:443][total kept alive: 6; route allocated: 8 of 20; total allocated: 8 of 20]
2021-06-06T09:17:10.247-0500 [DEBUG] [org.apache.http.impl.conn.DefaultManagedHttpClientConnection] http-outgoing-8: set socket timeout to 30000
2021-06-06T09:17:10.247-0500 [DEBUG] [org.apache.http.impl.conn.DefaultManagedHttpClientConnection] http-outgoing-8: set socket timeout to 30000
2021-06-06T09:17:10.247-0500 [DEBUG] [org.apache.http.impl.execchain.MainClientExec] Executing request GET /dl/android/maven2/com/google/guava/guava-parent/28.1-jre/guava-parent-28.1-jre.pom HTTP/1.1
2021-06-06T09:17:10.247-0500 [DEBUG] [org.apache.http.impl.execchain.MainClientExec] Target auth state: UNCHALLENGED
2021-06-06T09:17:10.247-0500 [DEBUG] [org.apache.http.impl.execchain.MainClientExec] Proxy auth state: UNCHALLENGED
2021-06-06T09:17:10.286-0500 [DEBUG] [org.apache.http.impl.execchain.MainClientExec] Connection can be kept alive indefinitely
2021-06-06T09:17:10.286-0500 [DEBUG] [org.apache.http.impl.conn.PoolingHttpClientConnectionManager] Connection [id: 8][route: {s}->https://dl.google.com:443] can be kept alive indefinitely
2021-06-06T09:17:10.286-0500 [DEBUG] [org.apache.http.impl.conn.DefaultManagedHttpClientConnection] http-outgoing-8: set socket timeout to 0
2021-06-06T09:17:10.286-0500 [DEBUG] [org.apache.http.impl.conn.PoolingHttpClientConnectionManager] Connection released: [id: 8][route: {s}->https://dl.google.com:443][total kept alive: 7; route allocated: 8 of 20; total allocated: 8 of 20]
2021-06-06T09:17:10.286-0500 [INFO] [org.gradle.internal.resource.transport.http.HttpClientHelper] Resource missing. [HTTP GET: https://dl.google.com/dl/android/maven2/com/google/guava/guava-parent/28.1-jre/guava-parent-28.1-jre.pom]
2021-06-06T09:17:10.287-0500 [DEBUG] [org.gradle.internal.operations.DefaultBuildOperationRunner] Build operation 'Download https://dl.google.com/dl/android/maven2/com/google/guava/guava-parent/28.1-jre/guava-parent-28.1-jre.pom' completed
2021-06-06T09:17:10.287-0500 [DEBUG] [org.gradle.api.internal.artifacts.repositories.resolver.ExternalResourceResolver] No meta-data file or artifact found for module 'com.google.guava:guava-parent:28.1-jre' in repository 'Google'.
2021-06-06T09:17:10.287-0500 [DEBUG] [org.gradle.api.internal.artifacts.ivyservice.modulecache.PersistentModuleMetadataCache] Recording absence of module descriptor in cache: com.google.guava:guava-parent:28.1-jre [changing = false]
2021-06-06T09:17:10.287-0500 [DEBUG] [org.gradle.api.internal.artifacts.repositories.resolver.DefaultExternalResourceArtifactResolver] Loading https://repo.maven.apache.org/maven2/com/google/guava/guava-parent/28.1-jre/guava-parent-28.1-jre.pom
2021-06-06T09:17:10.288-0500 [DEBUG] [org.gradle.internal.resource.transfer.DefaultCacheAwareExternalResourceAccessor] Constructing external resource: https://repo.maven.apache.org/maven2/com/google/guava/guava-parent/28.1-jre/guava-parent-28.1-jre.pom
2021-06-06T09:17:10.289-0500 [DEBUG] [org.gradle.internal.resource.transport.http.HttpResourceAccessor] Constructing external resource: https://repo.maven.apache.org/maven2/com/google/guava/guava-parent/28.1-jre/guava-parent-28.1-jre.pom
2021-06-06T09:17:10.289-0500 [DEBUG] [org.gradle.internal.resource.transport.http.HttpClientHelper] Performing HTTP GET: https://repo.maven.apache.org/maven2/com/google/guava/guava-parent/28.1-jre/guava-parent-28.1-jre.pom
2021-06-06T09:17:10.289-0500 [DEBUG] [org.apache.http.client.protocol.RequestAddCookies] CookieSpec selected: default
2021-06-06T09:17:10.289-0500 [DEBUG] [org.apache.http.client.protocol.RequestAuthCache] Auth cache not set in the context
2021-06-06T09:17:10.289-0500 [DEBUG] [org.apache.http.impl.conn.PoolingHttpClientConnectionManager] Connection request: [route: {s}->https://repo.maven.apache.org:443][total kept alive: 8; route allocated: 8 of 20; total allocated: 8 of 20]
2021-06-06T09:17:10.289-0500 [DEBUG] [org.apache.http.impl.conn.PoolingHttpClientConnectionManager] Connection leased: [id: 14][route: {s}->https://repo.maven.apache.org:443][total kept alive: 7; route allocated: 8 of 20; total allocated: 8 of 20]
2021-06-06T09:17:10.290-0500 [DEBUG] [org.apache.http.impl.conn.DefaultManagedHttpClientConnection] http-outgoing-14: set socket timeout to 30000
2021-06-06T09:17:10.290-0500 [DEBUG] [org.apache.http.impl.conn.DefaultManagedHttpClientConnection] http-outgoing-14: set socket timeout to 30000
2021-06-06T09:17:10.290-0500 [DEBUG] [org.apache.http.impl.execchain.MainClientExec] Executing request GET /maven2/com/google/guava/guava-parent/28.1-jre/guava-parent-28.1-jre.pom HTTP/1.1
2021-06-06T09:17:10.290-0500 [DEBUG] [org.apache.http.impl.execchain.MainClientExec] Target auth state: UNCHALLENGED
2021-06-06T09:17:10.290-0500 [DEBUG] [org.apache.http.impl.execchain.MainClientExec] Proxy auth state: UNCHALLENGED
2021-06-06T09:17:10.300-0500 [DEBUG] [org.apache.http.impl.execchain.MainClientExec] Connection can be kept alive indefinitely
2021-06-06T09:17:10.300-0500 [DEBUG] [org.gradle.internal.resource.transport.http.HttpResponseResource] Attempting to download resource https://dl.google.com/dl/android/maven2/com/android/tools/layoutlib/layoutlib-api/27.2.1/layoutlib-api-27.2.1.module.
2021-06-06T09:17:10.302-0500 [INFO] [org.gradle.internal.resource.transfer.DefaultCacheAwareExternalResourceAccessor] Downloading https://dl.google.com/dl/android/maven2/com/android/tools/layoutlib/layoutlib-api/27.2.1/layoutlib-api-27.2.1.module to C:\Users\gathi\AppData\Local\Temp\gradle_download16102651562091468701bin
2021-06-06T09:17:10.303-0500 [DEBUG] [org.apache.http.impl.conn.PoolingHttpClientConnectionManager] Connection [id: 4][route: {s}->https://dl.google.com:443] can be kept alive indefinitely
2021-06-06T09:17:10.303-0500 [DEBUG] [org.apache.http.impl.conn.DefaultManagedHttpClientConnection] http-outgoing-4: set socket timeout to 0
2021-06-06T09:17:10.303-0500 [DEBUG] [org.apache.http.impl.conn.PoolingHttpClientConnectionManager] Connection released: [id: 4][route: {s}->https://dl.google.com:443][total kept alive: 8; route allocated: 8 of 20; total allocated: 8 of 20]
2021-06-06T09:17:10.303-0500 [DEBUG] [org.gradle.internal.operations.DefaultBuildOperationRunner] Build operation 'Download https://dl.google.com/dl/android/maven2/com/android/tools/layoutlib/layoutlib-api/27.2.1/layoutlib-api-27.2.1.module' completed
2021-06-06T09:17:10.307-0500 [DEBUG] [org.apache.http.impl.execchain.MainClientExec] Connection can be kept alive indefinitely
2021-06-06T09:17:10.308-0500 [DEBUG] [org.gradle.internal.resource.transport.http.HttpResponseResource] Attempting to download resource https://repo.maven.apache.org/maven2/com/google/guava/guava-parent/28.1-jre/guava-parent-28.1-jre.pom.
2021-06-06T09:17:10.310-0500 [INFO] [org.gradle.internal.resource.transfer.DefaultCacheAwareExternalResourceAccessor] Downloading https://repo.maven.apache.org/maven2/com/google/guava/guava-parent/28.1-jre/guava-parent-28.1-jre.pom to C:\Users\gathi\AppData\Local\Temp\gradle_download11128653713099869202bin
2021-06-06T09:17:10.312-0500 [DEBUG] [org.apache.http.impl.conn.PoolingHttpClientConnectionManager] Connection [id: 14][route: {s}->https://repo.maven.apache.org:443] can be kept alive indefinitely
2021-06-06T09:17:10.312-0500 [DEBUG] [org.apache.http.impl.conn.DefaultManagedHttpClientConnection] http-outgoing-14: set socket timeout to 0
2021-06-06T09:17:10.312-0500 [DEBUG] [org.apache.http.impl.conn.PoolingHttpClientConnectionManager] Connection released: [id: 14][route: {s}->https://repo.maven.apache.org:443][total kept alive: 8; route allocated: 8 of 20; total allocated: 8 of 20]
2021-06-06T09:17:10.313-0500 [DEBUG] [org.gradle.internal.operations.DefaultBuildOperationRunner] Build operation 'Download https://repo.maven.apache.org/maven2/com/google/guava/guava-parent/28.1-jre/guava-parent-28.1-jre.pom' completed
2021-06-06T09:17:10.313-0500 [DEBUG] [org.gradle.api.internal.artifacts.ivyservice.modulecache.PersistentModuleMetadataCache] Recording module descriptor in cache: com.android.tools.layoutlib:layoutlib-api:27.2.1 [changing = false]
2021-06-06T09:17:10.322-0500 [DEBUG] [org.gradle.api.internal.artifacts.ivyservice.ivyresolve.RepositoryChainComponentMetaDataResolver] Using com.android.tools.layoutlib:layoutlib-api:27.2.1 from Maven repository 'Google'
2021-06-06T09:17:10.322-0500 [DEBUG] [org.gradle.internal.operations.DefaultBuildOperationRunner] Build operation 'Resolve com.android.tools.layoutlib:layoutlib-api:27.2.1' completed
2021-06-06T09:17:10.322-0500 [DEBUG] [org.gradle.internal.work.DefaultWorkerLeaseService] Worker lease root.1.35.36 completed (1 worker(s) in use)
2021-06-06T09:17:10.322-0500 [DEBUG] [org.gradle.internal.resources.AbstractTrackedResourceLock] Daemon worker: released lock on root.1.35.36
2021-06-06T09:17:10.324-0500 [DEBUG] [org.gradle.api.internal.artifacts.repositories.resolver.ExternalResourceResolver] Metadata file found for module 'com.google.guava:guava-parent:28.1-jre' in repository 'MavenRepo'.
2021-06-06T09:17:10.324-0500 [DEBUG] [org.gradle.api.internal.artifacts.ivyservice.modulecache.PersistentModuleMetadataCache] Recording module descriptor in cache: com.google.guava:guava-parent:28.1-jre [changing = false]
2021-06-06T09:17:10.329-0500 [DEBUG] [org.gradle.api.internal.artifacts.ivyservice.ivyresolve.RepositoryChainComponentMetaDataResolver] Using com.google.guava:guava-parent:28.1-jre from Maven repository 'MavenRepo'
2021-06-06T09:17:10.329-0500 [DEBUG] [org.gradle.api.internal.artifacts.repositories.resolver.DefaultExternalResourceArtifactResolver] Loading https://repo.maven.apache.org/maven2/com/google/guava/guava-parent/28.1-jre/guava-parent-28.1-jre.pom
2021-06-06T09:17:10.329-0500 [DEBUG] [org.gradle.internal.resource.transfer.DefaultCacheAwareExternalResourceAccessor] Constructing external resource: https://repo.maven.apache.org/maven2/com/google/guava/guava-parent/28.1-jre/guava-parent-28.1-jre.pom
2021-06-06T09:17:10.329-0500 [DEBUG] [org.gradle.api.internal.artifacts.ivyservice.ivyresolve.CachingModuleComponentRepository] Downloaded artifact 'guava-parent-28.1-jre.pom (com.google.guava:guava-parent:28.1-jre)' from resolver: MavenRepo
2021-06-06T09:17:10.337-0500 [DEBUG] [org.gradle.api.internal.artifacts.repositories.resolver.ExternalResourceResolver] Metadata file found for module 'com.google.guava:guava:28.1-jre' in repository 'MavenRepo'.
2021-06-06T09:17:10.337-0500 [DEBUG] [org.gradle.api.internal.artifacts.ivyservice.modulecache.PersistentModuleMetadataCache] Recording module descriptor in cache: com.google.guava:guava:28.1-jre [changing = false]
2021-06-06T09:17:10.342-0500 [DEBUG] [org.gradle.api.internal.artifacts.ivyservice.ivyresolve.RepositoryChainComponentMetaDataResolver] Using com.google.guava:guava:28.1-jre from Maven repository 'MavenRepo'
2021-06-06T09:17:10.343-0500 [DEBUG] [org.gradle.api.internal.artifacts.ivyservice.resolveengine.graph.builder.DependencyGraphBuilder] Visiting configuration com.android.tools.analytics-library:crash:27.2.1(runtimeElements).
2021-06-06T09:17:10.344-0500 [DEBUG] [org.gradle.api.internal.artifacts.ivyservice.resolveengine.graph.builder.DependencyGraphBuilder] Submitting 4 metadata files to resolve in parallel for com.android.tools.analytics-library:crash:27.2.1(runtimeElements)
2021-06-06T09:17:10.344-0500 [DEBUG] [org.gradle.internal.work.DefaultWorkerLeaseService] Worker lease root.1.38.39 started (1 worker(s) in use).
2021-06-06T09:17:10.344-0500 [DEBUG] [org.gradle.internal.resources.AbstractTrackedResourceLock] Daemon worker: acquired lock on root.1.38.39
2021-06-06T09:17:10.344-0500 [DEBUG] [org.gradle.api.internal.artifacts.ivyservice.ivyresolve.RepositoryChainComponentMetaDataResolver] Attempting to resolve component for com.android.tools:annotations:27.2.1 using repositories [Google, MavenRepo]
2021-06-06T09:17:10.345-0500 [DEBUG] [org.gradle.api.internal.artifacts.repositories.resolver.DefaultExternalResourceArtifactResolver] Loading https://dl.google.com/dl/android/maven2/com/android/tools/annotations/27.2.1/annotations-27.2.1.pom
2021-06-06T09:17:10.345-0500 [DEBUG] [org.gradle.internal.resource.transfer.DefaultCacheAwareExternalResourceAccessor] Constructing external resource: https://dl.google.com/dl/android/maven2/com/android/tools/annotations/27.2.1/annotations-27.2.1.pom
2021-06-06T09:17:10.346-0500 [DEBUG] [org.gradle.api.internal.artifacts.ivyservice.ivyresolve.RepositoryChainComponentMetaDataResolver] Attempting to resolve component for org.apache.httpcomponents:httpmime:4.5.6 using repositories [Google, MavenRepo]
2021-06-06T09:17:10.346-0500 [DEBUG] [org.gradle.api.internal.artifacts.ivyservice.ivyresolve.RepositoryChainComponentMetaDataResolver] Attempting to resolve component for org.apache.httpcomponents:httpclient:4.5.6 using repositories [Google, MavenRepo]
2021-06-06T09:17:10.346-0500 [DEBUG] [org.gradle.api.internal.artifacts.repositories.resolver.DefaultExternalResourceArtifactResolver] Loading https://dl.google.com/dl/android/maven2/org/apache/httpcomponents/httpclient/4.5.6/httpclient-4.5.6.pom
2021-06-06T09:17:10.346-0500 [DEBUG] [org.gradle.internal.resource.transfer.DefaultCacheAwareExternalResourceAccessor] Constructing external resource: https://dl.google.com/dl/android/maven2/org/apache/httpcomponents/httpclient/4.5.6/httpclient-4.5.6.pom
2021-06-06T09:17:10.346-0500 [DEBUG] [org.gradle.api.internal.artifacts.repositories.resolver.DefaultExternalResourceArtifactResolver] Loading https://dl.google.com/dl/android/maven2/org/apache/httpcomponents/httpmime/4.5.6/httpmime-4.5.6.pom
2021-06-06T09:17:10.346-0500 [DEBUG] [org.gradle.api.internal.artifacts.ivyservice.ivyresolve.RepositoryChainComponentMetaDataResolver] Attempting to resolve component for org.apache.httpcomponents:httpcore:4.4.10 using repositories [Google, MavenRepo]
2021-06-06T09:17:10.346-0500 [DEBUG] [org.gradle.internal.resource.transfer.DefaultCacheAwareExternalResourceAccessor] Constructing external resource: https://dl.google.com/dl/android/maven2/org/apache/httpcomponents/httpmime/4.5.6/httpmime-4.5.6.pom
2021-06-06T09:17:10.346-0500 [DEBUG] [org.gradle.internal.resource.transport.http.HttpResourceAccessor] Constructing external resource: https://dl.google.com/dl/android/maven2/com/android/tools/annotations/27.2.1/annotations-27.2.1.pom
2021-06-06T09:17:10.347-0500 [DEBUG] [org.gradle.api.internal.artifacts.repositories.resolver.DefaultExternalResourceArtifactResolver] Loading https://dl.google.com/dl/android/maven2/org/apache/httpcomponents/httpcore/4.4.10/httpcore-4.4.10.pom
2021-06-06T09:17:10.347-0500 [DEBUG] [org.gradle.internal.resource.transport.http.HttpClientHelper] Performing HTTP GET: https://dl.google.com/dl/android/maven2/com/android/tools/annotations/27.2.1/annotations-27.2.1.pom
2021-06-06T09:17:10.347-0500 [DEBUG] [org.gradle.internal.resource.transfer.DefaultCacheAwareExternalResourceAccessor] Constructing external resource: https://dl.google.com/dl/android/maven2/org/apache/httpcomponents/httpcore/4.4.10/httpcore-4.4.10.pom
2021-06-06T09:17:10.347-0500 [DEBUG] [org.apache.http.client.protocol.RequestAddCookies] CookieSpec selected: default
2021-06-06T09:17:10.347-0500 [DEBUG] [org.apache.http.client.protocol.RequestAuthCache] Auth cache not set in the context
2021-06-06T09:17:10.347-0500 [DEBUG] [org.apache.http.impl.conn.PoolingHttpClientConnectionManager] Connection request: [route: {s}->https://dl.google.com:443][total kept alive: 8; route allocated: 8 of 20; total allocated: 8 of 20]
2021-06-06T09:17:10.348-0500 [DEBUG] [org.apache.http.impl.conn.PoolingHttpClientConnectionManager] Connection leased: [id: 4][route: {s}->https://dl.google.com:443][total kept alive: 7; route allocated: 8 of 20; total allocated: 8 of 20]
2021-06-06T09:17:10.348-0500 [DEBUG] [org.apache.http.impl.conn.DefaultManagedHttpClientConnection] http-outgoing-4: set socket timeout to 30000
2021-06-06T09:17:10.348-0500 [DEBUG] [org.apache.http.impl.conn.DefaultManagedHttpClientConnection] http-outgoing-4: set socket timeout to 30000
2021-06-06T09:17:10.348-0500 [DEBUG] [org.apache.http.impl.execchain.MainClientExec] Executing request GET /dl/android/maven2/com/android/tools/annotations/27.2.1/annotations-27.2.1.pom HTTP/1.1
2021-06-06T09:17:10.348-0500 [DEBUG] [org.apache.http.impl.execchain.MainClientExec] Target auth state: UNCHALLENGED
2021-06-06T09:17:10.348-0500 [DEBUG] [org.apache.http.impl.execchain.MainClientExec] Proxy auth state: UNCHALLENGED
2021-06-06T09:17:10.348-0500 [DEBUG] [org.gradle.internal.resource.transport.http.HttpResourceAccessor] Constructing external resource: https://dl.google.com/dl/android/maven2/org/apache/httpcomponents/httpmime/4.5.6/httpmime-4.5.6.pom
2021-06-06T09:17:10.348-0500 [DEBUG] [org.gradle.internal.resource.transport.http.HttpResourceAccessor] Constructing external resource: https://dl.google.com/dl/android/maven2/org/apache/httpcomponents/httpclient/4.5.6/httpclient-4.5.6.pom
2021-06-06T09:17:10.349-0500 [DEBUG] [org.gradle.internal.resource.transport.http.HttpClientHelper] Performing HTTP GET: https://dl.google.com/dl/android/maven2/org/apache/httpcomponents/httpmime/4.5.6/httpmime-4.5.6.pom
2021-06-06T09:17:10.349-0500 [DEBUG] [org.gradle.internal.resource.transport.http.HttpClientHelper] Performing HTTP GET: https://dl.google.com/dl/android/maven2/org/apache/httpcomponents/httpclient/4.5.6/httpclient-4.5.6.pom
2021-06-06T09:17:10.349-0500 [DEBUG] [org.apache.http.client.protocol.RequestAddCookies] CookieSpec selected: default
2021-06-06T09:17:10.349-0500 [DEBUG] [org.gradle.internal.resource.transport.http.HttpResourceAccessor] Constructing external resource: https://dl.google.com/dl/android/maven2/org/apache/httpcomponents/httpcore/4.4.10/httpcore-4.4.10.pom
2021-06-06T09:17:10.349-0500 [DEBUG] [org.apache.http.client.protocol.RequestAuthCache] Auth cache not set in the context
2021-06-06T09:17:10.349-0500 [DEBUG] [org.apache.http.client.protocol.RequestAddCookies] CookieSpec selected: default
2021-06-06T09:17:10.349-0500 [DEBUG] [org.apache.http.impl.conn.PoolingHttpClientConnectionManager] Connection request: [route: {s}->https://dl.google.com:443][total kept alive: 7; route allocated: 8 of 20; total allocated: 8 of 20]
2021-06-06T09:17:10.349-0500 [DEBUG] [org.gradle.internal.resource.transport.http.HttpClientHelper] Performing HTTP GET: https://dl.google.com/dl/android/maven2/org/apache/httpcomponents/httpcore/4.4.10/httpcore-4.4.10.pom
2021-06-06T09:17:10.350-0500 [DEBUG] [org.apache.http.impl.conn.PoolingHttpClientConnectionManager] Connection leased: [id: 8][route: {s}->https://dl.google.com:443][total kept alive: 6; route allocated: 8 of 20; total allocated: 8 of 20]
2021-06-06T09:17:10.349-0500 [DEBUG] [org.apache.http.client.protocol.RequestAuthCache] Auth cache not set in the context
2021-06-06T09:17:10.350-0500 [DEBUG] [org.apache.http.client.protocol.RequestAddCookies] CookieSpec selected: default
2021-06-06T09:17:10.350-0500 [DEBUG] [org.apache.http.impl.conn.DefaultManagedHttpClientConnection] http-outgoing-8: set socket timeout to 30000
2021-06-06T09:17:10.350-0500 [DEBUG] [org.apache.http.client.protocol.RequestAuthCache] Auth cache not set in the context
2021-06-06T09:17:10.350-0500 [DEBUG] [org.apache.http.impl.conn.PoolingHttpClientConnectionManager] Connection request: [route: {s}->https://dl.google.com:443][total kept alive: 6; route allocated: 8 of 20; total allocated: 8 of 20]
2021-06-06T09:17:10.350-0500 [DEBUG] [org.apache.http.impl.conn.PoolingHttpClientConnectionManager] Connection request: [route: {s}->https://dl.google.com:443][total kept alive: 6; route allocated: 8 of 20; total allocated: 8 of 20]
2021-06-06T09:17:10.350-0500 [DEBUG] [org.apache.http.impl.conn.DefaultManagedHttpClientConnection] http-outgoing-8: set socket timeout to 30000
2021-06-06T09:17:10.350-0500 [DEBUG] [org.apache.http.impl.conn.PoolingHttpClientConnectionManager] Connection leased: [id: 1][route: {s}->https://dl.google.com:443][total kept alive: 4; route allocated: 8 of 20; total allocated: 8 of 20]
2021-06-06T09:17:10.350-0500 [DEBUG] [org.apache.http.impl.conn.PoolingHttpClientConnectionManager] Connection leased: [id: 3][route: {s}->https://dl.google.com:443][total kept alive: 5; route allocated: 8 of 20; total allocated: 8 of 20]
2021-06-06T09:17:10.350-0500 [DEBUG] [org.apache.http.impl.conn.DefaultManagedHttpClientConnection] http-outgoing-1: set socket timeout to 30000
2021-06-06T09:17:10.350-0500 [DEBUG] [org.apache.http.impl.execchain.MainClientExec] Executing request GET /dl/android/maven2/org/apache/httpcomponents/httpmime/4.5.6/httpmime-4.5.6.pom HTTP/1.1
2021-06-06T09:17:10.351-0500 [DEBUG] [org.apache.http.impl.conn.DefaultManagedHttpClientConnection] http-outgoing-1: set socket timeout to 30000
2021-06-06T09:17:10.351-0500 [DEBUG] [org.apache.http.impl.conn.DefaultManagedHttpClientConnection] http-outgoing-3: set socket timeout to 30000
2021-06-06T09:17:10.351-0500 [DEBUG] [org.apache.http.impl.execchain.MainClientExec] Executing request GET /dl/android/maven2/org/apache/httpcomponents/httpcore/4.4.10/httpcore-4.4.10.pom HTTP/1.1
2021-06-06T09:17:10.351-0500 [DEBUG] [org.apache.http.impl.execchain.MainClientExec] Target auth state: UNCHALLENGED
2021-06-06T09:17:10.351-0500 [DEBUG] [org.apache.http.impl.execchain.MainClientExec] Proxy auth state: UNCHALLENGED
2021-06-06T09:17:10.351-0500 [DEBUG] [org.apache.http.impl.execchain.MainClientExec] Target auth state: UNCHALLENGED
2021-06-06T09:17:10.351-0500 [DEBUG] [org.apache.http.impl.conn.DefaultManagedHttpClientConnection] http-outgoing-3: set socket timeout to 30000
2021-06-06T09:17:10.351-0500 [DEBUG] [org.apache.http.impl.execchain.MainClientExec] Proxy auth state: UNCHALLENGED
2021-06-06T09:17:10.351-0500 [DEBUG] [org.apache.http.impl.execchain.MainClientExec] Executing request GET /dl/android/maven2/org/apache/httpcomponents/httpclient/4.5.6/httpclient-4.5.6.pom HTTP/1.1
2021-06-06T09:17:10.352-0500 [DEBUG] [org.apache.http.impl.execchain.MainClientExec] Target auth state: UNCHALLENGED
2021-06-06T09:17:10.352-0500 [DEBUG] [org.apache.http.impl.execchain.MainClientExec] Proxy auth state: UNCHALLENGED
2021-06-06T09:17:10.387-0500 [DEBUG] [org.apache.http.impl.execchain.MainClientExec] Connection can be kept alive indefinitely
2021-06-06T09:17:10.388-0500 [DEBUG] [org.gradle.internal.resource.transport.http.HttpResponseResource] Attempting to download resource https://dl.google.com/dl/android/maven2/com/android/tools/annotations/27.2.1/annotations-27.2.1.pom.
2021-06-06T09:17:10.389-0500 [INFO] [org.gradle.internal.resource.transfer.DefaultCacheAwareExternalResourceAccessor] Downloading https://dl.google.com/dl/android/maven2/com/android/tools/annotations/27.2.1/annotations-27.2.1.pom to C:\Users\gathi\AppData\Local\Temp\gradle_download18117727620044475794bin
2021-06-06T09:17:10.390-0500 [DEBUG] [org.apache.http.impl.execchain.MainClientExec] Connection can be kept alive indefinitely
2021-06-06T09:17:10.391-0500 [DEBUG] [org.apache.http.impl.conn.PoolingHttpClientConnectionManager] Connection [id: 1][route: {s}->https://dl.google.com:443] can be kept alive indefinitely
2021-06-06T09:17:10.391-0500 [DEBUG] [org.apache.http.impl.conn.DefaultManagedHttpClientConnection] http-outgoing-1: set socket timeout to 0
2021-06-06T09:17:10.391-0500 [DEBUG] [org.apache.http.impl.conn.PoolingHttpClientConnectionManager] Connection [id: 4][route: {s}->https://dl.google.com:443] can be kept alive indefinitely
2021-06-06T09:17:10.391-0500 [DEBUG] [org.apache.http.impl.conn.DefaultManagedHttpClientConnection] http-outgoing-4: set socket timeout to 0
2021-06-06T09:17:10.391-0500 [DEBUG] [org.apache.http.impl.conn.PoolingHttpClientConnectionManager] Connection released: [id: 1][route: {s}->https://dl.google.com:443][total kept alive: 5; route allocated: 8 of 20; total allocated: 8 of 20]
2021-06-06T09:17:10.391-0500 [DEBUG] [org.apache.http.impl.execchain.MainClientExec] Connection can be kept alive indefinitely
2021-06-06T09:17:10.391-0500 [DEBUG] [org.apache.http.impl.conn.PoolingHttpClientConnectionManager] Connection released: [id: 4][route: {s}->https://dl.google.com:443][total kept alive: 6; route allocated: 8 of 20; total allocated: 8 of 20]
2021-06-06T09:17:10.391-0500 [INFO] [org.gradle.internal.resource.transport.http.HttpClientHelper] Resource missing. [HTTP GET: https://dl.google.com/dl/android/maven2/org/apache/httpcomponents/httpcore/4.4.10/httpcore-4.4.10.pom]
2021-06-06T09:17:10.391-0500 [DEBUG] [org.apache.http.impl.conn.PoolingHttpClientConnectionManager] Connection [id: 8][route: {s}->https://dl.google.com:443] can be kept alive indefinitely
2021-06-06T09:17:10.392-0500 [DEBUG] [org.apache.http.impl.conn.DefaultManagedHttpClientConnection] http-outgoing-8: set socket timeout to 0
2021-06-06T09:17:10.392-0500 [DEBUG] [org.apache.http.impl.conn.PoolingHttpClientConnectionManager] Connection released: [id: 8][route: {s}->https://dl.google.com:443][total kept alive: 7; route allocated: 8 of 20; total allocated: 8 of 20]
2021-06-06T09:17:10.392-0500 [INFO] [org.gradle.internal.resource.transport.http.HttpClientHelper] Resource missing. [HTTP GET: https://dl.google.com/dl/android/maven2/org/apache/httpcomponents/httpmime/4.5.6/httpmime-4.5.6.pom]
2021-06-06T09:17:10.392-0500 [DEBUG] [org.gradle.internal.operations.DefaultBuildOperationRunner] Build operation 'Download https://dl.google.com/dl/android/maven2/com/android/tools/annotations/27.2.1/annotations-27.2.1.pom' completed
2021-06-06T09:17:10.392-0500 [DEBUG] [org.gradle.internal.operations.DefaultBuildOperationRunner] Build operation 'Download https://dl.google.com/dl/android/maven2/org/apache/httpcomponents/httpcore/4.4.10/httpcore-4.4.10.pom' completed
2021-06-06T09:17:10.392-0500 [DEBUG] [org.gradle.internal.operations.DefaultBuildOperationRunner] Build operation 'Download https://dl.google.com/dl/android/maven2/org/apache/httpcomponents/httpmime/4.5.6/httpmime-4.5.6.pom' completed
2021-06-06T09:17:10.392-0500 [DEBUG] [org.gradle.api.internal.artifacts.repositories.resolver.ExternalResourceResolver] No meta-data file or artifact found for module 'org.apache.httpcomponents:httpcore:4.4.10' in repository 'Google'.
2021-06-06T09:17:10.392-0500 [DEBUG] [org.gradle.api.internal.artifacts.repositories.resolver.ExternalResourceResolver] No meta-data file or artifact found for module 'org.apache.httpcomponents:httpmime:4.5.6' in repository 'Google'.
2021-06-06T09:17:10.393-0500 [DEBUG] [org.gradle.api.internal.artifacts.ivyservice.modulecache.PersistentModuleMetadataCache] Recording absence of module descriptor in cache: org.apache.httpcomponents:httpcore:4.4.10 [changing = false]
2021-06-06T09:17:10.393-0500 [DEBUG] [org.gradle.api.internal.artifacts.ivyservice.modulecache.PersistentModuleMetadataCache] Recording absence of module descriptor in cache: org.apache.httpcomponents:httpmime:4.5.6 [changing = false]
2021-06-06T09:17:10.393-0500 [DEBUG] [org.apache.http.impl.execchain.MainClientExec] Connection can be kept alive indefinitely
2021-06-06T09:17:10.394-0500 [DEBUG] [org.apache.http.impl.conn.PoolingHttpClientConnectionManager] Connection [id: 3][route: {s}->https://dl.google.com:443] can be kept alive indefinitely
2021-06-06T09:17:10.394-0500 [DEBUG] [org.apache.http.impl.conn.DefaultManagedHttpClientConnection] http-outgoing-3: set socket timeout to 0
2021-06-06T09:17:10.394-0500 [DEBUG] [org.apache.http.impl.conn.PoolingHttpClientConnectionManager] Connection released: [id: 3][route: {s}->https://dl.google.com:443][total kept alive: 8; route allocated: 8 of 20; total allocated: 8 of 20]
2021-06-06T09:17:10.394-0500 [INFO] [org.gradle.internal.resource.transport.http.HttpClientHelper] Resource missing. [HTTP GET: https://dl.google.com/dl/android/maven2/org/apache/httpcomponents/httpclient/4.5.6/httpclient-4.5.6.pom]
2021-06-06T09:17:10.394-0500 [DEBUG] [org.gradle.internal.operations.DefaultBuildOperationRunner] Build operation 'Download https://dl.google.com/dl/android/maven2/org/apache/httpcomponents/httpclient/4.5.6/httpclient-4.5.6.pom' completed
2021-06-06T09:17:10.394-0500 [DEBUG] [org.gradle.api.internal.artifacts.repositories.resolver.ExternalResourceResolver] No meta-data file or artifact found for module 'org.apache.httpcomponents:httpclient:4.5.6' in repository 'Google'.
2021-06-06T09:17:10.394-0500 [DEBUG] [org.gradle.api.internal.artifacts.ivyservice.modulecache.PersistentModuleMetadataCache] Recording absence of module descriptor in cache: org.apache.httpcomponents:httpclient:4.5.6 [changing = false]
2021-06-06T09:17:10.399-0500 [DEBUG] [org.gradle.api.internal.artifacts.repositories.resolver.DefaultExternalResourceArtifactResolver] Loading https://repo.maven.apache.org/maven2/org/apache/httpcomponents/httpcore/4.4.10/httpcore-4.4.10.pom
2021-06-06T09:17:10.399-0500 [DEBUG] [org.gradle.api.internal.artifacts.repositories.resolver.DefaultExternalResourceArtifactResolver] Loading https://repo.maven.apache.org/maven2/org/apache/httpcomponents/httpmime/4.5.6/httpmime-4.5.6.pom
2021-06-06T09:17:10.399-0500 [DEBUG] [org.gradle.internal.resource.transfer.DefaultCacheAwareExternalResourceAccessor] Constructing external resource: https://repo.maven.apache.org/maven2/org/apache/httpcomponents/httpcore/4.4.10/httpcore-4.4.10.pom
2021-06-06T09:17:10.399-0500 [DEBUG] [org.gradle.api.internal.artifacts.repositories.resolver.DefaultExternalResourceArtifactResolver] Loading https://repo.maven.apache.org/maven2/org/apache/httpcomponents/httpclient/4.5.6/httpclient-4.5.6.pom
2021-06-06T09:17:10.399-0500 [DEBUG] [org.gradle.internal.resource.transfer.DefaultCacheAwareExternalResourceAccessor] Constructing external resource: https://repo.maven.apache.org/maven2/org/apache/httpcomponents/httpclient/4.5.6/httpclient-4.5.6.pom
2021-06-06T09:17:10.399-0500 [DEBUG] [org.gradle.internal.resource.transfer.DefaultCacheAwareExternalResourceAccessor] Constructing external resource: https://repo.maven.apache.org/maven2/org/apache/httpcomponents/httpmime/4.5.6/httpmime-4.5.6.pom
2021-06-06T09:17:10.401-0500 [DEBUG] [org.gradle.internal.resource.transport.http.HttpResourceAccessor] Constructing external resource: https://repo.maven.apache.org/maven2/org/apache/httpcomponents/httpcore/4.4.10/httpcore-4.4.10.pom
2021-06-06T09:17:10.401-0500 [DEBUG] [org.gradle.internal.resource.transport.http.HttpResourceAccessor] Constructing external resource: https://repo.maven.apache.org/maven2/org/apache/httpcomponents/httpclient/4.5.6/httpclient-4.5.6.pom
2021-06-06T09:17:10.401-0500 [DEBUG] [org.gradle.internal.resource.transport.http.HttpClientHelper] Performing HTTP GET: https://repo.maven.apache.org/maven2/org/apache/httpcomponents/httpcore/4.4.10/httpcore-4.4.10.pom
2021-06-06T09:17:10.401-0500 [DEBUG] [org.gradle.internal.resource.transport.http.HttpResourceAccessor] Constructing external resource: https://repo.maven.apache.org/maven2/org/apache/httpcomponents/httpmime/4.5.6/httpmime-4.5.6.pom
2021-06-06T09:17:10.401-0500 [DEBUG] [org.gradle.internal.resource.transport.http.HttpClientHelper] Performing HTTP GET: https://repo.maven.apache.org/maven2/org/apache/httpcomponents/httpclient/4.5.6/httpclient-4.5.6.pom
2021-06-06T09:17:10.402-0500 [DEBUG] [org.apache.http.client.protocol.RequestAddCookies] CookieSpec selected: default
2021-06-06T09:17:10.402-0500 [DEBUG] [org.apache.http.client.protocol.RequestAuthCache] Auth cache not set in the context
2021-06-06T09:17:10.402-0500 [DEBUG] [org.gradle.internal.resource.transport.http.HttpClientHelper] Performing HTTP GET: https://repo.maven.apache.org/maven2/org/apache/httpcomponents/httpmime/4.5.6/httpmime-4.5.6.pom
2021-06-06T09:17:10.402-0500 [DEBUG] [org.apache.http.client.protocol.RequestAddCookies] CookieSpec selected: default
2021-06-06T09:17:10.402-0500 [DEBUG] [org.apache.http.client.protocol.RequestAuthCache] Auth cache not set in the context
2021-06-06T09:17:10.403-0500 [DEBUG] [org.apache.http.impl.conn.PoolingHttpClientConnectionManager] Connection request: [route: {s}->https://repo.maven.apache.org:443][total kept alive: 8; route allocated: 8 of 20; total allocated: 8 of 20]
2021-06-06T09:17:10.403-0500 [DEBUG] [org.apache.http.impl.conn.PoolingHttpClientConnectionManager] Connection leased: [id: 14][route: {s}->https://repo.maven.apache.org:443][total kept alive: 7; route allocated: 8 of 20; total allocated: 8 of 20]
2021-06-06T09:17:10.403-0500 [DEBUG] [org.apache.http.impl.conn.DefaultManagedHttpClientConnection] http-outgoing-14: set socket timeout to 30000
2021-06-06T09:17:10.403-0500 [DEBUG] [org.apache.http.impl.conn.DefaultManagedHttpClientConnection] http-outgoing-14: set socket timeout to 30000
2021-06-06T09:17:10.403-0500 [DEBUG] [org.apache.http.impl.execchain.MainClientExec] Executing request GET /maven2/org/apache/httpcomponents/httpmime/4.5.6/httpmime-4.5.6.pom HTTP/1.1
2021-06-06T09:17:10.403-0500 [DEBUG] [org.apache.http.impl.execchain.MainClientExec] Target auth state: UNCHALLENGED
2021-06-06T09:17:10.403-0500 [DEBUG] [org.apache.http.impl.execchain.MainClientExec] Proxy auth state: UNCHALLENGED
2021-06-06T09:17:10.402-0500 [DEBUG] [org.apache.http.impl.conn.PoolingHttpClientConnectionManager] Connection request: [route: {s}->https://repo.maven.apache.org:443][total kept alive: 8; route allocated: 8 of 20; total allocated: 8 of 20]
2021-06-06T09:17:10.402-0500 [DEBUG] [org.apache.http.client.protocol.RequestAddCookies] CookieSpec selected: default
2021-06-06T09:17:10.404-0500 [DEBUG] [org.apache.http.impl.conn.PoolingHttpClientConnectionManager] Connection leased: [id: 12][route: {s}->https://repo.maven.apache.org:443][total kept alive: 6; route allocated: 8 of 20; total allocated: 8 of 20]
2021-06-06T09:17:10.404-0500 [DEBUG] [org.apache.http.impl.conn.DefaultManagedHttpClientConnection] http-outgoing-12: set socket timeout to 30000
2021-06-06T09:17:10.404-0500 [DEBUG] [org.apache.http.client.protocol.RequestAuthCache] Auth cache not set in the context
2021-06-06T09:17:10.404-0500 [DEBUG] [org.apache.http.impl.conn.DefaultManagedHttpClientConnection] http-outgoing-12: set socket timeout to 30000
2021-06-06T09:17:10.404-0500 [DEBUG] [org.apache.http.impl.conn.PoolingHttpClientConnectionManager] Connection request: [route: {s}->https://repo.maven.apache.org:443][total kept alive: 6; route allocated: 8 of 20; total allocated: 8 of 20]
2021-06-06T09:17:10.404-0500 [DEBUG] [org.apache.http.impl.execchain.MainClientExec] Executing request GET /maven2/org/apache/httpcomponents/httpcore/4.4.10/httpcore-4.4.10.pom HTTP/1.1
2021-06-06T09:17:10.404-0500 [DEBUG] [org.apache.http.impl.execchain.MainClientExec] Target auth state: UNCHALLENGED
2021-06-06T09:17:10.405-0500 [DEBUG] [org.apache.http.impl.execchain.MainClientExec] Proxy auth state: UNCHALLENGED
2021-06-06T09:17:10.404-0500 [DEBUG] [org.apache.http.impl.conn.PoolingHttpClientConnectionManager] Connection leased: [id: 11][route: {s}->https://repo.maven.apache.org:443][total kept alive: 5; route allocated: 8 of 20; total allocated: 8 of 20]
2021-06-06T09:17:10.405-0500 [DEBUG] [org.apache.http.impl.conn.DefaultManagedHttpClientConnection] http-outgoing-11: set socket timeout to 30000
2021-06-06T09:17:10.405-0500 [DEBUG] [org.gradle.api.internal.artifacts.repositories.resolver.ExternalResourceResolver] Metadata file found for module 'com.android.tools:annotations:27.2.1' in repository 'Google'.
2021-06-06T09:17:10.405-0500 [DEBUG] [org.apache.http.impl.conn.DefaultManagedHttpClientConnection] http-outgoing-11: set socket timeout to 30000
2021-06-06T09:17:10.405-0500 [DEBUG] [org.gradle.api.internal.artifacts.repositories.resolver.DefaultExternalResourceArtifactResolver] Loading https://dl.google.com/dl/android/maven2/com/android/tools/annotations/27.2.1/annotations-27.2.1.module
2021-06-06T09:17:10.405-0500 [DEBUG] [org.apache.http.impl.execchain.MainClientExec] Executing request GET /maven2/org/apache/httpcomponents/httpclient/4.5.6/httpclient-4.5.6.pom HTTP/1.1
2021-06-06T09:17:10.405-0500 [DEBUG] [org.apache.http.impl.execchain.MainClientExec] Target auth state: UNCHALLENGED
2021-06-06T09:17:10.405-0500 [DEBUG] [org.gradle.internal.resource.transfer.DefaultCacheAwareExternalResourceAccessor] Constructing external resource: https://dl.google.com/dl/android/maven2/com/android/tools/annotations/27.2.1/annotations-27.2.1.module
2021-06-06T09:17:10.405-0500 [DEBUG] [org.apache.http.impl.execchain.MainClientExec] Proxy auth state: UNCHALLENGED
2021-06-06T09:17:10.408-0500 [DEBUG] [org.gradle.internal.resource.transport.http.HttpResourceAccessor] Constructing external resource: https://dl.google.com/dl/android/maven2/com/android/tools/annotations/27.2.1/annotations-27.2.1.module
2021-06-06T09:17:10.408-0500 [DEBUG] [org.gradle.internal.resource.transport.http.HttpClientHelper] Performing HTTP GET: https://dl.google.com/dl/android/maven2/com/android/tools/annotations/27.2.1/annotations-27.2.1.module
2021-06-06T09:17:10.408-0500 [DEBUG] [org.apache.http.client.protocol.RequestAddCookies] CookieSpec selected: default
2021-06-06T09:17:10.408-0500 [DEBUG] [org.apache.http.client.protocol.RequestAuthCache] Auth cache not set in the context
2021-06-06T09:17:10.408-0500 [DEBUG] [org.apache.http.impl.conn.PoolingHttpClientConnectionManager] Connection request: [route: {s}->https://dl.google.com:443][total kept alive: 8; route allocated: 8 of 20; total allocated: 8 of 20]
2021-06-06T09:17:10.408-0500 [DEBUG] [org.apache.http.impl.conn.PoolingHttpClientConnectionManager] Connection leased: [id: 3][route: {s}->https://dl.google.com:443][total kept alive: 7; route allocated: 8 of 20; total allocated: 8 of 20]
2021-06-06T09:17:10.409-0500 [DEBUG] [org.apache.http.impl.conn.DefaultManagedHttpClientConnection] http-outgoing-3: set socket timeout to 30000
2021-06-06T09:17:10.409-0500 [DEBUG] [org.apache.http.impl.conn.DefaultManagedHttpClientConnection] http-outgoing-3: set socket timeout to 30000
2021-06-06T09:17:10.409-0500 [DEBUG] [org.apache.http.impl.execchain.MainClientExec] Executing request GET /dl/android/maven2/com/android/tools/annotations/27.2.1/annotations-27.2.1.module HTTP/1.1
2021-06-06T09:17:10.409-0500 [DEBUG] [org.apache.http.impl.execchain.MainClientExec] Target auth state: UNCHALLENGED
2021-06-06T09:17:10.409-0500 [DEBUG] [org.apache.http.impl.execchain.MainClientExec] Proxy auth state: UNCHALLENGED
2021-06-06T09:17:10.420-0500 [DEBUG] [org.apache.http.impl.execchain.MainClientExec] Connection can be kept alive indefinitely
2021-06-06T09:17:10.421-0500 [DEBUG] [org.gradle.internal.resource.transport.http.HttpResponseResource] Attempting to download resource https://repo.maven.apache.org/maven2/org/apache/httpcomponents/httpmime/4.5.6/httpmime-4.5.6.pom.
2021-06-06T09:17:10.422-0500 [DEBUG] [org.apache.http.impl.execchain.MainClientExec] Connection can be kept alive indefinitely
2021-06-06T09:17:10.422-0500 [INFO] [org.gradle.internal.resource.transfer.DefaultCacheAwareExternalResourceAccessor] Downloading https://repo.maven.apache.org/maven2/org/apache/httpcomponents/httpmime/4.5.6/httpmime-4.5.6.pom to C:\Users\gathi\AppData\Local\Temp\gradle_download12579400593371381574bin
2021-06-06T09:17:10.422-0500 [DEBUG] [org.gradle.internal.resource.transport.http.HttpResponseResource] Attempting to download resource https://repo.maven.apache.org/maven2/org/apache/httpcomponents/httpcore/4.4.10/httpcore-4.4.10.pom.
2021-06-06T09:17:10.424-0500 [DEBUG] [org.apache.http.impl.conn.PoolingHttpClientConnectionManager] Connection [id: 14][route: {s}->https://repo.maven.apache.org:443] can be kept alive indefinitely
2021-06-06T09:17:10.424-0500 [DEBUG] [org.apache.http.impl.conn.DefaultManagedHttpClientConnection] http-outgoing-14: set socket timeout to 0
2021-06-06T09:17:10.424-0500 [INFO] [org.gradle.internal.resource.transfer.DefaultCacheAwareExternalResourceAccessor] Downloading https://repo.maven.apache.org/maven2/org/apache/httpcomponents/httpcore/4.4.10/httpcore-4.4.10.pom to C:\Users\gathi\AppData\Local\Temp\gradle_download9625218215548702566bin
2021-06-06T09:17:10.424-0500 [DEBUG] [org.apache.http.impl.conn.PoolingHttpClientConnectionManager] Connection released: [id: 14][route: {s}->https://repo.maven.apache.org:443][total kept alive: 6; route allocated: 8 of 20; total allocated: 8 of 20]
2021-06-06T09:17:10.425-0500 [DEBUG] [org.gradle.internal.operations.DefaultBuildOperationRunner] Build operation 'Download https://repo.maven.apache.org/maven2/org/apache/httpcomponents/httpmime/4.5.6/httpmime-4.5.6.pom' completed
2021-06-06T09:17:10.426-0500 [DEBUG] [org.apache.http.impl.conn.PoolingHttpClientConnectionManager] Connection [id: 12][route: {s}->https://repo.maven.apache.org:443] can be kept alive indefinitely
2021-06-06T09:17:10.426-0500 [DEBUG] [org.apache.http.impl.conn.DefaultManagedHttpClientConnection] http-outgoing-12: set socket timeout to 0
2021-06-06T09:17:10.426-0500 [DEBUG] [org.apache.http.impl.conn.PoolingHttpClientConnectionManager] Connection released: [id: 12][route: {s}->https://repo.maven.apache.org:443][total kept alive: 7; route allocated: 8 of 20; total allocated: 8 of 20]
2021-06-06T09:17:10.427-0500 [DEBUG] [org.gradle.internal.operations.DefaultBuildOperationRunner] Build operation 'Download https://repo.maven.apache.org/maven2/org/apache/httpcomponents/httpcore/4.4.10/httpcore-4.4.10.pom' completed
2021-06-06T09:17:10.435-0500 [DEBUG] [org.apache.http.impl.execchain.MainClientExec] Connection can be kept alive indefinitely
2021-06-06T09:17:10.435-0500 [DEBUG] [org.gradle.internal.resource.transport.http.HttpResponseResource] Attempting to download resource https://repo.maven.apache.org/maven2/org/apache/httpcomponents/httpclient/4.5.6/httpclient-4.5.6.pom.
2021-06-06T09:17:10.436-0500 [DEBUG] [org.gradle.api.internal.artifacts.ivyservice.ivyresolve.RepositoryChainComponentMetaDataResolver] Attempting to resolve component for org.apache.httpcomponents:httpcomponents-client:4.5.6 using repositories [Google, MavenRepo]
2021-06-06T09:17:10.437-0500 [INFO] [org.gradle.internal.resource.transfer.DefaultCacheAwareExternalResourceAccessor] Downloading https://repo.maven.apache.org/maven2/org/apache/httpcomponents/httpclient/4.5.6/httpclient-4.5.6.pom to C:\Users\gathi\AppData\Local\Temp\gradle_download16752269043609581001bin
2021-06-06T09:17:10.439-0500 [DEBUG] [org.apache.http.impl.conn.PoolingHttpClientConnectionManager] Connection [id: 11][route: {s}->https://repo.maven.apache.org:443] can be kept alive indefinitely
2021-06-06T09:17:10.439-0500 [DEBUG] [org.apache.http.impl.conn.DefaultManagedHttpClientConnection] http-outgoing-11: set socket timeout to 0
2021-06-06T09:17:10.439-0500 [DEBUG] [org.apache.http.impl.conn.PoolingHttpClientConnectionManager] Connection released: [id: 11][route: {s}->https://repo.maven.apache.org:443][total kept alive: 8; route allocated: 8 of 20; total allocated: 8 of 20]
2021-06-06T09:17:10.439-0500 [DEBUG] [org.gradle.internal.operations.DefaultBuildOperationRunner] Build operation 'Download https://repo.maven.apache.org/maven2/org/apache/httpcomponents/httpclient/4.5.6/httpclient-4.5.6.pom' completed
2021-06-06T09:17:10.441-0500 [DEBUG] [org.gradle.api.internal.artifacts.repositories.resolver.DefaultExternalResourceArtifactResolver] Loading https://dl.google.com/dl/android/maven2/org/apache/httpcomponents/httpcomponents-client/4.5.6/httpcomponents-client-4.5.6.pom
2021-06-06T09:17:10.442-0500 [DEBUG] [org.gradle.internal.resource.transfer.DefaultCacheAwareExternalResourceAccessor] Constructing external resource: https://dl.google.com/dl/android/maven2/org/apache/httpcomponents/httpcomponents-client/4.5.6/httpcomponents-client-4.5.6.pom
2021-06-06T09:17:10.444-0500 [DEBUG] [org.gradle.api.internal.artifacts.ivyservice.ivyresolve.RepositoryChainComponentMetaDataResolver] Attempting to resolve component for org.apache.httpcomponents:httpcomponents-core:4.4.10 using repositories [Google, MavenRepo]
2021-06-06T09:17:10.448-0500 [DEBUG] [org.gradle.api.internal.artifacts.repositories.resolver.DefaultExternalResourceArtifactResolver] Loading https://dl.google.com/dl/android/maven2/org/apache/httpcomponents/httpcomponents-core/4.4.10/httpcomponents-core-4.4.10.pom
2021-06-06T09:17:10.448-0500 [DEBUG] [org.gradle.internal.resource.transfer.DefaultCacheAwareExternalResourceAccessor] Constructing external resource: https://dl.google.com/dl/android/maven2/org/apache/httpcomponents/httpcomponents-core/4.4.10/httpcomponents-core-4.4.10.pom
2021-06-06T09:17:10.449-0500 [DEBUG] [org.apache.http.impl.execchain.MainClientExec] Connection can be kept alive indefinitely
2021-06-06T09:17:10.450-0500 [DEBUG] [org.gradle.internal.resource.transport.http.HttpResourceAccessor] Constructing external resource: https://dl.google.com/dl/android/maven2/org/apache/httpcomponents/httpcomponents-client/4.5.6/httpcomponents-client-4.5.6.pom
2021-06-06T09:17:10.450-0500 [DEBUG] [org.gradle.internal.resource.transport.http.HttpClientHelper] Performing HTTP GET: https://dl.google.com/dl/android/maven2/org/apache/httpcomponents/httpcomponents-client/4.5.6/httpcomponents-client-4.5.6.pom
2021-06-06T09:17:10.450-0500 [DEBUG] [org.gradle.internal.resource.transport.http.HttpResponseResource] Attempting to download resource https://dl.google.com/dl/android/maven2/com/android/tools/annotations/27.2.1/annotations-27.2.1.module.
2021-06-06T09:17:10.450-0500 [DEBUG] [org.apache.http.client.protocol.RequestAddCookies] CookieSpec selected: default
2021-06-06T09:17:10.450-0500 [DEBUG] [org.apache.http.client.protocol.RequestAuthCache] Auth cache not set in the context
2021-06-06T09:17:10.451-0500 [DEBUG] [org.apache.http.impl.conn.PoolingHttpClientConnectionManager] Connection request: [route: {s}->https://dl.google.com:443][total kept alive: 7; route allocated: 8 of 20; total allocated: 8 of 20]
2021-06-06T09:17:10.451-0500 [DEBUG] [org.gradle.api.internal.artifacts.ivyservice.ivyresolve.RepositoryChainComponentMetaDataResolver] Attempting to resolve component for org.apache.httpcomponents:httpcomponents-client:4.5.6 using repositories [Google, MavenRepo]
2021-06-06T09:17:10.451-0500 [DEBUG] [org.gradle.internal.resource.transport.http.HttpResourceAccessor] Constructing external resource: https://dl.google.com/dl/android/maven2/org/apache/httpcomponents/httpcomponents-core/4.4.10/httpcomponents-core-4.4.10.pom
2021-06-06T09:17:10.451-0500 [DEBUG] [org.gradle.api.internal.artifacts.repositories.resolver.DefaultExternalResourceArtifactResolver] Loading https://dl.google.com/dl/android/maven2/org/apache/httpcomponents/httpcomponents-client/4.5.6/httpcomponents-client-4.5.6.pom
2021-06-06T09:17:10.451-0500 [DEBUG] [org.apache.http.impl.conn.PoolingHttpClientConnectionManager] Connection leased: [id: 8][route: {s}->https://dl.google.com:443][total kept alive: 6; route allocated: 8 of 20; total allocated: 8 of 20]
2021-06-06T09:17:10.451-0500 [DEBUG] [org.gradle.internal.resource.transport.http.HttpClientHelper] Performing HTTP GET: https://dl.google.com/dl/android/maven2/org/apache/httpcomponents/httpcomponents-core/4.4.10/httpcomponents-core-4.4.10.pom
2021-06-06T09:17:10.451-0500 [DEBUG] [org.apache.http.impl.conn.DefaultManagedHttpClientConnection] http-outgoing-8: set socket timeout to 30000
2021-06-06T09:17:10.451-0500 [DEBUG] [org.apache.http.client.protocol.RequestAddCookies] CookieSpec selected: default
2021-06-06T09:17:10.452-0500 [DEBUG] [org.apache.http.client.protocol.RequestAuthCache] Auth cache not set in the context
2021-06-06T09:17:10.452-0500 [DEBUG] [org.apache.http.impl.conn.PoolingHttpClientConnectionManager] Connection request: [route: {s}->https://dl.google.com:443][total kept alive: 6; route allocated: 8 of 20; total allocated: 8 of 20]
2021-06-06T09:17:10.451-0500 [DEBUG] [org.apache.http.impl.conn.DefaultManagedHttpClientConnection] http-outgoing-8: set socket timeout to 30000
2021-06-06T09:17:10.452-0500 [INFO] [org.gradle.internal.resource.transfer.DefaultCacheAwareExternalResourceAccessor] Downloading https://dl.google.com/dl/android/maven2/com/android/tools/annotations/27.2.1/annotations-27.2.1.module to C:\Users\gathi\AppData\Local\Temp\gradle_download13319737549560872601bin
2021-06-06T09:17:10.452-0500 [DEBUG] [org.apache.http.impl.conn.PoolingHttpClientConnectionManager] Connection leased: [id: 4][route: {s}->https://dl.google.com:443][total kept alive: 5; route allocated: 8 of 20; total allocated: 8 of 20]
2021-06-06T09:17:10.452-0500 [DEBUG] [org.apache.http.impl.execchain.MainClientExec] Executing request GET /dl/android/maven2/org/apache/httpcomponents/httpcomponents-client/4.5.6/httpcomponents-client-4.5.6.pom HTTP/1.1
2021-06-06T09:17:10.452-0500 [DEBUG] [org.apache.http.impl.execchain.MainClientExec] Target auth state: UNCHALLENGED
2021-06-06T09:17:10.453-0500 [DEBUG] [org.apache.http.impl.execchain.MainClientExec] Proxy auth state: UNCHALLENGED
2021-06-06T09:17:10.452-0500 [DEBUG] [org.apache.http.impl.conn.DefaultManagedHttpClientConnection] http-outgoing-4: set socket timeout to 30000
2021-06-06T09:17:10.453-0500 [DEBUG] [org.apache.http.impl.conn.DefaultManagedHttpClientConnection] http-outgoing-4: set socket timeout to 30000
2021-06-06T09:17:10.453-0500 [DEBUG] [org.apache.http.impl.execchain.MainClientExec] Executing request GET /dl/android/maven2/org/apache/httpcomponents/httpcomponents-core/4.4.10/httpcomponents-core-4.4.10.pom HTTP/1.1
2021-06-06T09:17:10.453-0500 [DEBUG] [org.apache.http.impl.execchain.MainClientExec] Target auth state: UNCHALLENGED
2021-06-06T09:17:10.453-0500 [DEBUG] [org.apache.http.impl.execchain.MainClientExec] Proxy auth state: UNCHALLENGED
2021-06-06T09:17:10.453-0500 [DEBUG] [org.apache.http.impl.conn.PoolingHttpClientConnectionManager] Connection [id: 3][route: {s}->https://dl.google.com:443] can be kept alive indefinitely
2021-06-06T09:17:10.453-0500 [DEBUG] [org.apache.http.impl.conn.DefaultManagedHttpClientConnection] http-outgoing-3: set socket timeout to 0
2021-06-06T09:17:10.454-0500 [DEBUG] [org.apache.http.impl.conn.PoolingHttpClientConnectionManager] Connection released: [id: 3][route: {s}->https://dl.google.com:443][total kept alive: 6; route allocated: 8 of 20; total allocated: 8 of 20]
2021-06-06T09:17:10.454-0500 [DEBUG] [org.gradle.internal.operations.DefaultBuildOperationRunner] Build operation 'Download https://dl.google.com/dl/android/maven2/com/android/tools/annotations/27.2.1/annotations-27.2.1.module' completed
2021-06-06T09:17:10.463-0500 [DEBUG] [org.gradle.api.internal.artifacts.ivyservice.modulecache.PersistentModuleMetadataCache] Recording module descriptor in cache: com.android.tools:annotations:27.2.1 [changing = false]
2021-06-06T09:17:10.467-0500 [DEBUG] [org.gradle.api.internal.artifacts.ivyservice.ivyresolve.RepositoryChainComponentMetaDataResolver] Using com.android.tools:annotations:27.2.1 from Maven repository 'Google'
2021-06-06T09:17:10.468-0500 [DEBUG] [org.gradle.internal.operations.DefaultBuildOperationRunner] Build operation 'Resolve com.android.tools:annotations:27.2.1' completed
2021-06-06T09:17:10.468-0500 [DEBUG] [org.gradle.internal.work.DefaultWorkerLeaseService] Worker lease root.1.38.39 completed (3 worker(s) in use)
2021-06-06T09:17:10.468-0500 [DEBUG] [org.gradle.internal.resources.AbstractTrackedResourceLock] Daemon worker: released lock on root.1.38.39
2021-06-06T09:17:10.492-0500 [DEBUG] [org.apache.http.impl.execchain.MainClientExec] Connection can be kept alive indefinitely
2021-06-06T09:17:10.492-0500 [DEBUG] [org.apache.http.impl.conn.PoolingHttpClientConnectionManager] Connection [id: 8][route: {s}->https://dl.google.com:443] can be kept alive indefinitely
2021-06-06T09:17:10.492-0500 [DEBUG] [org.apache.http.impl.conn.DefaultManagedHttpClientConnection] http-outgoing-8: set socket timeout to 0
2021-06-06T09:17:10.492-0500 [DEBUG] [org.apache.http.impl.conn.PoolingHttpClientConnectionManager] Connection released: [id: 8][route: {s}->https://dl.google.com:443][total kept alive: 7; route allocated: 8 of 20; total allocated: 8 of 20]
2021-06-06T09:17:10.493-0500 [INFO] [org.gradle.internal.resource.transport.http.HttpClientHelper] Resource missing. [HTTP GET: https://dl.google.com/dl/android/maven2/org/apache/httpcomponents/httpcomponents-client/4.5.6/httpcomponents-client-4.5.6.pom]
2021-06-06T09:17:10.493-0500 [DEBUG] [org.gradle.internal.operations.DefaultBuildOperationRunner] Build operation 'Download https://dl.google.com/dl/android/maven2/org/apache/httpcomponents/httpcomponents-client/4.5.6/httpcomponents-client-4.5.6.pom' completed
2021-06-06T09:17:10.493-0500 [DEBUG] [org.gradle.api.internal.artifacts.repositories.resolver.ExternalResourceResolver] No meta-data file or artifact found for module 'org.apache.httpcomponents:httpcomponents-client:4.5.6' in repository 'Google'.
2021-06-06T09:17:10.493-0500 [DEBUG] [org.gradle.internal.resource.transfer.DefaultCacheAwareExternalResourceAccessor] Constructing external resource: https://dl.google.com/dl/android/maven2/org/apache/httpcomponents/httpcomponents-client/4.5.6/httpcomponents-client-4.5.6.pom
2021-06-06T09:17:10.493-0500 [DEBUG] [org.gradle.api.internal.artifacts.ivyservice.modulecache.PersistentModuleMetadataCache] Recording absence of module descriptor in cache: org.apache.httpcomponents:httpcomponents-client:4.5.6 [changing = false]
2021-06-06T09:17:10.494-0500 [DEBUG] [org.gradle.api.internal.artifacts.repositories.resolver.DefaultExternalResourceArtifactResolver] Loading https://repo.maven.apache.org/maven2/org/apache/httpcomponents/httpcomponents-client/4.5.6/httpcomponents-client-4.5.6.pom
2021-06-06T09:17:10.494-0500 [DEBUG] [org.gradle.internal.resource.transfer.DefaultCacheAwareExternalResourceAccessor] Constructing external resource: https://repo.maven.apache.org/maven2/org/apache/httpcomponents/httpcomponents-client/4.5.6/httpcomponents-client-4.5.6.pom
2021-06-06T09:17:10.494-0500 [DEBUG] [org.gradle.internal.resource.transport.http.HttpResourceAccessor] Constructing external resource: https://dl.google.com/dl/android/maven2/org/apache/httpcomponents/httpcomponents-client/4.5.6/httpcomponents-client-4.5.6.pom
2021-06-06T09:17:10.495-0500 [DEBUG] [org.gradle.internal.resource.transport.http.HttpClientHelper] Performing HTTP GET: https://dl.google.com/dl/android/maven2/org/apache/httpcomponents/httpcomponents-client/4.5.6/httpcomponents-client-4.5.6.pom
2021-06-06T09:17:10.495-0500 [DEBUG] [org.apache.http.client.protocol.RequestAddCookies] CookieSpec selected: default
2021-06-06T09:17:10.495-0500 [DEBUG] [org.apache.http.client.protocol.RequestAuthCache] Auth cache not set in the context
2021-06-06T09:17:10.495-0500 [DEBUG] [org.apache.http.impl.conn.PoolingHttpClientConnectionManager] Connection request: [route: {s}->https://dl.google.com:443][total kept alive: 7; route allocated: 8 of 20; total allocated: 8 of 20]
2021-06-06T09:17:10.495-0500 [DEBUG] [org.apache.http.impl.conn.PoolingHttpClientConnectionManager] Connection leased: [id: 8][route: {s}->https://dl.google.com:443][total kept alive: 6; route allocated: 8 of 20; total allocated: 8 of 20]
2021-06-06T09:17:10.495-0500 [DEBUG] [org.apache.http.impl.conn.DefaultManagedHttpClientConnection] http-outgoing-8: set socket timeout to 30000
2021-06-06T09:17:10.495-0500 [DEBUG] [org.apache.http.impl.conn.DefaultManagedHttpClientConnection] http-outgoing-8: set socket timeout to 30000
2021-06-06T09:17:10.495-0500 [DEBUG] [org.apache.http.impl.execchain.MainClientExec] Executing request GET /dl/android/maven2/org/apache/httpcomponents/httpcomponents-client/4.5.6/httpcomponents-client-4.5.6.pom HTTP/1.1
2021-06-06T09:17:10.496-0500 [DEBUG] [org.apache.http.impl.execchain.MainClientExec] Target auth state: UNCHALLENGED
2021-06-06T09:17:10.496-0500 [DEBUG] [org.apache.http.impl.execchain.MainClientExec] Proxy auth state: UNCHALLENGED
2021-06-06T09:17:10.495-0500 [DEBUG] [org.gradle.internal.resource.transport.http.HttpResourceAccessor] Constructing external resource: https://repo.maven.apache.org/maven2/org/apache/httpcomponents/httpcomponents-client/4.5.6/httpcomponents-client-4.5.6.pom
2021-06-06T09:17:10.496-0500 [DEBUG] [org.gradle.internal.resource.transport.http.HttpClientHelper] Performing HTTP GET: https://repo.maven.apache.org/maven2/org/apache/httpcomponents/httpcomponents-client/4.5.6/httpcomponents-client-4.5.6.pom
2021-06-06T09:17:10.496-0500 [DEBUG] [org.apache.http.client.protocol.RequestAddCookies] CookieSpec selected: default
2021-06-06T09:17:10.496-0500 [DEBUG] [org.apache.http.client.protocol.RequestAuthCache] Auth cache not set in the context
2021-06-06T09:17:10.496-0500 [DEBUG] [org.apache.http.impl.conn.PoolingHttpClientConnectionManager] Connection request: [route: {s}->https://repo.maven.apache.org:443][total kept alive: 8; route allocated: 8 of 20; total allocated: 8 of 20]
2021-06-06T09:17:10.496-0500 [DEBUG] [org.apache.http.impl.conn.PoolingHttpClientConnectionManager] Connection leased: [id: 11][route: {s}->https://repo.maven.apache.org:443][total kept alive: 7; route allocated: 8 of 20; total allocated: 8 of 20]
2021-06-06T09:17:10.496-0500 [DEBUG] [org.apache.http.impl.conn.DefaultManagedHttpClientConnection] http-outgoing-11: set socket timeout to 30000
2021-06-06T09:17:10.497-0500 [DEBUG] [org.apache.http.impl.conn.DefaultManagedHttpClientConnection] http-outgoing-11: set socket timeout to 30000
2021-06-06T09:17:10.497-0500 [DEBUG] [org.apache.http.impl.execchain.MainClientExec] Executing request GET /maven2/org/apache/httpcomponents/httpcomponents-client/4.5.6/httpcomponents-client-4.5.6.pom HTTP/1.1
2021-06-06T09:17:10.497-0500 [DEBUG] [org.apache.http.impl.execchain.MainClientExec] Target auth state: UNCHALLENGED
2021-06-06T09:17:10.497-0500 [DEBUG] [org.apache.http.impl.execchain.MainClientExec] Proxy auth state: UNCHALLENGED
2021-06-06T09:17:10.514-0500 [DEBUG] [org.apache.http.impl.execchain.MainClientExec] Connection can be kept alive indefinitely
2021-06-06T09:17:10.514-0500 [DEBUG] [org.apache.http.impl.conn.PoolingHttpClientConnectionManager] Connection [id: 4][route: {s}->https://dl.google.com:443] can be kept alive indefinitely
2021-06-06T09:17:10.514-0500 [DEBUG] [org.apache.http.impl.conn.DefaultManagedHttpClientConnection] http-outgoing-4: set socket timeout to 0
2021-06-06T09:17:10.514-0500 [DEBUG] [org.apache.http.impl.conn.PoolingHttpClientConnectionManager] Connection released: [id: 4][route: {s}->https://dl.google.com:443][total kept alive: 7; route allocated: 8 of 20; total allocated: 8 of 20]
2021-06-06T09:17:10.515-0500 [INFO] [org.gradle.internal.resource.transport.http.HttpClientHelper] Resource missing. [HTTP GET: https://dl.google.com/dl/android/maven2/org/apache/httpcomponents/httpcomponents-core/4.4.10/httpcomponents-core-4.4.10.pom]
2021-06-06T09:17:10.515-0500 [DEBUG] [org.gradle.internal.operations.DefaultBuildOperationRunner] Build operation 'Download https://dl.google.com/dl/android/maven2/org/apache/httpcomponents/httpcomponents-core/4.4.10/httpcomponents-core-4.4.10.pom' completed
2021-06-06T09:17:10.515-0500 [DEBUG] [org.gradle.api.internal.artifacts.repositories.resolver.ExternalResourceResolver] No meta-data file or artifact found for module 'org.apache.httpcomponents:httpcomponents-core:4.4.10' in repository 'Google'.
2021-06-06T09:17:10.515-0500 [DEBUG] [org.gradle.api.internal.artifacts.ivyservice.modulecache.PersistentModuleMetadataCache] Recording absence of module descriptor in cache: org.apache.httpcomponents:httpcomponents-core:4.4.10 [changing = false]
2021-06-06T09:17:10.515-0500 [DEBUG] [org.gradle.api.internal.artifacts.repositories.resolver.DefaultExternalResourceArtifactResolver] Loading https://repo.maven.apache.org/maven2/org/apache/httpcomponents/httpcomponents-core/4.4.10/httpcomponents-core-4.4.10.pom
2021-06-06T09:17:10.515-0500 [DEBUG] [org.gradle.internal.resource.transfer.DefaultCacheAwareExternalResourceAccessor] Constructing external resource: https://repo.maven.apache.org/maven2/org/apache/httpcomponents/httpcomponents-core/4.4.10/httpcomponents-core-4.4.10.pom
2021-06-06T09:17:10.517-0500 [DEBUG] [org.gradle.internal.resource.transport.http.HttpResourceAccessor] Constructing external resource: https://repo.maven.apache.org/maven2/org/apache/httpcomponents/httpcomponents-core/4.4.10/httpcomponents-core-4.4.10.pom
2021-06-06T09:17:10.517-0500 [DEBUG] [org.gradle.internal.resource.transport.http.HttpClientHelper] Performing HTTP GET: https://repo.maven.apache.org/maven2/org/apache/httpcomponents/httpcomponents-core/4.4.10/httpcomponents-core-4.4.10.pom
2021-06-06T09:17:10.517-0500 [DEBUG] [org.apache.http.client.protocol.RequestAddCookies] CookieSpec selected: default
2021-06-06T09:17:10.517-0500 [DEBUG] [org.apache.http.client.protocol.RequestAuthCache] Auth cache not set in the context
2021-06-06T09:17:10.517-0500 [DEBUG] [org.apache.http.impl.conn.PoolingHttpClientConnectionManager] Connection request: [route: {s}->https://repo.maven.apache.org:443][total kept alive: 7; route allocated: 8 of 20; total allocated: 8 of 20]
2021-06-06T09:17:10.517-0500 [DEBUG] [org.apache.http.impl.conn.PoolingHttpClientConnectionManager] Connection leased: [id: 12][route: {s}->https://repo.maven.apache.org:443][total kept alive: 6; route allocated: 8 of 20; total allocated: 8 of 20]
2021-06-06T09:17:10.517-0500 [DEBUG] [org.apache.http.impl.conn.DefaultManagedHttpClientConnection] http-outgoing-12: set socket timeout to 30000
2021-06-06T09:17:10.517-0500 [DEBUG] [org.apache.http.impl.conn.DefaultManagedHttpClientConnection] http-outgoing-12: set socket timeout to 30000
2021-06-06T09:17:10.517-0500 [DEBUG] [org.apache.http.impl.execchain.MainClientExec] Executing request GET /maven2/org/apache/httpcomponents/httpcomponents-core/4.4.10/httpcomponents-core-4.4.10.pom HTTP/1.1
2021-06-06T09:17:10.517-0500 [DEBUG] [org.apache.http.impl.execchain.MainClientExec] Target auth state: UNCHALLENGED
2021-06-06T09:17:10.517-0500 [DEBUG] [org.apache.http.impl.execchain.MainClientExec] Proxy auth state: UNCHALLENGED
2021-06-06T09:17:10.529-0500 [DEBUG] [org.apache.http.impl.execchain.MainClientExec] Connection can be kept alive indefinitely
2021-06-06T09:17:10.529-0500 [DEBUG] [org.gradle.internal.resource.transport.http.HttpResponseResource] Attempting to download resource https://repo.maven.apache.org/maven2/org/apache/httpcomponents/httpcomponents-client/4.5.6/httpcomponents-client-4.5.6.pom.
2021-06-06T09:17:10.531-0500 [INFO] [org.gradle.internal.resource.transfer.DefaultCacheAwareExternalResourceAccessor] Downloading https://repo.maven.apache.org/maven2/org/apache/httpcomponents/httpcomponents-client/4.5.6/httpcomponents-client-4.5.6.pom to C:\Users\gathi\AppData\Local\Temp\gradle_download2363117329829434583bin
2021-06-06T09:17:10.533-0500 [DEBUG] [org.apache.http.impl.conn.PoolingHttpClientConnectionManager] Connection [id: 11][route: {s}->https://repo.maven.apache.org:443] can be kept alive indefinitely
2021-06-06T09:17:10.533-0500 [DEBUG] [org.apache.http.impl.conn.DefaultManagedHttpClientConnection] http-outgoing-11: set socket timeout to 0
2021-06-06T09:17:10.533-0500 [DEBUG] [org.apache.http.impl.conn.PoolingHttpClientConnectionManager] Connection released: [id: 11][route: {s}->https://repo.maven.apache.org:443][total kept alive: 7; route allocated: 8 of 20; total allocated: 8 of 20]
2021-06-06T09:17:10.533-0500 [DEBUG] [org.gradle.internal.operations.DefaultBuildOperationRunner] Build operation 'Download https://repo.maven.apache.org/maven2/org/apache/httpcomponents/httpcomponents-client/4.5.6/httpcomponents-client-4.5.6.pom' completed
2021-06-06T09:17:10.534-0500 [DEBUG] [org.apache.http.impl.execchain.MainClientExec] Connection can be kept alive indefinitely
2021-06-06T09:17:10.534-0500 [DEBUG] [org.apache.http.impl.conn.PoolingHttpClientConnectionManager] Connection [id: 8][route: {s}->https://dl.google.com:443] can be kept alive indefinitely
2021-06-06T09:17:10.534-0500 [DEBUG] [org.apache.http.impl.conn.DefaultManagedHttpClientConnection] http-outgoing-8: set socket timeout to 0
2021-06-06T09:17:10.534-0500 [DEBUG] [org.apache.http.impl.conn.PoolingHttpClientConnectionManager] Connection released: [id: 8][route: {s}->https://dl.google.com:443][total kept alive: 8; route allocated: 8 of 20; total allocated: 8 of 20]
2021-06-06T09:17:10.534-0500 [INFO] [org.gradle.internal.resource.transport.http.HttpClientHelper] Resource missing. [HTTP GET: https://dl.google.com/dl/android/maven2/org/apache/httpcomponents/httpcomponents-client/4.5.6/httpcomponents-client-4.5.6.pom]
2021-06-06T09:17:10.534-0500 [DEBUG] [org.gradle.internal.operations.DefaultBuildOperationRunner] Build operation 'Download https://dl.google.com/dl/android/maven2/org/apache/httpcomponents/httpcomponents-client/4.5.6/httpcomponents-client-4.5.6.pom' completed
2021-06-06T09:17:10.534-0500 [DEBUG] [org.gradle.api.internal.artifacts.repositories.resolver.ExternalResourceResolver] No meta-data file or artifact found for module 'org.apache.httpcomponents:httpcomponents-client:4.5.6' in repository 'Google'.
2021-06-06T09:17:10.534-0500 [DEBUG] [org.gradle.api.internal.artifacts.ivyservice.modulecache.PersistentModuleMetadataCache] Recording absence of module descriptor in cache: org.apache.httpcomponents:httpcomponents-client:4.5.6 [changing = false]
2021-06-06T09:17:10.535-0500 [DEBUG] [org.apache.http.impl.execchain.MainClientExec] Connection can be kept alive indefinitely
2021-06-06T09:17:10.536-0500 [DEBUG] [org.gradle.internal.resource.transport.http.HttpResponseResource] Attempting to download resource https://repo.maven.apache.org/maven2/org/apache/httpcomponents/httpcomponents-core/4.4.10/httpcomponents-core-4.4.10.pom.
2021-06-06T09:17:10.537-0500 [INFO] [org.gradle.internal.resource.transfer.DefaultCacheAwareExternalResourceAccessor] Downloading https://repo.maven.apache.org/maven2/org/apache/httpcomponents/httpcomponents-core/4.4.10/httpcomponents-core-4.4.10.pom to C:\Users\gathi\AppData\Local\Temp\gradle_download16306735175215253327bin
2021-06-06T09:17:10.540-0500 [DEBUG] [org.gradle.api.internal.artifacts.repositories.resolver.DefaultExternalResourceArtifactResolver] Loading https://repo.maven.apache.org/maven2/org/apache/httpcomponents/httpcomponents-client/4.5.6/httpcomponents-client-4.5.6.pom
2021-06-06T09:17:10.540-0500 [DEBUG] [org.gradle.internal.resource.transfer.DefaultCacheAwareExternalResourceAccessor] Constructing external resource: https://repo.maven.apache.org/maven2/org/apache/httpcomponents/httpcomponents-client/4.5.6/httpcomponents-client-4.5.6.pom
2021-06-06T09:17:10.540-0500 [DEBUG] [org.apache.http.impl.conn.PoolingHttpClientConnectionManager] Connection [id: 12][route: {s}->https://repo.maven.apache.org:443] can be kept alive indefinitely
2021-06-06T09:17:10.540-0500 [DEBUG] [org.apache.http.impl.conn.DefaultManagedHttpClientConnection] http-outgoing-12: set socket timeout to 0
2021-06-06T09:17:10.540-0500 [DEBUG] [org.apache.http.impl.conn.PoolingHttpClientConnectionManager] Connection released: [id: 12][route: {s}->https://repo.maven.apache.org:443][total kept alive: 8; route allocated: 8 of 20; total allocated: 8 of 20]
2021-06-06T09:17:10.541-0500 [DEBUG] [org.gradle.internal.operations.DefaultBuildOperationRunner] Build operation 'Download https://repo.maven.apache.org/maven2/org/apache/httpcomponents/httpcomponents-core/4.4.10/httpcomponents-core-4.4.10.pom' completed
2021-06-06T09:17:10.543-0500 [DEBUG] [org.gradle.api.internal.artifacts.ivyservice.ivyresolve.RepositoryChainComponentMetaDataResolver] Attempting to resolve component for org.apache.httpcomponents:httpcomponents-parent:10 using repositories [Google, MavenRepo]
2021-06-06T09:17:10.544-0500 [DEBUG] [org.gradle.api.internal.artifacts.ivyservice.ivyresolve.RepositoryChainComponentMetaDataResolver] Attempting to resolve component for org.apache.httpcomponents:httpcomponents-parent:10 using repositories [Google, MavenRepo]
2021-06-06T09:17:10.550-0500 [DEBUG] [org.gradle.api.internal.artifacts.repositories.resolver.DefaultExternalResourceArtifactResolver] Loading https://dl.google.com/dl/android/maven2/org/apache/httpcomponents/httpcomponents-parent/10/httpcomponents-parent-10.pom
2021-06-06T09:17:10.550-0500 [DEBUG] [org.gradle.api.internal.artifacts.repositories.resolver.DefaultExternalResourceArtifactResolver] Loading https://dl.google.com/dl/android/maven2/org/apache/httpcomponents/httpcomponents-parent/10/httpcomponents-parent-10.pom
2021-06-06T09:17:10.550-0500 [DEBUG] [org.gradle.internal.resource.transfer.DefaultCacheAwareExternalResourceAccessor] Constructing external resource: https://dl.google.com/dl/android/maven2/org/apache/httpcomponents/httpcomponents-parent/10/httpcomponents-parent-10.pom
2021-06-06T09:17:10.552-0500 [DEBUG] [org.gradle.internal.resource.transport.http.HttpResourceAccessor] Constructing external resource: https://dl.google.com/dl/android/maven2/org/apache/httpcomponents/httpcomponents-parent/10/httpcomponents-parent-10.pom
2021-06-06T09:17:10.552-0500 [DEBUG] [org.gradle.internal.resource.transport.http.HttpClientHelper] Performing HTTP GET: https://dl.google.com/dl/android/maven2/org/apache/httpcomponents/httpcomponents-parent/10/httpcomponents-parent-10.pom
2021-06-06T09:17:10.552-0500 [DEBUG] [org.apache.http.client.protocol.RequestAddCookies] CookieSpec selected: default
2021-06-06T09:17:10.552-0500 [DEBUG] [org.apache.http.client.protocol.RequestAuthCache] Auth cache not set in the context
2021-06-06T09:17:10.552-0500 [DEBUG] [org.apache.http.impl.conn.PoolingHttpClientConnectionManager] Connection request: [route: {s}->https://dl.google.com:443][total kept alive: 8; route allocated: 8 of 20; total allocated: 8 of 20]
2021-06-06T09:17:10.553-0500 [DEBUG] [org.apache.http.impl.conn.PoolingHttpClientConnectionManager] Connection leased: [id: 8][route: {s}->https://dl.google.com:443][total kept alive: 7; route allocated: 8 of 20; total allocated: 8 of 20]
2021-06-06T09:17:10.553-0500 [DEBUG] [org.apache.http.impl.conn.DefaultManagedHttpClientConnection] http-outgoing-8: set socket timeout to 30000
2021-06-06T09:17:10.553-0500 [DEBUG] [org.apache.http.impl.conn.DefaultManagedHttpClientConnection] http-outgoing-8: set socket timeout to 30000
2021-06-06T09:17:10.553-0500 [DEBUG] [org.apache.http.impl.execchain.MainClientExec] Executing request GET /dl/android/maven2/org/apache/httpcomponents/httpcomponents-parent/10/httpcomponents-parent-10.pom HTTP/1.1
2021-06-06T09:17:10.553-0500 [DEBUG] [org.apache.http.impl.execchain.MainClientExec] Target auth state: UNCHALLENGED
2021-06-06T09:17:10.553-0500 [DEBUG] [org.apache.http.impl.execchain.MainClientExec] Proxy auth state: UNCHALLENGED
2021-06-06T09:17:10.553-0500 [DEBUG] [org.gradle.api.internal.artifacts.ivyservice.ivyresolve.RepositoryChainComponentMetaDataResolver] Attempting to resolve component for org.apache.httpcomponents:httpcomponents-parent:10 using repositories [Google, MavenRepo]
2021-06-06T09:17:10.554-0500 [DEBUG] [org.gradle.api.internal.artifacts.repositories.resolver.DefaultExternalResourceArtifactResolver] Loading https://dl.google.com/dl/android/maven2/org/apache/httpcomponents/httpcomponents-parent/10/httpcomponents-parent-10.pom
2021-06-06T09:17:10.591-0500 [DEBUG] [org.apache.http.impl.execchain.MainClientExec] Connection can be kept alive indefinitely
2021-06-06T09:17:10.591-0500 [DEBUG] [org.apache.http.impl.conn.PoolingHttpClientConnectionManager] Connection [id: 8][route: {s}->https://dl.google.com:443] can be kept alive indefinitely
2021-06-06T09:17:10.591-0500 [DEBUG] [org.apache.http.impl.conn.DefaultManagedHttpClientConnection] http-outgoing-8: set socket timeout to 0
2021-06-06T09:17:10.591-0500 [DEBUG] [org.apache.http.impl.conn.PoolingHttpClientConnectionManager] Connection released: [id: 8][route: {s}->https://dl.google.com:443][total kept alive: 8; route allocated: 8 of 20; total allocated: 8 of 20]
2021-06-06T09:17:10.591-0500 [INFO] [org.gradle.internal.resource.transport.http.HttpClientHelper] Resource missing. [HTTP GET: https://dl.google.com/dl/android/maven2/org/apache/httpcomponents/httpcomponents-parent/10/httpcomponents-parent-10.pom]
2021-06-06T09:17:10.591-0500 [DEBUG] [org.gradle.internal.operations.DefaultBuildOperationRunner] Build operation 'Download https://dl.google.com/dl/android/maven2/org/apache/httpcomponents/httpcomponents-parent/10/httpcomponents-parent-10.pom' completed
2021-06-06T09:17:10.592-0500 [DEBUG] [org.gradle.api.internal.artifacts.repositories.resolver.ExternalResourceResolver] No meta-data file or artifact found for module 'org.apache.httpcomponents:httpcomponents-parent:10' in repository 'Google'.
2021-06-06T09:17:10.592-0500 [DEBUG] [org.gradle.internal.resource.transfer.DefaultCacheAwareExternalResourceAccessor] Constructing external resource: https://dl.google.com/dl/android/maven2/org/apache/httpcomponents/httpcomponents-parent/10/httpcomponents-parent-10.pom
2021-06-06T09:17:10.592-0500 [DEBUG] [org.gradle.api.internal.artifacts.ivyservice.modulecache.PersistentModuleMetadataCache] Recording absence of module descriptor in cache: org.apache.httpcomponents:httpcomponents-parent:10 [changing = false]
2021-06-06T09:17:10.592-0500 [DEBUG] [org.gradle.api.internal.artifacts.repositories.resolver.DefaultExternalResourceArtifactResolver] Loading https://repo.maven.apache.org/maven2/org/apache/httpcomponents/httpcomponents-parent/10/httpcomponents-parent-10.pom
2021-06-06T09:17:10.592-0500 [DEBUG] [org.gradle.internal.resource.transfer.DefaultCacheAwareExternalResourceAccessor] Constructing external resource: https://repo.maven.apache.org/maven2/org/apache/httpcomponents/httpcomponents-parent/10/httpcomponents-parent-10.pom
2021-06-06T09:17:10.593-0500 [DEBUG] [org.gradle.internal.resource.transport.http.HttpResourceAccessor] Constructing external resource: https://dl.google.com/dl/android/maven2/org/apache/httpcomponents/httpcomponents-parent/10/httpcomponents-parent-10.pom
2021-06-06T09:17:10.593-0500 [DEBUG] [org.gradle.internal.resource.transport.http.HttpClientHelper] Performing HTTP GET: https://dl.google.com/dl/android/maven2/org/apache/httpcomponents/httpcomponents-parent/10/httpcomponents-parent-10.pom
2021-06-06T09:17:10.594-0500 [DEBUG] [org.gradle.internal.resource.transport.http.HttpResourceAccessor] Constructing external resource: https://repo.maven.apache.org/maven2/org/apache/httpcomponents/httpcomponents-parent/10/httpcomponents-parent-10.pom
2021-06-06T09:17:10.594-0500 [DEBUG] [org.apache.http.client.protocol.RequestAddCookies] CookieSpec selected: default
2021-06-06T09:17:10.594-0500 [DEBUG] [org.gradle.internal.resource.transport.http.HttpClientHelper] Performing HTTP GET: https://repo.maven.apache.org/maven2/org/apache/httpcomponents/httpcomponents-parent/10/httpcomponents-parent-10.pom
2021-06-06T09:17:10.594-0500 [DEBUG] [org.apache.http.client.protocol.RequestAuthCache] Auth cache not set in the context
2021-06-06T09:17:10.594-0500 [DEBUG] [org.apache.http.impl.conn.PoolingHttpClientConnectionManager] Connection request: [route: {s}->https://dl.google.com:443][total kept alive: 8; route allocated: 8 of 20; total allocated: 8 of 20]
2021-06-06T09:17:10.594-0500 [DEBUG] [org.apache.http.client.protocol.RequestAddCookies] CookieSpec selected: default
2021-06-06T09:17:10.594-0500 [DEBUG] [org.apache.http.impl.conn.PoolingHttpClientConnectionManager] Connection leased: [id: 8][route: {s}->https://dl.google.com:443][total kept alive: 7; route allocated: 8 of 20; total allocated: 8 of 20]
2021-06-06T09:17:10.594-0500 [DEBUG] [org.apache.http.client.protocol.RequestAuthCache] Auth cache not set in the context
2021-06-06T09:17:10.594-0500 [DEBUG] [org.apache.http.impl.conn.DefaultManagedHttpClientConnection] http-outgoing-8: set socket timeout to 30000
2021-06-06T09:17:10.594-0500 [DEBUG] [org.apache.http.impl.conn.PoolingHttpClientConnectionManager] Connection request: [route: {s}->https://repo.maven.apache.org:443][total kept alive: 8; route allocated: 8 of 20; total allocated: 8 of 20]
2021-06-06T09:17:10.594-0500 [DEBUG] [org.apache.http.impl.conn.DefaultManagedHttpClientConnection] http-outgoing-8: set socket timeout to 30000
2021-06-06T09:17:10.594-0500 [DEBUG] [org.apache.http.impl.conn.PoolingHttpClientConnectionManager] Connection leased: [id: 12][route: {s}->https://repo.maven.apache.org:443][total kept alive: 7; route allocated: 8 of 20; total allocated: 8 of 20]
2021-06-06T09:17:10.595-0500 [DEBUG] [org.apache.http.impl.conn.DefaultManagedHttpClientConnection] http-outgoing-12: set socket timeout to 30000
2021-06-06T09:17:10.595-0500 [DEBUG] [org.apache.http.impl.execchain.MainClientExec] Executing request GET /dl/android/maven2/org/apache/httpcomponents/httpcomponents-parent/10/httpcomponents-parent-10.pom HTTP/1.1
2021-06-06T09:17:10.595-0500 [DEBUG] [org.apache.http.impl.execchain.MainClientExec] Target auth state: UNCHALLENGED
2021-06-06T09:17:10.595-0500 [DEBUG] [org.apache.http.impl.execchain.MainClientExec] Proxy auth state: UNCHALLENGED
2021-06-06T09:17:10.595-0500 [DEBUG] [org.apache.http.impl.conn.DefaultManagedHttpClientConnection] http-outgoing-12: set socket timeout to 30000
2021-06-06T09:17:10.595-0500 [DEBUG] [org.apache.http.impl.execchain.MainClientExec] Executing request GET /maven2/org/apache/httpcomponents/httpcomponents-parent/10/httpcomponents-parent-10.pom HTTP/1.1
2021-06-06T09:17:10.595-0500 [DEBUG] [org.apache.http.impl.execchain.MainClientExec] Target auth state: UNCHALLENGED
2021-06-06T09:17:10.595-0500 [DEBUG] [org.apache.http.impl.execchain.MainClientExec] Proxy auth state: UNCHALLENGED
2021-06-06T09:17:10.618-0500 [DEBUG] [org.apache.http.impl.execchain.MainClientExec] Connection can be kept alive indefinitely
2021-06-06T09:17:10.618-0500 [DEBUG] [org.gradle.internal.resource.transport.http.HttpResponseResource] Attempting to download resource https://repo.maven.apache.org/maven2/org/apache/httpcomponents/httpcomponents-parent/10/httpcomponents-parent-10.pom.
2021-06-06T09:17:10.619-0500 [INFO] [org.gradle.internal.resource.transfer.DefaultCacheAwareExternalResourceAccessor] Downloading https://repo.maven.apache.org/maven2/org/apache/httpcomponents/httpcomponents-parent/10/httpcomponents-parent-10.pom to C:\Users\gathi\AppData\Local\Temp\gradle_download551073827477359923bin
2021-06-06T09:17:10.624-0500 [DEBUG] [org.apache.http.impl.conn.PoolingHttpClientConnectionManager] Connection [id: 12][route: {s}->https://repo.maven.apache.org:443] can be kept alive indefinitely
2021-06-06T09:17:10.624-0500 [DEBUG] [org.apache.http.impl.conn.DefaultManagedHttpClientConnection] http-outgoing-12: set socket timeout to 0
2021-06-06T09:17:10.624-0500 [DEBUG] [org.apache.http.impl.conn.PoolingHttpClientConnectionManager] Connection released: [id: 12][route: {s}->https://repo.maven.apache.org:443][total kept alive: 8; route allocated: 8 of 20; total allocated: 8 of 20]
2021-06-06T09:17:10.624-0500 [DEBUG] [org.gradle.internal.operations.DefaultBuildOperationRunner] Build operation 'Download https://repo.maven.apache.org/maven2/org/apache/httpcomponents/httpcomponents-parent/10/httpcomponents-parent-10.pom' completed
2021-06-06T09:17:10.634-0500 [DEBUG] [org.apache.http.impl.execchain.MainClientExec] Connection can be kept alive indefinitely
2021-06-06T09:17:10.634-0500 [DEBUG] [org.apache.http.impl.conn.PoolingHttpClientConnectionManager] Connection [id: 8][route: {s}->https://dl.google.com:443] can be kept alive indefinitely
2021-06-06T09:17:10.634-0500 [DEBUG] [org.apache.http.impl.conn.DefaultManagedHttpClientConnection] http-outgoing-8: set socket timeout to 0
2021-06-06T09:17:10.634-0500 [DEBUG] [org.apache.http.impl.conn.PoolingHttpClientConnectionManager] Connection released: [id: 8][route: {s}->https://dl.google.com:443][total kept alive: 8; route allocated: 8 of 20; total allocated: 8 of 20]
2021-06-06T09:17:10.634-0500 [INFO] [org.gradle.internal.resource.transport.http.HttpClientHelper] Resource missing. [HTTP GET: https://dl.google.com/dl/android/maven2/org/apache/httpcomponents/httpcomponents-parent/10/httpcomponents-parent-10.pom]
2021-06-06T09:17:10.634-0500 [DEBUG] [org.gradle.internal.operations.DefaultBuildOperationRunner] Build operation 'Download https://dl.google.com/dl/android/maven2/org/apache/httpcomponents/httpcomponents-parent/10/httpcomponents-parent-10.pom' completed
2021-06-06T09:17:10.634-0500 [DEBUG] [org.gradle.api.internal.artifacts.repositories.resolver.ExternalResourceResolver] No meta-data file or artifact found for module 'org.apache.httpcomponents:httpcomponents-parent:10' in repository 'Google'.
2021-06-06T09:17:10.634-0500 [DEBUG] [org.gradle.api.internal.artifacts.ivyservice.ivyresolve.RepositoryChainComponentMetaDataResolver] Attempting to resolve component for org.apache:apache:18 using repositories [Google, MavenRepo]
2021-06-06T09:17:10.634-0500 [DEBUG] [org.gradle.api.internal.artifacts.ivyservice.modulecache.PersistentModuleMetadataCache] Recording absence of module descriptor in cache: org.apache.httpcomponents:httpcomponents-parent:10 [changing = false]
2021-06-06T09:17:10.634-0500 [DEBUG] [org.gradle.internal.resource.transfer.DefaultCacheAwareExternalResourceAccessor] Constructing external resource: https://dl.google.com/dl/android/maven2/org/apache/httpcomponents/httpcomponents-parent/10/httpcomponents-parent-10.pom
2021-06-06T09:17:10.635-0500 [DEBUG] [org.gradle.api.internal.artifacts.repositories.resolver.DefaultExternalResourceArtifactResolver] Loading https://dl.google.com/dl/android/maven2/org/apache/apache/18/apache-18.pom
2021-06-06T09:17:10.635-0500 [DEBUG] [org.gradle.api.internal.artifacts.repositories.resolver.DefaultExternalResourceArtifactResolver] Loading https://repo.maven.apache.org/maven2/org/apache/httpcomponents/httpcomponents-parent/10/httpcomponents-parent-10.pom
2021-06-06T09:17:10.635-0500 [DEBUG] [org.gradle.internal.resource.transfer.DefaultCacheAwareExternalResourceAccessor] Constructing external resource: https://repo.maven.apache.org/maven2/org/apache/httpcomponents/httpcomponents-parent/10/httpcomponents-parent-10.pom
2021-06-06T09:17:10.635-0500 [DEBUG] [org.gradle.internal.resource.transfer.DefaultCacheAwareExternalResourceAccessor] Constructing external resource: https://dl.google.com/dl/android/maven2/org/apache/apache/18/apache-18.pom
2021-06-06T09:17:10.636-0500 [DEBUG] [org.gradle.internal.resource.transport.http.HttpResourceAccessor] Constructing external resource metadata: https://dl.google.com/dl/android/maven2/org/apache/httpcomponents/httpcomponents-parent/10/httpcomponents-parent-10.pom
2021-06-06T09:17:10.637-0500 [DEBUG] [org.gradle.internal.resource.transport.http.HttpClientHelper] Performing HTTP HEAD: https://dl.google.com/dl/android/maven2/org/apache/httpcomponents/httpcomponents-parent/10/httpcomponents-parent-10.pom
2021-06-06T09:17:10.637-0500 [DEBUG] [org.apache.http.client.protocol.RequestAddCookies] CookieSpec selected: default
2021-06-06T09:17:10.637-0500 [DEBUG] [org.apache.http.client.protocol.RequestAuthCache] Auth cache not set in the context
2021-06-06T09:17:10.637-0500 [DEBUG] [org.apache.http.impl.conn.PoolingHttpClientConnectionManager] Connection request: [route: {s}->https://dl.google.com:443][total kept alive: 8; route allocated: 8 of 20; total allocated: 8 of 20]
2021-06-06T09:17:10.637-0500 [DEBUG] [org.apache.http.impl.conn.PoolingHttpClientConnectionManager] Connection leased: [id: 8][route: {s}->https://dl.google.com:443][total kept alive: 7; route allocated: 8 of 20; total allocated: 8 of 20]
2021-06-06T09:17:10.637-0500 [DEBUG] [org.apache.http.impl.conn.DefaultManagedHttpClientConnection] http-outgoing-8: set socket timeout to 30000
2021-06-06T09:17:10.637-0500 [DEBUG] [org.apache.http.impl.conn.DefaultManagedHttpClientConnection] http-outgoing-8: set socket timeout to 30000
2021-06-06T09:17:10.637-0500 [DEBUG] [org.apache.http.impl.execchain.MainClientExec] Executing request HEAD /dl/android/maven2/org/apache/httpcomponents/httpcomponents-parent/10/httpcomponents-parent-10.pom HTTP/1.1
2021-06-06T09:17:10.638-0500 [DEBUG] [org.apache.http.impl.execchain.MainClientExec] Target auth state: UNCHALLENGED
2021-06-06T09:17:10.638-0500 [DEBUG] [org.apache.http.impl.execchain.MainClientExec] Proxy auth state: UNCHALLENGED
2021-06-06T09:17:10.638-0500 [DEBUG] [org.gradle.internal.resource.transport.http.HttpResourceAccessor] Constructing external resource metadata: https://dl.google.com/dl/android/maven2/org/apache/apache/18/apache-18.pom
2021-06-06T09:17:10.638-0500 [DEBUG] [org.gradle.internal.resource.transport.http.HttpClientHelper] Performing HTTP HEAD: https://dl.google.com/dl/android/maven2/org/apache/apache/18/apache-18.pom
2021-06-06T09:17:10.638-0500 [DEBUG] [org.apache.http.client.protocol.RequestAddCookies] CookieSpec selected: default
2021-06-06T09:17:10.638-0500 [DEBUG] [org.apache.http.client.protocol.RequestAuthCache] Auth cache not set in the context
2021-06-06T09:17:10.638-0500 [DEBUG] [org.apache.http.impl.conn.PoolingHttpClientConnectionManager] Connection request: [route: {s}->https://dl.google.com:443][total kept alive: 7; route allocated: 8 of 20; total allocated: 8 of 20]
2021-06-06T09:17:10.639-0500 [DEBUG] [org.apache.http.impl.conn.PoolingHttpClientConnectionManager] Connection leased: [id: 4][route: {s}->https://dl.google.com:443][total kept alive: 6; route allocated: 8 of 20; total allocated: 8 of 20]
2021-06-06T09:17:10.639-0500 [DEBUG] [org.apache.http.impl.conn.DefaultManagedHttpClientConnection] http-outgoing-4: set socket timeout to 30000
2021-06-06T09:17:10.639-0500 [DEBUG] [org.apache.http.impl.conn.DefaultManagedHttpClientConnection] http-outgoing-4: set socket timeout to 30000
2021-06-06T09:17:10.639-0500 [DEBUG] [org.apache.http.impl.execchain.MainClientExec] Executing request HEAD /dl/android/maven2/org/apache/apache/18/apache-18.pom HTTP/1.1
2021-06-06T09:17:10.639-0500 [DEBUG] [org.apache.http.impl.execchain.MainClientExec] Target auth state: UNCHALLENGED
2021-06-06T09:17:10.639-0500 [DEBUG] [org.apache.http.impl.execchain.MainClientExec] Proxy auth state: UNCHALLENGED
2021-06-06T09:17:10.639-0500 [DEBUG] [org.gradle.api.internal.artifacts.ivyservice.ivyresolve.RepositoryChainComponentMetaDataResolver] Attempting to resolve component for org.apache:apache:18 using repositories [Google, MavenRepo]
2021-06-06T09:17:10.640-0500 [DEBUG] [org.gradle.api.internal.artifacts.repositories.resolver.DefaultExternalResourceArtifactResolver] Loading https://dl.google.com/dl/android/maven2/org/apache/apache/18/apache-18.pom
2021-06-06T09:17:10.674-0500 [DEBUG] [org.apache.http.impl.execchain.MainClientExec] Connection can be kept alive indefinitely
2021-06-06T09:17:10.675-0500 [DEBUG] [org.apache.http.impl.conn.PoolingHttpClientConnectionManager] Connection [id: 8][route: {s}->https://dl.google.com:443] can be kept alive indefinitely
2021-06-06T09:17:10.675-0500 [DEBUG] [org.apache.http.impl.conn.DefaultManagedHttpClientConnection] http-outgoing-8: set socket timeout to 0
2021-06-06T09:17:10.675-0500 [DEBUG] [org.apache.http.impl.conn.PoolingHttpClientConnectionManager] Connection released: [id: 8][route: {s}->https://dl.google.com:443][total kept alive: 7; route allocated: 8 of 20; total allocated: 8 of 20]
2021-06-06T09:17:10.675-0500 [INFO] [org.gradle.internal.resource.transport.http.HttpClientHelper] Resource missing. [HTTP HEAD: https://dl.google.com/dl/android/maven2/org/apache/httpcomponents/httpcomponents-parent/10/httpcomponents-parent-10.pom]
2021-06-06T09:17:10.675-0500 [DEBUG] [org.gradle.internal.operations.DefaultBuildOperationRunner] Build operation 'Metadata of https://dl.google.com/dl/android/maven2/org/apache/httpcomponents/httpcomponents-parent/10/httpcomponents-parent-10.pom' completed
2021-06-06T09:17:10.675-0500 [DEBUG] [org.gradle.api.internal.artifacts.repositories.resolver.ExternalResourceResolver] No meta-data file or artifact found for module 'org.apache.httpcomponents:httpcomponents-parent:10' in repository 'Google'.
2021-06-06T09:17:10.675-0500 [DEBUG] [org.gradle.api.internal.artifacts.ivyservice.modulecache.PersistentModuleMetadataCache] Recording absence of module descriptor in cache: org.apache.httpcomponents:httpcomponents-parent:10 [changing = false]
2021-06-06T09:17:10.675-0500 [DEBUG] [org.gradle.api.internal.artifacts.repositories.resolver.DefaultExternalResourceArtifactResolver] Loading https://repo.maven.apache.org/maven2/org/apache/httpcomponents/httpcomponents-parent/10/httpcomponents-parent-10.pom
2021-06-06T09:17:10.676-0500 [DEBUG] [org.gradle.internal.resource.transfer.DefaultCacheAwareExternalResourceAccessor] Constructing external resource: https://repo.maven.apache.org/maven2/org/apache/httpcomponents/httpcomponents-parent/10/httpcomponents-parent-10.pom
2021-06-06T09:17:10.679-0500 [DEBUG] [org.apache.http.impl.execchain.MainClientExec] Connection can be kept alive indefinitely
2021-06-06T09:17:10.679-0500 [DEBUG] [org.apache.http.impl.conn.PoolingHttpClientConnectionManager] Connection [id: 4][route: {s}->https://dl.google.com:443] can be kept alive indefinitely
2021-06-06T09:17:10.679-0500 [DEBUG] [org.apache.http.impl.conn.DefaultManagedHttpClientConnection] http-outgoing-4: set socket timeout to 0
2021-06-06T09:17:10.679-0500 [DEBUG] [org.gradle.api.internal.artifacts.ivyservice.ivyresolve.RepositoryChainComponentMetaDataResolver] Attempting to resolve component for org.apache:apache:18 using repositories [Google, MavenRepo]
2021-06-06T09:17:10.679-0500 [DEBUG] [org.apache.http.impl.conn.PoolingHttpClientConnectionManager] Connection released: [id: 4][route: {s}->https://dl.google.com:443][total kept alive: 8; route allocated: 8 of 20; total allocated: 8 of 20]
2021-06-06T09:17:10.679-0500 [DEBUG] [org.gradle.api.internal.artifacts.repositories.resolver.DefaultExternalResourceArtifactResolver] Loading https://dl.google.com/dl/android/maven2/org/apache/apache/18/apache-18.pom
2021-06-06T09:17:10.679-0500 [INFO] [org.gradle.internal.resource.transport.http.HttpClientHelper] Resource missing. [HTTP HEAD: https://dl.google.com/dl/android/maven2/org/apache/apache/18/apache-18.pom]
2021-06-06T09:17:10.680-0500 [DEBUG] [org.gradle.internal.operations.DefaultBuildOperationRunner] Build operation 'Metadata of https://dl.google.com/dl/android/maven2/org/apache/apache/18/apache-18.pom' completed
2021-06-06T09:17:10.680-0500 [DEBUG] [org.gradle.api.internal.artifacts.repositories.resolver.ExternalResourceResolver] No meta-data file or artifact found for module 'org.apache:apache:18' in repository 'Google'.
2021-06-06T09:17:10.680-0500 [DEBUG] [org.gradle.api.internal.artifacts.ivyservice.modulecache.PersistentModuleMetadataCache] Recording absence of module descriptor in cache: org.apache:apache:18 [changing = false]
2021-06-06T09:17:10.680-0500 [DEBUG] [org.gradle.internal.resource.transfer.DefaultCacheAwareExternalResourceAccessor] Constructing external resource: https://dl.google.com/dl/android/maven2/org/apache/apache/18/apache-18.pom
2021-06-06T09:17:10.680-0500 [DEBUG] [org.gradle.api.internal.artifacts.repositories.resolver.DefaultExternalResourceArtifactResolver] Loading https://repo.maven.apache.org/maven2/org/apache/apache/18/apache-18.pom
2021-06-06T09:17:10.680-0500 [DEBUG] [org.gradle.internal.resource.transfer.DefaultCacheAwareExternalResourceAccessor] Constructing external resource: https://repo.maven.apache.org/maven2/org/apache/apache/18/apache-18.pom
2021-06-06T09:17:10.681-0500 [DEBUG] [org.gradle.internal.resource.transport.http.HttpResourceAccessor] Constructing external resource metadata: https://dl.google.com/dl/android/maven2/org/apache/apache/18/apache-18.pom
2021-06-06T09:17:10.681-0500 [DEBUG] [org.gradle.internal.resource.transport.http.HttpClientHelper] Performing HTTP HEAD: https://dl.google.com/dl/android/maven2/org/apache/apache/18/apache-18.pom
2021-06-06T09:17:10.682-0500 [DEBUG] [org.gradle.internal.resource.transport.http.HttpResourceAccessor] Constructing external resource metadata: https://repo.maven.apache.org/maven2/org/apache/apache/18/apache-18.pom
2021-06-06T09:17:10.682-0500 [DEBUG] [org.apache.http.client.protocol.RequestAddCookies] CookieSpec selected: default
2021-06-06T09:17:10.682-0500 [DEBUG] [org.gradle.internal.resource.transport.http.HttpClientHelper] Performing HTTP HEAD: https://repo.maven.apache.org/maven2/org/apache/apache/18/apache-18.pom
2021-06-06T09:17:10.682-0500 [DEBUG] [org.apache.http.client.protocol.RequestAuthCache] Auth cache not set in the context
2021-06-06T09:17:10.682-0500 [DEBUG] [org.apache.http.client.protocol.RequestAddCookies] CookieSpec selected: default
2021-06-06T09:17:10.682-0500 [DEBUG] [org.apache.http.client.protocol.RequestAuthCache] Auth cache not set in the context
2021-06-06T09:17:10.682-0500 [DEBUG] [org.apache.http.impl.conn.PoolingHttpClientConnectionManager] Connection request: [route: {s}->https://repo.maven.apache.org:443][total kept alive: 8; route allocated: 8 of 20; total allocated: 8 of 20]
2021-06-06T09:17:10.682-0500 [DEBUG] [org.apache.http.impl.conn.PoolingHttpClientConnectionManager] Connection leased: [id: 12][route: {s}->https://repo.maven.apache.org:443][total kept alive: 7; route allocated: 8 of 20; total allocated: 8 of 20]
2021-06-06T09:17:10.682-0500 [DEBUG] [org.apache.http.impl.conn.DefaultManagedHttpClientConnection] http-outgoing-12: set socket timeout to 30000
2021-06-06T09:17:10.683-0500 [DEBUG] [org.apache.http.impl.conn.DefaultManagedHttpClientConnection] http-outgoing-12: set socket timeout to 30000
2021-06-06T09:17:10.683-0500 [DEBUG] [org.apache.http.impl.execchain.MainClientExec] Executing request HEAD /maven2/org/apache/apache/18/apache-18.pom HTTP/1.1
2021-06-06T09:17:10.683-0500 [DEBUG] [org.apache.http.impl.execchain.MainClientExec] Target auth state: UNCHALLENGED
2021-06-06T09:17:10.683-0500 [DEBUG] [org.apache.http.impl.execchain.MainClientExec] Proxy auth state: UNCHALLENGED
2021-06-06T09:17:10.682-0500 [DEBUG] [org.apache.http.impl.conn.PoolingHttpClientConnectionManager] Connection request: [route: {s}->https://dl.google.com:443][total kept alive: 8; route allocated: 8 of 20; total allocated: 8 of 20]
2021-06-06T09:17:10.683-0500 [DEBUG] [org.apache.http.impl.conn.PoolingHttpClientConnectionManager] Connection leased: [id: 4][route: {s}->https://dl.google.com:443][total kept alive: 7; route allocated: 8 of 20; total allocated: 8 of 20]
2021-06-06T09:17:10.683-0500 [DEBUG] [org.apache.http.impl.conn.DefaultManagedHttpClientConnection] http-outgoing-4: set socket timeout to 30000
2021-06-06T09:17:10.683-0500 [DEBUG] [org.apache.http.impl.conn.DefaultManagedHttpClientConnection] http-outgoing-4: set socket timeout to 30000
2021-06-06T09:17:10.683-0500 [DEBUG] [org.apache.http.impl.execchain.MainClientExec] Executing request HEAD /dl/android/maven2/org/apache/apache/18/apache-18.pom HTTP/1.1
2021-06-06T09:17:10.683-0500 [DEBUG] [org.apache.http.impl.execchain.MainClientExec] Target auth state: UNCHALLENGED
2021-06-06T09:17:10.683-0500 [DEBUG] [org.apache.http.impl.execchain.MainClientExec] Proxy auth state: UNCHALLENGED
2021-06-06T09:17:10.700-0500 [DEBUG] [org.apache.http.impl.execchain.MainClientExec] Connection can be kept alive indefinitely
2021-06-06T09:17:10.700-0500 [DEBUG] [org.apache.http.impl.conn.PoolingHttpClientConnectionManager] Connection [id: 12][route: {s}->https://repo.maven.apache.org:443] can be kept alive indefinitely
2021-06-06T09:17:10.700-0500 [DEBUG] [org.apache.http.impl.conn.DefaultManagedHttpClientConnection] http-outgoing-12: set socket timeout to 0
2021-06-06T09:17:10.700-0500 [DEBUG] [org.apache.http.impl.conn.PoolingHttpClientConnectionManager] Connection released: [id: 12][route: {s}->https://repo.maven.apache.org:443][total kept alive: 8; route allocated: 8 of 20; total allocated: 8 of 20]
2021-06-06T09:17:10.701-0500 [DEBUG] [org.gradle.internal.operations.DefaultBuildOperationRunner] Build operation 'Metadata of https://repo.maven.apache.org/maven2/org/apache/apache/18/apache-18.pom' completed
2021-06-06T09:17:10.702-0500 [INFO] [org.gradle.internal.resource.transfer.DefaultCacheAwareExternalResourceAccessor] Found locally available resource with matching checksum: [https://repo.maven.apache.org/maven2/org/apache/apache/18/apache-18.pom, C:\Users\gathi\.m2\repository\org\apache\apache\18\apache-18.pom]
2021-06-06T09:17:10.713-0500 [DEBUG] [org.gradle.api.internal.artifacts.repositories.resolver.ExternalResourceResolver] Metadata file found for module 'org.apache:apache:18' in repository 'MavenRepo'.
2021-06-06T09:17:10.714-0500 [DEBUG] [org.gradle.api.internal.artifacts.ivyservice.modulecache.PersistentModuleMetadataCache] Recording module descriptor in cache: org.apache:apache:18 [changing = false]
2021-06-06T09:17:10.717-0500 [DEBUG] [org.gradle.api.internal.artifacts.ivyservice.ivyresolve.RepositoryChainComponentMetaDataResolver] Using org.apache:apache:18 from Maven repository 'MavenRepo'
2021-06-06T09:17:10.718-0500 [DEBUG] [org.gradle.api.internal.artifacts.repositories.resolver.DefaultExternalResourceArtifactResolver] Loading https://repo.maven.apache.org/maven2/org/apache/apache/18/apache-18.pom
2021-06-06T09:17:10.718-0500 [DEBUG] [org.gradle.internal.resource.transfer.DefaultCacheAwareExternalResourceAccessor] Constructing external resource: https://repo.maven.apache.org/maven2/org/apache/apache/18/apache-18.pom
2021-06-06T09:17:10.718-0500 [DEBUG] [org.gradle.api.internal.artifacts.ivyservice.ivyresolve.CachingModuleComponentRepository] Downloaded artifact 'apache-18.pom (org.apache:apache:18)' from resolver: MavenRepo
2021-06-06T09:17:10.722-0500 [DEBUG] [org.gradle.api.internal.artifacts.repositories.resolver.ExternalResourceResolver] Metadata file found for module 'org.apache.httpcomponents:httpcomponents-parent:10' in repository 'MavenRepo'.
2021-06-06T09:17:10.722-0500 [DEBUG] [org.gradle.api.internal.artifacts.ivyservice.modulecache.PersistentModuleMetadataCache] Recording module descriptor in cache: org.apache.httpcomponents:httpcomponents-parent:10 [changing = false]
2021-06-06T09:17:10.726-0500 [DEBUG] [org.gradle.api.internal.artifacts.ivyservice.ivyresolve.RepositoryChainComponentMetaDataResolver] Using org.apache.httpcomponents:httpcomponents-parent:10 from Maven repository 'MavenRepo'
2021-06-06T09:17:10.726-0500 [DEBUG] [org.gradle.api.internal.artifacts.repositories.resolver.DefaultExternalResourceArtifactResolver] Loading https://repo.maven.apache.org/maven2/org/apache/httpcomponents/httpcomponents-parent/10/httpcomponents-parent-10.pom
2021-06-06T09:17:10.727-0500 [DEBUG] [org.gradle.internal.resource.transfer.DefaultCacheAwareExternalResourceAccessor] Constructing external resource: https://repo.maven.apache.org/maven2/org/apache/httpcomponents/httpcomponents-parent/10/httpcomponents-parent-10.pom
2021-06-06T09:17:10.727-0500 [DEBUG] [org.gradle.api.internal.artifacts.ivyservice.ivyresolve.CachingModuleComponentRepository] Downloaded artifact 'httpcomponents-parent-10.pom (org.apache.httpcomponents:httpcomponents-parent:10)' from resolver: MavenRepo
2021-06-06T09:17:10.732-0500 [DEBUG] [org.gradle.api.internal.artifacts.ivyservice.ivyresolve.RepositoryChainComponentMetaDataResolver] Attempting to resolve component for org.apache:apache:18 using repositories [Google, MavenRepo]
2021-06-06T09:17:10.732-0500 [DEBUG] [org.gradle.api.internal.artifacts.ivyservice.ivyresolve.CachingModuleComponentRepository] Detected non-existence of module 'org.apache:apache:18' in resolver cache 'Google'
2021-06-06T09:17:10.732-0500 [DEBUG] [org.gradle.api.internal.artifacts.ivyservice.ivyresolve.CachingModuleComponentRepository] Using cached module metadata for module 'org.apache:apache:18' in 'MavenRepo'
2021-06-06T09:17:10.733-0500 [DEBUG] [org.gradle.api.internal.artifacts.ivyservice.ivyresolve.RepositoryChainComponentMetaDataResolver] Using org.apache:apache:18 from Maven repository 'MavenRepo'
2021-06-06T09:17:10.733-0500 [DEBUG] [org.gradle.api.internal.artifacts.ivyservice.ivyresolve.CachingModuleComponentRepository] Found artifact 'apache-18.pom (org.apache:apache:18)' in resolver cache: C:\Users\gathi\.gradle\caches\modules-2\files-2.1\org.apache\apache\18\bd408bbea3840f2c7f914b29403e39a90f84fd5f\apache-18.pom
2021-06-06T09:17:10.738-0500 [DEBUG] [org.gradle.api.internal.artifacts.repositories.resolver.ExternalResourceResolver] Metadata file found for module 'org.apache.httpcomponents:httpcomponents-client:4.5.6' in repository 'MavenRepo'.
2021-06-06T09:17:10.738-0500 [DEBUG] [org.gradle.api.internal.artifacts.ivyservice.modulecache.PersistentModuleMetadataCache] Recording module descriptor in cache: org.apache.httpcomponents:httpcomponents-client:4.5.6 [changing = false]
2021-06-06T09:17:10.784-0500 [DEBUG] [org.apache.http.impl.execchain.MainClientExec] Connection can be kept alive indefinitely
2021-06-06T09:17:10.784-0500 [DEBUG] [org.apache.http.impl.conn.PoolingHttpClientConnectionManager] Connection [id: 4][route: {s}->https://dl.google.com:443] can be kept alive indefinitely
2021-06-06T09:17:10.784-0500 [DEBUG] [org.apache.http.impl.conn.DefaultManagedHttpClientConnection] http-outgoing-4: set socket timeout to 0
2021-06-06T09:17:10.784-0500 [DEBUG] [org.apache.http.impl.conn.PoolingHttpClientConnectionManager] Connection released: [id: 4][route: {s}->https://dl.google.com:443][total kept alive: 8; route allocated: 8 of 20; total allocated: 8 of 20]
2021-06-06T09:17:10.784-0500 [INFO] [org.gradle.internal.resource.transport.http.HttpClientHelper] Resource missing. [HTTP HEAD: https://dl.google.com/dl/android/maven2/org/apache/apache/18/apache-18.pom]
2021-06-06T09:17:10.785-0500 [DEBUG] [org.gradle.internal.operations.DefaultBuildOperationRunner] Build operation 'Metadata of https://dl.google.com/dl/android/maven2/org/apache/apache/18/apache-18.pom' completed
2021-06-06T09:17:10.785-0500 [DEBUG] [org.gradle.api.internal.artifacts.repositories.resolver.ExternalResourceResolver] No meta-data file or artifact found for module 'org.apache:apache:18' in repository 'Google'.
2021-06-06T09:17:10.785-0500 [DEBUG] [org.gradle.api.internal.artifacts.ivyservice.modulecache.PersistentModuleMetadataCache] Recording absence of module descriptor in cache: org.apache:apache:18 [changing = false]
2021-06-06T09:17:10.785-0500 [DEBUG] [org.gradle.internal.resource.transfer.DefaultCacheAwareExternalResourceAccessor] Constructing external resource: https://dl.google.com/dl/android/maven2/org/apache/apache/18/apache-18.pom
2021-06-06T09:17:10.867-0500 [DEBUG] [org.gradle.api.internal.artifacts.ivyservice.ivyresolve.RepositoryChainComponentMetaDataResolver] Using org.apache.httpcomponents:httpcomponents-client:4.5.6 from Maven repository 'MavenRepo'
2021-06-06T09:17:10.867-0500 [DEBUG] [org.gradle.api.internal.artifacts.ivyservice.ivyresolve.CachingModuleComponentRepository] Using cached module metadata for module 'org.apache:apache:18' in 'MavenRepo'
2021-06-06T09:17:10.867-0500 [DEBUG] [org.gradle.api.internal.artifacts.ivyservice.ivyresolve.RepositoryChainComponentMetaDataResolver] Using org.apache:apache:18 from Maven repository 'MavenRepo'
2021-06-06T09:17:10.867-0500 [DEBUG] [org.gradle.api.internal.artifacts.repositories.resolver.DefaultExternalResourceArtifactResolver] Loading https://repo.maven.apache.org/maven2/org/apache/httpcomponents/httpcomponents-client/4.5.6/httpcomponents-client-4.5.6.pom
2021-06-06T09:17:10.867-0500 [DEBUG] [org.gradle.internal.resource.transfer.DefaultCacheAwareExternalResourceAccessor] Constructing external resource: https://repo.maven.apache.org/maven2/org/apache/httpcomponents/httpcomponents-client/4.5.6/httpcomponents-client-4.5.6.pom
2021-06-06T09:17:10.867-0500 [DEBUG] [org.gradle.api.internal.artifacts.ivyservice.ivyresolve.CachingModuleComponentRepository] Found artifact 'apache-18.pom (org.apache:apache:18)' in resolver cache: C:\Users\gathi\.gradle\caches\modules-2\files-2.1\org.apache\apache\18\bd408bbea3840f2c7f914b29403e39a90f84fd5f\apache-18.pom
2021-06-06T09:17:10.868-0500 [DEBUG] [org.gradle.api.internal.artifacts.ivyservice.ivyresolve.CachingModuleComponentRepository] Downloaded artifact 'httpcomponents-client-4.5.6.pom (org.apache.httpcomponents:httpcomponents-client:4.5.6)' from resolver: MavenRepo
2021-06-06T09:17:10.868-0500 [DEBUG] [org.gradle.internal.resource.transport.http.HttpResourceAccessor] Constructing external resource metadata: https://dl.google.com/dl/android/maven2/org/apache/apache/18/apache-18.pom
2021-06-06T09:17:10.868-0500 [DEBUG] [org.gradle.internal.resource.transport.http.HttpClientHelper] Performing HTTP HEAD: https://dl.google.com/dl/android/maven2/org/apache/apache/18/apache-18.pom
2021-06-06T09:17:10.868-0500 [DEBUG] [org.apache.http.client.protocol.RequestAddCookies] CookieSpec selected: default
2021-06-06T09:17:10.869-0500 [DEBUG] [org.apache.http.client.protocol.RequestAuthCache] Auth cache not set in the context
2021-06-06T09:17:10.869-0500 [DEBUG] [org.apache.http.impl.conn.PoolingHttpClientConnectionManager] Connection request: [route: {s}->https://dl.google.com:443][total kept alive: 8; route allocated: 8 of 20; total allocated: 8 of 20]
2021-06-06T09:17:10.869-0500 [DEBUG] [org.apache.http.impl.conn.PoolingHttpClientConnectionManager] Connection leased: [id: 4][route: {s}->https://dl.google.com:443][total kept alive: 7; route allocated: 8 of 20; total allocated: 8 of 20]
2021-06-06T09:17:10.869-0500 [DEBUG] [org.apache.http.impl.conn.DefaultManagedHttpClientConnection] http-outgoing-4: set socket timeout to 30000
2021-06-06T09:17:10.869-0500 [DEBUG] [org.apache.http.impl.conn.DefaultManagedHttpClientConnection] http-outgoing-4: set socket timeout to 30000
2021-06-06T09:17:10.869-0500 [DEBUG] [org.apache.http.impl.execchain.MainClientExec] Executing request HEAD /dl/android/maven2/org/apache/apache/18/apache-18.pom HTTP/1.1
2021-06-06T09:17:10.869-0500 [DEBUG] [org.apache.http.impl.execchain.MainClientExec] Target auth state: UNCHALLENGED
2021-06-06T09:17:10.869-0500 [DEBUG] [org.apache.http.impl.execchain.MainClientExec] Proxy auth state: UNCHALLENGED
2021-06-06T09:17:10.870-0500 [DEBUG] [org.gradle.api.internal.artifacts.repositories.resolver.ExternalResourceResolver] Metadata file found for module 'org.apache.httpcomponents:httpcomponents-parent:10' in repository 'MavenRepo'.
2021-06-06T09:17:10.871-0500 [DEBUG] [org.gradle.api.internal.artifacts.ivyservice.modulecache.PersistentModuleMetadataCache] Recording module descriptor in cache: org.apache.httpcomponents:httpcomponents-parent:10 [changing = false]
2021-06-06T09:17:10.872-0500 [DEBUG] [org.gradle.api.internal.artifacts.ivyservice.ivyresolve.RepositoryChainComponentMetaDataResolver] Attempting to resolve component for org.apache.httpcomponents:httpcomponents-parent:10 using repositories [Google, MavenRepo]
2021-06-06T09:17:10.872-0500 [DEBUG] [org.gradle.api.internal.artifacts.ivyservice.ivyresolve.CachingModuleComponentRepository] Detected non-existence of module 'org.apache.httpcomponents:httpcomponents-parent:10' in resolver cache 'Google'
2021-06-06T09:17:10.872-0500 [DEBUG] [org.gradle.api.internal.artifacts.ivyservice.ivyresolve.CachingModuleComponentRepository] Using cached module metadata for module 'org.apache.httpcomponents:httpcomponents-parent:10' in 'MavenRepo'
2021-06-06T09:17:10.872-0500 [DEBUG] [org.gradle.api.internal.artifacts.ivyservice.ivyresolve.RepositoryChainComponentMetaDataResolver] Using org.apache.httpcomponents:httpcomponents-parent:10 from Maven repository 'MavenRepo'
2021-06-06T09:17:10.872-0500 [DEBUG] [org.gradle.api.internal.artifacts.ivyservice.ivyresolve.CachingModuleComponentRepository] Found artifact 'httpcomponents-parent-10.pom (org.apache.httpcomponents:httpcomponents-parent:10)' in resolver cache: C:\Users\gathi\.gradle\caches\modules-2\files-2.1\org.apache.httpcomponents\httpcomponents-parent\10\1ba3c5940f24525444492ae12b6a1015df8a477b\httpcomponents-parent-10.pom
2021-06-06T09:17:10.874-0500 [DEBUG] [org.gradle.api.internal.artifacts.ivyservice.ivyresolve.RepositoryChainComponentMetaDataResolver] Using org.apache.httpcomponents:httpcomponents-parent:10 from Maven repository 'MavenRepo'
2021-06-06T09:17:10.874-0500 [DEBUG] [org.gradle.api.internal.artifacts.ivyservice.ivyresolve.CachingModuleComponentRepository] Found artifact 'httpcomponents-parent-10.pom (org.apache.httpcomponents:httpcomponents-parent:10)' in resolver cache: C:\Users\gathi\.gradle\caches\modules-2\files-2.1\org.apache.httpcomponents\httpcomponents-parent\10\1ba3c5940f24525444492ae12b6a1015df8a477b\httpcomponents-parent-10.pom
2021-06-06T09:17:10.876-0500 [DEBUG] [org.gradle.api.internal.artifacts.ivyservice.ivyresolve.RepositoryChainComponentMetaDataResolver] Attempting to resolve component for org.apache:apache:18 using repositories [Google, MavenRepo]
2021-06-06T09:17:10.876-0500 [DEBUG] [org.gradle.api.internal.artifacts.ivyservice.ivyresolve.CachingModuleComponentRepository] Detected non-existence of module 'org.apache:apache:18' in resolver cache 'Google'
2021-06-06T09:17:10.876-0500 [DEBUG] [org.gradle.api.internal.artifacts.ivyservice.ivyresolve.CachingModuleComponentRepository] Using cached module metadata for module 'org.apache:apache:18' in 'MavenRepo'
2021-06-06T09:17:10.876-0500 [DEBUG] [org.gradle.api.internal.artifacts.ivyservice.ivyresolve.RepositoryChainComponentMetaDataResolver] Using org.apache:apache:18 from Maven repository 'MavenRepo'
2021-06-06T09:17:10.876-0500 [DEBUG] [org.gradle.api.internal.artifacts.ivyservice.ivyresolve.RepositoryChainComponentMetaDataResolver] Attempting to resolve component for org.apache:apache:18 using repositories [Google, MavenRepo]
2021-06-06T09:17:10.876-0500 [DEBUG] [org.gradle.api.internal.artifacts.ivyservice.ivyresolve.CachingModuleComponentRepository] Found artifact 'apache-18.pom (org.apache:apache:18)' in resolver cache: C:\Users\gathi\.gradle\caches\modules-2\files-2.1\org.apache\apache\18\bd408bbea3840f2c7f914b29403e39a90f84fd5f\apache-18.pom
2021-06-06T09:17:10.876-0500 [DEBUG] [org.gradle.api.internal.artifacts.ivyservice.ivyresolve.CachingModuleComponentRepository] Detected non-existence of module 'org.apache:apache:18' in resolver cache 'Google'
2021-06-06T09:17:10.877-0500 [DEBUG] [org.gradle.api.internal.artifacts.ivyservice.ivyresolve.CachingModuleComponentRepository] Using cached module metadata for module 'org.apache:apache:18' in 'MavenRepo'
2021-06-06T09:17:10.877-0500 [DEBUG] [org.gradle.api.internal.artifacts.ivyservice.ivyresolve.RepositoryChainComponentMetaDataResolver] Using org.apache:apache:18 from Maven repository 'MavenRepo'
2021-06-06T09:17:10.877-0500 [DEBUG] [org.gradle.api.internal.artifacts.ivyservice.ivyresolve.CachingModuleComponentRepository] Found artifact 'apache-18.pom (org.apache:apache:18)' in resolver cache: C:\Users\gathi\.gradle\caches\modules-2\files-2.1\org.apache\apache\18\bd408bbea3840f2c7f914b29403e39a90f84fd5f\apache-18.pom
2021-06-06T09:17:10.880-0500 [DEBUG] [org.gradle.api.internal.artifacts.repositories.resolver.ExternalResourceResolver] Metadata file found for module 'org.apache.httpcomponents:httpcomponents-client:4.5.6' in repository 'MavenRepo'.
2021-06-06T09:17:10.880-0500 [DEBUG] [org.gradle.api.internal.artifacts.ivyservice.modulecache.PersistentModuleMetadataCache] Recording module descriptor in cache: org.apache.httpcomponents:httpcomponents-client:4.5.6 [changing = false]
2021-06-06T09:17:10.882-0500 [DEBUG] [org.gradle.api.internal.artifacts.repositories.resolver.ExternalResourceResolver] Metadata file found for module 'org.apache.httpcomponents:httpclient:4.5.6' in repository 'MavenRepo'.
2021-06-06T09:17:10.882-0500 [DEBUG] [org.gradle.api.internal.artifacts.ivyservice.modulecache.PersistentModuleMetadataCache] Recording module descriptor in cache: org.apache.httpcomponents:httpclient:4.5.6 [changing = false]
2021-06-06T09:17:10.883-0500 [DEBUG] [org.gradle.api.internal.artifacts.ivyservice.ivyresolve.RepositoryChainComponentMetaDataResolver] Using org.apache.httpcomponents:httpcomponents-client:4.5.6 from Maven repository 'MavenRepo'
2021-06-06T09:17:10.883-0500 [DEBUG] [org.gradle.api.internal.artifacts.ivyservice.ivyresolve.CachingModuleComponentRepository] Found artifact 'httpcomponents-client-4.5.6.pom (org.apache.httpcomponents:httpcomponents-client:4.5.6)' in resolver cache: C:\Users\gathi\.gradle\caches\modules-2\files-2.1\org.apache.httpcomponents\httpcomponents-client\4.5.6\135a0a91d1ad2909b08196580ef2c363932bb87e\httpcomponents-client-4.5.6.pom
2021-06-06T09:17:10.886-0500 [DEBUG] [org.gradle.api.internal.artifacts.ivyservice.ivyresolve.RepositoryChainComponentMetaDataResolver] Attempting to resolve component for org.apache.httpcomponents:httpcomponents-parent:10 using repositories [Google, MavenRepo]
2021-06-06T09:17:10.886-0500 [DEBUG] [org.gradle.api.internal.artifacts.ivyservice.ivyresolve.RepositoryChainComponentMetaDataResolver] Using org.apache.httpcomponents:httpclient:4.5.6 from Maven repository 'MavenRepo'
2021-06-06T09:17:10.886-0500 [DEBUG] [org.gradle.api.internal.artifacts.ivyservice.ivyresolve.CachingModuleComponentRepository] Detected non-existence of module 'org.apache.httpcomponents:httpcomponents-parent:10' in resolver cache 'Google'
2021-06-06T09:17:10.886-0500 [DEBUG] [org.gradle.api.internal.artifacts.ivyservice.ivyresolve.CachingModuleComponentRepository] Using cached module metadata for module 'org.apache.httpcomponents:httpcomponents-parent:10' in 'MavenRepo'
2021-06-06T09:17:10.886-0500 [DEBUG] [org.gradle.api.internal.artifacts.ivyservice.ivyresolve.RepositoryChainComponentMetaDataResolver] Using org.apache.httpcomponents:httpcomponents-parent:10 from Maven repository 'MavenRepo'
2021-06-06T09:17:10.886-0500 [DEBUG] [org.gradle.api.internal.artifacts.ivyservice.ivyresolve.CachingModuleComponentRepository] Found artifact 'httpcomponents-parent-10.pom (org.apache.httpcomponents:httpcomponents-parent:10)' in resolver cache: C:\Users\gathi\.gradle\caches\modules-2\files-2.1\org.apache.httpcomponents\httpcomponents-parent\10\1ba3c5940f24525444492ae12b6a1015df8a477b\httpcomponents-parent-10.pom
2021-06-06T09:17:10.893-0500 [DEBUG] [org.gradle.api.internal.artifacts.ivyservice.ivyresolve.RepositoryChainComponentMetaDataResolver] Attempting to resolve component for org.apache:apache:18 using repositories [Google, MavenRepo]
2021-06-06T09:17:10.893-0500 [DEBUG] [org.gradle.api.internal.artifacts.ivyservice.ivyresolve.CachingModuleComponentRepository] Detected non-existence of module 'org.apache:apache:18' in resolver cache 'Google'
2021-06-06T09:17:10.893-0500 [DEBUG] [org.gradle.api.internal.artifacts.ivyservice.ivyresolve.CachingModuleComponentRepository] Using cached module metadata for module 'org.apache:apache:18' in 'MavenRepo'
2021-06-06T09:17:10.893-0500 [DEBUG] [org.gradle.api.internal.artifacts.ivyservice.ivyresolve.RepositoryChainComponentMetaDataResolver] Using org.apache:apache:18 from Maven repository 'MavenRepo'
2021-06-06T09:17:10.893-0500 [DEBUG] [org.gradle.api.internal.artifacts.ivyservice.ivyresolve.CachingModuleComponentRepository] Found artifact 'apache-18.pom (org.apache:apache:18)' in resolver cache: C:\Users\gathi\.gradle\caches\modules-2\files-2.1\org.apache\apache\18\bd408bbea3840f2c7f914b29403e39a90f84fd5f\apache-18.pom
2021-06-06T09:17:10.897-0500 [DEBUG] [org.gradle.api.internal.artifacts.repositories.resolver.ExternalResourceResolver] Metadata file found for module 'org.apache.httpcomponents:httpmime:4.5.6' in repository 'MavenRepo'.
2021-06-06T09:17:10.898-0500 [DEBUG] [org.gradle.api.internal.artifacts.ivyservice.modulecache.PersistentModuleMetadataCache] Recording module descriptor in cache: org.apache.httpcomponents:httpmime:4.5.6 [changing = false]
2021-06-06T09:17:10.901-0500 [DEBUG] [org.gradle.api.internal.artifacts.ivyservice.ivyresolve.RepositoryChainComponentMetaDataResolver] Using org.apache.httpcomponents:httpmime:4.5.6 from Maven repository 'MavenRepo'
2021-06-06T09:17:10.926-0500 [DEBUG] [org.apache.http.impl.execchain.MainClientExec] Connection can be kept alive indefinitely
2021-06-06T09:17:10.926-0500 [DEBUG] [org.apache.http.impl.conn.PoolingHttpClientConnectionManager] Connection [id: 4][route: {s}->https://dl.google.com:443] can be kept alive indefinitely
2021-06-06T09:17:10.926-0500 [DEBUG] [org.apache.http.impl.conn.DefaultManagedHttpClientConnection] http-outgoing-4: set socket timeout to 0
2021-06-06T09:17:10.927-0500 [DEBUG] [org.apache.http.impl.conn.PoolingHttpClientConnectionManager] Connection released: [id: 4][route: {s}->https://dl.google.com:443][total kept alive: 8; route allocated: 8 of 20; total allocated: 8 of 20]
2021-06-06T09:17:10.927-0500 [INFO] [org.gradle.internal.resource.transport.http.HttpClientHelper] Resource missing. [HTTP HEAD: https://dl.google.com/dl/android/maven2/org/apache/apache/18/apache-18.pom]
2021-06-06T09:17:10.927-0500 [DEBUG] [org.gradle.internal.operations.DefaultBuildOperationRunner] Build operation 'Metadata of https://dl.google.com/dl/android/maven2/org/apache/apache/18/apache-18.pom' completed
2021-06-06T09:17:10.927-0500 [DEBUG] [org.gradle.api.internal.artifacts.repositories.resolver.ExternalResourceResolver] No meta-data file or artifact found for module 'org.apache:apache:18' in repository 'Google'.
2021-06-06T09:17:10.927-0500 [DEBUG] [org.gradle.api.internal.artifacts.ivyservice.modulecache.PersistentModuleMetadataCache] Recording absence of module descriptor in cache: org.apache:apache:18 [changing = false]
2021-06-06T09:17:10.928-0500 [DEBUG] [org.gradle.api.internal.artifacts.ivyservice.ivyresolve.CachingModuleComponentRepository] Using cached module metadata for module 'org.apache:apache:18' in 'MavenRepo'
2021-06-06T09:17:10.928-0500 [DEBUG] [org.gradle.api.internal.artifacts.ivyservice.ivyresolve.RepositoryChainComponentMetaDataResolver] Using org.apache:apache:18 from Maven repository 'MavenRepo'
2021-06-06T09:17:10.928-0500 [DEBUG] [org.gradle.api.internal.artifacts.ivyservice.ivyresolve.CachingModuleComponentRepository] Found artifact 'apache-18.pom (org.apache:apache:18)' in resolver cache: C:\Users\gathi\.gradle\caches\modules-2\files-2.1\org.apache\apache\18\bd408bbea3840f2c7f914b29403e39a90f84fd5f\apache-18.pom
2021-06-06T09:17:10.932-0500 [DEBUG] [org.gradle.api.internal.artifacts.repositories.resolver.ExternalResourceResolver] Metadata file found for module 'org.apache.httpcomponents:httpcomponents-parent:10' in repository 'MavenRepo'.
2021-06-06T09:17:10.933-0500 [DEBUG] [org.gradle.api.internal.artifacts.ivyservice.modulecache.PersistentModuleMetadataCache] Recording module descriptor in cache: org.apache.httpcomponents:httpcomponents-parent:10 [changing = false]
2021-06-06T09:17:10.935-0500 [DEBUG] [org.gradle.api.internal.artifacts.ivyservice.ivyresolve.RepositoryChainComponentMetaDataResolver] Using org.apache.httpcomponents:httpcomponents-parent:10 from Maven repository 'MavenRepo'
2021-06-06T09:17:10.936-0500 [DEBUG] [org.gradle.api.internal.artifacts.ivyservice.ivyresolve.CachingModuleComponentRepository] Found artifact 'httpcomponents-parent-10.pom (org.apache.httpcomponents:httpcomponents-parent:10)' in resolver cache: C:\Users\gathi\.gradle\caches\modules-2\files-2.1\org.apache.httpcomponents\httpcomponents-parent\10\1ba3c5940f24525444492ae12b6a1015df8a477b\httpcomponents-parent-10.pom
2021-06-06T09:17:10.938-0500 [DEBUG] [org.gradle.api.internal.artifacts.ivyservice.ivyresolve.RepositoryChainComponentMetaDataResolver] Attempting to resolve component for org.apache:apache:18 using repositories [Google, MavenRepo]
2021-06-06T09:17:10.938-0500 [DEBUG] [org.gradle.api.internal.artifacts.ivyservice.ivyresolve.CachingModuleComponentRepository] Detected non-existence of module 'org.apache:apache:18' in resolver cache 'Google'
2021-06-06T09:17:10.939-0500 [DEBUG] [org.gradle.api.internal.artifacts.ivyservice.ivyresolve.CachingModuleComponentRepository] Using cached module metadata for module 'org.apache:apache:18' in 'MavenRepo'
2021-06-06T09:17:10.939-0500 [DEBUG] [org.gradle.api.internal.artifacts.ivyservice.ivyresolve.RepositoryChainComponentMetaDataResolver] Using org.apache:apache:18 from Maven repository 'MavenRepo'
2021-06-06T09:17:10.939-0500 [DEBUG] [org.gradle.api.internal.artifacts.ivyservice.ivyresolve.CachingModuleComponentRepository] Found artifact 'apache-18.pom (org.apache:apache:18)' in resolver cache: C:\Users\gathi\.gradle\caches\modules-2\files-2.1\org.apache\apache\18\bd408bbea3840f2c7f914b29403e39a90f84fd5f\apache-18.pom
2021-06-06T09:17:10.943-0500 [DEBUG] [org.gradle.api.internal.artifacts.repositories.resolver.ExternalResourceResolver] Metadata file found for module 'org.apache.httpcomponents:httpcomponents-core:4.4.10' in repository 'MavenRepo'.
2021-06-06T09:17:10.943-0500 [DEBUG] [org.gradle.api.internal.artifacts.ivyservice.modulecache.PersistentModuleMetadataCache] Recording module descriptor in cache: org.apache.httpcomponents:httpcomponents-core:4.4.10 [changing = false]
2021-06-06T09:17:10.947-0500 [DEBUG] [org.gradle.api.internal.artifacts.ivyservice.ivyresolve.RepositoryChainComponentMetaDataResolver] Using org.apache.httpcomponents:httpcomponents-core:4.4.10 from Maven repository 'MavenRepo'
2021-06-06T09:17:10.947-0500 [DEBUG] [org.gradle.api.internal.artifacts.repositories.resolver.DefaultExternalResourceArtifactResolver] Loading https://repo.maven.apache.org/maven2/org/apache/httpcomponents/httpcomponents-core/4.4.10/httpcomponents-core-4.4.10.pom
2021-06-06T09:17:10.947-0500 [DEBUG] [org.gradle.internal.resource.transfer.DefaultCacheAwareExternalResourceAccessor] Constructing external resource: https://repo.maven.apache.org/maven2/org/apache/httpcomponents/httpcomponents-core/4.4.10/httpcomponents-core-4.4.10.pom
2021-06-06T09:17:10.947-0500 [DEBUG] [org.gradle.api.internal.artifacts.ivyservice.ivyresolve.CachingModuleComponentRepository] Downloaded artifact 'httpcomponents-core-4.4.10.pom (org.apache.httpcomponents:httpcomponents-core:4.4.10)' from resolver: MavenRepo
2021-06-06T09:17:10.951-0500 [DEBUG] [org.gradle.api.internal.artifacts.ivyservice.ivyresolve.RepositoryChainComponentMetaDataResolver] Attempting to resolve component for org.apache.httpcomponents:httpcomponents-parent:10 using repositories [Google, MavenRepo]
2021-06-06T09:17:10.952-0500 [DEBUG] [org.gradle.api.internal.artifacts.ivyservice.ivyresolve.CachingModuleComponentRepository] Detected non-existence of module 'org.apache.httpcomponents:httpcomponents-parent:10' in resolver cache 'Google'
2021-06-06T09:17:10.952-0500 [DEBUG] [org.gradle.api.internal.artifacts.ivyservice.ivyresolve.CachingModuleComponentRepository] Using cached module metadata for module 'org.apache.httpcomponents:httpcomponents-parent:10' in 'MavenRepo'
2021-06-06T09:17:10.952-0500 [DEBUG] [org.gradle.api.internal.artifacts.ivyservice.ivyresolve.RepositoryChainComponentMetaDataResolver] Using org.apache.httpcomponents:httpcomponents-parent:10 from Maven repository 'MavenRepo'
2021-06-06T09:17:10.952-0500 [DEBUG] [org.gradle.api.internal.artifacts.ivyservice.ivyresolve.CachingModuleComponentRepository] Found artifact 'httpcomponents-parent-10.pom (org.apache.httpcomponents:httpcomponents-parent:10)' in resolver cache: C:\Users\gathi\.gradle\caches\modules-2\files-2.1\org.apache.httpcomponents\httpcomponents-parent\10\1ba3c5940f24525444492ae12b6a1015df8a477b\httpcomponents-parent-10.pom
2021-06-06T09:17:10.956-0500 [DEBUG] [org.gradle.api.internal.artifacts.ivyservice.ivyresolve.RepositoryChainComponentMetaDataResolver] Attempting to resolve component for org.apache:apache:18 using repositories [Google, MavenRepo]
2021-06-06T09:17:10.956-0500 [DEBUG] [org.gradle.api.internal.artifacts.ivyservice.ivyresolve.CachingModuleComponentRepository] Detected non-existence of module 'org.apache:apache:18' in resolver cache 'Google'
2021-06-06T09:17:10.956-0500 [DEBUG] [org.gradle.api.internal.artifacts.ivyservice.ivyresolve.CachingModuleComponentRepository] Using cached module metadata for module 'org.apache:apache:18' in 'MavenRepo'
2021-06-06T09:17:10.956-0500 [DEBUG] [org.gradle.api.internal.artifacts.ivyservice.ivyresolve.RepositoryChainComponentMetaDataResolver] Using org.apache:apache:18 from Maven repository 'MavenRepo'
2021-06-06T09:17:10.956-0500 [DEBUG] [org.gradle.api.internal.artifacts.ivyservice.ivyresolve.CachingModuleComponentRepository] Found artifact 'apache-18.pom (org.apache:apache:18)' in resolver cache: C:\Users\gathi\.gradle\caches\modules-2\files-2.1\org.apache\apache\18\bd408bbea3840f2c7f914b29403e39a90f84fd5f\apache-18.pom
2021-06-06T09:17:10.961-0500 [DEBUG] [org.gradle.api.internal.artifacts.repositories.resolver.ExternalResourceResolver] Metadata file found for module 'org.apache.httpcomponents:httpcore:4.4.10' in repository 'MavenRepo'.
2021-06-06T09:17:10.961-0500 [DEBUG] [org.gradle.api.internal.artifacts.ivyservice.modulecache.PersistentModuleMetadataCache] Recording module descriptor in cache: org.apache.httpcomponents:httpcore:4.4.10 [changing = false]
2021-06-06T09:17:10.965-0500 [DEBUG] [org.gradle.api.internal.artifacts.ivyservice.ivyresolve.RepositoryChainComponentMetaDataResolver] Using org.apache.httpcomponents:httpcore:4.4.10 from Maven repository 'MavenRepo'
2021-06-06T09:17:10.966-0500 [DEBUG] [org.gradle.internal.component.model.LoggingAttributeMatchingExplanationBuilder] Candidate com.android.tools:annotations:27.2.1 variant apiElements attribute org.gradle.usage value {org.gradle.category=library, org.gradle.dependency.bundling=external, org.gradle.jvm.version=6, org.gradle.libraryelements=jar, org.gradle.usage=java-api} doesn't requested value java-runtime
2021-06-06T09:17:10.966-0500 [DEBUG] [org.gradle.internal.component.model.LoggingAttributeMatchingExplanationBuilder] Candidate com.android.tools:annotations:27.2.1 variant javadocElements attribute org.gradle.category value {org.gradle.category=documentation} doesn't requested value library
2021-06-06T09:17:10.966-0500 [DEBUG] [org.gradle.internal.component.model.LoggingAttributeMatchingExplanationBuilder] Candidate com.android.tools:annotations:27.2.1 variant sourcesElements attribute org.gradle.category value {org.gradle.category=documentation} doesn't requested value library
2021-06-06T09:17:10.966-0500 [DEBUG] [org.gradle.internal.component.model.ComponentAttributeMatcher] Selected matches [com.android.tools:annotations:27.2.1 variant runtimeElements] from candidates [com.android.tools:annotations:27.2.1 variant apiElements, com.android.tools:annotations:27.2.1 variant runtimeElements, com.android.tools:annotations:27.2.1 variant javadocElements, com.android.tools:annotations:27.2.1 variant sourcesElements] for {org.gradle.category=library, org.gradle.dependency.bundling=external, org.gradle.jvm.version=14, org.gradle.libraryelements=jar, org.gradle.usage=java-runtime}
2021-06-06T09:17:10.967-0500 [DEBUG] [org.gradle.api.internal.artifacts.ivyservice.resolveengine.graph.builder.DependencyGraphBuilder] Visiting configuration com.android.tools.lint:lint-gradle-api:27.2.1(runtimeElements).
2021-06-06T09:17:10.971-0500 [DEBUG] [org.gradle.api.internal.artifacts.ivyservice.ivyresolve.RepositoryChainComponentMetaDataResolver] Attempting to resolve component for com.android.tools.lint:lint-model:27.2.1 using repositories [Google, MavenRepo]
2021-06-06T09:17:10.972-0500 [DEBUG] [org.gradle.api.internal.artifacts.repositories.resolver.DefaultExternalResourceArtifactResolver] Loading https://dl.google.com/dl/android/maven2/com/android/tools/lint/lint-model/27.2.1/lint-model-27.2.1.pom
2021-06-06T09:17:10.972-0500 [DEBUG] [org.gradle.internal.resource.transfer.DefaultCacheAwareExternalResourceAccessor] Constructing external resource: https://dl.google.com/dl/android/maven2/com/android/tools/lint/lint-model/27.2.1/lint-model-27.2.1.pom
2021-06-06T09:17:10.972-0500 [DEBUG] [org.gradle.internal.resource.transport.http.HttpResourceAccessor] Constructing external resource: https://dl.google.com/dl/android/maven2/com/android/tools/lint/lint-model/27.2.1/lint-model-27.2.1.pom
2021-06-06T09:17:10.973-0500 [DEBUG] [org.gradle.internal.resource.transport.http.HttpClientHelper] Performing HTTP GET: https://dl.google.com/dl/android/maven2/com/android/tools/lint/lint-model/27.2.1/lint-model-27.2.1.pom
2021-06-06T09:17:10.973-0500 [DEBUG] [org.apache.http.client.protocol.RequestAddCookies] CookieSpec selected: default
2021-06-06T09:17:10.973-0500 [DEBUG] [org.apache.http.client.protocol.RequestAuthCache] Auth cache not set in the context
2021-06-06T09:17:10.973-0500 [DEBUG] [org.apache.http.impl.conn.PoolingHttpClientConnectionManager] Connection request: [route: {s}->https://dl.google.com:443][total kept alive: 8; route allocated: 8 of 20; total allocated: 8 of 20]
2021-06-06T09:17:10.973-0500 [DEBUG] [org.apache.http.impl.conn.PoolingHttpClientConnectionManager] Connection leased: [id: 4][route: {s}->https://dl.google.com:443][total kept alive: 7; route allocated: 8 of 20; total allocated: 8 of 20]
2021-06-06T09:17:10.973-0500 [DEBUG] [org.apache.http.impl.conn.DefaultManagedHttpClientConnection] http-outgoing-4: set socket timeout to 30000
2021-06-06T09:17:10.973-0500 [DEBUG] [org.apache.http.impl.conn.DefaultManagedHttpClientConnection] http-outgoing-4: set socket timeout to 30000
2021-06-06T09:17:10.973-0500 [DEBUG] [org.apache.http.impl.execchain.MainClientExec] Executing request GET /dl/android/maven2/com/android/tools/lint/lint-model/27.2.1/lint-model-27.2.1.pom HTTP/1.1
2021-06-06T09:17:10.973-0500 [DEBUG] [org.apache.http.impl.execchain.MainClientExec] Target auth state: UNCHALLENGED
2021-06-06T09:17:10.973-0500 [DEBUG] [org.apache.http.impl.execchain.MainClientExec] Proxy auth state: UNCHALLENGED
2021-06-06T09:17:11.023-0500 [DEBUG] [org.apache.http.impl.execchain.MainClientExec] Connection can be kept alive indefinitely
2021-06-06T09:17:11.024-0500 [DEBUG] [org.gradle.internal.resource.transport.http.HttpResponseResource] Attempting to download resource https://dl.google.com/dl/android/maven2/com/android/tools/lint/lint-model/27.2.1/lint-model-27.2.1.pom.
2021-06-06T09:17:11.025-0500 [INFO] [org.gradle.internal.resource.transfer.DefaultCacheAwareExternalResourceAccessor] Downloading https://dl.google.com/dl/android/maven2/com/android/tools/lint/lint-model/27.2.1/lint-model-27.2.1.pom to C:\Users\gathi\AppData\Local\Temp\gradle_download13751582721321417265bin
2021-06-06T09:17:11.026-0500 [DEBUG] [org.apache.http.impl.conn.PoolingHttpClientConnectionManager] Connection [id: 4][route: {s}->https://dl.google.com:443] can be kept alive indefinitely
2021-06-06T09:17:11.026-0500 [DEBUG] [org.apache.http.impl.conn.DefaultManagedHttpClientConnection] http-outgoing-4: set socket timeout to 0
2021-06-06T09:17:11.026-0500 [DEBUG] [org.apache.http.impl.conn.PoolingHttpClientConnectionManager] Connection released: [id: 4][route: {s}->https://dl.google.com:443][total kept alive: 8; route allocated: 8 of 20; total allocated: 8 of 20]
2021-06-06T09:17:11.026-0500 [DEBUG] [org.gradle.internal.operations.DefaultBuildOperationRunner] Build operation 'Download https://dl.google.com/dl/android/maven2/com/android/tools/lint/lint-model/27.2.1/lint-model-27.2.1.pom' completed
2021-06-06T09:17:11.035-0500 [DEBUG] [org.gradle.api.internal.artifacts.repositories.resolver.ExternalResourceResolver] Metadata file found for module 'com.android.tools.lint:lint-model:27.2.1' in repository 'Google'.
2021-06-06T09:17:11.035-0500 [DEBUG] [org.gradle.api.internal.artifacts.repositories.resolver.DefaultExternalResourceArtifactResolver] Loading https://dl.google.com/dl/android/maven2/com/android/tools/lint/lint-model/27.2.1/lint-model-27.2.1.module
2021-06-06T09:17:11.035-0500 [DEBUG] [org.gradle.internal.resource.transfer.DefaultCacheAwareExternalResourceAccessor] Constructing external resource: https://dl.google.com/dl/android/maven2/com/android/tools/lint/lint-model/27.2.1/lint-model-27.2.1.module
2021-06-06T09:17:11.037-0500 [DEBUG] [org.gradle.internal.resource.transport.http.HttpResourceAccessor] Constructing external resource: https://dl.google.com/dl/android/maven2/com/android/tools/lint/lint-model/27.2.1/lint-model-27.2.1.module
2021-06-06T09:17:11.037-0500 [DEBUG] [org.gradle.internal.resource.transport.http.HttpClientHelper] Performing HTTP GET: https://dl.google.com/dl/android/maven2/com/android/tools/lint/lint-model/27.2.1/lint-model-27.2.1.module
2021-06-06T09:17:11.037-0500 [DEBUG] [org.apache.http.client.protocol.RequestAddCookies] CookieSpec selected: default
2021-06-06T09:17:11.037-0500 [DEBUG] [org.apache.http.client.protocol.RequestAuthCache] Auth cache not set in the context
2021-06-06T09:17:11.037-0500 [DEBUG] [org.apache.http.impl.conn.PoolingHttpClientConnectionManager] Connection request: [route: {s}->https://dl.google.com:443][total kept alive: 8; route allocated: 8 of 20; total allocated: 8 of 20]
2021-06-06T09:17:11.037-0500 [DEBUG] [org.apache.http.impl.conn.PoolingHttpClientConnectionManager] Connection leased: [id: 4][route: {s}->https://dl.google.com:443][total kept alive: 7; route allocated: 8 of 20; total allocated: 8 of 20]
2021-06-06T09:17:11.037-0500 [DEBUG] [org.apache.http.impl.conn.DefaultManagedHttpClientConnection] http-outgoing-4: set socket timeout to 30000
2021-06-06T09:17:11.037-0500 [DEBUG] [org.apache.http.impl.conn.DefaultManagedHttpClientConnection] http-outgoing-4: set socket timeout to 30000
2021-06-06T09:17:11.037-0500 [DEBUG] [org.apache.http.impl.execchain.MainClientExec] Executing request GET /dl/android/maven2/com/android/tools/lint/lint-model/27.2.1/lint-model-27.2.1.module HTTP/1.1
2021-06-06T09:17:11.037-0500 [DEBUG] [org.apache.http.impl.execchain.MainClientExec] Target auth state: UNCHALLENGED
2021-06-06T09:17:11.037-0500 [DEBUG] [org.apache.http.impl.execchain.MainClientExec] Proxy auth state: UNCHALLENGED
2021-06-06T09:17:11.079-0500 [DEBUG] [org.apache.http.impl.execchain.MainClientExec] Connection can be kept alive indefinitely
2021-06-06T09:17:11.079-0500 [DEBUG] [org.gradle.internal.resource.transport.http.HttpResponseResource] Attempting to download resource https://dl.google.com/dl/android/maven2/com/android/tools/lint/lint-model/27.2.1/lint-model-27.2.1.module.
2021-06-06T09:17:11.081-0500 [INFO] [org.gradle.internal.resource.transfer.DefaultCacheAwareExternalResourceAccessor] Downloading https://dl.google.com/dl/android/maven2/com/android/tools/lint/lint-model/27.2.1/lint-model-27.2.1.module to C:\Users\gathi\AppData\Local\Temp\gradle_download1041320017726374719bin
2021-06-06T09:17:11.081-0500 [DEBUG] [org.apache.http.impl.conn.PoolingHttpClientConnectionManager] Connection [id: 4][route: {s}->https://dl.google.com:443] can be kept alive indefinitely
2021-06-06T09:17:11.082-0500 [DEBUG] [org.apache.http.impl.conn.DefaultManagedHttpClientConnection] http-outgoing-4: set socket timeout to 0
2021-06-06T09:17:11.082-0500 [DEBUG] [org.apache.http.impl.conn.PoolingHttpClientConnectionManager] Connection released: [id: 4][route: {s}->https://dl.google.com:443][total kept alive: 8; route allocated: 8 of 20; total allocated: 8 of 20]
2021-06-06T09:17:11.082-0500 [DEBUG] [org.gradle.internal.operations.DefaultBuildOperationRunner] Build operation 'Download https://dl.google.com/dl/android/maven2/com/android/tools/lint/lint-model/27.2.1/lint-model-27.2.1.module' completed
2021-06-06T09:17:11.088-0500 [DEBUG] [org.gradle.api.internal.artifacts.ivyservice.modulecache.PersistentModuleMetadataCache] Recording module descriptor in cache: com.android.tools.lint:lint-model:27.2.1 [changing = false]
2021-06-06T09:17:11.092-0500 [DEBUG] [org.gradle.api.internal.artifacts.ivyservice.ivyresolve.RepositoryChainComponentMetaDataResolver] Using com.android.tools.lint:lint-model:27.2.1 from Maven repository 'Google'
2021-06-06T09:17:11.093-0500 [DEBUG] [org.gradle.api.internal.artifacts.ivyservice.resolveengine.graph.builder.DependencyGraphBuilder] Visiting configuration com.android.tools.build:gradle-api:4.2.1(runtimeElements).
2021-06-06T09:17:11.093-0500 [DEBUG] [org.gradle.api.internal.artifacts.ivyservice.resolveengine.graph.builder.DependencyGraphBuilder] Visiting configuration androidx.databinding:databinding-compiler-common:4.2.1(runtimeElements).
2021-06-06T09:17:11.094-0500 [DEBUG] [org.gradle.api.internal.artifacts.ivyservice.resolveengine.graph.builder.DependencyGraphBuilder] Submitting 6 metadata files to resolve in parallel for androidx.databinding:databinding-compiler-common:4.2.1(runtimeElements)
2021-06-06T09:17:11.095-0500 [DEBUG] [org.gradle.internal.work.DefaultWorkerLeaseService] Worker lease root.1.43.44 started (1 worker(s) in use).
2021-06-06T09:17:11.095-0500 [DEBUG] [org.gradle.internal.resources.AbstractTrackedResourceLock] Daemon worker: acquired lock on root.1.43.44
2021-06-06T09:17:11.095-0500 [DEBUG] [org.gradle.api.internal.artifacts.ivyservice.ivyresolve.RepositoryChainComponentMetaDataResolver] Attempting to resolve component for androidx.databinding:databinding-common:4.2.1 using repositories [Google, MavenRepo]
2021-06-06T09:17:11.095-0500 [DEBUG] [org.gradle.api.internal.artifacts.repositories.resolver.DefaultExternalResourceArtifactResolver] Loading https://dl.google.com/dl/android/maven2/androidx/databinding/databinding-common/4.2.1/databinding-common-4.2.1.pom
2021-06-06T09:17:11.096-0500 [DEBUG] [org.gradle.internal.resource.transfer.DefaultCacheAwareExternalResourceAccessor] Constructing external resource: https://dl.google.com/dl/android/maven2/androidx/databinding/databinding-common/4.2.1/databinding-common-4.2.1.pom
2021-06-06T09:17:11.096-0500 [DEBUG] [org.gradle.api.internal.artifacts.ivyservice.ivyresolve.RepositoryChainComponentMetaDataResolver] Attempting to resolve component for commons-io:commons-io:2.4 using repositories [Google, MavenRepo]
2021-06-06T09:17:11.096-0500 [DEBUG] [org.gradle.api.internal.artifacts.ivyservice.ivyresolve.RepositoryChainComponentMetaDataResolver] Attempting to resolve component for com.googlecode.juniversalchardet:juniversalchardet:1.0.3 using repositories [Google, MavenRepo]
2021-06-06T09:17:11.096-0500 [DEBUG] [org.gradle.api.internal.artifacts.repositories.resolver.DefaultExternalResourceArtifactResolver] Loading https://dl.google.com/dl/android/maven2/commons-io/commons-io/2.4/commons-io-2.4.pom
2021-06-06T09:17:11.097-0500 [DEBUG] [org.gradle.internal.resource.transfer.DefaultCacheAwareExternalResourceAccessor] Constructing external resource: https://dl.google.com/dl/android/maven2/commons-io/commons-io/2.4/commons-io-2.4.pom
2021-06-06T09:17:11.097-0500 [DEBUG] [org.gradle.api.internal.artifacts.ivyservice.ivyresolve.RepositoryChainComponentMetaDataResolver] Attempting to resolve component for org.glassfish.jaxb:jaxb-runtime:2.3.2 using repositories [Google, MavenRepo]
2021-06-06T09:17:11.096-0500 [DEBUG] [org.gradle.api.internal.artifacts.ivyservice.ivyresolve.RepositoryChainComponentMetaDataResolver] Attempting to resolve component for com.android.databinding:baseLibrary:4.2.1 using repositories [Google, MavenRepo]
2021-06-06T09:17:11.097-0500 [DEBUG] [org.gradle.api.internal.artifacts.repositories.resolver.DefaultExternalResourceArtifactResolver] Loading https://dl.google.com/dl/android/maven2/com/android/databinding/baseLibrary/4.2.1/baseLibrary-4.2.1.pom
2021-06-06T09:17:11.097-0500 [DEBUG] [org.gradle.internal.resource.transfer.DefaultCacheAwareExternalResourceAccessor] Constructing external resource: https://dl.google.com/dl/android/maven2/com/android/databinding/baseLibrary/4.2.1/baseLibrary-4.2.1.pom
2021-06-06T09:17:11.097-0500 [DEBUG] [org.gradle.api.internal.artifacts.repositories.resolver.DefaultExternalResourceArtifactResolver] Loading https://dl.google.com/dl/android/maven2/org/glassfish/jaxb/jaxb-runtime/2.3.2/jaxb-runtime-2.3.2.pom
2021-06-06T09:17:11.098-0500 [DEBUG] [org.gradle.internal.resource.transfer.DefaultCacheAwareExternalResourceAccessor] Constructing external resource: https://dl.google.com/dl/android/maven2/org/glassfish/jaxb/jaxb-runtime/2.3.2/jaxb-runtime-2.3.2.pom
2021-06-06T09:17:11.097-0500 [DEBUG] [org.gradle.api.internal.artifacts.repositories.resolver.DefaultExternalResourceArtifactResolver] Loading https://dl.google.com/dl/android/maven2/com/googlecode/juniversalchardet/juniversalchardet/1.0.3/juniversalchardet-1.0.3.pom
2021-06-06T09:17:11.098-0500 [DEBUG] [org.gradle.internal.resource.transport.http.HttpResourceAccessor] Constructing external resource: https://dl.google.com/dl/android/maven2/androidx/databinding/databinding-common/4.2.1/databinding-common-4.2.1.pom
2021-06-06T09:17:11.097-0500 [DEBUG] [org.gradle.api.internal.artifacts.ivyservice.ivyresolve.RepositoryChainComponentMetaDataResolver] Attempting to resolve component for org.antlr:antlr4:4.5.3 using repositories [Google, MavenRepo]
2021-06-06T09:17:11.098-0500 [DEBUG] [org.gradle.internal.resource.transport.http.HttpClientHelper] Performing HTTP GET: https://dl.google.com/dl/android/maven2/androidx/databinding/databinding-common/4.2.1/databinding-common-4.2.1.pom
2021-06-06T09:17:11.098-0500 [DEBUG] [org.gradle.internal.resource.transfer.DefaultCacheAwareExternalResourceAccessor] Constructing external resource: https://dl.google.com/dl/android/maven2/com/googlecode/juniversalchardet/juniversalchardet/1.0.3/juniversalchardet-1.0.3.pom
2021-06-06T09:17:11.098-0500 [DEBUG] [org.gradle.api.internal.artifacts.repositories.resolver.DefaultExternalResourceArtifactResolver] Loading https://dl.google.com/dl/android/maven2/org/antlr/antlr4/4.5.3/antlr4-4.5.3.pom
2021-06-06T09:17:11.098-0500 [DEBUG] [org.gradle.internal.resource.transfer.DefaultCacheAwareExternalResourceAccessor] Constructing external resource: https://dl.google.com/dl/android/maven2/org/antlr/antlr4/4.5.3/antlr4-4.5.3.pom
2021-06-06T09:17:11.098-0500 [DEBUG] [org.apache.http.client.protocol.RequestAddCookies] CookieSpec selected: default
2021-06-06T09:17:11.099-0500 [DEBUG] [org.gradle.internal.resource.transport.http.HttpResourceAccessor] Constructing external resource: https://dl.google.com/dl/android/maven2/org/glassfish/jaxb/jaxb-runtime/2.3.2/jaxb-runtime-2.3.2.pom
2021-06-06T09:17:11.099-0500 [DEBUG] [org.gradle.internal.resource.transport.http.HttpResourceAccessor] Constructing external resource metadata: https://dl.google.com/dl/android/maven2/commons-io/commons-io/2.4/commons-io-2.4.pom
2021-06-06T09:17:11.099-0500 [DEBUG] [org.gradle.internal.resource.transport.http.HttpClientHelper] Performing HTTP HEAD: https://dl.google.com/dl/android/maven2/commons-io/commons-io/2.4/commons-io-2.4.pom
2021-06-06T09:17:11.099-0500 [DEBUG] [org.gradle.internal.resource.transport.http.HttpClientHelper] Performing HTTP GET: https://dl.google.com/dl/android/maven2/org/glassfish/jaxb/jaxb-runtime/2.3.2/jaxb-runtime-2.3.2.pom
2021-06-06T09:17:11.099-0500 [DEBUG] [org.apache.http.client.protocol.RequestAuthCache] Auth cache not set in the context
2021-06-06T09:17:11.100-0500 [DEBUG] [org.apache.http.client.protocol.RequestAddCookies] CookieSpec selected: default
2021-06-06T09:17:11.100-0500 [DEBUG] [org.apache.http.client.protocol.RequestAddCookies] CookieSpec selected: default
2021-06-06T09:17:11.100-0500 [DEBUG] [org.apache.http.client.protocol.RequestAuthCache] Auth cache not set in the context
2021-06-06T09:17:11.100-0500 [DEBUG] [org.apache.http.impl.conn.PoolingHttpClientConnectionManager] Connection request: [route: {s}->https://dl.google.com:443][total kept alive: 8; route allocated: 8 of 20; total allocated: 8 of 20]
2021-06-06T09:17:11.099-0500 [DEBUG] [org.gradle.internal.resource.transport.http.HttpResourceAccessor] Constructing external resource: https://dl.google.com/dl/android/maven2/com/googlecode/juniversalchardet/juniversalchardet/1.0.3/juniversalchardet-1.0.3.pom
2021-06-06T09:17:11.100-0500 [DEBUG] [org.gradle.internal.resource.transport.http.HttpResourceAccessor] Constructing external resource: https://dl.google.com/dl/android/maven2/org/antlr/antlr4/4.5.3/antlr4-4.5.3.pom
2021-06-06T09:17:11.099-0500 [DEBUG] [org.gradle.internal.resource.transport.http.HttpResourceAccessor] Constructing external resource: https://dl.google.com/dl/android/maven2/com/android/databinding/baseLibrary/4.2.1/baseLibrary-4.2.1.pom
2021-06-06T09:17:11.100-0500 [DEBUG] [org.gradle.internal.resource.transport.http.HttpClientHelper] Performing HTTP GET: https://dl.google.com/dl/android/maven2/org/antlr/antlr4/4.5.3/antlr4-4.5.3.pom
2021-06-06T09:17:11.100-0500 [DEBUG] [org.gradle.internal.resource.transport.http.HttpClientHelper] Performing HTTP GET: https://dl.google.com/dl/android/maven2/com/googlecode/juniversalchardet/juniversalchardet/1.0.3/juniversalchardet-1.0.3.pom
2021-06-06T09:17:11.100-0500 [DEBUG] [org.apache.http.impl.conn.PoolingHttpClientConnectionManager] Connection leased: [id: 4][route: {s}->https://dl.google.com:443][total kept alive: 7; route allocated: 8 of 20; total allocated: 8 of 20]
2021-06-06T09:17:11.101-0500 [DEBUG] [org.apache.http.impl.conn.DefaultManagedHttpClientConnection] http-outgoing-4: set socket timeout to 30000
2021-06-06T09:17:11.101-0500 [DEBUG] [org.apache.http.impl.conn.DefaultManagedHttpClientConnection] http-outgoing-4: set socket timeout to 30000
2021-06-06T09:17:11.101-0500 [DEBUG] [org.apache.http.impl.execchain.MainClientExec] Executing request HEAD /dl/android/maven2/commons-io/commons-io/2.4/commons-io-2.4.pom HTTP/1.1
2021-06-06T09:17:11.101-0500 [DEBUG] [org.apache.http.impl.execchain.MainClientExec] Target auth state: UNCHALLENGED
2021-06-06T09:17:11.101-0500 [DEBUG] [org.apache.http.impl.execchain.MainClientExec] Proxy auth state: UNCHALLENGED
2021-06-06T09:17:11.100-0500 [DEBUG] [org.apache.http.client.protocol.RequestAuthCache] Auth cache not set in the context
2021-06-06T09:17:11.100-0500 [DEBUG] [org.apache.http.impl.conn.PoolingHttpClientConnectionManager] Connection request: [route: {s}->https://dl.google.com:443][total kept alive: 8; route allocated: 8 of 20; total allocated: 8 of 20]
2021-06-06T09:17:11.101-0500 [DEBUG] [org.apache.http.impl.conn.PoolingHttpClientConnectionManager] Connection request: [route: {s}->https://dl.google.com:443][total kept alive: 7; route allocated: 8 of 20; total allocated: 8 of 20]
2021-06-06T09:17:11.101-0500 [DEBUG] [org.apache.http.client.protocol.RequestAddCookies] CookieSpec selected: default
2021-06-06T09:17:11.101-0500 [DEBUG] [org.apache.http.client.protocol.RequestAddCookies] CookieSpec selected: default
2021-06-06T09:17:11.100-0500 [DEBUG] [org.gradle.internal.resource.transport.http.HttpClientHelper] Performing HTTP GET: https://dl.google.com/dl/android/maven2/com/android/databinding/baseLibrary/4.2.1/baseLibrary-4.2.1.pom
2021-06-06T09:17:11.102-0500 [DEBUG] [org.apache.http.client.protocol.RequestAuthCache] Auth cache not set in the context
2021-06-06T09:17:11.102-0500 [DEBUG] [org.apache.http.impl.conn.PoolingHttpClientConnectionManager] Connection request: [route: {s}->https://dl.google.com:443][total kept alive: 5; route allocated: 8 of 20; total allocated: 8 of 20]
2021-06-06T09:17:11.102-0500 [DEBUG] [org.apache.http.client.protocol.RequestAuthCache] Auth cache not set in the context
2021-06-06T09:17:11.101-0500 [DEBUG] [org.apache.http.impl.conn.PoolingHttpClientConnectionManager] Connection leased: [id: 3][route: {s}->https://dl.google.com:443][total kept alive: 5; route allocated: 8 of 20; total allocated: 8 of 20]
2021-06-06T09:17:11.101-0500 [DEBUG] [org.apache.http.impl.conn.PoolingHttpClientConnectionManager] Connection leased: [id: 8][route: {s}->https://dl.google.com:443][total kept alive: 6; route allocated: 8 of 20; total allocated: 8 of 20]
2021-06-06T09:17:11.102-0500 [DEBUG] [org.apache.http.impl.conn.DefaultManagedHttpClientConnection] http-outgoing-3: set socket timeout to 30000
2021-06-06T09:17:11.102-0500 [DEBUG] [org.apache.http.impl.conn.PoolingHttpClientConnectionManager] Connection request: [route: {s}->https://dl.google.com:443][total kept alive: 4; route allocated: 8 of 20; total allocated: 8 of 20]
2021-06-06T09:17:11.102-0500 [DEBUG] [org.apache.http.impl.conn.PoolingHttpClientConnectionManager] Connection leased: [id: 1][route: {s}->https://dl.google.com:443][total kept alive: 4; route allocated: 8 of 20; total allocated: 8 of 20]
2021-06-06T09:17:11.102-0500 [DEBUG] [org.apache.http.client.protocol.RequestAddCookies] CookieSpec selected: default
2021-06-06T09:17:11.103-0500 [DEBUG] [org.apache.http.impl.conn.DefaultManagedHttpClientConnection] http-outgoing-1: set socket timeout to 30000
2021-06-06T09:17:11.102-0500 [DEBUG] [org.apache.http.impl.conn.PoolingHttpClientConnectionManager] Connection leased: [id: 0][route: {s}->https://dl.google.com:443][total kept alive: 3; route allocated: 8 of 20; total allocated: 8 of 20]
2021-06-06T09:17:11.103-0500 [DEBUG] [org.apache.http.impl.conn.DefaultManagedHttpClientConnection] http-outgoing-0: set socket timeout to 30000
2021-06-06T09:17:11.103-0500 [DEBUG] [org.apache.http.impl.conn.DefaultManagedHttpClientConnection] http-outgoing-0: set socket timeout to 30000
2021-06-06T09:17:11.102-0500 [DEBUG] [org.apache.http.impl.conn.DefaultManagedHttpClientConnection] http-outgoing-3: set socket timeout to 30000
2021-06-06T09:17:11.102-0500 [DEBUG] [org.apache.http.impl.conn.DefaultManagedHttpClientConnection] http-outgoing-8: set socket timeout to 30000
2021-06-06T09:17:11.103-0500 [DEBUG] [org.apache.http.impl.execchain.MainClientExec] Executing request GET /dl/android/maven2/org/glassfish/jaxb/jaxb-runtime/2.3.2/jaxb-runtime-2.3.2.pom HTTP/1.1
2021-06-06T09:17:11.103-0500 [DEBUG] [org.apache.http.impl.execchain.MainClientExec] Target auth state: UNCHALLENGED
2021-06-06T09:17:11.103-0500 [DEBUG] [org.apache.http.impl.execchain.MainClientExec] Proxy auth state: UNCHALLENGED
2021-06-06T09:17:11.103-0500 [DEBUG] [org.apache.http.impl.execchain.MainClientExec] Executing request GET /dl/android/maven2/com/googlecode/juniversalchardet/juniversalchardet/1.0.3/juniversalchardet-1.0.3.pom HTTP/1.1
2021-06-06T09:17:11.103-0500 [DEBUG] [org.apache.http.impl.execchain.MainClientExec] Target auth state: UNCHALLENGED
2021-06-06T09:17:11.103-0500 [DEBUG] [org.apache.http.impl.execchain.MainClientExec] Proxy auth state: UNCHALLENGED
2021-06-06T09:17:11.103-0500 [DEBUG] [org.apache.http.impl.conn.DefaultManagedHttpClientConnection] http-outgoing-1: set socket timeout to 30000
2021-06-06T09:17:11.103-0500 [DEBUG] [org.apache.http.client.protocol.RequestAuthCache] Auth cache not set in the context
2021-06-06T09:17:11.104-0500 [DEBUG] [org.apache.http.impl.execchain.MainClientExec] Executing request GET /dl/android/maven2/org/antlr/antlr4/4.5.3/antlr4-4.5.3.pom HTTP/1.1
2021-06-06T09:17:11.104-0500 [DEBUG] [org.apache.http.impl.execchain.MainClientExec] Target auth state: UNCHALLENGED
2021-06-06T09:17:11.104-0500 [DEBUG] [org.apache.http.impl.execchain.MainClientExec] Proxy auth state: UNCHALLENGED
2021-06-06T09:17:11.103-0500 [DEBUG] [org.apache.http.impl.conn.DefaultManagedHttpClientConnection] http-outgoing-8: set socket timeout to 30000
2021-06-06T09:17:11.104-0500 [DEBUG] [org.apache.http.impl.conn.PoolingHttpClientConnectionManager] Connection request: [route: {s}->https://dl.google.com:443][total kept alive: 3; route allocated: 8 of 20; total allocated: 8 of 20]
2021-06-06T09:17:11.104-0500 [DEBUG] [org.apache.http.impl.execchain.MainClientExec] Executing request GET /dl/android/maven2/androidx/databinding/databinding-common/4.2.1/databinding-common-4.2.1.pom HTTP/1.1
2021-06-06T09:17:11.104-0500 [DEBUG] [org.apache.http.impl.execchain.MainClientExec] Target auth state: UNCHALLENGED
2021-06-06T09:17:11.104-0500 [DEBUG] [org.apache.http.impl.execchain.MainClientExec] Proxy auth state: UNCHALLENGED
2021-06-06T09:17:11.104-0500 [DEBUG] [org.apache.http.impl.conn.PoolingHttpClientConnectionManager] Connection leased: [id: 5][route: {s}->https://dl.google.com:443][total kept alive: 2; route allocated: 8 of 20; total allocated: 8 of 20]
2021-06-06T09:17:11.104-0500 [DEBUG] [org.apache.http.impl.conn.DefaultManagedHttpClientConnection] http-outgoing-5: set socket timeout to 30000
2021-06-06T09:17:11.104-0500 [DEBUG] [org.apache.http.impl.conn.DefaultManagedHttpClientConnection] http-outgoing-5: set socket timeout to 30000
2021-06-06T09:17:11.105-0500 [DEBUG] [org.apache.http.impl.execchain.MainClientExec] Executing request GET /dl/android/maven2/com/android/databinding/baseLibrary/4.2.1/baseLibrary-4.2.1.pom HTTP/1.1
2021-06-06T09:17:11.105-0500 [DEBUG] [org.apache.http.impl.execchain.MainClientExec] Target auth state: UNCHALLENGED
2021-06-06T09:17:11.105-0500 [DEBUG] [org.apache.http.impl.execchain.MainClientExec] Proxy auth state: UNCHALLENGED
2021-06-06T09:17:11.154-0500 [DEBUG] [org.apache.http.impl.execchain.MainClientExec] Connection can be kept alive indefinitely
2021-06-06T09:17:11.155-0500 [DEBUG] [org.apache.http.impl.execchain.MainClientExec] Connection can be kept alive indefinitely
2021-06-06T09:17:11.154-0500 [DEBUG] [org.apache.http.impl.execchain.MainClientExec] Connection can be kept alive indefinitely
2021-06-06T09:17:11.154-0500 [DEBUG] [org.apache.http.impl.execchain.MainClientExec] Connection can be kept alive indefinitely
2021-06-06T09:17:11.155-0500 [DEBUG] [org.apache.http.impl.conn.PoolingHttpClientConnectionManager] Connection [id: 0][route: {s}->https://dl.google.com:443] can be kept alive indefinitely
2021-06-06T09:17:11.155-0500 [DEBUG] [org.apache.http.impl.conn.DefaultManagedHttpClientConnection] http-outgoing-0: set socket timeout to 0
2021-06-06T09:17:11.155-0500 [DEBUG] [org.apache.http.impl.execchain.MainClientExec] Connection can be kept alive indefinitely
2021-06-06T09:17:11.155-0500 [DEBUG] [org.apache.http.impl.conn.PoolingHttpClientConnectionManager] Connection [id: 4][route: {s}->https://dl.google.com:443] can be kept alive indefinitely
2021-06-06T09:17:11.155-0500 [DEBUG] [org.apache.http.impl.conn.DefaultManagedHttpClientConnection] http-outgoing-4: set socket timeout to 0
2021-06-06T09:17:11.155-0500 [DEBUG] [org.apache.http.impl.conn.PoolingHttpClientConnectionManager] Connection released: [id: 0][route: {s}->https://dl.google.com:443][total kept alive: 3; route allocated: 8 of 20; total allocated: 8 of 20]
2021-06-06T09:17:11.155-0500 [DEBUG] [org.apache.http.impl.conn.PoolingHttpClientConnectionManager] Connection [id: 1][route: {s}->https://dl.google.com:443] can be kept alive indefinitely
2021-06-06T09:17:11.156-0500 [DEBUG] [org.apache.http.impl.conn.DefaultManagedHttpClientConnection] http-outgoing-1: set socket timeout to 0
2021-06-06T09:17:11.156-0500 [DEBUG] [org.apache.http.impl.conn.PoolingHttpClientConnectionManager] Connection released: [id: 1][route: {s}->https://dl.google.com:443][total kept alive: 5; route allocated: 8 of 20; total allocated: 8 of 20]
2021-06-06T09:17:11.156-0500 [INFO] [org.gradle.internal.resource.transport.http.HttpClientHelper] Resource missing. [HTTP GET: https://dl.google.com/dl/android/maven2/org/antlr/antlr4/4.5.3/antlr4-4.5.3.pom]
2021-06-06T09:17:11.156-0500 [DEBUG] [org.gradle.internal.operations.DefaultBuildOperationRunner] Build operation 'Download https://dl.google.com/dl/android/maven2/org/antlr/antlr4/4.5.3/antlr4-4.5.3.pom' completed
2021-06-06T09:17:11.156-0500 [DEBUG] [org.gradle.api.internal.artifacts.repositories.resolver.ExternalResourceResolver] No meta-data file or artifact found for module 'org.antlr:antlr4:4.5.3' in repository 'Google'.
2021-06-06T09:17:11.155-0500 [DEBUG] [org.apache.http.impl.conn.PoolingHttpClientConnectionManager] Connection [id: 3][route: {s}->https://dl.google.com:443] can be kept alive indefinitely
2021-06-06T09:17:11.156-0500 [DEBUG] [org.gradle.api.internal.artifacts.ivyservice.modulecache.PersistentModuleMetadataCache] Recording absence of module descriptor in cache: org.antlr:antlr4:4.5.3 [changing = false]
2021-06-06T09:17:11.156-0500 [INFO] [org.gradle.internal.resource.transport.http.HttpClientHelper] Resource missing. [HTTP GET: https://dl.google.com/dl/android/maven2/com/googlecode/juniversalchardet/juniversalchardet/1.0.3/juniversalchardet-1.0.3.pom]
2021-06-06T09:17:11.157-0500 [DEBUG] [org.gradle.internal.operations.DefaultBuildOperationRunner] Build operation 'Download https://dl.google.com/dl/android/maven2/com/googlecode/juniversalchardet/juniversalchardet/1.0.3/juniversalchardet-1.0.3.pom' completed
2021-06-06T09:17:11.157-0500 [DEBUG] [org.gradle.api.internal.artifacts.repositories.resolver.ExternalResourceResolver] No meta-data file or artifact found for module 'com.googlecode.juniversalchardet:juniversalchardet:1.0.3' in repository 'Google'.
2021-06-06T09:17:11.157-0500 [DEBUG] [org.gradle.api.internal.artifacts.ivyservice.modulecache.PersistentModuleMetadataCache] Recording absence of module descriptor in cache: com.googlecode.juniversalchardet:juniversalchardet:1.0.3 [changing = false]
2021-06-06T09:17:11.156-0500 [DEBUG] [org.apache.http.impl.conn.PoolingHttpClientConnectionManager] Connection released: [id: 4][route: {s}->https://dl.google.com:443][total kept alive: 4; route allocated: 8 of 20; total allocated: 8 of 20]
2021-06-06T09:17:11.157-0500 [DEBUG] [org.gradle.api.internal.artifacts.repositories.resolver.DefaultExternalResourceArtifactResolver] Loading https://repo.maven.apache.org/maven2/org/antlr/antlr4/4.5.3/antlr4-4.5.3.pom
2021-06-06T09:17:11.157-0500 [DEBUG] [org.gradle.internal.resource.transport.http.HttpResponseResource] Attempting to download resource https://dl.google.com/dl/android/maven2/androidx/databinding/databinding-common/4.2.1/databinding-common-4.2.1.pom.
2021-06-06T09:17:11.156-0500 [DEBUG] [org.apache.http.impl.conn.DefaultManagedHttpClientConnection] http-outgoing-3: set socket timeout to 0
2021-06-06T09:17:11.157-0500 [DEBUG] [org.gradle.api.internal.artifacts.repositories.resolver.DefaultExternalResourceArtifactResolver] Loading https://repo.maven.apache.org/maven2/com/googlecode/juniversalchardet/juniversalchardet/1.0.3/juniversalchardet-1.0.3.pom
2021-06-06T09:17:11.157-0500 [DEBUG] [org.gradle.internal.resource.transfer.DefaultCacheAwareExternalResourceAccessor] Constructing external resource: https://repo.maven.apache.org/maven2/org/antlr/antlr4/4.5.3/antlr4-4.5.3.pom
2021-06-06T09:17:11.157-0500 [INFO] [org.gradle.internal.resource.transport.http.HttpClientHelper] Resource missing. [HTTP HEAD: https://dl.google.com/dl/android/maven2/commons-io/commons-io/2.4/commons-io-2.4.pom]
2021-06-06T09:17:11.158-0500 [DEBUG] [org.gradle.internal.resource.transfer.DefaultCacheAwareExternalResourceAccessor] Constructing external resource: https://repo.maven.apache.org/maven2/com/googlecode/juniversalchardet/juniversalchardet/1.0.3/juniversalchardet-1.0.3.pom
2021-06-06T09:17:11.158-0500 [DEBUG] [org.apache.http.impl.conn.PoolingHttpClientConnectionManager] Connection released: [id: 3][route: {s}->https://dl.google.com:443][total kept alive: 6; route allocated: 8 of 20; total allocated: 8 of 20]
2021-06-06T09:17:11.158-0500 [INFO] [org.gradle.internal.resource.transport.http.HttpClientHelper] Resource missing. [HTTP GET: https://dl.google.com/dl/android/maven2/org/glassfish/jaxb/jaxb-runtime/2.3.2/jaxb-runtime-2.3.2.pom]
2021-06-06T09:17:11.158-0500 [DEBUG] [org.gradle.internal.operations.DefaultBuildOperationRunner] Build operation 'Download https://dl.google.com/dl/android/maven2/org/glassfish/jaxb/jaxb-runtime/2.3.2/jaxb-runtime-2.3.2.pom' completed
2021-06-06T09:17:11.158-0500 [DEBUG] [org.gradle.api.internal.artifacts.repositories.resolver.ExternalResourceResolver] No meta-data file or artifact found for module 'org.glassfish.jaxb:jaxb-runtime:2.3.2' in repository 'Google'.
2021-06-06T09:17:11.159-0500 [DEBUG] [org.gradle.internal.operations.DefaultBuildOperationRunner] Build operation 'Metadata of https://dl.google.com/dl/android/maven2/commons-io/commons-io/2.4/commons-io-2.4.pom' completed
2021-06-06T09:17:11.159-0500 [DEBUG] [org.gradle.api.internal.artifacts.ivyservice.modulecache.PersistentModuleMetadataCache] Recording absence of module descriptor in cache: org.glassfish.jaxb:jaxb-runtime:2.3.2 [changing = false]
2021-06-06T09:17:11.159-0500 [INFO] [org.gradle.internal.resource.transfer.DefaultCacheAwareExternalResourceAccessor] Downloading https://dl.google.com/dl/android/maven2/androidx/databinding/databinding-common/4.2.1/databinding-common-4.2.1.pom to C:\Users\gathi\AppData\Local\Temp\gradle_download8911293204865607384bin
2021-06-06T09:17:11.159-0500 [DEBUG] [org.gradle.api.internal.artifacts.repositories.resolver.ExternalResourceResolver] No meta-data file or artifact found for module 'commons-io:commons-io:2.4' in repository 'Google'.
2021-06-06T09:17:11.159-0500 [DEBUG] [org.gradle.api.internal.artifacts.ivyservice.modulecache.PersistentModuleMetadataCache] Recording absence of module descriptor in cache: commons-io:commons-io:2.4 [changing = false]
2021-06-06T09:17:11.159-0500 [DEBUG] [org.gradle.internal.resource.transport.http.HttpResourceAccessor] Constructing external resource: https://repo.maven.apache.org/maven2/org/antlr/antlr4/4.5.3/antlr4-4.5.3.pom
2021-06-06T09:17:11.159-0500 [DEBUG] [org.gradle.api.internal.artifacts.repositories.resolver.DefaultExternalResourceArtifactResolver] Loading https://repo.maven.apache.org/maven2/org/glassfish/jaxb/jaxb-runtime/2.3.2/jaxb-runtime-2.3.2.pom
2021-06-06T09:17:11.160-0500 [DEBUG] [org.gradle.internal.resource.transfer.DefaultCacheAwareExternalResourceAccessor] Constructing external resource: https://repo.maven.apache.org/maven2/org/glassfish/jaxb/jaxb-runtime/2.3.2/jaxb-runtime-2.3.2.pom
2021-06-06T09:17:11.160-0500 [DEBUG] [org.gradle.internal.resource.transport.http.HttpResourceAccessor] Constructing external resource: https://repo.maven.apache.org/maven2/com/googlecode/juniversalchardet/juniversalchardet/1.0.3/juniversalchardet-1.0.3.pom
2021-06-06T09:17:11.160-0500 [DEBUG] [org.gradle.internal.resource.transport.http.HttpClientHelper] Performing HTTP GET: https://repo.maven.apache.org/maven2/org/antlr/antlr4/4.5.3/antlr4-4.5.3.pom
2021-06-06T09:17:11.160-0500 [DEBUG] [org.gradle.internal.resource.transport.http.HttpClientHelper] Performing HTTP GET: https://repo.maven.apache.org/maven2/com/googlecode/juniversalchardet/juniversalchardet/1.0.3/juniversalchardet-1.0.3.pom
2021-06-06T09:17:11.160-0500 [DEBUG] [org.apache.http.impl.conn.PoolingHttpClientConnectionManager] Connection [id: 8][route: {s}->https://dl.google.com:443] can be kept alive indefinitely
2021-06-06T09:17:11.160-0500 [DEBUG] [org.apache.http.impl.conn.DefaultManagedHttpClientConnection] http-outgoing-8: set socket timeout to 0
2021-06-06T09:17:11.160-0500 [DEBUG] [org.gradle.api.internal.artifacts.repositories.resolver.DefaultExternalResourceArtifactResolver] Loading https://repo.maven.apache.org/maven2/commons-io/commons-io/2.4/commons-io-2.4.pom
2021-06-06T09:17:11.160-0500 [DEBUG] [org.apache.http.impl.conn.PoolingHttpClientConnectionManager] Connection released: [id: 8][route: {s}->https://dl.google.com:443][total kept alive: 7; route allocated: 8 of 20; total allocated: 8 of 20]
2021-06-06T09:17:11.160-0500 [DEBUG] [org.apache.http.client.protocol.RequestAddCookies] CookieSpec selected: default
2021-06-06T09:17:11.160-0500 [DEBUG] [org.apache.http.client.protocol.RequestAddCookies] CookieSpec selected: default
2021-06-06T09:17:11.161-0500 [DEBUG] [org.apache.http.client.protocol.RequestAuthCache] Auth cache not set in the context
2021-06-06T09:17:11.160-0500 [DEBUG] [org.gradle.internal.resource.transfer.DefaultCacheAwareExternalResourceAccessor] Constructing external resource: https://repo.maven.apache.org/maven2/commons-io/commons-io/2.4/commons-io-2.4.pom
2021-06-06T09:17:11.161-0500 [DEBUG] [org.apache.http.impl.conn.PoolingHttpClientConnectionManager] Connection request: [route: {s}->https://repo.maven.apache.org:443][total kept alive: 8; route allocated: 8 of 20; total allocated: 8 of 20]
2021-06-06T09:17:11.161-0500 [DEBUG] [org.apache.http.client.protocol.RequestAuthCache] Auth cache not set in the context
2021-06-06T09:17:11.161-0500 [DEBUG] [org.apache.http.impl.conn.PoolingHttpClientConnectionManager] Connection request: [route: {s}->https://repo.maven.apache.org:443][total kept alive: 7; route allocated: 8 of 20; total allocated: 8 of 20]
2021-06-06T09:17:11.161-0500 [DEBUG] [org.apache.http.impl.conn.PoolingHttpClientConnectionManager] Connection leased: [id: 12][route: {s}->https://repo.maven.apache.org:443][total kept alive: 7; route allocated: 8 of 20; total allocated: 8 of 20]
2021-06-06T09:17:11.161-0500 [DEBUG] [org.gradle.internal.resource.transport.http.HttpResourceAccessor] Constructing external resource: https://repo.maven.apache.org/maven2/org/glassfish/jaxb/jaxb-runtime/2.3.2/jaxb-runtime-2.3.2.pom
2021-06-06T09:17:11.162-0500 [DEBUG] [org.apache.http.impl.conn.DefaultManagedHttpClientConnection] http-outgoing-12: set socket timeout to 30000
2021-06-06T09:17:11.161-0500 [DEBUG] [org.apache.http.impl.conn.PoolingHttpClientConnectionManager] Connection leased: [id: 11][route: {s}->https://repo.maven.apache.org:443][total kept alive: 6; route allocated: 8 of 20; total allocated: 8 of 20]
2021-06-06T09:17:11.161-0500 [DEBUG] [org.gradle.internal.operations.DefaultBuildOperationRunner] Build operation 'Download https://dl.google.com/dl/android/maven2/androidx/databinding/databinding-common/4.2.1/databinding-common-4.2.1.pom' completed
2021-06-06T09:17:11.162-0500 [DEBUG] [org.apache.http.impl.conn.DefaultManagedHttpClientConnection] http-outgoing-11: set socket timeout to 30000
2021-06-06T09:17:11.162-0500 [DEBUG] [org.apache.http.impl.conn.DefaultManagedHttpClientConnection] http-outgoing-12: set socket timeout to 30000
2021-06-06T09:17:11.162-0500 [DEBUG] [org.gradle.internal.resource.transport.http.HttpClientHelper] Performing HTTP GET: https://repo.maven.apache.org/maven2/org/glassfish/jaxb/jaxb-runtime/2.3.2/jaxb-runtime-2.3.2.pom
2021-06-06T09:17:11.162-0500 [DEBUG] [org.apache.http.impl.execchain.MainClientExec] Executing request GET /maven2/com/googlecode/juniversalchardet/juniversalchardet/1.0.3/juniversalchardet-1.0.3.pom HTTP/1.1
2021-06-06T09:17:11.162-0500 [DEBUG] [org.apache.http.impl.conn.DefaultManagedHttpClientConnection] http-outgoing-11: set socket timeout to 30000
2021-06-06T09:17:11.162-0500 [DEBUG] [org.apache.http.impl.execchain.MainClientExec] Executing request GET /maven2/org/antlr/antlr4/4.5.3/antlr4-4.5.3.pom HTTP/1.1
2021-06-06T09:17:11.163-0500 [DEBUG] [org.apache.http.impl.execchain.MainClientExec] Target auth state: UNCHALLENGED
2021-06-06T09:17:11.163-0500 [DEBUG] [org.apache.http.impl.execchain.MainClientExec] Proxy auth state: UNCHALLENGED
2021-06-06T09:17:11.162-0500 [DEBUG] [org.apache.http.client.protocol.RequestAddCookies] CookieSpec selected: default
2021-06-06T09:17:11.162-0500 [DEBUG] [org.apache.http.impl.execchain.MainClientExec] Target auth state: UNCHALLENGED
2021-06-06T09:17:11.163-0500 [DEBUG] [org.apache.http.client.protocol.RequestAuthCache] Auth cache not set in the context
2021-06-06T09:17:11.163-0500 [DEBUG] [org.apache.http.impl.execchain.MainClientExec] Proxy auth state: UNCHALLENGED
2021-06-06T09:17:11.163-0500 [DEBUG] [org.gradle.internal.resource.transport.http.HttpResourceAccessor] Constructing external resource metadata: https://repo.maven.apache.org/maven2/commons-io/commons-io/2.4/commons-io-2.4.pom
2021-06-06T09:17:11.163-0500 [DEBUG] [org.apache.http.impl.conn.PoolingHttpClientConnectionManager] Connection request: [route: {s}->https://repo.maven.apache.org:443][total kept alive: 6; route allocated: 8 of 20; total allocated: 8 of 20]
2021-06-06T09:17:11.163-0500 [DEBUG] [org.gradle.internal.resource.transport.http.HttpClientHelper] Performing HTTP HEAD: https://repo.maven.apache.org/maven2/commons-io/commons-io/2.4/commons-io-2.4.pom
2021-06-06T09:17:11.163-0500 [DEBUG] [org.apache.http.impl.conn.PoolingHttpClientConnectionManager] Connection leased: [id: 14][route: {s}->https://repo.maven.apache.org:443][total kept alive: 5; route allocated: 8 of 20; total allocated: 8 of 20]
2021-06-06T09:17:11.163-0500 [DEBUG] [org.apache.http.impl.conn.DefaultManagedHttpClientConnection] http-outgoing-14: set socket timeout to 30000
2021-06-06T09:17:11.164-0500 [DEBUG] [org.apache.http.impl.conn.DefaultManagedHttpClientConnection] http-outgoing-14: set socket timeout to 30000
2021-06-06T09:17:11.164-0500 [DEBUG] [org.apache.http.client.protocol.RequestAddCookies] CookieSpec selected: default
2021-06-06T09:17:11.164-0500 [DEBUG] [org.apache.http.impl.execchain.MainClientExec] Executing request GET /maven2/org/glassfish/jaxb/jaxb-runtime/2.3.2/jaxb-runtime-2.3.2.pom HTTP/1.1
2021-06-06T09:17:11.164-0500 [DEBUG] [org.apache.http.impl.execchain.MainClientExec] Target auth state: UNCHALLENGED
2021-06-06T09:17:11.164-0500 [DEBUG] [org.apache.http.impl.execchain.MainClientExec] Proxy auth state: UNCHALLENGED
2021-06-06T09:17:11.164-0500 [DEBUG] [org.apache.http.client.protocol.RequestAuthCache] Auth cache not set in the context
2021-06-06T09:17:11.164-0500 [DEBUG] [org.apache.http.impl.conn.PoolingHttpClientConnectionManager] Connection request: [route: {s}->https://repo.maven.apache.org:443][total kept alive: 5; route allocated: 8 of 20; total allocated: 8 of 20]
2021-06-06T09:17:11.164-0500 [DEBUG] [org.apache.http.impl.conn.PoolingHttpClientConnectionManager] Connection leased: [id: 10][route: {s}->https://repo.maven.apache.org:443][total kept alive: 4; route allocated: 8 of 20; total allocated: 8 of 20]
2021-06-06T09:17:11.164-0500 [DEBUG] [org.apache.http.impl.conn.DefaultManagedHttpClientConnection] http-outgoing-10: set socket timeout to 30000
2021-06-06T09:17:11.164-0500 [DEBUG] [org.apache.http.impl.conn.DefaultManagedHttpClientConnection] http-outgoing-10: set socket timeout to 30000
2021-06-06T09:17:11.165-0500 [DEBUG] [org.apache.http.impl.execchain.MainClientExec] Executing request HEAD /maven2/commons-io/commons-io/2.4/commons-io-2.4.pom HTTP/1.1
2021-06-06T09:17:11.165-0500 [DEBUG] [org.apache.http.impl.execchain.MainClientExec] Target auth state: UNCHALLENGED
2021-06-06T09:17:11.165-0500 [DEBUG] [org.apache.http.impl.execchain.MainClientExec] Proxy auth state: UNCHALLENGED
2021-06-06T09:17:11.172-0500 [DEBUG] [org.gradle.api.internal.artifacts.repositories.resolver.ExternalResourceResolver] Metadata file found for module 'androidx.databinding:databinding-common:4.2.1' in repository 'Google'.
2021-06-06T09:17:11.172-0500 [DEBUG] [org.gradle.api.internal.artifacts.repositories.resolver.DefaultExternalResourceArtifactResolver] Loading https://dl.google.com/dl/android/maven2/androidx/databinding/databinding-common/4.2.1/databinding-common-4.2.1.module
2021-06-06T09:17:11.172-0500 [DEBUG] [org.gradle.internal.resource.transfer.DefaultCacheAwareExternalResourceAccessor] Constructing external resource: https://dl.google.com/dl/android/maven2/androidx/databinding/databinding-common/4.2.1/databinding-common-4.2.1.module
2021-06-06T09:17:11.174-0500 [DEBUG] [org.gradle.internal.resource.transport.http.HttpResourceAccessor] Constructing external resource: https://dl.google.com/dl/android/maven2/androidx/databinding/databinding-common/4.2.1/databinding-common-4.2.1.module
2021-06-06T09:17:11.174-0500 [DEBUG] [org.gradle.internal.resource.transport.http.HttpClientHelper] Performing HTTP GET: https://dl.google.com/dl/android/maven2/androidx/databinding/databinding-common/4.2.1/databinding-common-4.2.1.module
2021-06-06T09:17:11.174-0500 [DEBUG] [org.apache.http.client.protocol.RequestAddCookies] CookieSpec selected: default
2021-06-06T09:17:11.174-0500 [DEBUG] [org.apache.http.client.protocol.RequestAuthCache] Auth cache not set in the context
2021-06-06T09:17:11.174-0500 [DEBUG] [org.apache.http.impl.conn.PoolingHttpClientConnectionManager] Connection request: [route: {s}->https://dl.google.com:443][total kept alive: 7; route allocated: 8 of 20; total allocated: 8 of 20]
2021-06-06T09:17:11.174-0500 [DEBUG] [org.apache.http.impl.conn.PoolingHttpClientConnectionManager] Connection leased: [id: 8][route: {s}->https://dl.google.com:443][total kept alive: 6; route allocated: 8 of 20; total allocated: 8 of 20]
2021-06-06T09:17:11.174-0500 [DEBUG] [org.apache.http.impl.conn.DefaultManagedHttpClientConnection] http-outgoing-8: set socket timeout to 30000
2021-06-06T09:17:11.175-0500 [DEBUG] [org.apache.http.impl.conn.DefaultManagedHttpClientConnection] http-outgoing-8: set socket timeout to 30000
2021-06-06T09:17:11.175-0500 [DEBUG] [org.apache.http.impl.execchain.MainClientExec] Executing request GET /dl/android/maven2/androidx/databinding/databinding-common/4.2.1/databinding-common-4.2.1.module HTTP/1.1
2021-06-06T09:17:11.175-0500 [DEBUG] [org.apache.http.impl.execchain.MainClientExec] Target auth state: UNCHALLENGED
2021-06-06T09:17:11.175-0500 [DEBUG] [org.apache.http.impl.execchain.MainClientExec] Proxy auth state: UNCHALLENGED
2021-06-06T09:17:11.178-0500 [DEBUG] [org.apache.http.impl.execchain.MainClientExec] Connection can be kept alive indefinitely
2021-06-06T09:17:11.178-0500 [DEBUG] [org.gradle.internal.resource.transport.http.HttpResponseResource] Attempting to download resource https://repo.maven.apache.org/maven2/org/antlr/antlr4/4.5.3/antlr4-4.5.3.pom.
2021-06-06T09:17:11.180-0500 [INFO] [org.gradle.internal.resource.transfer.DefaultCacheAwareExternalResourceAccessor] Downloading https://repo.maven.apache.org/maven2/org/antlr/antlr4/4.5.3/antlr4-4.5.3.pom to C:\Users\gathi\AppData\Local\Temp\gradle_download835859427243909313bin
2021-06-06T09:17:11.181-0500 [DEBUG] [org.apache.http.impl.conn.PoolingHttpClientConnectionManager] Connection [id: 11][route: {s}->https://repo.maven.apache.org:443] can be kept alive indefinitely
2021-06-06T09:17:11.181-0500 [DEBUG] [org.apache.http.impl.conn.DefaultManagedHttpClientConnection] http-outgoing-11: set socket timeout to 0
2021-06-06T09:17:11.181-0500 [DEBUG] [org.apache.http.impl.conn.PoolingHttpClientConnectionManager] Connection released: [id: 11][route: {s}->https://repo.maven.apache.org:443][total kept alive: 5; route allocated: 8 of 20; total allocated: 8 of 20]
2021-06-06T09:17:11.181-0500 [DEBUG] [org.gradle.internal.operations.DefaultBuildOperationRunner] Build operation 'Download https://repo.maven.apache.org/maven2/org/antlr/antlr4/4.5.3/antlr4-4.5.3.pom' completed
2021-06-06T09:17:11.186-0500 [DEBUG] [org.apache.http.impl.execchain.MainClientExec] Connection can be kept alive indefinitely
2021-06-06T09:17:11.187-0500 [DEBUG] [org.gradle.internal.resource.transport.http.HttpResponseResource] Attempting to download resource https://repo.maven.apache.org/maven2/org/glassfish/jaxb/jaxb-runtime/2.3.2/jaxb-runtime-2.3.2.pom.
2021-06-06T09:17:11.188-0500 [INFO] [org.gradle.internal.resource.transfer.DefaultCacheAwareExternalResourceAccessor] Downloading https://repo.maven.apache.org/maven2/org/glassfish/jaxb/jaxb-runtime/2.3.2/jaxb-runtime-2.3.2.pom to C:\Users\gathi\AppData\Local\Temp\gradle_download7536515043176105095bin
2021-06-06T09:17:11.190-0500 [DEBUG] [org.apache.http.impl.conn.PoolingHttpClientConnectionManager] Connection [id: 14][route: {s}->https://repo.maven.apache.org:443] can be kept alive indefinitely
2021-06-06T09:17:11.190-0500 [DEBUG] [org.apache.http.impl.conn.DefaultManagedHttpClientConnection] http-outgoing-14: set socket timeout to 0
2021-06-06T09:17:11.190-0500 [DEBUG] [org.apache.http.impl.conn.PoolingHttpClientConnectionManager] Connection released: [id: 14][route: {s}->https://repo.maven.apache.org:443][total kept alive: 6; route allocated: 8 of 20; total allocated: 8 of 20]
2021-06-06T09:17:11.190-0500 [DEBUG] [org.gradle.internal.operations.DefaultBuildOperationRunner] Build operation 'Download https://repo.maven.apache.org/maven2/org/glassfish/jaxb/jaxb-runtime/2.3.2/jaxb-runtime-2.3.2.pom' completed
2021-06-06T09:17:11.191-0500 [DEBUG] [org.gradle.api.internal.artifacts.ivyservice.ivyresolve.RepositoryChainComponentMetaDataResolver] Attempting to resolve component for org.antlr:antlr4-master:4.5.3 using repositories [Google, MavenRepo]
2021-06-06T09:17:11.191-0500 [DEBUG] [org.apache.http.impl.execchain.MainClientExec] Connection can be kept alive indefinitely
2021-06-06T09:17:11.191-0500 [DEBUG] [org.apache.http.impl.conn.PoolingHttpClientConnectionManager] Connection [id: 10][route: {s}->https://repo.maven.apache.org:443] can be kept alive indefinitely
2021-06-06T09:17:11.191-0500 [DEBUG] [org.apache.http.impl.conn.DefaultManagedHttpClientConnection] http-outgoing-10: set socket timeout to 0
2021-06-06T09:17:11.191-0500 [DEBUG] [org.apache.http.impl.conn.PoolingHttpClientConnectionManager] Connection released: [id: 10][route: {s}->https://repo.maven.apache.org:443][total kept alive: 7; route allocated: 8 of 20; total allocated: 8 of 20]
2021-06-06T09:17:11.192-0500 [DEBUG] [org.gradle.internal.operations.DefaultBuildOperationRunner] Build operation 'Metadata of https://repo.maven.apache.org/maven2/commons-io/commons-io/2.4/commons-io-2.4.pom' completed
2021-06-06T09:17:11.193-0500 [INFO] [org.gradle.internal.resource.transfer.DefaultCacheAwareExternalResourceAccessor] Found locally available resource with matching checksum: [https://repo.maven.apache.org/maven2/commons-io/commons-io/2.4/commons-io-2.4.pom, C:\Users\gathi\.m2\repository\commons-io\commons-io\2.4\commons-io-2.4.pom]
2021-06-06T09:17:11.196-0500 [DEBUG] [org.apache.http.impl.execchain.MainClientExec] Connection can be kept alive indefinitely
2021-06-06T09:17:11.196-0500 [DEBUG] [org.gradle.internal.resource.transport.http.HttpResponseResource] Attempting to download resource https://repo.maven.apache.org/maven2/com/googlecode/juniversalchardet/juniversalchardet/1.0.3/juniversalchardet-1.0.3.pom.
2021-06-06T09:17:11.196-0500 [DEBUG] [org.gradle.api.internal.artifacts.repositories.resolver.DefaultExternalResourceArtifactResolver] Loading https://dl.google.com/dl/android/maven2/org/antlr/antlr4-master/4.5.3/antlr4-master-4.5.3.pom
2021-06-06T09:17:11.197-0500 [DEBUG] [org.gradle.internal.resource.transfer.DefaultCacheAwareExternalResourceAccessor] Constructing external resource: https://dl.google.com/dl/android/maven2/org/antlr/antlr4-master/4.5.3/antlr4-master-4.5.3.pom
2021-06-06T09:17:11.198-0500 [INFO] [org.gradle.internal.resource.transfer.DefaultCacheAwareExternalResourceAccessor] Downloading https://repo.maven.apache.org/maven2/com/googlecode/juniversalchardet/juniversalchardet/1.0.3/juniversalchardet-1.0.3.pom to C:\Users\gathi\AppData\Local\Temp\gradle_download1648022806887456151bin
2021-06-06T09:17:11.198-0500 [DEBUG] [org.gradle.internal.resource.transport.http.HttpResourceAccessor] Constructing external resource: https://dl.google.com/dl/android/maven2/org/antlr/antlr4-master/4.5.3/antlr4-master-4.5.3.pom
2021-06-06T09:17:11.198-0500 [DEBUG] [org.gradle.internal.resource.transport.http.HttpClientHelper] Performing HTTP GET: https://dl.google.com/dl/android/maven2/org/antlr/antlr4-master/4.5.3/antlr4-master-4.5.3.pom
2021-06-06T09:17:11.198-0500 [DEBUG] [org.apache.http.client.protocol.RequestAddCookies] CookieSpec selected: default
2021-06-06T09:17:11.199-0500 [DEBUG] [org.apache.http.client.protocol.RequestAuthCache] Auth cache not set in the context
2021-06-06T09:17:11.199-0500 [DEBUG] [org.apache.http.impl.conn.PoolingHttpClientConnectionManager] Connection request: [route: {s}->https://dl.google.com:443][total kept alive: 6; route allocated: 8 of 20; total allocated: 8 of 20]
2021-06-06T09:17:11.199-0500 [DEBUG] [org.apache.http.impl.conn.PoolingHttpClientConnectionManager] Connection leased: [id: 3][route: {s}->https://dl.google.com:443][total kept alive: 5; route allocated: 8 of 20; total allocated: 8 of 20]
2021-06-06T09:17:11.199-0500 [DEBUG] [org.apache.http.impl.conn.DefaultManagedHttpClientConnection] http-outgoing-3: set socket timeout to 30000
2021-06-06T09:17:11.199-0500 [DEBUG] [org.apache.http.impl.conn.PoolingHttpClientConnectionManager] Connection [id: 12][route: {s}->https://repo.maven.apache.org:443] can be kept alive indefinitely
2021-06-06T09:17:11.199-0500 [DEBUG] [org.apache.http.impl.conn.DefaultManagedHttpClientConnection] http-outgoing-12: set socket timeout to 0
2021-06-06T09:17:11.199-0500 [DEBUG] [org.apache.http.impl.conn.DefaultManagedHttpClientConnection] http-outgoing-3: set socket timeout to 30000
2021-06-06T09:17:11.199-0500 [DEBUG] [org.apache.http.impl.conn.PoolingHttpClientConnectionManager] Connection released: [id: 12][route: {s}->https://repo.maven.apache.org:443][total kept alive: 8; route allocated: 8 of 20; total allocated: 8 of 20]
2021-06-06T09:17:11.199-0500 [DEBUG] [org.apache.http.impl.execchain.MainClientExec] Executing request GET /dl/android/maven2/org/antlr/antlr4-master/4.5.3/antlr4-master-4.5.3.pom HTTP/1.1
2021-06-06T09:17:11.199-0500 [DEBUG] [org.apache.http.impl.execchain.MainClientExec] Target auth state: UNCHALLENGED
2021-06-06T09:17:11.200-0500 [DEBUG] [org.apache.http.impl.execchain.MainClientExec] Proxy auth state: UNCHALLENGED
2021-06-06T09:17:11.200-0500 [DEBUG] [org.gradle.internal.operations.DefaultBuildOperationRunner] Build operation 'Download https://repo.maven.apache.org/maven2/com/googlecode/juniversalchardet/juniversalchardet/1.0.3/juniversalchardet-1.0.3.pom' completed
2021-06-06T09:17:11.201-0500 [DEBUG] [org.gradle.api.internal.artifacts.ivyservice.ivyresolve.RepositoryChainComponentMetaDataResolver] Attempting to resolve component for com.sun.xml.bind.mvn:jaxb-runtime-parent:2.3.2 using repositories [Google, MavenRepo]
2021-06-06T09:17:11.206-0500 [DEBUG] [org.gradle.api.internal.artifacts.ivyservice.ivyresolve.RepositoryChainComponentMetaDataResolver] Attempting to resolve component for org.apache.commons:commons-parent:25 using repositories [Google, MavenRepo]
2021-06-06T09:17:11.210-0500 [DEBUG] [org.gradle.api.internal.artifacts.repositories.resolver.DefaultExternalResourceArtifactResolver] Loading https://dl.google.com/dl/android/maven2/org/apache/commons/commons-parent/25/commons-parent-25.pom
2021-06-06T09:17:11.210-0500 [DEBUG] [org.gradle.api.internal.artifacts.repositories.resolver.DefaultExternalResourceArtifactResolver] Loading https://dl.google.com/dl/android/maven2/com/sun/xml/bind/mvn/jaxb-runtime-parent/2.3.2/jaxb-runtime-parent-2.3.2.pom
2021-06-06T09:17:11.210-0500 [DEBUG] [org.gradle.internal.resource.transfer.DefaultCacheAwareExternalResourceAccessor] Constructing external resource: https://dl.google.com/dl/android/maven2/org/apache/commons/commons-parent/25/commons-parent-25.pom
2021-06-06T09:17:11.210-0500 [DEBUG] [org.gradle.internal.resource.transfer.DefaultCacheAwareExternalResourceAccessor] Constructing external resource: https://dl.google.com/dl/android/maven2/com/sun/xml/bind/mvn/jaxb-runtime-parent/2.3.2/jaxb-runtime-parent-2.3.2.pom
2021-06-06T09:17:11.211-0500 [DEBUG] [org.gradle.internal.resource.transport.http.HttpResourceAccessor] Constructing external resource: https://dl.google.com/dl/android/maven2/com/sun/xml/bind/mvn/jaxb-runtime-parent/2.3.2/jaxb-runtime-parent-2.3.2.pom
2021-06-06T09:17:11.211-0500 [DEBUG] [org.gradle.internal.resource.transport.http.HttpClientHelper] Performing HTTP GET: https://dl.google.com/dl/android/maven2/com/sun/xml/bind/mvn/jaxb-runtime-parent/2.3.2/jaxb-runtime-parent-2.3.2.pom
2021-06-06T09:17:11.211-0500 [DEBUG] [org.apache.http.client.protocol.RequestAddCookies] CookieSpec selected: default
2021-06-06T09:17:11.211-0500 [DEBUG] [org.apache.http.client.protocol.RequestAuthCache] Auth cache not set in the context
2021-06-06T09:17:11.212-0500 [DEBUG] [org.apache.http.impl.conn.PoolingHttpClientConnectionManager] Connection request: [route: {s}->https://dl.google.com:443][total kept alive: 5; route allocated: 8 of 20; total allocated: 8 of 20]
2021-06-06T09:17:11.212-0500 [DEBUG] [org.apache.http.impl.conn.PoolingHttpClientConnectionManager] Connection leased: [id: 1][route: {s}->https://dl.google.com:443][total kept alive: 4; route allocated: 8 of 20; total allocated: 8 of 20]
2021-06-06T09:17:11.212-0500 [DEBUG] [org.apache.http.impl.conn.DefaultManagedHttpClientConnection] http-outgoing-1: set socket timeout to 30000
2021-06-06T09:17:11.212-0500 [DEBUG] [org.apache.http.impl.conn.DefaultManagedHttpClientConnection] http-outgoing-1: set socket timeout to 30000
2021-06-06T09:17:11.212-0500 [DEBUG] [org.apache.http.impl.execchain.MainClientExec] Executing request GET /dl/android/maven2/com/sun/xml/bind/mvn/jaxb-runtime-parent/2.3.2/jaxb-runtime-parent-2.3.2.pom HTTP/1.1
2021-06-06T09:17:11.212-0500 [DEBUG] [org.apache.http.impl.execchain.MainClientExec] Target auth state: UNCHALLENGED
2021-06-06T09:17:11.212-0500 [DEBUG] [org.apache.http.impl.execchain.MainClientExec] Proxy auth state: UNCHALLENGED
2021-06-06T09:17:11.212-0500 [DEBUG] [org.gradle.internal.resource.transport.http.HttpResourceAccessor] Constructing external resource metadata: https://dl.google.com/dl/android/maven2/org/apache/commons/commons-parent/25/commons-parent-25.pom
2021-06-06T09:17:11.212-0500 [DEBUG] [org.gradle.internal.resource.transport.http.HttpClientHelper] Performing HTTP HEAD: https://dl.google.com/dl/android/maven2/org/apache/commons/commons-parent/25/commons-parent-25.pom
2021-06-06T09:17:11.213-0500 [DEBUG] [org.apache.http.client.protocol.RequestAddCookies] CookieSpec selected: default
2021-06-06T09:17:11.213-0500 [DEBUG] [org.apache.http.client.protocol.RequestAuthCache] Auth cache not set in the context
2021-06-06T09:17:11.213-0500 [DEBUG] [org.apache.http.impl.conn.PoolingHttpClientConnectionManager] Connection request: [route: {s}->https://dl.google.com:443][total kept alive: 4; route allocated: 8 of 20; total allocated: 8 of 20]
2021-06-06T09:17:11.213-0500 [DEBUG] [org.apache.http.impl.conn.PoolingHttpClientConnectionManager] Connection leased: [id: 4][route: {s}->https://dl.google.com:443][total kept alive: 3; route allocated: 8 of 20; total allocated: 8 of 20]
2021-06-06T09:17:11.213-0500 [DEBUG] [org.apache.http.impl.conn.DefaultManagedHttpClientConnection] http-outgoing-4: set socket timeout to 30000
2021-06-06T09:17:11.213-0500 [DEBUG] [org.apache.http.impl.conn.DefaultManagedHttpClientConnection] http-outgoing-4: set socket timeout to 30000
2021-06-06T09:17:11.213-0500 [DEBUG] [org.apache.http.impl.execchain.MainClientExec] Executing request HEAD /dl/android/maven2/org/apache/commons/commons-parent/25/commons-parent-25.pom HTTP/1.1
2021-06-06T09:17:11.213-0500 [DEBUG] [org.apache.http.impl.execchain.MainClientExec] Target auth state: UNCHALLENGED
2021-06-06T09:17:11.213-0500 [DEBUG] [org.apache.http.impl.execchain.MainClientExec] Proxy auth state: UNCHALLENGED
2021-06-06T09:17:11.214-0500 [DEBUG] [org.gradle.api.internal.artifacts.repositories.resolver.ExternalResourceResolver] Metadata file found for module 'com.googlecode.juniversalchardet:juniversalchardet:1.0.3' in repository 'MavenRepo'.
2021-06-06T09:17:11.214-0500 [DEBUG] [org.gradle.api.internal.artifacts.ivyservice.modulecache.PersistentModuleMetadataCache] Recording module descriptor in cache: com.googlecode.juniversalchardet:juniversalchardet:1.0.3 [changing = false]
2021-06-06T09:17:11.215-0500 [DEBUG] [org.apache.http.impl.execchain.MainClientExec] Connection can be kept alive indefinitely
2021-06-06T09:17:11.216-0500 [DEBUG] [org.gradle.internal.resource.transport.http.HttpResponseResource] Attempting to download resource https://dl.google.com/dl/android/maven2/androidx/databinding/databinding-common/4.2.1/databinding-common-4.2.1.module.
2021-06-06T09:17:11.217-0500 [INFO] [org.gradle.internal.resource.transfer.DefaultCacheAwareExternalResourceAccessor] Downloading https://dl.google.com/dl/android/maven2/androidx/databinding/databinding-common/4.2.1/databinding-common-4.2.1.module to C:\Users\gathi\AppData\Local\Temp\gradle_download4323900558888615865bin
2021-06-06T09:17:11.217-0500 [DEBUG] [org.gradle.api.internal.artifacts.ivyservice.ivyresolve.RepositoryChainComponentMetaDataResolver] Using com.googlecode.juniversalchardet:juniversalchardet:1.0.3 from Maven repository 'MavenRepo'
2021-06-06T09:17:11.219-0500 [DEBUG] [org.apache.http.impl.conn.PoolingHttpClientConnectionManager] Connection [id: 8][route: {s}->https://dl.google.com:443] can be kept alive indefinitely
2021-06-06T09:17:11.219-0500 [DEBUG] [org.apache.http.impl.conn.DefaultManagedHttpClientConnection] http-outgoing-8: set socket timeout to 0
2021-06-06T09:17:11.219-0500 [DEBUG] [org.apache.http.impl.conn.PoolingHttpClientConnectionManager] Connection released: [id: 8][route: {s}->https://dl.google.com:443][total kept alive: 4; route allocated: 8 of 20; total allocated: 8 of 20]
2021-06-06T09:17:11.219-0500 [DEBUG] [org.gradle.internal.operations.DefaultBuildOperationRunner] Build operation 'Download https://dl.google.com/dl/android/maven2/androidx/databinding/databinding-common/4.2.1/databinding-common-4.2.1.module' completed
2021-06-06T09:17:11.228-0500 [DEBUG] [org.gradle.api.internal.artifacts.ivyservice.modulecache.PersistentModuleMetadataCache] Recording module descriptor in cache: androidx.databinding:databinding-common:4.2.1 [changing = false]
2021-06-06T09:17:11.232-0500 [DEBUG] [org.gradle.api.internal.artifacts.ivyservice.ivyresolve.RepositoryChainComponentMetaDataResolver] Using androidx.databinding:databinding-common:4.2.1 from Maven repository 'Google'
2021-06-06T09:17:11.232-0500 [DEBUG] [org.gradle.internal.operations.DefaultBuildOperationRunner] Build operation 'Resolve androidx.databinding:databinding-common:4.2.1' completed
2021-06-06T09:17:11.232-0500 [DEBUG] [org.gradle.internal.work.DefaultWorkerLeaseService] Worker lease root.1.43.44 completed (4 worker(s) in use)
2021-06-06T09:17:11.232-0500 [DEBUG] [org.gradle.internal.resources.AbstractTrackedResourceLock] Daemon worker: released lock on root.1.43.44
2021-06-06T09:17:11.242-0500 [DEBUG] [org.apache.http.impl.execchain.MainClientExec] Connection can be kept alive indefinitely
2021-06-06T09:17:11.243-0500 [DEBUG] [org.apache.http.impl.conn.PoolingHttpClientConnectionManager] Connection [id: 3][route: {s}->https://dl.google.com:443] can be kept alive indefinitely
2021-06-06T09:17:11.243-0500 [DEBUG] [org.apache.http.impl.conn.DefaultManagedHttpClientConnection] http-outgoing-3: set socket timeout to 0
2021-06-06T09:17:11.243-0500 [DEBUG] [org.apache.http.impl.conn.PoolingHttpClientConnectionManager] Connection released: [id: 3][route: {s}->https://dl.google.com:443][total kept alive: 5; route allocated: 8 of 20; total allocated: 8 of 20]
2021-06-06T09:17:11.243-0500 [INFO] [org.gradle.internal.resource.transport.http.HttpClientHelper] Resource missing. [HTTP GET: https://dl.google.com/dl/android/maven2/org/antlr/antlr4-master/4.5.3/antlr4-master-4.5.3.pom]
2021-06-06T09:17:11.243-0500 [DEBUG] [org.gradle.internal.operations.DefaultBuildOperationRunner] Build operation 'Download https://dl.google.com/dl/android/maven2/org/antlr/antlr4-master/4.5.3/antlr4-master-4.5.3.pom' completed
2021-06-06T09:17:11.243-0500 [DEBUG] [org.gradle.api.internal.artifacts.repositories.resolver.ExternalResourceResolver] No meta-data file or artifact found for module 'org.antlr:antlr4-master:4.5.3' in repository 'Google'.
2021-06-06T09:17:11.243-0500 [DEBUG] [org.gradle.api.internal.artifacts.ivyservice.modulecache.PersistentModuleMetadataCache] Recording absence of module descriptor in cache: org.antlr:antlr4-master:4.5.3 [changing = false]
2021-06-06T09:17:11.244-0500 [DEBUG] [org.gradle.api.internal.artifacts.repositories.resolver.DefaultExternalResourceArtifactResolver] Loading https://repo.maven.apache.org/maven2/org/antlr/antlr4-master/4.5.3/antlr4-master-4.5.3.pom
2021-06-06T09:17:11.244-0500 [DEBUG] [org.gradle.internal.resource.transfer.DefaultCacheAwareExternalResourceAccessor] Constructing external resource: https://repo.maven.apache.org/maven2/org/antlr/antlr4-master/4.5.3/antlr4-master-4.5.3.pom
2021-06-06T09:17:11.245-0500 [DEBUG] [org.apache.http.impl.execchain.MainClientExec] Connection can be kept alive indefinitely
2021-06-06T09:17:11.245-0500 [DEBUG] [org.gradle.internal.resource.transport.http.HttpResponseResource] Attempting to download resource https://dl.google.com/dl/android/maven2/com/android/databinding/baseLibrary/4.2.1/baseLibrary-4.2.1.pom.
2021-06-06T09:17:11.245-0500 [DEBUG] [org.gradle.internal.resource.transport.http.HttpResourceAccessor] Constructing external resource: https://repo.maven.apache.org/maven2/org/antlr/antlr4-master/4.5.3/antlr4-master-4.5.3.pom
2021-06-06T09:17:11.245-0500 [DEBUG] [org.gradle.internal.resource.transport.http.HttpClientHelper] Performing HTTP GET: https://repo.maven.apache.org/maven2/org/antlr/antlr4-master/4.5.3/antlr4-master-4.5.3.pom
2021-06-06T09:17:11.246-0500 [DEBUG] [org.apache.http.client.protocol.RequestAddCookies] CookieSpec selected: default
2021-06-06T09:17:11.246-0500 [DEBUG] [org.apache.http.client.protocol.RequestAuthCache] Auth cache not set in the context
2021-06-06T09:17:11.246-0500 [DEBUG] [org.apache.http.impl.conn.PoolingHttpClientConnectionManager] Connection request: [route: {s}->https://repo.maven.apache.org:443][total kept alive: 8; route allocated: 8 of 20; total allocated: 8 of 20]
2021-06-06T09:17:11.246-0500 [DEBUG] [org.apache.http.impl.conn.PoolingHttpClientConnectionManager] Connection leased: [id: 12][route: {s}->https://repo.maven.apache.org:443][total kept alive: 7; route allocated: 8 of 20; total allocated: 8 of 20]
2021-06-06T09:17:11.246-0500 [DEBUG] [org.apache.http.impl.conn.DefaultManagedHttpClientConnection] http-outgoing-12: set socket timeout to 30000
2021-06-06T09:17:11.246-0500 [DEBUG] [org.apache.http.impl.conn.DefaultManagedHttpClientConnection] http-outgoing-12: set socket timeout to 30000
2021-06-06T09:17:11.246-0500 [DEBUG] [org.apache.http.impl.execchain.MainClientExec] Executing request GET /maven2/org/antlr/antlr4-master/4.5.3/antlr4-master-4.5.3.pom HTTP/1.1
2021-06-06T09:17:11.246-0500 [DEBUG] [org.apache.http.impl.execchain.MainClientExec] Target auth state: UNCHALLENGED
2021-06-06T09:17:11.246-0500 [DEBUG] [org.apache.http.impl.execchain.MainClientExec] Proxy auth state: UNCHALLENGED
2021-06-06T09:17:11.247-0500 [INFO] [org.gradle.internal.resource.transfer.DefaultCacheAwareExternalResourceAccessor] Downloading https://dl.google.com/dl/android/maven2/com/android/databinding/baseLibrary/4.2.1/baseLibrary-4.2.1.pom to C:\Users\gathi\AppData\Local\Temp\gradle_download3582888351550475025bin
2021-06-06T09:17:11.248-0500 [DEBUG] [org.apache.http.impl.conn.PoolingHttpClientConnectionManager] Connection [id: 5][route: {s}->https://dl.google.com:443] can be kept alive indefinitely
2021-06-06T09:17:11.248-0500 [DEBUG] [org.apache.http.impl.conn.DefaultManagedHttpClientConnection] http-outgoing-5: set socket timeout to 0
2021-06-06T09:17:11.248-0500 [DEBUG] [org.apache.http.impl.conn.PoolingHttpClientConnectionManager] Connection released: [id: 5][route: {s}->https://dl.google.com:443][total kept alive: 6; route allocated: 8 of 20; total allocated: 8 of 20]
2021-06-06T09:17:11.248-0500 [DEBUG] [org.gradle.internal.operations.DefaultBuildOperationRunner] Build operation 'Download https://dl.google.com/dl/android/maven2/com/android/databinding/baseLibrary/4.2.1/baseLibrary-4.2.1.pom' completed
2021-06-06T09:17:11.251-0500 [DEBUG] [org.apache.http.impl.execchain.MainClientExec] Connection can be kept alive indefinitely
2021-06-06T09:17:11.251-0500 [DEBUG] [org.apache.http.impl.conn.PoolingHttpClientConnectionManager] Connection [id: 1][route: {s}->https://dl.google.com:443] can be kept alive indefinitely
2021-06-06T09:17:11.251-0500 [DEBUG] [org.apache.http.impl.conn.DefaultManagedHttpClientConnection] http-outgoing-1: set socket timeout to 0
2021-06-06T09:17:11.251-0500 [DEBUG] [org.apache.http.impl.conn.PoolingHttpClientConnectionManager] Connection released: [id: 1][route: {s}->https://dl.google.com:443][total kept alive: 7; route allocated: 8 of 20; total allocated: 8 of 20]
2021-06-06T09:17:11.251-0500 [INFO] [org.gradle.internal.resource.transport.http.HttpClientHelper] Resource missing. [HTTP GET: https://dl.google.com/dl/android/maven2/com/sun/xml/bind/mvn/jaxb-runtime-parent/2.3.2/jaxb-runtime-parent-2.3.2.pom]
2021-06-06T09:17:11.252-0500 [DEBUG] [org.gradle.internal.operations.DefaultBuildOperationRunner] Build operation 'Download https://dl.google.com/dl/android/maven2/com/sun/xml/bind/mvn/jaxb-runtime-parent/2.3.2/jaxb-runtime-parent-2.3.2.pom' completed
2021-06-06T09:17:11.252-0500 [DEBUG] [org.gradle.api.internal.artifacts.repositories.resolver.ExternalResourceResolver] No meta-data file or artifact found for module 'com.sun.xml.bind.mvn:jaxb-runtime-parent:2.3.2' in repository 'Google'.
2021-06-06T09:17:11.252-0500 [DEBUG] [org.gradle.api.internal.artifacts.ivyservice.modulecache.PersistentModuleMetadataCache] Recording absence of module descriptor in cache: com.sun.xml.bind.mvn:jaxb-runtime-parent:2.3.2 [changing = false]
2021-06-06T09:17:11.254-0500 [DEBUG] [org.gradle.api.internal.artifacts.repositories.resolver.DefaultExternalResourceArtifactResolver] Loading https://repo.maven.apache.org/maven2/com/sun/xml/bind/mvn/jaxb-runtime-parent/2.3.2/jaxb-runtime-parent-2.3.2.pom
2021-06-06T09:17:11.254-0500 [DEBUG] [org.gradle.internal.resource.transfer.DefaultCacheAwareExternalResourceAccessor] Constructing external resource: https://repo.maven.apache.org/maven2/com/sun/xml/bind/mvn/jaxb-runtime-parent/2.3.2/jaxb-runtime-parent-2.3.2.pom
2021-06-06T09:17:11.255-0500 [DEBUG] [org.gradle.internal.resource.transport.http.HttpResourceAccessor] Constructing external resource: https://repo.maven.apache.org/maven2/com/sun/xml/bind/mvn/jaxb-runtime-parent/2.3.2/jaxb-runtime-parent-2.3.2.pom
2021-06-06T09:17:11.255-0500 [DEBUG] [org.gradle.internal.resource.transport.http.HttpClientHelper] Performing HTTP GET: https://repo.maven.apache.org/maven2/com/sun/xml/bind/mvn/jaxb-runtime-parent/2.3.2/jaxb-runtime-parent-2.3.2.pom
2021-06-06T09:17:11.255-0500 [DEBUG] [org.apache.http.client.protocol.RequestAddCookies] CookieSpec selected: default
2021-06-06T09:17:11.255-0500 [DEBUG] [org.apache.http.client.protocol.RequestAuthCache] Auth cache not set in the context
2021-06-06T09:17:11.255-0500 [DEBUG] [org.apache.http.impl.conn.PoolingHttpClientConnectionManager] Connection request: [route: {s}->https://repo.maven.apache.org:443][total kept alive: 7; route allocated: 8 of 20; total allocated: 8 of 20]
2021-06-06T09:17:11.255-0500 [DEBUG] [org.apache.http.impl.conn.PoolingHttpClientConnectionManager] Connection leased: [id: 10][route: {s}->https://repo.maven.apache.org:443][total kept alive: 6; route allocated: 8 of 20; total allocated: 8 of 20]
2021-06-06T09:17:11.256-0500 [DEBUG] [org.apache.http.impl.conn.DefaultManagedHttpClientConnection] http-outgoing-10: set socket timeout to 30000
2021-06-06T09:17:11.256-0500 [DEBUG] [org.apache.http.impl.conn.DefaultManagedHttpClientConnection] http-outgoing-10: set socket timeout to 30000
2021-06-06T09:17:11.256-0500 [DEBUG] [org.apache.http.impl.execchain.MainClientExec] Executing request GET /maven2/com/sun/xml/bind/mvn/jaxb-runtime-parent/2.3.2/jaxb-runtime-parent-2.3.2.pom HTTP/1.1
2021-06-06T09:17:11.256-0500 [DEBUG] [org.apache.http.impl.execchain.MainClientExec] Target auth state: UNCHALLENGED
2021-06-06T09:17:11.256-0500 [DEBUG] [org.apache.http.impl.execchain.MainClientExec] Proxy auth state: UNCHALLENGED
2021-06-06T09:17:11.258-0500 [DEBUG] [org.gradle.api.internal.artifacts.repositories.resolver.ExternalResourceResolver] Metadata file found for module 'com.android.databinding:baseLibrary:4.2.1' in repository 'Google'.
2021-06-06T09:17:11.259-0500 [DEBUG] [org.gradle.api.internal.artifacts.repositories.resolver.DefaultExternalResourceArtifactResolver] Loading https://dl.google.com/dl/android/maven2/com/android/databinding/baseLibrary/4.2.1/baseLibrary-4.2.1.module
2021-06-06T09:17:11.259-0500 [DEBUG] [org.gradle.internal.resource.transfer.DefaultCacheAwareExternalResourceAccessor] Constructing external resource: https://dl.google.com/dl/android/maven2/com/android/databinding/baseLibrary/4.2.1/baseLibrary-4.2.1.module
2021-06-06T09:17:11.260-0500 [DEBUG] [org.gradle.internal.resource.transport.http.HttpResourceAccessor] Constructing external resource: https://dl.google.com/dl/android/maven2/com/android/databinding/baseLibrary/4.2.1/baseLibrary-4.2.1.module
2021-06-06T09:17:11.260-0500 [DEBUG] [org.gradle.internal.resource.transport.http.HttpClientHelper] Performing HTTP GET: https://dl.google.com/dl/android/maven2/com/android/databinding/baseLibrary/4.2.1/baseLibrary-4.2.1.module
2021-06-06T09:17:11.260-0500 [DEBUG] [org.apache.http.client.protocol.RequestAddCookies] CookieSpec selected: default
2021-06-06T09:17:11.260-0500 [DEBUG] [org.apache.http.client.protocol.RequestAuthCache] Auth cache not set in the context
2021-06-06T09:17:11.261-0500 [DEBUG] [org.apache.http.impl.conn.PoolingHttpClientConnectionManager] Connection request: [route: {s}->https://dl.google.com:443][total kept alive: 7; route allocated: 8 of 20; total allocated: 8 of 20]
2021-06-06T09:17:11.261-0500 [DEBUG] [org.apache.http.impl.conn.PoolingHttpClientConnectionManager] Connection leased: [id: 1][route: {s}->https://dl.google.com:443][total kept alive: 6; route allocated: 8 of 20; total allocated: 8 of 20]
2021-06-06T09:17:11.261-0500 [DEBUG] [org.apache.http.impl.conn.DefaultManagedHttpClientConnection] http-outgoing-1: set socket timeout to 30000
2021-06-06T09:17:11.261-0500 [DEBUG] [org.apache.http.impl.conn.DefaultManagedHttpClientConnection] http-outgoing-1: set socket timeout to 30000
2021-06-06T09:17:11.261-0500 [DEBUG] [org.apache.http.impl.execchain.MainClientExec] Executing request GET /dl/android/maven2/com/android/databinding/baseLibrary/4.2.1/baseLibrary-4.2.1.module HTTP/1.1
2021-06-06T09:17:11.261-0500 [DEBUG] [org.apache.http.impl.execchain.MainClientExec] Target auth state: UNCHALLENGED
2021-06-06T09:17:11.261-0500 [DEBUG] [org.apache.http.impl.execchain.MainClientExec] Proxy auth state: UNCHALLENGED
2021-06-06T09:17:11.263-0500 [DEBUG] [org.apache.http.impl.execchain.MainClientExec] Connection can be kept alive indefinitely
2021-06-06T09:17:11.263-0500 [DEBUG] [org.gradle.internal.resource.transport.http.HttpResponseResource] Attempting to download resource https://repo.maven.apache.org/maven2/org/antlr/antlr4-master/4.5.3/antlr4-master-4.5.3.pom.
2021-06-06T09:17:11.263-0500 [DEBUG] [org.apache.http.impl.execchain.MainClientExec] Connection can be kept alive indefinitely
2021-06-06T09:17:11.263-0500 [DEBUG] [org.apache.http.impl.conn.PoolingHttpClientConnectionManager] Connection [id: 4][route: {s}->https://dl.google.com:443] can be kept alive indefinitely
2021-06-06T09:17:11.264-0500 [DEBUG] [org.apache.http.impl.conn.DefaultManagedHttpClientConnection] http-outgoing-4: set socket timeout to 0
2021-06-06T09:17:11.264-0500 [DEBUG] [org.apache.http.impl.conn.PoolingHttpClientConnectionManager] Connection released: [id: 4][route: {s}->https://dl.google.com:443][total kept alive: 7; route allocated: 8 of 20; total allocated: 8 of 20]
2021-06-06T09:17:11.264-0500 [INFO] [org.gradle.internal.resource.transport.http.HttpClientHelper] Resource missing. [HTTP HEAD: https://dl.google.com/dl/android/maven2/org/apache/commons/commons-parent/25/commons-parent-25.pom]
2021-06-06T09:17:11.264-0500 [DEBUG] [org.gradle.internal.operations.DefaultBuildOperationRunner] Build operation 'Metadata of https://dl.google.com/dl/android/maven2/org/apache/commons/commons-parent/25/commons-parent-25.pom' completed
2021-06-06T09:17:11.264-0500 [DEBUG] [org.gradle.api.internal.artifacts.repositories.resolver.ExternalResourceResolver] No meta-data file or artifact found for module 'org.apache.commons:commons-parent:25' in repository 'Google'.
2021-06-06T09:17:11.264-0500 [DEBUG] [org.gradle.api.internal.artifacts.ivyservice.modulecache.PersistentModuleMetadataCache] Recording absence of module descriptor in cache: org.apache.commons:commons-parent:25 [changing = false]
2021-06-06T09:17:11.265-0500 [DEBUG] [org.gradle.api.internal.artifacts.repositories.resolver.DefaultExternalResourceArtifactResolver] Loading https://repo.maven.apache.org/maven2/org/apache/commons/commons-parent/25/commons-parent-25.pom
2021-06-06T09:17:11.265-0500 [INFO] [org.gradle.internal.resource.transfer.DefaultCacheAwareExternalResourceAccessor] Downloading https://repo.maven.apache.org/maven2/org/antlr/antlr4-master/4.5.3/antlr4-master-4.5.3.pom to C:\Users\gathi\AppData\Local\Temp\gradle_download12598372239413421425bin
2021-06-06T09:17:11.265-0500 [DEBUG] [org.gradle.internal.resource.transfer.DefaultCacheAwareExternalResourceAccessor] Constructing external resource: https://repo.maven.apache.org/maven2/org/apache/commons/commons-parent/25/commons-parent-25.pom
2021-06-06T09:17:11.266-0500 [DEBUG] [org.gradle.internal.resource.transport.http.HttpResourceAccessor] Constructing external resource metadata: https://repo.maven.apache.org/maven2/org/apache/commons/commons-parent/25/commons-parent-25.pom
2021-06-06T09:17:11.266-0500 [DEBUG] [org.apache.http.impl.conn.PoolingHttpClientConnectionManager] Connection [id: 12][route: {s}->https://repo.maven.apache.org:443] can be kept alive indefinitely
2021-06-06T09:17:11.266-0500 [DEBUG] [org.apache.http.impl.conn.DefaultManagedHttpClientConnection] http-outgoing-12: set socket timeout to 0
2021-06-06T09:17:11.266-0500 [DEBUG] [org.gradle.internal.resource.transport.http.HttpClientHelper] Performing HTTP HEAD: https://repo.maven.apache.org/maven2/org/apache/commons/commons-parent/25/commons-parent-25.pom
2021-06-06T09:17:11.266-0500 [DEBUG] [org.apache.http.impl.conn.PoolingHttpClientConnectionManager] Connection released: [id: 12][route: {s}->https://repo.maven.apache.org:443][total kept alive: 7; route allocated: 8 of 20; total allocated: 8 of 20]
2021-06-06T09:17:11.267-0500 [DEBUG] [org.apache.http.client.protocol.RequestAddCookies] CookieSpec selected: default
2021-06-06T09:17:11.267-0500 [DEBUG] [org.gradle.internal.operations.DefaultBuildOperationRunner] Build operation 'Download https://repo.maven.apache.org/maven2/org/antlr/antlr4-master/4.5.3/antlr4-master-4.5.3.pom' completed
2021-06-06T09:17:11.267-0500 [DEBUG] [org.apache.http.client.protocol.RequestAuthCache] Auth cache not set in the context
2021-06-06T09:17:11.267-0500 [DEBUG] [org.apache.http.impl.conn.PoolingHttpClientConnectionManager] Connection request: [route: {s}->https://repo.maven.apache.org:443][total kept alive: 7; route allocated: 8 of 20; total allocated: 8 of 20]
2021-06-06T09:17:11.267-0500 [DEBUG] [org.apache.http.impl.conn.PoolingHttpClientConnectionManager] Connection leased: [id: 12][route: {s}->https://repo.maven.apache.org:443][total kept alive: 6; route allocated: 8 of 20; total allocated: 8 of 20]
2021-06-06T09:17:11.267-0500 [DEBUG] [org.apache.http.impl.conn.DefaultManagedHttpClientConnection] http-outgoing-12: set socket timeout to 30000
2021-06-06T09:17:11.267-0500 [DEBUG] [org.apache.http.impl.conn.DefaultManagedHttpClientConnection] http-outgoing-12: set socket timeout to 30000
2021-06-06T09:17:11.268-0500 [DEBUG] [org.apache.http.impl.execchain.MainClientExec] Executing request HEAD /maven2/org/apache/commons/commons-parent/25/commons-parent-25.pom HTTP/1.1
2021-06-06T09:17:11.268-0500 [DEBUG] [org.apache.http.impl.execchain.MainClientExec] Target auth state: UNCHALLENGED
2021-06-06T09:17:11.268-0500 [DEBUG] [org.apache.http.impl.execchain.MainClientExec] Proxy auth state: UNCHALLENGED
2021-06-06T09:17:11.274-0500 [DEBUG] [org.gradle.api.internal.artifacts.ivyservice.ivyresolve.RepositoryChainComponentMetaDataResolver] Attempting to resolve component for org.sonatype.oss:oss-parent:9 using repositories [Google, MavenRepo]
2021-06-06T09:17:11.275-0500 [DEBUG] [org.gradle.api.internal.artifacts.repositories.resolver.DefaultExternalResourceArtifactResolver] Loading https://dl.google.com/dl/android/maven2/org/sonatype/oss/oss-parent/9/oss-parent-9.pom
2021-06-06T09:17:11.275-0500 [DEBUG] [org.gradle.internal.resource.transfer.DefaultCacheAwareExternalResourceAccessor] Constructing external resource: https://dl.google.com/dl/android/maven2/org/sonatype/oss/oss-parent/9/oss-parent-9.pom
2021-06-06T09:17:11.276-0500 [DEBUG] [org.gradle.internal.resource.transport.http.HttpResourceAccessor] Constructing external resource metadata: https://dl.google.com/dl/android/maven2/org/sonatype/oss/oss-parent/9/oss-parent-9.pom
2021-06-06T09:17:11.277-0500 [DEBUG] [org.apache.http.impl.execchain.MainClientExec] Connection can be kept alive indefinitely
2021-06-06T09:17:11.277-0500 [DEBUG] [org.gradle.internal.resource.transport.http.HttpClientHelper] Performing HTTP HEAD: https://dl.google.com/dl/android/maven2/org/sonatype/oss/oss-parent/9/oss-parent-9.pom
2021-06-06T09:17:11.277-0500 [DEBUG] [org.gradle.internal.resource.transport.http.HttpResponseResource] Attempting to download resource https://repo.maven.apache.org/maven2/com/sun/xml/bind/mvn/jaxb-runtime-parent/2.3.2/jaxb-runtime-parent-2.3.2.pom.
2021-06-06T09:17:11.277-0500 [DEBUG] [org.apache.http.client.protocol.RequestAddCookies] CookieSpec selected: default
2021-06-06T09:17:11.277-0500 [DEBUG] [org.apache.http.client.protocol.RequestAuthCache] Auth cache not set in the context
2021-06-06T09:17:11.277-0500 [DEBUG] [org.apache.http.impl.conn.PoolingHttpClientConnectionManager] Connection request: [route: {s}->https://dl.google.com:443][total kept alive: 7; route allocated: 8 of 20; total allocated: 8 of 20]
2021-06-06T09:17:11.278-0500 [DEBUG] [org.apache.http.impl.conn.PoolingHttpClientConnectionManager] Connection leased: [id: 4][route: {s}->https://dl.google.com:443][total kept alive: 6; route allocated: 8 of 20; total allocated: 8 of 20]
2021-06-06T09:17:11.278-0500 [DEBUG] [org.apache.http.impl.conn.DefaultManagedHttpClientConnection] http-outgoing-4: set socket timeout to 30000
2021-06-06T09:17:11.278-0500 [DEBUG] [org.apache.http.impl.conn.DefaultManagedHttpClientConnection] http-outgoing-4: set socket timeout to 30000
2021-06-06T09:17:11.278-0500 [DEBUG] [org.apache.http.impl.execchain.MainClientExec] Executing request HEAD /dl/android/maven2/org/sonatype/oss/oss-parent/9/oss-parent-9.pom HTTP/1.1
2021-06-06T09:17:11.278-0500 [DEBUG] [org.apache.http.impl.execchain.MainClientExec] Target auth state: UNCHALLENGED
2021-06-06T09:17:11.278-0500 [DEBUG] [org.apache.http.impl.execchain.MainClientExec] Proxy auth state: UNCHALLENGED
2021-06-06T09:17:11.278-0500 [INFO] [org.gradle.internal.resource.transfer.DefaultCacheAwareExternalResourceAccessor] Downloading https://repo.maven.apache.org/maven2/com/sun/xml/bind/mvn/jaxb-runtime-parent/2.3.2/jaxb-runtime-parent-2.3.2.pom to C:\Users\gathi\AppData\Local\Temp\gradle_download12068653656054699132bin
2021-06-06T09:17:11.279-0500 [DEBUG] [org.apache.http.impl.conn.PoolingHttpClientConnectionManager] Connection [id: 10][route: {s}->https://repo.maven.apache.org:443] can be kept alive indefinitely
2021-06-06T09:17:11.279-0500 [DEBUG] [org.apache.http.impl.conn.DefaultManagedHttpClientConnection] http-outgoing-10: set socket timeout to 0
2021-06-06T09:17:11.279-0500 [DEBUG] [org.apache.http.impl.conn.PoolingHttpClientConnectionManager] Connection released: [id: 10][route: {s}->https://repo.maven.apache.org:443][total kept alive: 7; route allocated: 8 of 20; total allocated: 8 of 20]
2021-06-06T09:17:11.280-0500 [DEBUG] [org.gradle.internal.operations.DefaultBuildOperationRunner] Build operation 'Download https://repo.maven.apache.org/maven2/com/sun/xml/bind/mvn/jaxb-runtime-parent/2.3.2/jaxb-runtime-parent-2.3.2.pom' completed
2021-06-06T09:17:11.287-0500 [DEBUG] [org.apache.http.impl.execchain.MainClientExec] Connection can be kept alive indefinitely
2021-06-06T09:17:11.287-0500 [DEBUG] [org.apache.http.impl.conn.PoolingHttpClientConnectionManager] Connection [id: 12][route: {s}->https://repo.maven.apache.org:443] can be kept alive indefinitely
2021-06-06T09:17:11.287-0500 [DEBUG] [org.apache.http.impl.conn.DefaultManagedHttpClientConnection] http-outgoing-12: set socket timeout to 0
2021-06-06T09:17:11.287-0500 [DEBUG] [org.apache.http.impl.conn.PoolingHttpClientConnectionManager] Connection released: [id: 12][route: {s}->https://repo.maven.apache.org:443][total kept alive: 8; route allocated: 8 of 20; total allocated: 8 of 20]
2021-06-06T09:17:11.287-0500 [DEBUG] [org.gradle.internal.operations.DefaultBuildOperationRunner] Build operation 'Metadata of https://repo.maven.apache.org/maven2/org/apache/commons/commons-parent/25/commons-parent-25.pom' completed
2021-06-06T09:17:11.288-0500 [DEBUG] [org.gradle.api.internal.artifacts.ivyservice.ivyresolve.RepositoryChainComponentMetaDataResolver] Attempting to resolve component for com.sun.xml.bind.mvn:jaxb-parent:2.3.2 using repositories [Google, MavenRepo]
2021-06-06T09:17:11.288-0500 [DEBUG] [org.gradle.api.internal.artifacts.repositories.resolver.DefaultExternalResourceArtifactResolver] Loading https://dl.google.com/dl/android/maven2/com/sun/xml/bind/mvn/jaxb-parent/2.3.2/jaxb-parent-2.3.2.pom
2021-06-06T09:17:11.288-0500 [DEBUG] [org.gradle.internal.resource.transfer.DefaultCacheAwareExternalResourceAccessor] Constructing external resource: https://dl.google.com/dl/android/maven2/com/sun/xml/bind/mvn/jaxb-parent/2.3.2/jaxb-parent-2.3.2.pom
2021-06-06T09:17:11.289-0500 [INFO] [org.gradle.internal.resource.transfer.DefaultCacheAwareExternalResourceAccessor] Found locally available resource with matching checksum: [https://repo.maven.apache.org/maven2/org/apache/commons/commons-parent/25/commons-parent-25.pom, C:\Users\gathi\.m2\repository\org\apache\commons\commons-parent\25\commons-parent-25.pom]
2021-06-06T09:17:11.290-0500 [DEBUG] [org.gradle.internal.resource.transport.http.HttpResourceAccessor] Constructing external resource: https://dl.google.com/dl/android/maven2/com/sun/xml/bind/mvn/jaxb-parent/2.3.2/jaxb-parent-2.3.2.pom
2021-06-06T09:17:11.290-0500 [DEBUG] [org.gradle.internal.resource.transport.http.HttpClientHelper] Performing HTTP GET: https://dl.google.com/dl/android/maven2/com/sun/xml/bind/mvn/jaxb-parent/2.3.2/jaxb-parent-2.3.2.pom
2021-06-06T09:17:11.290-0500 [DEBUG] [org.apache.http.client.protocol.RequestAddCookies] CookieSpec selected: default
2021-06-06T09:17:11.290-0500 [DEBUG] [org.apache.http.client.protocol.RequestAuthCache] Auth cache not set in the context
2021-06-06T09:17:11.290-0500 [DEBUG] [org.apache.http.impl.conn.PoolingHttpClientConnectionManager] Connection request: [route: {s}->https://dl.google.com:443][total kept alive: 6; route allocated: 8 of 20; total allocated: 8 of 20]
2021-06-06T09:17:11.291-0500 [DEBUG] [org.apache.http.impl.conn.PoolingHttpClientConnectionManager] Connection leased: [id: 5][route: {s}->https://dl.google.com:443][total kept alive: 5; route allocated: 8 of 20; total allocated: 8 of 20]
2021-06-06T09:17:11.291-0500 [DEBUG] [org.apache.http.impl.conn.DefaultManagedHttpClientConnection] http-outgoing-5: set socket timeout to 30000
2021-06-06T09:17:11.291-0500 [DEBUG] [org.apache.http.impl.conn.DefaultManagedHttpClientConnection] http-outgoing-5: set socket timeout to 30000
2021-06-06T09:17:11.291-0500 [DEBUG] [org.apache.http.impl.execchain.MainClientExec] Executing request GET /dl/android/maven2/com/sun/xml/bind/mvn/jaxb-parent/2.3.2/jaxb-parent-2.3.2.pom HTTP/1.1
2021-06-06T09:17:11.291-0500 [DEBUG] [org.apache.http.impl.execchain.MainClientExec] Target auth state: UNCHALLENGED
2021-06-06T09:17:11.291-0500 [DEBUG] [org.apache.http.impl.execchain.MainClientExec] Proxy auth state: UNCHALLENGED
2021-06-06T09:17:11.307-0500 [DEBUG] [org.gradle.api.internal.artifacts.ivyservice.ivyresolve.RepositoryChainComponentMetaDataResolver] Attempting to resolve component for org.apache:apache:9 using repositories [Google, MavenRepo]
2021-06-06T09:17:11.307-0500 [DEBUG] [org.gradle.api.internal.artifacts.repositories.resolver.DefaultExternalResourceArtifactResolver] Loading https://dl.google.com/dl/android/maven2/org/apache/apache/9/apache-9.pom
2021-06-06T09:17:11.307-0500 [DEBUG] [org.gradle.internal.resource.transfer.DefaultCacheAwareExternalResourceAccessor] Constructing external resource: https://dl.google.com/dl/android/maven2/org/apache/apache/9/apache-9.pom
2021-06-06T09:17:11.309-0500 [DEBUG] [org.gradle.internal.resource.transport.http.HttpResourceAccessor] Constructing external resource metadata: https://dl.google.com/dl/android/maven2/org/apache/apache/9/apache-9.pom
2021-06-06T09:17:11.309-0500 [DEBUG] [org.gradle.internal.resource.transport.http.HttpClientHelper] Performing HTTP HEAD: https://dl.google.com/dl/android/maven2/org/apache/apache/9/apache-9.pom
2021-06-06T09:17:11.309-0500 [DEBUG] [org.apache.http.client.protocol.RequestAddCookies] CookieSpec selected: default
2021-06-06T09:17:11.309-0500 [DEBUG] [org.apache.http.client.protocol.RequestAuthCache] Auth cache not set in the context
2021-06-06T09:17:11.309-0500 [DEBUG] [org.apache.http.impl.conn.PoolingHttpClientConnectionManager] Connection request: [route: {s}->https://dl.google.com:443][total kept alive: 5; route allocated: 8 of 20; total allocated: 8 of 20]
2021-06-06T09:17:11.309-0500 [DEBUG] [org.apache.http.impl.conn.PoolingHttpClientConnectionManager] Connection leased: [id: 3][route: {s}->https://dl.google.com:443][total kept alive: 4; route allocated: 8 of 20; total allocated: 8 of 20]
2021-06-06T09:17:11.310-0500 [DEBUG] [org.apache.http.impl.conn.DefaultManagedHttpClientConnection] http-outgoing-3: set socket timeout to 30000
2021-06-06T09:17:11.310-0500 [DEBUG] [org.apache.http.impl.conn.DefaultManagedHttpClientConnection] http-outgoing-3: set socket timeout to 30000
2021-06-06T09:17:11.310-0500 [DEBUG] [org.apache.http.impl.execchain.MainClientExec] Executing request HEAD /dl/android/maven2/org/apache/apache/9/apache-9.pom HTTP/1.1
2021-06-06T09:17:11.310-0500 [DEBUG] [org.apache.http.impl.execchain.MainClientExec] Target auth state: UNCHALLENGED
2021-06-06T09:17:11.310-0500 [DEBUG] [org.apache.http.impl.execchain.MainClientExec] Proxy auth state: UNCHALLENGED
2021-06-06T09:17:11.318-0500 [DEBUG] [org.apache.http.impl.execchain.MainClientExec] Connection can be kept alive indefinitely
2021-06-06T09:17:11.318-0500 [DEBUG] [org.apache.http.impl.conn.PoolingHttpClientConnectionManager] Connection [id: 4][route: {s}->https://dl.google.com:443] can be kept alive indefinitely
2021-06-06T09:17:11.318-0500 [DEBUG] [org.apache.http.impl.conn.DefaultManagedHttpClientConnection] http-outgoing-4: set socket timeout to 0
2021-06-06T09:17:11.318-0500 [DEBUG] [org.apache.http.impl.conn.PoolingHttpClientConnectionManager] Connection released: [id: 4][route: {s}->https://dl.google.com:443][total kept alive: 5; route allocated: 8 of 20; total allocated: 8 of 20]
2021-06-06T09:17:11.318-0500 [INFO] [org.gradle.internal.resource.transport.http.HttpClientHelper] Resource missing. [HTTP HEAD: https://dl.google.com/dl/android/maven2/org/sonatype/oss/oss-parent/9/oss-parent-9.pom]
2021-06-06T09:17:11.318-0500 [DEBUG] [org.gradle.internal.operations.DefaultBuildOperationRunner] Build operation 'Metadata of https://dl.google.com/dl/android/maven2/org/sonatype/oss/oss-parent/9/oss-parent-9.pom' completed
2021-06-06T09:17:11.318-0500 [DEBUG] [org.gradle.api.internal.artifacts.repositories.resolver.ExternalResourceResolver] No meta-data file or artifact found for module 'org.sonatype.oss:oss-parent:9' in repository 'Google'.
2021-06-06T09:17:11.319-0500 [DEBUG] [org.gradle.api.internal.artifacts.ivyservice.modulecache.PersistentModuleMetadataCache] Recording absence of module descriptor in cache: org.sonatype.oss:oss-parent:9 [changing = false]
2021-06-06T09:17:11.319-0500 [DEBUG] [org.gradle.api.internal.artifacts.repositories.resolver.DefaultExternalResourceArtifactResolver] Loading https://repo.maven.apache.org/maven2/org/sonatype/oss/oss-parent/9/oss-parent-9.pom
2021-06-06T09:17:11.319-0500 [DEBUG] [org.gradle.internal.resource.transfer.DefaultCacheAwareExternalResourceAccessor] Constructing external resource: https://repo.maven.apache.org/maven2/org/sonatype/oss/oss-parent/9/oss-parent-9.pom
2021-06-06T09:17:11.320-0500 [DEBUG] [org.gradle.internal.resource.transport.http.HttpResourceAccessor] Constructing external resource metadata: https://repo.maven.apache.org/maven2/org/sonatype/oss/oss-parent/9/oss-parent-9.pom
2021-06-06T09:17:11.320-0500 [DEBUG] [org.gradle.internal.resource.transport.http.HttpClientHelper] Performing HTTP HEAD: https://repo.maven.apache.org/maven2/org/sonatype/oss/oss-parent/9/oss-parent-9.pom
2021-06-06T09:17:11.321-0500 [DEBUG] [org.apache.http.client.protocol.RequestAddCookies] CookieSpec selected: default
2021-06-06T09:17:11.321-0500 [DEBUG] [org.apache.http.client.protocol.RequestAuthCache] Auth cache not set in the context
2021-06-06T09:17:11.321-0500 [DEBUG] [org.apache.http.impl.conn.PoolingHttpClientConnectionManager] Connection request: [route: {s}->https://repo.maven.apache.org:443][total kept alive: 8; route allocated: 8 of 20; total allocated: 8 of 20]
2021-06-06T09:17:11.321-0500 [DEBUG] [org.apache.http.impl.conn.PoolingHttpClientConnectionManager] Connection leased: [id: 12][route: {s}->https://repo.maven.apache.org:443][total kept alive: 7; route allocated: 8 of 20; total allocated: 8 of 20]
2021-06-06T09:17:11.321-0500 [DEBUG] [org.apache.http.impl.conn.DefaultManagedHttpClientConnection] http-outgoing-12: set socket timeout to 30000
2021-06-06T09:17:11.321-0500 [DEBUG] [org.apache.http.impl.conn.DefaultManagedHttpClientConnection] http-outgoing-12: set socket timeout to 30000
2021-06-06T09:17:11.321-0500 [DEBUG] [org.apache.http.impl.execchain.MainClientExec] Executing request HEAD /maven2/org/sonatype/oss/oss-parent/9/oss-parent-9.pom HTTP/1.1
2021-06-06T09:17:11.321-0500 [DEBUG] [org.apache.http.impl.execchain.MainClientExec] Target auth state: UNCHALLENGED
2021-06-06T09:17:11.321-0500 [DEBUG] [org.apache.http.impl.execchain.MainClientExec] Proxy auth state: UNCHALLENGED
2021-06-06T09:17:11.328-0500 [DEBUG] [org.apache.http.impl.execchain.MainClientExec] Connection can be kept alive indefinitely
2021-06-06T09:17:11.329-0500 [DEBUG] [org.apache.http.impl.conn.PoolingHttpClientConnectionManager] Connection [id: 5][route: {s}->https://dl.google.com:443] can be kept alive indefinitely
2021-06-06T09:17:11.329-0500 [DEBUG] [org.apache.http.impl.conn.DefaultManagedHttpClientConnection] http-outgoing-5: set socket timeout to 0
2021-06-06T09:17:11.329-0500 [DEBUG] [org.apache.http.impl.conn.PoolingHttpClientConnectionManager] Connection released: [id: 5][route: {s}->https://dl.google.com:443][total kept alive: 6; route allocated: 8 of 20; total allocated: 8 of 20]
2021-06-06T09:17:11.329-0500 [INFO] [org.gradle.internal.resource.transport.http.HttpClientHelper] Resource missing. [HTTP GET: https://dl.google.com/dl/android/maven2/com/sun/xml/bind/mvn/jaxb-parent/2.3.2/jaxb-parent-2.3.2.pom]
2021-06-06T09:17:11.329-0500 [DEBUG] [org.gradle.internal.operations.DefaultBuildOperationRunner] Build operation 'Download https://dl.google.com/dl/android/maven2/com/sun/xml/bind/mvn/jaxb-parent/2.3.2/jaxb-parent-2.3.2.pom' completed
2021-06-06T09:17:11.329-0500 [DEBUG] [org.gradle.api.internal.artifacts.repositories.resolver.ExternalResourceResolver] No meta-data file or artifact found for module 'com.sun.xml.bind.mvn:jaxb-parent:2.3.2' in repository 'Google'.
2021-06-06T09:17:11.329-0500 [DEBUG] [org.gradle.api.internal.artifacts.ivyservice.modulecache.PersistentModuleMetadataCache] Recording absence of module descriptor in cache: com.sun.xml.bind.mvn:jaxb-parent:2.3.2 [changing = false]
2021-06-06T09:17:11.330-0500 [DEBUG] [org.gradle.api.internal.artifacts.repositories.resolver.DefaultExternalResourceArtifactResolver] Loading https://repo.maven.apache.org/maven2/com/sun/xml/bind/mvn/jaxb-parent/2.3.2/jaxb-parent-2.3.2.pom
2021-06-06T09:17:11.330-0500 [DEBUG] [org.gradle.internal.resource.transfer.DefaultCacheAwareExternalResourceAccessor] Constructing external resource: https://repo.maven.apache.org/maven2/com/sun/xml/bind/mvn/jaxb-parent/2.3.2/jaxb-parent-2.3.2.pom
2021-06-06T09:17:11.331-0500 [DEBUG] [org.gradle.internal.resource.transport.http.HttpResourceAccessor] Constructing external resource: https://repo.maven.apache.org/maven2/com/sun/xml/bind/mvn/jaxb-parent/2.3.2/jaxb-parent-2.3.2.pom
2021-06-06T09:17:11.332-0500 [DEBUG] [org.gradle.internal.resource.transport.http.HttpClientHelper] Performing HTTP GET: https://repo.maven.apache.org/maven2/com/sun/xml/bind/mvn/jaxb-parent/2.3.2/jaxb-parent-2.3.2.pom
2021-06-06T09:17:11.332-0500 [DEBUG] [org.apache.http.client.protocol.RequestAddCookies] CookieSpec selected: default
2021-06-06T09:17:11.332-0500 [DEBUG] [org.apache.http.client.protocol.RequestAuthCache] Auth cache not set in the context
2021-06-06T09:17:11.332-0500 [DEBUG] [org.apache.http.impl.conn.PoolingHttpClientConnectionManager] Connection request: [route: {s}->https://repo.maven.apache.org:443][total kept alive: 7; route allocated: 8 of 20; total allocated: 8 of 20]
2021-06-06T09:17:11.332-0500 [DEBUG] [org.apache.http.impl.conn.PoolingHttpClientConnectionManager] Connection leased: [id: 10][route: {s}->https://repo.maven.apache.org:443][total kept alive: 6; route allocated: 8 of 20; total allocated: 8 of 20]
2021-06-06T09:17:11.332-0500 [DEBUG] [org.apache.http.impl.conn.DefaultManagedHttpClientConnection] http-outgoing-10: set socket timeout to 30000
2021-06-06T09:17:11.332-0500 [DEBUG] [org.apache.http.impl.conn.DefaultManagedHttpClientConnection] http-outgoing-10: set socket timeout to 30000
2021-06-06T09:17:11.332-0500 [DEBUG] [org.apache.http.impl.execchain.MainClientExec] Executing request GET /maven2/com/sun/xml/bind/mvn/jaxb-parent/2.3.2/jaxb-parent-2.3.2.pom HTTP/1.1
2021-06-06T09:17:11.333-0500 [DEBUG] [org.apache.http.impl.execchain.MainClientExec] Target auth state: UNCHALLENGED
2021-06-06T09:17:11.333-0500 [DEBUG] [org.apache.http.impl.execchain.MainClientExec] Proxy auth state: UNCHALLENGED
2021-06-06T09:17:11.337-0500 [DEBUG] [org.apache.http.impl.execchain.MainClientExec] Connection can be kept alive indefinitely
2021-06-06T09:17:11.337-0500 [DEBUG] [org.apache.http.impl.conn.PoolingHttpClientConnectionManager] Connection [id: 12][route: {s}->https://repo.maven.apache.org:443] can be kept alive indefinitely
2021-06-06T09:17:11.337-0500 [DEBUG] [org.apache.http.impl.conn.DefaultManagedHttpClientConnection] http-outgoing-12: set socket timeout to 0
2021-06-06T09:17:11.337-0500 [DEBUG] [org.apache.http.impl.conn.PoolingHttpClientConnectionManager] Connection released: [id: 12][route: {s}->https://repo.maven.apache.org:443][total kept alive: 7; route allocated: 8 of 20; total allocated: 8 of 20]
2021-06-06T09:17:11.338-0500 [DEBUG] [org.gradle.internal.operations.DefaultBuildOperationRunner] Build operation 'Metadata of https://repo.maven.apache.org/maven2/org/sonatype/oss/oss-parent/9/oss-parent-9.pom' completed
2021-06-06T09:17:11.339-0500 [INFO] [org.gradle.internal.resource.transfer.DefaultCacheAwareExternalResourceAccessor] Found locally available resource with matching checksum: [https://repo.maven.apache.org/maven2/org/sonatype/oss/oss-parent/9/oss-parent-9.pom, C:\Users\gathi\.m2\repository\org\sonatype\oss\oss-parent\9\oss-parent-9.pom]
2021-06-06T09:17:11.350-0500 [DEBUG] [org.gradle.api.internal.artifacts.repositories.resolver.ExternalResourceResolver] Metadata file found for module 'org.sonatype.oss:oss-parent:9' in repository 'MavenRepo'.
2021-06-06T09:17:11.350-0500 [DEBUG] [org.apache.http.impl.execchain.MainClientExec] Connection can be kept alive indefinitely
2021-06-06T09:17:11.350-0500 [DEBUG] [org.gradle.api.internal.artifacts.ivyservice.modulecache.PersistentModuleMetadataCache] Recording module descriptor in cache: org.sonatype.oss:oss-parent:9 [changing = false]
2021-06-06T09:17:11.351-0500 [DEBUG] [org.gradle.internal.resource.transport.http.HttpResponseResource] Attempting to download resource https://dl.google.com/dl/android/maven2/com/android/databinding/baseLibrary/4.2.1/baseLibrary-4.2.1.module.
2021-06-06T09:17:11.352-0500 [INFO] [org.gradle.internal.resource.transfer.DefaultCacheAwareExternalResourceAccessor] Downloading https://dl.google.com/dl/android/maven2/com/android/databinding/baseLibrary/4.2.1/baseLibrary-4.2.1.module to C:\Users\gathi\AppData\Local\Temp\gradle_download7452111272726647798bin
2021-06-06T09:17:11.353-0500 [DEBUG] [org.apache.http.impl.conn.PoolingHttpClientConnectionManager] Connection [id: 1][route: {s}->https://dl.google.com:443] can be kept alive indefinitely
2021-06-06T09:17:11.354-0500 [DEBUG] [org.apache.http.impl.conn.DefaultManagedHttpClientConnection] http-outgoing-1: set socket timeout to 0
2021-06-06T09:17:11.354-0500 [DEBUG] [org.apache.http.impl.conn.PoolingHttpClientConnectionManager] Connection released: [id: 1][route: {s}->https://dl.google.com:443][total kept alive: 7; route allocated: 8 of 20; total allocated: 8 of 20]
2021-06-06T09:17:11.354-0500 [DEBUG] [org.gradle.api.internal.artifacts.ivyservice.ivyresolve.RepositoryChainComponentMetaDataResolver] Using org.sonatype.oss:oss-parent:9 from Maven repository 'MavenRepo'
2021-06-06T09:17:11.354-0500 [DEBUG] [org.gradle.internal.operations.DefaultBuildOperationRunner] Build operation 'Download https://dl.google.com/dl/android/maven2/com/android/databinding/baseLibrary/4.2.1/baseLibrary-4.2.1.module' completed
2021-06-06T09:17:11.354-0500 [DEBUG] [org.gradle.api.internal.artifacts.repositories.resolver.DefaultExternalResourceArtifactResolver] Loading https://repo.maven.apache.org/maven2/org/sonatype/oss/oss-parent/9/oss-parent-9.pom
2021-06-06T09:17:11.354-0500 [DEBUG] [org.gradle.internal.resource.transfer.DefaultCacheAwareExternalResourceAccessor] Constructing external resource: https://repo.maven.apache.org/maven2/org/sonatype/oss/oss-parent/9/oss-parent-9.pom
2021-06-06T09:17:11.360-0500 [DEBUG] [org.gradle.api.internal.artifacts.ivyservice.ivyresolve.CachingModuleComponentRepository] Downloaded artifact 'oss-parent-9.pom (org.sonatype.oss:oss-parent:9)' from resolver: MavenRepo
2021-06-06T09:17:11.363-0500 [DEBUG] [org.gradle.api.internal.artifacts.ivyservice.modulecache.PersistentModuleMetadataCache] Recording module descriptor in cache: com.android.databinding:baseLibrary:4.2.1 [changing = false]
2021-06-06T09:17:11.365-0500 [DEBUG] [org.gradle.api.internal.artifacts.repositories.resolver.ExternalResourceResolver] Metadata file found for module 'org.antlr:antlr4-master:4.5.3' in repository 'MavenRepo'.
2021-06-06T09:17:11.365-0500 [DEBUG] [org.gradle.api.internal.artifacts.ivyservice.modulecache.PersistentModuleMetadataCache] Recording module descriptor in cache: org.antlr:antlr4-master:4.5.3 [changing = false]
2021-06-06T09:17:11.367-0500 [DEBUG] [org.gradle.api.internal.artifacts.ivyservice.ivyresolve.RepositoryChainComponentMetaDataResolver] Using com.android.databinding:baseLibrary:4.2.1 from Maven repository 'Google'
2021-06-06T09:17:11.370-0500 [DEBUG] [org.apache.http.impl.execchain.MainClientExec] Connection can be kept alive indefinitely
2021-06-06T09:17:11.370-0500 [DEBUG] [org.apache.http.impl.execchain.MainClientExec] Connection can be kept alive indefinitely
2021-06-06T09:17:11.370-0500 [DEBUG] [org.apache.http.impl.conn.PoolingHttpClientConnectionManager] Connection [id: 3][route: {s}->https://dl.google.com:443] can be kept alive indefinitely
2021-06-06T09:17:11.370-0500 [DEBUG] [org.apache.http.impl.conn.DefaultManagedHttpClientConnection] http-outgoing-3: set socket timeout to 0
2021-06-06T09:17:11.370-0500 [DEBUG] [org.apache.http.impl.conn.PoolingHttpClientConnectionManager] Connection released: [id: 3][route: {s}->https://dl.google.com:443][total kept alive: 8; route allocated: 8 of 20; total allocated: 8 of 20]
2021-06-06T09:17:11.371-0500 [DEBUG] [org.gradle.internal.resource.transport.http.HttpResponseResource] Attempting to download resource https://repo.maven.apache.org/maven2/com/sun/xml/bind/mvn/jaxb-parent/2.3.2/jaxb-parent-2.3.2.pom.
2021-06-06T09:17:11.371-0500 [INFO] [org.gradle.internal.resource.transport.http.HttpClientHelper] Resource missing. [HTTP HEAD: https://dl.google.com/dl/android/maven2/org/apache/apache/9/apache-9.pom]
2021-06-06T09:17:11.371-0500 [DEBUG] [org.gradle.internal.operations.DefaultBuildOperationRunner] Build operation 'Metadata of https://dl.google.com/dl/android/maven2/org/apache/apache/9/apache-9.pom' completed
2021-06-06T09:17:11.371-0500 [DEBUG] [org.gradle.api.internal.artifacts.repositories.resolver.ExternalResourceResolver] No meta-data file or artifact found for module 'org.apache:apache:9' in repository 'Google'.
2021-06-06T09:17:11.371-0500 [DEBUG] [org.gradle.api.internal.artifacts.ivyservice.modulecache.PersistentModuleMetadataCache] Recording absence of module descriptor in cache: org.apache:apache:9 [changing = false]
2021-06-06T09:17:11.372-0500 [INFO] [org.gradle.internal.resource.transfer.DefaultCacheAwareExternalResourceAccessor] Downloading https://repo.maven.apache.org/maven2/com/sun/xml/bind/mvn/jaxb-parent/2.3.2/jaxb-parent-2.3.2.pom to C:\Users\gathi\AppData\Local\Temp\gradle_download17129223359402064328bin
2021-06-06T09:17:11.372-0500 [DEBUG] [org.gradle.api.internal.artifacts.ivyservice.ivyresolve.RepositoryChainComponentMetaDataResolver] Using org.antlr:antlr4-master:4.5.3 from Maven repository 'MavenRepo'
2021-06-06T09:17:11.373-0500 [DEBUG] [org.gradle.api.internal.artifacts.repositories.resolver.DefaultExternalResourceArtifactResolver] Loading https://repo.maven.apache.org/maven2/org/apache/apache/9/apache-9.pom
2021-06-06T09:17:11.373-0500 [DEBUG] [org.gradle.api.internal.artifacts.repositories.resolver.DefaultExternalResourceArtifactResolver] Loading https://repo.maven.apache.org/maven2/org/antlr/antlr4-master/4.5.3/antlr4-master-4.5.3.pom
2021-06-06T09:17:11.373-0500 [DEBUG] [org.gradle.internal.resource.transfer.DefaultCacheAwareExternalResourceAccessor] Constructing external resource: https://repo.maven.apache.org/maven2/org/apache/apache/9/apache-9.pom
2021-06-06T09:17:11.373-0500 [DEBUG] [org.gradle.internal.resource.transfer.DefaultCacheAwareExternalResourceAccessor] Constructing external resource: https://repo.maven.apache.org/maven2/org/antlr/antlr4-master/4.5.3/antlr4-master-4.5.3.pom
2021-06-06T09:17:11.374-0500 [DEBUG] [org.gradle.api.internal.artifacts.ivyservice.ivyresolve.CachingModuleComponentRepository] Downloaded artifact 'antlr4-master-4.5.3.pom (org.antlr:antlr4-master:4.5.3)' from resolver: MavenRepo
2021-06-06T09:17:11.375-0500 [DEBUG] [org.gradle.internal.resource.transport.http.HttpResourceAccessor] Constructing external resource metadata: https://repo.maven.apache.org/maven2/org/apache/apache/9/apache-9.pom
2021-06-06T09:17:11.375-0500 [DEBUG] [org.gradle.internal.resource.transport.http.HttpClientHelper] Performing HTTP HEAD: https://repo.maven.apache.org/maven2/org/apache/apache/9/apache-9.pom
2021-06-06T09:17:11.375-0500 [DEBUG] [org.apache.http.client.protocol.RequestAddCookies] CookieSpec selected: default
2021-06-06T09:17:11.375-0500 [DEBUG] [org.apache.http.client.protocol.RequestAuthCache] Auth cache not set in the context
2021-06-06T09:17:11.375-0500 [DEBUG] [org.apache.http.impl.conn.PoolingHttpClientConnectionManager] Connection request: [route: {s}->https://repo.maven.apache.org:443][total kept alive: 7; route allocated: 8 of 20; total allocated: 8 of 20]
2021-06-06T09:17:11.375-0500 [DEBUG] [org.apache.http.impl.conn.PoolingHttpClientConnectionManager] Connection leased: [id: 12][route: {s}->https://repo.maven.apache.org:443][total kept alive: 6; route allocated: 8 of 20; total allocated: 8 of 20]
2021-06-06T09:17:11.375-0500 [DEBUG] [org.apache.http.impl.conn.DefaultManagedHttpClientConnection] http-outgoing-12: set socket timeout to 30000
2021-06-06T09:17:11.376-0500 [DEBUG] [org.apache.http.impl.conn.DefaultManagedHttpClientConnection] http-outgoing-12: set socket timeout to 30000
2021-06-06T09:17:11.376-0500 [DEBUG] [org.apache.http.impl.execchain.MainClientExec] Executing request HEAD /maven2/org/apache/apache/9/apache-9.pom HTTP/1.1
2021-06-06T09:17:11.376-0500 [DEBUG] [org.apache.http.impl.execchain.MainClientExec] Target auth state: UNCHALLENGED
2021-06-06T09:17:11.376-0500 [DEBUG] [org.apache.http.impl.execchain.MainClientExec] Proxy auth state: UNCHALLENGED
2021-06-06T09:17:11.378-0500 [DEBUG] [org.gradle.api.internal.artifacts.ivyservice.ivyresolve.RepositoryChainComponentMetaDataResolver] Attempting to resolve component for org.sonatype.oss:oss-parent:9 using repositories [Google, MavenRepo]
2021-06-06T09:17:11.378-0500 [DEBUG] [org.gradle.api.internal.artifacts.ivyservice.ivyresolve.CachingModuleComponentRepository] Detected non-existence of module 'org.sonatype.oss:oss-parent:9' in resolver cache 'Google'
2021-06-06T09:17:11.378-0500 [DEBUG] [org.gradle.api.internal.artifacts.ivyservice.ivyresolve.CachingModuleComponentRepository] Using cached module metadata for module 'org.sonatype.oss:oss-parent:9' in 'MavenRepo'
2021-06-06T09:17:11.379-0500 [DEBUG] [org.gradle.api.internal.artifacts.ivyservice.ivyresolve.RepositoryChainComponentMetaDataResolver] Using org.sonatype.oss:oss-parent:9 from Maven repository 'MavenRepo'
2021-06-06T09:17:11.379-0500 [DEBUG] [org.gradle.api.internal.artifacts.ivyservice.ivyresolve.CachingModuleComponentRepository] Found artifact 'oss-parent-9.pom (org.sonatype.oss:oss-parent:9)' in resolver cache: C:\Users\gathi\.gradle\caches\modules-2\files-2.1\org.sonatype.oss\oss-parent\9\e5cdc4d23b86d79c436f16fed20853284e868f65\oss-parent-9.pom
2021-06-06T09:17:11.384-0500 [DEBUG] [org.gradle.api.internal.artifacts.repositories.resolver.ExternalResourceResolver] Metadata file found for module 'org.antlr:antlr4:4.5.3' in repository 'MavenRepo'.
2021-06-06T09:17:11.384-0500 [DEBUG] [org.gradle.api.internal.artifacts.ivyservice.modulecache.PersistentModuleMetadataCache] Recording module descriptor in cache: org.antlr:antlr4:4.5.3 [changing = false]
2021-06-06T09:17:11.388-0500 [DEBUG] [org.gradle.api.internal.artifacts.ivyservice.ivyresolve.RepositoryChainComponentMetaDataResolver] Using org.antlr:antlr4:4.5.3 from Maven repository 'MavenRepo'
2021-06-06T09:17:11.399-0500 [DEBUG] [org.apache.http.impl.execchain.MainClientExec] Connection can be kept alive indefinitely
2021-06-06T09:17:11.400-0500 [DEBUG] [org.apache.http.impl.conn.PoolingHttpClientConnectionManager] Connection [id: 12][route: {s}->https://repo.maven.apache.org:443] can be kept alive indefinitely
2021-06-06T09:17:11.400-0500 [DEBUG] [org.apache.http.impl.conn.DefaultManagedHttpClientConnection] http-outgoing-12: set socket timeout to 0
2021-06-06T09:17:11.400-0500 [DEBUG] [org.apache.http.impl.conn.PoolingHttpClientConnectionManager] Connection released: [id: 12][route: {s}->https://repo.maven.apache.org:443][total kept alive: 7; route allocated: 8 of 20; total allocated: 8 of 20]
2021-06-06T09:17:11.400-0500 [DEBUG] [org.apache.http.impl.conn.PoolingHttpClientConnectionManager] Connection [id: 10][route: {s}->https://repo.maven.apache.org:443] can be kept alive indefinitely
2021-06-06T09:17:11.400-0500 [DEBUG] [org.apache.http.impl.conn.DefaultManagedHttpClientConnection] http-outgoing-10: set socket timeout to 0
2021-06-06T09:17:11.400-0500 [DEBUG] [org.apache.http.impl.conn.PoolingHttpClientConnectionManager] Connection released: [id: 10][route: {s}->https://repo.maven.apache.org:443][total kept alive: 8; route allocated: 8 of 20; total allocated: 8 of 20]
2021-06-06T09:17:11.400-0500 [DEBUG] [org.gradle.internal.operations.DefaultBuildOperationRunner] Build operation 'Metadata of https://repo.maven.apache.org/maven2/org/apache/apache/9/apache-9.pom' completed
2021-06-06T09:17:11.401-0500 [DEBUG] [org.gradle.internal.operations.DefaultBuildOperationRunner] Build operation 'Download https://repo.maven.apache.org/maven2/com/sun/xml/bind/mvn/jaxb-parent/2.3.2/jaxb-parent-2.3.2.pom' completed
2021-06-06T09:17:11.402-0500 [INFO] [org.gradle.internal.resource.transfer.DefaultCacheAwareExternalResourceAccessor] Found locally available resource with matching checksum: [https://repo.maven.apache.org/maven2/org/apache/apache/9/apache-9.pom, C:\Users\gathi\.m2\repository\org\apache\apache\9\apache-9.pom]
2021-06-06T09:17:11.411-0500 [DEBUG] [org.gradle.api.internal.artifacts.ivyservice.ivyresolve.RepositoryChainComponentMetaDataResolver] Attempting to resolve component for com.sun.xml.bind:jaxb-bom-ext:2.3.2 using repositories [Google, MavenRepo]
2021-06-06T09:17:11.413-0500 [DEBUG] [org.gradle.api.internal.artifacts.repositories.resolver.DefaultExternalResourceArtifactResolver] Loading https://dl.google.com/dl/android/maven2/com/sun/xml/bind/jaxb-bom-ext/2.3.2/jaxb-bom-ext-2.3.2.pom
2021-06-06T09:17:11.413-0500 [DEBUG] [org.gradle.internal.resource.transfer.DefaultCacheAwareExternalResourceAccessor] Constructing external resource: https://dl.google.com/dl/android/maven2/com/sun/xml/bind/jaxb-bom-ext/2.3.2/jaxb-bom-ext-2.3.2.pom
2021-06-06T09:17:11.414-0500 [DEBUG] [org.gradle.internal.resource.transport.http.HttpResourceAccessor] Constructing external resource: https://dl.google.com/dl/android/maven2/com/sun/xml/bind/jaxb-bom-ext/2.3.2/jaxb-bom-ext-2.3.2.pom
2021-06-06T09:17:11.414-0500 [DEBUG] [org.gradle.internal.resource.transport.http.HttpClientHelper] Performing HTTP GET: https://dl.google.com/dl/android/maven2/com/sun/xml/bind/jaxb-bom-ext/2.3.2/jaxb-bom-ext-2.3.2.pom
2021-06-06T09:17:11.415-0500 [DEBUG] [org.apache.http.client.protocol.RequestAddCookies] CookieSpec selected: default
2021-06-06T09:17:11.415-0500 [DEBUG] [org.apache.http.client.protocol.RequestAuthCache] Auth cache not set in the context
2021-06-06T09:17:11.415-0500 [DEBUG] [org.apache.http.impl.conn.PoolingHttpClientConnectionManager] Connection request: [route: {s}->https://dl.google.com:443][total kept alive: 8; route allocated: 8 of 20; total allocated: 8 of 20]
2021-06-06T09:17:11.415-0500 [DEBUG] [org.apache.http.impl.conn.PoolingHttpClientConnectionManager] Connection leased: [id: 3][route: {s}->https://dl.google.com:443][total kept alive: 7; route allocated: 8 of 20; total allocated: 8 of 20]
2021-06-06T09:17:11.415-0500 [DEBUG] [org.apache.http.impl.conn.DefaultManagedHttpClientConnection] http-outgoing-3: set socket timeout to 30000
2021-06-06T09:17:11.415-0500 [DEBUG] [org.apache.http.impl.conn.DefaultManagedHttpClientConnection] http-outgoing-3: set socket timeout to 30000
2021-06-06T09:17:11.415-0500 [DEBUG] [org.apache.http.impl.execchain.MainClientExec] Executing request GET /dl/android/maven2/com/sun/xml/bind/jaxb-bom-ext/2.3.2/jaxb-bom-ext-2.3.2.pom HTTP/1.1
2021-06-06T09:17:11.415-0500 [DEBUG] [org.apache.http.impl.execchain.MainClientExec] Target auth state: UNCHALLENGED
2021-06-06T09:17:11.415-0500 [DEBUG] [org.apache.http.impl.execchain.MainClientExec] Proxy auth state: UNCHALLENGED
2021-06-06T09:17:11.417-0500 [DEBUG] [org.gradle.api.internal.artifacts.repositories.resolver.ExternalResourceResolver] Metadata file found for module 'org.apache:apache:9' in repository 'MavenRepo'.
2021-06-06T09:17:11.418-0500 [DEBUG] [org.gradle.api.internal.artifacts.ivyservice.modulecache.PersistentModuleMetadataCache] Recording module descriptor in cache: org.apache:apache:9 [changing = false]
2021-06-06T09:17:11.421-0500 [DEBUG] [org.gradle.api.internal.artifacts.ivyservice.ivyresolve.RepositoryChainComponentMetaDataResolver] Using org.apache:apache:9 from Maven repository 'MavenRepo'
2021-06-06T09:17:11.421-0500 [DEBUG] [org.gradle.api.internal.artifacts.repositories.resolver.DefaultExternalResourceArtifactResolver] Loading https://repo.maven.apache.org/maven2/org/apache/apache/9/apache-9.pom
2021-06-06T09:17:11.421-0500 [DEBUG] [org.gradle.internal.resource.transfer.DefaultCacheAwareExternalResourceAccessor] Constructing external resource: https://repo.maven.apache.org/maven2/org/apache/apache/9/apache-9.pom
2021-06-06T09:17:11.421-0500 [DEBUG] [org.gradle.api.internal.artifacts.ivyservice.ivyresolve.CachingModuleComponentRepository] Downloaded artifact 'apache-9.pom (org.apache:apache:9)' from resolver: MavenRepo
2021-06-06T09:17:11.427-0500 [DEBUG] [org.gradle.api.internal.artifacts.repositories.resolver.ExternalResourceResolver] Metadata file found for module 'org.apache.commons:commons-parent:25' in repository 'MavenRepo'.
2021-06-06T09:17:11.428-0500 [DEBUG] [org.gradle.api.internal.artifacts.ivyservice.modulecache.PersistentModuleMetadataCache] Recording module descriptor in cache: org.apache.commons:commons-parent:25 [changing = false]
2021-06-06T09:17:11.433-0500 [DEBUG] [org.gradle.api.internal.artifacts.ivyservice.ivyresolve.RepositoryChainComponentMetaDataResolver] Using org.apache.commons:commons-parent:25 from Maven repository 'MavenRepo'
2021-06-06T09:17:11.433-0500 [DEBUG] [org.gradle.api.internal.artifacts.repositories.resolver.DefaultExternalResourceArtifactResolver] Loading https://repo.maven.apache.org/maven2/org/apache/commons/commons-parent/25/commons-parent-25.pom
2021-06-06T09:17:11.433-0500 [DEBUG] [org.gradle.internal.resource.transfer.DefaultCacheAwareExternalResourceAccessor] Constructing external resource: https://repo.maven.apache.org/maven2/org/apache/commons/commons-parent/25/commons-parent-25.pom
2021-06-06T09:17:11.433-0500 [DEBUG] [org.gradle.api.internal.artifacts.ivyservice.ivyresolve.CachingModuleComponentRepository] Downloaded artifact 'commons-parent-25.pom (org.apache.commons:commons-parent:25)' from resolver: MavenRepo
2021-06-06T09:17:11.442-0500 [DEBUG] [org.gradle.api.internal.artifacts.ivyservice.ivyresolve.RepositoryChainComponentMetaDataResolver] Attempting to resolve component for org.apache:apache:9 using repositories [Google, MavenRepo]
2021-06-06T09:17:11.442-0500 [DEBUG] [org.gradle.api.internal.artifacts.ivyservice.ivyresolve.CachingModuleComponentRepository] Detected non-existence of module 'org.apache:apache:9' in resolver cache 'Google'
2021-06-06T09:17:11.442-0500 [DEBUG] [org.gradle.api.internal.artifacts.ivyservice.ivyresolve.CachingModuleComponentRepository] Using cached module metadata for module 'org.apache:apache:9' in 'MavenRepo'
2021-06-06T09:17:11.443-0500 [DEBUG] [org.gradle.api.internal.artifacts.ivyservice.ivyresolve.RepositoryChainComponentMetaDataResolver] Using org.apache:apache:9 from Maven repository 'MavenRepo'
2021-06-06T09:17:11.443-0500 [DEBUG] [org.gradle.api.internal.artifacts.ivyservice.ivyresolve.CachingModuleComponentRepository] Found artifact 'apache-9.pom (org.apache:apache:9)' in resolver cache: C:\Users\gathi\.gradle\caches\modules-2\files-2.1\org.apache\apache\9\de55d73a30c7521f3d55e8141d360ffbdfd88caa\apache-9.pom
2021-06-06T09:17:11.448-0500 [DEBUG] [org.gradle.api.internal.artifacts.repositories.resolver.ExternalResourceResolver] Metadata file found for module 'commons-io:commons-io:2.4' in repository 'MavenRepo'.
2021-06-06T09:17:11.448-0500 [DEBUG] [org.gradle.api.internal.artifacts.ivyservice.modulecache.PersistentModuleMetadataCache] Recording module descriptor in cache: commons-io:commons-io:2.4 [changing = false]
2021-06-06T09:17:11.452-0500 [DEBUG] [org.gradle.api.internal.artifacts.ivyservice.ivyresolve.RepositoryChainComponentMetaDataResolver] Using commons-io:commons-io:2.4 from Maven repository 'MavenRepo'
2021-06-06T09:17:11.477-0500 [DEBUG] [org.apache.http.impl.execchain.MainClientExec] Connection can be kept alive indefinitely
2021-06-06T09:17:11.478-0500 [DEBUG] [org.apache.http.impl.conn.PoolingHttpClientConnectionManager] Connection [id: 3][route: {s}->https://dl.google.com:443] can be kept alive indefinitely
2021-06-06T09:17:11.478-0500 [DEBUG] [org.apache.http.impl.conn.DefaultManagedHttpClientConnection] http-outgoing-3: set socket timeout to 0
2021-06-06T09:17:11.478-0500 [DEBUG] [org.apache.http.impl.conn.PoolingHttpClientConnectionManager] Connection released: [id: 3][route: {s}->https://dl.google.com:443][total kept alive: 8; route allocated: 8 of 20; total allocated: 8 of 20]
2021-06-06T09:17:11.478-0500 [INFO] [org.gradle.internal.resource.transport.http.HttpClientHelper] Resource missing. [HTTP GET: https://dl.google.com/dl/android/maven2/com/sun/xml/bind/jaxb-bom-ext/2.3.2/jaxb-bom-ext-2.3.2.pom]
2021-06-06T09:17:11.478-0500 [DEBUG] [org.gradle.internal.operations.DefaultBuildOperationRunner] Build operation 'Download https://dl.google.com/dl/android/maven2/com/sun/xml/bind/jaxb-bom-ext/2.3.2/jaxb-bom-ext-2.3.2.pom' completed
2021-06-06T09:17:11.478-0500 [DEBUG] [org.gradle.api.internal.artifacts.repositories.resolver.ExternalResourceResolver] No meta-data file or artifact found for module 'com.sun.xml.bind:jaxb-bom-ext:2.3.2' in repository 'Google'.
2021-06-06T09:17:11.478-0500 [DEBUG] [org.gradle.api.internal.artifacts.ivyservice.modulecache.PersistentModuleMetadataCache] Recording absence of module descriptor in cache: com.sun.xml.bind:jaxb-bom-ext:2.3.2 [changing = false]
2021-06-06T09:17:11.479-0500 [DEBUG] [org.gradle.api.internal.artifacts.repositories.resolver.DefaultExternalResourceArtifactResolver] Loading https://repo.maven.apache.org/maven2/com/sun/xml/bind/jaxb-bom-ext/2.3.2/jaxb-bom-ext-2.3.2.pom
2021-06-06T09:17:11.479-0500 [DEBUG] [org.gradle.internal.resource.transfer.DefaultCacheAwareExternalResourceAccessor] Constructing external resource: https://repo.maven.apache.org/maven2/com/sun/xml/bind/jaxb-bom-ext/2.3.2/jaxb-bom-ext-2.3.2.pom
2021-06-06T09:17:11.480-0500 [DEBUG] [org.gradle.internal.resource.transport.http.HttpResourceAccessor] Constructing external resource: https://repo.maven.apache.org/maven2/com/sun/xml/bind/jaxb-bom-ext/2.3.2/jaxb-bom-ext-2.3.2.pom
2021-06-06T09:17:11.480-0500 [DEBUG] [org.gradle.internal.resource.transport.http.HttpClientHelper] Performing HTTP GET: https://repo.maven.apache.org/maven2/com/sun/xml/bind/jaxb-bom-ext/2.3.2/jaxb-bom-ext-2.3.2.pom
2021-06-06T09:17:11.480-0500 [DEBUG] [org.apache.http.client.protocol.RequestAddCookies] CookieSpec selected: default
2021-06-06T09:17:11.481-0500 [DEBUG] [org.apache.http.client.protocol.RequestAuthCache] Auth cache not set in the context
2021-06-06T09:17:11.481-0500 [DEBUG] [org.apache.http.impl.conn.PoolingHttpClientConnectionManager] Connection request: [route: {s}->https://repo.maven.apache.org:443][total kept alive: 8; route allocated: 8 of 20; total allocated: 8 of 20]
2021-06-06T09:17:11.481-0500 [DEBUG] [org.apache.http.impl.conn.PoolingHttpClientConnectionManager] Connection leased: [id: 10][route: {s}->https://repo.maven.apache.org:443][total kept alive: 7; route allocated: 8 of 20; total allocated: 8 of 20]
2021-06-06T09:17:11.481-0500 [DEBUG] [org.apache.http.impl.conn.DefaultManagedHttpClientConnection] http-outgoing-10: set socket timeout to 30000
2021-06-06T09:17:11.481-0500 [DEBUG] [org.apache.http.impl.conn.DefaultManagedHttpClientConnection] http-outgoing-10: set socket timeout to 30000
2021-06-06T09:17:11.481-0500 [DEBUG] [org.apache.http.impl.execchain.MainClientExec] Executing request GET /maven2/com/sun/xml/bind/jaxb-bom-ext/2.3.2/jaxb-bom-ext-2.3.2.pom HTTP/1.1
2021-06-06T09:17:11.481-0500 [DEBUG] [org.apache.http.impl.execchain.MainClientExec] Target auth state: UNCHALLENGED
2021-06-06T09:17:11.481-0500 [DEBUG] [org.apache.http.impl.execchain.MainClientExec] Proxy auth state: UNCHALLENGED
2021-06-06T09:17:11.499-0500 [DEBUG] [org.apache.http.impl.execchain.MainClientExec] Connection can be kept alive indefinitely
2021-06-06T09:17:11.499-0500 [DEBUG] [org.gradle.internal.resource.transport.http.HttpResponseResource] Attempting to download resource https://repo.maven.apache.org/maven2/com/sun/xml/bind/jaxb-bom-ext/2.3.2/jaxb-bom-ext-2.3.2.pom.
2021-06-06T09:17:11.500-0500 [INFO] [org.gradle.internal.resource.transfer.DefaultCacheAwareExternalResourceAccessor] Downloading https://repo.maven.apache.org/maven2/com/sun/xml/bind/jaxb-bom-ext/2.3.2/jaxb-bom-ext-2.3.2.pom to C:\Users\gathi\AppData\Local\Temp\gradle_download16046271992827292369bin
2021-06-06T09:17:11.501-0500 [DEBUG] [org.apache.http.impl.conn.PoolingHttpClientConnectionManager] Connection [id: 10][route: {s}->https://repo.maven.apache.org:443] can be kept alive indefinitely
2021-06-06T09:17:11.501-0500 [DEBUG] [org.apache.http.impl.conn.DefaultManagedHttpClientConnection] http-outgoing-10: set socket timeout to 0
2021-06-06T09:17:11.501-0500 [DEBUG] [org.apache.http.impl.conn.PoolingHttpClientConnectionManager] Connection released: [id: 10][route: {s}->https://repo.maven.apache.org:443][total kept alive: 8; route allocated: 8 of 20; total allocated: 8 of 20]
2021-06-06T09:17:11.501-0500 [DEBUG] [org.gradle.internal.operations.DefaultBuildOperationRunner] Build operation 'Download https://repo.maven.apache.org/maven2/com/sun/xml/bind/jaxb-bom-ext/2.3.2/jaxb-bom-ext-2.3.2.pom' completed
2021-06-06T09:17:11.510-0500 [DEBUG] [org.gradle.api.internal.artifacts.ivyservice.ivyresolve.RepositoryChainComponentMetaDataResolver] Attempting to resolve component for org.glassfish.jaxb:jaxb-bom:2.3.2 using repositories [Google, MavenRepo]
2021-06-06T09:17:11.510-0500 [DEBUG] [org.gradle.api.internal.artifacts.repositories.resolver.DefaultExternalResourceArtifactResolver] Loading https://dl.google.com/dl/android/maven2/org/glassfish/jaxb/jaxb-bom/2.3.2/jaxb-bom-2.3.2.pom
2021-06-06T09:17:11.510-0500 [DEBUG] [org.gradle.internal.resource.transfer.DefaultCacheAwareExternalResourceAccessor] Constructing external resource: https://dl.google.com/dl/android/maven2/org/glassfish/jaxb/jaxb-bom/2.3.2/jaxb-bom-2.3.2.pom
2021-06-06T09:17:11.512-0500 [DEBUG] [org.gradle.internal.resource.transport.http.HttpResourceAccessor] Constructing external resource: https://dl.google.com/dl/android/maven2/org/glassfish/jaxb/jaxb-bom/2.3.2/jaxb-bom-2.3.2.pom
2021-06-06T09:17:11.512-0500 [DEBUG] [org.gradle.internal.resource.transport.http.HttpClientHelper] Performing HTTP GET: https://dl.google.com/dl/android/maven2/org/glassfish/jaxb/jaxb-bom/2.3.2/jaxb-bom-2.3.2.pom
2021-06-06T09:17:11.512-0500 [DEBUG] [org.apache.http.client.protocol.RequestAddCookies] CookieSpec selected: default
2021-06-06T09:17:11.512-0500 [DEBUG] [org.apache.http.client.protocol.RequestAuthCache] Auth cache not set in the context
2021-06-06T09:17:11.512-0500 [DEBUG] [org.apache.http.impl.conn.PoolingHttpClientConnectionManager] Connection request: [route: {s}->https://dl.google.com:443][total kept alive: 8; route allocated: 8 of 20; total allocated: 8 of 20]
2021-06-06T09:17:11.512-0500 [DEBUG] [org.apache.http.impl.conn.PoolingHttpClientConnectionManager] Connection leased: [id: 3][route: {s}->https://dl.google.com:443][total kept alive: 7; route allocated: 8 of 20; total allocated: 8 of 20]
2021-06-06T09:17:11.512-0500 [DEBUG] [org.apache.http.impl.conn.DefaultManagedHttpClientConnection] http-outgoing-3: set socket timeout to 30000
2021-06-06T09:17:11.512-0500 [DEBUG] [org.apache.http.impl.conn.DefaultManagedHttpClientConnection] http-outgoing-3: set socket timeout to 30000
2021-06-06T09:17:11.513-0500 [DEBUG] [org.apache.http.impl.execchain.MainClientExec] Executing request GET /dl/android/maven2/org/glassfish/jaxb/jaxb-bom/2.3.2/jaxb-bom-2.3.2.pom HTTP/1.1
2021-06-06T09:17:11.513-0500 [DEBUG] [org.apache.http.impl.execchain.MainClientExec] Target auth state: UNCHALLENGED
2021-06-06T09:17:11.513-0500 [DEBUG] [org.apache.http.impl.execchain.MainClientExec] Proxy auth state: UNCHALLENGED
2021-06-06T09:17:11.548-0500 [DEBUG] [org.apache.http.impl.execchain.MainClientExec] Connection can be kept alive indefinitely
2021-06-06T09:17:11.549-0500 [DEBUG] [org.apache.http.impl.conn.PoolingHttpClientConnectionManager] Connection [id: 3][route: {s}->https://dl.google.com:443] can be kept alive indefinitely
2021-06-06T09:17:11.549-0500 [DEBUG] [org.apache.http.impl.conn.DefaultManagedHttpClientConnection] http-outgoing-3: set socket timeout to 0
2021-06-06T09:17:11.549-0500 [DEBUG] [org.apache.http.impl.conn.PoolingHttpClientConnectionManager] Connection released: [id: 3][route: {s}->https://dl.google.com:443][total kept alive: 8; route allocated: 8 of 20; total allocated: 8 of 20]
2021-06-06T09:17:11.549-0500 [INFO] [org.gradle.internal.resource.transport.http.HttpClientHelper] Resource missing. [HTTP GET: https://dl.google.com/dl/android/maven2/org/glassfish/jaxb/jaxb-bom/2.3.2/jaxb-bom-2.3.2.pom]
2021-06-06T09:17:11.549-0500 [DEBUG] [org.gradle.internal.operations.DefaultBuildOperationRunner] Build operation 'Download https://dl.google.com/dl/android/maven2/org/glassfish/jaxb/jaxb-bom/2.3.2/jaxb-bom-2.3.2.pom' completed
2021-06-06T09:17:11.549-0500 [DEBUG] [org.gradle.api.internal.artifacts.repositories.resolver.ExternalResourceResolver] No meta-data file or artifact found for module 'org.glassfish.jaxb:jaxb-bom:2.3.2' in repository 'Google'.
2021-06-06T09:17:11.549-0500 [DEBUG] [org.gradle.api.internal.artifacts.ivyservice.modulecache.PersistentModuleMetadataCache] Recording absence of module descriptor in cache: org.glassfish.jaxb:jaxb-bom:2.3.2 [changing = false]
2021-06-06T09:17:11.550-0500 [DEBUG] [org.gradle.api.internal.artifacts.repositories.resolver.DefaultExternalResourceArtifactResolver] Loading https://repo.maven.apache.org/maven2/org/glassfish/jaxb/jaxb-bom/2.3.2/jaxb-bom-2.3.2.pom
2021-06-06T09:17:11.550-0500 [DEBUG] [org.gradle.internal.resource.transfer.DefaultCacheAwareExternalResourceAccessor] Constructing external resource: https://repo.maven.apache.org/maven2/org/glassfish/jaxb/jaxb-bom/2.3.2/jaxb-bom-2.3.2.pom
2021-06-06T09:17:11.551-0500 [DEBUG] [org.gradle.internal.resource.transport.http.HttpResourceAccessor] Constructing external resource: https://repo.maven.apache.org/maven2/org/glassfish/jaxb/jaxb-bom/2.3.2/jaxb-bom-2.3.2.pom
2021-06-06T09:17:11.551-0500 [DEBUG] [org.gradle.internal.resource.transport.http.HttpClientHelper] Performing HTTP GET: https://repo.maven.apache.org/maven2/org/glassfish/jaxb/jaxb-bom/2.3.2/jaxb-bom-2.3.2.pom
2021-06-06T09:17:11.551-0500 [DEBUG] [org.apache.http.client.protocol.RequestAddCookies] CookieSpec selected: default
2021-06-06T09:17:11.551-0500 [DEBUG] [org.apache.http.client.protocol.RequestAuthCache] Auth cache not set in the context
2021-06-06T09:17:11.551-0500 [DEBUG] [org.apache.http.impl.conn.PoolingHttpClientConnectionManager] Connection request: [route: {s}->https://repo.maven.apache.org:443][total kept alive: 8; route allocated: 8 of 20; total allocated: 8 of 20]
2021-06-06T09:17:11.551-0500 [DEBUG] [org.apache.http.impl.conn.PoolingHttpClientConnectionManager] Connection leased: [id: 10][route: {s}->https://repo.maven.apache.org:443][total kept alive: 7; route allocated: 8 of 20; total allocated: 8 of 20]
2021-06-06T09:17:11.552-0500 [DEBUG] [org.apache.http.impl.conn.DefaultManagedHttpClientConnection] http-outgoing-10: set socket timeout to 30000
2021-06-06T09:17:11.552-0500 [DEBUG] [org.apache.http.impl.conn.DefaultManagedHttpClientConnection] http-outgoing-10: set socket timeout to 30000
2021-06-06T09:17:11.552-0500 [DEBUG] [org.apache.http.impl.execchain.MainClientExec] Executing request GET /maven2/org/glassfish/jaxb/jaxb-bom/2.3.2/jaxb-bom-2.3.2.pom HTTP/1.1
2021-06-06T09:17:11.552-0500 [DEBUG] [org.apache.http.impl.execchain.MainClientExec] Target auth state: UNCHALLENGED
2021-06-06T09:17:11.552-0500 [DEBUG] [org.apache.http.impl.execchain.MainClientExec] Proxy auth state: UNCHALLENGED
2021-06-06T09:17:11.569-0500 [DEBUG] [org.apache.http.impl.execchain.MainClientExec] Connection can be kept alive indefinitely
2021-06-06T09:17:11.570-0500 [DEBUG] [org.gradle.internal.resource.transport.http.HttpResponseResource] Attempting to download resource https://repo.maven.apache.org/maven2/org/glassfish/jaxb/jaxb-bom/2.3.2/jaxb-bom-2.3.2.pom.
2021-06-06T09:17:11.571-0500 [INFO] [org.gradle.internal.resource.transfer.DefaultCacheAwareExternalResourceAccessor] Downloading https://repo.maven.apache.org/maven2/org/glassfish/jaxb/jaxb-bom/2.3.2/jaxb-bom-2.3.2.pom to C:\Users\gathi\AppData\Local\Temp\gradle_download2773946978872041942bin
2021-06-06T09:17:11.573-0500 [DEBUG] [org.apache.http.impl.conn.PoolingHttpClientConnectionManager] Connection [id: 10][route: {s}->https://repo.maven.apache.org:443] can be kept alive indefinitely
2021-06-06T09:17:11.573-0500 [DEBUG] [org.apache.http.impl.conn.DefaultManagedHttpClientConnection] http-outgoing-10: set socket timeout to 0
2021-06-06T09:17:11.573-0500 [DEBUG] [org.apache.http.impl.conn.PoolingHttpClientConnectionManager] Connection released: [id: 10][route: {s}->https://repo.maven.apache.org:443][total kept alive: 8; route allocated: 8 of 20; total allocated: 8 of 20]
2021-06-06T09:17:11.573-0500 [DEBUG] [org.gradle.internal.operations.DefaultBuildOperationRunner] Build operation 'Download https://repo.maven.apache.org/maven2/org/glassfish/jaxb/jaxb-bom/2.3.2/jaxb-bom-2.3.2.pom' completed
2021-06-06T09:17:11.580-0500 [DEBUG] [org.gradle.api.internal.artifacts.ivyservice.ivyresolve.RepositoryChainComponentMetaDataResolver] Attempting to resolve component for org.eclipse.ee4j:project:1.0.5 using repositories [Google, MavenRepo]
2021-06-06T09:17:11.580-0500 [DEBUG] [org.gradle.api.internal.artifacts.repositories.resolver.DefaultExternalResourceArtifactResolver] Loading https://dl.google.com/dl/android/maven2/org/eclipse/ee4j/project/1.0.5/project-1.0.5.pom
2021-06-06T09:17:11.580-0500 [DEBUG] [org.gradle.internal.resource.transfer.DefaultCacheAwareExternalResourceAccessor] Constructing external resource: https://dl.google.com/dl/android/maven2/org/eclipse/ee4j/project/1.0.5/project-1.0.5.pom
2021-06-06T09:17:11.581-0500 [DEBUG] [org.gradle.internal.resource.transport.http.HttpResourceAccessor] Constructing external resource: https://dl.google.com/dl/android/maven2/org/eclipse/ee4j/project/1.0.5/project-1.0.5.pom
2021-06-06T09:17:11.581-0500 [DEBUG] [org.gradle.internal.resource.transport.http.HttpClientHelper] Performing HTTP GET: https://dl.google.com/dl/android/maven2/org/eclipse/ee4j/project/1.0.5/project-1.0.5.pom
2021-06-06T09:17:11.582-0500 [DEBUG] [org.apache.http.client.protocol.RequestAddCookies] CookieSpec selected: default
2021-06-06T09:17:11.582-0500 [DEBUG] [org.apache.http.client.protocol.RequestAuthCache] Auth cache not set in the context
2021-06-06T09:17:11.582-0500 [DEBUG] [org.apache.http.impl.conn.PoolingHttpClientConnectionManager] Connection request: [route: {s}->https://dl.google.com:443][total kept alive: 8; route allocated: 8 of 20; total allocated: 8 of 20]
2021-06-06T09:17:11.582-0500 [DEBUG] [org.apache.http.impl.conn.PoolingHttpClientConnectionManager] Connection leased: [id: 3][route: {s}->https://dl.google.com:443][total kept alive: 7; route allocated: 8 of 20; total allocated: 8 of 20]
2021-06-06T09:17:11.582-0500 [DEBUG] [org.apache.http.impl.conn.DefaultManagedHttpClientConnection] http-outgoing-3: set socket timeout to 30000
2021-06-06T09:17:11.582-0500 [DEBUG] [org.apache.http.impl.conn.DefaultManagedHttpClientConnection] http-outgoing-3: set socket timeout to 30000
2021-06-06T09:17:11.582-0500 [DEBUG] [org.apache.http.impl.execchain.MainClientExec] Executing request GET /dl/android/maven2/org/eclipse/ee4j/project/1.0.5/project-1.0.5.pom HTTP/1.1
2021-06-06T09:17:11.582-0500 [DEBUG] [org.apache.http.impl.execchain.MainClientExec] Target auth state: UNCHALLENGED
2021-06-06T09:17:11.582-0500 [DEBUG] [org.apache.http.impl.execchain.MainClientExec] Proxy auth state: UNCHALLENGED
2021-06-06T09:17:11.640-0500 [DEBUG] [org.apache.http.impl.execchain.MainClientExec] Connection can be kept alive indefinitely
2021-06-06T09:17:11.640-0500 [DEBUG] [org.apache.http.impl.conn.PoolingHttpClientConnectionManager] Connection [id: 3][route: {s}->https://dl.google.com:443] can be kept alive indefinitely
2021-06-06T09:17:11.641-0500 [DEBUG] [org.apache.http.impl.conn.DefaultManagedHttpClientConnection] http-outgoing-3: set socket timeout to 0
2021-06-06T09:17:11.641-0500 [DEBUG] [org.apache.http.impl.conn.PoolingHttpClientConnectionManager] Connection released: [id: 3][route: {s}->https://dl.google.com:443][total kept alive: 8; route allocated: 8 of 20; total allocated: 8 of 20]
2021-06-06T09:17:11.641-0500 [INFO] [org.gradle.internal.resource.transport.http.HttpClientHelper] Resource missing. [HTTP GET: https://dl.google.com/dl/android/maven2/org/eclipse/ee4j/project/1.0.5/project-1.0.5.pom]
2021-06-06T09:17:11.641-0500 [DEBUG] [org.gradle.internal.operations.DefaultBuildOperationRunner] Build operation 'Download https://dl.google.com/dl/android/maven2/org/eclipse/ee4j/project/1.0.5/project-1.0.5.pom' completed
2021-06-06T09:17:11.641-0500 [DEBUG] [org.gradle.api.internal.artifacts.repositories.resolver.ExternalResourceResolver] No meta-data file or artifact found for module 'org.eclipse.ee4j:project:1.0.5' in repository 'Google'.
2021-06-06T09:17:11.641-0500 [DEBUG] [org.gradle.api.internal.artifacts.ivyservice.modulecache.PersistentModuleMetadataCache] Recording absence of module descriptor in cache: org.eclipse.ee4j:project:1.0.5 [changing = false]
2021-06-06T09:17:11.641-0500 [DEBUG] [org.gradle.api.internal.artifacts.repositories.resolver.DefaultExternalResourceArtifactResolver] Loading https://repo.maven.apache.org/maven2/org/eclipse/ee4j/project/1.0.5/project-1.0.5.pom
2021-06-06T09:17:11.641-0500 [DEBUG] [org.gradle.internal.resource.transfer.DefaultCacheAwareExternalResourceAccessor] Constructing external resource: https://repo.maven.apache.org/maven2/org/eclipse/ee4j/project/1.0.5/project-1.0.5.pom
2021-06-06T09:17:11.642-0500 [DEBUG] [org.gradle.internal.resource.transport.http.HttpResourceAccessor] Constructing external resource: https://repo.maven.apache.org/maven2/org/eclipse/ee4j/project/1.0.5/project-1.0.5.pom
2021-06-06T09:17:11.642-0500 [DEBUG] [org.gradle.internal.resource.transport.http.HttpClientHelper] Performing HTTP GET: https://repo.maven.apache.org/maven2/org/eclipse/ee4j/project/1.0.5/project-1.0.5.pom
2021-06-06T09:17:11.643-0500 [DEBUG] [org.apache.http.client.protocol.RequestAddCookies] CookieSpec selected: default
2021-06-06T09:17:11.643-0500 [DEBUG] [org.apache.http.client.protocol.RequestAuthCache] Auth cache not set in the context
2021-06-06T09:17:11.643-0500 [DEBUG] [org.apache.http.impl.conn.PoolingHttpClientConnectionManager] Connection request: [route: {s}->https://repo.maven.apache.org:443][total kept alive: 8; route allocated: 8 of 20; total allocated: 8 of 20]
2021-06-06T09:17:11.643-0500 [DEBUG] [org.apache.http.impl.conn.PoolingHttpClientConnectionManager] Connection leased: [id: 10][route: {s}->https://repo.maven.apache.org:443][total kept alive: 7; route allocated: 8 of 20; total allocated: 8 of 20]
2021-06-06T09:17:11.643-0500 [DEBUG] [org.apache.http.impl.conn.DefaultManagedHttpClientConnection] http-outgoing-10: set socket timeout to 30000
2021-06-06T09:17:11.643-0500 [DEBUG] [org.apache.http.impl.conn.DefaultManagedHttpClientConnection] http-outgoing-10: set socket timeout to 30000
2021-06-06T09:17:11.643-0500 [DEBUG] [org.apache.http.impl.execchain.MainClientExec] Executing request GET /maven2/org/eclipse/ee4j/project/1.0.5/project-1.0.5.pom HTTP/1.1
2021-06-06T09:17:11.643-0500 [DEBUG] [org.apache.http.impl.execchain.MainClientExec] Target auth state: UNCHALLENGED
2021-06-06T09:17:11.643-0500 [DEBUG] [org.apache.http.impl.execchain.MainClientExec] Proxy auth state: UNCHALLENGED
2021-06-06T09:17:11.660-0500 [DEBUG] [org.apache.http.impl.execchain.MainClientExec] Connection can be kept alive indefinitely
2021-06-06T09:17:11.661-0500 [DEBUG] [org.gradle.internal.resource.transport.http.HttpResponseResource] Attempting to download resource https://repo.maven.apache.org/maven2/org/eclipse/ee4j/project/1.0.5/project-1.0.5.pom.
2021-06-06T09:17:11.662-0500 [INFO] [org.gradle.internal.resource.transfer.DefaultCacheAwareExternalResourceAccessor] Downloading https://repo.maven.apache.org/maven2/org/eclipse/ee4j/project/1.0.5/project-1.0.5.pom to C:\Users\gathi\AppData\Local\Temp\gradle_download4279559989279051329bin
2021-06-06T09:17:11.663-0500 [DEBUG] [org.apache.http.impl.conn.PoolingHttpClientConnectionManager] Connection [id: 10][route: {s}->https://repo.maven.apache.org:443] can be kept alive indefinitely
2021-06-06T09:17:11.663-0500 [DEBUG] [org.apache.http.impl.conn.DefaultManagedHttpClientConnection] http-outgoing-10: set socket timeout to 0
2021-06-06T09:17:11.663-0500 [DEBUG] [org.apache.http.impl.conn.PoolingHttpClientConnectionManager] Connection released: [id: 10][route: {s}->https://repo.maven.apache.org:443][total kept alive: 8; route allocated: 8 of 20; total allocated: 8 of 20]
2021-06-06T09:17:11.664-0500 [DEBUG] [org.gradle.internal.operations.DefaultBuildOperationRunner] Build operation 'Download https://repo.maven.apache.org/maven2/org/eclipse/ee4j/project/1.0.5/project-1.0.5.pom' completed
2021-06-06T09:17:11.672-0500 [DEBUG] [org.gradle.api.internal.artifacts.repositories.resolver.ExternalResourceResolver] Metadata file found for module 'org.eclipse.ee4j:project:1.0.5' in repository 'MavenRepo'.
2021-06-06T09:17:11.672-0500 [DEBUG] [org.gradle.api.internal.artifacts.ivyservice.modulecache.PersistentModuleMetadataCache] Recording module descriptor in cache: org.eclipse.ee4j:project:1.0.5 [changing = false]
2021-06-06T09:17:11.675-0500 [DEBUG] [org.gradle.api.internal.artifacts.ivyservice.ivyresolve.RepositoryChainComponentMetaDataResolver] Using org.eclipse.ee4j:project:1.0.5 from Maven repository 'MavenRepo'
2021-06-06T09:17:11.676-0500 [DEBUG] [org.gradle.api.internal.artifacts.repositories.resolver.DefaultExternalResourceArtifactResolver] Loading https://repo.maven.apache.org/maven2/org/eclipse/ee4j/project/1.0.5/project-1.0.5.pom
2021-06-06T09:17:11.676-0500 [DEBUG] [org.gradle.internal.resource.transfer.DefaultCacheAwareExternalResourceAccessor] Constructing external resource: https://repo.maven.apache.org/maven2/org/eclipse/ee4j/project/1.0.5/project-1.0.5.pom
2021-06-06T09:17:11.676-0500 [DEBUG] [org.gradle.api.internal.artifacts.ivyservice.ivyresolve.CachingModuleComponentRepository] Downloaded artifact 'project-1.0.5.pom (org.eclipse.ee4j:project:1.0.5)' from resolver: MavenRepo
2021-06-06T09:17:11.681-0500 [DEBUG] [org.gradle.api.internal.artifacts.repositories.resolver.ExternalResourceResolver] Metadata file found for module 'org.glassfish.jaxb:jaxb-bom:2.3.2' in repository 'MavenRepo'.
2021-06-06T09:17:11.682-0500 [DEBUG] [org.gradle.api.internal.artifacts.ivyservice.modulecache.PersistentModuleMetadataCache] Recording module descriptor in cache: org.glassfish.jaxb:jaxb-bom:2.3.2 [changing = false]
2021-06-06T09:17:11.686-0500 [DEBUG] [org.gradle.api.internal.artifacts.ivyservice.ivyresolve.RepositoryChainComponentMetaDataResolver] Using org.glassfish.jaxb:jaxb-bom:2.3.2 from Maven repository 'MavenRepo'
2021-06-06T09:17:11.686-0500 [DEBUG] [org.gradle.api.internal.artifacts.repositories.resolver.DefaultExternalResourceArtifactResolver] Loading https://repo.maven.apache.org/maven2/org/glassfish/jaxb/jaxb-bom/2.3.2/jaxb-bom-2.3.2.pom
2021-06-06T09:17:11.686-0500 [DEBUG] [org.gradle.internal.resource.transfer.DefaultCacheAwareExternalResourceAccessor] Constructing external resource: https://repo.maven.apache.org/maven2/org/glassfish/jaxb/jaxb-bom/2.3.2/jaxb-bom-2.3.2.pom
2021-06-06T09:17:11.686-0500 [DEBUG] [org.gradle.api.internal.artifacts.ivyservice.ivyresolve.CachingModuleComponentRepository] Downloaded artifact 'jaxb-bom-2.3.2.pom (org.glassfish.jaxb:jaxb-bom:2.3.2)' from resolver: MavenRepo
2021-06-06T09:17:11.690-0500 [DEBUG] [org.gradle.api.internal.artifacts.ivyservice.ivyresolve.RepositoryChainComponentMetaDataResolver] Attempting to resolve component for org.eclipse.ee4j:project:1.0.5 using repositories [Google, MavenRepo]
2021-06-06T09:17:11.690-0500 [DEBUG] [org.gradle.api.internal.artifacts.ivyservice.ivyresolve.CachingModuleComponentRepository] Detected non-existence of module 'org.eclipse.ee4j:project:1.0.5' in resolver cache 'Google'
2021-06-06T09:17:11.690-0500 [DEBUG] [org.gradle.api.internal.artifacts.ivyservice.ivyresolve.CachingModuleComponentRepository] Using cached module metadata for module 'org.eclipse.ee4j:project:1.0.5' in 'MavenRepo'
2021-06-06T09:17:11.690-0500 [DEBUG] [org.gradle.api.internal.artifacts.ivyservice.ivyresolve.RepositoryChainComponentMetaDataResolver] Using org.eclipse.ee4j:project:1.0.5 from Maven repository 'MavenRepo'
2021-06-06T09:17:11.690-0500 [DEBUG] [org.gradle.api.internal.artifacts.ivyservice.ivyresolve.CachingModuleComponentRepository] Found artifact 'project-1.0.5.pom (org.eclipse.ee4j:project:1.0.5)' in resolver cache: C:\Users\gathi\.gradle\caches\modules-2\files-2.1\org.eclipse.ee4j\project\1.0.5\d391c5ed15d8fb1dadba9c5d1017006d56c50332\project-1.0.5.pom
2021-06-06T09:17:11.695-0500 [DEBUG] [org.gradle.api.internal.artifacts.repositories.resolver.ExternalResourceResolver] Metadata file found for module 'com.sun.xml.bind:jaxb-bom-ext:2.3.2' in repository 'MavenRepo'.
2021-06-06T09:17:11.695-0500 [DEBUG] [org.gradle.api.internal.artifacts.ivyservice.modulecache.PersistentModuleMetadataCache] Recording module descriptor in cache: com.sun.xml.bind:jaxb-bom-ext:2.3.2 [changing = false]
2021-06-06T09:17:11.700-0500 [DEBUG] [org.gradle.api.internal.artifacts.ivyservice.ivyresolve.RepositoryChainComponentMetaDataResolver] Using com.sun.xml.bind:jaxb-bom-ext:2.3.2 from Maven repository 'MavenRepo'
2021-06-06T09:17:11.700-0500 [DEBUG] [org.gradle.api.internal.artifacts.repositories.resolver.DefaultExternalResourceArtifactResolver] Loading https://repo.maven.apache.org/maven2/com/sun/xml/bind/jaxb-bom-ext/2.3.2/jaxb-bom-ext-2.3.2.pom
2021-06-06T09:17:11.700-0500 [DEBUG] [org.gradle.internal.resource.transfer.DefaultCacheAwareExternalResourceAccessor] Constructing external resource: https://repo.maven.apache.org/maven2/com/sun/xml/bind/jaxb-bom-ext/2.3.2/jaxb-bom-ext-2.3.2.pom
2021-06-06T09:17:11.700-0500 [DEBUG] [org.gradle.api.internal.artifacts.ivyservice.ivyresolve.CachingModuleComponentRepository] Downloaded artifact 'jaxb-bom-ext-2.3.2.pom (com.sun.xml.bind:jaxb-bom-ext:2.3.2)' from resolver: MavenRepo
2021-06-06T09:17:11.704-0500 [DEBUG] [org.gradle.api.internal.artifacts.ivyservice.ivyresolve.RepositoryChainComponentMetaDataResolver] Attempting to resolve component for org.glassfish.jaxb:jaxb-bom:2.3.2 using repositories [Google, MavenRepo]
2021-06-06T09:17:11.704-0500 [DEBUG] [org.gradle.api.internal.artifacts.ivyservice.ivyresolve.CachingModuleComponentRepository] Detected non-existence of module 'org.glassfish.jaxb:jaxb-bom:2.3.2' in resolver cache 'Google'
2021-06-06T09:17:11.704-0500 [DEBUG] [org.gradle.api.internal.artifacts.ivyservice.ivyresolve.CachingModuleComponentRepository] Using cached module metadata for module 'org.glassfish.jaxb:jaxb-bom:2.3.2' in 'MavenRepo'
2021-06-06T09:17:11.704-0500 [DEBUG] [org.gradle.api.internal.artifacts.ivyservice.ivyresolve.RepositoryChainComponentMetaDataResolver] Using org.glassfish.jaxb:jaxb-bom:2.3.2 from Maven repository 'MavenRepo'
2021-06-06T09:17:11.704-0500 [DEBUG] [org.gradle.api.internal.artifacts.ivyservice.ivyresolve.CachingModuleComponentRepository] Found artifact 'jaxb-bom-2.3.2.pom (org.glassfish.jaxb:jaxb-bom:2.3.2)' in resolver cache: C:\Users\gathi\.gradle\caches\modules-2\files-2.1\org.glassfish.jaxb\jaxb-bom\2.3.2\c7cd28b5d3871feba8cebf6d4587043fb0d6fd0a\jaxb-bom-2.3.2.pom
2021-06-06T09:17:11.706-0500 [DEBUG] [org.gradle.api.internal.artifacts.ivyservice.ivyresolve.RepositoryChainComponentMetaDataResolver] Attempting to resolve component for org.eclipse.ee4j:project:1.0.5 using repositories [Google, MavenRepo]
2021-06-06T09:17:11.707-0500 [DEBUG] [org.gradle.api.internal.artifacts.ivyservice.ivyresolve.CachingModuleComponentRepository] Detected non-existence of module 'org.eclipse.ee4j:project:1.0.5' in resolver cache 'Google'
2021-06-06T09:17:11.707-0500 [DEBUG] [org.gradle.api.internal.artifacts.ivyservice.ivyresolve.CachingModuleComponentRepository] Using cached module metadata for module 'org.eclipse.ee4j:project:1.0.5' in 'MavenRepo'
2021-06-06T09:17:11.707-0500 [DEBUG] [org.gradle.api.internal.artifacts.ivyservice.ivyresolve.RepositoryChainComponentMetaDataResolver] Using org.eclipse.ee4j:project:1.0.5 from Maven repository 'MavenRepo'
2021-06-06T09:17:11.707-0500 [DEBUG] [org.gradle.api.internal.artifacts.ivyservice.ivyresolve.CachingModuleComponentRepository] Found artifact 'project-1.0.5.pom (org.eclipse.ee4j:project:1.0.5)' in resolver cache: C:\Users\gathi\.gradle\caches\modules-2\files-2.1\org.eclipse.ee4j\project\1.0.5\d391c5ed15d8fb1dadba9c5d1017006d56c50332\project-1.0.5.pom
2021-06-06T09:17:11.713-0500 [DEBUG] [org.gradle.api.internal.artifacts.repositories.resolver.ExternalResourceResolver] Metadata file found for module 'com.sun.xml.bind.mvn:jaxb-parent:2.3.2' in repository 'MavenRepo'.
2021-06-06T09:17:11.713-0500 [DEBUG] [org.gradle.api.internal.artifacts.ivyservice.modulecache.PersistentModuleMetadataCache] Recording module descriptor in cache: com.sun.xml.bind.mvn:jaxb-parent:2.3.2 [changing = false]
2021-06-06T09:17:11.717-0500 [DEBUG] [org.gradle.api.internal.artifacts.ivyservice.ivyresolve.RepositoryChainComponentMetaDataResolver] Using com.sun.xml.bind.mvn:jaxb-parent:2.3.2 from Maven repository 'MavenRepo'
2021-06-06T09:17:11.717-0500 [DEBUG] [org.gradle.api.internal.artifacts.repositories.resolver.DefaultExternalResourceArtifactResolver] Loading https://repo.maven.apache.org/maven2/com/sun/xml/bind/mvn/jaxb-parent/2.3.2/jaxb-parent-2.3.2.pom
2021-06-06T09:17:11.718-0500 [DEBUG] [org.gradle.internal.resource.transfer.DefaultCacheAwareExternalResourceAccessor] Constructing external resource: https://repo.maven.apache.org/maven2/com/sun/xml/bind/mvn/jaxb-parent/2.3.2/jaxb-parent-2.3.2.pom
2021-06-06T09:17:11.718-0500 [DEBUG] [org.gradle.api.internal.artifacts.ivyservice.ivyresolve.CachingModuleComponentRepository] Downloaded artifact 'jaxb-parent-2.3.2.pom (com.sun.xml.bind.mvn:jaxb-parent:2.3.2)' from resolver: MavenRepo
2021-06-06T09:17:11.723-0500 [DEBUG] [org.gradle.api.internal.artifacts.ivyservice.ivyresolve.RepositoryChainComponentMetaDataResolver] Attempting to resolve component for com.sun.xml.bind:jaxb-bom-ext:2.3.2 using repositories [Google, MavenRepo]
2021-06-06T09:17:11.723-0500 [DEBUG] [org.gradle.api.internal.artifacts.ivyservice.ivyresolve.CachingModuleComponentRepository] Detected non-existence of module 'com.sun.xml.bind:jaxb-bom-ext:2.3.2' in resolver cache 'Google'
2021-06-06T09:17:11.723-0500 [DEBUG] [org.gradle.api.internal.artifacts.ivyservice.ivyresolve.CachingModuleComponentRepository] Using cached module metadata for module 'com.sun.xml.bind:jaxb-bom-ext:2.3.2' in 'MavenRepo'
2021-06-06T09:17:11.723-0500 [DEBUG] [org.gradle.api.internal.artifacts.ivyservice.ivyresolve.RepositoryChainComponentMetaDataResolver] Using com.sun.xml.bind:jaxb-bom-ext:2.3.2 from Maven repository 'MavenRepo'
2021-06-06T09:17:11.723-0500 [DEBUG] [org.gradle.api.internal.artifacts.ivyservice.ivyresolve.CachingModuleComponentRepository] Found artifact 'jaxb-bom-ext-2.3.2.pom (com.sun.xml.bind:jaxb-bom-ext:2.3.2)' in resolver cache: C:\Users\gathi\.gradle\caches\modules-2\files-2.1\com.sun.xml.bind\jaxb-bom-ext\2.3.2\7a92d12e31a67bae498f840c8f7c334a4fee0fbb\jaxb-bom-ext-2.3.2.pom
2021-06-06T09:17:11.726-0500 [DEBUG] [org.gradle.api.internal.artifacts.ivyservice.ivyresolve.RepositoryChainComponentMetaDataResolver] Attempting to resolve component for org.glassfish.jaxb:jaxb-bom:2.3.2 using repositories [Google, MavenRepo]
2021-06-06T09:17:11.726-0500 [DEBUG] [org.gradle.api.internal.artifacts.ivyservice.ivyresolve.CachingModuleComponentRepository] Detected non-existence of module 'org.glassfish.jaxb:jaxb-bom:2.3.2' in resolver cache 'Google'
2021-06-06T09:17:11.726-0500 [DEBUG] [org.gradle.api.internal.artifacts.ivyservice.ivyresolve.CachingModuleComponentRepository] Using cached module metadata for module 'org.glassfish.jaxb:jaxb-bom:2.3.2' in 'MavenRepo'
2021-06-06T09:17:11.726-0500 [DEBUG] [org.gradle.api.internal.artifacts.ivyservice.ivyresolve.RepositoryChainComponentMetaDataResolver] Using org.glassfish.jaxb:jaxb-bom:2.3.2 from Maven repository 'MavenRepo'
2021-06-06T09:17:11.727-0500 [DEBUG] [org.gradle.api.internal.artifacts.ivyservice.ivyresolve.CachingModuleComponentRepository] Found artifact 'jaxb-bom-2.3.2.pom (org.glassfish.jaxb:jaxb-bom:2.3.2)' in resolver cache: C:\Users\gathi\.gradle\caches\modules-2\files-2.1\org.glassfish.jaxb\jaxb-bom\2.3.2\c7cd28b5d3871feba8cebf6d4587043fb0d6fd0a\jaxb-bom-2.3.2.pom
2021-06-06T09:17:11.729-0500 [DEBUG] [org.gradle.api.internal.artifacts.ivyservice.ivyresolve.RepositoryChainComponentMetaDataResolver] Attempting to resolve component for org.eclipse.ee4j:project:1.0.5 using repositories [Google, MavenRepo]
2021-06-06T09:17:11.730-0500 [DEBUG] [org.gradle.api.internal.artifacts.ivyservice.ivyresolve.CachingModuleComponentRepository] Detected non-existence of module 'org.eclipse.ee4j:project:1.0.5' in resolver cache 'Google'
2021-06-06T09:17:11.730-0500 [DEBUG] [org.gradle.api.internal.artifacts.ivyservice.ivyresolve.CachingModuleComponentRepository] Using cached module metadata for module 'org.eclipse.ee4j:project:1.0.5' in 'MavenRepo'
2021-06-06T09:17:11.730-0500 [DEBUG] [org.gradle.api.internal.artifacts.ivyservice.ivyresolve.RepositoryChainComponentMetaDataResolver] Using org.eclipse.ee4j:project:1.0.5 from Maven repository 'MavenRepo'
2021-06-06T09:17:11.730-0500 [DEBUG] [org.gradle.api.internal.artifacts.ivyservice.ivyresolve.CachingModuleComponentRepository] Found artifact 'project-1.0.5.pom (org.eclipse.ee4j:project:1.0.5)' in resolver cache: C:\Users\gathi\.gradle\caches\modules-2\files-2.1\org.eclipse.ee4j\project\1.0.5\d391c5ed15d8fb1dadba9c5d1017006d56c50332\project-1.0.5.pom
2021-06-06T09:17:11.738-0500 [DEBUG] [org.gradle.api.internal.artifacts.repositories.resolver.ExternalResourceResolver] Metadata file found for module 'com.sun.xml.bind.mvn:jaxb-runtime-parent:2.3.2' in repository 'MavenRepo'.
2021-06-06T09:17:11.738-0500 [DEBUG] [org.gradle.api.internal.artifacts.ivyservice.modulecache.PersistentModuleMetadataCache] Recording module descriptor in cache: com.sun.xml.bind.mvn:jaxb-runtime-parent:2.3.2 [changing = false]
2021-06-06T09:17:11.742-0500 [DEBUG] [org.gradle.api.internal.artifacts.ivyservice.ivyresolve.RepositoryChainComponentMetaDataResolver] Using com.sun.xml.bind.mvn:jaxb-runtime-parent:2.3.2 from Maven repository 'MavenRepo'
2021-06-06T09:17:11.742-0500 [DEBUG] [org.gradle.api.internal.artifacts.repositories.resolver.DefaultExternalResourceArtifactResolver] Loading https://repo.maven.apache.org/maven2/com/sun/xml/bind/mvn/jaxb-runtime-parent/2.3.2/jaxb-runtime-parent-2.3.2.pom
2021-06-06T09:17:11.742-0500 [DEBUG] [org.gradle.internal.resource.transfer.DefaultCacheAwareExternalResourceAccessor] Constructing external resource: https://repo.maven.apache.org/maven2/com/sun/xml/bind/mvn/jaxb-runtime-parent/2.3.2/jaxb-runtime-parent-2.3.2.pom
2021-06-06T09:17:11.742-0500 [DEBUG] [org.gradle.api.internal.artifacts.ivyservice.ivyresolve.CachingModuleComponentRepository] Downloaded artifact 'jaxb-runtime-parent-2.3.2.pom (com.sun.xml.bind.mvn:jaxb-runtime-parent:2.3.2)' from resolver: MavenRepo
2021-06-06T09:17:11.745-0500 [DEBUG] [org.gradle.api.internal.artifacts.ivyservice.ivyresolve.RepositoryChainComponentMetaDataResolver] Attempting to resolve component for com.sun.xml.bind.mvn:jaxb-parent:2.3.2 using repositories [Google, MavenRepo]
2021-06-06T09:17:11.746-0500 [DEBUG] [org.gradle.api.internal.artifacts.ivyservice.ivyresolve.CachingModuleComponentRepository] Detected non-existence of module 'com.sun.xml.bind.mvn:jaxb-parent:2.3.2' in resolver cache 'Google'
2021-06-06T09:17:11.746-0500 [DEBUG] [org.gradle.api.internal.artifacts.ivyservice.ivyresolve.CachingModuleComponentRepository] Using cached module metadata for module 'com.sun.xml.bind.mvn:jaxb-parent:2.3.2' in 'MavenRepo'
2021-06-06T09:17:11.746-0500 [DEBUG] [org.gradle.api.internal.artifacts.ivyservice.ivyresolve.RepositoryChainComponentMetaDataResolver] Using com.sun.xml.bind.mvn:jaxb-parent:2.3.2 from Maven repository 'MavenRepo'
2021-06-06T09:17:11.746-0500 [DEBUG] [org.gradle.api.internal.artifacts.ivyservice.ivyresolve.CachingModuleComponentRepository] Found artifact 'jaxb-parent-2.3.2.pom (com.sun.xml.bind.mvn:jaxb-parent:2.3.2)' in resolver cache: C:\Users\gathi\.gradle\caches\modules-2\files-2.1\com.sun.xml.bind.mvn\jaxb-parent\2.3.2\5d96ada92105844d8a2eedfb63bf782a712cc0a\jaxb-parent-2.3.2.pom
2021-06-06T09:17:11.749-0500 [DEBUG] [org.gradle.api.internal.artifacts.ivyservice.ivyresolve.RepositoryChainComponentMetaDataResolver] Attempting to resolve component for com.sun.xml.bind:jaxb-bom-ext:2.3.2 using repositories [Google, MavenRepo]
2021-06-06T09:17:11.749-0500 [DEBUG] [org.gradle.api.internal.artifacts.ivyservice.ivyresolve.CachingModuleComponentRepository] Detected non-existence of module 'com.sun.xml.bind:jaxb-bom-ext:2.3.2' in resolver cache 'Google'
2021-06-06T09:17:11.749-0500 [DEBUG] [org.gradle.api.internal.artifacts.ivyservice.ivyresolve.CachingModuleComponentRepository] Using cached module metadata for module 'com.sun.xml.bind:jaxb-bom-ext:2.3.2' in 'MavenRepo'
2021-06-06T09:17:11.749-0500 [DEBUG] [org.gradle.api.internal.artifacts.ivyservice.ivyresolve.RepositoryChainComponentMetaDataResolver] Using com.sun.xml.bind:jaxb-bom-ext:2.3.2 from Maven repository 'MavenRepo'
2021-06-06T09:17:11.749-0500 [DEBUG] [org.gradle.api.internal.artifacts.ivyservice.ivyresolve.CachingModuleComponentRepository] Found artifact 'jaxb-bom-ext-2.3.2.pom (com.sun.xml.bind:jaxb-bom-ext:2.3.2)' in resolver cache: C:\Users\gathi\.gradle\caches\modules-2\files-2.1\com.sun.xml.bind\jaxb-bom-ext\2.3.2\7a92d12e31a67bae498f840c8f7c334a4fee0fbb\jaxb-bom-ext-2.3.2.pom
2021-06-06T09:17:11.751-0500 [DEBUG] [org.gradle.api.internal.artifacts.ivyservice.ivyresolve.RepositoryChainComponentMetaDataResolver] Attempting to resolve component for org.glassfish.jaxb:jaxb-bom:2.3.2 using repositories [Google, MavenRepo]
2021-06-06T09:17:11.752-0500 [DEBUG] [org.gradle.api.internal.artifacts.ivyservice.ivyresolve.CachingModuleComponentRepository] Detected non-existence of module 'org.glassfish.jaxb:jaxb-bom:2.3.2' in resolver cache 'Google'
2021-06-06T09:17:11.752-0500 [DEBUG] [org.gradle.api.internal.artifacts.ivyservice.ivyresolve.CachingModuleComponentRepository] Using cached module metadata for module 'org.glassfish.jaxb:jaxb-bom:2.3.2' in 'MavenRepo'
2021-06-06T09:17:11.752-0500 [DEBUG] [org.gradle.api.internal.artifacts.ivyservice.ivyresolve.RepositoryChainComponentMetaDataResolver] Using org.glassfish.jaxb:jaxb-bom:2.3.2 from Maven repository 'MavenRepo'
2021-06-06T09:17:11.752-0500 [DEBUG] [org.gradle.api.internal.artifacts.ivyservice.ivyresolve.CachingModuleComponentRepository] Found artifact 'jaxb-bom-2.3.2.pom (org.glassfish.jaxb:jaxb-bom:2.3.2)' in resolver cache: C:\Users\gathi\.gradle\caches\modules-2\files-2.1\org.glassfish.jaxb\jaxb-bom\2.3.2\c7cd28b5d3871feba8cebf6d4587043fb0d6fd0a\jaxb-bom-2.3.2.pom
2021-06-06T09:17:11.754-0500 [DEBUG] [org.gradle.api.internal.artifacts.ivyservice.ivyresolve.RepositoryChainComponentMetaDataResolver] Attempting to resolve component for org.eclipse.ee4j:project:1.0.5 using repositories [Google, MavenRepo]
2021-06-06T09:17:11.754-0500 [DEBUG] [org.gradle.api.internal.artifacts.ivyservice.ivyresolve.CachingModuleComponentRepository] Detected non-existence of module 'org.eclipse.ee4j:project:1.0.5' in resolver cache 'Google'
2021-06-06T09:17:11.754-0500 [DEBUG] [org.gradle.api.internal.artifacts.ivyservice.ivyresolve.CachingModuleComponentRepository] Using cached module metadata for module 'org.eclipse.ee4j:project:1.0.5' in 'MavenRepo'
2021-06-06T09:17:11.755-0500 [DEBUG] [org.gradle.api.internal.artifacts.ivyservice.ivyresolve.RepositoryChainComponentMetaDataResolver] Using org.eclipse.ee4j:project:1.0.5 from Maven repository 'MavenRepo'
2021-06-06T09:17:11.755-0500 [DEBUG] [org.gradle.api.internal.artifacts.ivyservice.ivyresolve.CachingModuleComponentRepository] Found artifact 'project-1.0.5.pom (org.eclipse.ee4j:project:1.0.5)' in resolver cache: C:\Users\gathi\.gradle\caches\modules-2\files-2.1\org.eclipse.ee4j\project\1.0.5\d391c5ed15d8fb1dadba9c5d1017006d56c50332\project-1.0.5.pom
2021-06-06T09:17:11.761-0500 [DEBUG] [org.gradle.api.internal.artifacts.repositories.resolver.ExternalResourceResolver] Metadata file found for module 'org.glassfish.jaxb:jaxb-runtime:2.3.2' in repository 'MavenRepo'.
2021-06-06T09:17:11.761-0500 [DEBUG] [org.gradle.api.internal.artifacts.ivyservice.modulecache.PersistentModuleMetadataCache] Recording module descriptor in cache: org.glassfish.jaxb:jaxb-runtime:2.3.2 [changing = false]
2021-06-06T09:17:11.765-0500 [DEBUG] [org.gradle.api.internal.artifacts.ivyservice.ivyresolve.RepositoryChainComponentMetaDataResolver] Using org.glassfish.jaxb:jaxb-runtime:2.3.2 from Maven repository 'MavenRepo'
2021-06-06T09:17:11.766-0500 [DEBUG] [org.gradle.internal.component.model.LoggingAttributeMatchingExplanationBuilder] Candidate androidx.databinding:databinding-common:4.2.1 variant apiElements attribute org.gradle.usage value {org.gradle.category=library, org.gradle.dependency.bundling=external, org.gradle.jvm.version=7, org.gradle.libraryelements=jar, org.gradle.usage=java-api} doesn't requested value java-runtime
2021-06-06T09:17:11.766-0500 [DEBUG] [org.gradle.internal.component.model.LoggingAttributeMatchingExplanationBuilder] Candidate androidx.databinding:databinding-common:4.2.1 variant javadocElements attribute org.gradle.category value {org.gradle.category=documentation} doesn't requested value library
2021-06-06T09:17:11.766-0500 [DEBUG] [org.gradle.internal.component.model.LoggingAttributeMatchingExplanationBuilder] Candidate androidx.databinding:databinding-common:4.2.1 variant sourcesElements attribute org.gradle.category value {org.gradle.category=documentation} doesn't requested value library
2021-06-06T09:17:11.766-0500 [DEBUG] [org.gradle.internal.component.model.ComponentAttributeMatcher] Selected matches [androidx.databinding:databinding-common:4.2.1 variant runtimeElements] from candidates [androidx.databinding:databinding-common:4.2.1 variant apiElements, androidx.databinding:databinding-common:4.2.1 variant runtimeElements, androidx.databinding:databinding-common:4.2.1 variant javadocElements, androidx.databinding:databinding-common:4.2.1 variant sourcesElements] for {org.gradle.category=library, org.gradle.dependency.bundling=external, org.gradle.jvm.version=14, org.gradle.libraryelements=jar, org.gradle.usage=java-runtime}
2021-06-06T09:17:11.767-0500 [DEBUG] [org.gradle.api.internal.artifacts.ivyservice.resolveengine.graph.builder.DependencyGraphBuilder] Visiting configuration org.jetbrains.kotlin:kotlin-stdlib-jdk8:1.4.31(runtime).
2021-06-06T09:17:11.768-0500 [DEBUG] [org.gradle.api.internal.artifacts.ivyservice.ivyresolve.RepositoryChainComponentMetaDataResolver] Attempting to resolve component for org.jetbrains.kotlin:kotlin-stdlib-jdk7:1.4.31 using repositories [Google, MavenRepo]
2021-06-06T09:17:11.768-0500 [DEBUG] [org.gradle.api.internal.artifacts.repositories.resolver.DefaultExternalResourceArtifactResolver] Loading https://dl.google.com/dl/android/maven2/org/jetbrains/kotlin/kotlin-stdlib-jdk7/1.4.31/kotlin-stdlib-jdk7-1.4.31.pom
2021-06-06T09:17:11.768-0500 [DEBUG] [org.gradle.internal.resource.transfer.DefaultCacheAwareExternalResourceAccessor] Constructing external resource: https://dl.google.com/dl/android/maven2/org/jetbrains/kotlin/kotlin-stdlib-jdk7/1.4.31/kotlin-stdlib-jdk7-1.4.31.pom
2021-06-06T09:17:11.770-0500 [DEBUG] [org.gradle.internal.resource.transport.http.HttpResourceAccessor] Constructing external resource: https://dl.google.com/dl/android/maven2/org/jetbrains/kotlin/kotlin-stdlib-jdk7/1.4.31/kotlin-stdlib-jdk7-1.4.31.pom
2021-06-06T09:17:11.770-0500 [DEBUG] [org.gradle.internal.resource.transport.http.HttpClientHelper] Performing HTTP GET: https://dl.google.com/dl/android/maven2/org/jetbrains/kotlin/kotlin-stdlib-jdk7/1.4.31/kotlin-stdlib-jdk7-1.4.31.pom
2021-06-06T09:17:11.770-0500 [DEBUG] [org.apache.http.client.protocol.RequestAddCookies] CookieSpec selected: default
2021-06-06T09:17:11.770-0500 [DEBUG] [org.apache.http.client.protocol.RequestAuthCache] Auth cache not set in the context
2021-06-06T09:17:11.770-0500 [DEBUG] [org.apache.http.impl.conn.PoolingHttpClientConnectionManager] Connection request: [route: {s}->https://dl.google.com:443][total kept alive: 8; route allocated: 8 of 20; total allocated: 8 of 20]
2021-06-06T09:17:11.770-0500 [DEBUG] [org.apache.http.impl.conn.PoolingHttpClientConnectionManager] Connection leased: [id: 3][route: {s}->https://dl.google.com:443][total kept alive: 7; route allocated: 8 of 20; total allocated: 8 of 20]
2021-06-06T09:17:11.770-0500 [DEBUG] [org.apache.http.impl.conn.DefaultManagedHttpClientConnection] http-outgoing-3: set socket timeout to 30000
2021-06-06T09:17:11.771-0500 [DEBUG] [org.apache.http.impl.conn.DefaultManagedHttpClientConnection] http-outgoing-3: set socket timeout to 30000
2021-06-06T09:17:11.771-0500 [DEBUG] [org.apache.http.impl.execchain.MainClientExec] Executing request GET /dl/android/maven2/org/jetbrains/kotlin/kotlin-stdlib-jdk7/1.4.31/kotlin-stdlib-jdk7-1.4.31.pom HTTP/1.1
2021-06-06T09:17:11.771-0500 [DEBUG] [org.apache.http.impl.execchain.MainClientExec] Target auth state: UNCHALLENGED
2021-06-06T09:17:11.771-0500 [DEBUG] [org.apache.http.impl.execchain.MainClientExec] Proxy auth state: UNCHALLENGED
2021-06-06T09:17:11.809-0500 [DEBUG] [org.apache.http.impl.execchain.MainClientExec] Connection can be kept alive indefinitely
2021-06-06T09:17:11.809-0500 [DEBUG] [org.apache.http.impl.conn.PoolingHttpClientConnectionManager] Connection [id: 3][route: {s}->https://dl.google.com:443] can be kept alive indefinitely
2021-06-06T09:17:11.809-0500 [DEBUG] [org.apache.http.impl.conn.DefaultManagedHttpClientConnection] http-outgoing-3: set socket timeout to 0
2021-06-06T09:17:11.809-0500 [DEBUG] [org.apache.http.impl.conn.PoolingHttpClientConnectionManager] Connection released: [id: 3][route: {s}->https://dl.google.com:443][total kept alive: 8; route allocated: 8 of 20; total allocated: 8 of 20]
2021-06-06T09:17:11.810-0500 [INFO] [org.gradle.internal.resource.transport.http.HttpClientHelper] Resource missing. [HTTP GET: https://dl.google.com/dl/android/maven2/org/jetbrains/kotlin/kotlin-stdlib-jdk7/1.4.31/kotlin-stdlib-jdk7-1.4.31.pom]
2021-06-06T09:17:11.810-0500 [DEBUG] [org.gradle.internal.operations.DefaultBuildOperationRunner] Build operation 'Download https://dl.google.com/dl/android/maven2/org/jetbrains/kotlin/kotlin-stdlib-jdk7/1.4.31/kotlin-stdlib-jdk7-1.4.31.pom' completed
2021-06-06T09:17:11.810-0500 [DEBUG] [org.gradle.api.internal.artifacts.repositories.resolver.ExternalResourceResolver] No meta-data file or artifact found for module 'org.jetbrains.kotlin:kotlin-stdlib-jdk7:1.4.31' in repository 'Google'.
2021-06-06T09:17:11.810-0500 [DEBUG] [org.gradle.api.internal.artifacts.ivyservice.modulecache.PersistentModuleMetadataCache] Recording absence of module descriptor in cache: org.jetbrains.kotlin:kotlin-stdlib-jdk7:1.4.31 [changing = false]
2021-06-06T09:17:11.810-0500 [DEBUG] [org.gradle.api.internal.artifacts.repositories.resolver.DefaultExternalResourceArtifactResolver] Loading https://repo.maven.apache.org/maven2/org/jetbrains/kotlin/kotlin-stdlib-jdk7/1.4.31/kotlin-stdlib-jdk7-1.4.31.pom
2021-06-06T09:17:11.810-0500 [DEBUG] [org.gradle.internal.resource.transfer.DefaultCacheAwareExternalResourceAccessor] Constructing external resource: https://repo.maven.apache.org/maven2/org/jetbrains/kotlin/kotlin-stdlib-jdk7/1.4.31/kotlin-stdlib-jdk7-1.4.31.pom
2021-06-06T09:17:11.812-0500 [DEBUG] [org.gradle.internal.resource.transport.http.HttpResourceAccessor] Constructing external resource: https://repo.maven.apache.org/maven2/org/jetbrains/kotlin/kotlin-stdlib-jdk7/1.4.31/kotlin-stdlib-jdk7-1.4.31.pom
2021-06-06T09:17:11.812-0500 [DEBUG] [org.gradle.internal.resource.transport.http.HttpClientHelper] Performing HTTP GET: https://repo.maven.apache.org/maven2/org/jetbrains/kotlin/kotlin-stdlib-jdk7/1.4.31/kotlin-stdlib-jdk7-1.4.31.pom
2021-06-06T09:17:11.812-0500 [DEBUG] [org.apache.http.client.protocol.RequestAddCookies] CookieSpec selected: default
2021-06-06T09:17:11.812-0500 [DEBUG] [org.apache.http.client.protocol.RequestAuthCache] Auth cache not set in the context
2021-06-06T09:17:11.812-0500 [DEBUG] [org.apache.http.impl.conn.PoolingHttpClientConnectionManager] Connection request: [route: {s}->https://repo.maven.apache.org:443][total kept alive: 8; route allocated: 8 of 20; total allocated: 8 of 20]
2021-06-06T09:17:11.812-0500 [DEBUG] [org.apache.http.impl.conn.PoolingHttpClientConnectionManager] Connection leased: [id: 10][route: {s}->https://repo.maven.apache.org:443][total kept alive: 7; route allocated: 8 of 20; total allocated: 8 of 20]
2021-06-06T09:17:11.813-0500 [DEBUG] [org.apache.http.impl.conn.DefaultManagedHttpClientConnection] http-outgoing-10: set socket timeout to 30000
2021-06-06T09:17:11.813-0500 [DEBUG] [org.apache.http.impl.conn.DefaultManagedHttpClientConnection] http-outgoing-10: set socket timeout to 30000
2021-06-06T09:17:11.813-0500 [DEBUG] [org.apache.http.impl.execchain.MainClientExec] Executing request GET /maven2/org/jetbrains/kotlin/kotlin-stdlib-jdk7/1.4.31/kotlin-stdlib-jdk7-1.4.31.pom HTTP/1.1
2021-06-06T09:17:11.813-0500 [DEBUG] [org.apache.http.impl.execchain.MainClientExec] Target auth state: UNCHALLENGED
2021-06-06T09:17:11.813-0500 [DEBUG] [org.apache.http.impl.execchain.MainClientExec] Proxy auth state: UNCHALLENGED
2021-06-06T09:17:11.830-0500 [DEBUG] [org.apache.http.impl.execchain.MainClientExec] Connection can be kept alive indefinitely
2021-06-06T09:17:11.831-0500 [DEBUG] [org.gradle.internal.resource.transport.http.HttpResponseResource] Attempting to download resource https://repo.maven.apache.org/maven2/org/jetbrains/kotlin/kotlin-stdlib-jdk7/1.4.31/kotlin-stdlib-jdk7-1.4.31.pom.
2021-06-06T09:17:11.832-0500 [INFO] [org.gradle.internal.resource.transfer.DefaultCacheAwareExternalResourceAccessor] Downloading https://repo.maven.apache.org/maven2/org/jetbrains/kotlin/kotlin-stdlib-jdk7/1.4.31/kotlin-stdlib-jdk7-1.4.31.pom to C:\Users\gathi\AppData\Local\Temp\gradle_download955947800174522597bin
2021-06-06T09:17:11.833-0500 [DEBUG] [org.apache.http.impl.conn.PoolingHttpClientConnectionManager] Connection [id: 10][route: {s}->https://repo.maven.apache.org:443] can be kept alive indefinitely
2021-06-06T09:17:11.833-0500 [DEBUG] [org.apache.http.impl.conn.DefaultManagedHttpClientConnection] http-outgoing-10: set socket timeout to 0
2021-06-06T09:17:11.833-0500 [DEBUG] [org.apache.http.impl.conn.PoolingHttpClientConnectionManager] Connection released: [id: 10][route: {s}->https://repo.maven.apache.org:443][total kept alive: 8; route allocated: 8 of 20; total allocated: 8 of 20]
2021-06-06T09:17:11.834-0500 [DEBUG] [org.gradle.internal.operations.DefaultBuildOperationRunner] Build operation 'Download https://repo.maven.apache.org/maven2/org/jetbrains/kotlin/kotlin-stdlib-jdk7/1.4.31/kotlin-stdlib-jdk7-1.4.31.pom' completed
2021-06-06T09:17:11.843-0500 [DEBUG] [org.gradle.api.internal.artifacts.repositories.resolver.ExternalResourceResolver] Metadata file found for module 'org.jetbrains.kotlin:kotlin-stdlib-jdk7:1.4.31' in repository 'MavenRepo'.
2021-06-06T09:17:11.843-0500 [DEBUG] [org.gradle.api.internal.artifacts.ivyservice.modulecache.PersistentModuleMetadataCache] Recording module descriptor in cache: org.jetbrains.kotlin:kotlin-stdlib-jdk7:1.4.31 [changing = false]
2021-06-06T09:17:11.847-0500 [DEBUG] [org.gradle.api.internal.artifacts.ivyservice.ivyresolve.RepositoryChainComponentMetaDataResolver] Using org.jetbrains.kotlin:kotlin-stdlib-jdk7:1.4.31 from Maven repository 'MavenRepo'
2021-06-06T09:17:11.847-0500 [DEBUG] [org.gradle.api.internal.artifacts.ivyservice.resolveengine.graph.builder.DependencyGraphBuilder] Visiting configuration com.android.tools.build:transform-api:2.0.0-deprecated-use-gradle-api(runtime).
2021-06-06T09:17:11.847-0500 [DEBUG] [org.gradle.api.internal.artifacts.ivyservice.resolveengine.graph.builder.DependencyGraphBuilder] Visiting configuration org.ow2.asm:asm:7.0(runtime).
2021-06-06T09:17:11.847-0500 [DEBUG] [org.gradle.api.internal.artifacts.ivyservice.resolveengine.graph.builder.DependencyGraphBuilder] Visiting configuration org.ow2.asm:asm-analysis:7.0(runtime).
2021-06-06T09:17:11.848-0500 [DEBUG] [org.gradle.api.internal.artifacts.ivyservice.resolveengine.graph.builder.DependencyGraphBuilder] Visiting configuration org.ow2.asm:asm-commons:7.0(runtime).
2021-06-06T09:17:11.848-0500 [DEBUG] [org.gradle.api.internal.artifacts.ivyservice.resolveengine.graph.builder.DependencyGraphBuilder] Visiting configuration org.ow2.asm:asm-util:7.0(runtime).
2021-06-06T09:17:11.849-0500 [DEBUG] [org.gradle.api.internal.artifacts.ivyservice.resolveengine.graph.builder.DependencyGraphBuilder] Visiting configuration net.sf.jopt-simple:jopt-simple:4.9(runtime).
2021-06-06T09:17:11.849-0500 [DEBUG] [org.gradle.api.internal.artifacts.ivyservice.resolveengine.graph.builder.DependencyGraphBuilder] Visiting configuration net.sf.proguard:proguard-gradle:6.0.3(runtime).
2021-06-06T09:17:11.849-0500 [DEBUG] [org.gradle.api.internal.artifacts.ivyservice.ivyresolve.RepositoryChainComponentMetaDataResolver] Attempting to resolve component for net.sf.proguard:proguard-base:6.0.3 using repositories [Google, MavenRepo]
2021-06-06T09:17:11.849-0500 [DEBUG] [org.gradle.api.internal.artifacts.repositories.resolver.DefaultExternalResourceArtifactResolver] Loading https://dl.google.com/dl/android/maven2/net/sf/proguard/proguard-base/6.0.3/proguard-base-6.0.3.pom
2021-06-06T09:17:11.849-0500 [DEBUG] [org.gradle.internal.resource.transfer.DefaultCacheAwareExternalResourceAccessor] Constructing external resource: https://dl.google.com/dl/android/maven2/net/sf/proguard/proguard-base/6.0.3/proguard-base-6.0.3.pom
2021-06-06T09:17:11.851-0500 [DEBUG] [org.gradle.internal.resource.transport.http.HttpResourceAccessor] Constructing external resource: https://dl.google.com/dl/android/maven2/net/sf/proguard/proguard-base/6.0.3/proguard-base-6.0.3.pom
2021-06-06T09:17:11.851-0500 [DEBUG] [org.gradle.internal.resource.transport.http.HttpClientHelper] Performing HTTP GET: https://dl.google.com/dl/android/maven2/net/sf/proguard/proguard-base/6.0.3/proguard-base-6.0.3.pom
2021-06-06T09:17:11.851-0500 [DEBUG] [org.apache.http.client.protocol.RequestAddCookies] CookieSpec selected: default
2021-06-06T09:17:11.851-0500 [DEBUG] [org.apache.http.client.protocol.RequestAuthCache] Auth cache not set in the context
2021-06-06T09:17:11.851-0500 [DEBUG] [org.apache.http.impl.conn.PoolingHttpClientConnectionManager] Connection request: [route: {s}->https://dl.google.com:443][total kept alive: 8; route allocated: 8 of 20; total allocated: 8 of 20]
2021-06-06T09:17:11.851-0500 [DEBUG] [org.apache.http.impl.conn.PoolingHttpClientConnectionManager] Connection leased: [id: 3][route: {s}->https://dl.google.com:443][total kept alive: 7; route allocated: 8 of 20; total allocated: 8 of 20]
2021-06-06T09:17:11.851-0500 [DEBUG] [org.apache.http.impl.conn.DefaultManagedHttpClientConnection] http-outgoing-3: set socket timeout to 30000
2021-06-06T09:17:11.851-0500 [DEBUG] [org.apache.http.impl.conn.DefaultManagedHttpClientConnection] http-outgoing-3: set socket timeout to 30000
2021-06-06T09:17:11.852-0500 [DEBUG] [org.apache.http.impl.execchain.MainClientExec] Executing request GET /dl/android/maven2/net/sf/proguard/proguard-base/6.0.3/proguard-base-6.0.3.pom HTTP/1.1
2021-06-06T09:17:11.852-0500 [DEBUG] [org.apache.http.impl.execchain.MainClientExec] Target auth state: UNCHALLENGED
2021-06-06T09:17:11.852-0500 [DEBUG] [org.apache.http.impl.execchain.MainClientExec] Proxy auth state: UNCHALLENGED
2021-06-06T09:17:11.905-0500 [DEBUG] [org.apache.http.impl.execchain.MainClientExec] Connection can be kept alive indefinitely
2021-06-06T09:17:11.906-0500 [DEBUG] [org.apache.http.impl.conn.PoolingHttpClientConnectionManager] Connection [id: 3][route: {s}->https://dl.google.com:443] can be kept alive indefinitely
2021-06-06T09:17:11.906-0500 [DEBUG] [org.apache.http.impl.conn.DefaultManagedHttpClientConnection] http-outgoing-3: set socket timeout to 0
2021-06-06T09:17:11.906-0500 [DEBUG] [org.apache.http.impl.conn.PoolingHttpClientConnectionManager] Connection released: [id: 3][route: {s}->https://dl.google.com:443][total kept alive: 8; route allocated: 8 of 20; total allocated: 8 of 20]
2021-06-06T09:17:11.906-0500 [INFO] [org.gradle.internal.resource.transport.http.HttpClientHelper] Resource missing. [HTTP GET: https://dl.google.com/dl/android/maven2/net/sf/proguard/proguard-base/6.0.3/proguard-base-6.0.3.pom]
2021-06-06T09:17:11.906-0500 [DEBUG] [org.gradle.internal.operations.DefaultBuildOperationRunner] Build operation 'Download https://dl.google.com/dl/android/maven2/net/sf/proguard/proguard-base/6.0.3/proguard-base-6.0.3.pom' completed
2021-06-06T09:17:11.906-0500 [DEBUG] [org.gradle.api.internal.artifacts.repositories.resolver.ExternalResourceResolver] No meta-data file or artifact found for module 'net.sf.proguard:proguard-base:6.0.3' in repository 'Google'.
2021-06-06T09:17:11.906-0500 [DEBUG] [org.gradle.api.internal.artifacts.ivyservice.modulecache.PersistentModuleMetadataCache] Recording absence of module descriptor in cache: net.sf.proguard:proguard-base:6.0.3 [changing = false]
2021-06-06T09:17:11.907-0500 [DEBUG] [org.gradle.api.internal.artifacts.repositories.resolver.DefaultExternalResourceArtifactResolver] Loading https://repo.maven.apache.org/maven2/net/sf/proguard/proguard-base/6.0.3/proguard-base-6.0.3.pom
2021-06-06T09:17:11.907-0500 [DEBUG] [org.gradle.internal.resource.transfer.DefaultCacheAwareExternalResourceAccessor] Constructing external resource: https://repo.maven.apache.org/maven2/net/sf/proguard/proguard-base/6.0.3/proguard-base-6.0.3.pom
2021-06-06T09:17:11.908-0500 [DEBUG] [org.gradle.internal.resource.transport.http.HttpResourceAccessor] Constructing external resource: https://repo.maven.apache.org/maven2/net/sf/proguard/proguard-base/6.0.3/proguard-base-6.0.3.pom
2021-06-06T09:17:11.908-0500 [DEBUG] [org.gradle.internal.resource.transport.http.HttpClientHelper] Performing HTTP GET: https://repo.maven.apache.org/maven2/net/sf/proguard/proguard-base/6.0.3/proguard-base-6.0.3.pom
2021-06-06T09:17:11.908-0500 [DEBUG] [org.apache.http.client.protocol.RequestAddCookies] CookieSpec selected: default
2021-06-06T09:17:11.909-0500 [DEBUG] [org.apache.http.client.protocol.RequestAuthCache] Auth cache not set in the context
2021-06-06T09:17:11.909-0500 [DEBUG] [org.apache.http.impl.conn.PoolingHttpClientConnectionManager] Connection request: [route: {s}->https://repo.maven.apache.org:443][total kept alive: 8; route allocated: 8 of 20; total allocated: 8 of 20]
2021-06-06T09:17:11.909-0500 [DEBUG] [org.apache.http.impl.conn.PoolingHttpClientConnectionManager] Connection leased: [id: 10][route: {s}->https://repo.maven.apache.org:443][total kept alive: 7; route allocated: 8 of 20; total allocated: 8 of 20]
2021-06-06T09:17:11.909-0500 [DEBUG] [org.apache.http.impl.conn.DefaultManagedHttpClientConnection] http-outgoing-10: set socket timeout to 30000
2021-06-06T09:17:11.909-0500 [DEBUG] [org.apache.http.impl.conn.DefaultManagedHttpClientConnection] http-outgoing-10: set socket timeout to 30000
2021-06-06T09:17:11.909-0500 [DEBUG] [org.apache.http.impl.execchain.MainClientExec] Executing request GET /maven2/net/sf/proguard/proguard-base/6.0.3/proguard-base-6.0.3.pom HTTP/1.1
2021-06-06T09:17:11.909-0500 [DEBUG] [org.apache.http.impl.execchain.MainClientExec] Target auth state: UNCHALLENGED
2021-06-06T09:17:11.909-0500 [DEBUG] [org.apache.http.impl.execchain.MainClientExec] Proxy auth state: UNCHALLENGED
2021-06-06T09:17:11.936-0500 [DEBUG] [org.apache.http.impl.execchain.MainClientExec] Connection can be kept alive indefinitely
2021-06-06T09:17:11.937-0500 [DEBUG] [org.gradle.internal.resource.transport.http.HttpResponseResource] Attempting to download resource https://repo.maven.apache.org/maven2/net/sf/proguard/proguard-base/6.0.3/proguard-base-6.0.3.pom.
2021-06-06T09:17:11.938-0500 [INFO] [org.gradle.internal.resource.transfer.DefaultCacheAwareExternalResourceAccessor] Downloading https://repo.maven.apache.org/maven2/net/sf/proguard/proguard-base/6.0.3/proguard-base-6.0.3.pom to C:\Users\gathi\AppData\Local\Temp\gradle_download8417422752026484880bin
2021-06-06T09:17:11.939-0500 [DEBUG] [org.apache.http.impl.conn.PoolingHttpClientConnectionManager] Connection [id: 10][route: {s}->https://repo.maven.apache.org:443] can be kept alive indefinitely
2021-06-06T09:17:11.939-0500 [DEBUG] [org.apache.http.impl.conn.DefaultManagedHttpClientConnection] http-outgoing-10: set socket timeout to 0
2021-06-06T09:17:11.939-0500 [DEBUG] [org.apache.http.impl.conn.PoolingHttpClientConnectionManager] Connection released: [id: 10][route: {s}->https://repo.maven.apache.org:443][total kept alive: 8; route allocated: 8 of 20; total allocated: 8 of 20]
2021-06-06T09:17:11.939-0500 [DEBUG] [org.gradle.internal.operations.DefaultBuildOperationRunner] Build operation 'Download https://repo.maven.apache.org/maven2/net/sf/proguard/proguard-base/6.0.3/proguard-base-6.0.3.pom' completed
2021-06-06T09:17:11.947-0500 [DEBUG] [org.gradle.api.internal.artifacts.ivyservice.ivyresolve.RepositoryChainComponentMetaDataResolver] Attempting to resolve component for net.sf.proguard:proguard-parent:6.0.3 using repositories [Google, MavenRepo]
2021-06-06T09:17:11.947-0500 [DEBUG] [org.gradle.api.internal.artifacts.ivyservice.ivyresolve.CachingModuleComponentRepository] Detected non-existence of module 'net.sf.proguard:proguard-parent:6.0.3' in resolver cache 'Google'
2021-06-06T09:17:11.947-0500 [DEBUG] [org.gradle.api.internal.artifacts.ivyservice.ivyresolve.CachingModuleComponentRepository] Using cached module metadata for module 'net.sf.proguard:proguard-parent:6.0.3' in 'MavenRepo'
2021-06-06T09:17:11.947-0500 [DEBUG] [org.gradle.api.internal.artifacts.ivyservice.ivyresolve.RepositoryChainComponentMetaDataResolver] Using net.sf.proguard:proguard-parent:6.0.3 from Maven repository 'MavenRepo'
2021-06-06T09:17:11.947-0500 [DEBUG] [org.gradle.api.internal.artifacts.ivyservice.ivyresolve.CachingModuleComponentRepository] Found artifact 'proguard-parent-6.0.3.pom (net.sf.proguard:proguard-parent:6.0.3)' in resolver cache: C:\Users\gathi\.gradle\caches\modules-2\files-2.1\net.sf.proguard\proguard-parent\6.0.3\f76c32555b227be8f5d8c753ccc7f49c5196345e\proguard-parent-6.0.3.pom
2021-06-06T09:17:11.950-0500 [DEBUG] [org.gradle.api.internal.artifacts.repositories.resolver.ExternalResourceResolver] Metadata file found for module 'net.sf.proguard:proguard-base:6.0.3' in repository 'MavenRepo'.
2021-06-06T09:17:11.951-0500 [DEBUG] [org.gradle.api.internal.artifacts.ivyservice.modulecache.PersistentModuleMetadataCache] Recording module descriptor in cache: net.sf.proguard:proguard-base:6.0.3 [changing = false]
2021-06-06T09:17:11.955-0500 [DEBUG] [org.gradle.api.internal.artifacts.ivyservice.ivyresolve.RepositoryChainComponentMetaDataResolver] Using net.sf.proguard:proguard-base:6.0.3 from Maven repository 'MavenRepo'
2021-06-06T09:17:11.955-0500 [DEBUG] [org.gradle.api.internal.artifacts.ivyservice.resolveengine.graph.builder.DependencyGraphBuilder] Visiting configuration com.android.tools.build:bundletool:1.1.0(runtime).
2021-06-06T09:17:11.956-0500 [DEBUG] [org.gradle.api.internal.artifacts.ivyservice.resolveengine.graph.builder.DependencyGraphBuilder] Submitting 3 metadata files to resolve in parallel for com.android.tools.build:bundletool:1.1.0(runtime)
2021-06-06T09:17:11.957-0500 [DEBUG] [org.gradle.internal.work.DefaultWorkerLeaseService] Worker lease root.1.50.51 started (1 worker(s) in use).
2021-06-06T09:17:11.957-0500 [DEBUG] [org.gradle.internal.resources.AbstractTrackedResourceLock] Daemon worker: acquired lock on root.1.50.51
2021-06-06T09:17:11.957-0500 [DEBUG] [org.gradle.api.internal.artifacts.ivyservice.ivyresolve.RepositoryChainComponentMetaDataResolver] Attempting to resolve component for com.google.auto.value:auto-value-annotations:1.6.2 using repositories [Google, MavenRepo]
2021-06-06T09:17:11.957-0500 [DEBUG] [org.gradle.api.internal.artifacts.repositories.resolver.DefaultExternalResourceArtifactResolver] Loading https://dl.google.com/dl/android/maven2/com/google/auto/value/auto-value-annotations/1.6.2/auto-value-annotations-1.6.2.pom
2021-06-06T09:17:11.958-0500 [DEBUG] [org.gradle.internal.resource.transfer.DefaultCacheAwareExternalResourceAccessor] Constructing external resource: https://dl.google.com/dl/android/maven2/com/google/auto/value/auto-value-annotations/1.6.2/auto-value-annotations-1.6.2.pom
2021-06-06T09:17:11.958-0500 [DEBUG] [org.gradle.api.internal.artifacts.ivyservice.ivyresolve.RepositoryChainComponentMetaDataResolver] Attempting to resolve component for com.google.errorprone:error_prone_annotations:2.3.1 using repositories [Google, MavenRepo]
2021-06-06T09:17:11.958-0500 [DEBUG] [org.gradle.api.internal.artifacts.ivyservice.ivyresolve.RepositoryChainComponentMetaDataResolver] Attempting to resolve component for com.google.dagger:dagger:2.28.3 using repositories [Google, MavenRepo]
2021-06-06T09:17:11.958-0500 [DEBUG] [org.gradle.api.internal.artifacts.repositories.resolver.DefaultExternalResourceArtifactResolver] Loading https://dl.google.com/dl/android/maven2/com/google/errorprone/error_prone_annotations/2.3.1/error_prone_annotations-2.3.1.pom
2021-06-06T09:17:11.958-0500 [DEBUG] [org.gradle.api.internal.artifacts.repositories.resolver.DefaultExternalResourceArtifactResolver] Loading https://dl.google.com/dl/android/maven2/com/google/dagger/dagger/2.28.3/dagger-2.28.3.pom
2021-06-06T09:17:11.958-0500 [DEBUG] [org.gradle.internal.resource.transfer.DefaultCacheAwareExternalResourceAccessor] Constructing external resource: https://dl.google.com/dl/android/maven2/com/google/errorprone/error_prone_annotations/2.3.1/error_prone_annotations-2.3.1.pom
2021-06-06T09:17:11.958-0500 [DEBUG] [org.gradle.internal.resource.transfer.DefaultCacheAwareExternalResourceAccessor] Constructing external resource: https://dl.google.com/dl/android/maven2/com/google/dagger/dagger/2.28.3/dagger-2.28.3.pom
2021-06-06T09:17:11.959-0500 [DEBUG] [org.gradle.internal.resource.transport.http.HttpResourceAccessor] Constructing external resource: https://dl.google.com/dl/android/maven2/com/google/auto/value/auto-value-annotations/1.6.2/auto-value-annotations-1.6.2.pom
2021-06-06T09:17:11.959-0500 [DEBUG] [org.gradle.internal.resource.transport.http.HttpClientHelper] Performing HTTP GET: https://dl.google.com/dl/android/maven2/com/google/auto/value/auto-value-annotations/1.6.2/auto-value-annotations-1.6.2.pom
2021-06-06T09:17:11.959-0500 [DEBUG] [org.apache.http.client.protocol.RequestAddCookies] CookieSpec selected: default
2021-06-06T09:17:11.960-0500 [DEBUG] [org.gradle.internal.resource.transport.http.HttpResourceAccessor] Constructing external resource: https://dl.google.com/dl/android/maven2/com/google/dagger/dagger/2.28.3/dagger-2.28.3.pom
2021-06-06T09:17:11.960-0500 [DEBUG] [org.apache.http.client.protocol.RequestAuthCache] Auth cache not set in the context
2021-06-06T09:17:11.960-0500 [DEBUG] [org.gradle.internal.resource.transport.http.HttpResourceAccessor] Constructing external resource: https://dl.google.com/dl/android/maven2/com/google/errorprone/error_prone_annotations/2.3.1/error_prone_annotations-2.3.1.pom
2021-06-06T09:17:11.960-0500 [DEBUG] [org.apache.http.impl.conn.PoolingHttpClientConnectionManager] Connection request: [route: {s}->https://dl.google.com:443][total kept alive: 8; route allocated: 8 of 20; total allocated: 8 of 20]
2021-06-06T09:17:11.960-0500 [DEBUG] [org.gradle.internal.resource.transport.http.HttpClientHelper] Performing HTTP GET: https://dl.google.com/dl/android/maven2/com/google/dagger/dagger/2.28.3/dagger-2.28.3.pom
2021-06-06T09:17:11.960-0500 [DEBUG] [org.apache.http.impl.conn.PoolingHttpClientConnectionManager] Connection leased: [id: 3][route: {s}->https://dl.google.com:443][total kept alive: 7; route allocated: 8 of 20; total allocated: 8 of 20]
2021-06-06T09:17:11.960-0500 [DEBUG] [org.gradle.internal.resource.transport.http.HttpClientHelper] Performing HTTP GET: https://dl.google.com/dl/android/maven2/com/google/errorprone/error_prone_annotations/2.3.1/error_prone_annotations-2.3.1.pom
2021-06-06T09:17:11.960-0500 [DEBUG] [org.apache.http.client.protocol.RequestAddCookies] CookieSpec selected: default
2021-06-06T09:17:11.960-0500 [DEBUG] [org.apache.http.impl.conn.DefaultManagedHttpClientConnection] http-outgoing-3: set socket timeout to 30000
2021-06-06T09:17:11.961-0500 [DEBUG] [org.apache.http.client.protocol.RequestAuthCache] Auth cache not set in the context
2021-06-06T09:17:11.961-0500 [DEBUG] [org.apache.http.client.protocol.RequestAddCookies] CookieSpec selected: default
2021-06-06T09:17:11.961-0500 [DEBUG] [org.apache.http.client.protocol.RequestAuthCache] Auth cache not set in the context
2021-06-06T09:17:11.961-0500 [DEBUG] [org.apache.http.impl.conn.PoolingHttpClientConnectionManager] Connection request: [route: {s}->https://dl.google.com:443][total kept alive: 7; route allocated: 8 of 20; total allocated: 8 of 20]
2021-06-06T09:17:11.961-0500 [DEBUG] [org.apache.http.impl.conn.PoolingHttpClientConnectionManager] Connection request: [route: {s}->https://dl.google.com:443][total kept alive: 7; route allocated: 8 of 20; total allocated: 8 of 20]
2021-06-06T09:17:11.961-0500 [DEBUG] [org.apache.http.impl.conn.DefaultManagedHttpClientConnection] http-outgoing-3: set socket timeout to 30000
2021-06-06T09:17:11.961-0500 [DEBUG] [org.apache.http.impl.execchain.MainClientExec] Executing request GET /dl/android/maven2/com/google/auto/value/auto-value-annotations/1.6.2/auto-value-annotations-1.6.2.pom HTTP/1.1
2021-06-06T09:17:11.961-0500 [DEBUG] [org.apache.http.impl.execchain.MainClientExec] Target auth state: UNCHALLENGED
2021-06-06T09:17:11.961-0500 [DEBUG] [org.apache.http.impl.execchain.MainClientExec] Proxy auth state: UNCHALLENGED
2021-06-06T09:17:11.961-0500 [DEBUG] [org.apache.http.impl.conn.PoolingHttpClientConnectionManager] Connection leased: [id: 5][route: {s}->https://dl.google.com:443][total kept alive: 5; route allocated: 8 of 20; total allocated: 8 of 20]
2021-06-06T09:17:11.961-0500 [DEBUG] [org.apache.http.impl.conn.DefaultManagedHttpClientConnection] http-outgoing-5: set socket timeout to 30000
2021-06-06T09:17:11.961-0500 [DEBUG] [org.apache.http.impl.conn.PoolingHttpClientConnectionManager] Connection leased: [id: 1][route: {s}->https://dl.google.com:443][total kept alive: 6; route allocated: 8 of 20; total allocated: 8 of 20]
2021-06-06T09:17:11.961-0500 [DEBUG] [org.apache.http.impl.conn.DefaultManagedHttpClientConnection] http-outgoing-1: set socket timeout to 30000
2021-06-06T09:17:11.962-0500 [DEBUG] [org.apache.http.impl.conn.DefaultManagedHttpClientConnection] http-outgoing-1: set socket timeout to 30000
2021-06-06T09:17:11.962-0500 [DEBUG] [org.apache.http.impl.execchain.MainClientExec] Executing request GET /dl/android/maven2/com/google/errorprone/error_prone_annotations/2.3.1/error_prone_annotations-2.3.1.pom HTTP/1.1
2021-06-06T09:17:11.962-0500 [DEBUG] [org.apache.http.impl.execchain.MainClientExec] Target auth state: UNCHALLENGED
2021-06-06T09:17:11.962-0500 [DEBUG] [org.apache.http.impl.execchain.MainClientExec] Proxy auth state: UNCHALLENGED
2021-06-06T09:17:11.961-0500 [DEBUG] [org.apache.http.impl.conn.DefaultManagedHttpClientConnection] http-outgoing-5: set socket timeout to 30000
2021-06-06T09:17:11.962-0500 [DEBUG] [org.apache.http.impl.execchain.MainClientExec] Executing request GET /dl/android/maven2/com/google/dagger/dagger/2.28.3/dagger-2.28.3.pom HTTP/1.1
2021-06-06T09:17:11.962-0500 [DEBUG] [org.apache.http.impl.execchain.MainClientExec] Target auth state: UNCHALLENGED
2021-06-06T09:17:11.962-0500 [DEBUG] [org.apache.http.impl.execchain.MainClientExec] Proxy auth state: UNCHALLENGED
2021-06-06T09:17:11.999-0500 [DEBUG] [org.apache.http.impl.execchain.MainClientExec] Connection can be kept alive indefinitely
2021-06-06T09:17:11.999-0500 [DEBUG] [org.apache.http.impl.execchain.MainClientExec] Connection can be kept alive indefinitely
2021-06-06T09:17:11.999-0500 [DEBUG] [org.apache.http.impl.execchain.MainClientExec] Connection can be kept alive indefinitely
2021-06-06T09:17:12.000-0500 [DEBUG] [org.apache.http.impl.conn.PoolingHttpClientConnectionManager] Connection [id: 1][route: {s}->https://dl.google.com:443] can be kept alive indefinitely
2021-06-06T09:17:12.000-0500 [DEBUG] [org.apache.http.impl.conn.PoolingHttpClientConnectionManager] Connection [id: 5][route: {s}->https://dl.google.com:443] can be kept alive indefinitely
2021-06-06T09:17:12.000-0500 [DEBUG] [org.apache.http.impl.conn.DefaultManagedHttpClientConnection] http-outgoing-5: set socket timeout to 0
2021-06-06T09:17:12.000-0500 [DEBUG] [org.apache.http.impl.conn.PoolingHttpClientConnectionManager] Connection [id: 3][route: {s}->https://dl.google.com:443] can be kept alive indefinitely
2021-06-06T09:17:12.000-0500 [DEBUG] [org.apache.http.impl.conn.DefaultManagedHttpClientConnection] http-outgoing-3: set socket timeout to 0
2021-06-06T09:17:12.000-0500 [DEBUG] [org.apache.http.impl.conn.DefaultManagedHttpClientConnection] http-outgoing-1: set socket timeout to 0
2021-06-06T09:17:12.000-0500 [DEBUG] [org.apache.http.impl.conn.PoolingHttpClientConnectionManager] Connection released: [id: 3][route: {s}->https://dl.google.com:443][total kept alive: 7; route allocated: 8 of 20; total allocated: 8 of 20]
2021-06-06T09:17:12.000-0500 [DEBUG] [org.apache.http.impl.conn.PoolingHttpClientConnectionManager] Connection released: [id: 5][route: {s}->https://dl.google.com:443][total kept alive: 6; route allocated: 8 of 20; total allocated: 8 of 20]
2021-06-06T09:17:12.001-0500 [INFO] [org.gradle.internal.resource.transport.http.HttpClientHelper] Resource missing. [HTTP GET: https://dl.google.com/dl/android/maven2/com/google/auto/value/auto-value-annotations/1.6.2/auto-value-annotations-1.6.2.pom]
2021-06-06T09:17:12.000-0500 [DEBUG] [org.apache.http.impl.conn.PoolingHttpClientConnectionManager] Connection released: [id: 1][route: {s}->https://dl.google.com:443][total kept alive: 8; route allocated: 8 of 20; total allocated: 8 of 20]
2021-06-06T09:17:12.001-0500 [INFO] [org.gradle.internal.resource.transport.http.HttpClientHelper] Resource missing. [HTTP GET: https://dl.google.com/dl/android/maven2/com/google/dagger/dagger/2.28.3/dagger-2.28.3.pom]
2021-06-06T09:17:12.001-0500 [INFO] [org.gradle.internal.resource.transport.http.HttpClientHelper] Resource missing. [HTTP GET: https://dl.google.com/dl/android/maven2/com/google/errorprone/error_prone_annotations/2.3.1/error_prone_annotations-2.3.1.pom]
2021-06-06T09:17:12.001-0500 [DEBUG] [org.gradle.internal.operations.DefaultBuildOperationRunner] Build operation 'Download https://dl.google.com/dl/android/maven2/com/google/auto/value/auto-value-annotations/1.6.2/auto-value-annotations-1.6.2.pom' completed
2021-06-06T09:17:12.001-0500 [DEBUG] [org.gradle.api.internal.artifacts.repositories.resolver.ExternalResourceResolver] No meta-data file or artifact found for module 'com.google.auto.value:auto-value-annotations:1.6.2' in repository 'Google'.
2021-06-06T09:17:12.001-0500 [DEBUG] [org.gradle.api.internal.artifacts.ivyservice.modulecache.PersistentModuleMetadataCache] Recording absence of module descriptor in cache: com.google.auto.value:auto-value-annotations:1.6.2 [changing = false]
2021-06-06T09:17:12.002-0500 [DEBUG] [org.gradle.internal.operations.DefaultBuildOperationRunner] Build operation 'Download https://dl.google.com/dl/android/maven2/com/google/errorprone/error_prone_annotations/2.3.1/error_prone_annotations-2.3.1.pom' completed
2021-06-06T09:17:12.002-0500 [DEBUG] [org.gradle.api.internal.artifacts.repositories.resolver.DefaultExternalResourceArtifactResolver] Loading https://repo.maven.apache.org/maven2/com/google/auto/value/auto-value-annotations/1.6.2/auto-value-annotations-1.6.2.pom
2021-06-06T09:17:12.002-0500 [DEBUG] [org.gradle.api.internal.artifacts.repositories.resolver.ExternalResourceResolver] No meta-data file or artifact found for module 'com.google.errorprone:error_prone_annotations:2.3.1' in repository 'Google'.
2021-06-06T09:17:12.002-0500 [DEBUG] [org.gradle.internal.resource.transfer.DefaultCacheAwareExternalResourceAccessor] Constructing external resource: https://repo.maven.apache.org/maven2/com/google/auto/value/auto-value-annotations/1.6.2/auto-value-annotations-1.6.2.pom
2021-06-06T09:17:12.002-0500 [DEBUG] [org.gradle.internal.operations.DefaultBuildOperationRunner] Build operation 'Download https://dl.google.com/dl/android/maven2/com/google/dagger/dagger/2.28.3/dagger-2.28.3.pom' completed
2021-06-06T09:17:12.002-0500 [DEBUG] [org.gradle.api.internal.artifacts.ivyservice.modulecache.PersistentModuleMetadataCache] Recording absence of module descriptor in cache: com.google.errorprone:error_prone_annotations:2.3.1 [changing = false]
2021-06-06T09:17:12.002-0500 [DEBUG] [org.gradle.api.internal.artifacts.repositories.resolver.ExternalResourceResolver] No meta-data file or artifact found for module 'com.google.dagger:dagger:2.28.3' in repository 'Google'.
2021-06-06T09:17:12.003-0500 [DEBUG] [org.gradle.api.internal.artifacts.ivyservice.modulecache.PersistentModuleMetadataCache] Recording absence of module descriptor in cache: com.google.dagger:dagger:2.28.3 [changing = false]
2021-06-06T09:17:12.003-0500 [DEBUG] [org.gradle.api.internal.artifacts.repositories.resolver.DefaultExternalResourceArtifactResolver] Loading https://repo.maven.apache.org/maven2/com/google/errorprone/error_prone_annotations/2.3.1/error_prone_annotations-2.3.1.pom
2021-06-06T09:17:12.003-0500 [DEBUG] [org.gradle.internal.resource.transfer.DefaultCacheAwareExternalResourceAccessor] Constructing external resource: https://repo.maven.apache.org/maven2/com/google/errorprone/error_prone_annotations/2.3.1/error_prone_annotations-2.3.1.pom
2021-06-06T09:17:12.003-0500 [DEBUG] [org.gradle.api.internal.artifacts.repositories.resolver.DefaultExternalResourceArtifactResolver] Loading https://repo.maven.apache.org/maven2/com/google/dagger/dagger/2.28.3/dagger-2.28.3.pom
2021-06-06T09:17:12.003-0500 [DEBUG] [org.gradle.internal.resource.transfer.DefaultCacheAwareExternalResourceAccessor] Constructing external resource: https://repo.maven.apache.org/maven2/com/google/dagger/dagger/2.28.3/dagger-2.28.3.pom
2021-06-06T09:17:12.004-0500 [DEBUG] [org.gradle.internal.resource.transport.http.HttpResourceAccessor] Constructing external resource: https://repo.maven.apache.org/maven2/com/google/auto/value/auto-value-annotations/1.6.2/auto-value-annotations-1.6.2.pom
2021-06-06T09:17:12.004-0500 [DEBUG] [org.gradle.internal.resource.transport.http.HttpClientHelper] Performing HTTP GET: https://repo.maven.apache.org/maven2/com/google/auto/value/auto-value-annotations/1.6.2/auto-value-annotations-1.6.2.pom
2021-06-06T09:17:12.004-0500 [DEBUG] [org.apache.http.client.protocol.RequestAddCookies] CookieSpec selected: default
2021-06-06T09:17:12.004-0500 [DEBUG] [org.apache.http.client.protocol.RequestAuthCache] Auth cache not set in the context
2021-06-06T09:17:12.004-0500 [DEBUG] [org.apache.http.impl.conn.PoolingHttpClientConnectionManager] Connection request: [route: {s}->https://repo.maven.apache.org:443][total kept alive: 8; route allocated: 8 of 20; total allocated: 8 of 20]
2021-06-06T09:17:12.005-0500 [DEBUG] [org.gradle.internal.resource.transport.http.HttpResourceAccessor] Constructing external resource: https://repo.maven.apache.org/maven2/com/google/dagger/dagger/2.28.3/dagger-2.28.3.pom
2021-06-06T09:17:12.005-0500 [DEBUG] [org.gradle.internal.resource.transport.http.HttpResourceAccessor] Constructing external resource: https://repo.maven.apache.org/maven2/com/google/errorprone/error_prone_annotations/2.3.1/error_prone_annotations-2.3.1.pom
2021-06-06T09:17:12.005-0500 [DEBUG] [org.gradle.internal.resource.transport.http.HttpClientHelper] Performing HTTP GET: https://repo.maven.apache.org/maven2/com/google/dagger/dagger/2.28.3/dagger-2.28.3.pom
2021-06-06T09:17:12.005-0500 [DEBUG] [org.apache.http.impl.conn.PoolingHttpClientConnectionManager] Connection leased: [id: 10][route: {s}->https://repo.maven.apache.org:443][total kept alive: 7; route allocated: 8 of 20; total allocated: 8 of 20]
2021-06-06T09:17:12.005-0500 [DEBUG] [org.gradle.internal.resource.transport.http.HttpClientHelper] Performing HTTP GET: https://repo.maven.apache.org/maven2/com/google/errorprone/error_prone_annotations/2.3.1/error_prone_annotations-2.3.1.pom
2021-06-06T09:17:12.005-0500 [DEBUG] [org.apache.http.impl.conn.DefaultManagedHttpClientConnection] http-outgoing-10: set socket timeout to 30000
2021-06-06T09:17:12.005-0500 [DEBUG] [org.apache.http.client.protocol.RequestAddCookies] CookieSpec selected: default
2021-06-06T09:17:12.005-0500 [DEBUG] [org.apache.http.client.protocol.RequestAddCookies] CookieSpec selected: default
2021-06-06T09:17:12.005-0500 [DEBUG] [org.apache.http.impl.conn.DefaultManagedHttpClientConnection] http-outgoing-10: set socket timeout to 30000
2021-06-06T09:17:12.006-0500 [DEBUG] [org.apache.http.client.protocol.RequestAuthCache] Auth cache not set in the context
2021-06-06T09:17:12.005-0500 [DEBUG] [org.apache.http.client.protocol.RequestAuthCache] Auth cache not set in the context
2021-06-06T09:17:12.006-0500 [DEBUG] [org.apache.http.impl.conn.PoolingHttpClientConnectionManager] Connection request: [route: {s}->https://repo.maven.apache.org:443][total kept alive: 7; route allocated: 8 of 20; total allocated: 8 of 20]
2021-06-06T09:17:12.006-0500 [DEBUG] [org.apache.http.impl.execchain.MainClientExec] Executing request GET /maven2/com/google/auto/value/auto-value-annotations/1.6.2/auto-value-annotations-1.6.2.pom HTTP/1.1
2021-06-06T09:17:12.006-0500 [DEBUG] [org.apache.http.impl.conn.PoolingHttpClientConnectionManager] Connection leased: [id: 12][route: {s}->https://repo.maven.apache.org:443][total kept alive: 6; route allocated: 8 of 20; total allocated: 8 of 20]
2021-06-06T09:17:12.006-0500 [DEBUG] [org.apache.http.impl.conn.PoolingHttpClientConnectionManager] Connection request: [route: {s}->https://repo.maven.apache.org:443][total kept alive: 7; route allocated: 8 of 20; total allocated: 8 of 20]
2021-06-06T09:17:12.006-0500 [DEBUG] [org.apache.http.impl.conn.DefaultManagedHttpClientConnection] http-outgoing-12: set socket timeout to 30000
2021-06-06T09:17:12.006-0500 [DEBUG] [org.apache.http.impl.execchain.MainClientExec] Target auth state: UNCHALLENGED
2021-06-06T09:17:12.006-0500 [DEBUG] [org.apache.http.impl.conn.DefaultManagedHttpClientConnection] http-outgoing-12: set socket timeout to 30000
2021-06-06T09:17:12.006-0500 [DEBUG] [org.apache.http.impl.conn.PoolingHttpClientConnectionManager] Connection leased: [id: 14][route: {s}->https://repo.maven.apache.org:443][total kept alive: 5; route allocated: 8 of 20; total allocated: 8 of 20]
2021-06-06T09:17:12.007-0500 [DEBUG] [org.apache.http.impl.execchain.MainClientExec] Executing request GET /maven2/com/google/errorprone/error_prone_annotations/2.3.1/error_prone_annotations-2.3.1.pom HTTP/1.1
2021-06-06T09:17:12.007-0500 [DEBUG] [org.apache.http.impl.execchain.MainClientExec] Target auth state: UNCHALLENGED
2021-06-06T09:17:12.007-0500 [DEBUG] [org.apache.http.impl.execchain.MainClientExec] Proxy auth state: UNCHALLENGED
2021-06-06T09:17:12.006-0500 [DEBUG] [org.apache.http.impl.execchain.MainClientExec] Proxy auth state: UNCHALLENGED
2021-06-06T09:17:12.007-0500 [DEBUG] [org.apache.http.impl.conn.DefaultManagedHttpClientConnection] http-outgoing-14: set socket timeout to 30000
2021-06-06T09:17:12.007-0500 [DEBUG] [org.apache.http.impl.conn.DefaultManagedHttpClientConnection] http-outgoing-14: set socket timeout to 30000
2021-06-06T09:17:12.007-0500 [DEBUG] [org.apache.http.impl.execchain.MainClientExec] Executing request GET /maven2/com/google/dagger/dagger/2.28.3/dagger-2.28.3.pom HTTP/1.1
2021-06-06T09:17:12.007-0500 [DEBUG] [org.apache.http.impl.execchain.MainClientExec] Target auth state: UNCHALLENGED
2021-06-06T09:17:12.007-0500 [DEBUG] [org.apache.http.impl.execchain.MainClientExec] Proxy auth state: UNCHALLENGED
2021-06-06T09:17:12.022-0500 [DEBUG] [org.apache.http.impl.execchain.MainClientExec] Connection can be kept alive indefinitely
2021-06-06T09:17:12.022-0500 [DEBUG] [org.apache.http.impl.execchain.MainClientExec] Connection can be kept alive indefinitely
2021-06-06T09:17:12.023-0500 [DEBUG] [org.gradle.internal.resource.transport.http.HttpResponseResource] Attempting to download resource https://repo.maven.apache.org/maven2/com/google/auto/value/auto-value-annotations/1.6.2/auto-value-annotations-1.6.2.pom.
2021-06-06T09:17:12.023-0500 [DEBUG] [org.gradle.internal.resource.transport.http.HttpResponseResource] Attempting to download resource https://repo.maven.apache.org/maven2/com/google/errorprone/error_prone_annotations/2.3.1/error_prone_annotations-2.3.1.pom.
2021-06-06T09:17:12.025-0500 [INFO] [org.gradle.internal.resource.transfer.DefaultCacheAwareExternalResourceAccessor] Downloading https://repo.maven.apache.org/maven2/com/google/errorprone/error_prone_annotations/2.3.1/error_prone_annotations-2.3.1.pom to C:\Users\gathi\AppData\Local\Temp\gradle_download738843070438418238bin
2021-06-06T09:17:12.025-0500 [INFO] [org.gradle.internal.resource.transfer.DefaultCacheAwareExternalResourceAccessor] Downloading https://repo.maven.apache.org/maven2/com/google/auto/value/auto-value-annotations/1.6.2/auto-value-annotations-1.6.2.pom to C:\Users\gathi\AppData\Local\Temp\gradle_download2747612522159010148bin
2021-06-06T09:17:12.026-0500 [DEBUG] [org.apache.http.impl.conn.PoolingHttpClientConnectionManager] Connection [id: 12][route: {s}->https://repo.maven.apache.org:443] can be kept alive indefinitely
2021-06-06T09:17:12.026-0500 [DEBUG] [org.apache.http.impl.conn.DefaultManagedHttpClientConnection] http-outgoing-12: set socket timeout to 0
2021-06-06T09:17:12.026-0500 [DEBUG] [org.apache.http.impl.conn.PoolingHttpClientConnectionManager] Connection released: [id: 12][route: {s}->https://repo.maven.apache.org:443][total kept alive: 6; route allocated: 8 of 20; total allocated: 8 of 20]
2021-06-06T09:17:12.026-0500 [DEBUG] [org.apache.http.impl.conn.PoolingHttpClientConnectionManager] Connection [id: 10][route: {s}->https://repo.maven.apache.org:443] can be kept alive indefinitely
2021-06-06T09:17:12.026-0500 [DEBUG] [org.apache.http.impl.conn.DefaultManagedHttpClientConnection] http-outgoing-10: set socket timeout to 0
2021-06-06T09:17:12.026-0500 [DEBUG] [org.apache.http.impl.conn.PoolingHttpClientConnectionManager] Connection released: [id: 10][route: {s}->https://repo.maven.apache.org:443][total kept alive: 7; route allocated: 8 of 20; total allocated: 8 of 20]
2021-06-06T09:17:12.027-0500 [DEBUG] [org.gradle.internal.operations.DefaultBuildOperationRunner] Build operation 'Download https://repo.maven.apache.org/maven2/com/google/errorprone/error_prone_annotations/2.3.1/error_prone_annotations-2.3.1.pom' completed
2021-06-06T09:17:12.027-0500 [DEBUG] [org.gradle.internal.operations.DefaultBuildOperationRunner] Build operation 'Download https://repo.maven.apache.org/maven2/com/google/auto/value/auto-value-annotations/1.6.2/auto-value-annotations-1.6.2.pom' completed
2021-06-06T09:17:12.028-0500 [DEBUG] [org.apache.http.impl.execchain.MainClientExec] Connection can be kept alive indefinitely
2021-06-06T09:17:12.029-0500 [DEBUG] [org.gradle.internal.resource.transport.http.HttpResponseResource] Attempting to download resource https://repo.maven.apache.org/maven2/com/google/dagger/dagger/2.28.3/dagger-2.28.3.pom.
2021-06-06T09:17:12.030-0500 [INFO] [org.gradle.internal.resource.transfer.DefaultCacheAwareExternalResourceAccessor] Downloading https://repo.maven.apache.org/maven2/com/google/dagger/dagger/2.28.3/dagger-2.28.3.pom to C:\Users\gathi\AppData\Local\Temp\gradle_download5873454484039220766bin
2021-06-06T09:17:12.031-0500 [DEBUG] [org.apache.http.impl.conn.PoolingHttpClientConnectionManager] Connection [id: 14][route: {s}->https://repo.maven.apache.org:443] can be kept alive indefinitely
2021-06-06T09:17:12.031-0500 [DEBUG] [org.apache.http.impl.conn.DefaultManagedHttpClientConnection] http-outgoing-14: set socket timeout to 0
2021-06-06T09:17:12.032-0500 [DEBUG] [org.apache.http.impl.conn.PoolingHttpClientConnectionManager] Connection released: [id: 14][route: {s}->https://repo.maven.apache.org:443][total kept alive: 8; route allocated: 8 of 20; total allocated: 8 of 20]
2021-06-06T09:17:12.032-0500 [DEBUG] [org.gradle.internal.operations.DefaultBuildOperationRunner] Build operation 'Download https://repo.maven.apache.org/maven2/com/google/dagger/dagger/2.28.3/dagger-2.28.3.pom' completed
2021-06-06T09:17:12.037-0500 [DEBUG] [org.gradle.api.internal.artifacts.ivyservice.ivyresolve.RepositoryChainComponentMetaDataResolver] Attempting to resolve component for com.google.errorprone:error_prone_parent:2.3.1 using repositories [Google, MavenRepo]
2021-06-06T09:17:12.045-0500 [DEBUG] [org.gradle.api.internal.artifacts.ivyservice.ivyresolve.RepositoryChainComponentMetaDataResolver] Attempting to resolve component for com.google.auto.value:auto-value-parent:1.6.2 using repositories [Google, MavenRepo]
2021-06-06T09:17:12.050-0500 [DEBUG] [org.gradle.api.internal.artifacts.repositories.resolver.DefaultExternalResourceArtifactResolver] Loading https://dl.google.com/dl/android/maven2/com/google/errorprone/error_prone_parent/2.3.1/error_prone_parent-2.3.1.pom
2021-06-06T09:17:12.050-0500 [DEBUG] [org.gradle.api.internal.artifacts.repositories.resolver.DefaultExternalResourceArtifactResolver] Loading https://dl.google.com/dl/android/maven2/com/google/auto/value/auto-value-parent/1.6.2/auto-value-parent-1.6.2.pom
2021-06-06T09:17:12.050-0500 [DEBUG] [org.gradle.internal.resource.transfer.DefaultCacheAwareExternalResourceAccessor] Constructing external resource: https://dl.google.com/dl/android/maven2/com/google/errorprone/error_prone_parent/2.3.1/error_prone_parent-2.3.1.pom
2021-06-06T09:17:12.050-0500 [DEBUG] [org.gradle.internal.resource.transfer.DefaultCacheAwareExternalResourceAccessor] Constructing external resource: https://dl.google.com/dl/android/maven2/com/google/auto/value/auto-value-parent/1.6.2/auto-value-parent-1.6.2.pom
2021-06-06T09:17:12.052-0500 [DEBUG] [org.gradle.internal.resource.transport.http.HttpResourceAccessor] Constructing external resource: https://dl.google.com/dl/android/maven2/com/google/errorprone/error_prone_parent/2.3.1/error_prone_parent-2.3.1.pom
2021-06-06T09:17:12.052-0500 [DEBUG] [org.gradle.internal.resource.transport.http.HttpResourceAccessor] Constructing external resource: https://dl.google.com/dl/android/maven2/com/google/auto/value/auto-value-parent/1.6.2/auto-value-parent-1.6.2.pom
2021-06-06T09:17:12.052-0500 [DEBUG] [org.gradle.internal.resource.transport.http.HttpClientHelper] Performing HTTP GET: https://dl.google.com/dl/android/maven2/com/google/errorprone/error_prone_parent/2.3.1/error_prone_parent-2.3.1.pom
2021-06-06T09:17:12.052-0500 [DEBUG] [org.gradle.internal.resource.transport.http.HttpClientHelper] Performing HTTP GET: https://dl.google.com/dl/android/maven2/com/google/auto/value/auto-value-parent/1.6.2/auto-value-parent-1.6.2.pom
2021-06-06T09:17:12.052-0500 [DEBUG] [org.apache.http.client.protocol.RequestAddCookies] CookieSpec selected: default
2021-06-06T09:17:12.052-0500 [DEBUG] [org.apache.http.client.protocol.RequestAddCookies] CookieSpec selected: default
2021-06-06T09:17:12.052-0500 [DEBUG] [org.apache.http.client.protocol.RequestAuthCache] Auth cache not set in the context
2021-06-06T09:17:12.052-0500 [DEBUG] [org.apache.http.impl.conn.PoolingHttpClientConnectionManager] Connection request: [route: {s}->https://dl.google.com:443][total kept alive: 8; route allocated: 8 of 20; total allocated: 8 of 20]
2021-06-06T09:17:12.052-0500 [DEBUG] [org.gradle.api.internal.artifacts.ivyservice.ivyresolve.RepositoryChainComponentMetaDataResolver] Attempting to resolve component for org.sonatype.oss:oss-parent:7 using repositories [Google, MavenRepo]
2021-06-06T09:17:12.052-0500 [DEBUG] [org.apache.http.client.protocol.RequestAuthCache] Auth cache not set in the context
2021-06-06T09:17:12.053-0500 [DEBUG] [org.gradle.api.internal.artifacts.ivyservice.ivyresolve.CachingModuleComponentRepository] Detected non-existence of module 'org.sonatype.oss:oss-parent:7' in resolver cache 'Google'
2021-06-06T09:17:12.053-0500 [DEBUG] [org.apache.http.impl.conn.PoolingHttpClientConnectionManager] Connection leased: [id: 1][route: {s}->https://dl.google.com:443][total kept alive: 7; route allocated: 8 of 20; total allocated: 8 of 20]
2021-06-06T09:17:12.053-0500 [DEBUG] [org.gradle.api.internal.artifacts.ivyservice.ivyresolve.CachingModuleComponentRepository] Using cached module metadata for module 'org.sonatype.oss:oss-parent:7' in 'MavenRepo'
2021-06-06T09:17:12.053-0500 [DEBUG] [org.apache.http.impl.conn.PoolingHttpClientConnectionManager] Connection request: [route: {s}->https://dl.google.com:443][total kept alive: 7; route allocated: 8 of 20; total allocated: 8 of 20]
2021-06-06T09:17:12.053-0500 [DEBUG] [org.gradle.api.internal.artifacts.ivyservice.ivyresolve.RepositoryChainComponentMetaDataResolver] Using org.sonatype.oss:oss-parent:7 from Maven repository 'MavenRepo'
2021-06-06T09:17:12.053-0500 [DEBUG] [org.apache.http.impl.conn.DefaultManagedHttpClientConnection] http-outgoing-1: set socket timeout to 30000
2021-06-06T09:17:12.053-0500 [DEBUG] [org.apache.http.impl.conn.PoolingHttpClientConnectionManager] Connection leased: [id: 3][route: {s}->https://dl.google.com:443][total kept alive: 6; route allocated: 8 of 20; total allocated: 8 of 20]
2021-06-06T09:17:12.053-0500 [DEBUG] [org.gradle.api.internal.artifacts.ivyservice.ivyresolve.CachingModuleComponentRepository] Found artifact 'oss-parent-7.pom (org.sonatype.oss:oss-parent:7)' in resolver cache: C:\Users\gathi\.gradle\caches\modules-2\files-2.1\org.sonatype.oss\oss-parent\7\46b8a785b60a2767095b8611613b58577e96d4c9\oss-parent-7.pom
2021-06-06T09:17:12.053-0500 [DEBUG] [org.apache.http.impl.conn.DefaultManagedHttpClientConnection] http-outgoing-1: set socket timeout to 30000
2021-06-06T09:17:12.054-0500 [DEBUG] [org.apache.http.impl.conn.DefaultManagedHttpClientConnection] http-outgoing-3: set socket timeout to 30000
2021-06-06T09:17:12.054-0500 [DEBUG] [org.apache.http.impl.execchain.MainClientExec] Executing request GET /dl/android/maven2/com/google/errorprone/error_prone_parent/2.3.1/error_prone_parent-2.3.1.pom HTTP/1.1
2021-06-06T09:17:12.054-0500 [DEBUG] [org.apache.http.impl.execchain.MainClientExec] Target auth state: UNCHALLENGED
2021-06-06T09:17:12.054-0500 [DEBUG] [org.apache.http.impl.execchain.MainClientExec] Proxy auth state: UNCHALLENGED
2021-06-06T09:17:12.054-0500 [DEBUG] [org.apache.http.impl.conn.DefaultManagedHttpClientConnection] http-outgoing-3: set socket timeout to 30000
2021-06-06T09:17:12.054-0500 [DEBUG] [org.apache.http.impl.execchain.MainClientExec] Executing request GET /dl/android/maven2/com/google/auto/value/auto-value-parent/1.6.2/auto-value-parent-1.6.2.pom HTTP/1.1
2021-06-06T09:17:12.054-0500 [DEBUG] [org.apache.http.impl.execchain.MainClientExec] Target auth state: UNCHALLENGED
2021-06-06T09:17:12.054-0500 [DEBUG] [org.apache.http.impl.execchain.MainClientExec] Proxy auth state: UNCHALLENGED
2021-06-06T09:17:12.058-0500 [DEBUG] [org.gradle.api.internal.artifacts.repositories.resolver.ExternalResourceResolver] Metadata file found for module 'com.google.dagger:dagger:2.28.3' in repository 'MavenRepo'.
2021-06-06T09:17:12.058-0500 [DEBUG] [org.gradle.api.internal.artifacts.ivyservice.modulecache.PersistentModuleMetadataCache] Recording module descriptor in cache: com.google.dagger:dagger:2.28.3 [changing = false]
2021-06-06T09:17:12.064-0500 [DEBUG] [org.gradle.api.internal.artifacts.ivyservice.ivyresolve.RepositoryChainComponentMetaDataResolver] Using com.google.dagger:dagger:2.28.3 from Maven repository 'MavenRepo'
2021-06-06T09:17:12.064-0500 [LIFECYCLE] [org.gradle.internal.operations.DefaultBuildOperationRunner] 
2021-06-06T09:17:12.064-0500 [DEBUG] [org.gradle.internal.operations.DefaultBuildOperationRunner] Completing Build operation 'Resolve com.google.dagger:dagger:2.28.3'
2021-06-06T09:17:12.064-0500 [DEBUG] [org.gradle.internal.operations.DefaultBuildOperationRunner] Build operation 'Resolve com.google.dagger:dagger:2.28.3' completed
2021-06-06T09:17:12.064-0500 [DEBUG] [org.gradle.internal.work.DefaultWorkerLeaseService] Worker lease root.1.50.53 completed (2 worker(s) in use)
2021-06-06T09:17:12.064-0500 [DEBUG] [org.gradle.internal.resources.AbstractTrackedResourceLock] Build operations Thread 4: released lock on root.1.50.53
2021-06-06T09:17:12.092-0500 [DEBUG] [org.gradle.internal.operations.DefaultBuildOperationRunner] Completing Build operation 'Download https://dl.google.com/dl/android/maven2/com/google/auto/value/auto-value-parent/1.6.2/auto-value-parent-1.6.2.pom'
2021-06-06T09:17:12.095-0500 [DEBUG] [org.gradle.internal.operations.DefaultBuildOperationRunner] Build operation 'Download https://repo.maven.apache.org/maven2/com/google/auto/value/auto-value-parent/1.6.2/auto-value-parent-1.6.2.pom' started
2021-06-06T09:17:12.111-0500 [DEBUG] [org.gradle.internal.operations.DefaultBuildOperationRunner] Completing Build operation 'Download https://dl.google.com/dl/android/maven2/com/google/errorprone/error_prone_parent/2.3.1/error_prone_parent-2.3.1.pom'
2021-06-06T09:17:12.113-0500 [DEBUG] [org.gradle.internal.operations.DefaultBuildOperationRunner] Build operation 'Download https://repo.maven.apache.org/maven2/com/google/errorprone/error_prone_parent/2.3.1/error_prone_parent-2.3.1.pom' started
2021-06-06T09:17:12.120-0500 [DEBUG] [org.gradle.internal.operations.DefaultBuildOperationRunner] Completing Build operation 'Download https://repo.maven.apache.org/maven2/com/google/auto/value/auto-value-parent/1.6.2/auto-value-parent-1.6.2.pom'
2021-06-06T09:17:12.131-0500 [DEBUG] [org.gradle.internal.operations.DefaultBuildOperationRunner] Build operation 'Download https://dl.google.com/dl/android/maven2/com/google/auto/auto-parent/6/auto-parent-6.pom' started
2021-06-06T09:17:12.138-0500 [DEBUG] [org.gradle.internal.operations.DefaultBuildOperationRunner] Completing Build operation 'Download https://repo.maven.apache.org/maven2/com/google/errorprone/error_prone_parent/2.3.1/error_prone_parent-2.3.1.pom'
2021-06-06T09:17:12.181-0500 [DEBUG] [org.gradle.internal.operations.DefaultBuildOperationRunner] Completing Build operation 'Download https://dl.google.com/dl/android/maven2/com/google/auto/auto-parent/6/auto-parent-6.pom'
2021-06-06T09:17:12.183-0500 [DEBUG] [org.gradle.internal.operations.DefaultBuildOperationRunner] Completing Build operation 'Resolve com.google.errorprone:error_prone_annotations:2.3.1'
2021-06-06T09:17:12.183-0500 [DEBUG] [org.gradle.internal.operations.DefaultBuildOperationRunner] Build operation 'Resolve com.google.errorprone:error_prone_annotations:2.3.1' completed
2021-06-06T09:17:12.183-0500 [DEBUG] [org.gradle.internal.work.DefaultWorkerLeaseService] Worker lease root.1.50.52 completed (1 worker(s) in use)
2021-06-06T09:17:12.184-0500 [DEBUG] [org.gradle.internal.resources.AbstractTrackedResourceLock] Build operations Thread 2: released lock on root.1.50.52
2021-06-06T09:17:12.185-0500 [DEBUG] [org.gradle.internal.operations.DefaultBuildOperationRunner] Build operation 'Download https://repo.maven.apache.org/maven2/com/google/auto/auto-parent/6/auto-parent-6.pom' started
2021-06-06T09:17:12.209-0500 [DEBUG] [org.gradle.internal.operations.DefaultBuildOperationRunner] Completing Build operation 'Download https://repo.maven.apache.org/maven2/com/google/auto/auto-parent/6/auto-parent-6.pom'
2021-06-06T09:17:12.276-0500 [DEBUG] [org.gradle.internal.operations.DefaultBuildOperationRunner] Completing Build operation 'Resolve com.google.auto.value:auto-value-annotations:1.6.2'
2021-06-06T09:17:12.284-0500 [DEBUG] [org.gradle.internal.operations.DefaultBuildOperationRunner] Build operation 'Metadata of https://dl.google.com/dl/android/maven2/org/jdom/jdom2/2.0.6/jdom2-2.0.6.pom' started
2021-06-06T09:17:12.329-0500 [DEBUG] [org.gradle.internal.operations.DefaultBuildOperationRunner] Completing Build operation 'Metadata of https://dl.google.com/dl/android/maven2/org/jdom/jdom2/2.0.6/jdom2-2.0.6.pom'
2021-06-06T09:17:12.332-0500 [DEBUG] [org.gradle.internal.operations.DefaultBuildOperationRunner] Build operation 'Metadata of https://repo.maven.apache.org/maven2/org/jdom/jdom2/2.0.6/jdom2-2.0.6.pom' started
2021-06-06T09:17:12.351-0500 [DEBUG] [org.gradle.internal.operations.DefaultBuildOperationRunner] Completing Build operation 'Metadata of https://repo.maven.apache.org/maven2/org/jdom/jdom2/2.0.6/jdom2-2.0.6.pom'
2021-06-06T09:17:12.376-0500 [DEBUG] [org.gradle.internal.operations.DefaultBuildOperationRunner] Build operation 'Download https://dl.google.com/dl/android/maven2/com/google/errorprone/error_prone_annotations/2.3.2/error_prone_annotations-2.3.2.pom' started
2021-06-06T09:17:12.419-0500 [DEBUG] [org.gradle.internal.operations.DefaultBuildOperationRunner] Completing Build operation 'Download https://dl.google.com/dl/android/maven2/com/google/errorprone/error_prone_annotations/2.3.2/error_prone_annotations-2.3.2.pom'
2021-06-06T09:17:12.422-0500 [DEBUG] [org.gradle.internal.operations.DefaultBuildOperationRunner] Build operation 'Download https://repo.maven.apache.org/maven2/com/google/errorprone/error_prone_annotations/2.3.2/error_prone_annotations-2.3.2.pom' started
2021-06-06T09:17:12.443-0500 [DEBUG] [org.gradle.internal.operations.DefaultBuildOperationRunner] Completing Build operation 'Download https://repo.maven.apache.org/maven2/com/google/errorprone/error_prone_annotations/2.3.2/error_prone_annotations-2.3.2.pom'
2021-06-06T09:17:12.453-0500 [DEBUG] [org.gradle.internal.operations.DefaultBuildOperationRunner] Build operation 'Download https://dl.google.com/dl/android/maven2/com/google/errorprone/error_prone_parent/2.3.2/error_prone_parent-2.3.2.pom' started
2021-06-06T09:17:12.497-0500 [DEBUG] [org.gradle.internal.operations.DefaultBuildOperationRunner] Completing Build operation 'Download https://dl.google.com/dl/android/maven2/com/google/errorprone/error_prone_parent/2.3.2/error_prone_parent-2.3.2.pom'
2021-06-06T09:17:12.500-0500 [DEBUG] [org.gradle.internal.operations.DefaultBuildOperationRunner] Build operation 'Download https://repo.maven.apache.org/maven2/com/google/errorprone/error_prone_parent/2.3.2/error_prone_parent-2.3.2.pom' started
2021-06-06T09:17:12.524-0500 [DEBUG] [org.gradle.internal.operations.DefaultBuildOperationRunner] Completing Build operation 'Download https://repo.maven.apache.org/maven2/com/google/errorprone/error_prone_parent/2.3.2/error_prone_parent-2.3.2.pom'
2021-06-06T09:17:12.561-0500 [DEBUG] [org.gradle.internal.operations.DefaultBuildOperationRunner] Build operation 'Download https://dl.google.com/dl/android/maven2/org/json/json/20180813/json-20180813.pom' started
2021-06-06T09:17:12.602-0500 [DEBUG] [org.gradle.internal.operations.DefaultBuildOperationRunner] Completing Build operation 'Download https://dl.google.com/dl/android/maven2/org/json/json/20180813/json-20180813.pom'
2021-06-06T09:17:12.604-0500 [DEBUG] [org.gradle.internal.operations.DefaultBuildOperationRunner] Build operation 'Download https://repo.maven.apache.org/maven2/org/json/json/20180813/json-20180813.pom' started
2021-06-06T09:17:12.627-0500 [DEBUG] [org.gradle.internal.operations.DefaultBuildOperationRunner] Completing Build operation 'Download https://repo.maven.apache.org/maven2/org/json/json/20180813/json-20180813.pom'
2021-06-06T09:17:12.652-0500 [DEBUG] [org.gradle.internal.operations.DefaultBuildOperationRunner] Build operation 'Resolve org.jetbrains.kotlin:kotlin-stdlib-common:1.4.32' started
2021-06-06T09:17:12.652-0500 [DEBUG] [org.gradle.internal.work.DefaultWorkerLeaseService] Worker lease root.1.54.56 started (2 worker(s) in use).
2021-06-06T09:17:12.652-0500 [DEBUG] [org.gradle.internal.resources.AbstractTrackedResourceLock] Build operations Thread 3: acquired lock on root.1.54.56
2021-06-06T09:17:12.652-0500 [DEBUG] [org.gradle.internal.operations.DefaultBuildOperationRunner] Build operation 'Resolve org.jetbrains:annotations:13.0' started
2021-06-06T09:17:12.654-0500 [DEBUG] [org.gradle.internal.operations.DefaultBuildOperationRunner] Build operation 'Download https://dl.google.com/dl/android/maven2/org/jetbrains/annotations/13.0/annotations-13.0.pom' started
2021-06-06T09:17:12.654-0500 [DEBUG] [org.gradle.internal.operations.DefaultBuildOperationRunner] Build operation 'Download https://dl.google.com/dl/android/maven2/org/jetbrains/kotlin/kotlin-stdlib-common/1.4.32/kotlin-stdlib-common-1.4.32.pom' started
2021-06-06T09:17:12.696-0500 [DEBUG] [org.gradle.internal.operations.DefaultBuildOperationRunner] Completing Build operation 'Download https://dl.google.com/dl/android/maven2/org/jetbrains/kotlin/kotlin-stdlib-common/1.4.32/kotlin-stdlib-common-1.4.32.pom'
2021-06-06T09:17:12.697-0500 [DEBUG] [org.gradle.internal.operations.DefaultBuildOperationRunner] Completing Build operation 'Download https://dl.google.com/dl/android/maven2/org/jetbrains/annotations/13.0/annotations-13.0.pom'
2021-06-06T09:17:12.700-0500 [DEBUG] [org.gradle.internal.operations.DefaultBuildOperationRunner] Build operation 'Download https://repo.maven.apache.org/maven2/org/jetbrains/annotations/13.0/annotations-13.0.pom' started
2021-06-06T09:17:12.700-0500 [DEBUG] [org.gradle.internal.operations.DefaultBuildOperationRunner] Build operation 'Download https://repo.maven.apache.org/maven2/org/jetbrains/kotlin/kotlin-stdlib-common/1.4.32/kotlin-stdlib-common-1.4.32.pom' started
2021-06-06T09:17:12.723-0500 [DEBUG] [org.gradle.internal.operations.DefaultBuildOperationRunner] Completing Build operation 'Download https://repo.maven.apache.org/maven2/org/jetbrains/annotations/13.0/annotations-13.0.pom'
2021-06-06T09:17:12.738-0500 [DEBUG] [org.gradle.internal.operations.DefaultBuildOperationRunner] Completing Build operation 'Download https://repo.maven.apache.org/maven2/org/jetbrains/kotlin/kotlin-stdlib-common/1.4.32/kotlin-stdlib-common-1.4.32.pom'
2021-06-06T09:17:12.740-0500 [DEBUG] [org.gradle.internal.operations.DefaultBuildOperationRunner] Completing Build operation 'Resolve org.jetbrains:annotations:13.0'
2021-06-06T09:17:12.740-0500 [DEBUG] [org.gradle.internal.operations.DefaultBuildOperationRunner] Build operation 'Resolve org.jetbrains:annotations:13.0' completed
2021-06-06T09:17:12.740-0500 [DEBUG] [org.gradle.internal.work.DefaultWorkerLeaseService] Worker lease root.1.54.56 completed (1 worker(s) in use)
2021-06-06T09:17:12.740-0500 [DEBUG] [org.gradle.internal.resources.AbstractTrackedResourceLock] Build operations Thread 3: released lock on root.1.54.56
2021-06-06T09:17:12.756-0500 [DEBUG] [org.gradle.internal.operations.DefaultBuildOperationRunner] Completing Build operation 'Resolve org.jetbrains.kotlin:kotlin-stdlib-common:1.4.32'
2021-06-06T09:17:12.759-0500 [DEBUG] [org.gradle.internal.operations.DefaultBuildOperationRunner] Build operation 'Download https://dl.google.com/dl/android/maven2/org/jetbrains/kotlin/kotlin-util-io/1.4.32/kotlin-util-io-1.4.32.pom' started
2021-06-06T09:17:12.803-0500 [DEBUG] [org.gradle.internal.operations.DefaultBuildOperationRunner] Completing Build operation 'Download https://dl.google.com/dl/android/maven2/org/jetbrains/kotlin/kotlin-util-io/1.4.32/kotlin-util-io-1.4.32.pom'
2021-06-06T09:17:12.806-0500 [DEBUG] [org.gradle.internal.operations.DefaultBuildOperationRunner] Build operation 'Download https://repo.maven.apache.org/maven2/org/jetbrains/kotlin/kotlin-util-io/1.4.32/kotlin-util-io-1.4.32.pom' started
2021-06-06T09:17:12.828-0500 [DEBUG] [org.gradle.internal.operations.DefaultBuildOperationRunner] Completing Build operation 'Download https://repo.maven.apache.org/maven2/org/jetbrains/kotlin/kotlin-util-io/1.4.32/kotlin-util-io-1.4.32.pom'
2021-06-06T09:17:12.847-0500 [DEBUG] [org.gradle.internal.operations.DefaultBuildOperationRunner] Build operation 'Download https://dl.google.com/dl/android/maven2/org/antlr/antlr4-runtime/4.5.2-1/antlr4-runtime-4.5.2-1.pom' started
2021-06-06T09:17:12.886-0500 [DEBUG] [org.gradle.internal.operations.DefaultBuildOperationRunner] Completing Build operation 'Download https://dl.google.com/dl/android/maven2/org/antlr/antlr4-runtime/4.5.2-1/antlr4-runtime-4.5.2-1.pom'
2021-06-06T09:17:12.888-0500 [DEBUG] [org.gradle.internal.operations.DefaultBuildOperationRunner] Build operation 'Download https://repo.maven.apache.org/maven2/org/antlr/antlr4-runtime/4.5.2-1/antlr4-runtime-4.5.2-1.pom' started
2021-06-06T09:17:12.911-0500 [DEBUG] [org.gradle.internal.operations.DefaultBuildOperationRunner] Completing Build operation 'Download https://repo.maven.apache.org/maven2/org/antlr/antlr4-runtime/4.5.2-1/antlr4-runtime-4.5.2-1.pom'
2021-06-06T09:17:12.923-0500 [DEBUG] [org.gradle.internal.operations.DefaultBuildOperationRunner] Build operation 'Download https://dl.google.com/dl/android/maven2/org/antlr/antlr4-master/4.5.2-1/antlr4-master-4.5.2-1.pom' started
2021-06-06T09:17:12.964-0500 [DEBUG] [org.gradle.internal.operations.DefaultBuildOperationRunner] Completing Build operation 'Download https://dl.google.com/dl/android/maven2/org/antlr/antlr4-master/4.5.2-1/antlr4-master-4.5.2-1.pom'
2021-06-06T09:17:12.966-0500 [DEBUG] [org.gradle.internal.operations.DefaultBuildOperationRunner] Build operation 'Download https://repo.maven.apache.org/maven2/org/antlr/antlr4-master/4.5.2-1/antlr4-master-4.5.2-1.pom' started
2021-06-06T09:17:12.987-0500 [DEBUG] [org.gradle.internal.operations.DefaultBuildOperationRunner] Completing Build operation 'Download https://repo.maven.apache.org/maven2/org/antlr/antlr4-master/4.5.2-1/antlr4-master-4.5.2-1.pom'
2021-06-06T09:17:13.015-0500 [DEBUG] [org.gradle.internal.operations.DefaultBuildOperationRunner] Build operation 'Resolve org.jetbrains.kotlin:kotlin-script-runtime:1.4.32' started
2021-06-06T09:17:13.015-0500 [DEBUG] [org.gradle.internal.work.DefaultWorkerLeaseService] Worker lease root.1.57.60 started (2 worker(s) in use).
2021-06-06T09:17:13.015-0500 [DEBUG] [org.gradle.internal.resources.AbstractTrackedResourceLock] Build operations: acquired lock on root.1.57.60
2021-06-06T09:17:13.015-0500 [DEBUG] [org.gradle.internal.operations.DefaultBuildOperationRunner] Build operation 'Resolve org.jetbrains.intellij.deps:trove4j:1.0.20181211' started
2021-06-06T09:17:13.015-0500 [DEBUG] [org.gradle.internal.work.DefaultWorkerLeaseService] Worker lease root.1.57.59 started (3 worker(s) in use).
2021-06-06T09:17:13.015-0500 [DEBUG] [org.gradle.internal.resources.AbstractTrackedResourceLock] Build operations Thread 8: acquired lock on root.1.57.59
2021-06-06T09:17:13.015-0500 [DEBUG] [org.gradle.internal.operations.DefaultBuildOperationRunner] Build operation 'Resolve org.jetbrains.kotlin:kotlin-daemon-embeddable:1.4.32' started
2021-06-06T09:17:13.017-0500 [DEBUG] [org.gradle.internal.operations.DefaultBuildOperationRunner] Build operation 'Download https://dl.google.com/dl/android/maven2/org/jetbrains/kotlin/kotlin-script-runtime/1.4.32/kotlin-script-runtime-1.4.32.pom' started
2021-06-06T09:17:13.017-0500 [DEBUG] [org.gradle.internal.operations.DefaultBuildOperationRunner] Build operation 'Download https://dl.google.com/dl/android/maven2/org/jetbrains/intellij/deps/trove4j/1.0.20181211/trove4j-1.0.20181211.pom' started
2021-06-06T09:17:13.017-0500 [DEBUG] [org.gradle.internal.operations.DefaultBuildOperationRunner] Build operation 'Download https://dl.google.com/dl/android/maven2/org/jetbrains/kotlin/kotlin-daemon-embeddable/1.4.32/kotlin-daemon-embeddable-1.4.32.pom' started
2021-06-06T09:17:13.056-0500 [DEBUG] [org.gradle.internal.operations.DefaultBuildOperationRunner] Completing Build operation 'Download https://dl.google.com/dl/android/maven2/org/jetbrains/kotlin/kotlin-script-runtime/1.4.32/kotlin-script-runtime-1.4.32.pom'
2021-06-06T09:17:13.056-0500 [DEBUG] [org.gradle.internal.operations.DefaultBuildOperationRunner] Completing Build operation 'Download https://dl.google.com/dl/android/maven2/org/jetbrains/intellij/deps/trove4j/1.0.20181211/trove4j-1.0.20181211.pom'
2021-06-06T09:17:13.059-0500 [DEBUG] [org.gradle.internal.operations.DefaultBuildOperationRunner] Build operation 'Download https://repo.maven.apache.org/maven2/org/jetbrains/intellij/deps/trove4j/1.0.20181211/trove4j-1.0.20181211.pom' started
2021-06-06T09:17:13.059-0500 [DEBUG] [org.gradle.internal.operations.DefaultBuildOperationRunner] Build operation 'Download https://repo.maven.apache.org/maven2/org/jetbrains/kotlin/kotlin-script-runtime/1.4.32/kotlin-script-runtime-1.4.32.pom' started
2021-06-06T09:17:13.066-0500 [DEBUG] [org.gradle.internal.operations.DefaultBuildOperationRunner] Completing Build operation 'Download https://dl.google.com/dl/android/maven2/org/jetbrains/kotlin/kotlin-daemon-embeddable/1.4.32/kotlin-daemon-embeddable-1.4.32.pom'
2021-06-06T09:17:13.067-0500 [DEBUG] [org.gradle.internal.operations.DefaultBuildOperationRunner] Build operation 'Download https://repo.maven.apache.org/maven2/org/jetbrains/kotlin/kotlin-daemon-embeddable/1.4.32/kotlin-daemon-embeddable-1.4.32.pom' started
2021-06-06T09:17:13.089-0500 [DEBUG] [org.gradle.internal.operations.DefaultBuildOperationRunner] Completing Build operation 'Download https://repo.maven.apache.org/maven2/org/jetbrains/intellij/deps/trove4j/1.0.20181211/trove4j-1.0.20181211.pom'
2021-06-06T09:17:13.091-0500 [DEBUG] [org.gradle.internal.operations.DefaultBuildOperationRunner] Completing Build operation 'Download https://repo.maven.apache.org/maven2/org/jetbrains/kotlin/kotlin-script-runtime/1.4.32/kotlin-script-runtime-1.4.32.pom'
2021-06-06T09:17:13.097-0500 [DEBUG] [org.gradle.internal.operations.DefaultBuildOperationRunner] Completing Build operation 'Download https://repo.maven.apache.org/maven2/org/jetbrains/kotlin/kotlin-daemon-embeddable/1.4.32/kotlin-daemon-embeddable-1.4.32.pom'
2021-06-06T09:17:13.126-0500 [DEBUG] [org.gradle.internal.operations.DefaultBuildOperationRunner] Completing Build operation 'Resolve org.jetbrains.intellij.deps:trove4j:1.0.20181211'
2021-06-06T09:17:13.127-0500 [DEBUG] [org.gradle.internal.operations.DefaultBuildOperationRunner] Build operation 'Resolve org.jetbrains.intellij.deps:trove4j:1.0.20181211' completed
2021-06-06T09:17:13.127-0500 [DEBUG] [org.gradle.internal.work.DefaultWorkerLeaseService] Worker lease root.1.57.60 completed (2 worker(s) in use)
2021-06-06T09:17:13.127-0500 [DEBUG] [org.gradle.internal.resources.AbstractTrackedResourceLock] Build operations: released lock on root.1.57.60
2021-06-06T09:17:13.130-0500 [DEBUG] [org.gradle.internal.operations.DefaultBuildOperationRunner] Completing Build operation 'Resolve org.jetbrains.kotlin:kotlin-script-runtime:1.4.32'
2021-06-06T09:17:13.133-0500 [DEBUG] [org.gradle.internal.operations.DefaultBuildOperationRunner] Completing Build operation 'Resolve org.jetbrains.kotlin:kotlin-daemon-embeddable:1.4.32'
2021-06-06T09:17:13.133-0500 [DEBUG] [org.gradle.internal.operations.DefaultBuildOperationRunner] Build operation 'Resolve org.jetbrains.kotlin:kotlin-daemon-embeddable:1.4.32' completed
2021-06-06T09:17:13.133-0500 [DEBUG] [org.gradle.internal.work.DefaultWorkerLeaseService] Worker lease root.1.57.59 completed (1 worker(s) in use)
2021-06-06T09:17:13.133-0500 [DEBUG] [org.gradle.internal.resources.AbstractTrackedResourceLock] Build operations Thread 8: released lock on root.1.57.59
2021-06-06T09:17:13.135-0500 [DEBUG] [org.gradle.internal.operations.DefaultBuildOperationRunner] Build operation 'Resolve org.jetbrains.kotlin:kotlin-build-common:1.4.32' started
2021-06-06T09:17:13.135-0500 [DEBUG] [org.gradle.internal.work.DefaultWorkerLeaseService] Worker lease root.1.61.64 started (2 worker(s) in use).
2021-06-06T09:17:13.135-0500 [DEBUG] [org.gradle.internal.resources.AbstractTrackedResourceLock] Build operations Thread 4: acquired lock on root.1.61.64
2021-06-06T09:17:13.135-0500 [DEBUG] [org.gradle.internal.operations.DefaultBuildOperationRunner] Build operation 'Resolve org.jetbrains.kotlinx:kotlinx-coroutines-core:1.3.8' started
2021-06-06T09:17:13.135-0500 [DEBUG] [org.gradle.internal.work.DefaultWorkerLeaseService] Worker lease root.1.61.63 started (3 worker(s) in use).
2021-06-06T09:17:13.135-0500 [DEBUG] [org.gradle.internal.resources.AbstractTrackedResourceLock] Build operations Thread 7: acquired lock on root.1.61.63
2021-06-06T09:17:13.136-0500 [DEBUG] [org.gradle.internal.operations.DefaultBuildOperationRunner] Build operation 'Resolve org.jetbrains.kotlin:kotlin-daemon-client:1.4.32' started
2021-06-06T09:17:13.137-0500 [DEBUG] [org.gradle.internal.operations.DefaultBuildOperationRunner] Build operation 'Download https://dl.google.com/dl/android/maven2/org/jetbrains/kotlin/kotlin-build-common/1.4.32/kotlin-build-common-1.4.32.pom' started
2021-06-06T09:17:13.137-0500 [DEBUG] [org.gradle.internal.operations.DefaultBuildOperationRunner] Build operation 'Download https://dl.google.com/dl/android/maven2/org/jetbrains/kotlinx/kotlinx-coroutines-core/1.3.8/kotlinx-coroutines-core-1.3.8.pom' started
2021-06-06T09:17:13.137-0500 [DEBUG] [org.gradle.internal.operations.DefaultBuildOperationRunner] Build operation 'Download https://dl.google.com/dl/android/maven2/org/jetbrains/kotlin/kotlin-daemon-client/1.4.32/kotlin-daemon-client-1.4.32.pom' started
2021-06-06T09:17:13.176-0500 [DEBUG] [org.gradle.internal.operations.DefaultBuildOperationRunner] Completing Build operation 'Download https://dl.google.com/dl/android/maven2/org/jetbrains/kotlin/kotlin-build-common/1.4.32/kotlin-build-common-1.4.32.pom'
2021-06-06T09:17:13.177-0500 [DEBUG] [org.gradle.internal.operations.DefaultBuildOperationRunner] Build operation 'Download https://repo.maven.apache.org/maven2/org/jetbrains/kotlin/kotlin-build-common/1.4.32/kotlin-build-common-1.4.32.pom' started
2021-06-06T09:17:13.179-0500 [DEBUG] [org.gradle.internal.operations.DefaultBuildOperationRunner] Completing Build operation 'Download https://dl.google.com/dl/android/maven2/org/jetbrains/kotlinx/kotlinx-coroutines-core/1.3.8/kotlinx-coroutines-core-1.3.8.pom'
2021-06-06T09:17:13.179-0500 [DEBUG] [org.gradle.internal.operations.DefaultBuildOperationRunner] Completing Build operation 'Download https://dl.google.com/dl/android/maven2/org/jetbrains/kotlin/kotlin-daemon-client/1.4.32/kotlin-daemon-client-1.4.32.pom'
2021-06-06T09:17:13.180-0500 [DEBUG] [org.gradle.internal.operations.DefaultBuildOperationRunner] Build operation 'Download https://repo.maven.apache.org/maven2/org/jetbrains/kotlinx/kotlinx-coroutines-core/1.3.8/kotlinx-coroutines-core-1.3.8.pom' started
2021-06-06T09:17:13.180-0500 [DEBUG] [org.gradle.internal.operations.DefaultBuildOperationRunner] Build operation 'Download https://repo.maven.apache.org/maven2/org/jetbrains/kotlin/kotlin-daemon-client/1.4.32/kotlin-daemon-client-1.4.32.pom' started
2021-06-06T09:17:13.202-0500 [DEBUG] [org.gradle.internal.operations.DefaultBuildOperationRunner] Completing Build operation 'Download https://repo.maven.apache.org/maven2/org/jetbrains/kotlinx/kotlinx-coroutines-core/1.3.8/kotlinx-coroutines-core-1.3.8.pom'
2021-06-06T09:17:13.202-0500 [DEBUG] [org.gradle.internal.operations.DefaultBuildOperationRunner] Completing Build operation 'Download https://repo.maven.apache.org/maven2/org/jetbrains/kotlin/kotlin-build-common/1.4.32/kotlin-build-common-1.4.32.pom'
2021-06-06T09:17:13.203-0500 [DEBUG] [org.gradle.internal.operations.DefaultBuildOperationRunner] Completing Build operation 'Download https://repo.maven.apache.org/maven2/org/jetbrains/kotlin/kotlin-daemon-client/1.4.32/kotlin-daemon-client-1.4.32.pom'
2021-06-06T09:17:13.220-0500 [DEBUG] [org.gradle.internal.operations.DefaultBuildOperationRunner] Completing Build operation 'Resolve org.jetbrains.kotlinx:kotlinx-coroutines-core:1.3.8'
2021-06-06T09:17:13.220-0500 [DEBUG] [org.gradle.internal.operations.DefaultBuildOperationRunner] Build operation 'Resolve org.jetbrains.kotlinx:kotlinx-coroutines-core:1.3.8' completed
2021-06-06T09:17:13.221-0500 [DEBUG] [org.gradle.internal.work.DefaultWorkerLeaseService] Worker lease root.1.61.64 completed (2 worker(s) in use)
2021-06-06T09:17:13.221-0500 [DEBUG] [org.gradle.internal.resources.AbstractTrackedResourceLock] Build operations Thread 4: released lock on root.1.61.64
2021-06-06T09:17:13.223-0500 [DEBUG] [org.gradle.internal.operations.DefaultBuildOperationRunner] Completing Build operation 'Resolve org.jetbrains.kotlin:kotlin-build-common:1.4.32'
2021-06-06T09:17:13.226-0500 [DEBUG] [org.gradle.internal.operations.DefaultBuildOperationRunner] Completing Build operation 'Resolve org.jetbrains.kotlin:kotlin-daemon-client:1.4.32'
2021-06-06T09:17:13.226-0500 [DEBUG] [org.gradle.internal.operations.DefaultBuildOperationRunner] Build operation 'Resolve org.jetbrains.kotlin:kotlin-daemon-client:1.4.32' completed
2021-06-06T09:17:13.226-0500 [DEBUG] [org.gradle.internal.work.DefaultWorkerLeaseService] Worker lease root.1.61.63 completed (1 worker(s) in use)
2021-06-06T09:17:13.226-0500 [DEBUG] [org.gradle.internal.resources.AbstractTrackedResourceLock] Build operations Thread 7: released lock on root.1.61.63
2021-06-06T09:17:13.227-0500 [DEBUG] [org.gradle.internal.operations.DefaultBuildOperationRunner] Build operation 'Resolve org.jetbrains.kotlin:kotlin-scripting-common:1.4.32' started
2021-06-06T09:17:13.227-0500 [DEBUG] [org.gradle.internal.work.DefaultWorkerLeaseService] Worker lease root.1.65.67 started (2 worker(s) in use).
2021-06-06T09:17:13.227-0500 [DEBUG] [org.gradle.internal.resources.AbstractTrackedResourceLock] Build operations Thread 5: acquired lock on root.1.65.67
2021-06-06T09:17:13.228-0500 [DEBUG] [org.gradle.internal.operations.DefaultBuildOperationRunner] Build operation 'Resolve org.jetbrains.kotlin:kotlin-scripting-jvm:1.4.32' started
2021-06-06T09:17:13.229-0500 [DEBUG] [org.gradle.internal.operations.DefaultBuildOperationRunner] Build operation 'Download https://dl.google.com/dl/android/maven2/org/jetbrains/kotlin/kotlin-scripting-common/1.4.32/kotlin-scripting-common-1.4.32.pom' started
2021-06-06T09:17:13.229-0500 [DEBUG] [org.gradle.internal.operations.DefaultBuildOperationRunner] Build operation 'Download https://dl.google.com/dl/android/maven2/org/jetbrains/kotlin/kotlin-scripting-jvm/1.4.32/kotlin-scripting-jvm-1.4.32.pom' started
2021-06-06T09:17:13.269-0500 [DEBUG] [org.gradle.internal.operations.DefaultBuildOperationRunner] Completing Build operation 'Download https://dl.google.com/dl/android/maven2/org/jetbrains/kotlin/kotlin-scripting-jvm/1.4.32/kotlin-scripting-jvm-1.4.32.pom'
2021-06-06T09:17:13.271-0500 [DEBUG] [org.gradle.internal.operations.DefaultBuildOperationRunner] Build operation 'Download https://repo.maven.apache.org/maven2/org/jetbrains/kotlin/kotlin-scripting-jvm/1.4.32/kotlin-scripting-jvm-1.4.32.pom' started
2021-06-06T09:17:13.279-0500 [DEBUG] [org.gradle.internal.operations.DefaultBuildOperationRunner] Completing Build operation 'Download https://dl.google.com/dl/android/maven2/org/jetbrains/kotlin/kotlin-scripting-common/1.4.32/kotlin-scripting-common-1.4.32.pom'
2021-06-06T09:17:13.281-0500 [DEBUG] [org.gradle.internal.operations.DefaultBuildOperationRunner] Build operation 'Download https://repo.maven.apache.org/maven2/org/jetbrains/kotlin/kotlin-scripting-common/1.4.32/kotlin-scripting-common-1.4.32.pom' started
2021-06-06T09:17:13.293-0500 [DEBUG] [org.gradle.internal.operations.DefaultBuildOperationRunner] Completing Build operation 'Download https://repo.maven.apache.org/maven2/org/jetbrains/kotlin/kotlin-scripting-jvm/1.4.32/kotlin-scripting-jvm-1.4.32.pom'
2021-06-06T09:17:13.302-0500 [DEBUG] [org.gradle.internal.operations.DefaultBuildOperationRunner] Completing Build operation 'Download https://repo.maven.apache.org/maven2/org/jetbrains/kotlin/kotlin-scripting-common/1.4.32/kotlin-scripting-common-1.4.32.pom'
2021-06-06T09:17:13.305-0500 [DEBUG] [org.gradle.internal.operations.DefaultBuildOperationRunner] Completing Build operation 'Resolve org.jetbrains.kotlin:kotlin-scripting-jvm:1.4.32'
2021-06-06T09:17:13.305-0500 [DEBUG] [org.gradle.internal.operations.DefaultBuildOperationRunner] Build operation 'Resolve org.jetbrains.kotlin:kotlin-scripting-jvm:1.4.32' completed
2021-06-06T09:17:13.305-0500 [DEBUG] [org.gradle.internal.work.DefaultWorkerLeaseService] Worker lease root.1.65.67 completed (1 worker(s) in use)
2021-06-06T09:17:13.305-0500 [DEBUG] [org.gradle.internal.resources.AbstractTrackedResourceLock] Build operations Thread 5: released lock on root.1.65.67
2021-06-06T09:17:13.316-0500 [DEBUG] [org.gradle.internal.operations.DefaultBuildOperationRunner] Completing Build operation 'Resolve org.jetbrains.kotlin:kotlin-scripting-common:1.4.32'
2021-06-06T09:17:13.318-0500 [DEBUG] [org.gradle.internal.operations.DefaultBuildOperationRunner] Build operation 'Resolve com.android.tools:dvlib:27.2.1' started
2021-06-06T09:17:13.318-0500 [DEBUG] [org.gradle.internal.work.DefaultWorkerLeaseService] Worker lease root.1.68.71 started (2 worker(s) in use).
2021-06-06T09:17:13.318-0500 [DEBUG] [org.gradle.internal.resources.AbstractTrackedResourceLock] Build operations: acquired lock on root.1.68.71
2021-06-06T09:17:13.318-0500 [DEBUG] [org.gradle.internal.work.DefaultWorkerLeaseService] Worker lease root.1.68.70 started (3 worker(s) in use).
2021-06-06T09:17:13.318-0500 [DEBUG] [org.gradle.internal.resources.AbstractTrackedResourceLock] Build operations Thread 6: acquired lock on root.1.68.70
2021-06-06T09:17:13.318-0500 [DEBUG] [org.gradle.internal.operations.DefaultBuildOperationRunner] Build operation 'Resolve org.apache.commons:commons-compress:1.12' started
2021-06-06T09:17:13.319-0500 [DEBUG] [org.gradle.internal.operations.DefaultBuildOperationRunner] Build operation 'Resolve com.android.tools:repository:27.2.1' started
2021-06-06T09:17:13.320-0500 [DEBUG] [org.gradle.internal.operations.DefaultBuildOperationRunner] Build operation 'Download https://dl.google.com/dl/android/maven2/com/android/tools/dvlib/27.2.1/dvlib-27.2.1.pom' started
2021-06-06T09:17:13.320-0500 [DEBUG] [org.gradle.internal.operations.DefaultBuildOperationRunner] Build operation 'Download https://dl.google.com/dl/android/maven2/com/android/tools/repository/27.2.1/repository-27.2.1.pom' started
2021-06-06T09:17:13.320-0500 [DEBUG] [org.gradle.internal.operations.DefaultBuildOperationRunner] Build operation 'Download https://dl.google.com/dl/android/maven2/org/apache/commons/commons-compress/1.12/commons-compress-1.12.pom' started
2021-06-06T09:17:13.362-0500 [DEBUG] [org.gradle.internal.operations.DefaultBuildOperationRunner] Completing Build operation 'Download https://dl.google.com/dl/android/maven2/org/apache/commons/commons-compress/1.12/commons-compress-1.12.pom'
2021-06-06T09:17:13.364-0500 [DEBUG] [org.gradle.internal.operations.DefaultBuildOperationRunner] Build operation 'Download https://repo.maven.apache.org/maven2/org/apache/commons/commons-compress/1.12/commons-compress-1.12.pom' started
2021-06-06T09:17:13.366-0500 [DEBUG] [org.gradle.internal.operations.DefaultBuildOperationRunner] Completing Build operation 'Download https://dl.google.com/dl/android/maven2/com/android/tools/repository/27.2.1/repository-27.2.1.pom'
2021-06-06T09:17:13.371-0500 [DEBUG] [org.gradle.internal.operations.DefaultBuildOperationRunner] Completing Build operation 'Download https://dl.google.com/dl/android/maven2/com/android/tools/dvlib/27.2.1/dvlib-27.2.1.pom'
2021-06-06T09:17:13.378-0500 [DEBUG] [org.gradle.internal.operations.DefaultBuildOperationRunner] Build operation 'Download https://dl.google.com/dl/android/maven2/com/android/tools/repository/27.2.1/repository-27.2.1.module' started
2021-06-06T09:17:13.382-0500 [DEBUG] [org.gradle.internal.operations.DefaultBuildOperationRunner] Build operation 'Download https://dl.google.com/dl/android/maven2/com/android/tools/dvlib/27.2.1/dvlib-27.2.1.module' started
2021-06-06T09:17:13.391-0500 [DEBUG] [org.gradle.internal.operations.DefaultBuildOperationRunner] Completing Build operation 'Download https://repo.maven.apache.org/maven2/org/apache/commons/commons-compress/1.12/commons-compress-1.12.pom'
2021-06-06T09:17:13.400-0500 [DEBUG] [org.gradle.internal.operations.DefaultBuildOperationRunner] Build operation 'Metadata of https://dl.google.com/dl/android/maven2/org/apache/commons/commons-parent/39/commons-parent-39.pom' started
2021-06-06T09:17:13.428-0500 [DEBUG] [org.gradle.internal.operations.DefaultBuildOperationRunner] Completing Build operation 'Download https://dl.google.com/dl/android/maven2/com/android/tools/dvlib/27.2.1/dvlib-27.2.1.module'
2021-06-06T09:17:13.438-0500 [DEBUG] [org.gradle.internal.operations.DefaultBuildOperationRunner] Completing Build operation 'Metadata of https://dl.google.com/dl/android/maven2/org/apache/commons/commons-parent/39/commons-parent-39.pom'
2021-06-06T09:17:13.440-0500 [DEBUG] [org.gradle.internal.operations.DefaultBuildOperationRunner] Completing Build operation 'Resolve com.android.tools:dvlib:27.2.1'
2021-06-06T09:17:13.441-0500 [DEBUG] [org.gradle.internal.operations.DefaultBuildOperationRunner] Build operation 'Metadata of https://repo.maven.apache.org/maven2/org/apache/commons/commons-parent/39/commons-parent-39.pom' started
2021-06-06T09:17:13.457-0500 [DEBUG] [org.gradle.internal.operations.DefaultBuildOperationRunner] Completing Build operation 'Metadata of https://repo.maven.apache.org/maven2/org/apache/commons/commons-parent/39/commons-parent-39.pom'
2021-06-06T09:17:13.461-0500 [DEBUG] [org.gradle.internal.operations.DefaultBuildOperationRunner] Completing Build operation 'Download https://dl.google.com/dl/android/maven2/com/android/tools/repository/27.2.1/repository-27.2.1.module'
2021-06-06T09:17:13.475-0500 [DEBUG] [org.gradle.internal.operations.DefaultBuildOperationRunner] Completing Build operation 'Resolve com.android.tools:repository:27.2.1'
2021-06-06T09:17:13.475-0500 [DEBUG] [org.gradle.internal.operations.DefaultBuildOperationRunner] Build operation 'Resolve com.android.tools:repository:27.2.1' completed
2021-06-06T09:17:13.475-0500 [DEBUG] [org.gradle.internal.work.DefaultWorkerLeaseService] Worker lease root.1.68.70 completed (1 worker(s) in use)
2021-06-06T09:17:13.475-0500 [DEBUG] [org.gradle.internal.resources.AbstractTrackedResourceLock] Build operations Thread 6: released lock on root.1.68.70
2021-06-06T09:17:13.481-0500 [DEBUG] [org.gradle.internal.operations.DefaultBuildOperationRunner] Build operation 'Metadata of https://dl.google.com/dl/android/maven2/org/apache/apache/16/apache-16.pom' started
2021-06-06T09:17:13.520-0500 [DEBUG] [org.gradle.internal.operations.DefaultBuildOperationRunner] Completing Build operation 'Metadata of https://dl.google.com/dl/android/maven2/org/apache/apache/16/apache-16.pom'
2021-06-06T09:17:13.522-0500 [DEBUG] [org.gradle.internal.operations.DefaultBuildOperationRunner] Build operation 'Metadata of https://repo.maven.apache.org/maven2/org/apache/apache/16/apache-16.pom' started
2021-06-06T09:17:13.541-0500 [DEBUG] [org.gradle.internal.operations.DefaultBuildOperationRunner] Completing Build operation 'Metadata of https://repo.maven.apache.org/maven2/org/apache/apache/16/apache-16.pom'
2021-06-06T09:17:13.594-0500 [DEBUG] [org.gradle.internal.operations.DefaultBuildOperationRunner] Completing Build operation 'Resolve org.apache.commons:commons-compress:1.12'
2021-06-06T09:17:13.594-0500 [DEBUG] [org.gradle.internal.operations.DefaultBuildOperationRunner] Build operation 'Resolve org.apache.commons:commons-compress:1.12' completed
2021-06-06T09:17:13.594-0500 [DEBUG] [org.gradle.internal.work.DefaultWorkerLeaseService] Worker lease root.1.68.71 completed (1 worker(s) in use)
2021-06-06T09:17:13.594-0500 [DEBUG] [org.gradle.internal.resources.AbstractTrackedResourceLock] Build operations: released lock on root.1.68.71
2021-06-06T09:17:13.597-0500 [DEBUG] [org.gradle.internal.operations.DefaultBuildOperationRunner] Build operation 'Resolve com.android.tools.analytics-library:shared:27.2.1' started
2021-06-06T09:17:13.597-0500 [DEBUG] [org.gradle.internal.work.DefaultWorkerLeaseService] Worker lease root.1.72.74 started (2 worker(s) in use).
2021-06-06T09:17:13.597-0500 [DEBUG] [org.gradle.internal.resources.AbstractTrackedResourceLock] Build operations Thread 2: acquired lock on root.1.72.74
2021-06-06T09:17:13.597-0500 [DEBUG] [org.gradle.internal.operations.DefaultBuildOperationRunner] Build operation 'Resolve xerces:xercesImpl:2.12.0' started
2021-06-06T09:17:13.598-0500 [DEBUG] [org.gradle.internal.operations.DefaultBuildOperationRunner] Build operation 'Download https://dl.google.com/dl/android/maven2/com/android/tools/analytics-library/shared/27.2.1/shared-27.2.1.pom' started
2021-06-06T09:17:13.601-0500 [DEBUG] [org.gradle.internal.operations.DefaultBuildOperationRunner] Build operation 'Download https://dl.google.com/dl/android/maven2/xerces/xercesImpl/2.12.0/xercesImpl-2.12.0.pom' started
2021-06-06T09:17:13.643-0500 [DEBUG] [org.gradle.internal.operations.DefaultBuildOperationRunner] Completing Build operation 'Download https://dl.google.com/dl/android/maven2/xerces/xercesImpl/2.12.0/xercesImpl-2.12.0.pom'
2021-06-06T09:17:13.645-0500 [DEBUG] [org.gradle.internal.operations.DefaultBuildOperationRunner] Build operation 'Download https://repo.maven.apache.org/maven2/xerces/xercesImpl/2.12.0/xercesImpl-2.12.0.pom' started
2021-06-06T09:17:13.647-0500 [DEBUG] [org.gradle.internal.operations.DefaultBuildOperationRunner] Completing Build operation 'Download https://dl.google.com/dl/android/maven2/com/android/tools/analytics-library/shared/27.2.1/shared-27.2.1.pom'
2021-06-06T09:17:13.664-0500 [DEBUG] [org.gradle.internal.operations.DefaultBuildOperationRunner] Build operation 'Download https://dl.google.com/dl/android/maven2/com/android/tools/analytics-library/shared/27.2.1/shared-27.2.1.module' started
2021-06-06T09:17:13.670-0500 [DEBUG] [org.gradle.internal.operations.DefaultBuildOperationRunner] Completing Build operation 'Download https://repo.maven.apache.org/maven2/xerces/xercesImpl/2.12.0/xercesImpl-2.12.0.pom'
2021-06-06T09:17:13.687-0500 [DEBUG] [org.gradle.internal.operations.DefaultBuildOperationRunner] Completing Build operation 'Resolve xerces:xercesImpl:2.12.0'
2021-06-06T09:17:13.687-0500 [DEBUG] [org.gradle.internal.operations.DefaultBuildOperationRunner] Build operation 'Resolve xerces:xercesImpl:2.12.0' completed
2021-06-06T09:17:13.687-0500 [DEBUG] [org.gradle.internal.work.DefaultWorkerLeaseService] Worker lease root.1.72.74 completed (1 worker(s) in use)
2021-06-06T09:17:13.687-0500 [DEBUG] [org.gradle.internal.resources.AbstractTrackedResourceLock] Build operations Thread 2: released lock on root.1.72.74
2021-06-06T09:17:13.747-0500 [DEBUG] [org.gradle.internal.operations.DefaultBuildOperationRunner] Completing Build operation 'Download https://dl.google.com/dl/android/maven2/com/android/tools/analytics-library/shared/27.2.1/shared-27.2.1.module'
2021-06-06T09:17:13.762-0500 [DEBUG] [org.gradle.internal.operations.DefaultBuildOperationRunner] Completing Build operation 'Resolve com.android.tools.analytics-library:shared:27.2.1'
2021-06-06T09:17:13.766-0500 [DEBUG] [org.gradle.internal.operations.DefaultBuildOperationRunner] Build operation 'Download https://dl.google.com/dl/android/maven2/net/sf/kxml/kxml2/2.3.0/kxml2-2.3.0.pom' started
2021-06-06T09:17:13.811-0500 [DEBUG] [org.gradle.internal.operations.DefaultBuildOperationRunner] Completing Build operation 'Download https://dl.google.com/dl/android/maven2/net/sf/kxml/kxml2/2.3.0/kxml2-2.3.0.pom'
2021-06-06T09:17:13.813-0500 [DEBUG] [org.gradle.internal.operations.DefaultBuildOperationRunner] Build operation 'Download https://repo.maven.apache.org/maven2/net/sf/kxml/kxml2/2.3.0/kxml2-2.3.0.pom' started
2021-06-06T09:17:13.839-0500 [DEBUG] [org.gradle.internal.operations.DefaultBuildOperationRunner] Completing Build operation 'Download https://repo.maven.apache.org/maven2/net/sf/kxml/kxml2/2.3.0/kxml2-2.3.0.pom'
2021-06-06T09:17:13.859-0500 [DEBUG] [org.gradle.internal.operations.DefaultBuildOperationRunner] Build operation 'Download https://dl.google.com/dl/android/maven2/com/google/code/findbugs/jsr305/1.3.9/jsr305-1.3.9.pom' started
2021-06-06T09:17:13.901-0500 [DEBUG] [org.gradle.internal.operations.DefaultBuildOperationRunner] Completing Build operation 'Download https://dl.google.com/dl/android/maven2/com/google/code/findbugs/jsr305/1.3.9/jsr305-1.3.9.pom'
2021-06-06T09:17:13.903-0500 [DEBUG] [org.gradle.internal.operations.DefaultBuildOperationRunner] Build operation 'Download https://repo.maven.apache.org/maven2/com/google/code/findbugs/jsr305/1.3.9/jsr305-1.3.9.pom' started
2021-06-06T09:17:13.927-0500 [DEBUG] [org.gradle.internal.operations.DefaultBuildOperationRunner] Completing Build operation 'Download https://repo.maven.apache.org/maven2/com/google/code/findbugs/jsr305/1.3.9/jsr305-1.3.9.pom'
2021-06-06T09:17:13.951-0500 [DEBUG] [org.gradle.internal.operations.DefaultBuildOperationRunner] Build operation 'Download https://dl.google.com/dl/android/maven2/com/google/code/findbugs/jsr305/3.0.2/jsr305-3.0.2.pom' started
2021-06-06T09:17:13.991-0500 [DEBUG] [org.gradle.internal.operations.DefaultBuildOperationRunner] Completing Build operation 'Download https://dl.google.com/dl/android/maven2/com/google/code/findbugs/jsr305/3.0.2/jsr305-3.0.2.pom'
2021-06-06T09:17:13.994-0500 [DEBUG] [org.gradle.internal.operations.DefaultBuildOperationRunner] Build operation 'Download https://repo.maven.apache.org/maven2/com/google/code/findbugs/jsr305/3.0.2/jsr305-3.0.2.pom' started
2021-06-06T09:17:14.015-0500 [DEBUG] [org.gradle.internal.operations.DefaultBuildOperationRunner] Completing Build operation 'Download https://repo.maven.apache.org/maven2/com/google/code/findbugs/jsr305/3.0.2/jsr305-3.0.2.pom'
2021-06-06T09:17:14.037-0500 [DEBUG] [org.gradle.internal.operations.DefaultBuildOperationRunner] Build operation 'Download https://dl.google.com/dl/android/maven2/org/checkerframework/checker-qual/2.8.1/checker-qual-2.8.1.pom' started
2021-06-06T09:17:12.075-0500 [LIFECYCLE] [org.gradle.internal.logging.progress.ProgressLoggerFactory] 
2021-06-06T09:17:12.075-0500 [LIFECYCLE] [org.gradle.internal.logging.progress.ProgressLoggerFactory] > Configure project :
2021-06-06T09:17:12.091-0500 [DEBUG] [org.apache.http.impl.execchain.MainClientExec] Connection can be kept alive indefinitely
2021-06-06T09:17:12.092-0500 [DEBUG] [org.apache.http.impl.conn.PoolingHttpClientConnectionManager] Connection [id: 3][route: {s}->https://dl.google.com:443] can be kept alive indefinitely
2021-06-06T09:17:12.092-0500 [DEBUG] [org.apache.http.impl.conn.DefaultManagedHttpClientConnection] http-outgoing-3: set socket timeout to 0
2021-06-06T09:17:12.092-0500 [DEBUG] [org.apache.http.impl.conn.PoolingHttpClientConnectionManager] Connection released: [id: 3][route: {s}->https://dl.google.com:443][total kept alive: 7; route allocated: 8 of 20; total allocated: 8 of 20]
2021-06-06T09:17:12.092-0500 [INFO] [org.gradle.internal.resource.transport.http.HttpClientHelper] Resource missing. [HTTP GET: https://dl.google.com/dl/android/maven2/com/google/auto/value/auto-value-parent/1.6.2/auto-value-parent-1.6.2.pom]
2021-06-06T09:17:12.092-0500 [DEBUG] [org.gradle.internal.operations.DefaultBuildOperationRunner] Build operation 'Download https://dl.google.com/dl/android/maven2/com/google/auto/value/auto-value-parent/1.6.2/auto-value-parent-1.6.2.pom' completed
2021-06-06T09:17:12.092-0500 [DEBUG] [org.gradle.api.internal.artifacts.repositories.resolver.ExternalResourceResolver] No meta-data file or artifact found for module 'com.google.auto.value:auto-value-parent:1.6.2' in repository 'Google'.
2021-06-06T09:17:12.093-0500 [DEBUG] [org.gradle.api.internal.artifacts.ivyservice.modulecache.PersistentModuleMetadataCache] Recording absence of module descriptor in cache: com.google.auto.value:auto-value-parent:1.6.2 [changing = false]
2021-06-06T09:17:12.093-0500 [DEBUG] [org.gradle.api.internal.artifacts.repositories.resolver.DefaultExternalResourceArtifactResolver] Loading https://repo.maven.apache.org/maven2/com/google/auto/value/auto-value-parent/1.6.2/auto-value-parent-1.6.2.pom
2021-06-06T09:17:12.093-0500 [DEBUG] [org.gradle.internal.resource.transfer.DefaultCacheAwareExternalResourceAccessor] Constructing external resource: https://repo.maven.apache.org/maven2/com/google/auto/value/auto-value-parent/1.6.2/auto-value-parent-1.6.2.pom
2021-06-06T09:17:12.095-0500 [DEBUG] [org.gradle.internal.resource.transport.http.HttpResourceAccessor] Constructing external resource: https://repo.maven.apache.org/maven2/com/google/auto/value/auto-value-parent/1.6.2/auto-value-parent-1.6.2.pom
2021-06-06T09:17:12.095-0500 [DEBUG] [org.gradle.internal.resource.transport.http.HttpClientHelper] Performing HTTP GET: https://repo.maven.apache.org/maven2/com/google/auto/value/auto-value-parent/1.6.2/auto-value-parent-1.6.2.pom
2021-06-06T09:17:12.096-0500 [DEBUG] [org.apache.http.client.protocol.RequestAddCookies] CookieSpec selected: default
2021-06-06T09:17:12.096-0500 [DEBUG] [org.apache.http.client.protocol.RequestAuthCache] Auth cache not set in the context
2021-06-06T09:17:12.096-0500 [DEBUG] [org.apache.http.impl.conn.PoolingHttpClientConnectionManager] Connection request: [route: {s}->https://repo.maven.apache.org:443][total kept alive: 8; route allocated: 8 of 20; total allocated: 8 of 20]
2021-06-06T09:17:12.096-0500 [DEBUG] [org.apache.http.impl.conn.PoolingHttpClientConnectionManager] Connection leased: [id: 14][route: {s}->https://repo.maven.apache.org:443][total kept alive: 7; route allocated: 8 of 20; total allocated: 8 of 20]
2021-06-06T09:17:12.096-0500 [DEBUG] [org.apache.http.impl.conn.DefaultManagedHttpClientConnection] http-outgoing-14: set socket timeout to 30000
2021-06-06T09:17:12.096-0500 [DEBUG] [org.apache.http.impl.conn.DefaultManagedHttpClientConnection] http-outgoing-14: set socket timeout to 30000
2021-06-06T09:17:12.096-0500 [DEBUG] [org.apache.http.impl.execchain.MainClientExec] Executing request GET /maven2/com/google/auto/value/auto-value-parent/1.6.2/auto-value-parent-1.6.2.pom HTTP/1.1
2021-06-06T09:17:12.096-0500 [DEBUG] [org.apache.http.impl.execchain.MainClientExec] Target auth state: UNCHALLENGED
2021-06-06T09:17:12.097-0500 [DEBUG] [org.apache.http.impl.execchain.MainClientExec] Proxy auth state: UNCHALLENGED
2021-06-06T09:17:12.110-0500 [DEBUG] [org.apache.http.impl.execchain.MainClientExec] Connection can be kept alive indefinitely
2021-06-06T09:17:12.110-0500 [DEBUG] [org.apache.http.impl.conn.PoolingHttpClientConnectionManager] Connection [id: 1][route: {s}->https://dl.google.com:443] can be kept alive indefinitely
2021-06-06T09:17:12.110-0500 [DEBUG] [org.apache.http.impl.conn.DefaultManagedHttpClientConnection] http-outgoing-1: set socket timeout to 0
2021-06-06T09:17:12.111-0500 [DEBUG] [org.apache.http.impl.conn.PoolingHttpClientConnectionManager] Connection released: [id: 1][route: {s}->https://dl.google.com:443][total kept alive: 8; route allocated: 8 of 20; total allocated: 8 of 20]
2021-06-06T09:17:12.111-0500 [INFO] [org.gradle.internal.resource.transport.http.HttpClientHelper] Resource missing. [HTTP GET: https://dl.google.com/dl/android/maven2/com/google/errorprone/error_prone_parent/2.3.1/error_prone_parent-2.3.1.pom]
2021-06-06T09:17:12.111-0500 [DEBUG] [org.gradle.internal.operations.DefaultBuildOperationRunner] Build operation 'Download https://dl.google.com/dl/android/maven2/com/google/errorprone/error_prone_parent/2.3.1/error_prone_parent-2.3.1.pom' completed
2021-06-06T09:17:12.111-0500 [DEBUG] [org.gradle.api.internal.artifacts.repositories.resolver.ExternalResourceResolver] No meta-data file or artifact found for module 'com.google.errorprone:error_prone_parent:2.3.1' in repository 'Google'.
2021-06-06T09:17:12.111-0500 [DEBUG] [org.gradle.api.internal.artifacts.ivyservice.modulecache.PersistentModuleMetadataCache] Recording absence of module descriptor in cache: com.google.errorprone:error_prone_parent:2.3.1 [changing = false]
2021-06-06T09:17:12.112-0500 [DEBUG] [org.gradle.api.internal.artifacts.repositories.resolver.DefaultExternalResourceArtifactResolver] Loading https://repo.maven.apache.org/maven2/com/google/errorprone/error_prone_parent/2.3.1/error_prone_parent-2.3.1.pom
2021-06-06T09:17:12.112-0500 [DEBUG] [org.gradle.internal.resource.transfer.DefaultCacheAwareExternalResourceAccessor] Constructing external resource: https://repo.maven.apache.org/maven2/com/google/errorprone/error_prone_parent/2.3.1/error_prone_parent-2.3.1.pom
2021-06-06T09:17:12.113-0500 [DEBUG] [org.gradle.internal.resource.transport.http.HttpResourceAccessor] Constructing external resource: https://repo.maven.apache.org/maven2/com/google/errorprone/error_prone_parent/2.3.1/error_prone_parent-2.3.1.pom
2021-06-06T09:17:12.114-0500 [DEBUG] [org.gradle.internal.resource.transport.http.HttpClientHelper] Performing HTTP GET: https://repo.maven.apache.org/maven2/com/google/errorprone/error_prone_parent/2.3.1/error_prone_parent-2.3.1.pom
2021-06-06T09:17:12.114-0500 [DEBUG] [org.apache.http.client.protocol.RequestAddCookies] CookieSpec selected: default
2021-06-06T09:17:12.114-0500 [DEBUG] [org.apache.http.client.protocol.RequestAuthCache] Auth cache not set in the context
2021-06-06T09:17:12.114-0500 [DEBUG] [org.apache.http.impl.conn.PoolingHttpClientConnectionManager] Connection request: [route: {s}->https://repo.maven.apache.org:443][total kept alive: 7; route allocated: 8 of 20; total allocated: 8 of 20]
2021-06-06T09:17:12.114-0500 [DEBUG] [org.apache.http.impl.conn.PoolingHttpClientConnectionManager] Connection leased: [id: 10][route: {s}->https://repo.maven.apache.org:443][total kept alive: 6; route allocated: 8 of 20; total allocated: 8 of 20]
2021-06-06T09:17:12.114-0500 [DEBUG] [org.apache.http.impl.conn.DefaultManagedHttpClientConnection] http-outgoing-10: set socket timeout to 30000
2021-06-06T09:17:12.114-0500 [DEBUG] [org.apache.http.impl.conn.DefaultManagedHttpClientConnection] http-outgoing-10: set socket timeout to 30000
2021-06-06T09:17:12.115-0500 [DEBUG] [org.apache.http.impl.execchain.MainClientExec] Executing request GET /maven2/com/google/errorprone/error_prone_parent/2.3.1/error_prone_parent-2.3.1.pom HTTP/1.1
2021-06-06T09:17:12.115-0500 [DEBUG] [org.apache.http.impl.execchain.MainClientExec] Target auth state: UNCHALLENGED
2021-06-06T09:17:12.115-0500 [DEBUG] [org.apache.http.impl.execchain.MainClientExec] Proxy auth state: UNCHALLENGED
2021-06-06T09:17:12.116-0500 [DEBUG] [org.apache.http.impl.execchain.MainClientExec] Connection can be kept alive indefinitely
2021-06-06T09:17:12.116-0500 [DEBUG] [org.gradle.internal.resource.transport.http.HttpResponseResource] Attempting to download resource https://repo.maven.apache.org/maven2/com/google/auto/value/auto-value-parent/1.6.2/auto-value-parent-1.6.2.pom.
2021-06-06T09:17:12.118-0500 [INFO] [org.gradle.internal.resource.transfer.DefaultCacheAwareExternalResourceAccessor] Downloading https://repo.maven.apache.org/maven2/com/google/auto/value/auto-value-parent/1.6.2/auto-value-parent-1.6.2.pom to C:\Users\gathi\AppData\Local\Temp\gradle_download8613852943551238798bin
2021-06-06T09:17:12.119-0500 [DEBUG] [org.apache.http.impl.conn.PoolingHttpClientConnectionManager] Connection [id: 14][route: {s}->https://repo.maven.apache.org:443] can be kept alive indefinitely
2021-06-06T09:17:12.119-0500 [DEBUG] [org.apache.http.impl.conn.DefaultManagedHttpClientConnection] http-outgoing-14: set socket timeout to 0
2021-06-06T09:17:12.119-0500 [DEBUG] [org.apache.http.impl.conn.PoolingHttpClientConnectionManager] Connection released: [id: 14][route: {s}->https://repo.maven.apache.org:443][total kept alive: 7; route allocated: 8 of 20; total allocated: 8 of 20]
2021-06-06T09:17:12.120-0500 [DEBUG] [org.gradle.internal.operations.DefaultBuildOperationRunner] Build operation 'Download https://repo.maven.apache.org/maven2/com/google/auto/value/auto-value-parent/1.6.2/auto-value-parent-1.6.2.pom' completed
2021-06-06T09:17:12.129-0500 [DEBUG] [org.gradle.api.internal.artifacts.ivyservice.ivyresolve.RepositoryChainComponentMetaDataResolver] Attempting to resolve component for com.google.auto:auto-parent:6 using repositories [Google, MavenRepo]
2021-06-06T09:17:12.130-0500 [DEBUG] [org.gradle.api.internal.artifacts.repositories.resolver.DefaultExternalResourceArtifactResolver] Loading https://dl.google.com/dl/android/maven2/com/google/auto/auto-parent/6/auto-parent-6.pom
2021-06-06T09:17:12.130-0500 [DEBUG] [org.gradle.internal.resource.transfer.DefaultCacheAwareExternalResourceAccessor] Constructing external resource: https://dl.google.com/dl/android/maven2/com/google/auto/auto-parent/6/auto-parent-6.pom
2021-06-06T09:17:12.131-0500 [DEBUG] [org.gradle.internal.resource.transport.http.HttpResourceAccessor] Constructing external resource: https://dl.google.com/dl/android/maven2/com/google/auto/auto-parent/6/auto-parent-6.pom
2021-06-06T09:17:12.131-0500 [DEBUG] [org.gradle.internal.resource.transport.http.HttpClientHelper] Performing HTTP GET: https://dl.google.com/dl/android/maven2/com/google/auto/auto-parent/6/auto-parent-6.pom
2021-06-06T09:17:12.131-0500 [DEBUG] [org.apache.http.client.protocol.RequestAddCookies] CookieSpec selected: default
2021-06-06T09:17:12.132-0500 [DEBUG] [org.apache.http.client.protocol.RequestAuthCache] Auth cache not set in the context
2021-06-06T09:17:12.132-0500 [DEBUG] [org.apache.http.impl.conn.PoolingHttpClientConnectionManager] Connection request: [route: {s}->https://dl.google.com:443][total kept alive: 8; route allocated: 8 of 20; total allocated: 8 of 20]
2021-06-06T09:17:12.132-0500 [DEBUG] [org.apache.http.impl.conn.PoolingHttpClientConnectionManager] Connection leased: [id: 1][route: {s}->https://dl.google.com:443][total kept alive: 7; route allocated: 8 of 20; total allocated: 8 of 20]
2021-06-06T09:17:12.132-0500 [DEBUG] [org.apache.http.impl.conn.DefaultManagedHttpClientConnection] http-outgoing-1: set socket timeout to 30000
2021-06-06T09:17:12.132-0500 [DEBUG] [org.apache.http.impl.conn.DefaultManagedHttpClientConnection] http-outgoing-1: set socket timeout to 30000
2021-06-06T09:17:12.132-0500 [DEBUG] [org.apache.http.impl.execchain.MainClientExec] Executing request GET /dl/android/maven2/com/google/auto/auto-parent/6/auto-parent-6.pom HTTP/1.1
2021-06-06T09:17:12.132-0500 [DEBUG] [org.apache.http.impl.execchain.MainClientExec] Target auth state: UNCHALLENGED
2021-06-06T09:17:12.132-0500 [DEBUG] [org.apache.http.impl.execchain.MainClientExec] Proxy auth state: UNCHALLENGED
2021-06-06T09:17:12.133-0500 [DEBUG] [org.apache.http.impl.execchain.MainClientExec] Connection can be kept alive indefinitely
2021-06-06T09:17:12.134-0500 [DEBUG] [org.gradle.internal.resource.transport.http.HttpResponseResource] Attempting to download resource https://repo.maven.apache.org/maven2/com/google/errorprone/error_prone_parent/2.3.1/error_prone_parent-2.3.1.pom.
2021-06-06T09:17:12.136-0500 [INFO] [org.gradle.internal.resource.transfer.DefaultCacheAwareExternalResourceAccessor] Downloading https://repo.maven.apache.org/maven2/com/google/errorprone/error_prone_parent/2.3.1/error_prone_parent-2.3.1.pom to C:\Users\gathi\AppData\Local\Temp\gradle_download15419100136893900788bin
2021-06-06T09:17:12.137-0500 [DEBUG] [org.apache.http.impl.conn.PoolingHttpClientConnectionManager] Connection [id: 10][route: {s}->https://repo.maven.apache.org:443] can be kept alive indefinitely
2021-06-06T09:17:12.137-0500 [DEBUG] [org.apache.http.impl.conn.DefaultManagedHttpClientConnection] http-outgoing-10: set socket timeout to 0
2021-06-06T09:17:12.137-0500 [DEBUG] [org.apache.http.impl.conn.PoolingHttpClientConnectionManager] Connection released: [id: 10][route: {s}->https://repo.maven.apache.org:443][total kept alive: 8; route allocated: 8 of 20; total allocated: 8 of 20]
2021-06-06T09:17:12.138-0500 [DEBUG] [org.gradle.internal.operations.DefaultBuildOperationRunner] Build operation 'Download https://repo.maven.apache.org/maven2/com/google/errorprone/error_prone_parent/2.3.1/error_prone_parent-2.3.1.pom' completed
2021-06-06T09:17:12.148-0500 [DEBUG] [org.gradle.api.internal.artifacts.ivyservice.ivyresolve.RepositoryChainComponentMetaDataResolver] Attempting to resolve component for org.sonatype.oss:oss-parent:7 using repositories [Google, MavenRepo]
2021-06-06T09:17:12.148-0500 [DEBUG] [org.gradle.api.internal.artifacts.ivyservice.ivyresolve.CachingModuleComponentRepository] Detected non-existence of module 'org.sonatype.oss:oss-parent:7' in resolver cache 'Google'
2021-06-06T09:17:12.148-0500 [DEBUG] [org.gradle.api.internal.artifacts.ivyservice.ivyresolve.CachingModuleComponentRepository] Using cached module metadata for module 'org.sonatype.oss:oss-parent:7' in 'MavenRepo'
2021-06-06T09:17:12.149-0500 [DEBUG] [org.gradle.api.internal.artifacts.ivyservice.ivyresolve.RepositoryChainComponentMetaDataResolver] Using org.sonatype.oss:oss-parent:7 from Maven repository 'MavenRepo'
2021-06-06T09:17:12.149-0500 [DEBUG] [org.gradle.api.internal.artifacts.ivyservice.ivyresolve.CachingModuleComponentRepository] Found artifact 'oss-parent-7.pom (org.sonatype.oss:oss-parent:7)' in resolver cache: C:\Users\gathi\.gradle\caches\modules-2\files-2.1\org.sonatype.oss\oss-parent\7\46b8a785b60a2767095b8611613b58577e96d4c9\oss-parent-7.pom
2021-06-06T09:17:12.154-0500 [DEBUG] [org.gradle.api.internal.artifacts.repositories.resolver.ExternalResourceResolver] Metadata file found for module 'com.google.errorprone:error_prone_parent:2.3.1' in repository 'MavenRepo'.
2021-06-06T09:17:12.154-0500 [DEBUG] [org.gradle.api.internal.artifacts.ivyservice.modulecache.PersistentModuleMetadataCache] Recording module descriptor in cache: com.google.errorprone:error_prone_parent:2.3.1 [changing = false]
2021-06-06T09:17:12.159-0500 [DEBUG] [org.gradle.api.internal.artifacts.ivyservice.ivyresolve.RepositoryChainComponentMetaDataResolver] Using com.google.errorprone:error_prone_parent:2.3.1 from Maven repository 'MavenRepo'
2021-06-06T09:17:12.160-0500 [DEBUG] [org.gradle.api.internal.artifacts.repositories.resolver.DefaultExternalResourceArtifactResolver] Loading https://repo.maven.apache.org/maven2/com/google/errorprone/error_prone_parent/2.3.1/error_prone_parent-2.3.1.pom
2021-06-06T09:17:12.160-0500 [DEBUG] [org.gradle.internal.resource.transfer.DefaultCacheAwareExternalResourceAccessor] Constructing external resource: https://repo.maven.apache.org/maven2/com/google/errorprone/error_prone_parent/2.3.1/error_prone_parent-2.3.1.pom
2021-06-06T09:17:12.160-0500 [DEBUG] [org.gradle.api.internal.artifacts.ivyservice.ivyresolve.CachingModuleComponentRepository] Downloaded artifact 'error_prone_parent-2.3.1.pom (com.google.errorprone:error_prone_parent:2.3.1)' from resolver: MavenRepo
2021-06-06T09:17:12.165-0500 [DEBUG] [org.gradle.api.internal.artifacts.ivyservice.ivyresolve.RepositoryChainComponentMetaDataResolver] Attempting to resolve component for org.sonatype.oss:oss-parent:7 using repositories [Google, MavenRepo]
2021-06-06T09:17:12.165-0500 [DEBUG] [org.gradle.api.internal.artifacts.ivyservice.ivyresolve.CachingModuleComponentRepository] Detected non-existence of module 'org.sonatype.oss:oss-parent:7' in resolver cache 'Google'
2021-06-06T09:17:12.165-0500 [DEBUG] [org.gradle.api.internal.artifacts.ivyservice.ivyresolve.CachingModuleComponentRepository] Using cached module metadata for module 'org.sonatype.oss:oss-parent:7' in 'MavenRepo'
2021-06-06T09:17:12.165-0500 [DEBUG] [org.gradle.api.internal.artifacts.ivyservice.ivyresolve.RepositoryChainComponentMetaDataResolver] Using org.sonatype.oss:oss-parent:7 from Maven repository 'MavenRepo'
2021-06-06T09:17:12.165-0500 [DEBUG] [org.gradle.api.internal.artifacts.ivyservice.ivyresolve.CachingModuleComponentRepository] Found artifact 'oss-parent-7.pom (org.sonatype.oss:oss-parent:7)' in resolver cache: C:\Users\gathi\.gradle\caches\modules-2\files-2.1\org.sonatype.oss\oss-parent\7\46b8a785b60a2767095b8611613b58577e96d4c9\oss-parent-7.pom
2021-06-06T09:17:12.170-0500 [DEBUG] [org.gradle.api.internal.artifacts.repositories.resolver.ExternalResourceResolver] Metadata file found for module 'com.google.errorprone:error_prone_annotations:2.3.1' in repository 'MavenRepo'.
2021-06-06T09:17:12.170-0500 [DEBUG] [org.gradle.api.internal.artifacts.ivyservice.modulecache.PersistentModuleMetadataCache] Recording module descriptor in cache: com.google.errorprone:error_prone_annotations:2.3.1 [changing = false]
2021-06-06T09:17:12.180-0500 [DEBUG] [org.apache.http.impl.execchain.MainClientExec] Connection can be kept alive indefinitely
2021-06-06T09:17:12.181-0500 [DEBUG] [org.apache.http.impl.conn.PoolingHttpClientConnectionManager] Connection [id: 1][route: {s}->https://dl.google.com:443] can be kept alive indefinitely
2021-06-06T09:17:12.181-0500 [DEBUG] [org.apache.http.impl.conn.DefaultManagedHttpClientConnection] http-outgoing-1: set socket timeout to 0
2021-06-06T09:17:12.181-0500 [DEBUG] [org.apache.http.impl.conn.PoolingHttpClientConnectionManager] Connection released: [id: 1][route: {s}->https://dl.google.com:443][total kept alive: 8; route allocated: 8 of 20; total allocated: 8 of 20]
2021-06-06T09:17:12.181-0500 [INFO] [org.gradle.internal.resource.transport.http.HttpClientHelper] Resource missing. [HTTP GET: https://dl.google.com/dl/android/maven2/com/google/auto/auto-parent/6/auto-parent-6.pom]
2021-06-06T09:17:12.181-0500 [DEBUG] [org.gradle.internal.operations.DefaultBuildOperationRunner] Build operation 'Download https://dl.google.com/dl/android/maven2/com/google/auto/auto-parent/6/auto-parent-6.pom' completed
2021-06-06T09:17:12.181-0500 [DEBUG] [org.gradle.api.internal.artifacts.repositories.resolver.ExternalResourceResolver] No meta-data file or artifact found for module 'com.google.auto:auto-parent:6' in repository 'Google'.
2021-06-06T09:17:12.181-0500 [DEBUG] [org.gradle.api.internal.artifacts.ivyservice.modulecache.PersistentModuleMetadataCache] Recording absence of module descriptor in cache: com.google.auto:auto-parent:6 [changing = false]
2021-06-06T09:17:12.183-0500 [DEBUG] [org.gradle.api.internal.artifacts.ivyservice.ivyresolve.RepositoryChainComponentMetaDataResolver] Using com.google.errorprone:error_prone_annotations:2.3.1 from Maven repository 'MavenRepo'
2021-06-06T09:17:12.183-0500 [DEBUG] [org.gradle.api.internal.artifacts.repositories.resolver.DefaultExternalResourceArtifactResolver] Loading https://repo.maven.apache.org/maven2/com/google/auto/auto-parent/6/auto-parent-6.pom
2021-06-06T09:17:12.183-0500 [DEBUG] [org.gradle.internal.resource.transfer.DefaultCacheAwareExternalResourceAccessor] Constructing external resource: https://repo.maven.apache.org/maven2/com/google/auto/auto-parent/6/auto-parent-6.pom
2021-06-06T09:17:12.185-0500 [DEBUG] [org.gradle.internal.resource.transport.http.HttpResourceAccessor] Constructing external resource: https://repo.maven.apache.org/maven2/com/google/auto/auto-parent/6/auto-parent-6.pom
2021-06-06T09:17:12.185-0500 [DEBUG] [org.gradle.internal.resource.transport.http.HttpClientHelper] Performing HTTP GET: https://repo.maven.apache.org/maven2/com/google/auto/auto-parent/6/auto-parent-6.pom
2021-06-06T09:17:12.185-0500 [DEBUG] [org.apache.http.client.protocol.RequestAddCookies] CookieSpec selected: default
2021-06-06T09:17:12.185-0500 [DEBUG] [org.apache.http.client.protocol.RequestAuthCache] Auth cache not set in the context
2021-06-06T09:17:12.185-0500 [DEBUG] [org.apache.http.impl.conn.PoolingHttpClientConnectionManager] Connection request: [route: {s}->https://repo.maven.apache.org:443][total kept alive: 8; route allocated: 8 of 20; total allocated: 8 of 20]
2021-06-06T09:17:12.186-0500 [DEBUG] [org.apache.http.impl.conn.PoolingHttpClientConnectionManager] Connection leased: [id: 10][route: {s}->https://repo.maven.apache.org:443][total kept alive: 7; route allocated: 8 of 20; total allocated: 8 of 20]
2021-06-06T09:17:12.186-0500 [DEBUG] [org.apache.http.impl.conn.DefaultManagedHttpClientConnection] http-outgoing-10: set socket timeout to 30000
2021-06-06T09:17:12.186-0500 [DEBUG] [org.apache.http.impl.conn.DefaultManagedHttpClientConnection] http-outgoing-10: set socket timeout to 30000
2021-06-06T09:17:12.186-0500 [DEBUG] [org.apache.http.impl.execchain.MainClientExec] Executing request GET /maven2/com/google/auto/auto-parent/6/auto-parent-6.pom HTTP/1.1
2021-06-06T09:17:12.186-0500 [DEBUG] [org.apache.http.impl.execchain.MainClientExec] Target auth state: UNCHALLENGED
2021-06-06T09:17:12.186-0500 [DEBUG] [org.apache.http.impl.execchain.MainClientExec] Proxy auth state: UNCHALLENGED
2021-06-06T09:17:12.204-0500 [DEBUG] [org.apache.http.impl.execchain.MainClientExec] Connection can be kept alive indefinitely
2021-06-06T09:17:12.205-0500 [DEBUG] [org.gradle.internal.resource.transport.http.HttpResponseResource] Attempting to download resource https://repo.maven.apache.org/maven2/com/google/auto/auto-parent/6/auto-parent-6.pom.
2021-06-06T09:17:12.206-0500 [INFO] [org.gradle.internal.resource.transfer.DefaultCacheAwareExternalResourceAccessor] Downloading https://repo.maven.apache.org/maven2/com/google/auto/auto-parent/6/auto-parent-6.pom to C:\Users\gathi\AppData\Local\Temp\gradle_download1566189279608985054bin
2021-06-06T09:17:12.208-0500 [DEBUG] [org.apache.http.impl.conn.PoolingHttpClientConnectionManager] Connection [id: 10][route: {s}->https://repo.maven.apache.org:443] can be kept alive indefinitely
2021-06-06T09:17:12.208-0500 [DEBUG] [org.apache.http.impl.conn.DefaultManagedHttpClientConnection] http-outgoing-10: set socket timeout to 0
2021-06-06T09:17:12.208-0500 [DEBUG] [org.apache.http.impl.conn.PoolingHttpClientConnectionManager] Connection released: [id: 10][route: {s}->https://repo.maven.apache.org:443][total kept alive: 8; route allocated: 8 of 20; total allocated: 8 of 20]
2021-06-06T09:17:12.209-0500 [DEBUG] [org.gradle.internal.operations.DefaultBuildOperationRunner] Build operation 'Download https://repo.maven.apache.org/maven2/com/google/auto/auto-parent/6/auto-parent-6.pom' completed
2021-06-06T09:17:12.218-0500 [DEBUG] [org.gradle.api.internal.artifacts.ivyservice.ivyresolve.RepositoryChainComponentMetaDataResolver] Attempting to resolve component for org.sonatype.oss:oss-parent:7 using repositories [Google, MavenRepo]
2021-06-06T09:17:12.219-0500 [DEBUG] [org.gradle.api.internal.artifacts.ivyservice.ivyresolve.CachingModuleComponentRepository] Detected non-existence of module 'org.sonatype.oss:oss-parent:7' in resolver cache 'Google'
2021-06-06T09:17:12.219-0500 [DEBUG] [org.gradle.api.internal.artifacts.ivyservice.ivyresolve.CachingModuleComponentRepository] Using cached module metadata for module 'org.sonatype.oss:oss-parent:7' in 'MavenRepo'
2021-06-06T09:17:12.219-0500 [DEBUG] [org.gradle.api.internal.artifacts.ivyservice.ivyresolve.RepositoryChainComponentMetaDataResolver] Using org.sonatype.oss:oss-parent:7 from Maven repository 'MavenRepo'
2021-06-06T09:17:12.219-0500 [DEBUG] [org.gradle.api.internal.artifacts.ivyservice.ivyresolve.CachingModuleComponentRepository] Found artifact 'oss-parent-7.pom (org.sonatype.oss:oss-parent:7)' in resolver cache: C:\Users\gathi\.gradle\caches\modules-2\files-2.1\org.sonatype.oss\oss-parent\7\46b8a785b60a2767095b8611613b58577e96d4c9\oss-parent-7.pom
2021-06-06T09:17:12.224-0500 [DEBUG] [org.gradle.api.internal.artifacts.repositories.resolver.ExternalResourceResolver] Metadata file found for module 'com.google.auto:auto-parent:6' in repository 'MavenRepo'.
2021-06-06T09:17:12.224-0500 [DEBUG] [org.gradle.api.internal.artifacts.ivyservice.modulecache.PersistentModuleMetadataCache] Recording module descriptor in cache: com.google.auto:auto-parent:6 [changing = false]
2021-06-06T09:17:12.229-0500 [DEBUG] [org.gradle.api.internal.artifacts.ivyservice.ivyresolve.RepositoryChainComponentMetaDataResolver] Using com.google.auto:auto-parent:6 from Maven repository 'MavenRepo'
2021-06-06T09:17:12.230-0500 [DEBUG] [org.gradle.api.internal.artifacts.repositories.resolver.DefaultExternalResourceArtifactResolver] Loading https://repo.maven.apache.org/maven2/com/google/auto/auto-parent/6/auto-parent-6.pom
2021-06-06T09:17:12.230-0500 [DEBUG] [org.gradle.internal.resource.transfer.DefaultCacheAwareExternalResourceAccessor] Constructing external resource: https://repo.maven.apache.org/maven2/com/google/auto/auto-parent/6/auto-parent-6.pom
2021-06-06T09:17:12.230-0500 [DEBUG] [org.gradle.api.internal.artifacts.ivyservice.ivyresolve.CachingModuleComponentRepository] Downloaded artifact 'auto-parent-6.pom (com.google.auto:auto-parent:6)' from resolver: MavenRepo
2021-06-06T09:17:12.235-0500 [DEBUG] [org.gradle.api.internal.artifacts.ivyservice.ivyresolve.RepositoryChainComponentMetaDataResolver] Attempting to resolve component for org.sonatype.oss:oss-parent:7 using repositories [Google, MavenRepo]
2021-06-06T09:17:12.235-0500 [DEBUG] [org.gradle.api.internal.artifacts.ivyservice.ivyresolve.CachingModuleComponentRepository] Detected non-existence of module 'org.sonatype.oss:oss-parent:7' in resolver cache 'Google'
2021-06-06T09:17:12.235-0500 [DEBUG] [org.gradle.api.internal.artifacts.ivyservice.ivyresolve.CachingModuleComponentRepository] Using cached module metadata for module 'org.sonatype.oss:oss-parent:7' in 'MavenRepo'
2021-06-06T09:17:12.235-0500 [DEBUG] [org.gradle.api.internal.artifacts.ivyservice.ivyresolve.RepositoryChainComponentMetaDataResolver] Using org.sonatype.oss:oss-parent:7 from Maven repository 'MavenRepo'
2021-06-06T09:17:12.236-0500 [DEBUG] [org.gradle.api.internal.artifacts.ivyservice.ivyresolve.CachingModuleComponentRepository] Found artifact 'oss-parent-7.pom (org.sonatype.oss:oss-parent:7)' in resolver cache: C:\Users\gathi\.gradle\caches\modules-2\files-2.1\org.sonatype.oss\oss-parent\7\46b8a785b60a2767095b8611613b58577e96d4c9\oss-parent-7.pom
2021-06-06T09:17:12.241-0500 [DEBUG] [org.gradle.api.internal.artifacts.repositories.resolver.ExternalResourceResolver] Metadata file found for module 'com.google.auto.value:auto-value-parent:1.6.2' in repository 'MavenRepo'.
2021-06-06T09:17:12.241-0500 [DEBUG] [org.gradle.api.internal.artifacts.ivyservice.modulecache.PersistentModuleMetadataCache] Recording module descriptor in cache: com.google.auto.value:auto-value-parent:1.6.2 [changing = false]
2021-06-06T09:17:12.249-0500 [DEBUG] [org.gradle.api.internal.artifacts.ivyservice.ivyresolve.RepositoryChainComponentMetaDataResolver] Using com.google.auto.value:auto-value-parent:1.6.2 from Maven repository 'MavenRepo'
2021-06-06T09:17:12.250-0500 [DEBUG] [org.gradle.api.internal.artifacts.repositories.resolver.DefaultExternalResourceArtifactResolver] Loading https://repo.maven.apache.org/maven2/com/google/auto/value/auto-value-parent/1.6.2/auto-value-parent-1.6.2.pom
2021-06-06T09:17:12.250-0500 [DEBUG] [org.gradle.internal.resource.transfer.DefaultCacheAwareExternalResourceAccessor] Constructing external resource: https://repo.maven.apache.org/maven2/com/google/auto/value/auto-value-parent/1.6.2/auto-value-parent-1.6.2.pom
2021-06-06T09:17:12.250-0500 [DEBUG] [org.gradle.api.internal.artifacts.ivyservice.ivyresolve.CachingModuleComponentRepository] Downloaded artifact 'auto-value-parent-1.6.2.pom (com.google.auto.value:auto-value-parent:1.6.2)' from resolver: MavenRepo
2021-06-06T09:17:12.258-0500 [DEBUG] [org.gradle.api.internal.artifacts.ivyservice.ivyresolve.RepositoryChainComponentMetaDataResolver] Attempting to resolve component for com.google.auto:auto-parent:6 using repositories [Google, MavenRepo]
2021-06-06T09:17:12.259-0500 [DEBUG] [org.gradle.api.internal.artifacts.ivyservice.ivyresolve.CachingModuleComponentRepository] Detected non-existence of module 'com.google.auto:auto-parent:6' in resolver cache 'Google'
2021-06-06T09:17:12.259-0500 [DEBUG] [org.gradle.api.internal.artifacts.ivyservice.ivyresolve.CachingModuleComponentRepository] Using cached module metadata for module 'com.google.auto:auto-parent:6' in 'MavenRepo'
2021-06-06T09:17:12.259-0500 [DEBUG] [org.gradle.api.internal.artifacts.ivyservice.ivyresolve.RepositoryChainComponentMetaDataResolver] Using com.google.auto:auto-parent:6 from Maven repository 'MavenRepo'
2021-06-06T09:17:12.259-0500 [DEBUG] [org.gradle.api.internal.artifacts.ivyservice.ivyresolve.CachingModuleComponentRepository] Found artifact 'auto-parent-6.pom (com.google.auto:auto-parent:6)' in resolver cache: C:\Users\gathi\.gradle\caches\modules-2\files-2.1\com.google.auto\auto-parent\6\f29db646babbca0049636b6724613035bbcedff\auto-parent-6.pom
2021-06-06T09:17:12.262-0500 [DEBUG] [org.gradle.api.internal.artifacts.ivyservice.ivyresolve.RepositoryChainComponentMetaDataResolver] Attempting to resolve component for org.sonatype.oss:oss-parent:7 using repositories [Google, MavenRepo]
2021-06-06T09:17:12.262-0500 [DEBUG] [org.gradle.api.internal.artifacts.ivyservice.ivyresolve.CachingModuleComponentRepository] Detected non-existence of module 'org.sonatype.oss:oss-parent:7' in resolver cache 'Google'
2021-06-06T09:17:12.262-0500 [DEBUG] [org.gradle.api.internal.artifacts.ivyservice.ivyresolve.CachingModuleComponentRepository] Using cached module metadata for module 'org.sonatype.oss:oss-parent:7' in 'MavenRepo'
2021-06-06T09:17:12.263-0500 [DEBUG] [org.gradle.api.internal.artifacts.ivyservice.ivyresolve.RepositoryChainComponentMetaDataResolver] Using org.sonatype.oss:oss-parent:7 from Maven repository 'MavenRepo'
2021-06-06T09:17:12.263-0500 [DEBUG] [org.gradle.api.internal.artifacts.ivyservice.ivyresolve.CachingModuleComponentRepository] Found artifact 'oss-parent-7.pom (org.sonatype.oss:oss-parent:7)' in resolver cache: C:\Users\gathi\.gradle\caches\modules-2\files-2.1\org.sonatype.oss\oss-parent\7\46b8a785b60a2767095b8611613b58577e96d4c9\oss-parent-7.pom
2021-06-06T09:17:12.269-0500 [DEBUG] [org.gradle.api.internal.artifacts.repositories.resolver.ExternalResourceResolver] Metadata file found for module 'com.google.auto.value:auto-value-annotations:1.6.2' in repository 'MavenRepo'.
2021-06-06T09:17:12.269-0500 [DEBUG] [org.gradle.api.internal.artifacts.ivyservice.modulecache.PersistentModuleMetadataCache] Recording module descriptor in cache: com.google.auto.value:auto-value-annotations:1.6.2 [changing = false]
2021-06-06T09:17:12.276-0500 [DEBUG] [org.gradle.api.internal.artifacts.ivyservice.ivyresolve.RepositoryChainComponentMetaDataResolver] Using com.google.auto.value:auto-value-annotations:1.6.2 from Maven repository 'MavenRepo'
2021-06-06T09:17:12.276-0500 [DEBUG] [org.gradle.internal.operations.DefaultBuildOperationRunner] Build operation 'Resolve com.google.auto.value:auto-value-annotations:1.6.2' completed
2021-06-06T09:17:12.276-0500 [DEBUG] [org.gradle.internal.work.DefaultWorkerLeaseService] Worker lease root.1.50.51 completed (1 worker(s) in use)
2021-06-06T09:17:12.276-0500 [DEBUG] [org.gradle.internal.resources.AbstractTrackedResourceLock] Daemon worker: released lock on root.1.50.51
2021-06-06T09:17:12.278-0500 [DEBUG] [org.gradle.api.internal.artifacts.ivyservice.resolveengine.graph.builder.DependencyGraphBuilder] Visiting configuration com.android.tools.build.jetifier:jetifier-core:1.0.0-beta09(runtime).
2021-06-06T09:17:12.280-0500 [DEBUG] [org.gradle.api.internal.artifacts.ivyservice.resolveengine.graph.builder.DependencyGraphBuilder] Visiting configuration com.android.tools.build.jetifier:jetifier-processor:1.0.0-beta09(runtime).
2021-06-06T09:17:12.281-0500 [DEBUG] [org.gradle.api.internal.artifacts.ivyservice.ivyresolve.RepositoryChainComponentMetaDataResolver] Attempting to resolve component for org.jdom:jdom2:2.0.6 using repositories [Google, MavenRepo]
2021-06-06T09:17:12.282-0500 [DEBUG] [org.gradle.api.internal.artifacts.repositories.resolver.DefaultExternalResourceArtifactResolver] Loading https://dl.google.com/dl/android/maven2/org/jdom/jdom2/2.0.6/jdom2-2.0.6.pom
2021-06-06T09:17:12.282-0500 [DEBUG] [org.gradle.internal.resource.transfer.DefaultCacheAwareExternalResourceAccessor] Constructing external resource: https://dl.google.com/dl/android/maven2/org/jdom/jdom2/2.0.6/jdom2-2.0.6.pom
2021-06-06T09:17:12.284-0500 [DEBUG] [org.gradle.internal.resource.transport.http.HttpResourceAccessor] Constructing external resource metadata: https://dl.google.com/dl/android/maven2/org/jdom/jdom2/2.0.6/jdom2-2.0.6.pom
2021-06-06T09:17:12.284-0500 [DEBUG] [org.gradle.internal.resource.transport.http.HttpClientHelper] Performing HTTP HEAD: https://dl.google.com/dl/android/maven2/org/jdom/jdom2/2.0.6/jdom2-2.0.6.pom
2021-06-06T09:17:12.284-0500 [DEBUG] [org.apache.http.client.protocol.RequestAddCookies] CookieSpec selected: default
2021-06-06T09:17:12.285-0500 [DEBUG] [org.apache.http.client.protocol.RequestAuthCache] Auth cache not set in the context
2021-06-06T09:17:12.285-0500 [DEBUG] [org.apache.http.impl.conn.PoolingHttpClientConnectionManager] Connection request: [route: {s}->https://dl.google.com:443][total kept alive: 8; route allocated: 8 of 20; total allocated: 8 of 20]
2021-06-06T09:17:12.285-0500 [DEBUG] [org.apache.http.impl.conn.PoolingHttpClientConnectionManager] Connection leased: [id: 1][route: {s}->https://dl.google.com:443][total kept alive: 7; route allocated: 8 of 20; total allocated: 8 of 20]
2021-06-06T09:17:12.285-0500 [DEBUG] [org.apache.http.impl.conn.DefaultManagedHttpClientConnection] http-outgoing-1: set socket timeout to 30000
2021-06-06T09:17:12.285-0500 [DEBUG] [org.apache.http.impl.conn.DefaultManagedHttpClientConnection] http-outgoing-1: set socket timeout to 30000
2021-06-06T09:17:12.285-0500 [DEBUG] [org.apache.http.impl.execchain.MainClientExec] Executing request HEAD /dl/android/maven2/org/jdom/jdom2/2.0.6/jdom2-2.0.6.pom HTTP/1.1
2021-06-06T09:17:12.285-0500 [DEBUG] [org.apache.http.impl.execchain.MainClientExec] Target auth state: UNCHALLENGED
2021-06-06T09:17:12.285-0500 [DEBUG] [org.apache.http.impl.execchain.MainClientExec] Proxy auth state: UNCHALLENGED
2021-06-06T09:17:12.328-0500 [DEBUG] [org.apache.http.impl.execchain.MainClientExec] Connection can be kept alive indefinitely
2021-06-06T09:17:12.329-0500 [DEBUG] [org.apache.http.impl.conn.PoolingHttpClientConnectionManager] Connection [id: 1][route: {s}->https://dl.google.com:443] can be kept alive indefinitely
2021-06-06T09:17:12.329-0500 [DEBUG] [org.apache.http.impl.conn.DefaultManagedHttpClientConnection] http-outgoing-1: set socket timeout to 0
2021-06-06T09:17:12.329-0500 [DEBUG] [org.apache.http.impl.conn.PoolingHttpClientConnectionManager] Connection released: [id: 1][route: {s}->https://dl.google.com:443][total kept alive: 8; route allocated: 8 of 20; total allocated: 8 of 20]
2021-06-06T09:17:12.329-0500 [INFO] [org.gradle.internal.resource.transport.http.HttpClientHelper] Resource missing. [HTTP HEAD: https://dl.google.com/dl/android/maven2/org/jdom/jdom2/2.0.6/jdom2-2.0.6.pom]
2021-06-06T09:17:12.329-0500 [DEBUG] [org.gradle.internal.operations.DefaultBuildOperationRunner] Build operation 'Metadata of https://dl.google.com/dl/android/maven2/org/jdom/jdom2/2.0.6/jdom2-2.0.6.pom' completed
2021-06-06T09:17:12.329-0500 [DEBUG] [org.gradle.api.internal.artifacts.repositories.resolver.ExternalResourceResolver] No meta-data file or artifact found for module 'org.jdom:jdom2:2.0.6' in repository 'Google'.
2021-06-06T09:17:12.330-0500 [DEBUG] [org.gradle.api.internal.artifacts.ivyservice.modulecache.PersistentModuleMetadataCache] Recording absence of module descriptor in cache: org.jdom:jdom2:2.0.6 [changing = false]
2021-06-06T09:17:12.330-0500 [DEBUG] [org.gradle.api.internal.artifacts.repositories.resolver.DefaultExternalResourceArtifactResolver] Loading https://repo.maven.apache.org/maven2/org/jdom/jdom2/2.0.6/jdom2-2.0.6.pom
2021-06-06T09:17:12.330-0500 [DEBUG] [org.gradle.internal.resource.transfer.DefaultCacheAwareExternalResourceAccessor] Constructing external resource: https://repo.maven.apache.org/maven2/org/jdom/jdom2/2.0.6/jdom2-2.0.6.pom
2021-06-06T09:17:12.332-0500 [DEBUG] [org.gradle.internal.resource.transport.http.HttpResourceAccessor] Constructing external resource metadata: https://repo.maven.apache.org/maven2/org/jdom/jdom2/2.0.6/jdom2-2.0.6.pom
2021-06-06T09:17:12.332-0500 [DEBUG] [org.gradle.internal.resource.transport.http.HttpClientHelper] Performing HTTP HEAD: https://repo.maven.apache.org/maven2/org/jdom/jdom2/2.0.6/jdom2-2.0.6.pom
2021-06-06T09:17:12.332-0500 [DEBUG] [org.apache.http.client.protocol.RequestAddCookies] CookieSpec selected: default
2021-06-06T09:17:12.333-0500 [DEBUG] [org.apache.http.client.protocol.RequestAuthCache] Auth cache not set in the context
2021-06-06T09:17:12.333-0500 [DEBUG] [org.apache.http.impl.conn.PoolingHttpClientConnectionManager] Connection request: [route: {s}->https://repo.maven.apache.org:443][total kept alive: 8; route allocated: 8 of 20; total allocated: 8 of 20]
2021-06-06T09:17:12.333-0500 [DEBUG] [org.apache.http.impl.conn.PoolingHttpClientConnectionManager] Connection leased: [id: 10][route: {s}->https://repo.maven.apache.org:443][total kept alive: 7; route allocated: 8 of 20; total allocated: 8 of 20]
2021-06-06T09:17:12.333-0500 [DEBUG] [org.apache.http.impl.conn.DefaultManagedHttpClientConnection] http-outgoing-10: set socket timeout to 30000
2021-06-06T09:17:12.333-0500 [DEBUG] [org.apache.http.impl.conn.DefaultManagedHttpClientConnection] http-outgoing-10: set socket timeout to 30000
2021-06-06T09:17:12.333-0500 [DEBUG] [org.apache.http.impl.execchain.MainClientExec] Executing request HEAD /maven2/org/jdom/jdom2/2.0.6/jdom2-2.0.6.pom HTTP/1.1
2021-06-06T09:17:12.333-0500 [DEBUG] [org.apache.http.impl.execchain.MainClientExec] Target auth state: UNCHALLENGED
2021-06-06T09:17:12.333-0500 [DEBUG] [org.apache.http.impl.execchain.MainClientExec] Proxy auth state: UNCHALLENGED
2021-06-06T09:17:12.350-0500 [DEBUG] [org.apache.http.impl.execchain.MainClientExec] Connection can be kept alive indefinitely
2021-06-06T09:17:12.350-0500 [DEBUG] [org.apache.http.impl.conn.PoolingHttpClientConnectionManager] Connection [id: 10][route: {s}->https://repo.maven.apache.org:443] can be kept alive indefinitely
2021-06-06T09:17:12.351-0500 [DEBUG] [org.apache.http.impl.conn.DefaultManagedHttpClientConnection] http-outgoing-10: set socket timeout to 0
2021-06-06T09:17:12.351-0500 [DEBUG] [org.apache.http.impl.conn.PoolingHttpClientConnectionManager] Connection released: [id: 10][route: {s}->https://repo.maven.apache.org:443][total kept alive: 8; route allocated: 8 of 20; total allocated: 8 of 20]
2021-06-06T09:17:12.351-0500 [DEBUG] [org.gradle.internal.operations.DefaultBuildOperationRunner] Build operation 'Metadata of https://repo.maven.apache.org/maven2/org/jdom/jdom2/2.0.6/jdom2-2.0.6.pom' completed
2021-06-06T09:17:12.353-0500 [INFO] [org.gradle.internal.resource.transfer.DefaultCacheAwareExternalResourceAccessor] Found locally available resource with matching checksum: [https://repo.maven.apache.org/maven2/org/jdom/jdom2/2.0.6/jdom2-2.0.6.pom, C:\Users\gathi\.m2\repository\org\jdom\jdom2\2.0.6\jdom2-2.0.6.pom]
2021-06-06T09:17:12.366-0500 [DEBUG] [org.gradle.api.internal.artifacts.repositories.resolver.ExternalResourceResolver] Metadata file found for module 'org.jdom:jdom2:2.0.6' in repository 'MavenRepo'.
2021-06-06T09:17:12.366-0500 [DEBUG] [org.gradle.api.internal.artifacts.ivyservice.modulecache.PersistentModuleMetadataCache] Recording module descriptor in cache: org.jdom:jdom2:2.0.6 [changing = false]
2021-06-06T09:17:12.371-0500 [DEBUG] [org.gradle.api.internal.artifacts.ivyservice.ivyresolve.RepositoryChainComponentMetaDataResolver] Using org.jdom:jdom2:2.0.6 from Maven repository 'MavenRepo'
2021-06-06T09:17:12.372-0500 [DEBUG] [org.gradle.api.internal.artifacts.ivyservice.resolveengine.graph.builder.DependencyGraphBuilder] Visiting configuration com.squareup:javapoet:1.10.0(runtime).
2021-06-06T09:17:12.372-0500 [DEBUG] [org.gradle.api.internal.artifacts.ivyservice.resolveengine.graph.builder.DependencyGraphBuilder] Visiting configuration com.google.protobuf:protobuf-java:3.10.0(runtime).
2021-06-06T09:17:12.372-0500 [DEBUG] [org.gradle.api.internal.artifacts.ivyservice.resolveengine.graph.builder.DependencyGraphBuilder] Visiting configuration com.google.protobuf:protobuf-java-util:3.10.0(runtime).
2021-06-06T09:17:12.374-0500 [DEBUG] [org.gradle.api.internal.artifacts.ivyservice.ivyresolve.RepositoryChainComponentMetaDataResolver] Attempting to resolve component for com.google.errorprone:error_prone_annotations:2.3.2 using repositories [Google, MavenRepo]
2021-06-06T09:17:12.374-0500 [DEBUG] [org.gradle.api.internal.artifacts.repositories.resolver.DefaultExternalResourceArtifactResolver] Loading https://dl.google.com/dl/android/maven2/com/google/errorprone/error_prone_annotations/2.3.2/error_prone_annotations-2.3.2.pom
2021-06-06T09:17:12.374-0500 [DEBUG] [org.gradle.internal.resource.transfer.DefaultCacheAwareExternalResourceAccessor] Constructing external resource: https://dl.google.com/dl/android/maven2/com/google/errorprone/error_prone_annotations/2.3.2/error_prone_annotations-2.3.2.pom
2021-06-06T09:17:12.376-0500 [DEBUG] [org.gradle.internal.resource.transport.http.HttpResourceAccessor] Constructing external resource: https://dl.google.com/dl/android/maven2/com/google/errorprone/error_prone_annotations/2.3.2/error_prone_annotations-2.3.2.pom
2021-06-06T09:17:12.376-0500 [DEBUG] [org.gradle.internal.resource.transport.http.HttpClientHelper] Performing HTTP GET: https://dl.google.com/dl/android/maven2/com/google/errorprone/error_prone_annotations/2.3.2/error_prone_annotations-2.3.2.pom
2021-06-06T09:17:12.376-0500 [DEBUG] [org.apache.http.client.protocol.RequestAddCookies] CookieSpec selected: default
2021-06-06T09:17:12.376-0500 [DEBUG] [org.apache.http.client.protocol.RequestAuthCache] Auth cache not set in the context
2021-06-06T09:17:12.377-0500 [DEBUG] [org.apache.http.impl.conn.PoolingHttpClientConnectionManager] Connection request: [route: {s}->https://dl.google.com:443][total kept alive: 8; route allocated: 8 of 20; total allocated: 8 of 20]
2021-06-06T09:17:12.377-0500 [DEBUG] [org.apache.http.impl.conn.PoolingHttpClientConnectionManager] Connection leased: [id: 1][route: {s}->https://dl.google.com:443][total kept alive: 7; route allocated: 8 of 20; total allocated: 8 of 20]
2021-06-06T09:17:12.377-0500 [DEBUG] [org.apache.http.impl.conn.DefaultManagedHttpClientConnection] http-outgoing-1: set socket timeout to 30000
2021-06-06T09:17:12.377-0500 [DEBUG] [org.apache.http.impl.conn.DefaultManagedHttpClientConnection] http-outgoing-1: set socket timeout to 30000
2021-06-06T09:17:12.377-0500 [DEBUG] [org.apache.http.impl.execchain.MainClientExec] Executing request GET /dl/android/maven2/com/google/errorprone/error_prone_annotations/2.3.2/error_prone_annotations-2.3.2.pom HTTP/1.1
2021-06-06T09:17:12.377-0500 [DEBUG] [org.apache.http.impl.execchain.MainClientExec] Target auth state: UNCHALLENGED
2021-06-06T09:17:12.377-0500 [DEBUG] [org.apache.http.impl.execchain.MainClientExec] Proxy auth state: UNCHALLENGED
2021-06-06T09:17:12.419-0500 [DEBUG] [org.apache.http.impl.execchain.MainClientExec] Connection can be kept alive indefinitely
2021-06-06T09:17:12.419-0500 [DEBUG] [org.apache.http.impl.conn.PoolingHttpClientConnectionManager] Connection [id: 1][route: {s}->https://dl.google.com:443] can be kept alive indefinitely
2021-06-06T09:17:12.419-0500 [DEBUG] [org.apache.http.impl.conn.DefaultManagedHttpClientConnection] http-outgoing-1: set socket timeout to 0
2021-06-06T09:17:12.419-0500 [DEBUG] [org.apache.http.impl.conn.PoolingHttpClientConnectionManager] Connection released: [id: 1][route: {s}->https://dl.google.com:443][total kept alive: 8; route allocated: 8 of 20; total allocated: 8 of 20]
2021-06-06T09:17:12.419-0500 [INFO] [org.gradle.internal.resource.transport.http.HttpClientHelper] Resource missing. [HTTP GET: https://dl.google.com/dl/android/maven2/com/google/errorprone/error_prone_annotations/2.3.2/error_prone_annotations-2.3.2.pom]
2021-06-06T09:17:12.419-0500 [DEBUG] [org.gradle.internal.operations.DefaultBuildOperationRunner] Build operation 'Download https://dl.google.com/dl/android/maven2/com/google/errorprone/error_prone_annotations/2.3.2/error_prone_annotations-2.3.2.pom' completed
2021-06-06T09:17:12.420-0500 [DEBUG] [org.gradle.api.internal.artifacts.repositories.resolver.ExternalResourceResolver] No meta-data file or artifact found for module 'com.google.errorprone:error_prone_annotations:2.3.2' in repository 'Google'.
2021-06-06T09:17:12.420-0500 [DEBUG] [org.gradle.api.internal.artifacts.ivyservice.modulecache.PersistentModuleMetadataCache] Recording absence of module descriptor in cache: com.google.errorprone:error_prone_annotations:2.3.2 [changing = false]
2021-06-06T09:17:12.420-0500 [DEBUG] [org.gradle.api.internal.artifacts.repositories.resolver.DefaultExternalResourceArtifactResolver] Loading https://repo.maven.apache.org/maven2/com/google/errorprone/error_prone_annotations/2.3.2/error_prone_annotations-2.3.2.pom
2021-06-06T09:17:12.420-0500 [DEBUG] [org.gradle.internal.resource.transfer.DefaultCacheAwareExternalResourceAccessor] Constructing external resource: https://repo.maven.apache.org/maven2/com/google/errorprone/error_prone_annotations/2.3.2/error_prone_annotations-2.3.2.pom
2021-06-06T09:17:12.422-0500 [DEBUG] [org.gradle.internal.resource.transport.http.HttpResourceAccessor] Constructing external resource: https://repo.maven.apache.org/maven2/com/google/errorprone/error_prone_annotations/2.3.2/error_prone_annotations-2.3.2.pom
2021-06-06T09:17:12.422-0500 [DEBUG] [org.gradle.internal.resource.transport.http.HttpClientHelper] Performing HTTP GET: https://repo.maven.apache.org/maven2/com/google/errorprone/error_prone_annotations/2.3.2/error_prone_annotations-2.3.2.pom
2021-06-06T09:17:12.422-0500 [DEBUG] [org.apache.http.client.protocol.RequestAddCookies] CookieSpec selected: default
2021-06-06T09:17:12.423-0500 [DEBUG] [org.apache.http.client.protocol.RequestAuthCache] Auth cache not set in the context
2021-06-06T09:17:12.423-0500 [DEBUG] [org.apache.http.impl.conn.PoolingHttpClientConnectionManager] Connection request: [route: {s}->https://repo.maven.apache.org:443][total kept alive: 8; route allocated: 8 of 20; total allocated: 8 of 20]
2021-06-06T09:17:12.423-0500 [DEBUG] [org.apache.http.impl.conn.PoolingHttpClientConnectionManager] Connection leased: [id: 10][route: {s}->https://repo.maven.apache.org:443][total kept alive: 7; route allocated: 8 of 20; total allocated: 8 of 20]
2021-06-06T09:17:12.423-0500 [DEBUG] [org.apache.http.impl.conn.DefaultManagedHttpClientConnection] http-outgoing-10: set socket timeout to 30000
2021-06-06T09:17:12.423-0500 [DEBUG] [org.apache.http.impl.conn.DefaultManagedHttpClientConnection] http-outgoing-10: set socket timeout to 30000
2021-06-06T09:17:12.423-0500 [DEBUG] [org.apache.http.impl.execchain.MainClientExec] Executing request GET /maven2/com/google/errorprone/error_prone_annotations/2.3.2/error_prone_annotations-2.3.2.pom HTTP/1.1
2021-06-06T09:17:12.423-0500 [DEBUG] [org.apache.http.impl.execchain.MainClientExec] Target auth state: UNCHALLENGED
2021-06-06T09:17:12.423-0500 [DEBUG] [org.apache.http.impl.execchain.MainClientExec] Proxy auth state: UNCHALLENGED
2021-06-06T09:17:12.440-0500 [DEBUG] [org.apache.http.impl.execchain.MainClientExec] Connection can be kept alive indefinitely
2021-06-06T09:17:12.440-0500 [DEBUG] [org.gradle.internal.resource.transport.http.HttpResponseResource] Attempting to download resource https://repo.maven.apache.org/maven2/com/google/errorprone/error_prone_annotations/2.3.2/error_prone_annotations-2.3.2.pom.
2021-06-06T09:17:12.442-0500 [INFO] [org.gradle.internal.resource.transfer.DefaultCacheAwareExternalResourceAccessor] Downloading https://repo.maven.apache.org/maven2/com/google/errorprone/error_prone_annotations/2.3.2/error_prone_annotations-2.3.2.pom to C:\Users\gathi\AppData\Local\Temp\gradle_download8401460031016421971bin
2021-06-06T09:17:12.443-0500 [DEBUG] [org.apache.http.impl.conn.PoolingHttpClientConnectionManager] Connection [id: 10][route: {s}->https://repo.maven.apache.org:443] can be kept alive indefinitely
2021-06-06T09:17:12.443-0500 [DEBUG] [org.apache.http.impl.conn.DefaultManagedHttpClientConnection] http-outgoing-10: set socket timeout to 0
2021-06-06T09:17:12.443-0500 [DEBUG] [org.apache.http.impl.conn.PoolingHttpClientConnectionManager] Connection released: [id: 10][route: {s}->https://repo.maven.apache.org:443][total kept alive: 8; route allocated: 8 of 20; total allocated: 8 of 20]
2021-06-06T09:17:12.443-0500 [DEBUG] [org.gradle.internal.operations.DefaultBuildOperationRunner] Build operation 'Download https://repo.maven.apache.org/maven2/com/google/errorprone/error_prone_annotations/2.3.2/error_prone_annotations-2.3.2.pom' completed
2021-06-06T09:17:12.451-0500 [DEBUG] [org.gradle.api.internal.artifacts.ivyservice.ivyresolve.RepositoryChainComponentMetaDataResolver] Attempting to resolve component for com.google.errorprone:error_prone_parent:2.3.2 using repositories [Google, MavenRepo]
2021-06-06T09:17:12.451-0500 [DEBUG] [org.gradle.api.internal.artifacts.repositories.resolver.DefaultExternalResourceArtifactResolver] Loading https://dl.google.com/dl/android/maven2/com/google/errorprone/error_prone_parent/2.3.2/error_prone_parent-2.3.2.pom
2021-06-06T09:17:12.451-0500 [DEBUG] [org.gradle.internal.resource.transfer.DefaultCacheAwareExternalResourceAccessor] Constructing external resource: https://dl.google.com/dl/android/maven2/com/google/errorprone/error_prone_parent/2.3.2/error_prone_parent-2.3.2.pom
2021-06-06T09:17:12.453-0500 [DEBUG] [org.gradle.internal.resource.transport.http.HttpResourceAccessor] Constructing external resource: https://dl.google.com/dl/android/maven2/com/google/errorprone/error_prone_parent/2.3.2/error_prone_parent-2.3.2.pom
2021-06-06T09:17:12.453-0500 [DEBUG] [org.gradle.internal.resource.transport.http.HttpClientHelper] Performing HTTP GET: https://dl.google.com/dl/android/maven2/com/google/errorprone/error_prone_parent/2.3.2/error_prone_parent-2.3.2.pom
2021-06-06T09:17:12.453-0500 [DEBUG] [org.apache.http.client.protocol.RequestAddCookies] CookieSpec selected: default
2021-06-06T09:17:12.454-0500 [DEBUG] [org.apache.http.client.protocol.RequestAuthCache] Auth cache not set in the context
2021-06-06T09:17:12.454-0500 [DEBUG] [org.apache.http.impl.conn.PoolingHttpClientConnectionManager] Connection request: [route: {s}->https://dl.google.com:443][total kept alive: 8; route allocated: 8 of 20; total allocated: 8 of 20]
2021-06-06T09:17:12.454-0500 [DEBUG] [org.apache.http.impl.conn.PoolingHttpClientConnectionManager] Connection leased: [id: 1][route: {s}->https://dl.google.com:443][total kept alive: 7; route allocated: 8 of 20; total allocated: 8 of 20]
2021-06-06T09:17:12.454-0500 [DEBUG] [org.apache.http.impl.conn.DefaultManagedHttpClientConnection] http-outgoing-1: set socket timeout to 30000
2021-06-06T09:17:12.454-0500 [DEBUG] [org.apache.http.impl.conn.DefaultManagedHttpClientConnection] http-outgoing-1: set socket timeout to 30000
2021-06-06T09:17:12.454-0500 [DEBUG] [org.apache.http.impl.execchain.MainClientExec] Executing request GET /dl/android/maven2/com/google/errorprone/error_prone_parent/2.3.2/error_prone_parent-2.3.2.pom HTTP/1.1
2021-06-06T09:17:12.454-0500 [DEBUG] [org.apache.http.impl.execchain.MainClientExec] Target auth state: UNCHALLENGED
2021-06-06T09:17:12.454-0500 [DEBUG] [org.apache.http.impl.execchain.MainClientExec] Proxy auth state: UNCHALLENGED
2021-06-06T09:17:12.497-0500 [DEBUG] [org.apache.http.impl.execchain.MainClientExec] Connection can be kept alive indefinitely
2021-06-06T09:17:12.497-0500 [DEBUG] [org.apache.http.impl.conn.PoolingHttpClientConnectionManager] Connection [id: 1][route: {s}->https://dl.google.com:443] can be kept alive indefinitely
2021-06-06T09:17:12.497-0500 [DEBUG] [org.apache.http.impl.conn.DefaultManagedHttpClientConnection] http-outgoing-1: set socket timeout to 0
2021-06-06T09:17:12.497-0500 [DEBUG] [org.apache.http.impl.conn.PoolingHttpClientConnectionManager] Connection released: [id: 1][route: {s}->https://dl.google.com:443][total kept alive: 8; route allocated: 8 of 20; total allocated: 8 of 20]
2021-06-06T09:17:12.497-0500 [INFO] [org.gradle.internal.resource.transport.http.HttpClientHelper] Resource missing. [HTTP GET: https://dl.google.com/dl/android/maven2/com/google/errorprone/error_prone_parent/2.3.2/error_prone_parent-2.3.2.pom]
2021-06-06T09:17:12.497-0500 [DEBUG] [org.gradle.internal.operations.DefaultBuildOperationRunner] Build operation 'Download https://dl.google.com/dl/android/maven2/com/google/errorprone/error_prone_parent/2.3.2/error_prone_parent-2.3.2.pom' completed
2021-06-06T09:17:12.498-0500 [DEBUG] [org.gradle.api.internal.artifacts.repositories.resolver.ExternalResourceResolver] No meta-data file or artifact found for module 'com.google.errorprone:error_prone_parent:2.3.2' in repository 'Google'.
2021-06-06T09:17:12.498-0500 [DEBUG] [org.gradle.api.internal.artifacts.ivyservice.modulecache.PersistentModuleMetadataCache] Recording absence of module descriptor in cache: com.google.errorprone:error_prone_parent:2.3.2 [changing = false]
2021-06-06T09:17:12.498-0500 [DEBUG] [org.gradle.api.internal.artifacts.repositories.resolver.DefaultExternalResourceArtifactResolver] Loading https://repo.maven.apache.org/maven2/com/google/errorprone/error_prone_parent/2.3.2/error_prone_parent-2.3.2.pom
2021-06-06T09:17:12.498-0500 [DEBUG] [org.gradle.internal.resource.transfer.DefaultCacheAwareExternalResourceAccessor] Constructing external resource: https://repo.maven.apache.org/maven2/com/google/errorprone/error_prone_parent/2.3.2/error_prone_parent-2.3.2.pom
2021-06-06T09:17:12.500-0500 [DEBUG] [org.gradle.internal.resource.transport.http.HttpResourceAccessor] Constructing external resource: https://repo.maven.apache.org/maven2/com/google/errorprone/error_prone_parent/2.3.2/error_prone_parent-2.3.2.pom
2021-06-06T09:17:12.500-0500 [DEBUG] [org.gradle.internal.resource.transport.http.HttpClientHelper] Performing HTTP GET: https://repo.maven.apache.org/maven2/com/google/errorprone/error_prone_parent/2.3.2/error_prone_parent-2.3.2.pom
2021-06-06T09:17:12.500-0500 [DEBUG] [org.apache.http.client.protocol.RequestAddCookies] CookieSpec selected: default
2021-06-06T09:17:12.500-0500 [DEBUG] [org.apache.http.client.protocol.RequestAuthCache] Auth cache not set in the context
2021-06-06T09:17:12.500-0500 [DEBUG] [org.apache.http.impl.conn.PoolingHttpClientConnectionManager] Connection request: [route: {s}->https://repo.maven.apache.org:443][total kept alive: 8; route allocated: 8 of 20; total allocated: 8 of 20]
2021-06-06T09:17:12.501-0500 [DEBUG] [org.apache.http.impl.conn.PoolingHttpClientConnectionManager] Connection leased: [id: 10][route: {s}->https://repo.maven.apache.org:443][total kept alive: 7; route allocated: 8 of 20; total allocated: 8 of 20]
2021-06-06T09:17:12.501-0500 [DEBUG] [org.apache.http.impl.conn.DefaultManagedHttpClientConnection] http-outgoing-10: set socket timeout to 30000
2021-06-06T09:17:12.501-0500 [DEBUG] [org.apache.http.impl.conn.DefaultManagedHttpClientConnection] http-outgoing-10: set socket timeout to 30000
2021-06-06T09:17:12.501-0500 [DEBUG] [org.apache.http.impl.execchain.MainClientExec] Executing request GET /maven2/com/google/errorprone/error_prone_parent/2.3.2/error_prone_parent-2.3.2.pom HTTP/1.1
2021-06-06T09:17:12.501-0500 [DEBUG] [org.apache.http.impl.execchain.MainClientExec] Target auth state: UNCHALLENGED
2021-06-06T09:17:12.501-0500 [DEBUG] [org.apache.http.impl.execchain.MainClientExec] Proxy auth state: UNCHALLENGED
2021-06-06T09:17:12.520-0500 [DEBUG] [org.apache.http.impl.execchain.MainClientExec] Connection can be kept alive indefinitely
2021-06-06T09:17:12.520-0500 [DEBUG] [org.gradle.internal.resource.transport.http.HttpResponseResource] Attempting to download resource https://repo.maven.apache.org/maven2/com/google/errorprone/error_prone_parent/2.3.2/error_prone_parent-2.3.2.pom.
2021-06-06T09:17:12.522-0500 [INFO] [org.gradle.internal.resource.transfer.DefaultCacheAwareExternalResourceAccessor] Downloading https://repo.maven.apache.org/maven2/com/google/errorprone/error_prone_parent/2.3.2/error_prone_parent-2.3.2.pom to C:\Users\gathi\AppData\Local\Temp\gradle_download17916159460250192081bin
2021-06-06T09:17:12.524-0500 [DEBUG] [org.apache.http.impl.conn.PoolingHttpClientConnectionManager] Connection [id: 10][route: {s}->https://repo.maven.apache.org:443] can be kept alive indefinitely
2021-06-06T09:17:12.524-0500 [DEBUG] [org.apache.http.impl.conn.DefaultManagedHttpClientConnection] http-outgoing-10: set socket timeout to 0
2021-06-06T09:17:12.524-0500 [DEBUG] [org.apache.http.impl.conn.PoolingHttpClientConnectionManager] Connection released: [id: 10][route: {s}->https://repo.maven.apache.org:443][total kept alive: 8; route allocated: 8 of 20; total allocated: 8 of 20]
2021-06-06T09:17:12.524-0500 [DEBUG] [org.gradle.internal.operations.DefaultBuildOperationRunner] Build operation 'Download https://repo.maven.apache.org/maven2/com/google/errorprone/error_prone_parent/2.3.2/error_prone_parent-2.3.2.pom' completed
2021-06-06T09:17:12.533-0500 [DEBUG] [org.gradle.api.internal.artifacts.ivyservice.ivyresolve.RepositoryChainComponentMetaDataResolver] Attempting to resolve component for org.sonatype.oss:oss-parent:7 using repositories [Google, MavenRepo]
2021-06-06T09:17:12.534-0500 [DEBUG] [org.gradle.api.internal.artifacts.ivyservice.ivyresolve.CachingModuleComponentRepository] Detected non-existence of module 'org.sonatype.oss:oss-parent:7' in resolver cache 'Google'
2021-06-06T09:17:12.534-0500 [DEBUG] [org.gradle.api.internal.artifacts.ivyservice.ivyresolve.CachingModuleComponentRepository] Using cached module metadata for module 'org.sonatype.oss:oss-parent:7' in 'MavenRepo'
2021-06-06T09:17:12.534-0500 [DEBUG] [org.gradle.api.internal.artifacts.ivyservice.ivyresolve.RepositoryChainComponentMetaDataResolver] Using org.sonatype.oss:oss-parent:7 from Maven repository 'MavenRepo'
2021-06-06T09:17:12.534-0500 [DEBUG] [org.gradle.api.internal.artifacts.ivyservice.ivyresolve.CachingModuleComponentRepository] Found artifact 'oss-parent-7.pom (org.sonatype.oss:oss-parent:7)' in resolver cache: C:\Users\gathi\.gradle\caches\modules-2\files-2.1\org.sonatype.oss\oss-parent\7\46b8a785b60a2767095b8611613b58577e96d4c9\oss-parent-7.pom
2021-06-06T09:17:12.539-0500 [DEBUG] [org.gradle.api.internal.artifacts.repositories.resolver.ExternalResourceResolver] Metadata file found for module 'com.google.errorprone:error_prone_parent:2.3.2' in repository 'MavenRepo'.
2021-06-06T09:17:12.539-0500 [DEBUG] [org.gradle.api.internal.artifacts.ivyservice.modulecache.PersistentModuleMetadataCache] Recording module descriptor in cache: com.google.errorprone:error_prone_parent:2.3.2 [changing = false]
2021-06-06T09:17:12.543-0500 [DEBUG] [org.gradle.api.internal.artifacts.ivyservice.ivyresolve.RepositoryChainComponentMetaDataResolver] Using com.google.errorprone:error_prone_parent:2.3.2 from Maven repository 'MavenRepo'
2021-06-06T09:17:12.543-0500 [DEBUG] [org.gradle.api.internal.artifacts.repositories.resolver.DefaultExternalResourceArtifactResolver] Loading https://repo.maven.apache.org/maven2/com/google/errorprone/error_prone_parent/2.3.2/error_prone_parent-2.3.2.pom
2021-06-06T09:17:12.544-0500 [DEBUG] [org.gradle.internal.resource.transfer.DefaultCacheAwareExternalResourceAccessor] Constructing external resource: https://repo.maven.apache.org/maven2/com/google/errorprone/error_prone_parent/2.3.2/error_prone_parent-2.3.2.pom
2021-06-06T09:17:12.544-0500 [DEBUG] [org.gradle.api.internal.artifacts.ivyservice.ivyresolve.CachingModuleComponentRepository] Downloaded artifact 'error_prone_parent-2.3.2.pom (com.google.errorprone:error_prone_parent:2.3.2)' from resolver: MavenRepo
2021-06-06T09:17:12.548-0500 [DEBUG] [org.gradle.api.internal.artifacts.ivyservice.ivyresolve.RepositoryChainComponentMetaDataResolver] Attempting to resolve component for org.sonatype.oss:oss-parent:7 using repositories [Google, MavenRepo]
2021-06-06T09:17:12.548-0500 [DEBUG] [org.gradle.api.internal.artifacts.ivyservice.ivyresolve.CachingModuleComponentRepository] Detected non-existence of module 'org.sonatype.oss:oss-parent:7' in resolver cache 'Google'
2021-06-06T09:17:12.549-0500 [DEBUG] [org.gradle.api.internal.artifacts.ivyservice.ivyresolve.CachingModuleComponentRepository] Using cached module metadata for module 'org.sonatype.oss:oss-parent:7' in 'MavenRepo'
2021-06-06T09:17:12.549-0500 [DEBUG] [org.gradle.api.internal.artifacts.ivyservice.ivyresolve.RepositoryChainComponentMetaDataResolver] Using org.sonatype.oss:oss-parent:7 from Maven repository 'MavenRepo'
2021-06-06T09:17:12.549-0500 [DEBUG] [org.gradle.api.internal.artifacts.ivyservice.ivyresolve.CachingModuleComponentRepository] Found artifact 'oss-parent-7.pom (org.sonatype.oss:oss-parent:7)' in resolver cache: C:\Users\gathi\.gradle\caches\modules-2\files-2.1\org.sonatype.oss\oss-parent\7\46b8a785b60a2767095b8611613b58577e96d4c9\oss-parent-7.pom
2021-06-06T09:17:12.554-0500 [DEBUG] [org.gradle.api.internal.artifacts.repositories.resolver.ExternalResourceResolver] Metadata file found for module 'com.google.errorprone:error_prone_annotations:2.3.2' in repository 'MavenRepo'.
2021-06-06T09:17:12.554-0500 [DEBUG] [org.gradle.api.internal.artifacts.ivyservice.modulecache.PersistentModuleMetadataCache] Recording module descriptor in cache: com.google.errorprone:error_prone_annotations:2.3.2 [changing = false]
2021-06-06T09:17:12.558-0500 [DEBUG] [org.gradle.api.internal.artifacts.ivyservice.ivyresolve.RepositoryChainComponentMetaDataResolver] Using com.google.errorprone:error_prone_annotations:2.3.2 from Maven repository 'MavenRepo'
2021-06-06T09:17:12.559-0500 [DEBUG] [org.gradle.api.internal.artifacts.ivyservice.resolveengine.graph.builder.DependencyGraphBuilder] Visiting configuration com.google.crypto.tink:tink:1.3.0-rc2(runtime).
2021-06-06T09:17:12.560-0500 [DEBUG] [org.gradle.api.internal.artifacts.ivyservice.ivyresolve.RepositoryChainComponentMetaDataResolver] Attempting to resolve component for org.json:json:20180813 using repositories [Google, MavenRepo]
2021-06-06T09:17:12.560-0500 [DEBUG] [org.gradle.api.internal.artifacts.repositories.resolver.DefaultExternalResourceArtifactResolver] Loading https://dl.google.com/dl/android/maven2/org/json/json/20180813/json-20180813.pom
2021-06-06T09:17:12.560-0500 [DEBUG] [org.gradle.internal.resource.transfer.DefaultCacheAwareExternalResourceAccessor] Constructing external resource: https://dl.google.com/dl/android/maven2/org/json/json/20180813/json-20180813.pom
2021-06-06T09:17:12.561-0500 [DEBUG] [org.gradle.internal.resource.transport.http.HttpResourceAccessor] Constructing external resource: https://dl.google.com/dl/android/maven2/org/json/json/20180813/json-20180813.pom
2021-06-06T09:17:12.561-0500 [DEBUG] [org.gradle.internal.resource.transport.http.HttpClientHelper] Performing HTTP GET: https://dl.google.com/dl/android/maven2/org/json/json/20180813/json-20180813.pom
2021-06-06T09:17:12.562-0500 [DEBUG] [org.apache.http.client.protocol.RequestAddCookies] CookieSpec selected: default
2021-06-06T09:17:12.562-0500 [DEBUG] [org.apache.http.client.protocol.RequestAuthCache] Auth cache not set in the context
2021-06-06T09:17:12.562-0500 [DEBUG] [org.apache.http.impl.conn.PoolingHttpClientConnectionManager] Connection request: [route: {s}->https://dl.google.com:443][total kept alive: 8; route allocated: 8 of 20; total allocated: 8 of 20]
2021-06-06T09:17:12.562-0500 [DEBUG] [org.apache.http.impl.conn.PoolingHttpClientConnectionManager] Connection leased: [id: 1][route: {s}->https://dl.google.com:443][total kept alive: 7; route allocated: 8 of 20; total allocated: 8 of 20]
2021-06-06T09:17:12.562-0500 [DEBUG] [org.apache.http.impl.conn.DefaultManagedHttpClientConnection] http-outgoing-1: set socket timeout to 30000
2021-06-06T09:17:12.562-0500 [DEBUG] [org.apache.http.impl.conn.DefaultManagedHttpClientConnection] http-outgoing-1: set socket timeout to 30000
2021-06-06T09:17:12.562-0500 [DEBUG] [org.apache.http.impl.execchain.MainClientExec] Executing request GET /dl/android/maven2/org/json/json/20180813/json-20180813.pom HTTP/1.1
2021-06-06T09:17:12.562-0500 [DEBUG] [org.apache.http.impl.execchain.MainClientExec] Target auth state: UNCHALLENGED
2021-06-06T09:17:12.562-0500 [DEBUG] [org.apache.http.impl.execchain.MainClientExec] Proxy auth state: UNCHALLENGED
2021-06-06T09:17:12.601-0500 [DEBUG] [org.apache.http.impl.execchain.MainClientExec] Connection can be kept alive indefinitely
2021-06-06T09:17:12.602-0500 [DEBUG] [org.apache.http.impl.conn.PoolingHttpClientConnectionManager] Connection [id: 1][route: {s}->https://dl.google.com:443] can be kept alive indefinitely
2021-06-06T09:17:12.602-0500 [DEBUG] [org.apache.http.impl.conn.DefaultManagedHttpClientConnection] http-outgoing-1: set socket timeout to 0
2021-06-06T09:17:12.602-0500 [DEBUG] [org.apache.http.impl.conn.PoolingHttpClientConnectionManager] Connection released: [id: 1][route: {s}->https://dl.google.com:443][total kept alive: 8; route allocated: 8 of 20; total allocated: 8 of 20]
2021-06-06T09:17:12.602-0500 [INFO] [org.gradle.internal.resource.transport.http.HttpClientHelper] Resource missing. [HTTP GET: https://dl.google.com/dl/android/maven2/org/json/json/20180813/json-20180813.pom]
2021-06-06T09:17:12.602-0500 [DEBUG] [org.gradle.internal.operations.DefaultBuildOperationRunner] Build operation 'Download https://dl.google.com/dl/android/maven2/org/json/json/20180813/json-20180813.pom' completed
2021-06-06T09:17:12.602-0500 [DEBUG] [org.gradle.api.internal.artifacts.repositories.resolver.ExternalResourceResolver] No meta-data file or artifact found for module 'org.json:json:20180813' in repository 'Google'.
2021-06-06T09:17:12.602-0500 [DEBUG] [org.gradle.api.internal.artifacts.ivyservice.modulecache.PersistentModuleMetadataCache] Recording absence of module descriptor in cache: org.json:json:20180813 [changing = false]
2021-06-06T09:17:12.603-0500 [DEBUG] [org.gradle.api.internal.artifacts.repositories.resolver.DefaultExternalResourceArtifactResolver] Loading https://repo.maven.apache.org/maven2/org/json/json/20180813/json-20180813.pom
2021-06-06T09:17:12.603-0500 [DEBUG] [org.gradle.internal.resource.transfer.DefaultCacheAwareExternalResourceAccessor] Constructing external resource: https://repo.maven.apache.org/maven2/org/json/json/20180813/json-20180813.pom
2021-06-06T09:17:12.604-0500 [DEBUG] [org.gradle.internal.resource.transport.http.HttpResourceAccessor] Constructing external resource: https://repo.maven.apache.org/maven2/org/json/json/20180813/json-20180813.pom
2021-06-06T09:17:12.604-0500 [DEBUG] [org.gradle.internal.resource.transport.http.HttpClientHelper] Performing HTTP GET: https://repo.maven.apache.org/maven2/org/json/json/20180813/json-20180813.pom
2021-06-06T09:17:12.604-0500 [DEBUG] [org.apache.http.client.protocol.RequestAddCookies] CookieSpec selected: default
2021-06-06T09:17:12.604-0500 [DEBUG] [org.apache.http.client.protocol.RequestAuthCache] Auth cache not set in the context
2021-06-06T09:17:12.605-0500 [DEBUG] [org.apache.http.impl.conn.PoolingHttpClientConnectionManager] Connection request: [route: {s}->https://repo.maven.apache.org:443][total kept alive: 8; route allocated: 8 of 20; total allocated: 8 of 20]
2021-06-06T09:17:12.605-0500 [DEBUG] [org.apache.http.impl.conn.PoolingHttpClientConnectionManager] Connection leased: [id: 10][route: {s}->https://repo.maven.apache.org:443][total kept alive: 7; route allocated: 8 of 20; total allocated: 8 of 20]
2021-06-06T09:17:12.605-0500 [DEBUG] [org.apache.http.impl.conn.DefaultManagedHttpClientConnection] http-outgoing-10: set socket timeout to 30000
2021-06-06T09:17:12.605-0500 [DEBUG] [org.apache.http.impl.conn.DefaultManagedHttpClientConnection] http-outgoing-10: set socket timeout to 30000
2021-06-06T09:17:12.605-0500 [DEBUG] [org.apache.http.impl.execchain.MainClientExec] Executing request GET /maven2/org/json/json/20180813/json-20180813.pom HTTP/1.1
2021-06-06T09:17:12.605-0500 [DEBUG] [org.apache.http.impl.execchain.MainClientExec] Target auth state: UNCHALLENGED
2021-06-06T09:17:12.605-0500 [DEBUG] [org.apache.http.impl.execchain.MainClientExec] Proxy auth state: UNCHALLENGED
2021-06-06T09:17:12.623-0500 [DEBUG] [org.apache.http.impl.execchain.MainClientExec] Connection can be kept alive indefinitely
2021-06-06T09:17:12.624-0500 [DEBUG] [org.gradle.internal.resource.transport.http.HttpResponseResource] Attempting to download resource https://repo.maven.apache.org/maven2/org/json/json/20180813/json-20180813.pom.
2021-06-06T09:17:12.625-0500 [INFO] [org.gradle.internal.resource.transfer.DefaultCacheAwareExternalResourceAccessor] Downloading https://repo.maven.apache.org/maven2/org/json/json/20180813/json-20180813.pom to C:\Users\gathi\AppData\Local\Temp\gradle_download2906777929294800470bin
2021-06-06T09:17:12.627-0500 [DEBUG] [org.apache.http.impl.conn.PoolingHttpClientConnectionManager] Connection [id: 10][route: {s}->https://repo.maven.apache.org:443] can be kept alive indefinitely
2021-06-06T09:17:12.627-0500 [DEBUG] [org.apache.http.impl.conn.DefaultManagedHttpClientConnection] http-outgoing-10: set socket timeout to 0
2021-06-06T09:17:12.627-0500 [DEBUG] [org.apache.http.impl.conn.PoolingHttpClientConnectionManager] Connection released: [id: 10][route: {s}->https://repo.maven.apache.org:443][total kept alive: 8; route allocated: 8 of 20; total allocated: 8 of 20]
2021-06-06T09:17:12.627-0500 [DEBUG] [org.gradle.internal.operations.DefaultBuildOperationRunner] Build operation 'Download https://repo.maven.apache.org/maven2/org/json/json/20180813/json-20180813.pom' completed
2021-06-06T09:17:12.638-0500 [DEBUG] [org.gradle.api.internal.artifacts.ivyservice.ivyresolve.RepositoryChainComponentMetaDataResolver] Attempting to resolve component for org.sonatype.oss:oss-parent:9 using repositories [Google, MavenRepo]
2021-06-06T09:17:12.638-0500 [DEBUG] [org.gradle.api.internal.artifacts.ivyservice.ivyresolve.CachingModuleComponentRepository] Detected non-existence of module 'org.sonatype.oss:oss-parent:9' in resolver cache 'Google'
2021-06-06T09:17:12.638-0500 [DEBUG] [org.gradle.api.internal.artifacts.ivyservice.ivyresolve.CachingModuleComponentRepository] Using cached module metadata for module 'org.sonatype.oss:oss-parent:9' in 'MavenRepo'
2021-06-06T09:17:12.638-0500 [DEBUG] [org.gradle.api.internal.artifacts.ivyservice.ivyresolve.RepositoryChainComponentMetaDataResolver] Using org.sonatype.oss:oss-parent:9 from Maven repository 'MavenRepo'
2021-06-06T09:17:12.638-0500 [DEBUG] [org.gradle.api.internal.artifacts.ivyservice.ivyresolve.CachingModuleComponentRepository] Found artifact 'oss-parent-9.pom (org.sonatype.oss:oss-parent:9)' in resolver cache: C:\Users\gathi\.gradle\caches\modules-2\files-2.1\org.sonatype.oss\oss-parent\9\e5cdc4d23b86d79c436f16fed20853284e868f65\oss-parent-9.pom
2021-06-06T09:17:12.643-0500 [DEBUG] [org.gradle.api.internal.artifacts.repositories.resolver.ExternalResourceResolver] Metadata file found for module 'org.json:json:20180813' in repository 'MavenRepo'.
2021-06-06T09:17:12.644-0500 [DEBUG] [org.gradle.api.internal.artifacts.ivyservice.modulecache.PersistentModuleMetadataCache] Recording module descriptor in cache: org.json:json:20180813 [changing = false]
2021-06-06T09:17:12.649-0500 [DEBUG] [org.gradle.api.internal.artifacts.ivyservice.ivyresolve.RepositoryChainComponentMetaDataResolver] Using org.json:json:20180813 from Maven repository 'MavenRepo'
2021-06-06T09:17:12.650-0500 [DEBUG] [org.gradle.api.internal.artifacts.ivyservice.resolveengine.graph.builder.DependencyGraphBuilder] Visiting configuration com.google.testing.platform:core-proto:0.0.8-alpha01(runtime).
2021-06-06T09:17:12.650-0500 [DEBUG] [org.gradle.api.internal.artifacts.ivyservice.resolveengine.graph.builder.DependencyGraphBuilder] Visiting configuration org.jetbrains.kotlin:kotlin-gradle-plugin-api:1.4.32(runtime).
2021-06-06T09:17:12.650-0500 [DEBUG] [org.gradle.api.internal.artifacts.ivyservice.resolveengine.graph.builder.DependencyGraphBuilder] Visiting configuration org.jetbrains.kotlin:kotlin-gradle-plugin-model:1.4.32(runtime).
2021-06-06T09:17:12.650-0500 [DEBUG] [org.gradle.api.internal.artifacts.ivyservice.resolveengine.graph.builder.DependencyGraphBuilder] Visiting configuration org.jetbrains.kotlin:kotlin-stdlib:1.4.32(runtime).
2021-06-06T09:17:12.651-0500 [DEBUG] [org.gradle.api.internal.artifacts.ivyservice.resolveengine.graph.builder.DependencyGraphBuilder] Submitting 2 metadata files to resolve in parallel for org.jetbrains.kotlin:kotlin-stdlib:1.4.32(runtime)
2021-06-06T09:17:12.651-0500 [DEBUG] [org.gradle.internal.work.DefaultWorkerLeaseService] Worker lease root.1.54.55 started (1 worker(s) in use).
2021-06-06T09:17:12.652-0500 [DEBUG] [org.gradle.internal.resources.AbstractTrackedResourceLock] Daemon worker: acquired lock on root.1.54.55
2021-06-06T09:17:12.652-0500 [DEBUG] [org.gradle.api.internal.artifacts.ivyservice.ivyresolve.RepositoryChainComponentMetaDataResolver] Attempting to resolve component for org.jetbrains.kotlin:kotlin-stdlib-common:1.4.32 using repositories [Google, MavenRepo]
2021-06-06T09:17:12.652-0500 [DEBUG] [org.gradle.api.internal.artifacts.ivyservice.ivyresolve.RepositoryChainComponentMetaDataResolver] Attempting to resolve component for org.jetbrains:annotations:13.0 using repositories [Google, MavenRepo]
2021-06-06T09:17:12.652-0500 [DEBUG] [org.gradle.api.internal.artifacts.repositories.resolver.DefaultExternalResourceArtifactResolver] Loading https://dl.google.com/dl/android/maven2/org/jetbrains/kotlin/kotlin-stdlib-common/1.4.32/kotlin-stdlib-common-1.4.32.pom
2021-06-06T09:17:12.653-0500 [DEBUG] [org.gradle.api.internal.artifacts.repositories.resolver.DefaultExternalResourceArtifactResolver] Loading https://dl.google.com/dl/android/maven2/org/jetbrains/annotations/13.0/annotations-13.0.pom
2021-06-06T09:17:12.653-0500 [DEBUG] [org.gradle.internal.resource.transfer.DefaultCacheAwareExternalResourceAccessor] Constructing external resource: https://dl.google.com/dl/android/maven2/org/jetbrains/kotlin/kotlin-stdlib-common/1.4.32/kotlin-stdlib-common-1.4.32.pom
2021-06-06T09:17:12.653-0500 [DEBUG] [org.gradle.internal.resource.transfer.DefaultCacheAwareExternalResourceAccessor] Constructing external resource: https://dl.google.com/dl/android/maven2/org/jetbrains/annotations/13.0/annotations-13.0.pom
2021-06-06T09:17:12.654-0500 [DEBUG] [org.gradle.internal.resource.transport.http.HttpResourceAccessor] Constructing external resource: https://dl.google.com/dl/android/maven2/org/jetbrains/annotations/13.0/annotations-13.0.pom
2021-06-06T09:17:12.654-0500 [DEBUG] [org.gradle.internal.resource.transport.http.HttpResourceAccessor] Constructing external resource: https://dl.google.com/dl/android/maven2/org/jetbrains/kotlin/kotlin-stdlib-common/1.4.32/kotlin-stdlib-common-1.4.32.pom
2021-06-06T09:17:12.655-0500 [DEBUG] [org.gradle.internal.resource.transport.http.HttpClientHelper] Performing HTTP GET: https://dl.google.com/dl/android/maven2/org/jetbrains/annotations/13.0/annotations-13.0.pom
2021-06-06T09:17:12.655-0500 [DEBUG] [org.gradle.internal.resource.transport.http.HttpClientHelper] Performing HTTP GET: https://dl.google.com/dl/android/maven2/org/jetbrains/kotlin/kotlin-stdlib-common/1.4.32/kotlin-stdlib-common-1.4.32.pom
2021-06-06T09:17:12.655-0500 [DEBUG] [org.apache.http.client.protocol.RequestAddCookies] CookieSpec selected: default
2021-06-06T09:17:12.655-0500 [DEBUG] [org.apache.http.client.protocol.RequestAddCookies] CookieSpec selected: default
2021-06-06T09:17:12.655-0500 [DEBUG] [org.apache.http.client.protocol.RequestAuthCache] Auth cache not set in the context
2021-06-06T09:17:12.655-0500 [DEBUG] [org.apache.http.client.protocol.RequestAuthCache] Auth cache not set in the context
2021-06-06T09:17:12.655-0500 [DEBUG] [org.apache.http.impl.conn.PoolingHttpClientConnectionManager] Connection request: [route: {s}->https://dl.google.com:443][total kept alive: 8; route allocated: 8 of 20; total allocated: 8 of 20]
2021-06-06T09:17:12.655-0500 [DEBUG] [org.apache.http.impl.conn.PoolingHttpClientConnectionManager] Connection request: [route: {s}->https://dl.google.com:443][total kept alive: 8; route allocated: 8 of 20; total allocated: 8 of 20]
2021-06-06T09:17:12.656-0500 [DEBUG] [org.apache.http.impl.conn.PoolingHttpClientConnectionManager] Connection leased: [id: 1][route: {s}->https://dl.google.com:443][total kept alive: 7; route allocated: 8 of 20; total allocated: 8 of 20]
2021-06-06T09:17:12.656-0500 [DEBUG] [org.apache.http.impl.conn.DefaultManagedHttpClientConnection] http-outgoing-1: set socket timeout to 30000
2021-06-06T09:17:12.656-0500 [DEBUG] [org.apache.http.impl.conn.PoolingHttpClientConnectionManager] Connection leased: [id: 3][route: {s}->https://dl.google.com:443][total kept alive: 6; route allocated: 8 of 20; total allocated: 8 of 20]
2021-06-06T09:17:12.656-0500 [DEBUG] [org.apache.http.impl.conn.DefaultManagedHttpClientConnection] http-outgoing-3: set socket timeout to 30000
2021-06-06T09:17:12.656-0500 [DEBUG] [org.apache.http.impl.conn.DefaultManagedHttpClientConnection] http-outgoing-3: set socket timeout to 30000
2021-06-06T09:17:12.656-0500 [DEBUG] [org.apache.http.impl.conn.DefaultManagedHttpClientConnection] http-outgoing-1: set socket timeout to 30000
2021-06-06T09:17:12.656-0500 [DEBUG] [org.apache.http.impl.execchain.MainClientExec] Executing request GET /dl/android/maven2/org/jetbrains/kotlin/kotlin-stdlib-common/1.4.32/kotlin-stdlib-common-1.4.32.pom HTTP/1.1
2021-06-06T09:17:12.657-0500 [DEBUG] [org.apache.http.impl.execchain.MainClientExec] Target auth state: UNCHALLENGED
2021-06-06T09:17:12.657-0500 [DEBUG] [org.apache.http.impl.execchain.MainClientExec] Proxy auth state: UNCHALLENGED
2021-06-06T09:17:12.656-0500 [DEBUG] [org.apache.http.impl.execchain.MainClientExec] Executing request GET /dl/android/maven2/org/jetbrains/annotations/13.0/annotations-13.0.pom HTTP/1.1
2021-06-06T09:17:12.657-0500 [DEBUG] [org.apache.http.impl.execchain.MainClientExec] Target auth state: UNCHALLENGED
2021-06-06T09:17:12.657-0500 [DEBUG] [org.apache.http.impl.execchain.MainClientExec] Proxy auth state: UNCHALLENGED
2021-06-06T09:17:12.695-0500 [DEBUG] [org.apache.http.impl.execchain.MainClientExec] Connection can be kept alive indefinitely
2021-06-06T09:17:12.695-0500 [DEBUG] [org.apache.http.impl.execchain.MainClientExec] Connection can be kept alive indefinitely
2021-06-06T09:17:12.696-0500 [DEBUG] [org.apache.http.impl.conn.PoolingHttpClientConnectionManager] Connection [id: 3][route: {s}->https://dl.google.com:443] can be kept alive indefinitely
2021-06-06T09:17:12.696-0500 [DEBUG] [org.apache.http.impl.conn.DefaultManagedHttpClientConnection] http-outgoing-3: set socket timeout to 0
2021-06-06T09:17:12.696-0500 [DEBUG] [org.apache.http.impl.conn.PoolingHttpClientConnectionManager] Connection [id: 1][route: {s}->https://dl.google.com:443] can be kept alive indefinitely
2021-06-06T09:17:12.696-0500 [DEBUG] [org.apache.http.impl.conn.DefaultManagedHttpClientConnection] http-outgoing-1: set socket timeout to 0
2021-06-06T09:17:12.696-0500 [DEBUG] [org.apache.http.impl.conn.PoolingHttpClientConnectionManager] Connection released: [id: 3][route: {s}->https://dl.google.com:443][total kept alive: 7; route allocated: 8 of 20; total allocated: 8 of 20]
2021-06-06T09:17:12.696-0500 [DEBUG] [org.apache.http.impl.conn.PoolingHttpClientConnectionManager] Connection released: [id: 1][route: {s}->https://dl.google.com:443][total kept alive: 8; route allocated: 8 of 20; total allocated: 8 of 20]
2021-06-06T09:17:12.696-0500 [INFO] [org.gradle.internal.resource.transport.http.HttpClientHelper] Resource missing. [HTTP GET: https://dl.google.com/dl/android/maven2/org/jetbrains/kotlin/kotlin-stdlib-common/1.4.32/kotlin-stdlib-common-1.4.32.pom]
2021-06-06T09:17:12.696-0500 [INFO] [org.gradle.internal.resource.transport.http.HttpClientHelper] Resource missing. [HTTP GET: https://dl.google.com/dl/android/maven2/org/jetbrains/annotations/13.0/annotations-13.0.pom]
2021-06-06T09:17:12.697-0500 [DEBUG] [org.gradle.internal.operations.DefaultBuildOperationRunner] Build operation 'Download https://dl.google.com/dl/android/maven2/org/jetbrains/kotlin/kotlin-stdlib-common/1.4.32/kotlin-stdlib-common-1.4.32.pom' completed
2021-06-06T09:17:12.697-0500 [DEBUG] [org.gradle.internal.operations.DefaultBuildOperationRunner] Build operation 'Download https://dl.google.com/dl/android/maven2/org/jetbrains/annotations/13.0/annotations-13.0.pom' completed
2021-06-06T09:17:12.697-0500 [DEBUG] [org.gradle.api.internal.artifacts.repositories.resolver.ExternalResourceResolver] No meta-data file or artifact found for module 'org.jetbrains.kotlin:kotlin-stdlib-common:1.4.32' in repository 'Google'.
2021-06-06T09:17:12.697-0500 [DEBUG] [org.gradle.api.internal.artifacts.repositories.resolver.ExternalResourceResolver] No meta-data file or artifact found for module 'org.jetbrains:annotations:13.0' in repository 'Google'.
2021-06-06T09:17:12.697-0500 [DEBUG] [org.gradle.api.internal.artifacts.ivyservice.modulecache.PersistentModuleMetadataCache] Recording absence of module descriptor in cache: org.jetbrains.kotlin:kotlin-stdlib-common:1.4.32 [changing = false]
2021-06-06T09:17:12.697-0500 [DEBUG] [org.gradle.api.internal.artifacts.ivyservice.modulecache.PersistentModuleMetadataCache] Recording absence of module descriptor in cache: org.jetbrains:annotations:13.0 [changing = false]
2021-06-06T09:17:12.698-0500 [DEBUG] [org.gradle.api.internal.artifacts.repositories.resolver.DefaultExternalResourceArtifactResolver] Loading https://repo.maven.apache.org/maven2/org/jetbrains/kotlin/kotlin-stdlib-common/1.4.32/kotlin-stdlib-common-1.4.32.pom
2021-06-06T09:17:12.698-0500 [DEBUG] [org.gradle.api.internal.artifacts.repositories.resolver.DefaultExternalResourceArtifactResolver] Loading https://repo.maven.apache.org/maven2/org/jetbrains/annotations/13.0/annotations-13.0.pom
2021-06-06T09:17:12.698-0500 [DEBUG] [org.gradle.internal.resource.transfer.DefaultCacheAwareExternalResourceAccessor] Constructing external resource: https://repo.maven.apache.org/maven2/org/jetbrains/kotlin/kotlin-stdlib-common/1.4.32/kotlin-stdlib-common-1.4.32.pom
2021-06-06T09:17:12.698-0500 [DEBUG] [org.gradle.internal.resource.transfer.DefaultCacheAwareExternalResourceAccessor] Constructing external resource: https://repo.maven.apache.org/maven2/org/jetbrains/annotations/13.0/annotations-13.0.pom
2021-06-06T09:17:12.700-0500 [DEBUG] [org.gradle.internal.resource.transport.http.HttpResourceAccessor] Constructing external resource: https://repo.maven.apache.org/maven2/org/jetbrains/annotations/13.0/annotations-13.0.pom
2021-06-06T09:17:12.700-0500 [DEBUG] [org.gradle.internal.resource.transport.http.HttpResourceAccessor] Constructing external resource: https://repo.maven.apache.org/maven2/org/jetbrains/kotlin/kotlin-stdlib-common/1.4.32/kotlin-stdlib-common-1.4.32.pom
2021-06-06T09:17:12.700-0500 [DEBUG] [org.gradle.internal.resource.transport.http.HttpClientHelper] Performing HTTP GET: https://repo.maven.apache.org/maven2/org/jetbrains/annotations/13.0/annotations-13.0.pom
2021-06-06T09:17:12.700-0500 [DEBUG] [org.gradle.internal.resource.transport.http.HttpClientHelper] Performing HTTP GET: https://repo.maven.apache.org/maven2/org/jetbrains/kotlin/kotlin-stdlib-common/1.4.32/kotlin-stdlib-common-1.4.32.pom
2021-06-06T09:17:12.701-0500 [DEBUG] [org.apache.http.client.protocol.RequestAddCookies] CookieSpec selected: default
2021-06-06T09:17:12.701-0500 [DEBUG] [org.apache.http.client.protocol.RequestAddCookies] CookieSpec selected: default
2021-06-06T09:17:12.701-0500 [DEBUG] [org.apache.http.client.protocol.RequestAuthCache] Auth cache not set in the context
2021-06-06T09:17:12.701-0500 [DEBUG] [org.apache.http.client.protocol.RequestAuthCache] Auth cache not set in the context
2021-06-06T09:17:12.701-0500 [DEBUG] [org.apache.http.impl.conn.PoolingHttpClientConnectionManager] Connection request: [route: {s}->https://repo.maven.apache.org:443][total kept alive: 8; route allocated: 8 of 20; total allocated: 8 of 20]
2021-06-06T09:17:12.701-0500 [DEBUG] [org.apache.http.impl.conn.PoolingHttpClientConnectionManager] Connection request: [route: {s}->https://repo.maven.apache.org:443][total kept alive: 8; route allocated: 8 of 20; total allocated: 8 of 20]
2021-06-06T09:17:12.701-0500 [DEBUG] [org.apache.http.impl.conn.PoolingHttpClientConnectionManager] Connection leased: [id: 10][route: {s}->https://repo.maven.apache.org:443][total kept alive: 7; route allocated: 8 of 20; total allocated: 8 of 20]
2021-06-06T09:17:12.701-0500 [DEBUG] [org.apache.http.impl.conn.PoolingHttpClientConnectionManager] Connection leased: [id: 14][route: {s}->https://repo.maven.apache.org:443][total kept alive: 6; route allocated: 8 of 20; total allocated: 8 of 20]
2021-06-06T09:17:12.702-0500 [DEBUG] [org.apache.http.impl.conn.DefaultManagedHttpClientConnection] http-outgoing-14: set socket timeout to 30000
2021-06-06T09:17:12.701-0500 [DEBUG] [org.apache.http.impl.conn.DefaultManagedHttpClientConnection] http-outgoing-10: set socket timeout to 30000
2021-06-06T09:17:12.702-0500 [DEBUG] [org.apache.http.impl.conn.DefaultManagedHttpClientConnection] http-outgoing-14: set socket timeout to 30000
2021-06-06T09:17:12.702-0500 [DEBUG] [org.apache.http.impl.conn.DefaultManagedHttpClientConnection] http-outgoing-10: set socket timeout to 30000
2021-06-06T09:17:12.702-0500 [DEBUG] [org.apache.http.impl.execchain.MainClientExec] Executing request GET /maven2/org/jetbrains/kotlin/kotlin-stdlib-common/1.4.32/kotlin-stdlib-common-1.4.32.pom HTTP/1.1
2021-06-06T09:17:12.702-0500 [DEBUG] [org.apache.http.impl.execchain.MainClientExec] Target auth state: UNCHALLENGED
2021-06-06T09:17:12.702-0500 [DEBUG] [org.apache.http.impl.execchain.MainClientExec] Proxy auth state: UNCHALLENGED
2021-06-06T09:17:12.702-0500 [DEBUG] [org.apache.http.impl.execchain.MainClientExec] Executing request GET /maven2/org/jetbrains/annotations/13.0/annotations-13.0.pom HTTP/1.1
2021-06-06T09:17:12.702-0500 [DEBUG] [org.apache.http.impl.execchain.MainClientExec] Target auth state: UNCHALLENGED
2021-06-06T09:17:12.702-0500 [DEBUG] [org.apache.http.impl.execchain.MainClientExec] Proxy auth state: UNCHALLENGED
2021-06-06T09:17:12.719-0500 [DEBUG] [org.apache.http.impl.execchain.MainClientExec] Connection can be kept alive indefinitely
2021-06-06T09:17:12.719-0500 [DEBUG] [org.gradle.internal.resource.transport.http.HttpResponseResource] Attempting to download resource https://repo.maven.apache.org/maven2/org/jetbrains/annotations/13.0/annotations-13.0.pom.
2021-06-06T09:17:12.721-0500 [INFO] [org.gradle.internal.resource.transfer.DefaultCacheAwareExternalResourceAccessor] Downloading https://repo.maven.apache.org/maven2/org/jetbrains/annotations/13.0/annotations-13.0.pom to C:\Users\gathi\AppData\Local\Temp\gradle_download9343268466886074497bin
2021-06-06T09:17:12.722-0500 [DEBUG] [org.apache.http.impl.conn.PoolingHttpClientConnectionManager] Connection [id: 10][route: {s}->https://repo.maven.apache.org:443] can be kept alive indefinitely
2021-06-06T09:17:12.723-0500 [DEBUG] [org.apache.http.impl.conn.DefaultManagedHttpClientConnection] http-outgoing-10: set socket timeout to 0
2021-06-06T09:17:12.723-0500 [DEBUG] [org.apache.http.impl.conn.PoolingHttpClientConnectionManager] Connection released: [id: 10][route: {s}->https://repo.maven.apache.org:443][total kept alive: 7; route allocated: 8 of 20; total allocated: 8 of 20]
2021-06-06T09:17:12.723-0500 [DEBUG] [org.gradle.internal.operations.DefaultBuildOperationRunner] Build operation 'Download https://repo.maven.apache.org/maven2/org/jetbrains/annotations/13.0/annotations-13.0.pom' completed
2021-06-06T09:17:12.734-0500 [DEBUG] [org.apache.http.impl.execchain.MainClientExec] Connection can be kept alive indefinitely
2021-06-06T09:17:12.734-0500 [DEBUG] [org.gradle.internal.resource.transport.http.HttpResponseResource] Attempting to download resource https://repo.maven.apache.org/maven2/org/jetbrains/kotlin/kotlin-stdlib-common/1.4.32/kotlin-stdlib-common-1.4.32.pom.
2021-06-06T09:17:12.735-0500 [DEBUG] [org.gradle.api.internal.artifacts.repositories.resolver.ExternalResourceResolver] Metadata file found for module 'org.jetbrains:annotations:13.0' in repository 'MavenRepo'.
2021-06-06T09:17:12.735-0500 [DEBUG] [org.gradle.api.internal.artifacts.ivyservice.modulecache.PersistentModuleMetadataCache] Recording module descriptor in cache: org.jetbrains:annotations:13.0 [changing = false]
2021-06-06T09:17:12.736-0500 [INFO] [org.gradle.internal.resource.transfer.DefaultCacheAwareExternalResourceAccessor] Downloading https://repo.maven.apache.org/maven2/org/jetbrains/kotlin/kotlin-stdlib-common/1.4.32/kotlin-stdlib-common-1.4.32.pom to C:\Users\gathi\AppData\Local\Temp\gradle_download12053628074539222940bin
2021-06-06T09:17:12.737-0500 [DEBUG] [org.apache.http.impl.conn.PoolingHttpClientConnectionManager] Connection [id: 14][route: {s}->https://repo.maven.apache.org:443] can be kept alive indefinitely
2021-06-06T09:17:12.737-0500 [DEBUG] [org.apache.http.impl.conn.DefaultManagedHttpClientConnection] http-outgoing-14: set socket timeout to 0
2021-06-06T09:17:12.737-0500 [DEBUG] [org.apache.http.impl.conn.PoolingHttpClientConnectionManager] Connection released: [id: 14][route: {s}->https://repo.maven.apache.org:443][total kept alive: 8; route allocated: 8 of 20; total allocated: 8 of 20]
2021-06-06T09:17:12.738-0500 [DEBUG] [org.gradle.internal.operations.DefaultBuildOperationRunner] Build operation 'Download https://repo.maven.apache.org/maven2/org/jetbrains/kotlin/kotlin-stdlib-common/1.4.32/kotlin-stdlib-common-1.4.32.pom' completed
2021-06-06T09:17:12.740-0500 [DEBUG] [org.gradle.api.internal.artifacts.ivyservice.ivyresolve.RepositoryChainComponentMetaDataResolver] Using org.jetbrains:annotations:13.0 from Maven repository 'MavenRepo'
2021-06-06T09:17:12.751-0500 [DEBUG] [org.gradle.api.internal.artifacts.repositories.resolver.ExternalResourceResolver] Metadata file found for module 'org.jetbrains.kotlin:kotlin-stdlib-common:1.4.32' in repository 'MavenRepo'.
2021-06-06T09:17:12.751-0500 [DEBUG] [org.gradle.api.internal.artifacts.ivyservice.modulecache.PersistentModuleMetadataCache] Recording module descriptor in cache: org.jetbrains.kotlin:kotlin-stdlib-common:1.4.32 [changing = false]
2021-06-06T09:17:12.755-0500 [DEBUG] [org.gradle.api.internal.artifacts.ivyservice.ivyresolve.RepositoryChainComponentMetaDataResolver] Using org.jetbrains.kotlin:kotlin-stdlib-common:1.4.32 from Maven repository 'MavenRepo'
2021-06-06T09:17:12.756-0500 [DEBUG] [org.gradle.internal.operations.DefaultBuildOperationRunner] Build operation 'Resolve org.jetbrains.kotlin:kotlin-stdlib-common:1.4.32' completed
2021-06-06T09:17:12.756-0500 [DEBUG] [org.gradle.internal.work.DefaultWorkerLeaseService] Worker lease root.1.54.55 completed (1 worker(s) in use)
2021-06-06T09:17:12.756-0500 [DEBUG] [org.gradle.internal.resources.AbstractTrackedResourceLock] Daemon worker: released lock on root.1.54.55
2021-06-06T09:17:12.757-0500 [DEBUG] [org.gradle.api.internal.artifacts.ivyservice.resolveengine.graph.builder.DependencyGraphBuilder] Visiting configuration org.jetbrains.kotlin:kotlin-util-klib:1.4.32(runtime).
2021-06-06T09:17:12.757-0500 [DEBUG] [org.gradle.api.internal.artifacts.ivyservice.ivyresolve.RepositoryChainComponentMetaDataResolver] Attempting to resolve component for org.jetbrains.kotlin:kotlin-util-io:1.4.32 using repositories [Google, MavenRepo]
2021-06-06T09:17:12.757-0500 [DEBUG] [org.gradle.api.internal.artifacts.repositories.resolver.DefaultExternalResourceArtifactResolver] Loading https://dl.google.com/dl/android/maven2/org/jetbrains/kotlin/kotlin-util-io/1.4.32/kotlin-util-io-1.4.32.pom
2021-06-06T09:17:12.758-0500 [DEBUG] [org.gradle.internal.resource.transfer.DefaultCacheAwareExternalResourceAccessor] Constructing external resource: https://dl.google.com/dl/android/maven2/org/jetbrains/kotlin/kotlin-util-io/1.4.32/kotlin-util-io-1.4.32.pom
2021-06-06T09:17:12.759-0500 [DEBUG] [org.gradle.internal.resource.transport.http.HttpResourceAccessor] Constructing external resource: https://dl.google.com/dl/android/maven2/org/jetbrains/kotlin/kotlin-util-io/1.4.32/kotlin-util-io-1.4.32.pom
2021-06-06T09:17:12.759-0500 [DEBUG] [org.gradle.internal.resource.transport.http.HttpClientHelper] Performing HTTP GET: https://dl.google.com/dl/android/maven2/org/jetbrains/kotlin/kotlin-util-io/1.4.32/kotlin-util-io-1.4.32.pom
2021-06-06T09:17:12.760-0500 [DEBUG] [org.apache.http.client.protocol.RequestAddCookies] CookieSpec selected: default
2021-06-06T09:17:12.760-0500 [DEBUG] [org.apache.http.client.protocol.RequestAuthCache] Auth cache not set in the context
2021-06-06T09:17:12.760-0500 [DEBUG] [org.apache.http.impl.conn.PoolingHttpClientConnectionManager] Connection request: [route: {s}->https://dl.google.com:443][total kept alive: 8; route allocated: 8 of 20; total allocated: 8 of 20]
2021-06-06T09:17:12.760-0500 [DEBUG] [org.apache.http.impl.conn.PoolingHttpClientConnectionManager] Connection leased: [id: 1][route: {s}->https://dl.google.com:443][total kept alive: 7; route allocated: 8 of 20; total allocated: 8 of 20]
2021-06-06T09:17:12.760-0500 [DEBUG] [org.apache.http.impl.conn.DefaultManagedHttpClientConnection] http-outgoing-1: set socket timeout to 30000
2021-06-06T09:17:12.760-0500 [DEBUG] [org.apache.http.impl.conn.DefaultManagedHttpClientConnection] http-outgoing-1: set socket timeout to 30000
2021-06-06T09:17:12.760-0500 [DEBUG] [org.apache.http.impl.execchain.MainClientExec] Executing request GET /dl/android/maven2/org/jetbrains/kotlin/kotlin-util-io/1.4.32/kotlin-util-io-1.4.32.pom HTTP/1.1
2021-06-06T09:17:12.760-0500 [DEBUG] [org.apache.http.impl.execchain.MainClientExec] Target auth state: UNCHALLENGED
2021-06-06T09:17:12.760-0500 [DEBUG] [org.apache.http.impl.execchain.MainClientExec] Proxy auth state: UNCHALLENGED
2021-06-06T09:17:12.802-0500 [DEBUG] [org.apache.http.impl.execchain.MainClientExec] Connection can be kept alive indefinitely
2021-06-06T09:17:12.803-0500 [DEBUG] [org.apache.http.impl.conn.PoolingHttpClientConnectionManager] Connection [id: 1][route: {s}->https://dl.google.com:443] can be kept alive indefinitely
2021-06-06T09:17:12.803-0500 [DEBUG] [org.apache.http.impl.conn.DefaultManagedHttpClientConnection] http-outgoing-1: set socket timeout to 0
2021-06-06T09:17:12.803-0500 [DEBUG] [org.apache.http.impl.conn.PoolingHttpClientConnectionManager] Connection released: [id: 1][route: {s}->https://dl.google.com:443][total kept alive: 8; route allocated: 8 of 20; total allocated: 8 of 20]
2021-06-06T09:17:12.803-0500 [INFO] [org.gradle.internal.resource.transport.http.HttpClientHelper] Resource missing. [HTTP GET: https://dl.google.com/dl/android/maven2/org/jetbrains/kotlin/kotlin-util-io/1.4.32/kotlin-util-io-1.4.32.pom]
2021-06-06T09:17:12.804-0500 [DEBUG] [org.gradle.internal.operations.DefaultBuildOperationRunner] Build operation 'Download https://dl.google.com/dl/android/maven2/org/jetbrains/kotlin/kotlin-util-io/1.4.32/kotlin-util-io-1.4.32.pom' completed
2021-06-06T09:17:12.804-0500 [DEBUG] [org.gradle.api.internal.artifacts.repositories.resolver.ExternalResourceResolver] No meta-data file or artifact found for module 'org.jetbrains.kotlin:kotlin-util-io:1.4.32' in repository 'Google'.
2021-06-06T09:17:12.804-0500 [DEBUG] [org.gradle.api.internal.artifacts.ivyservice.modulecache.PersistentModuleMetadataCache] Recording absence of module descriptor in cache: org.jetbrains.kotlin:kotlin-util-io:1.4.32 [changing = false]
2021-06-06T09:17:12.804-0500 [DEBUG] [org.gradle.api.internal.artifacts.repositories.resolver.DefaultExternalResourceArtifactResolver] Loading https://repo.maven.apache.org/maven2/org/jetbrains/kotlin/kotlin-util-io/1.4.32/kotlin-util-io-1.4.32.pom
2021-06-06T09:17:12.804-0500 [DEBUG] [org.gradle.internal.resource.transfer.DefaultCacheAwareExternalResourceAccessor] Constructing external resource: https://repo.maven.apache.org/maven2/org/jetbrains/kotlin/kotlin-util-io/1.4.32/kotlin-util-io-1.4.32.pom
2021-06-06T09:17:12.806-0500 [DEBUG] [org.gradle.internal.resource.transport.http.HttpResourceAccessor] Constructing external resource: https://repo.maven.apache.org/maven2/org/jetbrains/kotlin/kotlin-util-io/1.4.32/kotlin-util-io-1.4.32.pom
2021-06-06T09:17:12.806-0500 [DEBUG] [org.gradle.internal.resource.transport.http.HttpClientHelper] Performing HTTP GET: https://repo.maven.apache.org/maven2/org/jetbrains/kotlin/kotlin-util-io/1.4.32/kotlin-util-io-1.4.32.pom
2021-06-06T09:17:12.806-0500 [DEBUG] [org.apache.http.client.protocol.RequestAddCookies] CookieSpec selected: default
2021-06-06T09:17:12.806-0500 [DEBUG] [org.apache.http.client.protocol.RequestAuthCache] Auth cache not set in the context
2021-06-06T09:17:12.806-0500 [DEBUG] [org.apache.http.impl.conn.PoolingHttpClientConnectionManager] Connection request: [route: {s}->https://repo.maven.apache.org:443][total kept alive: 8; route allocated: 8 of 20; total allocated: 8 of 20]
2021-06-06T09:17:12.807-0500 [DEBUG] [org.apache.http.impl.conn.PoolingHttpClientConnectionManager] Connection leased: [id: 14][route: {s}->https://repo.maven.apache.org:443][total kept alive: 7; route allocated: 8 of 20; total allocated: 8 of 20]
2021-06-06T09:17:12.807-0500 [DEBUG] [org.apache.http.impl.conn.DefaultManagedHttpClientConnection] http-outgoing-14: set socket timeout to 30000
2021-06-06T09:17:12.807-0500 [DEBUG] [org.apache.http.impl.conn.DefaultManagedHttpClientConnection] http-outgoing-14: set socket timeout to 30000
2021-06-06T09:17:12.807-0500 [DEBUG] [org.apache.http.impl.execchain.MainClientExec] Executing request GET /maven2/org/jetbrains/kotlin/kotlin-util-io/1.4.32/kotlin-util-io-1.4.32.pom HTTP/1.1
2021-06-06T09:17:12.807-0500 [DEBUG] [org.apache.http.impl.execchain.MainClientExec] Target auth state: UNCHALLENGED
2021-06-06T09:17:12.807-0500 [DEBUG] [org.apache.http.impl.execchain.MainClientExec] Proxy auth state: UNCHALLENGED
2021-06-06T09:17:12.824-0500 [DEBUG] [org.apache.http.impl.execchain.MainClientExec] Connection can be kept alive indefinitely
2021-06-06T09:17:12.824-0500 [DEBUG] [org.gradle.internal.resource.transport.http.HttpResponseResource] Attempting to download resource https://repo.maven.apache.org/maven2/org/jetbrains/kotlin/kotlin-util-io/1.4.32/kotlin-util-io-1.4.32.pom.
2021-06-06T09:17:12.826-0500 [INFO] [org.gradle.internal.resource.transfer.DefaultCacheAwareExternalResourceAccessor] Downloading https://repo.maven.apache.org/maven2/org/jetbrains/kotlin/kotlin-util-io/1.4.32/kotlin-util-io-1.4.32.pom to C:\Users\gathi\AppData\Local\Temp\gradle_download17748302511922941316bin
2021-06-06T09:17:12.827-0500 [DEBUG] [org.apache.http.impl.conn.PoolingHttpClientConnectionManager] Connection [id: 14][route: {s}->https://repo.maven.apache.org:443] can be kept alive indefinitely
2021-06-06T09:17:12.827-0500 [DEBUG] [org.apache.http.impl.conn.DefaultManagedHttpClientConnection] http-outgoing-14: set socket timeout to 0
2021-06-06T09:17:12.827-0500 [DEBUG] [org.apache.http.impl.conn.PoolingHttpClientConnectionManager] Connection released: [id: 14][route: {s}->https://repo.maven.apache.org:443][total kept alive: 8; route allocated: 8 of 20; total allocated: 8 of 20]
2021-06-06T09:17:12.828-0500 [DEBUG] [org.gradle.internal.operations.DefaultBuildOperationRunner] Build operation 'Download https://repo.maven.apache.org/maven2/org/jetbrains/kotlin/kotlin-util-io/1.4.32/kotlin-util-io-1.4.32.pom' completed
2021-06-06T09:17:12.839-0500 [DEBUG] [org.gradle.api.internal.artifacts.repositories.resolver.ExternalResourceResolver] Metadata file found for module 'org.jetbrains.kotlin:kotlin-util-io:1.4.32' in repository 'MavenRepo'.
2021-06-06T09:17:12.839-0500 [DEBUG] [org.gradle.api.internal.artifacts.ivyservice.modulecache.PersistentModuleMetadataCache] Recording module descriptor in cache: org.jetbrains.kotlin:kotlin-util-io:1.4.32 [changing = false]
2021-06-06T09:17:12.844-0500 [DEBUG] [org.gradle.api.internal.artifacts.ivyservice.ivyresolve.RepositoryChainComponentMetaDataResolver] Using org.jetbrains.kotlin:kotlin-util-io:1.4.32 from Maven repository 'MavenRepo'
2021-06-06T09:17:12.845-0500 [DEBUG] [org.gradle.api.internal.artifacts.ivyservice.resolveengine.graph.builder.DependencyGraphBuilder] Visiting configuration com.google.code.gson:gson:2.8.6(runtime).
2021-06-06T09:17:12.845-0500 [DEBUG] [org.gradle.api.internal.artifacts.ivyservice.resolveengine.graph.builder.DependencyGraphBuilder] Visiting configuration de.undercouch:gradle-download-task:4.0.2(runtime).
2021-06-06T09:17:12.845-0500 [DEBUG] [org.gradle.api.internal.artifacts.ivyservice.resolveengine.graph.builder.DependencyGraphBuilder] Visiting configuration com.github.gundy:semver4j:0.16.4(runtime).
2021-06-06T09:17:12.845-0500 [DEBUG] [org.gradle.api.internal.artifacts.ivyservice.ivyresolve.RepositoryChainComponentMetaDataResolver] Attempting to resolve component for org.antlr:antlr4-runtime:4.5.2-1 using repositories [Google, MavenRepo]
2021-06-06T09:17:12.846-0500 [DEBUG] [org.gradle.api.internal.artifacts.repositories.resolver.DefaultExternalResourceArtifactResolver] Loading https://dl.google.com/dl/android/maven2/org/antlr/antlr4-runtime/4.5.2-1/antlr4-runtime-4.5.2-1.pom
2021-06-06T09:17:12.846-0500 [DEBUG] [org.gradle.internal.resource.transfer.DefaultCacheAwareExternalResourceAccessor] Constructing external resource: https://dl.google.com/dl/android/maven2/org/antlr/antlr4-runtime/4.5.2-1/antlr4-runtime-4.5.2-1.pom
2021-06-06T09:17:12.847-0500 [DEBUG] [org.gradle.internal.resource.transport.http.HttpResourceAccessor] Constructing external resource: https://dl.google.com/dl/android/maven2/org/antlr/antlr4-runtime/4.5.2-1/antlr4-runtime-4.5.2-1.pom
2021-06-06T09:17:12.847-0500 [DEBUG] [org.gradle.internal.resource.transport.http.HttpClientHelper] Performing HTTP GET: https://dl.google.com/dl/android/maven2/org/antlr/antlr4-runtime/4.5.2-1/antlr4-runtime-4.5.2-1.pom
2021-06-06T09:17:12.847-0500 [DEBUG] [org.apache.http.client.protocol.RequestAddCookies] CookieSpec selected: default
2021-06-06T09:17:12.848-0500 [DEBUG] [org.apache.http.client.protocol.RequestAuthCache] Auth cache not set in the context
2021-06-06T09:17:12.848-0500 [DEBUG] [org.apache.http.impl.conn.PoolingHttpClientConnectionManager] Connection request: [route: {s}->https://dl.google.com:443][total kept alive: 8; route allocated: 8 of 20; total allocated: 8 of 20]
2021-06-06T09:17:12.848-0500 [DEBUG] [org.apache.http.impl.conn.PoolingHttpClientConnectionManager] Connection leased: [id: 1][route: {s}->https://dl.google.com:443][total kept alive: 7; route allocated: 8 of 20; total allocated: 8 of 20]
2021-06-06T09:17:12.848-0500 [DEBUG] [org.apache.http.impl.conn.DefaultManagedHttpClientConnection] http-outgoing-1: set socket timeout to 30000
2021-06-06T09:17:12.848-0500 [DEBUG] [org.apache.http.impl.conn.DefaultManagedHttpClientConnection] http-outgoing-1: set socket timeout to 30000
2021-06-06T09:17:12.848-0500 [DEBUG] [org.apache.http.impl.execchain.MainClientExec] Executing request GET /dl/android/maven2/org/antlr/antlr4-runtime/4.5.2-1/antlr4-runtime-4.5.2-1.pom HTTP/1.1
2021-06-06T09:17:12.848-0500 [DEBUG] [org.apache.http.impl.execchain.MainClientExec] Target auth state: UNCHALLENGED
2021-06-06T09:17:12.848-0500 [DEBUG] [org.apache.http.impl.execchain.MainClientExec] Proxy auth state: UNCHALLENGED
2021-06-06T09:17:12.885-0500 [DEBUG] [org.apache.http.impl.execchain.MainClientExec] Connection can be kept alive indefinitely
2021-06-06T09:17:12.886-0500 [DEBUG] [org.apache.http.impl.conn.PoolingHttpClientConnectionManager] Connection [id: 1][route: {s}->https://dl.google.com:443] can be kept alive indefinitely
2021-06-06T09:17:12.886-0500 [DEBUG] [org.apache.http.impl.conn.DefaultManagedHttpClientConnection] http-outgoing-1: set socket timeout to 0
2021-06-06T09:17:12.886-0500 [DEBUG] [org.apache.http.impl.conn.PoolingHttpClientConnectionManager] Connection released: [id: 1][route: {s}->https://dl.google.com:443][total kept alive: 8; route allocated: 8 of 20; total allocated: 8 of 20]
2021-06-06T09:17:12.886-0500 [INFO] [org.gradle.internal.resource.transport.http.HttpClientHelper] Resource missing. [HTTP GET: https://dl.google.com/dl/android/maven2/org/antlr/antlr4-runtime/4.5.2-1/antlr4-runtime-4.5.2-1.pom]
2021-06-06T09:17:12.886-0500 [DEBUG] [org.gradle.internal.operations.DefaultBuildOperationRunner] Build operation 'Download https://dl.google.com/dl/android/maven2/org/antlr/antlr4-runtime/4.5.2-1/antlr4-runtime-4.5.2-1.pom' completed
2021-06-06T09:17:12.887-0500 [DEBUG] [org.gradle.api.internal.artifacts.repositories.resolver.ExternalResourceResolver] No meta-data file or artifact found for module 'org.antlr:antlr4-runtime:4.5.2-1' in repository 'Google'.
2021-06-06T09:17:12.887-0500 [DEBUG] [org.gradle.api.internal.artifacts.ivyservice.modulecache.PersistentModuleMetadataCache] Recording absence of module descriptor in cache: org.antlr:antlr4-runtime:4.5.2-1 [changing = false]
2021-06-06T09:17:12.887-0500 [DEBUG] [org.gradle.api.internal.artifacts.repositories.resolver.DefaultExternalResourceArtifactResolver] Loading https://repo.maven.apache.org/maven2/org/antlr/antlr4-runtime/4.5.2-1/antlr4-runtime-4.5.2-1.pom
2021-06-06T09:17:12.887-0500 [DEBUG] [org.gradle.internal.resource.transfer.DefaultCacheAwareExternalResourceAccessor] Constructing external resource: https://repo.maven.apache.org/maven2/org/antlr/antlr4-runtime/4.5.2-1/antlr4-runtime-4.5.2-1.pom
2021-06-06T09:17:12.888-0500 [DEBUG] [org.gradle.internal.resource.transport.http.HttpResourceAccessor] Constructing external resource: https://repo.maven.apache.org/maven2/org/antlr/antlr4-runtime/4.5.2-1/antlr4-runtime-4.5.2-1.pom
2021-06-06T09:17:12.889-0500 [DEBUG] [org.gradle.internal.resource.transport.http.HttpClientHelper] Performing HTTP GET: https://repo.maven.apache.org/maven2/org/antlr/antlr4-runtime/4.5.2-1/antlr4-runtime-4.5.2-1.pom
2021-06-06T09:17:12.889-0500 [DEBUG] [org.apache.http.client.protocol.RequestAddCookies] CookieSpec selected: default
2021-06-06T09:17:12.889-0500 [DEBUG] [org.apache.http.client.protocol.RequestAuthCache] Auth cache not set in the context
2021-06-06T09:17:12.889-0500 [DEBUG] [org.apache.http.impl.conn.PoolingHttpClientConnectionManager] Connection request: [route: {s}->https://repo.maven.apache.org:443][total kept alive: 8; route allocated: 8 of 20; total allocated: 8 of 20]
2021-06-06T09:17:12.889-0500 [DEBUG] [org.apache.http.impl.conn.PoolingHttpClientConnectionManager] Connection leased: [id: 14][route: {s}->https://repo.maven.apache.org:443][total kept alive: 7; route allocated: 8 of 20; total allocated: 8 of 20]
2021-06-06T09:17:12.889-0500 [DEBUG] [org.apache.http.impl.conn.DefaultManagedHttpClientConnection] http-outgoing-14: set socket timeout to 30000
2021-06-06T09:17:12.889-0500 [DEBUG] [org.apache.http.impl.conn.DefaultManagedHttpClientConnection] http-outgoing-14: set socket timeout to 30000
2021-06-06T09:17:12.889-0500 [DEBUG] [org.apache.http.impl.execchain.MainClientExec] Executing request GET /maven2/org/antlr/antlr4-runtime/4.5.2-1/antlr4-runtime-4.5.2-1.pom HTTP/1.1
2021-06-06T09:17:12.889-0500 [DEBUG] [org.apache.http.impl.execchain.MainClientExec] Target auth state: UNCHALLENGED
2021-06-06T09:17:12.889-0500 [DEBUG] [org.apache.http.impl.execchain.MainClientExec] Proxy auth state: UNCHALLENGED
2021-06-06T09:17:12.907-0500 [DEBUG] [org.apache.http.impl.execchain.MainClientExec] Connection can be kept alive indefinitely
2021-06-06T09:17:12.908-0500 [DEBUG] [org.gradle.internal.resource.transport.http.HttpResponseResource] Attempting to download resource https://repo.maven.apache.org/maven2/org/antlr/antlr4-runtime/4.5.2-1/antlr4-runtime-4.5.2-1.pom.
2021-06-06T09:17:12.910-0500 [INFO] [org.gradle.internal.resource.transfer.DefaultCacheAwareExternalResourceAccessor] Downloading https://repo.maven.apache.org/maven2/org/antlr/antlr4-runtime/4.5.2-1/antlr4-runtime-4.5.2-1.pom to C:\Users\gathi\AppData\Local\Temp\gradle_download10275486243139498646bin
2021-06-06T09:17:12.911-0500 [DEBUG] [org.apache.http.impl.conn.PoolingHttpClientConnectionManager] Connection [id: 14][route: {s}->https://repo.maven.apache.org:443] can be kept alive indefinitely
2021-06-06T09:17:12.911-0500 [DEBUG] [org.apache.http.impl.conn.DefaultManagedHttpClientConnection] http-outgoing-14: set socket timeout to 0
2021-06-06T09:17:12.911-0500 [DEBUG] [org.apache.http.impl.conn.PoolingHttpClientConnectionManager] Connection released: [id: 14][route: {s}->https://repo.maven.apache.org:443][total kept alive: 8; route allocated: 8 of 20; total allocated: 8 of 20]
2021-06-06T09:17:12.911-0500 [DEBUG] [org.gradle.internal.operations.DefaultBuildOperationRunner] Build operation 'Download https://repo.maven.apache.org/maven2/org/antlr/antlr4-runtime/4.5.2-1/antlr4-runtime-4.5.2-1.pom' completed
2021-06-06T09:17:12.921-0500 [DEBUG] [org.gradle.api.internal.artifacts.ivyservice.ivyresolve.RepositoryChainComponentMetaDataResolver] Attempting to resolve component for org.antlr:antlr4-master:4.5.2-1 using repositories [Google, MavenRepo]
2021-06-06T09:17:12.922-0500 [DEBUG] [org.gradle.api.internal.artifacts.repositories.resolver.DefaultExternalResourceArtifactResolver] Loading https://dl.google.com/dl/android/maven2/org/antlr/antlr4-master/4.5.2-1/antlr4-master-4.5.2-1.pom
2021-06-06T09:17:12.922-0500 [DEBUG] [org.gradle.internal.resource.transfer.DefaultCacheAwareExternalResourceAccessor] Constructing external resource: https://dl.google.com/dl/android/maven2/org/antlr/antlr4-master/4.5.2-1/antlr4-master-4.5.2-1.pom
2021-06-06T09:17:12.923-0500 [DEBUG] [org.gradle.internal.resource.transport.http.HttpResourceAccessor] Constructing external resource: https://dl.google.com/dl/android/maven2/org/antlr/antlr4-master/4.5.2-1/antlr4-master-4.5.2-1.pom
2021-06-06T09:17:12.923-0500 [DEBUG] [org.gradle.internal.resource.transport.http.HttpClientHelper] Performing HTTP GET: https://dl.google.com/dl/android/maven2/org/antlr/antlr4-master/4.5.2-1/antlr4-master-4.5.2-1.pom
2021-06-06T09:17:12.924-0500 [DEBUG] [org.apache.http.client.protocol.RequestAddCookies] CookieSpec selected: default
2021-06-06T09:17:12.924-0500 [DEBUG] [org.apache.http.client.protocol.RequestAuthCache] Auth cache not set in the context
2021-06-06T09:17:12.924-0500 [DEBUG] [org.apache.http.impl.conn.PoolingHttpClientConnectionManager] Connection request: [route: {s}->https://dl.google.com:443][total kept alive: 8; route allocated: 8 of 20; total allocated: 8 of 20]
2021-06-06T09:17:12.924-0500 [DEBUG] [org.apache.http.impl.conn.PoolingHttpClientConnectionManager] Connection leased: [id: 1][route: {s}->https://dl.google.com:443][total kept alive: 7; route allocated: 8 of 20; total allocated: 8 of 20]
2021-06-06T09:17:12.924-0500 [DEBUG] [org.apache.http.impl.conn.DefaultManagedHttpClientConnection] http-outgoing-1: set socket timeout to 30000
2021-06-06T09:17:12.924-0500 [DEBUG] [org.apache.http.impl.conn.DefaultManagedHttpClientConnection] http-outgoing-1: set socket timeout to 30000
2021-06-06T09:17:12.924-0500 [DEBUG] [org.apache.http.impl.execchain.MainClientExec] Executing request GET /dl/android/maven2/org/antlr/antlr4-master/4.5.2-1/antlr4-master-4.5.2-1.pom HTTP/1.1
2021-06-06T09:17:12.924-0500 [DEBUG] [org.apache.http.impl.execchain.MainClientExec] Target auth state: UNCHALLENGED
2021-06-06T09:17:12.924-0500 [DEBUG] [org.apache.http.impl.execchain.MainClientExec] Proxy auth state: UNCHALLENGED
2021-06-06T09:17:12.963-0500 [DEBUG] [org.apache.http.impl.execchain.MainClientExec] Connection can be kept alive indefinitely
2021-06-06T09:17:12.963-0500 [DEBUG] [org.apache.http.impl.conn.PoolingHttpClientConnectionManager] Connection [id: 1][route: {s}->https://dl.google.com:443] can be kept alive indefinitely
2021-06-06T09:17:12.964-0500 [DEBUG] [org.apache.http.impl.conn.DefaultManagedHttpClientConnection] http-outgoing-1: set socket timeout to 0
2021-06-06T09:17:12.964-0500 [DEBUG] [org.apache.http.impl.conn.PoolingHttpClientConnectionManager] Connection released: [id: 1][route: {s}->https://dl.google.com:443][total kept alive: 8; route allocated: 8 of 20; total allocated: 8 of 20]
2021-06-06T09:17:12.964-0500 [INFO] [org.gradle.internal.resource.transport.http.HttpClientHelper] Resource missing. [HTTP GET: https://dl.google.com/dl/android/maven2/org/antlr/antlr4-master/4.5.2-1/antlr4-master-4.5.2-1.pom]
2021-06-06T09:17:12.964-0500 [DEBUG] [org.gradle.internal.operations.DefaultBuildOperationRunner] Build operation 'Download https://dl.google.com/dl/android/maven2/org/antlr/antlr4-master/4.5.2-1/antlr4-master-4.5.2-1.pom' completed
2021-06-06T09:17:12.964-0500 [DEBUG] [org.gradle.api.internal.artifacts.repositories.resolver.ExternalResourceResolver] No meta-data file or artifact found for module 'org.antlr:antlr4-master:4.5.2-1' in repository 'Google'.
2021-06-06T09:17:12.964-0500 [DEBUG] [org.gradle.api.internal.artifacts.ivyservice.modulecache.PersistentModuleMetadataCache] Recording absence of module descriptor in cache: org.antlr:antlr4-master:4.5.2-1 [changing = false]
2021-06-06T09:17:12.964-0500 [DEBUG] [org.gradle.api.internal.artifacts.repositories.resolver.DefaultExternalResourceArtifactResolver] Loading https://repo.maven.apache.org/maven2/org/antlr/antlr4-master/4.5.2-1/antlr4-master-4.5.2-1.pom
2021-06-06T09:17:12.965-0500 [DEBUG] [org.gradle.internal.resource.transfer.DefaultCacheAwareExternalResourceAccessor] Constructing external resource: https://repo.maven.apache.org/maven2/org/antlr/antlr4-master/4.5.2-1/antlr4-master-4.5.2-1.pom
2021-06-06T09:17:12.966-0500 [DEBUG] [org.gradle.internal.resource.transport.http.HttpResourceAccessor] Constructing external resource: https://repo.maven.apache.org/maven2/org/antlr/antlr4-master/4.5.2-1/antlr4-master-4.5.2-1.pom
2021-06-06T09:17:12.966-0500 [DEBUG] [org.gradle.internal.resource.transport.http.HttpClientHelper] Performing HTTP GET: https://repo.maven.apache.org/maven2/org/antlr/antlr4-master/4.5.2-1/antlr4-master-4.5.2-1.pom
2021-06-06T09:17:12.966-0500 [DEBUG] [org.apache.http.client.protocol.RequestAddCookies] CookieSpec selected: default
2021-06-06T09:17:12.966-0500 [DEBUG] [org.apache.http.client.protocol.RequestAuthCache] Auth cache not set in the context
2021-06-06T09:17:12.966-0500 [DEBUG] [org.apache.http.impl.conn.PoolingHttpClientConnectionManager] Connection request: [route: {s}->https://repo.maven.apache.org:443][total kept alive: 8; route allocated: 8 of 20; total allocated: 8 of 20]
2021-06-06T09:17:12.966-0500 [DEBUG] [org.apache.http.impl.conn.PoolingHttpClientConnectionManager] Connection leased: [id: 14][route: {s}->https://repo.maven.apache.org:443][total kept alive: 7; route allocated: 8 of 20; total allocated: 8 of 20]
2021-06-06T09:17:12.966-0500 [DEBUG] [org.apache.http.impl.conn.DefaultManagedHttpClientConnection] http-outgoing-14: set socket timeout to 30000
2021-06-06T09:17:12.966-0500 [DEBUG] [org.apache.http.impl.conn.DefaultManagedHttpClientConnection] http-outgoing-14: set socket timeout to 30000
2021-06-06T09:17:12.966-0500 [DEBUG] [org.apache.http.impl.execchain.MainClientExec] Executing request GET /maven2/org/antlr/antlr4-master/4.5.2-1/antlr4-master-4.5.2-1.pom HTTP/1.1
2021-06-06T09:17:12.966-0500 [DEBUG] [org.apache.http.impl.execchain.MainClientExec] Target auth state: UNCHALLENGED
2021-06-06T09:17:12.966-0500 [DEBUG] [org.apache.http.impl.execchain.MainClientExec] Proxy auth state: UNCHALLENGED
2021-06-06T09:17:12.984-0500 [DEBUG] [org.apache.http.impl.execchain.MainClientExec] Connection can be kept alive indefinitely
2021-06-06T09:17:12.984-0500 [DEBUG] [org.gradle.internal.resource.transport.http.HttpResponseResource] Attempting to download resource https://repo.maven.apache.org/maven2/org/antlr/antlr4-master/4.5.2-1/antlr4-master-4.5.2-1.pom.
2021-06-06T09:17:12.985-0500 [INFO] [org.gradle.internal.resource.transfer.DefaultCacheAwareExternalResourceAccessor] Downloading https://repo.maven.apache.org/maven2/org/antlr/antlr4-master/4.5.2-1/antlr4-master-4.5.2-1.pom to C:\Users\gathi\AppData\Local\Temp\gradle_download1181474855228989141bin
2021-06-06T09:17:12.987-0500 [DEBUG] [org.apache.http.impl.conn.PoolingHttpClientConnectionManager] Connection [id: 14][route: {s}->https://repo.maven.apache.org:443] can be kept alive indefinitely
2021-06-06T09:17:12.987-0500 [DEBUG] [org.apache.http.impl.conn.DefaultManagedHttpClientConnection] http-outgoing-14: set socket timeout to 0
2021-06-06T09:17:12.987-0500 [DEBUG] [org.apache.http.impl.conn.PoolingHttpClientConnectionManager] Connection released: [id: 14][route: {s}->https://repo.maven.apache.org:443][total kept alive: 8; route allocated: 8 of 20; total allocated: 8 of 20]
2021-06-06T09:17:12.987-0500 [DEBUG] [org.gradle.internal.operations.DefaultBuildOperationRunner] Build operation 'Download https://repo.maven.apache.org/maven2/org/antlr/antlr4-master/4.5.2-1/antlr4-master-4.5.2-1.pom' completed
2021-06-06T09:17:12.995-0500 [DEBUG] [org.gradle.api.internal.artifacts.ivyservice.ivyresolve.RepositoryChainComponentMetaDataResolver] Attempting to resolve component for org.sonatype.oss:oss-parent:9 using repositories [Google, MavenRepo]
2021-06-06T09:17:12.995-0500 [DEBUG] [org.gradle.api.internal.artifacts.ivyservice.ivyresolve.CachingModuleComponentRepository] Detected non-existence of module 'org.sonatype.oss:oss-parent:9' in resolver cache 'Google'
2021-06-06T09:17:12.996-0500 [DEBUG] [org.gradle.api.internal.artifacts.ivyservice.ivyresolve.CachingModuleComponentRepository] Using cached module metadata for module 'org.sonatype.oss:oss-parent:9' in 'MavenRepo'
2021-06-06T09:17:12.996-0500 [DEBUG] [org.gradle.api.internal.artifacts.ivyservice.ivyresolve.RepositoryChainComponentMetaDataResolver] Using org.sonatype.oss:oss-parent:9 from Maven repository 'MavenRepo'
2021-06-06T09:17:12.996-0500 [DEBUG] [org.gradle.api.internal.artifacts.ivyservice.ivyresolve.CachingModuleComponentRepository] Found artifact 'oss-parent-9.pom (org.sonatype.oss:oss-parent:9)' in resolver cache: C:\Users\gathi\.gradle\caches\modules-2\files-2.1\org.sonatype.oss\oss-parent\9\e5cdc4d23b86d79c436f16fed20853284e868f65\oss-parent-9.pom
2021-06-06T09:17:12.999-0500 [DEBUG] [org.gradle.api.internal.artifacts.repositories.resolver.ExternalResourceResolver] Metadata file found for module 'org.antlr:antlr4-master:4.5.2-1' in repository 'MavenRepo'.
2021-06-06T09:17:12.999-0500 [DEBUG] [org.gradle.api.internal.artifacts.ivyservice.modulecache.PersistentModuleMetadataCache] Recording module descriptor in cache: org.antlr:antlr4-master:4.5.2-1 [changing = false]
2021-06-06T09:17:13.002-0500 [DEBUG] [org.gradle.api.internal.artifacts.ivyservice.ivyresolve.RepositoryChainComponentMetaDataResolver] Using org.antlr:antlr4-master:4.5.2-1 from Maven repository 'MavenRepo'
2021-06-06T09:17:13.002-0500 [DEBUG] [org.gradle.api.internal.artifacts.repositories.resolver.DefaultExternalResourceArtifactResolver] Loading https://repo.maven.apache.org/maven2/org/antlr/antlr4-master/4.5.2-1/antlr4-master-4.5.2-1.pom
2021-06-06T09:17:13.003-0500 [DEBUG] [org.gradle.internal.resource.transfer.DefaultCacheAwareExternalResourceAccessor] Constructing external resource: https://repo.maven.apache.org/maven2/org/antlr/antlr4-master/4.5.2-1/antlr4-master-4.5.2-1.pom
2021-06-06T09:17:13.003-0500 [DEBUG] [org.gradle.api.internal.artifacts.ivyservice.ivyresolve.CachingModuleComponentRepository] Downloaded artifact 'antlr4-master-4.5.2-1.pom (org.antlr:antlr4-master:4.5.2-1)' from resolver: MavenRepo
2021-06-06T09:17:13.006-0500 [DEBUG] [org.gradle.api.internal.artifacts.ivyservice.ivyresolve.RepositoryChainComponentMetaDataResolver] Attempting to resolve component for org.sonatype.oss:oss-parent:9 using repositories [Google, MavenRepo]
2021-06-06T09:17:13.006-0500 [DEBUG] [org.gradle.api.internal.artifacts.ivyservice.ivyresolve.CachingModuleComponentRepository] Detected non-existence of module 'org.sonatype.oss:oss-parent:9' in resolver cache 'Google'
2021-06-06T09:17:13.006-0500 [DEBUG] [org.gradle.api.internal.artifacts.ivyservice.ivyresolve.CachingModuleComponentRepository] Using cached module metadata for module 'org.sonatype.oss:oss-parent:9' in 'MavenRepo'
2021-06-06T09:17:13.006-0500 [DEBUG] [org.gradle.api.internal.artifacts.ivyservice.ivyresolve.RepositoryChainComponentMetaDataResolver] Using org.sonatype.oss:oss-parent:9 from Maven repository 'MavenRepo'
2021-06-06T09:17:13.006-0500 [DEBUG] [org.gradle.api.internal.artifacts.ivyservice.ivyresolve.CachingModuleComponentRepository] Found artifact 'oss-parent-9.pom (org.sonatype.oss:oss-parent:9)' in resolver cache: C:\Users\gathi\.gradle\caches\modules-2\files-2.1\org.sonatype.oss\oss-parent\9\e5cdc4d23b86d79c436f16fed20853284e868f65\oss-parent-9.pom
2021-06-06T09:17:13.009-0500 [DEBUG] [org.gradle.api.internal.artifacts.repositories.resolver.ExternalResourceResolver] Metadata file found for module 'org.antlr:antlr4-runtime:4.5.2-1' in repository 'MavenRepo'.
2021-06-06T09:17:13.010-0500 [DEBUG] [org.gradle.api.internal.artifacts.ivyservice.modulecache.PersistentModuleMetadataCache] Recording module descriptor in cache: org.antlr:antlr4-runtime:4.5.2-1 [changing = false]
2021-06-06T09:17:13.013-0500 [DEBUG] [org.gradle.api.internal.artifacts.ivyservice.ivyresolve.RepositoryChainComponentMetaDataResolver] Using org.antlr:antlr4-runtime:4.5.2-1 from Maven repository 'MavenRepo'
2021-06-06T09:17:13.013-0500 [DEBUG] [org.gradle.api.internal.artifacts.ivyservice.resolveengine.graph.builder.DependencyGraphBuilder] Visiting configuration org.jetbrains.kotlin:kotlin-compiler-embeddable:1.4.32(runtime).
2021-06-06T09:17:13.014-0500 [DEBUG] [org.gradle.api.internal.artifacts.ivyservice.resolveengine.graph.builder.DependencyGraphBuilder] Submitting 3 metadata files to resolve in parallel for org.jetbrains.kotlin:kotlin-compiler-embeddable:1.4.32(runtime)
2021-06-06T09:17:13.014-0500 [DEBUG] [org.gradle.internal.work.DefaultWorkerLeaseService] Worker lease root.1.57.58 started (1 worker(s) in use).
2021-06-06T09:17:13.014-0500 [DEBUG] [org.gradle.internal.resources.AbstractTrackedResourceLock] Daemon worker: acquired lock on root.1.57.58
2021-06-06T09:17:13.015-0500 [DEBUG] [org.gradle.api.internal.artifacts.ivyservice.ivyresolve.RepositoryChainComponentMetaDataResolver] Attempting to resolve component for org.jetbrains.kotlin:kotlin-script-runtime:1.4.32 using repositories [Google, MavenRepo]
2021-06-06T09:17:13.015-0500 [DEBUG] [org.gradle.api.internal.artifacts.ivyservice.ivyresolve.RepositoryChainComponentMetaDataResolver] Attempting to resolve component for org.jetbrains.kotlin:kotlin-daemon-embeddable:1.4.32 using repositories [Google, MavenRepo]
2021-06-06T09:17:13.015-0500 [DEBUG] [org.gradle.api.internal.artifacts.repositories.resolver.DefaultExternalResourceArtifactResolver] Loading https://dl.google.com/dl/android/maven2/org/jetbrains/kotlin/kotlin-script-runtime/1.4.32/kotlin-script-runtime-1.4.32.pom
2021-06-06T09:17:13.015-0500 [DEBUG] [org.gradle.api.internal.artifacts.ivyservice.ivyresolve.RepositoryChainComponentMetaDataResolver] Attempting to resolve component for org.jetbrains.intellij.deps:trove4j:1.0.20181211 using repositories [Google, MavenRepo]
2021-06-06T09:17:13.016-0500 [DEBUG] [org.gradle.internal.resource.transfer.DefaultCacheAwareExternalResourceAccessor] Constructing external resource: https://dl.google.com/dl/android/maven2/org/jetbrains/kotlin/kotlin-script-runtime/1.4.32/kotlin-script-runtime-1.4.32.pom
2021-06-06T09:17:13.016-0500 [DEBUG] [org.gradle.api.internal.artifacts.repositories.resolver.DefaultExternalResourceArtifactResolver] Loading https://dl.google.com/dl/android/maven2/org/jetbrains/intellij/deps/trove4j/1.0.20181211/trove4j-1.0.20181211.pom
2021-06-06T09:17:13.016-0500 [DEBUG] [org.gradle.api.internal.artifacts.repositories.resolver.DefaultExternalResourceArtifactResolver] Loading https://dl.google.com/dl/android/maven2/org/jetbrains/kotlin/kotlin-daemon-embeddable/1.4.32/kotlin-daemon-embeddable-1.4.32.pom
2021-06-06T09:17:13.016-0500 [DEBUG] [org.gradle.internal.resource.transfer.DefaultCacheAwareExternalResourceAccessor] Constructing external resource: https://dl.google.com/dl/android/maven2/org/jetbrains/intellij/deps/trove4j/1.0.20181211/trove4j-1.0.20181211.pom
2021-06-06T09:17:13.016-0500 [DEBUG] [org.gradle.internal.resource.transfer.DefaultCacheAwareExternalResourceAccessor] Constructing external resource: https://dl.google.com/dl/android/maven2/org/jetbrains/kotlin/kotlin-daemon-embeddable/1.4.32/kotlin-daemon-embeddable-1.4.32.pom
2021-06-06T09:17:13.017-0500 [DEBUG] [org.gradle.internal.resource.transport.http.HttpResourceAccessor] Constructing external resource: https://dl.google.com/dl/android/maven2/org/jetbrains/kotlin/kotlin-script-runtime/1.4.32/kotlin-script-runtime-1.4.32.pom
2021-06-06T09:17:13.017-0500 [DEBUG] [org.gradle.internal.resource.transport.http.HttpClientHelper] Performing HTTP GET: https://dl.google.com/dl/android/maven2/org/jetbrains/kotlin/kotlin-script-runtime/1.4.32/kotlin-script-runtime-1.4.32.pom
2021-06-06T09:17:13.017-0500 [DEBUG] [org.apache.http.client.protocol.RequestAddCookies] CookieSpec selected: default
2021-06-06T09:17:13.017-0500 [DEBUG] [org.gradle.internal.resource.transport.http.HttpResourceAccessor] Constructing external resource: https://dl.google.com/dl/android/maven2/org/jetbrains/intellij/deps/trove4j/1.0.20181211/trove4j-1.0.20181211.pom
2021-06-06T09:17:13.017-0500 [DEBUG] [org.apache.http.client.protocol.RequestAuthCache] Auth cache not set in the context
2021-06-06T09:17:13.017-0500 [DEBUG] [org.apache.http.impl.conn.PoolingHttpClientConnectionManager] Connection request: [route: {s}->https://dl.google.com:443][total kept alive: 8; route allocated: 8 of 20; total allocated: 8 of 20]
2021-06-06T09:17:13.017-0500 [DEBUG] [org.gradle.internal.resource.transport.http.HttpClientHelper] Performing HTTP GET: https://dl.google.com/dl/android/maven2/org/jetbrains/intellij/deps/trove4j/1.0.20181211/trove4j-1.0.20181211.pom
2021-06-06T09:17:13.018-0500 [DEBUG] [org.apache.http.impl.conn.PoolingHttpClientConnectionManager] Connection leased: [id: 1][route: {s}->https://dl.google.com:443][total kept alive: 7; route allocated: 8 of 20; total allocated: 8 of 20]
2021-06-06T09:17:13.018-0500 [DEBUG] [org.gradle.internal.resource.transport.http.HttpResourceAccessor] Constructing external resource: https://dl.google.com/dl/android/maven2/org/jetbrains/kotlin/kotlin-daemon-embeddable/1.4.32/kotlin-daemon-embeddable-1.4.32.pom
2021-06-06T09:17:13.018-0500 [DEBUG] [org.apache.http.client.protocol.RequestAddCookies] CookieSpec selected: default
2021-06-06T09:17:13.018-0500 [DEBUG] [org.apache.http.impl.conn.DefaultManagedHttpClientConnection] http-outgoing-1: set socket timeout to 30000
2021-06-06T09:17:13.018-0500 [DEBUG] [org.apache.http.client.protocol.RequestAuthCache] Auth cache not set in the context
2021-06-06T09:17:13.018-0500 [DEBUG] [org.gradle.internal.resource.transport.http.HttpClientHelper] Performing HTTP GET: https://dl.google.com/dl/android/maven2/org/jetbrains/kotlin/kotlin-daemon-embeddable/1.4.32/kotlin-daemon-embeddable-1.4.32.pom
2021-06-06T09:17:13.018-0500 [DEBUG] [org.apache.http.impl.conn.PoolingHttpClientConnectionManager] Connection request: [route: {s}->https://dl.google.com:443][total kept alive: 7; route allocated: 8 of 20; total allocated: 8 of 20]
2021-06-06T09:17:13.018-0500 [DEBUG] [org.apache.http.impl.conn.DefaultManagedHttpClientConnection] http-outgoing-1: set socket timeout to 30000
2021-06-06T09:17:13.018-0500 [DEBUG] [org.apache.http.impl.conn.PoolingHttpClientConnectionManager] Connection leased: [id: 3][route: {s}->https://dl.google.com:443][total kept alive: 6; route allocated: 8 of 20; total allocated: 8 of 20]
2021-06-06T09:17:13.018-0500 [DEBUG] [org.apache.http.impl.conn.DefaultManagedHttpClientConnection] http-outgoing-3: set socket timeout to 30000
2021-06-06T09:17:13.018-0500 [DEBUG] [org.apache.http.client.protocol.RequestAddCookies] CookieSpec selected: default
2021-06-06T09:17:13.018-0500 [DEBUG] [org.apache.http.impl.conn.DefaultManagedHttpClientConnection] http-outgoing-3: set socket timeout to 30000
2021-06-06T09:17:13.018-0500 [DEBUG] [org.apache.http.impl.execchain.MainClientExec] Executing request GET /dl/android/maven2/org/jetbrains/kotlin/kotlin-script-runtime/1.4.32/kotlin-script-runtime-1.4.32.pom HTTP/1.1
2021-06-06T09:17:13.019-0500 [DEBUG] [org.apache.http.impl.execchain.MainClientExec] Target auth state: UNCHALLENGED
2021-06-06T09:17:13.019-0500 [DEBUG] [org.apache.http.impl.execchain.MainClientExec] Proxy auth state: UNCHALLENGED
2021-06-06T09:17:13.019-0500 [DEBUG] [org.apache.http.impl.execchain.MainClientExec] Executing request GET /dl/android/maven2/org/jetbrains/intellij/deps/trove4j/1.0.20181211/trove4j-1.0.20181211.pom HTTP/1.1
2021-06-06T09:17:13.019-0500 [DEBUG] [org.apache.http.impl.execchain.MainClientExec] Target auth state: UNCHALLENGED
2021-06-06T09:17:13.019-0500 [DEBUG] [org.apache.http.impl.execchain.MainClientExec] Proxy auth state: UNCHALLENGED
2021-06-06T09:17:13.019-0500 [DEBUG] [org.apache.http.client.protocol.RequestAuthCache] Auth cache not set in the context
2021-06-06T09:17:13.019-0500 [DEBUG] [org.apache.http.impl.conn.PoolingHttpClientConnectionManager] Connection request: [route: {s}->https://dl.google.com:443][total kept alive: 6; route allocated: 8 of 20; total allocated: 8 of 20]
2021-06-06T09:17:13.019-0500 [DEBUG] [org.apache.http.impl.conn.PoolingHttpClientConnectionManager] Connection leased: [id: 5][route: {s}->https://dl.google.com:443][total kept alive: 5; route allocated: 8 of 20; total allocated: 8 of 20]
2021-06-06T09:17:13.019-0500 [DEBUG] [org.apache.http.impl.conn.DefaultManagedHttpClientConnection] http-outgoing-5: set socket timeout to 30000
2021-06-06T09:17:13.019-0500 [DEBUG] [org.apache.http.impl.conn.DefaultManagedHttpClientConnection] http-outgoing-5: set socket timeout to 30000
2021-06-06T09:17:13.019-0500 [DEBUG] [org.apache.http.impl.execchain.MainClientExec] Executing request GET /dl/android/maven2/org/jetbrains/kotlin/kotlin-daemon-embeddable/1.4.32/kotlin-daemon-embeddable-1.4.32.pom HTTP/1.1
2021-06-06T09:17:13.019-0500 [DEBUG] [org.apache.http.impl.execchain.MainClientExec] Target auth state: UNCHALLENGED
2021-06-06T09:17:13.020-0500 [DEBUG] [org.apache.http.impl.execchain.MainClientExec] Proxy auth state: UNCHALLENGED
2021-06-06T09:17:13.055-0500 [DEBUG] [org.apache.http.impl.execchain.MainClientExec] Connection can be kept alive indefinitely
2021-06-06T09:17:13.055-0500 [DEBUG] [org.apache.http.impl.execchain.MainClientExec] Connection can be kept alive indefinitely
2021-06-06T09:17:13.055-0500 [DEBUG] [org.apache.http.impl.conn.PoolingHttpClientConnectionManager] Connection [id: 1][route: {s}->https://dl.google.com:443] can be kept alive indefinitely
2021-06-06T09:17:13.056-0500 [DEBUG] [org.apache.http.impl.conn.DefaultManagedHttpClientConnection] http-outgoing-1: set socket timeout to 0
2021-06-06T09:17:13.056-0500 [DEBUG] [org.apache.http.impl.conn.PoolingHttpClientConnectionManager] Connection released: [id: 1][route: {s}->https://dl.google.com:443][total kept alive: 6; route allocated: 8 of 20; total allocated: 8 of 20]
2021-06-06T09:17:13.056-0500 [DEBUG] [org.apache.http.impl.conn.PoolingHttpClientConnectionManager] Connection [id: 3][route: {s}->https://dl.google.com:443] can be kept alive indefinitely
2021-06-06T09:17:13.056-0500 [DEBUG] [org.apache.http.impl.conn.DefaultManagedHttpClientConnection] http-outgoing-3: set socket timeout to 0
2021-06-06T09:17:13.056-0500 [INFO] [org.gradle.internal.resource.transport.http.HttpClientHelper] Resource missing. [HTTP GET: https://dl.google.com/dl/android/maven2/org/jetbrains/kotlin/kotlin-script-runtime/1.4.32/kotlin-script-runtime-1.4.32.pom]
2021-06-06T09:17:13.056-0500 [DEBUG] [org.apache.http.impl.conn.PoolingHttpClientConnectionManager] Connection released: [id: 3][route: {s}->https://dl.google.com:443][total kept alive: 7; route allocated: 8 of 20; total allocated: 8 of 20]
2021-06-06T09:17:13.056-0500 [DEBUG] [org.gradle.internal.operations.DefaultBuildOperationRunner] Build operation 'Download https://dl.google.com/dl/android/maven2/org/jetbrains/kotlin/kotlin-script-runtime/1.4.32/kotlin-script-runtime-1.4.32.pom' completed
2021-06-06T09:17:13.056-0500 [INFO] [org.gradle.internal.resource.transport.http.HttpClientHelper] Resource missing. [HTTP GET: https://dl.google.com/dl/android/maven2/org/jetbrains/intellij/deps/trove4j/1.0.20181211/trove4j-1.0.20181211.pom]
2021-06-06T09:17:13.056-0500 [DEBUG] [org.gradle.api.internal.artifacts.repositories.resolver.ExternalResourceResolver] No meta-data file or artifact found for module 'org.jetbrains.kotlin:kotlin-script-runtime:1.4.32' in repository 'Google'.
2021-06-06T09:17:13.057-0500 [DEBUG] [org.gradle.internal.operations.DefaultBuildOperationRunner] Build operation 'Download https://dl.google.com/dl/android/maven2/org/jetbrains/intellij/deps/trove4j/1.0.20181211/trove4j-1.0.20181211.pom' completed
2021-06-06T09:17:13.056-0500 [DEBUG] [org.gradle.api.internal.artifacts.ivyservice.modulecache.PersistentModuleMetadataCache] Recording absence of module descriptor in cache: org.jetbrains.kotlin:kotlin-script-runtime:1.4.32 [changing = false]
2021-06-06T09:17:13.057-0500 [DEBUG] [org.gradle.api.internal.artifacts.repositories.resolver.ExternalResourceResolver] No meta-data file or artifact found for module 'org.jetbrains.intellij.deps:trove4j:1.0.20181211' in repository 'Google'.
2021-06-06T09:17:13.057-0500 [DEBUG] [org.gradle.api.internal.artifacts.ivyservice.modulecache.PersistentModuleMetadataCache] Recording absence of module descriptor in cache: org.jetbrains.intellij.deps:trove4j:1.0.20181211 [changing = false]
2021-06-06T09:17:13.057-0500 [DEBUG] [org.gradle.api.internal.artifacts.repositories.resolver.DefaultExternalResourceArtifactResolver] Loading https://repo.maven.apache.org/maven2/org/jetbrains/intellij/deps/trove4j/1.0.20181211/trove4j-1.0.20181211.pom
2021-06-06T09:17:13.057-0500 [DEBUG] [org.gradle.api.internal.artifacts.repositories.resolver.DefaultExternalResourceArtifactResolver] Loading https://repo.maven.apache.org/maven2/org/jetbrains/kotlin/kotlin-script-runtime/1.4.32/kotlin-script-runtime-1.4.32.pom
2021-06-06T09:17:13.058-0500 [DEBUG] [org.gradle.internal.resource.transfer.DefaultCacheAwareExternalResourceAccessor] Constructing external resource: https://repo.maven.apache.org/maven2/org/jetbrains/kotlin/kotlin-script-runtime/1.4.32/kotlin-script-runtime-1.4.32.pom
2021-06-06T09:17:13.058-0500 [DEBUG] [org.gradle.internal.resource.transfer.DefaultCacheAwareExternalResourceAccessor] Constructing external resource: https://repo.maven.apache.org/maven2/org/jetbrains/intellij/deps/trove4j/1.0.20181211/trove4j-1.0.20181211.pom
2021-06-06T09:17:13.059-0500 [DEBUG] [org.gradle.internal.resource.transport.http.HttpResourceAccessor] Constructing external resource: https://repo.maven.apache.org/maven2/org/jetbrains/intellij/deps/trove4j/1.0.20181211/trove4j-1.0.20181211.pom
2021-06-06T09:17:13.059-0500 [DEBUG] [org.gradle.internal.resource.transport.http.HttpResourceAccessor] Constructing external resource: https://repo.maven.apache.org/maven2/org/jetbrains/kotlin/kotlin-script-runtime/1.4.32/kotlin-script-runtime-1.4.32.pom
2021-06-06T09:17:13.059-0500 [DEBUG] [org.gradle.internal.resource.transport.http.HttpClientHelper] Performing HTTP GET: https://repo.maven.apache.org/maven2/org/jetbrains/intellij/deps/trove4j/1.0.20181211/trove4j-1.0.20181211.pom
2021-06-06T09:17:13.059-0500 [DEBUG] [org.gradle.internal.resource.transport.http.HttpClientHelper] Performing HTTP GET: https://repo.maven.apache.org/maven2/org/jetbrains/kotlin/kotlin-script-runtime/1.4.32/kotlin-script-runtime-1.4.32.pom
2021-06-06T09:17:13.059-0500 [DEBUG] [org.apache.http.client.protocol.RequestAddCookies] CookieSpec selected: default
2021-06-06T09:17:13.059-0500 [DEBUG] [org.apache.http.client.protocol.RequestAddCookies] CookieSpec selected: default
2021-06-06T09:17:13.059-0500 [DEBUG] [org.apache.http.client.protocol.RequestAuthCache] Auth cache not set in the context
2021-06-06T09:17:13.060-0500 [DEBUG] [org.apache.http.client.protocol.RequestAuthCache] Auth cache not set in the context
2021-06-06T09:17:13.060-0500 [DEBUG] [org.apache.http.impl.conn.PoolingHttpClientConnectionManager] Connection request: [route: {s}->https://repo.maven.apache.org:443][total kept alive: 8; route allocated: 8 of 20; total allocated: 8 of 20]
2021-06-06T09:17:13.060-0500 [DEBUG] [org.apache.http.impl.conn.PoolingHttpClientConnectionManager] Connection request: [route: {s}->https://repo.maven.apache.org:443][total kept alive: 8; route allocated: 8 of 20; total allocated: 8 of 20]
2021-06-06T09:17:13.060-0500 [DEBUG] [org.apache.http.impl.conn.PoolingHttpClientConnectionManager] Connection leased: [id: 14][route: {s}->https://repo.maven.apache.org:443][total kept alive: 7; route allocated: 8 of 20; total allocated: 8 of 20]
2021-06-06T09:17:13.060-0500 [DEBUG] [org.apache.http.impl.conn.PoolingHttpClientConnectionManager] Connection leased: [id: 10][route: {s}->https://repo.maven.apache.org:443][total kept alive: 6; route allocated: 8 of 20; total allocated: 8 of 20]
2021-06-06T09:17:13.060-0500 [DEBUG] [org.apache.http.impl.conn.DefaultManagedHttpClientConnection] http-outgoing-10: set socket timeout to 30000
2021-06-06T09:17:13.060-0500 [DEBUG] [org.apache.http.impl.conn.DefaultManagedHttpClientConnection] http-outgoing-14: set socket timeout to 30000
2021-06-06T09:17:13.060-0500 [DEBUG] [org.apache.http.impl.conn.DefaultManagedHttpClientConnection] http-outgoing-10: set socket timeout to 30000
2021-06-06T09:17:13.060-0500 [DEBUG] [org.apache.http.impl.conn.DefaultManagedHttpClientConnection] http-outgoing-14: set socket timeout to 30000
2021-06-06T09:17:13.060-0500 [DEBUG] [org.apache.http.impl.execchain.MainClientExec] Executing request GET /maven2/org/jetbrains/intellij/deps/trove4j/1.0.20181211/trove4j-1.0.20181211.pom HTTP/1.1
2021-06-06T09:17:13.060-0500 [DEBUG] [org.apache.http.impl.execchain.MainClientExec] Target auth state: UNCHALLENGED
2021-06-06T09:17:13.060-0500 [DEBUG] [org.apache.http.impl.execchain.MainClientExec] Proxy auth state: UNCHALLENGED
2021-06-06T09:17:13.060-0500 [DEBUG] [org.apache.http.impl.execchain.MainClientExec] Executing request GET /maven2/org/jetbrains/kotlin/kotlin-script-runtime/1.4.32/kotlin-script-runtime-1.4.32.pom HTTP/1.1
2021-06-06T09:17:13.061-0500 [DEBUG] [org.apache.http.impl.execchain.MainClientExec] Target auth state: UNCHALLENGED
2021-06-06T09:17:13.061-0500 [DEBUG] [org.apache.http.impl.execchain.MainClientExec] Proxy auth state: UNCHALLENGED
2021-06-06T09:17:13.065-0500 [DEBUG] [org.apache.http.impl.execchain.MainClientExec] Connection can be kept alive indefinitely
2021-06-06T09:17:13.065-0500 [DEBUG] [org.apache.http.impl.conn.PoolingHttpClientConnectionManager] Connection [id: 5][route: {s}->https://dl.google.com:443] can be kept alive indefinitely
2021-06-06T09:17:13.065-0500 [DEBUG] [org.apache.http.impl.conn.DefaultManagedHttpClientConnection] http-outgoing-5: set socket timeout to 0
2021-06-06T09:17:13.065-0500 [DEBUG] [org.apache.http.impl.conn.PoolingHttpClientConnectionManager] Connection released: [id: 5][route: {s}->https://dl.google.com:443][total kept alive: 8; route allocated: 8 of 20; total allocated: 8 of 20]
2021-06-06T09:17:13.065-0500 [INFO] [org.gradle.internal.resource.transport.http.HttpClientHelper] Resource missing. [HTTP GET: https://dl.google.com/dl/android/maven2/org/jetbrains/kotlin/kotlin-daemon-embeddable/1.4.32/kotlin-daemon-embeddable-1.4.32.pom]
2021-06-06T09:17:13.066-0500 [DEBUG] [org.gradle.internal.operations.DefaultBuildOperationRunner] Build operation 'Download https://dl.google.com/dl/android/maven2/org/jetbrains/kotlin/kotlin-daemon-embeddable/1.4.32/kotlin-daemon-embeddable-1.4.32.pom' completed
2021-06-06T09:17:13.066-0500 [DEBUG] [org.gradle.api.internal.artifacts.repositories.resolver.ExternalResourceResolver] No meta-data file or artifact found for module 'org.jetbrains.kotlin:kotlin-daemon-embeddable:1.4.32' in repository 'Google'.
2021-06-06T09:17:13.066-0500 [DEBUG] [org.gradle.api.internal.artifacts.ivyservice.modulecache.PersistentModuleMetadataCache] Recording absence of module descriptor in cache: org.jetbrains.kotlin:kotlin-daemon-embeddable:1.4.32 [changing = false]
2021-06-06T09:17:13.066-0500 [DEBUG] [org.gradle.api.internal.artifacts.repositories.resolver.DefaultExternalResourceArtifactResolver] Loading https://repo.maven.apache.org/maven2/org/jetbrains/kotlin/kotlin-daemon-embeddable/1.4.32/kotlin-daemon-embeddable-1.4.32.pom
2021-06-06T09:17:13.066-0500 [DEBUG] [org.gradle.internal.resource.transfer.DefaultCacheAwareExternalResourceAccessor] Constructing external resource: https://repo.maven.apache.org/maven2/org/jetbrains/kotlin/kotlin-daemon-embeddable/1.4.32/kotlin-daemon-embeddable-1.4.32.pom
2021-06-06T09:17:13.067-0500 [DEBUG] [org.gradle.internal.resource.transport.http.HttpResourceAccessor] Constructing external resource: https://repo.maven.apache.org/maven2/org/jetbrains/kotlin/kotlin-daemon-embeddable/1.4.32/kotlin-daemon-embeddable-1.4.32.pom
2021-06-06T09:17:13.067-0500 [DEBUG] [org.gradle.internal.resource.transport.http.HttpClientHelper] Performing HTTP GET: https://repo.maven.apache.org/maven2/org/jetbrains/kotlin/kotlin-daemon-embeddable/1.4.32/kotlin-daemon-embeddable-1.4.32.pom
2021-06-06T09:17:13.067-0500 [DEBUG] [org.apache.http.client.protocol.RequestAddCookies] CookieSpec selected: default
2021-06-06T09:17:13.068-0500 [DEBUG] [org.apache.http.client.protocol.RequestAuthCache] Auth cache not set in the context
2021-06-06T09:17:13.068-0500 [DEBUG] [org.apache.http.impl.conn.PoolingHttpClientConnectionManager] Connection request: [route: {s}->https://repo.maven.apache.org:443][total kept alive: 6; route allocated: 8 of 20; total allocated: 8 of 20]
2021-06-06T09:17:13.068-0500 [DEBUG] [org.apache.http.impl.conn.PoolingHttpClientConnectionManager] Connection leased: [id: 12][route: {s}->https://repo.maven.apache.org:443][total kept alive: 5; route allocated: 8 of 20; total allocated: 8 of 20]
2021-06-06T09:17:13.068-0500 [DEBUG] [org.apache.http.impl.conn.DefaultManagedHttpClientConnection] http-outgoing-12: set socket timeout to 30000
2021-06-06T09:17:13.068-0500 [DEBUG] [org.apache.http.impl.conn.DefaultManagedHttpClientConnection] http-outgoing-12: set socket timeout to 30000
2021-06-06T09:17:13.068-0500 [DEBUG] [org.apache.http.impl.execchain.MainClientExec] Executing request GET /maven2/org/jetbrains/kotlin/kotlin-daemon-embeddable/1.4.32/kotlin-daemon-embeddable-1.4.32.pom HTTP/1.1
2021-06-06T09:17:13.068-0500 [DEBUG] [org.apache.http.impl.execchain.MainClientExec] Target auth state: UNCHALLENGED
2021-06-06T09:17:13.068-0500 [DEBUG] [org.apache.http.impl.execchain.MainClientExec] Proxy auth state: UNCHALLENGED
2021-06-06T09:17:13.078-0500 [DEBUG] [org.apache.http.impl.execchain.MainClientExec] Connection can be kept alive indefinitely
2021-06-06T09:17:13.078-0500 [DEBUG] [org.apache.http.impl.execchain.MainClientExec] Connection can be kept alive indefinitely
2021-06-06T09:17:13.079-0500 [DEBUG] [org.gradle.internal.resource.transport.http.HttpResponseResource] Attempting to download resource https://repo.maven.apache.org/maven2/org/jetbrains/kotlin/kotlin-script-runtime/1.4.32/kotlin-script-runtime-1.4.32.pom.
2021-06-06T09:17:13.080-0500 [DEBUG] [org.gradle.internal.resource.transport.http.HttpResponseResource] Attempting to download resource https://repo.maven.apache.org/maven2/org/jetbrains/intellij/deps/trove4j/1.0.20181211/trove4j-1.0.20181211.pom.
2021-06-06T09:17:13.084-0500 [INFO] [org.gradle.internal.resource.transfer.DefaultCacheAwareExternalResourceAccessor] Downloading https://repo.maven.apache.org/maven2/org/jetbrains/kotlin/kotlin-script-runtime/1.4.32/kotlin-script-runtime-1.4.32.pom to C:\Users\gathi\AppData\Local\Temp\gradle_download2521430495705584673bin
2021-06-06T09:17:13.084-0500 [INFO] [org.gradle.internal.resource.transfer.DefaultCacheAwareExternalResourceAccessor] Downloading https://repo.maven.apache.org/maven2/org/jetbrains/intellij/deps/trove4j/1.0.20181211/trove4j-1.0.20181211.pom to C:\Users\gathi\AppData\Local\Temp\gradle_download17426633328843186930bin
2021-06-06T09:17:13.087-0500 [DEBUG] [org.apache.http.impl.execchain.MainClientExec] Connection can be kept alive indefinitely
2021-06-06T09:17:13.088-0500 [DEBUG] [org.apache.http.impl.conn.PoolingHttpClientConnectionManager] Connection [id: 10][route: {s}->https://repo.maven.apache.org:443] can be kept alive indefinitely
2021-06-06T09:17:13.088-0500 [DEBUG] [org.apache.http.impl.conn.DefaultManagedHttpClientConnection] http-outgoing-10: set socket timeout to 0
2021-06-06T09:17:13.088-0500 [DEBUG] [org.apache.http.impl.conn.PoolingHttpClientConnectionManager] Connection [id: 14][route: {s}->https://repo.maven.apache.org:443] can be kept alive indefinitely
2021-06-06T09:17:13.088-0500 [DEBUG] [org.apache.http.impl.conn.DefaultManagedHttpClientConnection] http-outgoing-14: set socket timeout to 0
2021-06-06T09:17:13.089-0500 [DEBUG] [org.apache.http.impl.conn.PoolingHttpClientConnectionManager] Connection released: [id: 14][route: {s}->https://repo.maven.apache.org:443][total kept alive: 7; route allocated: 8 of 20; total allocated: 8 of 20]
2021-06-06T09:17:13.089-0500 [DEBUG] [org.apache.http.impl.conn.PoolingHttpClientConnectionManager] Connection released: [id: 10][route: {s}->https://repo.maven.apache.org:443][total kept alive: 6; route allocated: 8 of 20; total allocated: 8 of 20]
2021-06-06T09:17:13.089-0500 [DEBUG] [org.gradle.internal.resource.transport.http.HttpResponseResource] Attempting to download resource https://repo.maven.apache.org/maven2/org/jetbrains/kotlin/kotlin-daemon-embeddable/1.4.32/kotlin-daemon-embeddable-1.4.32.pom.
2021-06-06T09:17:13.090-0500 [DEBUG] [org.gradle.internal.operations.DefaultBuildOperationRunner] Build operation 'Download https://repo.maven.apache.org/maven2/org/jetbrains/intellij/deps/trove4j/1.0.20181211/trove4j-1.0.20181211.pom' completed
2021-06-06T09:17:13.091-0500 [DEBUG] [org.gradle.internal.operations.DefaultBuildOperationRunner] Build operation 'Download https://repo.maven.apache.org/maven2/org/jetbrains/kotlin/kotlin-script-runtime/1.4.32/kotlin-script-runtime-1.4.32.pom' completed
2021-06-06T09:17:13.093-0500 [INFO] [org.gradle.internal.resource.transfer.DefaultCacheAwareExternalResourceAccessor] Downloading https://repo.maven.apache.org/maven2/org/jetbrains/kotlin/kotlin-daemon-embeddable/1.4.32/kotlin-daemon-embeddable-1.4.32.pom to C:\Users\gathi\AppData\Local\Temp\gradle_download12672451837718022629bin
2021-06-06T09:17:13.096-0500 [DEBUG] [org.apache.http.impl.conn.PoolingHttpClientConnectionManager] Connection [id: 12][route: {s}->https://repo.maven.apache.org:443] can be kept alive indefinitely
2021-06-06T09:17:13.096-0500 [DEBUG] [org.apache.http.impl.conn.DefaultManagedHttpClientConnection] http-outgoing-12: set socket timeout to 0
2021-06-06T09:17:13.096-0500 [DEBUG] [org.apache.http.impl.conn.PoolingHttpClientConnectionManager] Connection released: [id: 12][route: {s}->https://repo.maven.apache.org:443][total kept alive: 8; route allocated: 8 of 20; total allocated: 8 of 20]
2021-06-06T09:17:13.097-0500 [DEBUG] [org.gradle.internal.operations.DefaultBuildOperationRunner] Build operation 'Download https://repo.maven.apache.org/maven2/org/jetbrains/kotlin/kotlin-daemon-embeddable/1.4.32/kotlin-daemon-embeddable-1.4.32.pom' completed
2021-06-06T09:17:13.111-0500 [DEBUG] [org.gradle.api.internal.artifacts.repositories.resolver.ExternalResourceResolver] Metadata file found for module 'org.jetbrains.intellij.deps:trove4j:1.0.20181211' in repository 'MavenRepo'.
2021-06-06T09:17:13.112-0500 [DEBUG] [org.gradle.api.internal.artifacts.ivyservice.modulecache.PersistentModuleMetadataCache] Recording module descriptor in cache: org.jetbrains.intellij.deps:trove4j:1.0.20181211 [changing = false]
2021-06-06T09:17:13.119-0500 [DEBUG] [org.gradle.api.internal.artifacts.repositories.resolver.ExternalResourceResolver] Metadata file found for module 'org.jetbrains.kotlin:kotlin-script-runtime:1.4.32' in repository 'MavenRepo'.
2021-06-06T09:17:13.119-0500 [DEBUG] [org.gradle.api.internal.artifacts.ivyservice.modulecache.PersistentModuleMetadataCache] Recording module descriptor in cache: org.jetbrains.kotlin:kotlin-script-runtime:1.4.32 [changing = false]
2021-06-06T09:17:13.125-0500 [DEBUG] [org.gradle.api.internal.artifacts.repositories.resolver.ExternalResourceResolver] Metadata file found for module 'org.jetbrains.kotlin:kotlin-daemon-embeddable:1.4.32' in repository 'MavenRepo'.
2021-06-06T09:17:13.126-0500 [DEBUG] [org.gradle.api.internal.artifacts.ivyservice.modulecache.PersistentModuleMetadataCache] Recording module descriptor in cache: org.jetbrains.kotlin:kotlin-daemon-embeddable:1.4.32 [changing = false]
2021-06-06T09:17:13.126-0500 [DEBUG] [org.gradle.api.internal.artifacts.ivyservice.ivyresolve.RepositoryChainComponentMetaDataResolver] Using org.jetbrains.intellij.deps:trove4j:1.0.20181211 from Maven repository 'MavenRepo'
2021-06-06T09:17:13.130-0500 [DEBUG] [org.gradle.api.internal.artifacts.ivyservice.ivyresolve.RepositoryChainComponentMetaDataResolver] Using org.jetbrains.kotlin:kotlin-script-runtime:1.4.32 from Maven repository 'MavenRepo'
2021-06-06T09:17:13.130-0500 [DEBUG] [org.gradle.internal.operations.DefaultBuildOperationRunner] Build operation 'Resolve org.jetbrains.kotlin:kotlin-script-runtime:1.4.32' completed
2021-06-06T09:17:13.130-0500 [DEBUG] [org.gradle.internal.work.DefaultWorkerLeaseService] Worker lease root.1.57.58 completed (1 worker(s) in use)
2021-06-06T09:17:13.130-0500 [DEBUG] [org.gradle.internal.resources.AbstractTrackedResourceLock] Daemon worker: released lock on root.1.57.58
2021-06-06T09:17:13.133-0500 [DEBUG] [org.gradle.api.internal.artifacts.ivyservice.ivyresolve.RepositoryChainComponentMetaDataResolver] Using org.jetbrains.kotlin:kotlin-daemon-embeddable:1.4.32 from Maven repository 'MavenRepo'
2021-06-06T09:17:13.134-0500 [DEBUG] [org.gradle.api.internal.artifacts.ivyservice.resolveengine.graph.builder.DependencyGraphBuilder] Visiting configuration org.jetbrains.kotlin:kotlin-annotation-processing-gradle:1.4.32(runtime).
2021-06-06T09:17:13.134-0500 [DEBUG] [org.gradle.api.internal.artifacts.ivyservice.resolveengine.graph.builder.DependencyGraphBuilder] Visiting configuration org.jetbrains.kotlin:kotlin-android-extensions:1.4.32(runtime).
2021-06-06T09:17:13.134-0500 [DEBUG] [org.gradle.api.internal.artifacts.ivyservice.resolveengine.graph.builder.DependencyGraphBuilder] Visiting configuration org.jetbrains.kotlin:kotlin-compiler-runner:1.4.32(runtime).
2021-06-06T09:17:13.135-0500 [DEBUG] [org.gradle.api.internal.artifacts.ivyservice.resolveengine.graph.builder.DependencyGraphBuilder] Submitting 3 metadata files to resolve in parallel for org.jetbrains.kotlin:kotlin-compiler-runner:1.4.32(runtime)
2021-06-06T09:17:13.135-0500 [DEBUG] [org.gradle.internal.work.DefaultWorkerLeaseService] Worker lease root.1.61.62 started (1 worker(s) in use).
2021-06-06T09:17:13.135-0500 [DEBUG] [org.gradle.internal.resources.AbstractTrackedResourceLock] Daemon worker: acquired lock on root.1.61.62
2021-06-06T09:17:13.135-0500 [DEBUG] [org.gradle.api.internal.artifacts.ivyservice.ivyresolve.RepositoryChainComponentMetaDataResolver] Attempting to resolve component for org.jetbrains.kotlinx:kotlinx-coroutines-core:1.3.8 using repositories [Google, MavenRepo]
2021-06-06T09:17:13.135-0500 [DEBUG] [org.gradle.api.internal.artifacts.ivyservice.ivyresolve.RepositoryChainComponentMetaDataResolver] Attempting to resolve component for org.jetbrains.kotlin:kotlin-build-common:1.4.32 using repositories [Google, MavenRepo]
2021-06-06T09:17:13.135-0500 [DEBUG] [org.gradle.api.internal.artifacts.repositories.resolver.DefaultExternalResourceArtifactResolver] Loading https://dl.google.com/dl/android/maven2/org/jetbrains/kotlinx/kotlinx-coroutines-core/1.3.8/kotlinx-coroutines-core-1.3.8.pom
2021-06-06T09:17:13.136-0500 [DEBUG] [org.gradle.api.internal.artifacts.repositories.resolver.DefaultExternalResourceArtifactResolver] Loading https://dl.google.com/dl/android/maven2/org/jetbrains/kotlin/kotlin-build-common/1.4.32/kotlin-build-common-1.4.32.pom
2021-06-06T09:17:13.136-0500 [DEBUG] [org.gradle.internal.resource.transfer.DefaultCacheAwareExternalResourceAccessor] Constructing external resource: https://dl.google.com/dl/android/maven2/org/jetbrains/kotlin/kotlin-build-common/1.4.32/kotlin-build-common-1.4.32.pom
2021-06-06T09:17:13.136-0500 [DEBUG] [org.gradle.internal.resource.transfer.DefaultCacheAwareExternalResourceAccessor] Constructing external resource: https://dl.google.com/dl/android/maven2/org/jetbrains/kotlinx/kotlinx-coroutines-core/1.3.8/kotlinx-coroutines-core-1.3.8.pom
2021-06-06T09:17:13.136-0500 [DEBUG] [org.gradle.api.internal.artifacts.ivyservice.ivyresolve.RepositoryChainComponentMetaDataResolver] Attempting to resolve component for org.jetbrains.kotlin:kotlin-daemon-client:1.4.32 using repositories [Google, MavenRepo]
2021-06-06T09:17:13.136-0500 [DEBUG] [org.gradle.api.internal.artifacts.repositories.resolver.DefaultExternalResourceArtifactResolver] Loading https://dl.google.com/dl/android/maven2/org/jetbrains/kotlin/kotlin-daemon-client/1.4.32/kotlin-daemon-client-1.4.32.pom
2021-06-06T09:17:13.136-0500 [DEBUG] [org.gradle.internal.resource.transfer.DefaultCacheAwareExternalResourceAccessor] Constructing external resource: https://dl.google.com/dl/android/maven2/org/jetbrains/kotlin/kotlin-daemon-client/1.4.32/kotlin-daemon-client-1.4.32.pom
2021-06-06T09:17:13.137-0500 [DEBUG] [org.gradle.internal.resource.transport.http.HttpResourceAccessor] Constructing external resource: https://dl.google.com/dl/android/maven2/org/jetbrains/kotlin/kotlin-build-common/1.4.32/kotlin-build-common-1.4.32.pom
2021-06-06T09:17:13.137-0500 [DEBUG] [org.gradle.internal.resource.transport.http.HttpClientHelper] Performing HTTP GET: https://dl.google.com/dl/android/maven2/org/jetbrains/kotlin/kotlin-build-common/1.4.32/kotlin-build-common-1.4.32.pom
2021-06-06T09:17:13.137-0500 [DEBUG] [org.gradle.internal.resource.transport.http.HttpResourceAccessor] Constructing external resource: https://dl.google.com/dl/android/maven2/org/jetbrains/kotlin/kotlin-daemon-client/1.4.32/kotlin-daemon-client-1.4.32.pom
2021-06-06T09:17:13.137-0500 [DEBUG] [org.apache.http.client.protocol.RequestAddCookies] CookieSpec selected: default
2021-06-06T09:17:13.138-0500 [DEBUG] [org.gradle.internal.resource.transport.http.HttpClientHelper] Performing HTTP GET: https://dl.google.com/dl/android/maven2/org/jetbrains/kotlin/kotlin-daemon-client/1.4.32/kotlin-daemon-client-1.4.32.pom
2021-06-06T09:17:13.137-0500 [DEBUG] [org.gradle.internal.resource.transport.http.HttpResourceAccessor] Constructing external resource: https://dl.google.com/dl/android/maven2/org/jetbrains/kotlinx/kotlinx-coroutines-core/1.3.8/kotlinx-coroutines-core-1.3.8.pom
2021-06-06T09:17:13.138-0500 [DEBUG] [org.apache.http.client.protocol.RequestAddCookies] CookieSpec selected: default
2021-06-06T09:17:13.138-0500 [DEBUG] [org.apache.http.client.protocol.RequestAuthCache] Auth cache not set in the context
2021-06-06T09:17:13.138-0500 [DEBUG] [org.apache.http.impl.conn.PoolingHttpClientConnectionManager] Connection request: [route: {s}->https://dl.google.com:443][total kept alive: 8; route allocated: 8 of 20; total allocated: 8 of 20]
2021-06-06T09:17:13.138-0500 [DEBUG] [org.apache.http.impl.conn.PoolingHttpClientConnectionManager] Connection leased: [id: 5][route: {s}->https://dl.google.com:443][total kept alive: 7; route allocated: 8 of 20; total allocated: 8 of 20]
2021-06-06T09:17:13.138-0500 [DEBUG] [org.apache.http.impl.conn.DefaultManagedHttpClientConnection] http-outgoing-5: set socket timeout to 30000
2021-06-06T09:17:13.138-0500 [DEBUG] [org.apache.http.impl.conn.DefaultManagedHttpClientConnection] http-outgoing-5: set socket timeout to 30000
2021-06-06T09:17:13.138-0500 [DEBUG] [org.apache.http.client.protocol.RequestAuthCache] Auth cache not set in the context
2021-06-06T09:17:13.138-0500 [DEBUG] [org.apache.http.impl.conn.PoolingHttpClientConnectionManager] Connection request: [route: {s}->https://dl.google.com:443][total kept alive: 7; route allocated: 8 of 20; total allocated: 8 of 20]
2021-06-06T09:17:13.139-0500 [DEBUG] [org.apache.http.impl.conn.PoolingHttpClientConnectionManager] Connection leased: [id: 3][route: {s}->https://dl.google.com:443][total kept alive: 6; route allocated: 8 of 20; total allocated: 8 of 20]
2021-06-06T09:17:13.139-0500 [DEBUG] [org.apache.http.impl.conn.DefaultManagedHttpClientConnection] http-outgoing-3: set socket timeout to 30000
2021-06-06T09:17:13.139-0500 [DEBUG] [org.apache.http.impl.conn.DefaultManagedHttpClientConnection] http-outgoing-3: set socket timeout to 30000
2021-06-06T09:17:13.139-0500 [DEBUG] [org.apache.http.impl.execchain.MainClientExec] Executing request GET /dl/android/maven2/org/jetbrains/kotlin/kotlin-build-common/1.4.32/kotlin-build-common-1.4.32.pom HTTP/1.1
2021-06-06T09:17:13.139-0500 [DEBUG] [org.apache.http.impl.execchain.MainClientExec] Target auth state: UNCHALLENGED
2021-06-06T09:17:13.139-0500 [DEBUG] [org.apache.http.impl.execchain.MainClientExec] Proxy auth state: UNCHALLENGED
2021-06-06T09:17:13.138-0500 [DEBUG] [org.apache.http.impl.execchain.MainClientExec] Executing request GET /dl/android/maven2/org/jetbrains/kotlin/kotlin-daemon-client/1.4.32/kotlin-daemon-client-1.4.32.pom HTTP/1.1
2021-06-06T09:17:13.139-0500 [DEBUG] [org.apache.http.impl.execchain.MainClientExec] Target auth state: UNCHALLENGED
2021-06-06T09:17:13.139-0500 [DEBUG] [org.apache.http.impl.execchain.MainClientExec] Proxy auth state: UNCHALLENGED
2021-06-06T09:17:13.138-0500 [DEBUG] [org.gradle.internal.resource.transport.http.HttpClientHelper] Performing HTTP GET: https://dl.google.com/dl/android/maven2/org/jetbrains/kotlinx/kotlinx-coroutines-core/1.3.8/kotlinx-coroutines-core-1.3.8.pom
2021-06-06T09:17:13.139-0500 [DEBUG] [org.apache.http.client.protocol.RequestAddCookies] CookieSpec selected: default
2021-06-06T09:17:13.139-0500 [DEBUG] [org.apache.http.client.protocol.RequestAuthCache] Auth cache not set in the context
2021-06-06T09:17:13.139-0500 [DEBUG] [org.apache.http.impl.conn.PoolingHttpClientConnectionManager] Connection request: [route: {s}->https://dl.google.com:443][total kept alive: 6; route allocated: 8 of 20; total allocated: 8 of 20]
2021-06-06T09:17:13.139-0500 [DEBUG] [org.apache.http.impl.conn.PoolingHttpClientConnectionManager] Connection leased: [id: 1][route: {s}->https://dl.google.com:443][total kept alive: 5; route allocated: 8 of 20; total allocated: 8 of 20]
2021-06-06T09:17:13.139-0500 [DEBUG] [org.apache.http.impl.conn.DefaultManagedHttpClientConnection] http-outgoing-1: set socket timeout to 30000
2021-06-06T09:17:13.140-0500 [DEBUG] [org.apache.http.impl.conn.DefaultManagedHttpClientConnection] http-outgoing-1: set socket timeout to 30000
2021-06-06T09:17:13.140-0500 [DEBUG] [org.apache.http.impl.execchain.MainClientExec] Executing request GET /dl/android/maven2/org/jetbrains/kotlinx/kotlinx-coroutines-core/1.3.8/kotlinx-coroutines-core-1.3.8.pom HTTP/1.1
2021-06-06T09:17:13.140-0500 [DEBUG] [org.apache.http.impl.execchain.MainClientExec] Target auth state: UNCHALLENGED
2021-06-06T09:17:13.140-0500 [DEBUG] [org.apache.http.impl.execchain.MainClientExec] Proxy auth state: UNCHALLENGED
2021-06-06T09:17:13.175-0500 [DEBUG] [org.apache.http.impl.execchain.MainClientExec] Connection can be kept alive indefinitely
2021-06-06T09:17:13.175-0500 [DEBUG] [org.apache.http.impl.conn.PoolingHttpClientConnectionManager] Connection [id: 3][route: {s}->https://dl.google.com:443] can be kept alive indefinitely
2021-06-06T09:17:13.175-0500 [DEBUG] [org.apache.http.impl.conn.DefaultManagedHttpClientConnection] http-outgoing-3: set socket timeout to 0
2021-06-06T09:17:13.175-0500 [DEBUG] [org.apache.http.impl.conn.PoolingHttpClientConnectionManager] Connection released: [id: 3][route: {s}->https://dl.google.com:443][total kept alive: 6; route allocated: 8 of 20; total allocated: 8 of 20]
2021-06-06T09:17:13.175-0500 [INFO] [org.gradle.internal.resource.transport.http.HttpClientHelper] Resource missing. [HTTP GET: https://dl.google.com/dl/android/maven2/org/jetbrains/kotlin/kotlin-build-common/1.4.32/kotlin-build-common-1.4.32.pom]
2021-06-06T09:17:13.176-0500 [DEBUG] [org.gradle.internal.operations.DefaultBuildOperationRunner] Build operation 'Download https://dl.google.com/dl/android/maven2/org/jetbrains/kotlin/kotlin-build-common/1.4.32/kotlin-build-common-1.4.32.pom' completed
2021-06-06T09:17:13.176-0500 [DEBUG] [org.gradle.api.internal.artifacts.repositories.resolver.ExternalResourceResolver] No meta-data file or artifact found for module 'org.jetbrains.kotlin:kotlin-build-common:1.4.32' in repository 'Google'.
2021-06-06T09:17:13.176-0500 [DEBUG] [org.gradle.api.internal.artifacts.ivyservice.modulecache.PersistentModuleMetadataCache] Recording absence of module descriptor in cache: org.jetbrains.kotlin:kotlin-build-common:1.4.32 [changing = false]
2021-06-06T09:17:13.176-0500 [DEBUG] [org.gradle.api.internal.artifacts.repositories.resolver.DefaultExternalResourceArtifactResolver] Loading https://repo.maven.apache.org/maven2/org/jetbrains/kotlin/kotlin-build-common/1.4.32/kotlin-build-common-1.4.32.pom
2021-06-06T09:17:13.176-0500 [DEBUG] [org.gradle.internal.resource.transfer.DefaultCacheAwareExternalResourceAccessor] Constructing external resource: https://repo.maven.apache.org/maven2/org/jetbrains/kotlin/kotlin-build-common/1.4.32/kotlin-build-common-1.4.32.pom
2021-06-06T09:17:13.177-0500 [DEBUG] [org.gradle.internal.resource.transport.http.HttpResourceAccessor] Constructing external resource: https://repo.maven.apache.org/maven2/org/jetbrains/kotlin/kotlin-build-common/1.4.32/kotlin-build-common-1.4.32.pom
2021-06-06T09:17:13.177-0500 [DEBUG] [org.gradle.internal.resource.transport.http.HttpClientHelper] Performing HTTP GET: https://repo.maven.apache.org/maven2/org/jetbrains/kotlin/kotlin-build-common/1.4.32/kotlin-build-common-1.4.32.pom
2021-06-06T09:17:13.177-0500 [DEBUG] [org.apache.http.client.protocol.RequestAddCookies] CookieSpec selected: default
2021-06-06T09:17:13.177-0500 [DEBUG] [org.apache.http.client.protocol.RequestAuthCache] Auth cache not set in the context
2021-06-06T09:17:13.177-0500 [DEBUG] [org.apache.http.impl.conn.PoolingHttpClientConnectionManager] Connection request: [route: {s}->https://repo.maven.apache.org:443][total kept alive: 8; route allocated: 8 of 20; total allocated: 8 of 20]
2021-06-06T09:17:13.177-0500 [DEBUG] [org.apache.http.impl.conn.PoolingHttpClientConnectionManager] Connection leased: [id: 12][route: {s}->https://repo.maven.apache.org:443][total kept alive: 7; route allocated: 8 of 20; total allocated: 8 of 20]
2021-06-06T09:17:13.178-0500 [DEBUG] [org.apache.http.impl.conn.DefaultManagedHttpClientConnection] http-outgoing-12: set socket timeout to 30000
2021-06-06T09:17:13.178-0500 [DEBUG] [org.apache.http.impl.conn.DefaultManagedHttpClientConnection] http-outgoing-12: set socket timeout to 30000
2021-06-06T09:17:13.178-0500 [DEBUG] [org.apache.http.impl.execchain.MainClientExec] Executing request GET /maven2/org/jetbrains/kotlin/kotlin-build-common/1.4.32/kotlin-build-common-1.4.32.pom HTTP/1.1
2021-06-06T09:17:13.178-0500 [DEBUG] [org.apache.http.impl.execchain.MainClientExec] Target auth state: UNCHALLENGED
2021-06-06T09:17:13.178-0500 [DEBUG] [org.apache.http.impl.execchain.MainClientExec] Proxy auth state: UNCHALLENGED
2021-06-06T09:17:13.178-0500 [DEBUG] [org.apache.http.impl.execchain.MainClientExec] Connection can be kept alive indefinitely
2021-06-06T09:17:13.178-0500 [DEBUG] [org.apache.http.impl.execchain.MainClientExec] Connection can be kept alive indefinitely
2021-06-06T09:17:13.178-0500 [DEBUG] [org.apache.http.impl.conn.PoolingHttpClientConnectionManager] Connection [id: 5][route: {s}->https://dl.google.com:443] can be kept alive indefinitely
2021-06-06T09:17:13.178-0500 [DEBUG] [org.apache.http.impl.conn.DefaultManagedHttpClientConnection] http-outgoing-5: set socket timeout to 0
2021-06-06T09:17:13.178-0500 [DEBUG] [org.apache.http.impl.conn.PoolingHttpClientConnectionManager] Connection [id: 1][route: {s}->https://dl.google.com:443] can be kept alive indefinitely
2021-06-06T09:17:13.178-0500 [DEBUG] [org.apache.http.impl.conn.DefaultManagedHttpClientConnection] http-outgoing-1: set socket timeout to 0
2021-06-06T09:17:13.178-0500 [DEBUG] [org.apache.http.impl.conn.PoolingHttpClientConnectionManager] Connection released: [id: 5][route: {s}->https://dl.google.com:443][total kept alive: 7; route allocated: 8 of 20; total allocated: 8 of 20]
2021-06-06T09:17:13.178-0500 [DEBUG] [org.apache.http.impl.conn.PoolingHttpClientConnectionManager] Connection released: [id: 1][route: {s}->https://dl.google.com:443][total kept alive: 8; route allocated: 8 of 20; total allocated: 8 of 20]
2021-06-06T09:17:13.179-0500 [INFO] [org.gradle.internal.resource.transport.http.HttpClientHelper] Resource missing. [HTTP GET: https://dl.google.com/dl/android/maven2/org/jetbrains/kotlinx/kotlinx-coroutines-core/1.3.8/kotlinx-coroutines-core-1.3.8.pom]
2021-06-06T09:17:13.179-0500 [DEBUG] [org.gradle.internal.operations.DefaultBuildOperationRunner] Build operation 'Download https://dl.google.com/dl/android/maven2/org/jetbrains/kotlinx/kotlinx-coroutines-core/1.3.8/kotlinx-coroutines-core-1.3.8.pom' completed
2021-06-06T09:17:13.179-0500 [DEBUG] [org.gradle.api.internal.artifacts.repositories.resolver.ExternalResourceResolver] No meta-data file or artifact found for module 'org.jetbrains.kotlinx:kotlinx-coroutines-core:1.3.8' in repository 'Google'.
2021-06-06T09:17:13.179-0500 [INFO] [org.gradle.internal.resource.transport.http.HttpClientHelper] Resource missing. [HTTP GET: https://dl.google.com/dl/android/maven2/org/jetbrains/kotlin/kotlin-daemon-client/1.4.32/kotlin-daemon-client-1.4.32.pom]
2021-06-06T09:17:13.179-0500 [DEBUG] [org.gradle.api.internal.artifacts.ivyservice.modulecache.PersistentModuleMetadataCache] Recording absence of module descriptor in cache: org.jetbrains.kotlinx:kotlinx-coroutines-core:1.3.8 [changing = false]
2021-06-06T09:17:13.179-0500 [DEBUG] [org.gradle.internal.operations.DefaultBuildOperationRunner] Build operation 'Download https://dl.google.com/dl/android/maven2/org/jetbrains/kotlin/kotlin-daemon-client/1.4.32/kotlin-daemon-client-1.4.32.pom' completed
2021-06-06T09:17:13.179-0500 [DEBUG] [org.gradle.api.internal.artifacts.repositories.resolver.ExternalResourceResolver] No meta-data file or artifact found for module 'org.jetbrains.kotlin:kotlin-daemon-client:1.4.32' in repository 'Google'.
2021-06-06T09:17:13.179-0500 [DEBUG] [org.gradle.api.internal.artifacts.ivyservice.modulecache.PersistentModuleMetadataCache] Recording absence of module descriptor in cache: org.jetbrains.kotlin:kotlin-daemon-client:1.4.32 [changing = false]
2021-06-06T09:17:13.179-0500 [DEBUG] [org.gradle.api.internal.artifacts.repositories.resolver.DefaultExternalResourceArtifactResolver] Loading https://repo.maven.apache.org/maven2/org/jetbrains/kotlinx/kotlinx-coroutines-core/1.3.8/kotlinx-coroutines-core-1.3.8.pom
2021-06-06T09:17:13.179-0500 [DEBUG] [org.gradle.internal.resource.transfer.DefaultCacheAwareExternalResourceAccessor] Constructing external resource: https://repo.maven.apache.org/maven2/org/jetbrains/kotlinx/kotlinx-coroutines-core/1.3.8/kotlinx-coroutines-core-1.3.8.pom
2021-06-06T09:17:13.180-0500 [DEBUG] [org.gradle.api.internal.artifacts.repositories.resolver.DefaultExternalResourceArtifactResolver] Loading https://repo.maven.apache.org/maven2/org/jetbrains/kotlin/kotlin-daemon-client/1.4.32/kotlin-daemon-client-1.4.32.pom
2021-06-06T09:17:13.180-0500 [DEBUG] [org.gradle.internal.resource.transfer.DefaultCacheAwareExternalResourceAccessor] Constructing external resource: https://repo.maven.apache.org/maven2/org/jetbrains/kotlin/kotlin-daemon-client/1.4.32/kotlin-daemon-client-1.4.32.pom
2021-06-06T09:17:13.180-0500 [DEBUG] [org.gradle.internal.resource.transport.http.HttpResourceAccessor] Constructing external resource: https://repo.maven.apache.org/maven2/org/jetbrains/kotlinx/kotlinx-coroutines-core/1.3.8/kotlinx-coroutines-core-1.3.8.pom
2021-06-06T09:17:13.180-0500 [DEBUG] [org.gradle.internal.resource.transport.http.HttpClientHelper] Performing HTTP GET: https://repo.maven.apache.org/maven2/org/jetbrains/kotlinx/kotlinx-coroutines-core/1.3.8/kotlinx-coroutines-core-1.3.8.pom
2021-06-06T09:17:13.181-0500 [DEBUG] [org.gradle.internal.resource.transport.http.HttpResourceAccessor] Constructing external resource: https://repo.maven.apache.org/maven2/org/jetbrains/kotlin/kotlin-daemon-client/1.4.32/kotlin-daemon-client-1.4.32.pom
2021-06-06T09:17:13.181-0500 [DEBUG] [org.apache.http.client.protocol.RequestAddCookies] CookieSpec selected: default
2021-06-06T09:17:13.181-0500 [DEBUG] [org.gradle.internal.resource.transport.http.HttpClientHelper] Performing HTTP GET: https://repo.maven.apache.org/maven2/org/jetbrains/kotlin/kotlin-daemon-client/1.4.32/kotlin-daemon-client-1.4.32.pom
2021-06-06T09:17:13.181-0500 [DEBUG] [org.apache.http.client.protocol.RequestAuthCache] Auth cache not set in the context
2021-06-06T09:17:13.181-0500 [DEBUG] [org.apache.http.impl.conn.PoolingHttpClientConnectionManager] Connection request: [route: {s}->https://repo.maven.apache.org:443][total kept alive: 7; route allocated: 8 of 20; total allocated: 8 of 20]
2021-06-06T09:17:13.181-0500 [DEBUG] [org.apache.http.impl.conn.PoolingHttpClientConnectionManager] Connection leased: [id: 14][route: {s}->https://repo.maven.apache.org:443][total kept alive: 6; route allocated: 8 of 20; total allocated: 8 of 20]
2021-06-06T09:17:13.181-0500 [DEBUG] [org.apache.http.impl.conn.DefaultManagedHttpClientConnection] http-outgoing-14: set socket timeout to 30000
2021-06-06T09:17:13.181-0500 [DEBUG] [org.apache.http.impl.conn.DefaultManagedHttpClientConnection] http-outgoing-14: set socket timeout to 30000
2021-06-06T09:17:13.181-0500 [DEBUG] [org.apache.http.impl.execchain.MainClientExec] Executing request GET /maven2/org/jetbrains/kotlinx/kotlinx-coroutines-core/1.3.8/kotlinx-coroutines-core-1.3.8.pom HTTP/1.1
2021-06-06T09:17:13.182-0500 [DEBUG] [org.apache.http.impl.execchain.MainClientExec] Target auth state: UNCHALLENGED
2021-06-06T09:17:13.182-0500 [DEBUG] [org.apache.http.impl.execchain.MainClientExec] Proxy auth state: UNCHALLENGED
2021-06-06T09:17:13.181-0500 [DEBUG] [org.apache.http.client.protocol.RequestAddCookies] CookieSpec selected: default
2021-06-06T09:17:13.182-0500 [DEBUG] [org.apache.http.client.protocol.RequestAuthCache] Auth cache not set in the context
2021-06-06T09:17:13.182-0500 [DEBUG] [org.apache.http.impl.conn.PoolingHttpClientConnectionManager] Connection request: [route: {s}->https://repo.maven.apache.org:443][total kept alive: 6; route allocated: 8 of 20; total allocated: 8 of 20]
2021-06-06T09:17:13.182-0500 [DEBUG] [org.apache.http.impl.conn.PoolingHttpClientConnectionManager] Connection leased: [id: 10][route: {s}->https://repo.maven.apache.org:443][total kept alive: 5; route allocated: 8 of 20; total allocated: 8 of 20]
2021-06-06T09:17:13.182-0500 [DEBUG] [org.apache.http.impl.conn.DefaultManagedHttpClientConnection] http-outgoing-10: set socket timeout to 30000
2021-06-06T09:17:13.182-0500 [DEBUG] [org.apache.http.impl.conn.DefaultManagedHttpClientConnection] http-outgoing-10: set socket timeout to 30000
2021-06-06T09:17:13.182-0500 [DEBUG] [org.apache.http.impl.execchain.MainClientExec] Executing request GET /maven2/org/jetbrains/kotlin/kotlin-daemon-client/1.4.32/kotlin-daemon-client-1.4.32.pom HTTP/1.1
2021-06-06T09:17:13.182-0500 [DEBUG] [org.apache.http.impl.execchain.MainClientExec] Target auth state: UNCHALLENGED
2021-06-06T09:17:13.182-0500 [DEBUG] [org.apache.http.impl.execchain.MainClientExec] Proxy auth state: UNCHALLENGED
2021-06-06T09:17:13.198-0500 [DEBUG] [org.apache.http.impl.execchain.MainClientExec] Connection can be kept alive indefinitely
2021-06-06T09:17:13.198-0500 [DEBUG] [org.apache.http.impl.execchain.MainClientExec] Connection can be kept alive indefinitely
2021-06-06T09:17:13.198-0500 [DEBUG] [org.gradle.internal.resource.transport.http.HttpResponseResource] Attempting to download resource https://repo.maven.apache.org/maven2/org/jetbrains/kotlinx/kotlinx-coroutines-core/1.3.8/kotlinx-coroutines-core-1.3.8.pom.
2021-06-06T09:17:13.198-0500 [DEBUG] [org.gradle.internal.resource.transport.http.HttpResponseResource] Attempting to download resource https://repo.maven.apache.org/maven2/org/jetbrains/kotlin/kotlin-build-common/1.4.32/kotlin-build-common-1.4.32.pom.
2021-06-06T09:17:13.200-0500 [DEBUG] [org.apache.http.impl.execchain.MainClientExec] Connection can be kept alive indefinitely
2021-06-06T09:17:13.200-0500 [INFO] [org.gradle.internal.resource.transfer.DefaultCacheAwareExternalResourceAccessor] Downloading https://repo.maven.apache.org/maven2/org/jetbrains/kotlinx/kotlinx-coroutines-core/1.3.8/kotlinx-coroutines-core-1.3.8.pom to C:\Users\gathi\AppData\Local\Temp\gradle_download18126182958004647811bin
2021-06-06T09:17:13.200-0500 [DEBUG] [org.gradle.internal.resource.transport.http.HttpResponseResource] Attempting to download resource https://repo.maven.apache.org/maven2/org/jetbrains/kotlin/kotlin-daemon-client/1.4.32/kotlin-daemon-client-1.4.32.pom.
2021-06-06T09:17:13.200-0500 [INFO] [org.gradle.internal.resource.transfer.DefaultCacheAwareExternalResourceAccessor] Downloading https://repo.maven.apache.org/maven2/org/jetbrains/kotlin/kotlin-build-common/1.4.32/kotlin-build-common-1.4.32.pom to C:\Users\gathi\AppData\Local\Temp\gradle_download11799815094902279909bin
2021-06-06T09:17:13.201-0500 [DEBUG] [org.apache.http.impl.conn.PoolingHttpClientConnectionManager] Connection [id: 14][route: {s}->https://repo.maven.apache.org:443] can be kept alive indefinitely
2021-06-06T09:17:13.201-0500 [DEBUG] [org.apache.http.impl.conn.DefaultManagedHttpClientConnection] http-outgoing-14: set socket timeout to 0
2021-06-06T09:17:13.201-0500 [DEBUG] [org.apache.http.impl.conn.PoolingHttpClientConnectionManager] Connection released: [id: 14][route: {s}->https://repo.maven.apache.org:443][total kept alive: 6; route allocated: 8 of 20; total allocated: 8 of 20]
2021-06-06T09:17:13.201-0500 [DEBUG] [org.apache.http.impl.conn.PoolingHttpClientConnectionManager] Connection [id: 12][route: {s}->https://repo.maven.apache.org:443] can be kept alive indefinitely
2021-06-06T09:17:13.201-0500 [DEBUG] [org.apache.http.impl.conn.DefaultManagedHttpClientConnection] http-outgoing-12: set socket timeout to 0
2021-06-06T09:17:13.201-0500 [DEBUG] [org.apache.http.impl.conn.PoolingHttpClientConnectionManager] Connection released: [id: 12][route: {s}->https://repo.maven.apache.org:443][total kept alive: 7; route allocated: 8 of 20; total allocated: 8 of 20]
2021-06-06T09:17:13.202-0500 [DEBUG] [org.gradle.internal.operations.DefaultBuildOperationRunner] Build operation 'Download https://repo.maven.apache.org/maven2/org/jetbrains/kotlinx/kotlinx-coroutines-core/1.3.8/kotlinx-coroutines-core-1.3.8.pom' completed
2021-06-06T09:17:13.202-0500 [INFO] [org.gradle.internal.resource.transfer.DefaultCacheAwareExternalResourceAccessor] Downloading https://repo.maven.apache.org/maven2/org/jetbrains/kotlin/kotlin-daemon-client/1.4.32/kotlin-daemon-client-1.4.32.pom to C:\Users\gathi\AppData\Local\Temp\gradle_download6353625833641880413bin
2021-06-06T09:17:13.202-0500 [DEBUG] [org.gradle.internal.operations.DefaultBuildOperationRunner] Build operation 'Download https://repo.maven.apache.org/maven2/org/jetbrains/kotlin/kotlin-build-common/1.4.32/kotlin-build-common-1.4.32.pom' completed
2021-06-06T09:17:13.202-0500 [DEBUG] [org.apache.http.impl.conn.PoolingHttpClientConnectionManager] Connection [id: 10][route: {s}->https://repo.maven.apache.org:443] can be kept alive indefinitely
2021-06-06T09:17:13.202-0500 [DEBUG] [org.apache.http.impl.conn.DefaultManagedHttpClientConnection] http-outgoing-10: set socket timeout to 0
2021-06-06T09:17:13.203-0500 [DEBUG] [org.apache.http.impl.conn.PoolingHttpClientConnectionManager] Connection released: [id: 10][route: {s}->https://repo.maven.apache.org:443][total kept alive: 8; route allocated: 8 of 20; total allocated: 8 of 20]
2021-06-06T09:17:13.203-0500 [DEBUG] [org.gradle.internal.operations.DefaultBuildOperationRunner] Build operation 'Download https://repo.maven.apache.org/maven2/org/jetbrains/kotlin/kotlin-daemon-client/1.4.32/kotlin-daemon-client-1.4.32.pom' completed
2021-06-06T09:17:13.210-0500 [DEBUG] [org.gradle.api.internal.artifacts.repositories.resolver.ExternalResourceResolver] Metadata file found for module 'org.jetbrains.kotlinx:kotlinx-coroutines-core:1.3.8' in repository 'MavenRepo'.
2021-06-06T09:17:13.210-0500 [DEBUG] [org.gradle.api.internal.artifacts.ivyservice.modulecache.PersistentModuleMetadataCache] Recording module descriptor in cache: org.jetbrains.kotlinx:kotlinx-coroutines-core:1.3.8 [changing = false]
2021-06-06T09:17:13.215-0500 [DEBUG] [org.gradle.api.internal.artifacts.repositories.resolver.ExternalResourceResolver] Metadata file found for module 'org.jetbrains.kotlin:kotlin-build-common:1.4.32' in repository 'MavenRepo'.
2021-06-06T09:17:13.215-0500 [DEBUG] [org.gradle.api.internal.artifacts.ivyservice.modulecache.PersistentModuleMetadataCache] Recording module descriptor in cache: org.jetbrains.kotlin:kotlin-build-common:1.4.32 [changing = false]
2021-06-06T09:17:13.220-0500 [DEBUG] [org.gradle.api.internal.artifacts.repositories.resolver.ExternalResourceResolver] Metadata file found for module 'org.jetbrains.kotlin:kotlin-daemon-client:1.4.32' in repository 'MavenRepo'.
2021-06-06T09:17:13.220-0500 [DEBUG] [org.gradle.api.internal.artifacts.ivyservice.modulecache.PersistentModuleMetadataCache] Recording module descriptor in cache: org.jetbrains.kotlin:kotlin-daemon-client:1.4.32 [changing = false]
2021-06-06T09:17:13.220-0500 [DEBUG] [org.gradle.api.internal.artifacts.ivyservice.ivyresolve.RepositoryChainComponentMetaDataResolver] Using org.jetbrains.kotlinx:kotlinx-coroutines-core:1.3.8 from Maven repository 'MavenRepo'
2021-06-06T09:17:13.223-0500 [DEBUG] [org.gradle.api.internal.artifacts.ivyservice.ivyresolve.RepositoryChainComponentMetaDataResolver] Using org.jetbrains.kotlin:kotlin-build-common:1.4.32 from Maven repository 'MavenRepo'
2021-06-06T09:17:13.223-0500 [DEBUG] [org.gradle.internal.operations.DefaultBuildOperationRunner] Build operation 'Resolve org.jetbrains.kotlin:kotlin-build-common:1.4.32' completed
2021-06-06T09:17:13.223-0500 [DEBUG] [org.gradle.internal.work.DefaultWorkerLeaseService] Worker lease root.1.61.62 completed (1 worker(s) in use)
2021-06-06T09:17:13.223-0500 [DEBUG] [org.gradle.internal.resources.AbstractTrackedResourceLock] Daemon worker: released lock on root.1.61.62
2021-06-06T09:17:13.226-0500 [DEBUG] [org.gradle.api.internal.artifacts.ivyservice.ivyresolve.RepositoryChainComponentMetaDataResolver] Using org.jetbrains.kotlin:kotlin-daemon-client:1.4.32 from Maven repository 'MavenRepo'
2021-06-06T09:17:13.226-0500 [DEBUG] [org.gradle.api.internal.artifacts.ivyservice.resolveengine.graph.builder.DependencyGraphBuilder] Visiting configuration org.jetbrains.kotlin:kotlin-scripting-compiler-embeddable:1.4.32(runtime).
2021-06-06T09:17:13.227-0500 [DEBUG] [org.gradle.api.internal.artifacts.ivyservice.resolveengine.graph.builder.DependencyGraphBuilder] Visiting configuration org.jetbrains.kotlin:kotlin-scripting-compiler-impl-embeddable:1.4.32(runtime).
2021-06-06T09:17:13.227-0500 [DEBUG] [org.gradle.api.internal.artifacts.ivyservice.resolveengine.graph.builder.DependencyGraphBuilder] Submitting 2 metadata files to resolve in parallel for org.jetbrains.kotlin:kotlin-scripting-compiler-impl-embeddable:1.4.32(runtime)
2021-06-06T09:17:13.227-0500 [DEBUG] [org.gradle.internal.work.DefaultWorkerLeaseService] Worker lease root.1.65.66 started (1 worker(s) in use).
2021-06-06T09:17:13.227-0500 [DEBUG] [org.gradle.internal.resources.AbstractTrackedResourceLock] Daemon worker: acquired lock on root.1.65.66
2021-06-06T09:17:13.228-0500 [DEBUG] [org.gradle.api.internal.artifacts.ivyservice.ivyresolve.RepositoryChainComponentMetaDataResolver] Attempting to resolve component for org.jetbrains.kotlin:kotlin-scripting-common:1.4.32 using repositories [Google, MavenRepo]
2021-06-06T09:17:13.228-0500 [DEBUG] [org.gradle.api.internal.artifacts.repositories.resolver.DefaultExternalResourceArtifactResolver] Loading https://dl.google.com/dl/android/maven2/org/jetbrains/kotlin/kotlin-scripting-common/1.4.32/kotlin-scripting-common-1.4.32.pom
2021-06-06T09:17:13.228-0500 [DEBUG] [org.gradle.internal.resource.transfer.DefaultCacheAwareExternalResourceAccessor] Constructing external resource: https://dl.google.com/dl/android/maven2/org/jetbrains/kotlin/kotlin-scripting-common/1.4.32/kotlin-scripting-common-1.4.32.pom
2021-06-06T09:17:13.228-0500 [DEBUG] [org.gradle.api.internal.artifacts.ivyservice.ivyresolve.RepositoryChainComponentMetaDataResolver] Attempting to resolve component for org.jetbrains.kotlin:kotlin-scripting-jvm:1.4.32 using repositories [Google, MavenRepo]
2021-06-06T09:17:13.228-0500 [DEBUG] [org.gradle.api.internal.artifacts.repositories.resolver.DefaultExternalResourceArtifactResolver] Loading https://dl.google.com/dl/android/maven2/org/jetbrains/kotlin/kotlin-scripting-jvm/1.4.32/kotlin-scripting-jvm-1.4.32.pom
2021-06-06T09:17:13.228-0500 [DEBUG] [org.gradle.internal.resource.transfer.DefaultCacheAwareExternalResourceAccessor] Constructing external resource: https://dl.google.com/dl/android/maven2/org/jetbrains/kotlin/kotlin-scripting-jvm/1.4.32/kotlin-scripting-jvm-1.4.32.pom
2021-06-06T09:17:13.229-0500 [DEBUG] [org.gradle.internal.resource.transport.http.HttpResourceAccessor] Constructing external resource: https://dl.google.com/dl/android/maven2/org/jetbrains/kotlin/kotlin-scripting-common/1.4.32/kotlin-scripting-common-1.4.32.pom
2021-06-06T09:17:13.229-0500 [DEBUG] [org.gradle.internal.resource.transport.http.HttpResourceAccessor] Constructing external resource: https://dl.google.com/dl/android/maven2/org/jetbrains/kotlin/kotlin-scripting-jvm/1.4.32/kotlin-scripting-jvm-1.4.32.pom
2021-06-06T09:17:13.229-0500 [DEBUG] [org.gradle.internal.resource.transport.http.HttpClientHelper] Performing HTTP GET: https://dl.google.com/dl/android/maven2/org/jetbrains/kotlin/kotlin-scripting-jvm/1.4.32/kotlin-scripting-jvm-1.4.32.pom
2021-06-06T09:17:13.229-0500 [DEBUG] [org.gradle.internal.resource.transport.http.HttpClientHelper] Performing HTTP GET: https://dl.google.com/dl/android/maven2/org/jetbrains/kotlin/kotlin-scripting-common/1.4.32/kotlin-scripting-common-1.4.32.pom
2021-06-06T09:17:13.229-0500 [DEBUG] [org.apache.http.client.protocol.RequestAddCookies] CookieSpec selected: default
2021-06-06T09:17:13.230-0500 [DEBUG] [org.apache.http.client.protocol.RequestAddCookies] CookieSpec selected: default
2021-06-06T09:17:13.230-0500 [DEBUG] [org.apache.http.client.protocol.RequestAuthCache] Auth cache not set in the context
2021-06-06T09:17:13.230-0500 [DEBUG] [org.apache.http.impl.conn.PoolingHttpClientConnectionManager] Connection request: [route: {s}->https://dl.google.com:443][total kept alive: 8; route allocated: 8 of 20; total allocated: 8 of 20]
2021-06-06T09:17:13.230-0500 [DEBUG] [org.apache.http.impl.conn.PoolingHttpClientConnectionManager] Connection leased: [id: 1][route: {s}->https://dl.google.com:443][total kept alive: 7; route allocated: 8 of 20; total allocated: 8 of 20]
2021-06-06T09:17:13.230-0500 [DEBUG] [org.apache.http.impl.conn.DefaultManagedHttpClientConnection] http-outgoing-1: set socket timeout to 30000
2021-06-06T09:17:13.230-0500 [DEBUG] [org.apache.http.client.protocol.RequestAuthCache] Auth cache not set in the context
2021-06-06T09:17:13.230-0500 [DEBUG] [org.apache.http.impl.conn.DefaultManagedHttpClientConnection] http-outgoing-1: set socket timeout to 30000
2021-06-06T09:17:13.230-0500 [DEBUG] [org.apache.http.impl.execchain.MainClientExec] Executing request GET /dl/android/maven2/org/jetbrains/kotlin/kotlin-scripting-jvm/1.4.32/kotlin-scripting-jvm-1.4.32.pom HTTP/1.1
2021-06-06T09:17:13.230-0500 [DEBUG] [org.apache.http.impl.execchain.MainClientExec] Target auth state: UNCHALLENGED
2021-06-06T09:17:13.230-0500 [DEBUG] [org.apache.http.impl.execchain.MainClientExec] Proxy auth state: UNCHALLENGED
2021-06-06T09:17:13.230-0500 [DEBUG] [org.apache.http.impl.conn.PoolingHttpClientConnectionManager] Connection request: [route: {s}->https://dl.google.com:443][total kept alive: 7; route allocated: 8 of 20; total allocated: 8 of 20]
2021-06-06T09:17:13.230-0500 [DEBUG] [org.apache.http.impl.conn.PoolingHttpClientConnectionManager] Connection leased: [id: 5][route: {s}->https://dl.google.com:443][total kept alive: 6; route allocated: 8 of 20; total allocated: 8 of 20]
2021-06-06T09:17:13.230-0500 [DEBUG] [org.apache.http.impl.conn.DefaultManagedHttpClientConnection] http-outgoing-5: set socket timeout to 30000
2021-06-06T09:17:13.230-0500 [DEBUG] [org.apache.http.impl.conn.DefaultManagedHttpClientConnection] http-outgoing-5: set socket timeout to 30000
2021-06-06T09:17:13.230-0500 [DEBUG] [org.apache.http.impl.execchain.MainClientExec] Executing request GET /dl/android/maven2/org/jetbrains/kotlin/kotlin-scripting-common/1.4.32/kotlin-scripting-common-1.4.32.pom HTTP/1.1
2021-06-06T09:17:13.230-0500 [DEBUG] [org.apache.http.impl.execchain.MainClientExec] Target auth state: UNCHALLENGED
2021-06-06T09:17:13.231-0500 [DEBUG] [org.apache.http.impl.execchain.MainClientExec] Proxy auth state: UNCHALLENGED
2021-06-06T09:17:13.269-0500 [DEBUG] [org.apache.http.impl.execchain.MainClientExec] Connection can be kept alive indefinitely
2021-06-06T09:17:13.269-0500 [DEBUG] [org.apache.http.impl.conn.PoolingHttpClientConnectionManager] Connection [id: 1][route: {s}->https://dl.google.com:443] can be kept alive indefinitely
2021-06-06T09:17:13.269-0500 [DEBUG] [org.apache.http.impl.conn.DefaultManagedHttpClientConnection] http-outgoing-1: set socket timeout to 0
2021-06-06T09:17:13.269-0500 [DEBUG] [org.apache.http.impl.conn.PoolingHttpClientConnectionManager] Connection released: [id: 1][route: {s}->https://dl.google.com:443][total kept alive: 7; route allocated: 8 of 20; total allocated: 8 of 20]
2021-06-06T09:17:13.269-0500 [INFO] [org.gradle.internal.resource.transport.http.HttpClientHelper] Resource missing. [HTTP GET: https://dl.google.com/dl/android/maven2/org/jetbrains/kotlin/kotlin-scripting-jvm/1.4.32/kotlin-scripting-jvm-1.4.32.pom]
2021-06-06T09:17:13.269-0500 [DEBUG] [org.gradle.internal.operations.DefaultBuildOperationRunner] Build operation 'Download https://dl.google.com/dl/android/maven2/org/jetbrains/kotlin/kotlin-scripting-jvm/1.4.32/kotlin-scripting-jvm-1.4.32.pom' completed
2021-06-06T09:17:13.269-0500 [DEBUG] [org.gradle.api.internal.artifacts.repositories.resolver.ExternalResourceResolver] No meta-data file or artifact found for module 'org.jetbrains.kotlin:kotlin-scripting-jvm:1.4.32' in repository 'Google'.
2021-06-06T09:17:13.269-0500 [DEBUG] [org.gradle.api.internal.artifacts.ivyservice.modulecache.PersistentModuleMetadataCache] Recording absence of module descriptor in cache: org.jetbrains.kotlin:kotlin-scripting-jvm:1.4.32 [changing = false]
2021-06-06T09:17:13.270-0500 [DEBUG] [org.gradle.api.internal.artifacts.repositories.resolver.DefaultExternalResourceArtifactResolver] Loading https://repo.maven.apache.org/maven2/org/jetbrains/kotlin/kotlin-scripting-jvm/1.4.32/kotlin-scripting-jvm-1.4.32.pom
2021-06-06T09:17:13.270-0500 [DEBUG] [org.gradle.internal.resource.transfer.DefaultCacheAwareExternalResourceAccessor] Constructing external resource: https://repo.maven.apache.org/maven2/org/jetbrains/kotlin/kotlin-scripting-jvm/1.4.32/kotlin-scripting-jvm-1.4.32.pom
2021-06-06T09:17:13.271-0500 [DEBUG] [org.gradle.internal.resource.transport.http.HttpResourceAccessor] Constructing external resource: https://repo.maven.apache.org/maven2/org/jetbrains/kotlin/kotlin-scripting-jvm/1.4.32/kotlin-scripting-jvm-1.4.32.pom
2021-06-06T09:17:13.271-0500 [DEBUG] [org.gradle.internal.resource.transport.http.HttpClientHelper] Performing HTTP GET: https://repo.maven.apache.org/maven2/org/jetbrains/kotlin/kotlin-scripting-jvm/1.4.32/kotlin-scripting-jvm-1.4.32.pom
2021-06-06T09:17:13.271-0500 [DEBUG] [org.apache.http.client.protocol.RequestAddCookies] CookieSpec selected: default
2021-06-06T09:17:13.271-0500 [DEBUG] [org.apache.http.client.protocol.RequestAuthCache] Auth cache not set in the context
2021-06-06T09:17:13.271-0500 [DEBUG] [org.apache.http.impl.conn.PoolingHttpClientConnectionManager] Connection request: [route: {s}->https://repo.maven.apache.org:443][total kept alive: 8; route allocated: 8 of 20; total allocated: 8 of 20]
2021-06-06T09:17:13.271-0500 [DEBUG] [org.apache.http.impl.conn.PoolingHttpClientConnectionManager] Connection leased: [id: 10][route: {s}->https://repo.maven.apache.org:443][total kept alive: 7; route allocated: 8 of 20; total allocated: 8 of 20]
2021-06-06T09:17:13.271-0500 [DEBUG] [org.apache.http.impl.conn.DefaultManagedHttpClientConnection] http-outgoing-10: set socket timeout to 30000
2021-06-06T09:17:13.271-0500 [DEBUG] [org.apache.http.impl.conn.DefaultManagedHttpClientConnection] http-outgoing-10: set socket timeout to 30000
2021-06-06T09:17:13.271-0500 [DEBUG] [org.apache.http.impl.execchain.MainClientExec] Executing request GET /maven2/org/jetbrains/kotlin/kotlin-scripting-jvm/1.4.32/kotlin-scripting-jvm-1.4.32.pom HTTP/1.1
2021-06-06T09:17:13.271-0500 [DEBUG] [org.apache.http.impl.execchain.MainClientExec] Target auth state: UNCHALLENGED
2021-06-06T09:17:13.271-0500 [DEBUG] [org.apache.http.impl.execchain.MainClientExec] Proxy auth state: UNCHALLENGED
2021-06-06T09:17:13.279-0500 [DEBUG] [org.apache.http.impl.execchain.MainClientExec] Connection can be kept alive indefinitely
2021-06-06T09:17:13.279-0500 [DEBUG] [org.apache.http.impl.conn.PoolingHttpClientConnectionManager] Connection [id: 5][route: {s}->https://dl.google.com:443] can be kept alive indefinitely
2021-06-06T09:17:13.279-0500 [DEBUG] [org.apache.http.impl.conn.DefaultManagedHttpClientConnection] http-outgoing-5: set socket timeout to 0
2021-06-06T09:17:13.279-0500 [DEBUG] [org.apache.http.impl.conn.PoolingHttpClientConnectionManager] Connection released: [id: 5][route: {s}->https://dl.google.com:443][total kept alive: 8; route allocated: 8 of 20; total allocated: 8 of 20]
2021-06-06T09:17:13.279-0500 [INFO] [org.gradle.internal.resource.transport.http.HttpClientHelper] Resource missing. [HTTP GET: https://dl.google.com/dl/android/maven2/org/jetbrains/kotlin/kotlin-scripting-common/1.4.32/kotlin-scripting-common-1.4.32.pom]
2021-06-06T09:17:13.279-0500 [DEBUG] [org.gradle.internal.operations.DefaultBuildOperationRunner] Build operation 'Download https://dl.google.com/dl/android/maven2/org/jetbrains/kotlin/kotlin-scripting-common/1.4.32/kotlin-scripting-common-1.4.32.pom' completed
2021-06-06T09:17:13.279-0500 [DEBUG] [org.gradle.api.internal.artifacts.repositories.resolver.ExternalResourceResolver] No meta-data file or artifact found for module 'org.jetbrains.kotlin:kotlin-scripting-common:1.4.32' in repository 'Google'.
2021-06-06T09:17:13.279-0500 [DEBUG] [org.gradle.api.internal.artifacts.ivyservice.modulecache.PersistentModuleMetadataCache] Recording absence of module descriptor in cache: org.jetbrains.kotlin:kotlin-scripting-common:1.4.32 [changing = false]
2021-06-06T09:17:13.280-0500 [DEBUG] [org.gradle.api.internal.artifacts.repositories.resolver.DefaultExternalResourceArtifactResolver] Loading https://repo.maven.apache.org/maven2/org/jetbrains/kotlin/kotlin-scripting-common/1.4.32/kotlin-scripting-common-1.4.32.pom
2021-06-06T09:17:13.280-0500 [DEBUG] [org.gradle.internal.resource.transfer.DefaultCacheAwareExternalResourceAccessor] Constructing external resource: https://repo.maven.apache.org/maven2/org/jetbrains/kotlin/kotlin-scripting-common/1.4.32/kotlin-scripting-common-1.4.32.pom
2021-06-06T09:17:13.281-0500 [DEBUG] [org.gradle.internal.resource.transport.http.HttpResourceAccessor] Constructing external resource: https://repo.maven.apache.org/maven2/org/jetbrains/kotlin/kotlin-scripting-common/1.4.32/kotlin-scripting-common-1.4.32.pom
2021-06-06T09:17:13.281-0500 [DEBUG] [org.gradle.internal.resource.transport.http.HttpClientHelper] Performing HTTP GET: https://repo.maven.apache.org/maven2/org/jetbrains/kotlin/kotlin-scripting-common/1.4.32/kotlin-scripting-common-1.4.32.pom
2021-06-06T09:17:13.281-0500 [DEBUG] [org.apache.http.client.protocol.RequestAddCookies] CookieSpec selected: default
2021-06-06T09:17:13.281-0500 [DEBUG] [org.apache.http.client.protocol.RequestAuthCache] Auth cache not set in the context
2021-06-06T09:17:13.281-0500 [DEBUG] [org.apache.http.impl.conn.PoolingHttpClientConnectionManager] Connection request: [route: {s}->https://repo.maven.apache.org:443][total kept alive: 7; route allocated: 8 of 20; total allocated: 8 of 20]
2021-06-06T09:17:13.281-0500 [DEBUG] [org.apache.http.impl.conn.PoolingHttpClientConnectionManager] Connection leased: [id: 12][route: {s}->https://repo.maven.apache.org:443][total kept alive: 6; route allocated: 8 of 20; total allocated: 8 of 20]
2021-06-06T09:17:13.281-0500 [DEBUG] [org.apache.http.impl.conn.DefaultManagedHttpClientConnection] http-outgoing-12: set socket timeout to 30000
2021-06-06T09:17:13.281-0500 [DEBUG] [org.apache.http.impl.conn.DefaultManagedHttpClientConnection] http-outgoing-12: set socket timeout to 30000
2021-06-06T09:17:13.281-0500 [DEBUG] [org.apache.http.impl.execchain.MainClientExec] Executing request GET /maven2/org/jetbrains/kotlin/kotlin-scripting-common/1.4.32/kotlin-scripting-common-1.4.32.pom HTTP/1.1
2021-06-06T09:17:13.281-0500 [DEBUG] [org.apache.http.impl.execchain.MainClientExec] Target auth state: UNCHALLENGED
2021-06-06T09:17:13.281-0500 [DEBUG] [org.apache.http.impl.execchain.MainClientExec] Proxy auth state: UNCHALLENGED
2021-06-06T09:17:13.290-0500 [DEBUG] [org.apache.http.impl.execchain.MainClientExec] Connection can be kept alive indefinitely
2021-06-06T09:17:13.291-0500 [DEBUG] [org.gradle.internal.resource.transport.http.HttpResponseResource] Attempting to download resource https://repo.maven.apache.org/maven2/org/jetbrains/kotlin/kotlin-scripting-jvm/1.4.32/kotlin-scripting-jvm-1.4.32.pom.
2021-06-06T09:17:13.292-0500 [INFO] [org.gradle.internal.resource.transfer.DefaultCacheAwareExternalResourceAccessor] Downloading https://repo.maven.apache.org/maven2/org/jetbrains/kotlin/kotlin-scripting-jvm/1.4.32/kotlin-scripting-jvm-1.4.32.pom to C:\Users\gathi\AppData\Local\Temp\gradle_download16881659785338686866bin
2021-06-06T09:17:13.293-0500 [DEBUG] [org.apache.http.impl.conn.PoolingHttpClientConnectionManager] Connection [id: 10][route: {s}->https://repo.maven.apache.org:443] can be kept alive indefinitely
2021-06-06T09:17:13.293-0500 [DEBUG] [org.apache.http.impl.conn.DefaultManagedHttpClientConnection] http-outgoing-10: set socket timeout to 0
2021-06-06T09:17:13.293-0500 [DEBUG] [org.apache.http.impl.conn.PoolingHttpClientConnectionManager] Connection released: [id: 10][route: {s}->https://repo.maven.apache.org:443][total kept alive: 7; route allocated: 8 of 20; total allocated: 8 of 20]
2021-06-06T09:17:13.293-0500 [DEBUG] [org.gradle.internal.operations.DefaultBuildOperationRunner] Build operation 'Download https://repo.maven.apache.org/maven2/org/jetbrains/kotlin/kotlin-scripting-jvm/1.4.32/kotlin-scripting-jvm-1.4.32.pom' completed
2021-06-06T09:17:13.300-0500 [DEBUG] [org.apache.http.impl.execchain.MainClientExec] Connection can be kept alive indefinitely
2021-06-06T09:17:13.300-0500 [DEBUG] [org.gradle.internal.resource.transport.http.HttpResponseResource] Attempting to download resource https://repo.maven.apache.org/maven2/org/jetbrains/kotlin/kotlin-scripting-common/1.4.32/kotlin-scripting-common-1.4.32.pom.
2021-06-06T09:17:13.300-0500 [DEBUG] [org.gradle.api.internal.artifacts.repositories.resolver.ExternalResourceResolver] Metadata file found for module 'org.jetbrains.kotlin:kotlin-scripting-jvm:1.4.32' in repository 'MavenRepo'.
2021-06-06T09:17:13.301-0500 [DEBUG] [org.gradle.api.internal.artifacts.ivyservice.modulecache.PersistentModuleMetadataCache] Recording module descriptor in cache: org.jetbrains.kotlin:kotlin-scripting-jvm:1.4.32 [changing = false]
2021-06-06T09:17:13.301-0500 [INFO] [org.gradle.internal.resource.transfer.DefaultCacheAwareExternalResourceAccessor] Downloading https://repo.maven.apache.org/maven2/org/jetbrains/kotlin/kotlin-scripting-common/1.4.32/kotlin-scripting-common-1.4.32.pom to C:\Users\gathi\AppData\Local\Temp\gradle_download9034460591064121352bin
2021-06-06T09:17:13.302-0500 [DEBUG] [org.apache.http.impl.conn.PoolingHttpClientConnectionManager] Connection [id: 12][route: {s}->https://repo.maven.apache.org:443] can be kept alive indefinitely
2021-06-06T09:17:13.302-0500 [DEBUG] [org.apache.http.impl.conn.DefaultManagedHttpClientConnection] http-outgoing-12: set socket timeout to 0
2021-06-06T09:17:13.302-0500 [DEBUG] [org.apache.http.impl.conn.PoolingHttpClientConnectionManager] Connection released: [id: 12][route: {s}->https://repo.maven.apache.org:443][total kept alive: 8; route allocated: 8 of 20; total allocated: 8 of 20]
2021-06-06T09:17:13.303-0500 [DEBUG] [org.gradle.internal.operations.DefaultBuildOperationRunner] Build operation 'Download https://repo.maven.apache.org/maven2/org/jetbrains/kotlin/kotlin-scripting-common/1.4.32/kotlin-scripting-common-1.4.32.pom' completed
2021-06-06T09:17:13.304-0500 [DEBUG] [org.gradle.api.internal.artifacts.ivyservice.ivyresolve.RepositoryChainComponentMetaDataResolver] Using org.jetbrains.kotlin:kotlin-scripting-jvm:1.4.32 from Maven repository 'MavenRepo'
2021-06-06T09:17:13.312-0500 [DEBUG] [org.gradle.api.internal.artifacts.repositories.resolver.ExternalResourceResolver] Metadata file found for module 'org.jetbrains.kotlin:kotlin-scripting-common:1.4.32' in repository 'MavenRepo'.
2021-06-06T09:17:13.313-0500 [DEBUG] [org.gradle.api.internal.artifacts.ivyservice.modulecache.PersistentModuleMetadataCache] Recording module descriptor in cache: org.jetbrains.kotlin:kotlin-scripting-common:1.4.32 [changing = false]
2021-06-06T09:17:13.316-0500 [DEBUG] [org.gradle.api.internal.artifacts.ivyservice.ivyresolve.RepositoryChainComponentMetaDataResolver] Using org.jetbrains.kotlin:kotlin-scripting-common:1.4.32 from Maven repository 'MavenRepo'
2021-06-06T09:17:13.316-0500 [DEBUG] [org.gradle.internal.operations.DefaultBuildOperationRunner] Build operation 'Resolve org.jetbrains.kotlin:kotlin-scripting-common:1.4.32' completed
2021-06-06T09:17:13.316-0500 [DEBUG] [org.gradle.internal.work.DefaultWorkerLeaseService] Worker lease root.1.65.66 completed (1 worker(s) in use)
2021-06-06T09:17:13.316-0500 [DEBUG] [org.gradle.internal.resources.AbstractTrackedResourceLock] Daemon worker: released lock on root.1.65.66
2021-06-06T09:17:13.316-0500 [DEBUG] [org.gradle.api.internal.artifacts.ivyservice.resolveengine.graph.builder.DependencyGraphBuilder] Visiting configuration org.jetbrains.kotlin:kotlin-reflect:1.4.32(runtime).
2021-06-06T09:17:13.317-0500 [DEBUG] [org.gradle.api.internal.artifacts.ivyservice.resolveengine.graph.builder.DependencyGraphBuilder] Visiting configuration org.checkerframework:checker-qual:2.5.8(runtime).
2021-06-06T09:17:13.317-0500 [DEBUG] [org.gradle.api.internal.artifacts.ivyservice.resolveengine.graph.builder.DependencyGraphBuilder] Visiting configuration com.google.flatbuffers:flatbuffers-java:1.12.0(runtime).
2021-06-06T09:17:13.317-0500 [DEBUG] [org.gradle.api.internal.artifacts.ivyservice.resolveengine.graph.builder.NodeState] Changed edges for com.google.flatbuffers:flatbuffers-java:1.12.0(runtime) selects same versions as previous traversal. ignoring
2021-06-06T09:17:13.317-0500 [DEBUG] [org.gradle.api.internal.artifacts.ivyservice.resolveengine.graph.builder.DependencyGraphBuilder] Visiting configuration com.android.tools.build:builder-model:4.2.1(runtimeElements).
2021-06-06T09:17:13.317-0500 [DEBUG] [org.gradle.api.internal.artifacts.ivyservice.resolveengine.graph.builder.DependencyGraphBuilder] Visiting configuration com.android.tools.build:builder-test-api:4.2.1(runtimeElements).
2021-06-06T09:17:13.317-0500 [DEBUG] [org.gradle.api.internal.artifacts.ivyservice.resolveengine.graph.builder.DependencyGraphBuilder] Visiting configuration com.android.tools:sdklib:27.2.1(runtimeElements).
2021-06-06T09:17:13.318-0500 [DEBUG] [org.gradle.api.internal.artifacts.ivyservice.resolveengine.graph.builder.DependencyGraphBuilder] Submitting 3 metadata files to resolve in parallel for com.android.tools:sdklib:27.2.1(runtimeElements)
2021-06-06T09:17:13.318-0500 [DEBUG] [org.gradle.internal.work.DefaultWorkerLeaseService] Worker lease root.1.68.69 started (1 worker(s) in use).
2021-06-06T09:17:13.318-0500 [DEBUG] [org.gradle.internal.resources.AbstractTrackedResourceLock] Daemon worker: acquired lock on root.1.68.69
2021-06-06T09:17:13.318-0500 [DEBUG] [org.gradle.api.internal.artifacts.ivyservice.ivyresolve.RepositoryChainComponentMetaDataResolver] Attempting to resolve component for com.android.tools:dvlib:27.2.1 using repositories [Google, MavenRepo]
2021-06-06T09:17:13.319-0500 [DEBUG] [org.gradle.api.internal.artifacts.ivyservice.ivyresolve.RepositoryChainComponentMetaDataResolver] Attempting to resolve component for org.apache.commons:commons-compress:1.12 using repositories [Google, MavenRepo]
2021-06-06T09:17:13.318-0500 [DEBUG] [org.gradle.api.internal.artifacts.repositories.resolver.DefaultExternalResourceArtifactResolver] Loading https://dl.google.com/dl/android/maven2/com/android/tools/dvlib/27.2.1/dvlib-27.2.1.pom
2021-06-06T09:17:13.319-0500 [DEBUG] [org.gradle.internal.resource.transfer.DefaultCacheAwareExternalResourceAccessor] Constructing external resource: https://dl.google.com/dl/android/maven2/com/android/tools/dvlib/27.2.1/dvlib-27.2.1.pom
2021-06-06T09:17:13.319-0500 [DEBUG] [org.gradle.api.internal.artifacts.repositories.resolver.DefaultExternalResourceArtifactResolver] Loading https://dl.google.com/dl/android/maven2/org/apache/commons/commons-compress/1.12/commons-compress-1.12.pom
2021-06-06T09:17:13.319-0500 [DEBUG] [org.gradle.internal.resource.transfer.DefaultCacheAwareExternalResourceAccessor] Constructing external resource: https://dl.google.com/dl/android/maven2/org/apache/commons/commons-compress/1.12/commons-compress-1.12.pom
2021-06-06T09:17:13.319-0500 [DEBUG] [org.gradle.api.internal.artifacts.ivyservice.ivyresolve.RepositoryChainComponentMetaDataResolver] Attempting to resolve component for com.android.tools:repository:27.2.1 using repositories [Google, MavenRepo]
2021-06-06T09:17:13.319-0500 [DEBUG] [org.gradle.api.internal.artifacts.repositories.resolver.DefaultExternalResourceArtifactResolver] Loading https://dl.google.com/dl/android/maven2/com/android/tools/repository/27.2.1/repository-27.2.1.pom
2021-06-06T09:17:13.319-0500 [DEBUG] [org.gradle.internal.resource.transfer.DefaultCacheAwareExternalResourceAccessor] Constructing external resource: https://dl.google.com/dl/android/maven2/com/android/tools/repository/27.2.1/repository-27.2.1.pom
2021-06-06T09:17:13.320-0500 [DEBUG] [org.gradle.internal.resource.transport.http.HttpResourceAccessor] Constructing external resource: https://dl.google.com/dl/android/maven2/com/android/tools/dvlib/27.2.1/dvlib-27.2.1.pom
2021-06-06T09:17:13.320-0500 [DEBUG] [org.gradle.internal.resource.transport.http.HttpClientHelper] Performing HTTP GET: https://dl.google.com/dl/android/maven2/com/android/tools/dvlib/27.2.1/dvlib-27.2.1.pom
2021-06-06T09:17:13.320-0500 [DEBUG] [org.gradle.internal.resource.transport.http.HttpResourceAccessor] Constructing external resource: https://dl.google.com/dl/android/maven2/com/android/tools/repository/27.2.1/repository-27.2.1.pom
2021-06-06T09:17:13.320-0500 [DEBUG] [org.gradle.internal.resource.transport.http.HttpClientHelper] Performing HTTP GET: https://dl.google.com/dl/android/maven2/com/android/tools/repository/27.2.1/repository-27.2.1.pom
2021-06-06T09:17:13.320-0500 [DEBUG] [org.apache.http.client.protocol.RequestAddCookies] CookieSpec selected: default
2021-06-06T09:17:13.320-0500 [DEBUG] [org.apache.http.client.protocol.RequestAddCookies] CookieSpec selected: default
2021-06-06T09:17:13.321-0500 [DEBUG] [org.gradle.internal.resource.transport.http.HttpResourceAccessor] Constructing external resource: https://dl.google.com/dl/android/maven2/org/apache/commons/commons-compress/1.12/commons-compress-1.12.pom
2021-06-06T09:17:13.320-0500 [DEBUG] [org.apache.http.client.protocol.RequestAuthCache] Auth cache not set in the context
2021-06-06T09:17:13.320-0500 [DEBUG] [org.apache.http.client.protocol.RequestAuthCache] Auth cache not set in the context
2021-06-06T09:17:13.321-0500 [DEBUG] [org.apache.http.impl.conn.PoolingHttpClientConnectionManager] Connection request: [route: {s}->https://dl.google.com:443][total kept alive: 8; route allocated: 8 of 20; total allocated: 8 of 20]
2021-06-06T09:17:13.321-0500 [DEBUG] [org.apache.http.impl.conn.PoolingHttpClientConnectionManager] Connection request: [route: {s}->https://dl.google.com:443][total kept alive: 8; route allocated: 8 of 20; total allocated: 8 of 20]
2021-06-06T09:17:13.321-0500 [DEBUG] [org.gradle.internal.resource.transport.http.HttpClientHelper] Performing HTTP GET: https://dl.google.com/dl/android/maven2/org/apache/commons/commons-compress/1.12/commons-compress-1.12.pom
2021-06-06T09:17:13.321-0500 [DEBUG] [org.apache.http.impl.conn.PoolingHttpClientConnectionManager] Connection leased: [id: 1][route: {s}->https://dl.google.com:443][total kept alive: 6; route allocated: 8 of 20; total allocated: 8 of 20]
2021-06-06T09:17:13.321-0500 [DEBUG] [org.apache.http.impl.conn.PoolingHttpClientConnectionManager] Connection leased: [id: 5][route: {s}->https://dl.google.com:443][total kept alive: 7; route allocated: 8 of 20; total allocated: 8 of 20]
2021-06-06T09:17:13.321-0500 [DEBUG] [org.apache.http.impl.conn.DefaultManagedHttpClientConnection] http-outgoing-5: set socket timeout to 30000
2021-06-06T09:17:13.321-0500 [DEBUG] [org.apache.http.impl.conn.DefaultManagedHttpClientConnection] http-outgoing-5: set socket timeout to 30000
2021-06-06T09:17:13.321-0500 [DEBUG] [org.apache.http.impl.execchain.MainClientExec] Executing request GET /dl/android/maven2/com/android/tools/dvlib/27.2.1/dvlib-27.2.1.pom HTTP/1.1
2021-06-06T09:17:13.322-0500 [DEBUG] [org.apache.http.impl.execchain.MainClientExec] Target auth state: UNCHALLENGED
2021-06-06T09:17:13.322-0500 [DEBUG] [org.apache.http.impl.execchain.MainClientExec] Proxy auth state: UNCHALLENGED
2021-06-06T09:17:13.321-0500 [DEBUG] [org.apache.http.impl.conn.DefaultManagedHttpClientConnection] http-outgoing-1: set socket timeout to 30000
2021-06-06T09:17:13.321-0500 [DEBUG] [org.apache.http.client.protocol.RequestAddCookies] CookieSpec selected: default
2021-06-06T09:17:13.322-0500 [DEBUG] [org.apache.http.client.protocol.RequestAuthCache] Auth cache not set in the context
2021-06-06T09:17:13.322-0500 [DEBUG] [org.apache.http.impl.conn.PoolingHttpClientConnectionManager] Connection request: [route: {s}->https://dl.google.com:443][total kept alive: 6; route allocated: 8 of 20; total allocated: 8 of 20]
2021-06-06T09:17:13.322-0500 [DEBUG] [org.apache.http.impl.conn.PoolingHttpClientConnectionManager] Connection leased: [id: 3][route: {s}->https://dl.google.com:443][total kept alive: 5; route allocated: 8 of 20; total allocated: 8 of 20]
2021-06-06T09:17:13.322-0500 [DEBUG] [org.apache.http.impl.conn.DefaultManagedHttpClientConnection] http-outgoing-3: set socket timeout to 30000
2021-06-06T09:17:13.322-0500 [DEBUG] [org.apache.http.impl.conn.DefaultManagedHttpClientConnection] http-outgoing-3: set socket timeout to 30000
2021-06-06T09:17:13.322-0500 [DEBUG] [org.apache.http.impl.conn.DefaultManagedHttpClientConnection] http-outgoing-1: set socket timeout to 30000
2021-06-06T09:17:13.322-0500 [DEBUG] [org.apache.http.impl.execchain.MainClientExec] Executing request GET /dl/android/maven2/com/android/tools/repository/27.2.1/repository-27.2.1.pom HTTP/1.1
2021-06-06T09:17:13.322-0500 [DEBUG] [org.apache.http.impl.execchain.MainClientExec] Target auth state: UNCHALLENGED
2021-06-06T09:17:13.323-0500 [DEBUG] [org.apache.http.impl.execchain.MainClientExec] Proxy auth state: UNCHALLENGED
2021-06-06T09:17:13.322-0500 [DEBUG] [org.apache.http.impl.execchain.MainClientExec] Executing request GET /dl/android/maven2/org/apache/commons/commons-compress/1.12/commons-compress-1.12.pom HTTP/1.1
2021-06-06T09:17:13.323-0500 [DEBUG] [org.apache.http.impl.execchain.MainClientExec] Target auth state: UNCHALLENGED
2021-06-06T09:17:13.323-0500 [DEBUG] [org.apache.http.impl.execchain.MainClientExec] Proxy auth state: UNCHALLENGED
2021-06-06T09:17:13.362-0500 [DEBUG] [org.apache.http.impl.execchain.MainClientExec] Connection can be kept alive indefinitely
2021-06-06T09:17:13.362-0500 [DEBUG] [org.apache.http.impl.execchain.MainClientExec] Connection can be kept alive indefinitely
2021-06-06T09:17:13.362-0500 [DEBUG] [org.apache.http.impl.conn.PoolingHttpClientConnectionManager] Connection [id: 3][route: {s}->https://dl.google.com:443] can be kept alive indefinitely
2021-06-06T09:17:13.362-0500 [DEBUG] [org.apache.http.impl.conn.DefaultManagedHttpClientConnection] http-outgoing-3: set socket timeout to 0
2021-06-06T09:17:13.362-0500 [DEBUG] [org.apache.http.impl.conn.PoolingHttpClientConnectionManager] Connection released: [id: 3][route: {s}->https://dl.google.com:443][total kept alive: 6; route allocated: 8 of 20; total allocated: 8 of 20]
2021-06-06T09:17:13.362-0500 [INFO] [org.gradle.internal.resource.transport.http.HttpClientHelper] Resource missing. [HTTP GET: https://dl.google.com/dl/android/maven2/org/apache/commons/commons-compress/1.12/commons-compress-1.12.pom]
2021-06-06T09:17:13.362-0500 [DEBUG] [org.gradle.internal.operations.DefaultBuildOperationRunner] Build operation 'Download https://dl.google.com/dl/android/maven2/org/apache/commons/commons-compress/1.12/commons-compress-1.12.pom' completed
2021-06-06T09:17:13.362-0500 [DEBUG] [org.gradle.api.internal.artifacts.repositories.resolver.ExternalResourceResolver] No meta-data file or artifact found for module 'org.apache.commons:commons-compress:1.12' in repository 'Google'.
2021-06-06T09:17:13.362-0500 [DEBUG] [org.gradle.api.internal.artifacts.ivyservice.modulecache.PersistentModuleMetadataCache] Recording absence of module descriptor in cache: org.apache.commons:commons-compress:1.12 [changing = false]
2021-06-06T09:17:13.362-0500 [DEBUG] [org.gradle.internal.resource.transport.http.HttpResponseResource] Attempting to download resource https://dl.google.com/dl/android/maven2/com/android/tools/repository/27.2.1/repository-27.2.1.pom.
2021-06-06T09:17:13.363-0500 [DEBUG] [org.gradle.api.internal.artifacts.repositories.resolver.DefaultExternalResourceArtifactResolver] Loading https://repo.maven.apache.org/maven2/org/apache/commons/commons-compress/1.12/commons-compress-1.12.pom
2021-06-06T09:17:13.363-0500 [DEBUG] [org.gradle.internal.resource.transfer.DefaultCacheAwareExternalResourceAccessor] Constructing external resource: https://repo.maven.apache.org/maven2/org/apache/commons/commons-compress/1.12/commons-compress-1.12.pom
2021-06-06T09:17:13.364-0500 [DEBUG] [org.gradle.internal.resource.transport.http.HttpResourceAccessor] Constructing external resource: https://repo.maven.apache.org/maven2/org/apache/commons/commons-compress/1.12/commons-compress-1.12.pom
2021-06-06T09:17:13.364-0500 [DEBUG] [org.gradle.internal.resource.transport.http.HttpClientHelper] Performing HTTP GET: https://repo.maven.apache.org/maven2/org/apache/commons/commons-compress/1.12/commons-compress-1.12.pom
2021-06-06T09:17:13.364-0500 [INFO] [org.gradle.internal.resource.transfer.DefaultCacheAwareExternalResourceAccessor] Downloading https://dl.google.com/dl/android/maven2/com/android/tools/repository/27.2.1/repository-27.2.1.pom to C:\Users\gathi\AppData\Local\Temp\gradle_download16982669425701140037bin
2021-06-06T09:17:13.364-0500 [DEBUG] [org.apache.http.client.protocol.RequestAddCookies] CookieSpec selected: default
2021-06-06T09:17:13.364-0500 [DEBUG] [org.apache.http.client.protocol.RequestAuthCache] Auth cache not set in the context
2021-06-06T09:17:13.364-0500 [DEBUG] [org.apache.http.impl.conn.PoolingHttpClientConnectionManager] Connection request: [route: {s}->https://repo.maven.apache.org:443][total kept alive: 8; route allocated: 8 of 20; total allocated: 8 of 20]
2021-06-06T09:17:13.365-0500 [DEBUG] [org.apache.http.impl.conn.PoolingHttpClientConnectionManager] Connection leased: [id: 12][route: {s}->https://repo.maven.apache.org:443][total kept alive: 7; route allocated: 8 of 20; total allocated: 8 of 20]
2021-06-06T09:17:13.365-0500 [DEBUG] [org.apache.http.impl.conn.DefaultManagedHttpClientConnection] http-outgoing-12: set socket timeout to 30000
2021-06-06T09:17:13.365-0500 [DEBUG] [org.apache.http.impl.conn.DefaultManagedHttpClientConnection] http-outgoing-12: set socket timeout to 30000
2021-06-06T09:17:13.365-0500 [DEBUG] [org.apache.http.impl.execchain.MainClientExec] Executing request GET /maven2/org/apache/commons/commons-compress/1.12/commons-compress-1.12.pom HTTP/1.1
2021-06-06T09:17:13.365-0500 [DEBUG] [org.apache.http.impl.execchain.MainClientExec] Target auth state: UNCHALLENGED
2021-06-06T09:17:13.365-0500 [DEBUG] [org.apache.http.impl.execchain.MainClientExec] Proxy auth state: UNCHALLENGED
2021-06-06T09:17:13.366-0500 [DEBUG] [org.apache.http.impl.conn.PoolingHttpClientConnectionManager] Connection [id: 1][route: {s}->https://dl.google.com:443] can be kept alive indefinitely
2021-06-06T09:17:13.366-0500 [DEBUG] [org.apache.http.impl.conn.DefaultManagedHttpClientConnection] http-outgoing-1: set socket timeout to 0
2021-06-06T09:17:13.366-0500 [DEBUG] [org.apache.http.impl.conn.PoolingHttpClientConnectionManager] Connection released: [id: 1][route: {s}->https://dl.google.com:443][total kept alive: 7; route allocated: 8 of 20; total allocated: 8 of 20]
2021-06-06T09:17:13.366-0500 [DEBUG] [org.gradle.internal.operations.DefaultBuildOperationRunner] Build operation 'Download https://dl.google.com/dl/android/maven2/com/android/tools/repository/27.2.1/repository-27.2.1.pom' completed
2021-06-06T09:17:13.368-0500 [DEBUG] [org.apache.http.impl.execchain.MainClientExec] Connection can be kept alive indefinitely
2021-06-06T09:17:13.368-0500 [DEBUG] [org.gradle.internal.resource.transport.http.HttpResponseResource] Attempting to download resource https://dl.google.com/dl/android/maven2/com/android/tools/dvlib/27.2.1/dvlib-27.2.1.pom.
2021-06-06T09:17:13.370-0500 [INFO] [org.gradle.internal.resource.transfer.DefaultCacheAwareExternalResourceAccessor] Downloading https://dl.google.com/dl/android/maven2/com/android/tools/dvlib/27.2.1/dvlib-27.2.1.pom to C:\Users\gathi\AppData\Local\Temp\gradle_download6330524882824247972bin
2021-06-06T09:17:13.371-0500 [DEBUG] [org.apache.http.impl.conn.PoolingHttpClientConnectionManager] Connection [id: 5][route: {s}->https://dl.google.com:443] can be kept alive indefinitely
2021-06-06T09:17:13.371-0500 [DEBUG] [org.apache.http.impl.conn.DefaultManagedHttpClientConnection] http-outgoing-5: set socket timeout to 0
2021-06-06T09:17:13.371-0500 [DEBUG] [org.apache.http.impl.conn.PoolingHttpClientConnectionManager] Connection released: [id: 5][route: {s}->https://dl.google.com:443][total kept alive: 8; route allocated: 8 of 20; total allocated: 8 of 20]
2021-06-06T09:17:13.371-0500 [DEBUG] [org.gradle.internal.operations.DefaultBuildOperationRunner] Build operation 'Download https://dl.google.com/dl/android/maven2/com/android/tools/dvlib/27.2.1/dvlib-27.2.1.pom' completed
2021-06-06T09:17:13.375-0500 [DEBUG] [org.gradle.api.internal.artifacts.repositories.resolver.ExternalResourceResolver] Metadata file found for module 'com.android.tools:repository:27.2.1' in repository 'Google'.
2021-06-06T09:17:13.375-0500 [DEBUG] [org.gradle.api.internal.artifacts.repositories.resolver.DefaultExternalResourceArtifactResolver] Loading https://dl.google.com/dl/android/maven2/com/android/tools/repository/27.2.1/repository-27.2.1.module
2021-06-06T09:17:13.375-0500 [DEBUG] [org.gradle.internal.resource.transfer.DefaultCacheAwareExternalResourceAccessor] Constructing external resource: https://dl.google.com/dl/android/maven2/com/android/tools/repository/27.2.1/repository-27.2.1.module
2021-06-06T09:17:13.378-0500 [DEBUG] [org.gradle.internal.resource.transport.http.HttpResourceAccessor] Constructing external resource: https://dl.google.com/dl/android/maven2/com/android/tools/repository/27.2.1/repository-27.2.1.module
2021-06-06T09:17:13.378-0500 [DEBUG] [org.gradle.internal.resource.transport.http.HttpClientHelper] Performing HTTP GET: https://dl.google.com/dl/android/maven2/com/android/tools/repository/27.2.1/repository-27.2.1.module
2021-06-06T09:17:13.379-0500 [DEBUG] [org.apache.http.client.protocol.RequestAddCookies] CookieSpec selected: default
2021-06-06T09:17:13.379-0500 [DEBUG] [org.apache.http.client.protocol.RequestAuthCache] Auth cache not set in the context
2021-06-06T09:17:13.379-0500 [DEBUG] [org.apache.http.impl.conn.PoolingHttpClientConnectionManager] Connection request: [route: {s}->https://dl.google.com:443][total kept alive: 8; route allocated: 8 of 20; total allocated: 8 of 20]
2021-06-06T09:17:13.379-0500 [DEBUG] [org.apache.http.impl.conn.PoolingHttpClientConnectionManager] Connection leased: [id: 5][route: {s}->https://dl.google.com:443][total kept alive: 7; route allocated: 8 of 20; total allocated: 8 of 20]
2021-06-06T09:17:13.379-0500 [DEBUG] [org.apache.http.impl.conn.DefaultManagedHttpClientConnection] http-outgoing-5: set socket timeout to 30000
2021-06-06T09:17:13.379-0500 [DEBUG] [org.apache.http.impl.conn.DefaultManagedHttpClientConnection] http-outgoing-5: set socket timeout to 30000
2021-06-06T09:17:13.379-0500 [DEBUG] [org.apache.http.impl.execchain.MainClientExec] Executing request GET /dl/android/maven2/com/android/tools/repository/27.2.1/repository-27.2.1.module HTTP/1.1
2021-06-06T09:17:13.379-0500 [DEBUG] [org.apache.http.impl.execchain.MainClientExec] Target auth state: UNCHALLENGED
2021-06-06T09:17:13.379-0500 [DEBUG] [org.apache.http.impl.execchain.MainClientExec] Proxy auth state: UNCHALLENGED
2021-06-06T09:17:13.380-0500 [DEBUG] [org.gradle.api.internal.artifacts.repositories.resolver.ExternalResourceResolver] Metadata file found for module 'com.android.tools:dvlib:27.2.1' in repository 'Google'.
2021-06-06T09:17:13.380-0500 [DEBUG] [org.gradle.api.internal.artifacts.repositories.resolver.DefaultExternalResourceArtifactResolver] Loading https://dl.google.com/dl/android/maven2/com/android/tools/dvlib/27.2.1/dvlib-27.2.1.module
2021-06-06T09:17:13.381-0500 [DEBUG] [org.gradle.internal.resource.transfer.DefaultCacheAwareExternalResourceAccessor] Constructing external resource: https://dl.google.com/dl/android/maven2/com/android/tools/dvlib/27.2.1/dvlib-27.2.1.module
2021-06-06T09:17:13.382-0500 [DEBUG] [org.gradle.internal.resource.transport.http.HttpResourceAccessor] Constructing external resource: https://dl.google.com/dl/android/maven2/com/android/tools/dvlib/27.2.1/dvlib-27.2.1.module
2021-06-06T09:17:13.382-0500 [DEBUG] [org.gradle.internal.resource.transport.http.HttpClientHelper] Performing HTTP GET: https://dl.google.com/dl/android/maven2/com/android/tools/dvlib/27.2.1/dvlib-27.2.1.module
2021-06-06T09:17:13.382-0500 [DEBUG] [org.apache.http.client.protocol.RequestAddCookies] CookieSpec selected: default
2021-06-06T09:17:13.382-0500 [DEBUG] [org.apache.http.client.protocol.RequestAuthCache] Auth cache not set in the context
2021-06-06T09:17:13.383-0500 [DEBUG] [org.apache.http.impl.conn.PoolingHttpClientConnectionManager] Connection request: [route: {s}->https://dl.google.com:443][total kept alive: 7; route allocated: 8 of 20; total allocated: 8 of 20]
2021-06-06T09:17:13.383-0500 [DEBUG] [org.apache.http.impl.conn.PoolingHttpClientConnectionManager] Connection leased: [id: 1][route: {s}->https://dl.google.com:443][total kept alive: 6; route allocated: 8 of 20; total allocated: 8 of 20]
2021-06-06T09:17:13.383-0500 [DEBUG] [org.apache.http.impl.conn.DefaultManagedHttpClientConnection] http-outgoing-1: set socket timeout to 30000
2021-06-06T09:17:13.383-0500 [DEBUG] [org.apache.http.impl.conn.DefaultManagedHttpClientConnection] http-outgoing-1: set socket timeout to 30000
2021-06-06T09:17:13.383-0500 [DEBUG] [org.apache.http.impl.execchain.MainClientExec] Executing request GET /dl/android/maven2/com/android/tools/dvlib/27.2.1/dvlib-27.2.1.module HTTP/1.1
2021-06-06T09:17:13.383-0500 [DEBUG] [org.apache.http.impl.execchain.MainClientExec] Target auth state: UNCHALLENGED
2021-06-06T09:17:13.383-0500 [DEBUG] [org.apache.http.impl.execchain.MainClientExec] Proxy auth state: UNCHALLENGED
2021-06-06T09:17:13.387-0500 [DEBUG] [org.apache.http.impl.execchain.MainClientExec] Connection can be kept alive indefinitely
2021-06-06T09:17:13.387-0500 [DEBUG] [org.gradle.internal.resource.transport.http.HttpResponseResource] Attempting to download resource https://repo.maven.apache.org/maven2/org/apache/commons/commons-compress/1.12/commons-compress-1.12.pom.
2021-06-06T09:17:13.388-0500 [INFO] [org.gradle.internal.resource.transfer.DefaultCacheAwareExternalResourceAccessor] Downloading https://repo.maven.apache.org/maven2/org/apache/commons/commons-compress/1.12/commons-compress-1.12.pom to C:\Users\gathi\AppData\Local\Temp\gradle_download17848792433027058153bin
2021-06-06T09:17:13.390-0500 [DEBUG] [org.apache.http.impl.conn.PoolingHttpClientConnectionManager] Connection [id: 12][route: {s}->https://repo.maven.apache.org:443] can be kept alive indefinitely
2021-06-06T09:17:13.390-0500 [DEBUG] [org.apache.http.impl.conn.DefaultManagedHttpClientConnection] http-outgoing-12: set socket timeout to 0
2021-06-06T09:17:13.391-0500 [DEBUG] [org.apache.http.impl.conn.PoolingHttpClientConnectionManager] Connection released: [id: 12][route: {s}->https://repo.maven.apache.org:443][total kept alive: 8; route allocated: 8 of 20; total allocated: 8 of 20]
2021-06-06T09:17:13.391-0500 [DEBUG] [org.gradle.internal.operations.DefaultBuildOperationRunner] Build operation 'Download https://repo.maven.apache.org/maven2/org/apache/commons/commons-compress/1.12/commons-compress-1.12.pom' completed
2021-06-06T09:17:13.398-0500 [DEBUG] [org.gradle.api.internal.artifacts.ivyservice.ivyresolve.RepositoryChainComponentMetaDataResolver] Attempting to resolve component for org.apache.commons:commons-parent:39 using repositories [Google, MavenRepo]
2021-06-06T09:17:13.398-0500 [DEBUG] [org.gradle.api.internal.artifacts.repositories.resolver.DefaultExternalResourceArtifactResolver] Loading https://dl.google.com/dl/android/maven2/org/apache/commons/commons-parent/39/commons-parent-39.pom
2021-06-06T09:17:13.399-0500 [DEBUG] [org.gradle.internal.resource.transfer.DefaultCacheAwareExternalResourceAccessor] Constructing external resource: https://dl.google.com/dl/android/maven2/org/apache/commons/commons-parent/39/commons-parent-39.pom
2021-06-06T09:17:13.400-0500 [DEBUG] [org.gradle.internal.resource.transport.http.HttpResourceAccessor] Constructing external resource metadata: https://dl.google.com/dl/android/maven2/org/apache/commons/commons-parent/39/commons-parent-39.pom
2021-06-06T09:17:13.400-0500 [DEBUG] [org.gradle.internal.resource.transport.http.HttpClientHelper] Performing HTTP HEAD: https://dl.google.com/dl/android/maven2/org/apache/commons/commons-parent/39/commons-parent-39.pom
2021-06-06T09:17:13.401-0500 [DEBUG] [org.apache.http.client.protocol.RequestAddCookies] CookieSpec selected: default
2021-06-06T09:17:13.401-0500 [DEBUG] [org.apache.http.client.protocol.RequestAuthCache] Auth cache not set in the context
2021-06-06T09:17:13.401-0500 [DEBUG] [org.apache.http.impl.conn.PoolingHttpClientConnectionManager] Connection request: [route: {s}->https://dl.google.com:443][total kept alive: 6; route allocated: 8 of 20; total allocated: 8 of 20]
2021-06-06T09:17:13.401-0500 [DEBUG] [org.apache.http.impl.conn.PoolingHttpClientConnectionManager] Connection leased: [id: 3][route: {s}->https://dl.google.com:443][total kept alive: 5; route allocated: 8 of 20; total allocated: 8 of 20]
2021-06-06T09:17:13.401-0500 [DEBUG] [org.apache.http.impl.conn.DefaultManagedHttpClientConnection] http-outgoing-3: set socket timeout to 30000
2021-06-06T09:17:13.401-0500 [DEBUG] [org.apache.http.impl.conn.DefaultManagedHttpClientConnection] http-outgoing-3: set socket timeout to 30000
2021-06-06T09:17:13.401-0500 [DEBUG] [org.apache.http.impl.execchain.MainClientExec] Executing request HEAD /dl/android/maven2/org/apache/commons/commons-parent/39/commons-parent-39.pom HTTP/1.1
2021-06-06T09:17:13.401-0500 [DEBUG] [org.apache.http.impl.execchain.MainClientExec] Target auth state: UNCHALLENGED
2021-06-06T09:17:13.401-0500 [DEBUG] [org.apache.http.impl.execchain.MainClientExec] Proxy auth state: UNCHALLENGED
2021-06-06T09:17:13.424-0500 [DEBUG] [org.apache.http.impl.execchain.MainClientExec] Connection can be kept alive indefinitely
2021-06-06T09:17:13.425-0500 [DEBUG] [org.gradle.internal.resource.transport.http.HttpResponseResource] Attempting to download resource https://dl.google.com/dl/android/maven2/com/android/tools/dvlib/27.2.1/dvlib-27.2.1.module.
2021-06-06T09:17:13.426-0500 [INFO] [org.gradle.internal.resource.transfer.DefaultCacheAwareExternalResourceAccessor] Downloading https://dl.google.com/dl/android/maven2/com/android/tools/dvlib/27.2.1/dvlib-27.2.1.module to C:\Users\gathi\AppData\Local\Temp\gradle_download5106919927771384008bin
2021-06-06T09:17:13.427-0500 [DEBUG] [org.apache.http.impl.conn.PoolingHttpClientConnectionManager] Connection [id: 1][route: {s}->https://dl.google.com:443] can be kept alive indefinitely
2021-06-06T09:17:13.427-0500 [DEBUG] [org.apache.http.impl.conn.DefaultManagedHttpClientConnection] http-outgoing-1: set socket timeout to 0
2021-06-06T09:17:13.428-0500 [DEBUG] [org.apache.http.impl.conn.PoolingHttpClientConnectionManager] Connection released: [id: 1][route: {s}->https://dl.google.com:443][total kept alive: 6; route allocated: 8 of 20; total allocated: 8 of 20]
2021-06-06T09:17:13.428-0500 [DEBUG] [org.gradle.internal.operations.DefaultBuildOperationRunner] Build operation 'Download https://dl.google.com/dl/android/maven2/com/android/tools/dvlib/27.2.1/dvlib-27.2.1.module' completed
2021-06-06T09:17:13.436-0500 [DEBUG] [org.gradle.api.internal.artifacts.ivyservice.modulecache.PersistentModuleMetadataCache] Recording module descriptor in cache: com.android.tools:dvlib:27.2.1 [changing = false]
2021-06-06T09:17:13.438-0500 [DEBUG] [org.apache.http.impl.execchain.MainClientExec] Connection can be kept alive indefinitely
2021-06-06T09:17:13.438-0500 [DEBUG] [org.apache.http.impl.conn.PoolingHttpClientConnectionManager] Connection [id: 3][route: {s}->https://dl.google.com:443] can be kept alive indefinitely
2021-06-06T09:17:13.438-0500 [DEBUG] [org.apache.http.impl.conn.DefaultManagedHttpClientConnection] http-outgoing-3: set socket timeout to 0
2021-06-06T09:17:13.438-0500 [DEBUG] [org.apache.http.impl.conn.PoolingHttpClientConnectionManager] Connection released: [id: 3][route: {s}->https://dl.google.com:443][total kept alive: 7; route allocated: 8 of 20; total allocated: 8 of 20]
2021-06-06T09:17:13.438-0500 [INFO] [org.gradle.internal.resource.transport.http.HttpClientHelper] Resource missing. [HTTP HEAD: https://dl.google.com/dl/android/maven2/org/apache/commons/commons-parent/39/commons-parent-39.pom]
2021-06-06T09:17:13.438-0500 [DEBUG] [org.gradle.internal.operations.DefaultBuildOperationRunner] Build operation 'Metadata of https://dl.google.com/dl/android/maven2/org/apache/commons/commons-parent/39/commons-parent-39.pom' completed
2021-06-06T09:17:13.439-0500 [DEBUG] [org.gradle.api.internal.artifacts.repositories.resolver.ExternalResourceResolver] No meta-data file or artifact found for module 'org.apache.commons:commons-parent:39' in repository 'Google'.
2021-06-06T09:17:13.439-0500 [DEBUG] [org.gradle.api.internal.artifacts.ivyservice.modulecache.PersistentModuleMetadataCache] Recording absence of module descriptor in cache: org.apache.commons:commons-parent:39 [changing = false]
2021-06-06T09:17:13.439-0500 [DEBUG] [org.gradle.api.internal.artifacts.ivyservice.ivyresolve.RepositoryChainComponentMetaDataResolver] Using com.android.tools:dvlib:27.2.1 from Maven repository 'Google'
2021-06-06T09:17:13.440-0500 [DEBUG] [org.gradle.internal.operations.DefaultBuildOperationRunner] Build operation 'Resolve com.android.tools:dvlib:27.2.1' completed
2021-06-06T09:17:13.440-0500 [DEBUG] [org.gradle.api.internal.artifacts.repositories.resolver.DefaultExternalResourceArtifactResolver] Loading https://repo.maven.apache.org/maven2/org/apache/commons/commons-parent/39/commons-parent-39.pom
2021-06-06T09:17:13.440-0500 [DEBUG] [org.gradle.internal.work.DefaultWorkerLeaseService] Worker lease root.1.68.69 completed (2 worker(s) in use)
2021-06-06T09:17:13.440-0500 [DEBUG] [org.gradle.internal.resources.AbstractTrackedResourceLock] Daemon worker: released lock on root.1.68.69
2021-06-06T09:17:13.440-0500 [DEBUG] [org.gradle.internal.resource.transfer.DefaultCacheAwareExternalResourceAccessor] Constructing external resource: https://repo.maven.apache.org/maven2/org/apache/commons/commons-parent/39/commons-parent-39.pom
2021-06-06T09:17:13.441-0500 [DEBUG] [org.gradle.internal.resource.transport.http.HttpResourceAccessor] Constructing external resource metadata: https://repo.maven.apache.org/maven2/org/apache/commons/commons-parent/39/commons-parent-39.pom
2021-06-06T09:17:13.441-0500 [DEBUG] [org.gradle.internal.resource.transport.http.HttpClientHelper] Performing HTTP HEAD: https://repo.maven.apache.org/maven2/org/apache/commons/commons-parent/39/commons-parent-39.pom
2021-06-06T09:17:13.441-0500 [DEBUG] [org.apache.http.client.protocol.RequestAddCookies] CookieSpec selected: default
2021-06-06T09:17:13.441-0500 [DEBUG] [org.apache.http.client.protocol.RequestAuthCache] Auth cache not set in the context
2021-06-06T09:17:13.442-0500 [DEBUG] [org.apache.http.impl.conn.PoolingHttpClientConnectionManager] Connection request: [route: {s}->https://repo.maven.apache.org:443][total kept alive: 8; route allocated: 8 of 20; total allocated: 8 of 20]
2021-06-06T09:17:13.442-0500 [DEBUG] [org.apache.http.impl.conn.PoolingHttpClientConnectionManager] Connection leased: [id: 12][route: {s}->https://repo.maven.apache.org:443][total kept alive: 7; route allocated: 8 of 20; total allocated: 8 of 20]
2021-06-06T09:17:13.442-0500 [DEBUG] [org.apache.http.impl.conn.DefaultManagedHttpClientConnection] http-outgoing-12: set socket timeout to 30000
2021-06-06T09:17:13.442-0500 [DEBUG] [org.apache.http.impl.conn.DefaultManagedHttpClientConnection] http-outgoing-12: set socket timeout to 30000
2021-06-06T09:17:13.442-0500 [DEBUG] [org.apache.http.impl.execchain.MainClientExec] Executing request HEAD /maven2/org/apache/commons/commons-parent/39/commons-parent-39.pom HTTP/1.1
2021-06-06T09:17:13.442-0500 [DEBUG] [org.apache.http.impl.execchain.MainClientExec] Target auth state: UNCHALLENGED
2021-06-06T09:17:13.442-0500 [DEBUG] [org.apache.http.impl.execchain.MainClientExec] Proxy auth state: UNCHALLENGED
2021-06-06T09:17:13.457-0500 [DEBUG] [org.apache.http.impl.execchain.MainClientExec] Connection can be kept alive indefinitely
2021-06-06T09:17:13.457-0500 [DEBUG] [org.apache.http.impl.conn.PoolingHttpClientConnectionManager] Connection [id: 12][route: {s}->https://repo.maven.apache.org:443] can be kept alive indefinitely
2021-06-06T09:17:13.457-0500 [DEBUG] [org.apache.http.impl.conn.DefaultManagedHttpClientConnection] http-outgoing-12: set socket timeout to 0
2021-06-06T09:17:13.457-0500 [DEBUG] [org.apache.http.impl.conn.PoolingHttpClientConnectionManager] Connection released: [id: 12][route: {s}->https://repo.maven.apache.org:443][total kept alive: 8; route allocated: 8 of 20; total allocated: 8 of 20]
2021-06-06T09:17:13.457-0500 [DEBUG] [org.gradle.internal.operations.DefaultBuildOperationRunner] Build operation 'Metadata of https://repo.maven.apache.org/maven2/org/apache/commons/commons-parent/39/commons-parent-39.pom' completed
2021-06-06T09:17:13.458-0500 [DEBUG] [org.apache.http.impl.execchain.MainClientExec] Connection can be kept alive indefinitely
2021-06-06T09:17:13.458-0500 [DEBUG] [org.gradle.internal.resource.transport.http.HttpResponseResource] Attempting to download resource https://dl.google.com/dl/android/maven2/com/android/tools/repository/27.2.1/repository-27.2.1.module.
2021-06-06T09:17:13.459-0500 [INFO] [org.gradle.internal.resource.transfer.DefaultCacheAwareExternalResourceAccessor] Found locally available resource with matching checksum: [https://repo.maven.apache.org/maven2/org/apache/commons/commons-parent/39/commons-parent-39.pom, C:\Users\gathi\.m2\repository\org\apache\commons\commons-parent\39\commons-parent-39.pom]
2021-06-06T09:17:13.459-0500 [INFO] [org.gradle.internal.resource.transfer.DefaultCacheAwareExternalResourceAccessor] Downloading https://dl.google.com/dl/android/maven2/com/android/tools/repository/27.2.1/repository-27.2.1.module to C:\Users\gathi\AppData\Local\Temp\gradle_download57027733622196932bin
2021-06-06T09:17:13.461-0500 [DEBUG] [org.apache.http.impl.conn.PoolingHttpClientConnectionManager] Connection [id: 5][route: {s}->https://dl.google.com:443] can be kept alive indefinitely
2021-06-06T09:17:13.461-0500 [DEBUG] [org.apache.http.impl.conn.DefaultManagedHttpClientConnection] http-outgoing-5: set socket timeout to 0
2021-06-06T09:17:13.461-0500 [DEBUG] [org.apache.http.impl.conn.PoolingHttpClientConnectionManager] Connection released: [id: 5][route: {s}->https://dl.google.com:443][total kept alive: 8; route allocated: 8 of 20; total allocated: 8 of 20]
2021-06-06T09:17:13.461-0500 [DEBUG] [org.gradle.internal.operations.DefaultBuildOperationRunner] Build operation 'Download https://dl.google.com/dl/android/maven2/com/android/tools/repository/27.2.1/repository-27.2.1.module' completed
2021-06-06T09:17:13.470-0500 [DEBUG] [org.gradle.api.internal.artifacts.ivyservice.modulecache.PersistentModuleMetadataCache] Recording module descriptor in cache: com.android.tools:repository:27.2.1 [changing = false]
2021-06-06T09:17:13.475-0500 [DEBUG] [org.gradle.api.internal.artifacts.ivyservice.ivyresolve.RepositoryChainComponentMetaDataResolver] Using com.android.tools:repository:27.2.1 from Maven repository 'Google'
2021-06-06T09:17:13.478-0500 [DEBUG] [org.gradle.api.internal.artifacts.ivyservice.ivyresolve.RepositoryChainComponentMetaDataResolver] Attempting to resolve component for org.apache:apache:16 using repositories [Google, MavenRepo]
2021-06-06T09:17:13.478-0500 [DEBUG] [org.gradle.api.internal.artifacts.repositories.resolver.DefaultExternalResourceArtifactResolver] Loading https://dl.google.com/dl/android/maven2/org/apache/apache/16/apache-16.pom
2021-06-06T09:17:13.478-0500 [DEBUG] [org.gradle.internal.resource.transfer.DefaultCacheAwareExternalResourceAccessor] Constructing external resource: https://dl.google.com/dl/android/maven2/org/apache/apache/16/apache-16.pom
2021-06-06T09:17:13.481-0500 [DEBUG] [org.gradle.internal.resource.transport.http.HttpResourceAccessor] Constructing external resource metadata: https://dl.google.com/dl/android/maven2/org/apache/apache/16/apache-16.pom
2021-06-06T09:17:13.481-0500 [DEBUG] [org.gradle.internal.resource.transport.http.HttpClientHelper] Performing HTTP HEAD: https://dl.google.com/dl/android/maven2/org/apache/apache/16/apache-16.pom
2021-06-06T09:17:13.481-0500 [DEBUG] [org.apache.http.client.protocol.RequestAddCookies] CookieSpec selected: default
2021-06-06T09:17:13.481-0500 [DEBUG] [org.apache.http.client.protocol.RequestAuthCache] Auth cache not set in the context
2021-06-06T09:17:13.481-0500 [DEBUG] [org.apache.http.impl.conn.PoolingHttpClientConnectionManager] Connection request: [route: {s}->https://dl.google.com:443][total kept alive: 8; route allocated: 8 of 20; total allocated: 8 of 20]
2021-06-06T09:17:13.481-0500 [DEBUG] [org.apache.http.impl.conn.PoolingHttpClientConnectionManager] Connection leased: [id: 5][route: {s}->https://dl.google.com:443][total kept alive: 7; route allocated: 8 of 20; total allocated: 8 of 20]
2021-06-06T09:17:13.482-0500 [DEBUG] [org.apache.http.impl.conn.DefaultManagedHttpClientConnection] http-outgoing-5: set socket timeout to 30000
2021-06-06T09:17:13.482-0500 [DEBUG] [org.apache.http.impl.conn.DefaultManagedHttpClientConnection] http-outgoing-5: set socket timeout to 30000
2021-06-06T09:17:13.482-0500 [DEBUG] [org.apache.http.impl.execchain.MainClientExec] Executing request HEAD /dl/android/maven2/org/apache/apache/16/apache-16.pom HTTP/1.1
2021-06-06T09:17:13.482-0500 [DEBUG] [org.apache.http.impl.execchain.MainClientExec] Target auth state: UNCHALLENGED
2021-06-06T09:17:13.482-0500 [DEBUG] [org.apache.http.impl.execchain.MainClientExec] Proxy auth state: UNCHALLENGED
2021-06-06T09:17:13.519-0500 [DEBUG] [org.apache.http.impl.execchain.MainClientExec] Connection can be kept alive indefinitely
2021-06-06T09:17:13.519-0500 [DEBUG] [org.apache.http.impl.conn.PoolingHttpClientConnectionManager] Connection [id: 5][route: {s}->https://dl.google.com:443] can be kept alive indefinitely
2021-06-06T09:17:13.520-0500 [DEBUG] [org.apache.http.impl.conn.DefaultManagedHttpClientConnection] http-outgoing-5: set socket timeout to 0
2021-06-06T09:17:13.520-0500 [DEBUG] [org.apache.http.impl.conn.PoolingHttpClientConnectionManager] Connection released: [id: 5][route: {s}->https://dl.google.com:443][total kept alive: 8; route allocated: 8 of 20; total allocated: 8 of 20]
2021-06-06T09:17:13.520-0500 [INFO] [org.gradle.internal.resource.transport.http.HttpClientHelper] Resource missing. [HTTP HEAD: https://dl.google.com/dl/android/maven2/org/apache/apache/16/apache-16.pom]
2021-06-06T09:17:13.520-0500 [DEBUG] [org.gradle.internal.operations.DefaultBuildOperationRunner] Build operation 'Metadata of https://dl.google.com/dl/android/maven2/org/apache/apache/16/apache-16.pom' completed
2021-06-06T09:17:13.520-0500 [DEBUG] [org.gradle.api.internal.artifacts.repositories.resolver.ExternalResourceResolver] No meta-data file or artifact found for module 'org.apache:apache:16' in repository 'Google'.
2021-06-06T09:17:13.520-0500 [DEBUG] [org.gradle.api.internal.artifacts.ivyservice.modulecache.PersistentModuleMetadataCache] Recording absence of module descriptor in cache: org.apache:apache:16 [changing = false]
2021-06-06T09:17:13.521-0500 [DEBUG] [org.gradle.api.internal.artifacts.repositories.resolver.DefaultExternalResourceArtifactResolver] Loading https://repo.maven.apache.org/maven2/org/apache/apache/16/apache-16.pom
2021-06-06T09:17:13.521-0500 [DEBUG] [org.gradle.internal.resource.transfer.DefaultCacheAwareExternalResourceAccessor] Constructing external resource: https://repo.maven.apache.org/maven2/org/apache/apache/16/apache-16.pom
2021-06-06T09:17:13.522-0500 [DEBUG] [org.gradle.internal.resource.transport.http.HttpResourceAccessor] Constructing external resource metadata: https://repo.maven.apache.org/maven2/org/apache/apache/16/apache-16.pom
2021-06-06T09:17:13.522-0500 [DEBUG] [org.gradle.internal.resource.transport.http.HttpClientHelper] Performing HTTP HEAD: https://repo.maven.apache.org/maven2/org/apache/apache/16/apache-16.pom
2021-06-06T09:17:13.523-0500 [DEBUG] [org.apache.http.client.protocol.RequestAddCookies] CookieSpec selected: default
2021-06-06T09:17:13.523-0500 [DEBUG] [org.apache.http.client.protocol.RequestAuthCache] Auth cache not set in the context
2021-06-06T09:17:13.523-0500 [DEBUG] [org.apache.http.impl.conn.PoolingHttpClientConnectionManager] Connection request: [route: {s}->https://repo.maven.apache.org:443][total kept alive: 8; route allocated: 8 of 20; total allocated: 8 of 20]
2021-06-06T09:17:13.523-0500 [DEBUG] [org.apache.http.impl.conn.PoolingHttpClientConnectionManager] Connection leased: [id: 12][route: {s}->https://repo.maven.apache.org:443][total kept alive: 7; route allocated: 8 of 20; total allocated: 8 of 20]
2021-06-06T09:17:13.523-0500 [DEBUG] [org.apache.http.impl.conn.DefaultManagedHttpClientConnection] http-outgoing-12: set socket timeout to 30000
2021-06-06T09:17:13.523-0500 [DEBUG] [org.apache.http.impl.conn.DefaultManagedHttpClientConnection] http-outgoing-12: set socket timeout to 30000
2021-06-06T09:17:13.523-0500 [DEBUG] [org.apache.http.impl.execchain.MainClientExec] Executing request HEAD /maven2/org/apache/apache/16/apache-16.pom HTTP/1.1
2021-06-06T09:17:13.523-0500 [DEBUG] [org.apache.http.impl.execchain.MainClientExec] Target auth state: UNCHALLENGED
2021-06-06T09:17:13.524-0500 [DEBUG] [org.apache.http.impl.execchain.MainClientExec] Proxy auth state: UNCHALLENGED
2021-06-06T09:17:13.541-0500 [DEBUG] [org.apache.http.impl.execchain.MainClientExec] Connection can be kept alive indefinitely
2021-06-06T09:17:13.541-0500 [DEBUG] [org.apache.http.impl.conn.PoolingHttpClientConnectionManager] Connection [id: 12][route: {s}->https://repo.maven.apache.org:443] can be kept alive indefinitely
2021-06-06T09:17:13.541-0500 [DEBUG] [org.apache.http.impl.conn.DefaultManagedHttpClientConnection] http-outgoing-12: set socket timeout to 0
2021-06-06T09:17:13.541-0500 [DEBUG] [org.apache.http.impl.conn.PoolingHttpClientConnectionManager] Connection released: [id: 12][route: {s}->https://repo.maven.apache.org:443][total kept alive: 8; route allocated: 8 of 20; total allocated: 8 of 20]
2021-06-06T09:17:13.541-0500 [DEBUG] [org.gradle.internal.operations.DefaultBuildOperationRunner] Build operation 'Metadata of https://repo.maven.apache.org/maven2/org/apache/apache/16/apache-16.pom' completed
2021-06-06T09:17:13.543-0500 [INFO] [org.gradle.internal.resource.transfer.DefaultCacheAwareExternalResourceAccessor] Found locally available resource with matching checksum: [https://repo.maven.apache.org/maven2/org/apache/apache/16/apache-16.pom, C:\Users\gathi\.m2\repository\org\apache\apache\16\apache-16.pom]
2021-06-06T09:17:13.556-0500 [DEBUG] [org.gradle.api.internal.artifacts.repositories.resolver.ExternalResourceResolver] Metadata file found for module 'org.apache:apache:16' in repository 'MavenRepo'.
2021-06-06T09:17:13.556-0500 [DEBUG] [org.gradle.api.internal.artifacts.ivyservice.modulecache.PersistentModuleMetadataCache] Recording module descriptor in cache: org.apache:apache:16 [changing = false]
2021-06-06T09:17:13.560-0500 [DEBUG] [org.gradle.api.internal.artifacts.ivyservice.ivyresolve.RepositoryChainComponentMetaDataResolver] Using org.apache:apache:16 from Maven repository 'MavenRepo'
2021-06-06T09:17:13.560-0500 [DEBUG] [org.gradle.api.internal.artifacts.repositories.resolver.DefaultExternalResourceArtifactResolver] Loading https://repo.maven.apache.org/maven2/org/apache/apache/16/apache-16.pom
2021-06-06T09:17:13.560-0500 [DEBUG] [org.gradle.internal.resource.transfer.DefaultCacheAwareExternalResourceAccessor] Constructing external resource: https://repo.maven.apache.org/maven2/org/apache/apache/16/apache-16.pom
2021-06-06T09:17:13.561-0500 [DEBUG] [org.gradle.api.internal.artifacts.ivyservice.ivyresolve.CachingModuleComponentRepository] Downloaded artifact 'apache-16.pom (org.apache:apache:16)' from resolver: MavenRepo
2021-06-06T09:17:13.566-0500 [DEBUG] [org.gradle.api.internal.artifacts.repositories.resolver.ExternalResourceResolver] Metadata file found for module 'org.apache.commons:commons-parent:39' in repository 'MavenRepo'.
2021-06-06T09:17:13.566-0500 [DEBUG] [org.gradle.api.internal.artifacts.ivyservice.modulecache.PersistentModuleMetadataCache] Recording module descriptor in cache: org.apache.commons:commons-parent:39 [changing = false]
2021-06-06T09:17:13.570-0500 [DEBUG] [org.gradle.api.internal.artifacts.ivyservice.ivyresolve.RepositoryChainComponentMetaDataResolver] Using org.apache.commons:commons-parent:39 from Maven repository 'MavenRepo'
2021-06-06T09:17:13.570-0500 [DEBUG] [org.gradle.api.internal.artifacts.repositories.resolver.DefaultExternalResourceArtifactResolver] Loading https://repo.maven.apache.org/maven2/org/apache/commons/commons-parent/39/commons-parent-39.pom
2021-06-06T09:17:13.570-0500 [DEBUG] [org.gradle.internal.resource.transfer.DefaultCacheAwareExternalResourceAccessor] Constructing external resource: https://repo.maven.apache.org/maven2/org/apache/commons/commons-parent/39/commons-parent-39.pom
2021-06-06T09:17:13.571-0500 [DEBUG] [org.gradle.api.internal.artifacts.ivyservice.ivyresolve.CachingModuleComponentRepository] Downloaded artifact 'commons-parent-39.pom (org.apache.commons:commons-parent:39)' from resolver: MavenRepo
2021-06-06T09:17:13.579-0500 [DEBUG] [org.gradle.api.internal.artifacts.ivyservice.ivyresolve.RepositoryChainComponentMetaDataResolver] Attempting to resolve component for org.apache:apache:16 using repositories [Google, MavenRepo]
2021-06-06T09:17:13.580-0500 [DEBUG] [org.gradle.api.internal.artifacts.ivyservice.ivyresolve.CachingModuleComponentRepository] Detected non-existence of module 'org.apache:apache:16' in resolver cache 'Google'
2021-06-06T09:17:13.580-0500 [DEBUG] [org.gradle.api.internal.artifacts.ivyservice.ivyresolve.CachingModuleComponentRepository] Using cached module metadata for module 'org.apache:apache:16' in 'MavenRepo'
2021-06-06T09:17:13.580-0500 [DEBUG] [org.gradle.api.internal.artifacts.ivyservice.ivyresolve.RepositoryChainComponentMetaDataResolver] Using org.apache:apache:16 from Maven repository 'MavenRepo'
2021-06-06T09:17:13.580-0500 [DEBUG] [org.gradle.api.internal.artifacts.ivyservice.ivyresolve.CachingModuleComponentRepository] Found artifact 'apache-16.pom (org.apache:apache:16)' in resolver cache: C:\Users\gathi\.gradle\caches\modules-2\files-2.1\org.apache\apache\16\8a90e31780e5cd0685ccaf25836c66e3b4e163b7\apache-16.pom
2021-06-06T09:17:13.590-0500 [DEBUG] [org.gradle.api.internal.artifacts.repositories.resolver.ExternalResourceResolver] Metadata file found for module 'org.apache.commons:commons-compress:1.12' in repository 'MavenRepo'.
2021-06-06T09:17:13.590-0500 [DEBUG] [org.gradle.api.internal.artifacts.ivyservice.modulecache.PersistentModuleMetadataCache] Recording module descriptor in cache: org.apache.commons:commons-compress:1.12 [changing = false]
2021-06-06T09:17:13.594-0500 [DEBUG] [org.gradle.api.internal.artifacts.ivyservice.ivyresolve.RepositoryChainComponentMetaDataResolver] Using org.apache.commons:commons-compress:1.12 from Maven repository 'MavenRepo'
2021-06-06T09:17:13.595-0500 [DEBUG] [org.gradle.api.internal.artifacts.ivyservice.resolveengine.graph.builder.DependencyGraphBuilder] Visiting configuration com.android.tools:sdk-common:27.2.1(runtimeElements).
2021-06-06T09:17:13.596-0500 [DEBUG] [org.gradle.api.internal.artifacts.ivyservice.resolveengine.graph.builder.DependencyGraphBuilder] Submitting 2 metadata files to resolve in parallel for com.android.tools:sdk-common:27.2.1(runtimeElements)
2021-06-06T09:17:13.596-0500 [DEBUG] [org.gradle.internal.work.DefaultWorkerLeaseService] Worker lease root.1.72.73 started (1 worker(s) in use).
2021-06-06T09:17:13.597-0500 [DEBUG] [org.gradle.internal.resources.AbstractTrackedResourceLock] Daemon worker: acquired lock on root.1.72.73
2021-06-06T09:17:13.597-0500 [DEBUG] [org.gradle.api.internal.artifacts.ivyservice.ivyresolve.RepositoryChainComponentMetaDataResolver] Attempting to resolve component for com.android.tools.analytics-library:shared:27.2.1 using repositories [Google, MavenRepo]
2021-06-06T09:17:13.597-0500 [DEBUG] [org.gradle.api.internal.artifacts.repositories.resolver.DefaultExternalResourceArtifactResolver] Loading https://dl.google.com/dl/android/maven2/com/android/tools/analytics-library/shared/27.2.1/shared-27.2.1.pom
2021-06-06T09:17:13.597-0500 [DEBUG] [org.gradle.internal.resource.transfer.DefaultCacheAwareExternalResourceAccessor] Constructing external resource: https://dl.google.com/dl/android/maven2/com/android/tools/analytics-library/shared/27.2.1/shared-27.2.1.pom
2021-06-06T09:17:13.598-0500 [DEBUG] [org.gradle.api.internal.artifacts.ivyservice.ivyresolve.RepositoryChainComponentMetaDataResolver] Attempting to resolve component for xerces:xercesImpl:2.12.0 using repositories [Google, MavenRepo]
2021-06-06T09:17:13.598-0500 [DEBUG] [org.gradle.api.internal.artifacts.repositories.resolver.DefaultExternalResourceArtifactResolver] Loading https://dl.google.com/dl/android/maven2/xerces/xercesImpl/2.12.0/xercesImpl-2.12.0.pom
2021-06-06T09:17:13.598-0500 [DEBUG] [org.gradle.internal.resource.transfer.DefaultCacheAwareExternalResourceAccessor] Constructing external resource: https://dl.google.com/dl/android/maven2/xerces/xercesImpl/2.12.0/xercesImpl-2.12.0.pom
2021-06-06T09:17:13.598-0500 [DEBUG] [org.gradle.internal.resource.transport.http.HttpResourceAccessor] Constructing external resource: https://dl.google.com/dl/android/maven2/com/android/tools/analytics-library/shared/27.2.1/shared-27.2.1.pom
2021-06-06T09:17:13.599-0500 [DEBUG] [org.gradle.internal.resource.transport.http.HttpClientHelper] Performing HTTP GET: https://dl.google.com/dl/android/maven2/com/android/tools/analytics-library/shared/27.2.1/shared-27.2.1.pom
2021-06-06T09:17:13.599-0500 [DEBUG] [org.apache.http.client.protocol.RequestAddCookies] CookieSpec selected: default
2021-06-06T09:17:13.599-0500 [DEBUG] [org.apache.http.client.protocol.RequestAuthCache] Auth cache not set in the context
2021-06-06T09:17:13.599-0500 [DEBUG] [org.apache.http.impl.conn.PoolingHttpClientConnectionManager] Connection request: [route: {s}->https://dl.google.com:443][total kept alive: 8; route allocated: 8 of 20; total allocated: 8 of 20]
2021-06-06T09:17:13.599-0500 [DEBUG] [org.apache.http.impl.conn.PoolingHttpClientConnectionManager] Connection leased: [id: 5][route: {s}->https://dl.google.com:443][total kept alive: 7; route allocated: 8 of 20; total allocated: 8 of 20]
2021-06-06T09:17:13.599-0500 [DEBUG] [org.apache.http.impl.conn.DefaultManagedHttpClientConnection] http-outgoing-5: set socket timeout to 30000
2021-06-06T09:17:13.599-0500 [DEBUG] [org.apache.http.impl.conn.DefaultManagedHttpClientConnection] http-outgoing-5: set socket timeout to 30000
2021-06-06T09:17:13.600-0500 [DEBUG] [org.apache.http.impl.execchain.MainClientExec] Executing request GET /dl/android/maven2/com/android/tools/analytics-library/shared/27.2.1/shared-27.2.1.pom HTTP/1.1
2021-06-06T09:17:13.600-0500 [DEBUG] [org.apache.http.impl.execchain.MainClientExec] Target auth state: UNCHALLENGED
2021-06-06T09:17:13.600-0500 [DEBUG] [org.apache.http.impl.execchain.MainClientExec] Proxy auth state: UNCHALLENGED
2021-06-06T09:17:13.602-0500 [DEBUG] [org.gradle.internal.resource.transport.http.HttpResourceAccessor] Constructing external resource: https://dl.google.com/dl/android/maven2/xerces/xercesImpl/2.12.0/xercesImpl-2.12.0.pom
2021-06-06T09:17:13.602-0500 [DEBUG] [org.gradle.internal.resource.transport.http.HttpClientHelper] Performing HTTP GET: https://dl.google.com/dl/android/maven2/xerces/xercesImpl/2.12.0/xercesImpl-2.12.0.pom
2021-06-06T09:17:13.602-0500 [DEBUG] [org.apache.http.client.protocol.RequestAddCookies] CookieSpec selected: default
2021-06-06T09:17:13.602-0500 [DEBUG] [org.apache.http.client.protocol.RequestAuthCache] Auth cache not set in the context
2021-06-06T09:17:13.602-0500 [DEBUG] [org.apache.http.impl.conn.PoolingHttpClientConnectionManager] Connection request: [route: {s}->https://dl.google.com:443][total kept alive: 7; route allocated: 8 of 20; total allocated: 8 of 20]
2021-06-06T09:17:13.602-0500 [DEBUG] [org.apache.http.impl.conn.PoolingHttpClientConnectionManager] Connection leased: [id: 3][route: {s}->https://dl.google.com:443][total kept alive: 6; route allocated: 8 of 20; total allocated: 8 of 20]
2021-06-06T09:17:13.602-0500 [DEBUG] [org.apache.http.impl.conn.DefaultManagedHttpClientConnection] http-outgoing-3: set socket timeout to 30000
2021-06-06T09:17:13.603-0500 [DEBUG] [org.apache.http.impl.conn.DefaultManagedHttpClientConnection] http-outgoing-3: set socket timeout to 30000
2021-06-06T09:17:13.603-0500 [DEBUG] [org.apache.http.impl.execchain.MainClientExec] Executing request GET /dl/android/maven2/xerces/xercesImpl/2.12.0/xercesImpl-2.12.0.pom HTTP/1.1
2021-06-06T09:17:13.603-0500 [DEBUG] [org.apache.http.impl.execchain.MainClientExec] Target auth state: UNCHALLENGED
2021-06-06T09:17:13.603-0500 [DEBUG] [org.apache.http.impl.execchain.MainClientExec] Proxy auth state: UNCHALLENGED
2021-06-06T09:17:13.642-0500 [DEBUG] [org.apache.http.impl.execchain.MainClientExec] Connection can be kept alive indefinitely
2021-06-06T09:17:13.642-0500 [DEBUG] [org.apache.http.impl.execchain.MainClientExec] Connection can be kept alive indefinitely
2021-06-06T09:17:13.643-0500 [DEBUG] [org.apache.http.impl.conn.PoolingHttpClientConnectionManager] Connection [id: 3][route: {s}->https://dl.google.com:443] can be kept alive indefinitely
2021-06-06T09:17:13.643-0500 [DEBUG] [org.apache.http.impl.conn.DefaultManagedHttpClientConnection] http-outgoing-3: set socket timeout to 0
2021-06-06T09:17:13.643-0500 [DEBUG] [org.apache.http.impl.conn.PoolingHttpClientConnectionManager] Connection released: [id: 3][route: {s}->https://dl.google.com:443][total kept alive: 7; route allocated: 8 of 20; total allocated: 8 of 20]
2021-06-06T09:17:13.643-0500 [INFO] [org.gradle.internal.resource.transport.http.HttpClientHelper] Resource missing. [HTTP GET: https://dl.google.com/dl/android/maven2/xerces/xercesImpl/2.12.0/xercesImpl-2.12.0.pom]
2021-06-06T09:17:13.643-0500 [DEBUG] [org.gradle.internal.operations.DefaultBuildOperationRunner] Build operation 'Download https://dl.google.com/dl/android/maven2/xerces/xercesImpl/2.12.0/xercesImpl-2.12.0.pom' completed
2021-06-06T09:17:13.643-0500 [DEBUG] [org.gradle.internal.resource.transport.http.HttpResponseResource] Attempting to download resource https://dl.google.com/dl/android/maven2/com/android/tools/analytics-library/shared/27.2.1/shared-27.2.1.pom.
2021-06-06T09:17:13.643-0500 [DEBUG] [org.gradle.api.internal.artifacts.repositories.resolver.ExternalResourceResolver] No meta-data file or artifact found for module 'xerces:xercesImpl:2.12.0' in repository 'Google'.
2021-06-06T09:17:13.644-0500 [DEBUG] [org.gradle.api.internal.artifacts.ivyservice.modulecache.PersistentModuleMetadataCache] Recording absence of module descriptor in cache: xerces:xercesImpl:2.12.0 [changing = false]
2021-06-06T09:17:13.644-0500 [DEBUG] [org.gradle.api.internal.artifacts.repositories.resolver.DefaultExternalResourceArtifactResolver] Loading https://repo.maven.apache.org/maven2/xerces/xercesImpl/2.12.0/xercesImpl-2.12.0.pom
2021-06-06T09:17:13.644-0500 [DEBUG] [org.gradle.internal.resource.transfer.DefaultCacheAwareExternalResourceAccessor] Constructing external resource: https://repo.maven.apache.org/maven2/xerces/xercesImpl/2.12.0/xercesImpl-2.12.0.pom
2021-06-06T09:17:13.645-0500 [INFO] [org.gradle.internal.resource.transfer.DefaultCacheAwareExternalResourceAccessor] Downloading https://dl.google.com/dl/android/maven2/com/android/tools/analytics-library/shared/27.2.1/shared-27.2.1.pom to C:\Users\gathi\AppData\Local\Temp\gradle_download14172365224132446264bin
2021-06-06T09:17:13.645-0500 [DEBUG] [org.gradle.internal.resource.transport.http.HttpResourceAccessor] Constructing external resource: https://repo.maven.apache.org/maven2/xerces/xercesImpl/2.12.0/xercesImpl-2.12.0.pom
2021-06-06T09:17:13.646-0500 [DEBUG] [org.gradle.internal.resource.transport.http.HttpClientHelper] Performing HTTP GET: https://repo.maven.apache.org/maven2/xerces/xercesImpl/2.12.0/xercesImpl-2.12.0.pom
2021-06-06T09:17:13.646-0500 [DEBUG] [org.apache.http.client.protocol.RequestAddCookies] CookieSpec selected: default
2021-06-06T09:17:13.646-0500 [DEBUG] [org.apache.http.client.protocol.RequestAuthCache] Auth cache not set in the context
2021-06-06T09:17:13.646-0500 [DEBUG] [org.apache.http.impl.conn.PoolingHttpClientConnectionManager] Connection request: [route: {s}->https://repo.maven.apache.org:443][total kept alive: 8; route allocated: 8 of 20; total allocated: 8 of 20]
2021-06-06T09:17:13.646-0500 [DEBUG] [org.apache.http.impl.conn.PoolingHttpClientConnectionManager] Connection [id: 5][route: {s}->https://dl.google.com:443] can be kept alive indefinitely
2021-06-06T09:17:13.646-0500 [DEBUG] [org.apache.http.impl.conn.DefaultManagedHttpClientConnection] http-outgoing-5: set socket timeout to 0
2021-06-06T09:17:13.646-0500 [DEBUG] [org.apache.http.impl.conn.PoolingHttpClientConnectionManager] Connection leased: [id: 12][route: {s}->https://repo.maven.apache.org:443][total kept alive: 7; route allocated: 8 of 20; total allocated: 8 of 20]
2021-06-06T09:17:13.646-0500 [DEBUG] [org.apache.http.impl.conn.DefaultManagedHttpClientConnection] http-outgoing-12: set socket timeout to 30000
2021-06-06T09:17:13.646-0500 [DEBUG] [org.apache.http.impl.conn.PoolingHttpClientConnectionManager] Connection released: [id: 5][route: {s}->https://dl.google.com:443][total kept alive: 8; route allocated: 8 of 20; total allocated: 8 of 20]
2021-06-06T09:17:13.647-0500 [DEBUG] [org.apache.http.impl.conn.DefaultManagedHttpClientConnection] http-outgoing-12: set socket timeout to 30000
2021-06-06T09:17:13.647-0500 [DEBUG] [org.apache.http.impl.execchain.MainClientExec] Executing request GET /maven2/xerces/xercesImpl/2.12.0/xercesImpl-2.12.0.pom HTTP/1.1
2021-06-06T09:17:13.647-0500 [DEBUG] [org.apache.http.impl.execchain.MainClientExec] Target auth state: UNCHALLENGED
2021-06-06T09:17:13.647-0500 [DEBUG] [org.apache.http.impl.execchain.MainClientExec] Proxy auth state: UNCHALLENGED
2021-06-06T09:17:13.647-0500 [DEBUG] [org.gradle.internal.operations.DefaultBuildOperationRunner] Build operation 'Download https://dl.google.com/dl/android/maven2/com/android/tools/analytics-library/shared/27.2.1/shared-27.2.1.pom' completed
2021-06-06T09:17:13.662-0500 [DEBUG] [org.gradle.api.internal.artifacts.repositories.resolver.ExternalResourceResolver] Metadata file found for module 'com.android.tools.analytics-library:shared:27.2.1' in repository 'Google'.
2021-06-06T09:17:13.663-0500 [DEBUG] [org.gradle.api.internal.artifacts.repositories.resolver.DefaultExternalResourceArtifactResolver] Loading https://dl.google.com/dl/android/maven2/com/android/tools/analytics-library/shared/27.2.1/shared-27.2.1.module
2021-06-06T09:17:13.663-0500 [DEBUG] [org.gradle.internal.resource.transfer.DefaultCacheAwareExternalResourceAccessor] Constructing external resource: https://dl.google.com/dl/android/maven2/com/android/tools/analytics-library/shared/27.2.1/shared-27.2.1.module
2021-06-06T09:17:13.665-0500 [DEBUG] [org.gradle.internal.resource.transport.http.HttpResourceAccessor] Constructing external resource: https://dl.google.com/dl/android/maven2/com/android/tools/analytics-library/shared/27.2.1/shared-27.2.1.module
2021-06-06T09:17:13.665-0500 [DEBUG] [org.gradle.internal.resource.transport.http.HttpClientHelper] Performing HTTP GET: https://dl.google.com/dl/android/maven2/com/android/tools/analytics-library/shared/27.2.1/shared-27.2.1.module
2021-06-06T09:17:13.665-0500 [DEBUG] [org.apache.http.client.protocol.RequestAddCookies] CookieSpec selected: default
2021-06-06T09:17:13.665-0500 [DEBUG] [org.apache.http.client.protocol.RequestAuthCache] Auth cache not set in the context
2021-06-06T09:17:13.665-0500 [DEBUG] [org.apache.http.impl.conn.PoolingHttpClientConnectionManager] Connection request: [route: {s}->https://dl.google.com:443][total kept alive: 8; route allocated: 8 of 20; total allocated: 8 of 20]
2021-06-06T09:17:13.665-0500 [DEBUG] [org.apache.http.impl.conn.PoolingHttpClientConnectionManager] Connection leased: [id: 5][route: {s}->https://dl.google.com:443][total kept alive: 7; route allocated: 8 of 20; total allocated: 8 of 20]
2021-06-06T09:17:13.665-0500 [DEBUG] [org.apache.http.impl.conn.DefaultManagedHttpClientConnection] http-outgoing-5: set socket timeout to 30000
2021-06-06T09:17:13.665-0500 [DEBUG] [org.apache.http.impl.conn.DefaultManagedHttpClientConnection] http-outgoing-5: set socket timeout to 30000
2021-06-06T09:17:13.666-0500 [DEBUG] [org.apache.http.impl.execchain.MainClientExec] Executing request GET /dl/android/maven2/com/android/tools/analytics-library/shared/27.2.1/shared-27.2.1.module HTTP/1.1
2021-06-06T09:17:13.666-0500 [DEBUG] [org.apache.http.impl.execchain.MainClientExec] Target auth state: UNCHALLENGED
2021-06-06T09:17:13.666-0500 [DEBUG] [org.apache.http.impl.execchain.MainClientExec] Proxy auth state: UNCHALLENGED
2021-06-06T09:17:13.666-0500 [DEBUG] [org.apache.http.impl.execchain.MainClientExec] Connection can be kept alive indefinitely
2021-06-06T09:17:13.666-0500 [DEBUG] [org.gradle.internal.resource.transport.http.HttpResponseResource] Attempting to download resource https://repo.maven.apache.org/maven2/xerces/xercesImpl/2.12.0/xercesImpl-2.12.0.pom.
2021-06-06T09:17:13.668-0500 [INFO] [org.gradle.internal.resource.transfer.DefaultCacheAwareExternalResourceAccessor] Downloading https://repo.maven.apache.org/maven2/xerces/xercesImpl/2.12.0/xercesImpl-2.12.0.pom to C:\Users\gathi\AppData\Local\Temp\gradle_download1775542146422935400bin
2021-06-06T09:17:13.669-0500 [DEBUG] [org.apache.http.impl.conn.PoolingHttpClientConnectionManager] Connection [id: 12][route: {s}->https://repo.maven.apache.org:443] can be kept alive indefinitely
2021-06-06T09:17:13.669-0500 [DEBUG] [org.apache.http.impl.conn.DefaultManagedHttpClientConnection] http-outgoing-12: set socket timeout to 0
2021-06-06T09:17:13.669-0500 [DEBUG] [org.apache.http.impl.conn.PoolingHttpClientConnectionManager] Connection released: [id: 12][route: {s}->https://repo.maven.apache.org:443][total kept alive: 8; route allocated: 8 of 20; total allocated: 8 of 20]
2021-06-06T09:17:13.670-0500 [DEBUG] [org.gradle.internal.operations.DefaultBuildOperationRunner] Build operation 'Download https://repo.maven.apache.org/maven2/xerces/xercesImpl/2.12.0/xercesImpl-2.12.0.pom' completed
2021-06-06T09:17:13.681-0500 [DEBUG] [org.gradle.api.internal.artifacts.repositories.resolver.ExternalResourceResolver] Metadata file found for module 'xerces:xercesImpl:2.12.0' in repository 'MavenRepo'.
2021-06-06T09:17:13.681-0500 [DEBUG] [org.gradle.api.internal.artifacts.ivyservice.modulecache.PersistentModuleMetadataCache] Recording module descriptor in cache: xerces:xercesImpl:2.12.0 [changing = false]
2021-06-06T09:17:13.687-0500 [DEBUG] [org.gradle.api.internal.artifacts.ivyservice.ivyresolve.RepositoryChainComponentMetaDataResolver] Using xerces:xercesImpl:2.12.0 from Maven repository 'MavenRepo'
2021-06-06T09:17:13.743-0500 [DEBUG] [org.apache.http.impl.execchain.MainClientExec] Connection can be kept alive indefinitely
2021-06-06T09:17:13.744-0500 [DEBUG] [org.gradle.internal.resource.transport.http.HttpResponseResource] Attempting to download resource https://dl.google.com/dl/android/maven2/com/android/tools/analytics-library/shared/27.2.1/shared-27.2.1.module.
2021-06-06T09:17:13.745-0500 [INFO] [org.gradle.internal.resource.transfer.DefaultCacheAwareExternalResourceAccessor] Downloading https://dl.google.com/dl/android/maven2/com/android/tools/analytics-library/shared/27.2.1/shared-27.2.1.module to C:\Users\gathi\AppData\Local\Temp\gradle_download13832276297752928505bin
2021-06-06T09:17:13.747-0500 [DEBUG] [org.apache.http.impl.conn.PoolingHttpClientConnectionManager] Connection [id: 5][route: {s}->https://dl.google.com:443] can be kept alive indefinitely
2021-06-06T09:17:13.747-0500 [DEBUG] [org.apache.http.impl.conn.DefaultManagedHttpClientConnection] http-outgoing-5: set socket timeout to 0
2021-06-06T09:17:13.747-0500 [DEBUG] [org.apache.http.impl.conn.PoolingHttpClientConnectionManager] Connection released: [id: 5][route: {s}->https://dl.google.com:443][total kept alive: 8; route allocated: 8 of 20; total allocated: 8 of 20]
2021-06-06T09:17:13.747-0500 [DEBUG] [org.gradle.internal.operations.DefaultBuildOperationRunner] Build operation 'Download https://dl.google.com/dl/android/maven2/com/android/tools/analytics-library/shared/27.2.1/shared-27.2.1.module' completed
2021-06-06T09:17:13.758-0500 [DEBUG] [org.gradle.api.internal.artifacts.ivyservice.modulecache.PersistentModuleMetadataCache] Recording module descriptor in cache: com.android.tools.analytics-library:shared:27.2.1 [changing = false]
2021-06-06T09:17:13.762-0500 [DEBUG] [org.gradle.api.internal.artifacts.ivyservice.ivyresolve.RepositoryChainComponentMetaDataResolver] Using com.android.tools.analytics-library:shared:27.2.1 from Maven repository 'Google'
2021-06-06T09:17:13.762-0500 [DEBUG] [org.gradle.internal.operations.DefaultBuildOperationRunner] Build operation 'Resolve com.android.tools.analytics-library:shared:27.2.1' completed
2021-06-06T09:17:13.763-0500 [DEBUG] [org.gradle.internal.work.DefaultWorkerLeaseService] Worker lease root.1.72.73 completed (1 worker(s) in use)
2021-06-06T09:17:13.763-0500 [DEBUG] [org.gradle.internal.resources.AbstractTrackedResourceLock] Daemon worker: released lock on root.1.72.73
2021-06-06T09:17:13.764-0500 [DEBUG] [org.gradle.api.internal.artifacts.ivyservice.resolveengine.graph.builder.DependencyGraphBuilder] Visiting configuration com.android.tools:common:27.2.1(runtimeElements).
2021-06-06T09:17:13.764-0500 [DEBUG] [org.gradle.api.internal.artifacts.ivyservice.resolveengine.graph.builder.DependencyGraphBuilder] Visiting configuration com.android.tools.build:manifest-merger:27.2.1(runtimeElements).
2021-06-06T09:17:13.765-0500 [DEBUG] [org.gradle.api.internal.artifacts.ivyservice.ivyresolve.RepositoryChainComponentMetaDataResolver] Attempting to resolve component for net.sf.kxml:kxml2:2.3.0 using repositories [Google, MavenRepo]
2021-06-06T09:17:13.765-0500 [DEBUG] [org.gradle.api.internal.artifacts.repositories.resolver.DefaultExternalResourceArtifactResolver] Loading https://dl.google.com/dl/android/maven2/net/sf/kxml/kxml2/2.3.0/kxml2-2.3.0.pom
2021-06-06T09:17:13.765-0500 [DEBUG] [org.gradle.internal.resource.transfer.DefaultCacheAwareExternalResourceAccessor] Constructing external resource: https://dl.google.com/dl/android/maven2/net/sf/kxml/kxml2/2.3.0/kxml2-2.3.0.pom
2021-06-06T09:17:13.767-0500 [DEBUG] [org.gradle.internal.resource.transport.http.HttpResourceAccessor] Constructing external resource: https://dl.google.com/dl/android/maven2/net/sf/kxml/kxml2/2.3.0/kxml2-2.3.0.pom
2021-06-06T09:17:13.767-0500 [DEBUG] [org.gradle.internal.resource.transport.http.HttpClientHelper] Performing HTTP GET: https://dl.google.com/dl/android/maven2/net/sf/kxml/kxml2/2.3.0/kxml2-2.3.0.pom
2021-06-06T09:17:13.767-0500 [DEBUG] [org.apache.http.client.protocol.RequestAddCookies] CookieSpec selected: default
2021-06-06T09:17:13.767-0500 [DEBUG] [org.apache.http.client.protocol.RequestAuthCache] Auth cache not set in the context
2021-06-06T09:17:13.767-0500 [DEBUG] [org.apache.http.impl.conn.PoolingHttpClientConnectionManager] Connection request: [route: {s}->https://dl.google.com:443][total kept alive: 8; route allocated: 8 of 20; total allocated: 8 of 20]
2021-06-06T09:17:13.767-0500 [DEBUG] [org.apache.http.impl.conn.PoolingHttpClientConnectionManager] Connection leased: [id: 5][route: {s}->https://dl.google.com:443][total kept alive: 7; route allocated: 8 of 20; total allocated: 8 of 20]
2021-06-06T09:17:13.767-0500 [DEBUG] [org.apache.http.impl.conn.DefaultManagedHttpClientConnection] http-outgoing-5: set socket timeout to 30000
2021-06-06T09:17:13.768-0500 [DEBUG] [org.apache.http.impl.conn.DefaultManagedHttpClientConnection] http-outgoing-5: set socket timeout to 30000
2021-06-06T09:17:13.768-0500 [DEBUG] [org.apache.http.impl.execchain.MainClientExec] Executing request GET /dl/android/maven2/net/sf/kxml/kxml2/2.3.0/kxml2-2.3.0.pom HTTP/1.1
2021-06-06T09:17:13.768-0500 [DEBUG] [org.apache.http.impl.execchain.MainClientExec] Target auth state: UNCHALLENGED
2021-06-06T09:17:13.768-0500 [DEBUG] [org.apache.http.impl.execchain.MainClientExec] Proxy auth state: UNCHALLENGED
2021-06-06T09:17:13.810-0500 [DEBUG] [org.apache.http.impl.execchain.MainClientExec] Connection can be kept alive indefinitely
2021-06-06T09:17:13.811-0500 [DEBUG] [org.apache.http.impl.conn.PoolingHttpClientConnectionManager] Connection [id: 5][route: {s}->https://dl.google.com:443] can be kept alive indefinitely
2021-06-06T09:17:13.811-0500 [DEBUG] [org.apache.http.impl.conn.DefaultManagedHttpClientConnection] http-outgoing-5: set socket timeout to 0
2021-06-06T09:17:13.811-0500 [DEBUG] [org.apache.http.impl.conn.PoolingHttpClientConnectionManager] Connection released: [id: 5][route: {s}->https://dl.google.com:443][total kept alive: 8; route allocated: 8 of 20; total allocated: 8 of 20]
2021-06-06T09:17:13.811-0500 [INFO] [org.gradle.internal.resource.transport.http.HttpClientHelper] Resource missing. [HTTP GET: https://dl.google.com/dl/android/maven2/net/sf/kxml/kxml2/2.3.0/kxml2-2.3.0.pom]
2021-06-06T09:17:13.811-0500 [DEBUG] [org.gradle.internal.operations.DefaultBuildOperationRunner] Build operation 'Download https://dl.google.com/dl/android/maven2/net/sf/kxml/kxml2/2.3.0/kxml2-2.3.0.pom' completed
2021-06-06T09:17:13.811-0500 [DEBUG] [org.gradle.api.internal.artifacts.repositories.resolver.ExternalResourceResolver] No meta-data file or artifact found for module 'net.sf.kxml:kxml2:2.3.0' in repository 'Google'.
2021-06-06T09:17:13.811-0500 [DEBUG] [org.gradle.api.internal.artifacts.ivyservice.modulecache.PersistentModuleMetadataCache] Recording absence of module descriptor in cache: net.sf.kxml:kxml2:2.3.0 [changing = false]
2021-06-06T09:17:13.812-0500 [DEBUG] [org.gradle.api.internal.artifacts.repositories.resolver.DefaultExternalResourceArtifactResolver] Loading https://repo.maven.apache.org/maven2/net/sf/kxml/kxml2/2.3.0/kxml2-2.3.0.pom
2021-06-06T09:17:13.812-0500 [DEBUG] [org.gradle.internal.resource.transfer.DefaultCacheAwareExternalResourceAccessor] Constructing external resource: https://repo.maven.apache.org/maven2/net/sf/kxml/kxml2/2.3.0/kxml2-2.3.0.pom
2021-06-06T09:17:13.813-0500 [DEBUG] [org.gradle.internal.resource.transport.http.HttpResourceAccessor] Constructing external resource: https://repo.maven.apache.org/maven2/net/sf/kxml/kxml2/2.3.0/kxml2-2.3.0.pom
2021-06-06T09:17:13.813-0500 [DEBUG] [org.gradle.internal.resource.transport.http.HttpClientHelper] Performing HTTP GET: https://repo.maven.apache.org/maven2/net/sf/kxml/kxml2/2.3.0/kxml2-2.3.0.pom
2021-06-06T09:17:13.813-0500 [DEBUG] [org.apache.http.client.protocol.RequestAddCookies] CookieSpec selected: default
2021-06-06T09:17:13.814-0500 [DEBUG] [org.apache.http.client.protocol.RequestAuthCache] Auth cache not set in the context
2021-06-06T09:17:13.814-0500 [DEBUG] [org.apache.http.impl.conn.PoolingHttpClientConnectionManager] Connection request: [route: {s}->https://repo.maven.apache.org:443][total kept alive: 8; route allocated: 8 of 20; total allocated: 8 of 20]
2021-06-06T09:17:13.814-0500 [DEBUG] [org.apache.http.impl.conn.PoolingHttpClientConnectionManager] Connection leased: [id: 12][route: {s}->https://repo.maven.apache.org:443][total kept alive: 7; route allocated: 8 of 20; total allocated: 8 of 20]
2021-06-06T09:17:13.814-0500 [DEBUG] [org.apache.http.impl.conn.DefaultManagedHttpClientConnection] http-outgoing-12: set socket timeout to 30000
2021-06-06T09:17:13.814-0500 [DEBUG] [org.apache.http.impl.conn.DefaultManagedHttpClientConnection] http-outgoing-12: set socket timeout to 30000
2021-06-06T09:17:13.814-0500 [DEBUG] [org.apache.http.impl.execchain.MainClientExec] Executing request GET /maven2/net/sf/kxml/kxml2/2.3.0/kxml2-2.3.0.pom HTTP/1.1
2021-06-06T09:17:13.814-0500 [DEBUG] [org.apache.http.impl.execchain.MainClientExec] Target auth state: UNCHALLENGED
2021-06-06T09:17:13.814-0500 [DEBUG] [org.apache.http.impl.execchain.MainClientExec] Proxy auth state: UNCHALLENGED
2021-06-06T09:17:13.835-0500 [DEBUG] [org.apache.http.impl.execchain.MainClientExec] Connection can be kept alive indefinitely
2021-06-06T09:17:13.836-0500 [DEBUG] [org.gradle.internal.resource.transport.http.HttpResponseResource] Attempting to download resource https://repo.maven.apache.org/maven2/net/sf/kxml/kxml2/2.3.0/kxml2-2.3.0.pom.
2021-06-06T09:17:13.837-0500 [INFO] [org.gradle.internal.resource.transfer.DefaultCacheAwareExternalResourceAccessor] Downloading https://repo.maven.apache.org/maven2/net/sf/kxml/kxml2/2.3.0/kxml2-2.3.0.pom to C:\Users\gathi\AppData\Local\Temp\gradle_download5091380506703266685bin
2021-06-06T09:17:13.838-0500 [DEBUG] [org.apache.http.impl.conn.PoolingHttpClientConnectionManager] Connection [id: 12][route: {s}->https://repo.maven.apache.org:443] can be kept alive indefinitely
2021-06-06T09:17:13.838-0500 [DEBUG] [org.apache.http.impl.conn.DefaultManagedHttpClientConnection] http-outgoing-12: set socket timeout to 0
2021-06-06T09:17:13.838-0500 [DEBUG] [org.apache.http.impl.conn.PoolingHttpClientConnectionManager] Connection released: [id: 12][route: {s}->https://repo.maven.apache.org:443][total kept alive: 8; route allocated: 8 of 20; total allocated: 8 of 20]
2021-06-06T09:17:13.839-0500 [DEBUG] [org.gradle.internal.operations.DefaultBuildOperationRunner] Build operation 'Download https://repo.maven.apache.org/maven2/net/sf/kxml/kxml2/2.3.0/kxml2-2.3.0.pom' completed
2021-06-06T09:17:13.849-0500 [DEBUG] [org.gradle.api.internal.artifacts.repositories.resolver.ExternalResourceResolver] Metadata file found for module 'net.sf.kxml:kxml2:2.3.0' in repository 'MavenRepo'.
2021-06-06T09:17:13.849-0500 [DEBUG] [org.gradle.api.internal.artifacts.ivyservice.modulecache.PersistentModuleMetadataCache] Recording module descriptor in cache: net.sf.kxml:kxml2:2.3.0 [changing = false]
2021-06-06T09:17:13.854-0500 [DEBUG] [org.gradle.api.internal.artifacts.ivyservice.ivyresolve.RepositoryChainComponentMetaDataResolver] Using net.sf.kxml:kxml2:2.3.0 from Maven repository 'MavenRepo'
2021-06-06T09:17:13.854-0500 [DEBUG] [org.gradle.api.internal.artifacts.ivyservice.resolveengine.graph.builder.DependencyGraphBuilder] Visiting configuration com.android.tools.ddms:ddmlib:27.2.1(runtimeElements).
2021-06-06T09:17:13.855-0500 [DEBUG] [org.gradle.api.internal.artifacts.ivyservice.resolveengine.graph.builder.DependencyGraphBuilder] Visiting configuration com.android:zipflinger:4.2.1(runtimeElements).
2021-06-06T09:17:13.855-0500 [DEBUG] [org.gradle.api.internal.artifacts.ivyservice.resolveengine.graph.builder.DependencyGraphBuilder] Visiting configuration com.android:signflinger:4.2.1(runtimeElements).
2021-06-06T09:17:13.855-0500 [DEBUG] [org.gradle.api.internal.artifacts.ivyservice.resolveengine.graph.builder.DependencyGraphBuilder] Visiting configuration com.android.tools.analytics-library:protos:27.2.1(runtimeElements).
2021-06-06T09:17:13.856-0500 [DEBUG] [org.gradle.api.internal.artifacts.ivyservice.resolveengine.graph.builder.DependencyGraphBuilder] Visiting configuration com.android.tools.analytics-library:tracker:27.2.1(runtimeElements).
2021-06-06T09:17:13.856-0500 [DEBUG] [org.gradle.api.internal.artifacts.ivyservice.resolveengine.graph.builder.DependencyGraphBuilder] Visiting configuration com.android.tools.build:apksig:4.2.1(runtimeElements).
2021-06-06T09:17:13.857-0500 [DEBUG] [org.gradle.api.internal.artifacts.ivyservice.resolveengine.graph.builder.DependencyGraphBuilder] Visiting configuration com.android.tools.build:apkzlib:4.2.1(runtimeElements).
2021-06-06T09:17:13.857-0500 [DEBUG] [org.gradle.api.internal.artifacts.ivyservice.ivyresolve.RepositoryChainComponentMetaDataResolver] Attempting to resolve component for com.google.code.findbugs:jsr305:1.3.9 using repositories [Google, MavenRepo]
2021-06-06T09:17:13.857-0500 [DEBUG] [org.gradle.api.internal.artifacts.repositories.resolver.DefaultExternalResourceArtifactResolver] Loading https://dl.google.com/dl/android/maven2/com/google/code/findbugs/jsr305/1.3.9/jsr305-1.3.9.pom
2021-06-06T09:17:13.857-0500 [DEBUG] [org.gradle.internal.resource.transfer.DefaultCacheAwareExternalResourceAccessor] Constructing external resource: https://dl.google.com/dl/android/maven2/com/google/code/findbugs/jsr305/1.3.9/jsr305-1.3.9.pom
2021-06-06T09:17:13.859-0500 [DEBUG] [org.gradle.internal.resource.transport.http.HttpResourceAccessor] Constructing external resource: https://dl.google.com/dl/android/maven2/com/google/code/findbugs/jsr305/1.3.9/jsr305-1.3.9.pom
2021-06-06T09:17:13.860-0500 [DEBUG] [org.gradle.internal.resource.transport.http.HttpClientHelper] Performing HTTP GET: https://dl.google.com/dl/android/maven2/com/google/code/findbugs/jsr305/1.3.9/jsr305-1.3.9.pom
2021-06-06T09:17:13.860-0500 [DEBUG] [org.apache.http.client.protocol.RequestAddCookies] CookieSpec selected: default
2021-06-06T09:17:13.860-0500 [DEBUG] [org.apache.http.client.protocol.RequestAuthCache] Auth cache not set in the context
2021-06-06T09:17:13.860-0500 [DEBUG] [org.apache.http.impl.conn.PoolingHttpClientConnectionManager] Connection request: [route: {s}->https://dl.google.com:443][total kept alive: 8; route allocated: 8 of 20; total allocated: 8 of 20]
2021-06-06T09:17:13.860-0500 [DEBUG] [org.apache.http.impl.conn.PoolingHttpClientConnectionManager] Connection leased: [id: 5][route: {s}->https://dl.google.com:443][total kept alive: 7; route allocated: 8 of 20; total allocated: 8 of 20]
2021-06-06T09:17:13.860-0500 [DEBUG] [org.apache.http.impl.conn.DefaultManagedHttpClientConnection] http-outgoing-5: set socket timeout to 30000
2021-06-06T09:17:13.860-0500 [DEBUG] [org.apache.http.impl.conn.DefaultManagedHttpClientConnection] http-outgoing-5: set socket timeout to 30000
2021-06-06T09:17:13.860-0500 [DEBUG] [org.apache.http.impl.execchain.MainClientExec] Executing request GET /dl/android/maven2/com/google/code/findbugs/jsr305/1.3.9/jsr305-1.3.9.pom HTTP/1.1
2021-06-06T09:17:13.861-0500 [DEBUG] [org.apache.http.impl.execchain.MainClientExec] Target auth state: UNCHALLENGED
2021-06-06T09:17:13.861-0500 [DEBUG] [org.apache.http.impl.execchain.MainClientExec] Proxy auth state: UNCHALLENGED
2021-06-06T09:17:13.900-0500 [DEBUG] [org.apache.http.impl.execchain.MainClientExec] Connection can be kept alive indefinitely
2021-06-06T09:17:13.900-0500 [DEBUG] [org.apache.http.impl.conn.PoolingHttpClientConnectionManager] Connection [id: 5][route: {s}->https://dl.google.com:443] can be kept alive indefinitely
2021-06-06T09:17:13.900-0500 [DEBUG] [org.apache.http.impl.conn.DefaultManagedHttpClientConnection] http-outgoing-5: set socket timeout to 0
2021-06-06T09:17:13.900-0500 [DEBUG] [org.apache.http.impl.conn.PoolingHttpClientConnectionManager] Connection released: [id: 5][route: {s}->https://dl.google.com:443][total kept alive: 8; route allocated: 8 of 20; total allocated: 8 of 20]
2021-06-06T09:17:13.900-0500 [INFO] [org.gradle.internal.resource.transport.http.HttpClientHelper] Resource missing. [HTTP GET: https://dl.google.com/dl/android/maven2/com/google/code/findbugs/jsr305/1.3.9/jsr305-1.3.9.pom]
2021-06-06T09:17:13.901-0500 [DEBUG] [org.gradle.internal.operations.DefaultBuildOperationRunner] Build operation 'Download https://dl.google.com/dl/android/maven2/com/google/code/findbugs/jsr305/1.3.9/jsr305-1.3.9.pom' completed
2021-06-06T09:17:13.901-0500 [DEBUG] [org.gradle.api.internal.artifacts.repositories.resolver.ExternalResourceResolver] No meta-data file or artifact found for module 'com.google.code.findbugs:jsr305:1.3.9' in repository 'Google'.
2021-06-06T09:17:13.901-0500 [DEBUG] [org.gradle.api.internal.artifacts.ivyservice.modulecache.PersistentModuleMetadataCache] Recording absence of module descriptor in cache: com.google.code.findbugs:jsr305:1.3.9 [changing = false]
2021-06-06T09:17:13.901-0500 [DEBUG] [org.gradle.api.internal.artifacts.repositories.resolver.DefaultExternalResourceArtifactResolver] Loading https://repo.maven.apache.org/maven2/com/google/code/findbugs/jsr305/1.3.9/jsr305-1.3.9.pom
2021-06-06T09:17:13.901-0500 [DEBUG] [org.gradle.internal.resource.transfer.DefaultCacheAwareExternalResourceAccessor] Constructing external resource: https://repo.maven.apache.org/maven2/com/google/code/findbugs/jsr305/1.3.9/jsr305-1.3.9.pom
2021-06-06T09:17:13.903-0500 [DEBUG] [org.gradle.internal.resource.transport.http.HttpResourceAccessor] Constructing external resource: https://repo.maven.apache.org/maven2/com/google/code/findbugs/jsr305/1.3.9/jsr305-1.3.9.pom
2021-06-06T09:17:13.903-0500 [DEBUG] [org.gradle.internal.resource.transport.http.HttpClientHelper] Performing HTTP GET: https://repo.maven.apache.org/maven2/com/google/code/findbugs/jsr305/1.3.9/jsr305-1.3.9.pom
2021-06-06T09:17:13.904-0500 [DEBUG] [org.apache.http.client.protocol.RequestAddCookies] CookieSpec selected: default
2021-06-06T09:17:13.904-0500 [DEBUG] [org.apache.http.client.protocol.RequestAuthCache] Auth cache not set in the context
2021-06-06T09:17:13.904-0500 [DEBUG] [org.apache.http.impl.conn.PoolingHttpClientConnectionManager] Connection request: [route: {s}->https://repo.maven.apache.org:443][total kept alive: 8; route allocated: 8 of 20; total allocated: 8 of 20]
2021-06-06T09:17:13.904-0500 [DEBUG] [org.apache.http.impl.conn.PoolingHttpClientConnectionManager] Connection leased: [id: 12][route: {s}->https://repo.maven.apache.org:443][total kept alive: 7; route allocated: 8 of 20; total allocated: 8 of 20]
2021-06-06T09:17:13.904-0500 [DEBUG] [org.apache.http.impl.conn.DefaultManagedHttpClientConnection] http-outgoing-12: set socket timeout to 30000
2021-06-06T09:17:13.904-0500 [DEBUG] [org.apache.http.impl.conn.DefaultManagedHttpClientConnection] http-outgoing-12: set socket timeout to 30000
2021-06-06T09:17:13.904-0500 [DEBUG] [org.apache.http.impl.execchain.MainClientExec] Executing request GET /maven2/com/google/code/findbugs/jsr305/1.3.9/jsr305-1.3.9.pom HTTP/1.1
2021-06-06T09:17:13.904-0500 [DEBUG] [org.apache.http.impl.execchain.MainClientExec] Target auth state: UNCHALLENGED
2021-06-06T09:17:13.904-0500 [DEBUG] [org.apache.http.impl.execchain.MainClientExec] Proxy auth state: UNCHALLENGED
2021-06-06T09:17:13.924-0500 [DEBUG] [org.apache.http.impl.execchain.MainClientExec] Connection can be kept alive indefinitely
2021-06-06T09:17:13.924-0500 [DEBUG] [org.gradle.internal.resource.transport.http.HttpResponseResource] Attempting to download resource https://repo.maven.apache.org/maven2/com/google/code/findbugs/jsr305/1.3.9/jsr305-1.3.9.pom.
2021-06-06T09:17:13.926-0500 [INFO] [org.gradle.internal.resource.transfer.DefaultCacheAwareExternalResourceAccessor] Downloading https://repo.maven.apache.org/maven2/com/google/code/findbugs/jsr305/1.3.9/jsr305-1.3.9.pom to C:\Users\gathi\AppData\Local\Temp\gradle_download9210375751320474810bin
2021-06-06T09:17:13.927-0500 [DEBUG] [org.apache.http.impl.conn.PoolingHttpClientConnectionManager] Connection [id: 12][route: {s}->https://repo.maven.apache.org:443] can be kept alive indefinitely
2021-06-06T09:17:13.927-0500 [DEBUG] [org.apache.http.impl.conn.DefaultManagedHttpClientConnection] http-outgoing-12: set socket timeout to 0
2021-06-06T09:17:13.927-0500 [DEBUG] [org.apache.http.impl.conn.PoolingHttpClientConnectionManager] Connection released: [id: 12][route: {s}->https://repo.maven.apache.org:443][total kept alive: 8; route allocated: 8 of 20; total allocated: 8 of 20]
2021-06-06T09:17:13.928-0500 [DEBUG] [org.gradle.internal.operations.DefaultBuildOperationRunner] Build operation 'Download https://repo.maven.apache.org/maven2/com/google/code/findbugs/jsr305/1.3.9/jsr305-1.3.9.pom' completed
2021-06-06T09:17:13.939-0500 [DEBUG] [org.gradle.api.internal.artifacts.repositories.resolver.ExternalResourceResolver] Metadata file found for module 'com.google.code.findbugs:jsr305:1.3.9' in repository 'MavenRepo'.
2021-06-06T09:17:13.939-0500 [DEBUG] [org.gradle.api.internal.artifacts.ivyservice.modulecache.PersistentModuleMetadataCache] Recording module descriptor in cache: com.google.code.findbugs:jsr305:1.3.9 [changing = false]
2021-06-06T09:17:13.945-0500 [DEBUG] [org.gradle.api.internal.artifacts.ivyservice.ivyresolve.RepositoryChainComponentMetaDataResolver] Using com.google.code.findbugs:jsr305:1.3.9 from Maven repository 'MavenRepo'
2021-06-06T09:17:13.946-0500 [DEBUG] [org.gradle.api.internal.artifacts.ivyservice.resolveengine.graph.builder.DependencyGraphBuilder] Visiting configuration com.squareup:javawriter:2.5.0(runtime).
2021-06-06T09:17:13.946-0500 [DEBUG] [org.gradle.api.internal.artifacts.ivyservice.resolveengine.graph.builder.DependencyGraphBuilder] Visiting configuration org.bouncycastle:bcpkix-jdk15on:1.56(runtime).
2021-06-06T09:17:13.946-0500 [DEBUG] [org.gradle.api.internal.artifacts.ivyservice.resolveengine.graph.builder.DependencyGraphBuilder] Visiting configuration org.bouncycastle:bcprov-jdk15on:1.56(runtime).
2021-06-06T09:17:13.946-0500 [DEBUG] [org.gradle.api.internal.artifacts.ivyservice.resolveengine.graph.builder.DependencyGraphBuilder] Visiting configuration org.ow2.asm:asm-tree:7.0(runtime).
2021-06-06T09:17:13.947-0500 [DEBUG] [org.gradle.api.internal.artifacts.ivyservice.resolveengine.graph.builder.DependencyGraphBuilder] Visiting configuration javax.inject:javax.inject:1(runtime).
2021-06-06T09:17:13.947-0500 [DEBUG] [org.gradle.api.internal.artifacts.ivyservice.resolveengine.graph.builder.DependencyGraphBuilder] Visiting configuration it.unimi.dsi:fastutil:8.4.0(runtime).
2021-06-06T09:17:13.947-0500 [DEBUG] [org.gradle.api.internal.artifacts.ivyservice.resolveengine.graph.builder.DependencyGraphBuilder] Visiting configuration com.googlecode.json-simple:json-simple:1.1(runtime).
2021-06-06T09:17:13.947-0500 [DEBUG] [org.gradle.api.internal.artifacts.ivyservice.resolveengine.graph.builder.DependencyGraphBuilder] Visiting configuration com.android.tools.build:aapt2-proto:4.2.1-7147631(runtimeElements).
2021-06-06T09:17:13.947-0500 [DEBUG] [org.gradle.api.internal.artifacts.ivyservice.resolveengine.graph.builder.NodeState] Changed edges for com.android.tools.build:aapt2-proto:4.2.1-7147631(runtimeElements) selects same versions as previous traversal. ignoring
2021-06-06T09:17:13.947-0500 [DEBUG] [org.gradle.api.internal.artifacts.ivyservice.resolveengine.graph.builder.DependencyGraphBuilder] Visiting configuration com.android.tools.layoutlib:layoutlib-api:27.2.1(runtimeElements).
2021-06-06T09:17:13.948-0500 [DEBUG] [org.gradle.api.internal.artifacts.ivyservice.resolveengine.graph.builder.DependencyGraphBuilder] Visiting configuration com.google.guava:guava:28.1-jre(runtime).
2021-06-06T09:17:13.949-0500 [DEBUG] [org.gradle.api.internal.artifacts.ivyservice.ivyresolve.RepositoryChainComponentMetaDataResolver] Attempting to resolve component for com.google.code.findbugs:jsr305:3.0.2 using repositories [Google, MavenRepo]
2021-06-06T09:17:13.949-0500 [DEBUG] [org.gradle.api.internal.artifacts.repositories.resolver.DefaultExternalResourceArtifactResolver] Loading https://dl.google.com/dl/android/maven2/com/google/code/findbugs/jsr305/3.0.2/jsr305-3.0.2.pom
2021-06-06T09:17:13.949-0500 [DEBUG] [org.gradle.internal.resource.transfer.DefaultCacheAwareExternalResourceAccessor] Constructing external resource: https://dl.google.com/dl/android/maven2/com/google/code/findbugs/jsr305/3.0.2/jsr305-3.0.2.pom
2021-06-06T09:17:13.951-0500 [DEBUG] [org.gradle.internal.resource.transport.http.HttpResourceAccessor] Constructing external resource: https://dl.google.com/dl/android/maven2/com/google/code/findbugs/jsr305/3.0.2/jsr305-3.0.2.pom
2021-06-06T09:17:13.951-0500 [DEBUG] [org.gradle.internal.resource.transport.http.HttpClientHelper] Performing HTTP GET: https://dl.google.com/dl/android/maven2/com/google/code/findbugs/jsr305/3.0.2/jsr305-3.0.2.pom
2021-06-06T09:17:13.951-0500 [DEBUG] [org.apache.http.client.protocol.RequestAddCookies] CookieSpec selected: default
2021-06-06T09:17:13.951-0500 [DEBUG] [org.apache.http.client.protocol.RequestAuthCache] Auth cache not set in the context
2021-06-06T09:17:13.951-0500 [DEBUG] [org.apache.http.impl.conn.PoolingHttpClientConnectionManager] Connection request: [route: {s}->https://dl.google.com:443][total kept alive: 8; route allocated: 8 of 20; total allocated: 8 of 20]
2021-06-06T09:17:13.952-0500 [DEBUG] [org.apache.http.impl.conn.PoolingHttpClientConnectionManager] Connection leased: [id: 5][route: {s}->https://dl.google.com:443][total kept alive: 7; route allocated: 8 of 20; total allocated: 8 of 20]
2021-06-06T09:17:13.952-0500 [DEBUG] [org.apache.http.impl.conn.DefaultManagedHttpClientConnection] http-outgoing-5: set socket timeout to 30000
2021-06-06T09:17:13.952-0500 [DEBUG] [org.apache.http.impl.conn.DefaultManagedHttpClientConnection] http-outgoing-5: set socket timeout to 30000
2021-06-06T09:17:13.952-0500 [DEBUG] [org.apache.http.impl.execchain.MainClientExec] Executing request GET /dl/android/maven2/com/google/code/findbugs/jsr305/3.0.2/jsr305-3.0.2.pom HTTP/1.1
2021-06-06T09:17:13.952-0500 [DEBUG] [org.apache.http.impl.execchain.MainClientExec] Target auth state: UNCHALLENGED
2021-06-06T09:17:13.952-0500 [DEBUG] [org.apache.http.impl.execchain.MainClientExec] Proxy auth state: UNCHALLENGED
2021-06-06T09:17:13.990-0500 [DEBUG] [org.apache.http.impl.execchain.MainClientExec] Connection can be kept alive indefinitely
2021-06-06T09:17:13.991-0500 [DEBUG] [org.apache.http.impl.conn.PoolingHttpClientConnectionManager] Connection [id: 5][route: {s}->https://dl.google.com:443] can be kept alive indefinitely
2021-06-06T09:17:13.991-0500 [DEBUG] [org.apache.http.impl.conn.DefaultManagedHttpClientConnection] http-outgoing-5: set socket timeout to 0
2021-06-06T09:17:13.991-0500 [DEBUG] [org.apache.http.impl.conn.PoolingHttpClientConnectionManager] Connection released: [id: 5][route: {s}->https://dl.google.com:443][total kept alive: 8; route allocated: 8 of 20; total allocated: 8 of 20]
2021-06-06T09:17:13.991-0500 [INFO] [org.gradle.internal.resource.transport.http.HttpClientHelper] Resource missing. [HTTP GET: https://dl.google.com/dl/android/maven2/com/google/code/findbugs/jsr305/3.0.2/jsr305-3.0.2.pom]
2021-06-06T09:17:13.991-0500 [DEBUG] [org.gradle.internal.operations.DefaultBuildOperationRunner] Build operation 'Download https://dl.google.com/dl/android/maven2/com/google/code/findbugs/jsr305/3.0.2/jsr305-3.0.2.pom' completed
2021-06-06T09:17:13.991-0500 [DEBUG] [org.gradle.api.internal.artifacts.repositories.resolver.ExternalResourceResolver] No meta-data file or artifact found for module 'com.google.code.findbugs:jsr305:3.0.2' in repository 'Google'.
2021-06-06T09:17:13.991-0500 [DEBUG] [org.gradle.api.internal.artifacts.ivyservice.modulecache.PersistentModuleMetadataCache] Recording absence of module descriptor in cache: com.google.code.findbugs:jsr305:3.0.2 [changing = false]
2021-06-06T09:17:13.992-0500 [DEBUG] [org.gradle.api.internal.artifacts.repositories.resolver.DefaultExternalResourceArtifactResolver] Loading https://repo.maven.apache.org/maven2/com/google/code/findbugs/jsr305/3.0.2/jsr305-3.0.2.pom
2021-06-06T09:17:13.992-0500 [DEBUG] [org.gradle.internal.resource.transfer.DefaultCacheAwareExternalResourceAccessor] Constructing external resource: https://repo.maven.apache.org/maven2/com/google/code/findbugs/jsr305/3.0.2/jsr305-3.0.2.pom
2021-06-06T09:17:13.994-0500 [DEBUG] [org.gradle.internal.resource.transport.http.HttpResourceAccessor] Constructing external resource: https://repo.maven.apache.org/maven2/com/google/code/findbugs/jsr305/3.0.2/jsr305-3.0.2.pom
2021-06-06T09:17:13.994-0500 [DEBUG] [org.gradle.internal.resource.transport.http.HttpClientHelper] Performing HTTP GET: https://repo.maven.apache.org/maven2/com/google/code/findbugs/jsr305/3.0.2/jsr305-3.0.2.pom
2021-06-06T09:17:13.994-0500 [DEBUG] [org.apache.http.client.protocol.RequestAddCookies] CookieSpec selected: default
2021-06-06T09:17:13.994-0500 [DEBUG] [org.apache.http.client.protocol.RequestAuthCache] Auth cache not set in the context
2021-06-06T09:17:13.995-0500 [DEBUG] [org.apache.http.impl.conn.PoolingHttpClientConnectionManager] Connection request: [route: {s}->https://repo.maven.apache.org:443][total kept alive: 8; route allocated: 8 of 20; total allocated: 8 of 20]
2021-06-06T09:17:13.995-0500 [DEBUG] [org.apache.http.impl.conn.PoolingHttpClientConnectionManager] Connection leased: [id: 12][route: {s}->https://repo.maven.apache.org:443][total kept alive: 7; route allocated: 8 of 20; total allocated: 8 of 20]
2021-06-06T09:17:13.995-0500 [DEBUG] [org.apache.http.impl.conn.DefaultManagedHttpClientConnection] http-outgoing-12: set socket timeout to 30000
2021-06-06T09:17:13.995-0500 [DEBUG] [org.apache.http.impl.conn.DefaultManagedHttpClientConnection] http-outgoing-12: set socket timeout to 30000
2021-06-06T09:17:13.995-0500 [DEBUG] [org.apache.http.impl.execchain.MainClientExec] Executing request GET /maven2/com/google/code/findbugs/jsr305/3.0.2/jsr305-3.0.2.pom HTTP/1.1
2021-06-06T09:17:13.995-0500 [DEBUG] [org.apache.http.impl.execchain.MainClientExec] Target auth state: UNCHALLENGED
2021-06-06T09:17:13.995-0500 [DEBUG] [org.apache.http.impl.execchain.MainClientExec] Proxy auth state: UNCHALLENGED
2021-06-06T09:17:14.011-0500 [DEBUG] [org.apache.http.impl.execchain.MainClientExec] Connection can be kept alive indefinitely
2021-06-06T09:17:14.011-0500 [DEBUG] [org.gradle.internal.resource.transport.http.HttpResponseResource] Attempting to download resource https://repo.maven.apache.org/maven2/com/google/code/findbugs/jsr305/3.0.2/jsr305-3.0.2.pom.
2021-06-06T09:17:14.013-0500 [INFO] [org.gradle.internal.resource.transfer.DefaultCacheAwareExternalResourceAccessor] Downloading https://repo.maven.apache.org/maven2/com/google/code/findbugs/jsr305/3.0.2/jsr305-3.0.2.pom to C:\Users\gathi\AppData\Local\Temp\gradle_download8562504040315261263bin
2021-06-06T09:17:14.015-0500 [DEBUG] [org.apache.http.impl.conn.PoolingHttpClientConnectionManager] Connection [id: 12][route: {s}->https://repo.maven.apache.org:443] can be kept alive indefinitely
2021-06-06T09:17:14.015-0500 [DEBUG] [org.apache.http.impl.conn.DefaultManagedHttpClientConnection] http-outgoing-12: set socket timeout to 0
2021-06-06T09:17:14.015-0500 [DEBUG] [org.apache.http.impl.conn.PoolingHttpClientConnectionManager] Connection released: [id: 12][route: {s}->https://repo.maven.apache.org:443][total kept alive: 8; route allocated: 8 of 20; total allocated: 8 of 20]
2021-06-06T09:17:14.016-0500 [DEBUG] [org.gradle.internal.operations.DefaultBuildOperationRunner] Build operation 'Download https://repo.maven.apache.org/maven2/com/google/code/findbugs/jsr305/3.0.2/jsr305-3.0.2.pom' completed
2021-06-06T09:17:14.025-0500 [DEBUG] [org.gradle.api.internal.artifacts.ivyservice.ivyresolve.RepositoryChainComponentMetaDataResolver] Attempting to resolve component for org.sonatype.oss:oss-parent:7 using repositories [Google, MavenRepo]
2021-06-06T09:17:14.025-0500 [DEBUG] [org.gradle.api.internal.artifacts.ivyservice.ivyresolve.CachingModuleComponentRepository] Detected non-existence of module 'org.sonatype.oss:oss-parent:7' in resolver cache 'Google'
2021-06-06T09:17:14.026-0500 [DEBUG] [org.gradle.api.internal.artifacts.ivyservice.ivyresolve.CachingModuleComponentRepository] Using cached module metadata for module 'org.sonatype.oss:oss-parent:7' in 'MavenRepo'
2021-06-06T09:17:14.026-0500 [DEBUG] [org.gradle.api.internal.artifacts.ivyservice.ivyresolve.RepositoryChainComponentMetaDataResolver] Using org.sonatype.oss:oss-parent:7 from Maven repository 'MavenRepo'
2021-06-06T09:17:14.026-0500 [DEBUG] [org.gradle.api.internal.artifacts.ivyservice.ivyresolve.CachingModuleComponentRepository] Found artifact 'oss-parent-7.pom (org.sonatype.oss:oss-parent:7)' in resolver cache: C:\Users\gathi\.gradle\caches\modules-2\files-2.1\org.sonatype.oss\oss-parent\7\46b8a785b60a2767095b8611613b58577e96d4c9\oss-parent-7.pom
2021-06-06T09:17:14.031-0500 [DEBUG] [org.gradle.api.internal.artifacts.repositories.resolver.ExternalResourceResolver] Metadata file found for module 'com.google.code.findbugs:jsr305:3.0.2' in repository 'MavenRepo'.
2021-06-06T09:17:14.031-0500 [DEBUG] [org.gradle.api.internal.artifacts.ivyservice.modulecache.PersistentModuleMetadataCache] Recording module descriptor in cache: com.google.code.findbugs:jsr305:3.0.2 [changing = false]
2021-06-06T09:17:14.035-0500 [DEBUG] [org.gradle.api.internal.artifacts.ivyservice.ivyresolve.RepositoryChainComponentMetaDataResolver] Using com.google.code.findbugs:jsr305:3.0.2 from Maven repository 'MavenRepo'
2021-06-06T09:17:14.035-0500 [DEBUG] [org.gradle.api.internal.artifacts.ivyservice.ivyresolve.RepositoryChainComponentMetaDataResolver] Attempting to resolve component for org.checkerframework:checker-qual:2.8.1 using repositories [Google, MavenRepo]
2021-06-06T09:17:14.036-0500 [DEBUG] [org.gradle.api.internal.artifacts.repositories.resolver.DefaultExternalResourceArtifactResolver] Loading https://dl.google.com/dl/android/maven2/org/checkerframework/checker-qual/2.8.1/checker-qual-2.8.1.pom
2021-06-06T09:17:14.036-0500 [DEBUG] [org.gradle.internal.resource.transfer.DefaultCacheAwareExternalResourceAccessor] Constructing external resource: https://dl.google.com/dl/android/maven2/org/checkerframework/checker-qual/2.8.1/checker-qual-2.8.1.pom
2021-06-06T09:17:14.037-0500 [DEBUG] [org.gradle.internal.resource.transport.http.HttpResourceAccessor] Constructing external resource: https://dl.google.com/dl/android/maven2/org/checkerframework/checker-qual/2.8.1/checker-qual-2.8.1.pom
2021-06-06T09:17:14.038-0500 [DEBUG] [org.gradle.internal.resource.transport.http.HttpClientHelper] Performing HTTP GET: https://dl.google.com/dl/android/maven2/org/checkerframework/checker-qual/2.8.1/checker-qual-2.8.1.pom
2021-06-06T09:17:14.038-0500 [DEBUG] [org.apache.http.client.protocol.RequestAddCookies] CookieSpec selected: default
2021-06-06T09:17:14.038-0500 [DEBUG] [org.apache.http.client.protocol.RequestAuthCache] Auth cache not set in the context
2021-06-06T09:17:14.038-0500 [DEBUG] [org.apache.http.impl.conn.PoolingHttpClientConnectionManager] Connection request: [route: {s}->https://dl.google.com:443][total kept alive: 8; route allocated: 8 of 20; total allocated: 8 of 20]
2021-06-06T09:17:14.038-0500 [DEBUG] [org.apache.http.impl.conn.PoolingHttpClientConnectionManager] Connection leased: [id: 5][route: {s}->https://dl.google.com:443][total kept alive: 7; route allocated: 8 of 20; total allocated: 8 of 20]
2021-06-06T09:17:14.039-0500 [DEBUG] [org.apache.http.impl.conn.DefaultManagedHttpClientConnection] http-outgoing-5: set socket timeout to 30000
2021-06-06T09:17:14.039-0500 [DEBUG] [org.apache.http.impl.conn.DefaultManagedHttpClientConnection] http-outgoing-5: set socket timeout to 30000
2021-06-06T09:17:14.039-0500 [DEBUG] [org.apache.http.impl.execchain.MainClientExec] Executing request GET /dl/android/maven2/org/checkerframework/checker-qual/2.8.1/checker-qual-2.8.1.pom HTTP/1.1
2021-06-06T09:17:14.039-0500 [DEBUG] [org.apache.http.impl.execchain.MainClientExec] Target auth state: UNCHALLENGED
2021-06-06T09:17:14.039-0500 [DEBUG] [org.apache.http.impl.execchain.MainClientExec] Proxy auth state: UNCHALLENGED
2021-06-06T09:17:14.075-0500 [DEBUG] [org.apache.http.impl.execchain.MainClientExec] Connection can be kept alive indefinitely
2021-06-06T09:17:14.075-0500 [DEBUG] [org.apache.http.impl.conn.PoolingHttpClientConnectionManager] Connection [id: 5][route: {s}->https://dl.google.com:443] can be kept alive indefinitely
2021-06-06T09:17:14.076-0500 [DEBUG] [org.apache.http.impl.conn.DefaultManagedHttpClientConnection] http-outgoing-5: set socket timeout to 0
2021-06-06T09:17:14.076-0500 [DEBUG] [org.apache.http.impl.conn.PoolingHttpClientConnectionManager] Connection released: [id: 5][route: {s}->https://dl.google.com:443][total kept alive: 8; route allocated: 8 of 20; total allocated: 8 of 20]
2021-06-06T09:17:14.076-0500 [INFO] [org.gradle.internal.resource.transport.http.HttpClientHelper] Resource missing. [HTTP GET: https://dl.google.com/dl/android/maven2/org/checkerframework/checker-qual/2.8.1/checker-qual-2.8.1.pom]
2021-06-06T09:17:14.076-0500 [LIFECYCLE] [org.gradle.internal.operations.DefaultBuildOperationRunner] 
2021-06-06T09:17:14.076-0500 [DEBUG] [org.gradle.internal.operations.DefaultBuildOperationRunner] Completing Build operation 'Download https://dl.google.com/dl/android/maven2/org/checkerframework/checker-qual/2.8.1/checker-qual-2.8.1.pom'
2021-06-06T09:17:14.078-0500 [DEBUG] [org.gradle.internal.operations.DefaultBuildOperationRunner] Build operation 'Download https://repo.maven.apache.org/maven2/org/checkerframework/checker-qual/2.8.1/checker-qual-2.8.1.pom' started
2021-06-06T09:17:14.101-0500 [DEBUG] [org.gradle.internal.operations.DefaultBuildOperationRunner] Completing Build operation 'Download https://repo.maven.apache.org/maven2/org/checkerframework/checker-qual/2.8.1/checker-qual-2.8.1.pom'
2021-06-06T09:17:14.117-0500 [DEBUG] [org.gradle.internal.operations.DefaultBuildOperationRunner] Build operation 'Resolve com.google.guava:failureaccess:1.0.1' started
2021-06-06T09:17:14.117-0500 [DEBUG] [org.gradle.internal.work.DefaultWorkerLeaseService] Worker lease root.1.75.79 started (2 worker(s) in use).
2021-06-06T09:17:14.117-0500 [DEBUG] [org.gradle.internal.resources.AbstractTrackedResourceLock] Build operations Thread 7: acquired lock on root.1.75.79
2021-06-06T09:17:14.117-0500 [DEBUG] [org.gradle.internal.work.DefaultWorkerLeaseService] Worker lease root.1.75.78 started (3 worker(s) in use).
2021-06-06T09:17:14.118-0500 [DEBUG] [org.gradle.internal.resources.AbstractTrackedResourceLock] Build operations Thread 5: acquired lock on root.1.75.78
2021-06-06T09:17:14.117-0500 [DEBUG] [org.gradle.internal.operations.DefaultBuildOperationRunner] Build operation 'Resolve com.google.guava:listenablefuture:9999.0-empty-to-avoid-conflict-with-guava' started
2021-06-06T09:17:14.118-0500 [DEBUG] [org.gradle.internal.work.DefaultWorkerLeaseService] Worker lease root.1.75.77 started (4 worker(s) in use).
2021-06-06T09:17:14.118-0500 [DEBUG] [org.gradle.internal.resources.AbstractTrackedResourceLock] Build operations Thread 3: acquired lock on root.1.75.77
2021-06-06T09:17:14.118-0500 [DEBUG] [org.gradle.internal.operations.DefaultBuildOperationRunner] Build operation 'Resolve org.codehaus.mojo:animal-sniffer-annotations:1.18' started
2021-06-06T09:17:14.118-0500 [DEBUG] [org.gradle.internal.operations.DefaultBuildOperationRunner] Build operation 'Resolve com.google.j2objc:j2objc-annotations:1.3' started
2021-06-06T09:17:14.120-0500 [DEBUG] [org.gradle.internal.operations.DefaultBuildOperationRunner] Build operation 'Download https://dl.google.com/dl/android/maven2/com/google/guava/failureaccess/1.0.1/failureaccess-1.0.1.pom' started
2021-06-06T09:17:14.121-0500 [DEBUG] [org.gradle.internal.operations.DefaultBuildOperationRunner] Build operation 'Download https://dl.google.com/dl/android/maven2/org/codehaus/mojo/animal-sniffer-annotations/1.18/animal-sniffer-annotations-1.18.pom' started
2021-06-06T09:17:14.121-0500 [DEBUG] [org.gradle.internal.operations.DefaultBuildOperationRunner] Build operation 'Download https://dl.google.com/dl/android/maven2/com/google/j2objc/j2objc-annotations/1.3/j2objc-annotations-1.3.pom' started
2021-06-06T09:17:14.121-0500 [DEBUG] [org.gradle.internal.operations.DefaultBuildOperationRunner] Build operation 'Download https://dl.google.com/dl/android/maven2/com/google/guava/listenablefuture/9999.0-empty-to-avoid-conflict-with-guava/listenablefuture-9999.0-empty-to-avoid-conflict-with-guava.pom' started
2021-06-06T09:17:14.166-0500 [DEBUG] [org.gradle.internal.operations.DefaultBuildOperationRunner] Completing Build operation 'Download https://dl.google.com/dl/android/maven2/com/google/j2objc/j2objc-annotations/1.3/j2objc-annotations-1.3.pom'
2021-06-06T09:17:14.167-0500 [DEBUG] [org.gradle.internal.operations.DefaultBuildOperationRunner] Completing Build operation 'Download https://dl.google.com/dl/android/maven2/org/codehaus/mojo/animal-sniffer-annotations/1.18/animal-sniffer-annotations-1.18.pom'
2021-06-06T09:17:14.167-0500 [DEBUG] [org.gradle.internal.operations.DefaultBuildOperationRunner] Completing Build operation 'Download https://dl.google.com/dl/android/maven2/com/google/guava/listenablefuture/9999.0-empty-to-avoid-conflict-with-guava/listenablefuture-9999.0-empty-to-avoid-conflict-with-guava.pom'
2021-06-06T09:17:14.168-0500 [DEBUG] [org.gradle.internal.operations.DefaultBuildOperationRunner] Completing Build operation 'Download https://dl.google.com/dl/android/maven2/com/google/guava/failureaccess/1.0.1/failureaccess-1.0.1.pom'
2021-06-06T09:17:14.171-0500 [DEBUG] [org.gradle.internal.operations.DefaultBuildOperationRunner] Build operation 'Download https://repo.maven.apache.org/maven2/com/google/j2objc/j2objc-annotations/1.3/j2objc-annotations-1.3.pom' started
2021-06-06T09:17:14.171-0500 [DEBUG] [org.gradle.internal.operations.DefaultBuildOperationRunner] Build operation 'Download https://repo.maven.apache.org/maven2/com/google/guava/listenablefuture/9999.0-empty-to-avoid-conflict-with-guava/listenablefuture-9999.0-empty-to-avoid-conflict-with-guava.pom' started
2021-06-06T09:17:14.171-0500 [DEBUG] [org.gradle.internal.operations.DefaultBuildOperationRunner] Build operation 'Download https://repo.maven.apache.org/maven2/org/codehaus/mojo/animal-sniffer-annotations/1.18/animal-sniffer-annotations-1.18.pom' started
2021-06-06T09:17:14.171-0500 [DEBUG] [org.gradle.internal.operations.DefaultBuildOperationRunner] Build operation 'Download https://repo.maven.apache.org/maven2/com/google/guava/failureaccess/1.0.1/failureaccess-1.0.1.pom' started
2021-06-06T09:17:14.201-0500 [DEBUG] [org.gradle.internal.operations.DefaultBuildOperationRunner] Completing Build operation 'Download https://repo.maven.apache.org/maven2/com/google/guava/failureaccess/1.0.1/failureaccess-1.0.1.pom'
2021-06-06T09:17:14.202-0500 [DEBUG] [org.gradle.internal.operations.DefaultBuildOperationRunner] Completing Build operation 'Download https://repo.maven.apache.org/maven2/com/google/j2objc/j2objc-annotations/1.3/j2objc-annotations-1.3.pom'
2021-06-06T09:17:14.202-0500 [DEBUG] [org.gradle.internal.operations.DefaultBuildOperationRunner] Completing Build operation 'Download https://repo.maven.apache.org/maven2/com/google/guava/listenablefuture/9999.0-empty-to-avoid-conflict-with-guava/listenablefuture-9999.0-empty-to-avoid-conflict-with-guava.pom'
2021-06-06T09:17:14.207-0500 [DEBUG] [org.gradle.internal.operations.DefaultBuildOperationRunner] Completing Build operation 'Download https://repo.maven.apache.org/maven2/org/codehaus/mojo/animal-sniffer-annotations/1.18/animal-sniffer-annotations-1.18.pom'
2021-06-06T09:17:14.236-0500 [DEBUG] [org.gradle.internal.operations.DefaultBuildOperationRunner] Completing Build operation 'Resolve com.google.j2objc:j2objc-annotations:1.3'
2021-06-06T09:17:14.237-0500 [DEBUG] [org.gradle.internal.operations.DefaultBuildOperationRunner] Build operation 'Resolve com.google.j2objc:j2objc-annotations:1.3' completed
2021-06-06T09:17:14.237-0500 [DEBUG] [org.gradle.internal.work.DefaultWorkerLeaseService] Worker lease root.1.75.77 completed (3 worker(s) in use)
2021-06-06T09:17:14.237-0500 [DEBUG] [org.gradle.internal.resources.AbstractTrackedResourceLock] Build operations Thread 3: released lock on root.1.75.77
2021-06-06T09:17:14.237-0500 [DEBUG] [org.gradle.internal.operations.DefaultBuildOperationRunner] Build operation 'Download https://dl.google.com/dl/android/maven2/org/codehaus/mojo/animal-sniffer-parent/1.18/animal-sniffer-parent-1.18.pom' started
2021-06-06T09:17:14.238-0500 [DEBUG] [org.gradle.internal.operations.DefaultBuildOperationRunner] Build operation 'Download https://dl.google.com/dl/android/maven2/com/google/guava/guava-parent/26.0-android/guava-parent-26.0-android.pom' started
2021-06-06T09:17:14.288-0500 [DEBUG] [org.gradle.internal.operations.DefaultBuildOperationRunner] Completing Build operation 'Download https://dl.google.com/dl/android/maven2/com/google/guava/guava-parent/26.0-android/guava-parent-26.0-android.pom'
2021-06-06T09:17:14.288-0500 [DEBUG] [org.gradle.internal.operations.DefaultBuildOperationRunner] Completing Build operation 'Download https://dl.google.com/dl/android/maven2/org/codehaus/mojo/animal-sniffer-parent/1.18/animal-sniffer-parent-1.18.pom'
2021-06-06T09:17:14.290-0500 [DEBUG] [org.gradle.internal.operations.DefaultBuildOperationRunner] Build operation 'Download https://dl.google.com/dl/android/maven2/com/google/guava/guava-parent/26.0-android/guava-parent-26.0-android.pom' started
2021-06-06T09:17:14.291-0500 [DEBUG] [org.gradle.internal.operations.DefaultBuildOperationRunner] Build operation 'Download https://repo.maven.apache.org/maven2/org/codehaus/mojo/animal-sniffer-parent/1.18/animal-sniffer-parent-1.18.pom' started
2021-06-06T09:17:14.291-0500 [DEBUG] [org.gradle.internal.operations.DefaultBuildOperationRunner] Build operation 'Download https://repo.maven.apache.org/maven2/com/google/guava/guava-parent/26.0-android/guava-parent-26.0-android.pom' started
2021-06-06T09:17:14.315-0500 [DEBUG] [org.gradle.internal.operations.DefaultBuildOperationRunner] Completing Build operation 'Download https://repo.maven.apache.org/maven2/org/codehaus/mojo/animal-sniffer-parent/1.18/animal-sniffer-parent-1.18.pom'
2021-06-06T09:17:14.323-0500 [DEBUG] [org.gradle.internal.operations.DefaultBuildOperationRunner] Completing Build operation 'Download https://repo.maven.apache.org/maven2/com/google/guava/guava-parent/26.0-android/guava-parent-26.0-android.pom'
2021-06-06T09:17:14.330-0500 [DEBUG] [org.gradle.internal.operations.DefaultBuildOperationRunner] Build operation 'Download https://dl.google.com/dl/android/maven2/org/codehaus/mojo/mojo-parent/50/mojo-parent-50.pom' started
2021-06-06T09:17:14.333-0500 [DEBUG] [org.gradle.internal.operations.DefaultBuildOperationRunner] Completing Build operation 'Download https://dl.google.com/dl/android/maven2/com/google/guava/guava-parent/26.0-android/guava-parent-26.0-android.pom'
2021-06-06T09:17:14.357-0500 [DEBUG] [org.gradle.internal.operations.DefaultBuildOperationRunner] Completing Build operation 'Resolve com.google.guava:failureaccess:1.0.1'
2021-06-06T09:17:14.361-0500 [DEBUG] [org.gradle.internal.operations.DefaultBuildOperationRunner] Completing Build operation 'Resolve com.google.guava:listenablefuture:9999.0-empty-to-avoid-conflict-with-guava'
2021-06-06T09:17:14.362-0500 [DEBUG] [org.gradle.internal.operations.DefaultBuildOperationRunner] Build operation 'Resolve com.google.guava:listenablefuture:9999.0-empty-to-avoid-conflict-with-guava' completed
2021-06-06T09:17:14.362-0500 [DEBUG] [org.gradle.internal.work.DefaultWorkerLeaseService] Worker lease root.1.75.79 completed (1 worker(s) in use)
2021-06-06T09:17:14.362-0500 [DEBUG] [org.gradle.internal.resources.AbstractTrackedResourceLock] Build operations Thread 7: released lock on root.1.75.79
2021-06-06T09:17:14.370-0500 [DEBUG] [org.gradle.internal.operations.DefaultBuildOperationRunner] Completing Build operation 'Download https://dl.google.com/dl/android/maven2/org/codehaus/mojo/mojo-parent/50/mojo-parent-50.pom'
2021-06-06T09:17:14.371-0500 [DEBUG] [org.gradle.internal.operations.DefaultBuildOperationRunner] Build operation 'Download https://repo.maven.apache.org/maven2/org/codehaus/mojo/mojo-parent/50/mojo-parent-50.pom' started
2021-06-06T09:17:14.398-0500 [DEBUG] [org.gradle.internal.operations.DefaultBuildOperationRunner] Completing Build operation 'Download https://repo.maven.apache.org/maven2/org/codehaus/mojo/mojo-parent/50/mojo-parent-50.pom'
2021-06-06T09:17:14.437-0500 [DEBUG] [org.gradle.internal.operations.DefaultBuildOperationRunner] Completing Build operation 'Resolve org.codehaus.mojo:animal-sniffer-annotations:1.18'
2021-06-06T09:17:14.437-0500 [DEBUG] [org.gradle.internal.operations.DefaultBuildOperationRunner] Build operation 'Resolve org.codehaus.mojo:animal-sniffer-annotations:1.18' completed
2021-06-06T09:17:14.437-0500 [DEBUG] [org.gradle.internal.work.DefaultWorkerLeaseService] Worker lease root.1.75.78 completed (1 worker(s) in use)
2021-06-06T09:17:14.437-0500 [DEBUG] [org.gradle.internal.resources.AbstractTrackedResourceLock] Build operations Thread 5: released lock on root.1.75.78
2021-06-06T09:17:14.439-0500 [DEBUG] [org.gradle.internal.operations.DefaultBuildOperationRunner] Build operation 'Resolve commons-logging:commons-logging:1.2' started
2021-06-06T09:17:14.439-0500 [DEBUG] [org.gradle.internal.work.DefaultWorkerLeaseService] Worker lease root.1.80.82 started (2 worker(s) in use).
2021-06-06T09:17:14.440-0500 [DEBUG] [org.gradle.internal.resources.AbstractTrackedResourceLock] Build operations: acquired lock on root.1.80.82
2021-06-06T09:17:14.440-0500 [DEBUG] [org.gradle.internal.operations.DefaultBuildOperationRunner] Build operation 'Resolve commons-codec:commons-codec:1.10' started
2021-06-06T09:17:14.441-0500 [DEBUG] [org.gradle.internal.operations.DefaultBuildOperationRunner] Build operation 'Download https://dl.google.com/dl/android/maven2/commons-codec/commons-codec/1.10/commons-codec-1.10.pom' started
2021-06-06T09:17:14.442-0500 [DEBUG] [org.gradle.internal.operations.DefaultBuildOperationRunner] Build operation 'Metadata of https://dl.google.com/dl/android/maven2/commons-logging/commons-logging/1.2/commons-logging-1.2.pom' started
2021-06-06T09:17:14.483-0500 [DEBUG] [org.gradle.internal.operations.DefaultBuildOperationRunner] Completing Build operation 'Metadata of https://dl.google.com/dl/android/maven2/commons-logging/commons-logging/1.2/commons-logging-1.2.pom'
2021-06-06T09:17:14.483-0500 [DEBUG] [org.gradle.internal.operations.DefaultBuildOperationRunner] Completing Build operation 'Download https://dl.google.com/dl/android/maven2/commons-codec/commons-codec/1.10/commons-codec-1.10.pom'
2021-06-06T09:17:14.485-0500 [DEBUG] [org.gradle.internal.operations.DefaultBuildOperationRunner] Build operation 'Download https://repo.maven.apache.org/maven2/commons-codec/commons-codec/1.10/commons-codec-1.10.pom' started
2021-06-06T09:17:14.485-0500 [DEBUG] [org.gradle.internal.operations.DefaultBuildOperationRunner] Build operation 'Metadata of https://repo.maven.apache.org/maven2/commons-logging/commons-logging/1.2/commons-logging-1.2.pom' started
2021-06-06T09:17:14.506-0500 [DEBUG] [org.gradle.internal.operations.DefaultBuildOperationRunner] Completing Build operation 'Metadata of https://repo.maven.apache.org/maven2/commons-logging/commons-logging/1.2/commons-logging-1.2.pom'
2021-06-06T09:17:14.510-0500 [DEBUG] [org.gradle.internal.operations.DefaultBuildOperationRunner] Completing Build operation 'Download https://repo.maven.apache.org/maven2/commons-codec/commons-codec/1.10/commons-codec-1.10.pom'
2021-06-06T09:17:14.521-0500 [DEBUG] [org.gradle.internal.operations.DefaultBuildOperationRunner] Build operation 'Download https://dl.google.com/dl/android/maven2/org/apache/commons/commons-parent/35/commons-parent-35.pom' started
2021-06-06T09:17:14.524-0500 [DEBUG] [org.gradle.internal.operations.DefaultBuildOperationRunner] Build operation 'Metadata of https://dl.google.com/dl/android/maven2/org/apache/commons/commons-parent/34/commons-parent-34.pom' started
2021-06-06T09:17:14.563-0500 [DEBUG] [org.gradle.internal.operations.DefaultBuildOperationRunner] Completing Build operation 'Download https://dl.google.com/dl/android/maven2/org/apache/commons/commons-parent/35/commons-parent-35.pom'
2021-06-06T09:17:14.565-0500 [DEBUG] [org.gradle.internal.operations.DefaultBuildOperationRunner] Build operation 'Download https://repo.maven.apache.org/maven2/org/apache/commons/commons-parent/35/commons-parent-35.pom' started
2021-06-06T09:17:14.582-0500 [DEBUG] [org.gradle.internal.operations.DefaultBuildOperationRunner] Completing Build operation 'Metadata of https://dl.google.com/dl/android/maven2/org/apache/commons/commons-parent/34/commons-parent-34.pom'
2021-06-06T09:17:14.584-0500 [DEBUG] [org.gradle.internal.operations.DefaultBuildOperationRunner] Build operation 'Metadata of https://repo.maven.apache.org/maven2/org/apache/commons/commons-parent/34/commons-parent-34.pom' started
2021-06-06T09:17:14.605-0500 [DEBUG] [org.gradle.internal.operations.DefaultBuildOperationRunner] Completing Build operation 'Metadata of https://repo.maven.apache.org/maven2/org/apache/commons/commons-parent/34/commons-parent-34.pom'
2021-06-06T09:17:14.606-0500 [DEBUG] [org.gradle.internal.operations.DefaultBuildOperationRunner] Completing Build operation 'Download https://repo.maven.apache.org/maven2/org/apache/commons/commons-parent/35/commons-parent-35.pom'
2021-06-06T09:17:14.618-0500 [DEBUG] [org.gradle.internal.operations.DefaultBuildOperationRunner] Build operation 'Metadata of https://dl.google.com/dl/android/maven2/org/apache/apache/15/apache-15.pom' started
2021-06-06T09:17:14.621-0500 [DEBUG] [org.gradle.internal.operations.DefaultBuildOperationRunner] Build operation 'Metadata of https://dl.google.com/dl/android/maven2/org/apache/apache/13/apache-13.pom' started
2021-06-06T09:17:14.659-0500 [DEBUG] [org.gradle.internal.operations.DefaultBuildOperationRunner] Completing Build operation 'Metadata of https://dl.google.com/dl/android/maven2/org/apache/apache/15/apache-15.pom'
2021-06-06T09:17:14.660-0500 [DEBUG] [org.gradle.internal.operations.DefaultBuildOperationRunner] Build operation 'Metadata of https://repo.maven.apache.org/maven2/org/apache/apache/15/apache-15.pom' started
2021-06-06T09:17:14.661-0500 [DEBUG] [org.gradle.internal.operations.DefaultBuildOperationRunner] Completing Build operation 'Metadata of https://dl.google.com/dl/android/maven2/org/apache/apache/13/apache-13.pom'
2021-06-06T09:17:14.663-0500 [DEBUG] [org.gradle.internal.operations.DefaultBuildOperationRunner] Build operation 'Metadata of https://repo.maven.apache.org/maven2/org/apache/apache/13/apache-13.pom' started
2021-06-06T09:17:14.678-0500 [DEBUG] [org.gradle.internal.operations.DefaultBuildOperationRunner] Completing Build operation 'Metadata of https://repo.maven.apache.org/maven2/org/apache/apache/15/apache-15.pom'
2021-06-06T09:17:14.680-0500 [DEBUG] [org.gradle.internal.operations.DefaultBuildOperationRunner] Completing Build operation 'Metadata of https://repo.maven.apache.org/maven2/org/apache/apache/13/apache-13.pom'
2021-06-06T09:17:14.717-0500 [DEBUG] [org.gradle.internal.operations.DefaultBuildOperationRunner] Completing Build operation 'Resolve commons-codec:commons-codec:1.10'
2021-06-06T09:17:14.717-0500 [DEBUG] [org.gradle.internal.operations.DefaultBuildOperationRunner] Build operation 'Resolve commons-codec:commons-codec:1.10' completed
2021-06-06T09:17:14.717-0500 [DEBUG] [org.gradle.internal.work.DefaultWorkerLeaseService] Worker lease root.1.80.82 completed (1 worker(s) in use)
2021-06-06T09:17:14.717-0500 [DEBUG] [org.gradle.internal.resources.AbstractTrackedResourceLock] Build operations: released lock on root.1.80.82
2021-06-06T09:17:14.720-0500 [DEBUG] [org.gradle.internal.operations.DefaultBuildOperationRunner] Completing Build operation 'Resolve commons-logging:commons-logging:1.2'
2021-06-06T09:17:14.723-0500 [DEBUG] [org.gradle.internal.operations.DefaultBuildOperationRunner] Build operation 'Resolve jakarta.xml.bind:jakarta.xml.bind-api:2.3.2' started
2021-06-06T09:17:14.723-0500 [DEBUG] [org.gradle.internal.work.DefaultWorkerLeaseService] Worker lease root.1.83.88 started (2 worker(s) in use).
2021-06-06T09:17:14.723-0500 [DEBUG] [org.gradle.internal.resources.AbstractTrackedResourceLock] Build operations Thread 3: acquired lock on root.1.83.88
2021-06-06T09:17:14.723-0500 [DEBUG] [org.gradle.internal.operations.DefaultBuildOperationRunner] Build operation 'Resolve com.sun.xml.fastinfoset:FastInfoset:1.2.16' started
2021-06-06T09:17:14.723-0500 [DEBUG] [org.gradle.internal.work.DefaultWorkerLeaseService] Worker lease root.1.83.87 started (3 worker(s) in use).
2021-06-06T09:17:14.724-0500 [DEBUG] [org.gradle.internal.resources.AbstractTrackedResourceLock] Build operations Thread 8: acquired lock on root.1.83.87
2021-06-06T09:17:14.724-0500 [DEBUG] [org.gradle.internal.work.DefaultWorkerLeaseService] Worker lease root.1.83.85 started (4 worker(s) in use).
2021-06-06T09:17:14.724-0500 [DEBUG] [org.gradle.internal.resources.AbstractTrackedResourceLock] Build operations Thread 4: acquired lock on root.1.83.85
2021-06-06T09:17:14.724-0500 [DEBUG] [org.gradle.internal.operations.DefaultBuildOperationRunner] Build operation 'Download https://dl.google.com/dl/android/maven2/jakarta/xml/bind/jakarta.xml.bind-api/2.3.2/jakarta.xml.bind-api-2.3.2.pom' started
2021-06-06T09:17:14.724-0500 [DEBUG] [org.gradle.internal.operations.DefaultBuildOperationRunner] Build operation 'Resolve org.jvnet.staxex:stax-ex:1.8.1' started
2021-06-06T09:17:14.724-0500 [DEBUG] [org.gradle.internal.work.DefaultWorkerLeaseService] Worker lease root.1.83.86 started (5 worker(s) in use).
2021-06-06T09:17:14.724-0500 [DEBUG] [org.gradle.internal.resources.AbstractTrackedResourceLock] Build operations Thread 2: acquired lock on root.1.83.86
2021-06-06T09:17:14.724-0500 [DEBUG] [org.gradle.internal.operations.DefaultBuildOperationRunner] Build operation 'Resolve org.glassfish.jaxb:txw2:2.3.2' started
2021-06-06T09:17:14.724-0500 [DEBUG] [org.gradle.internal.work.DefaultWorkerLeaseService] Worker lease root.1.83.89 started (6 worker(s) in use).
2021-06-06T09:17:14.724-0500 [DEBUG] [org.gradle.internal.operations.DefaultBuildOperationRunner] Build operation 'Resolve com.sun.istack:istack-commons-runtime:3.0.8' started
2021-06-06T09:17:14.725-0500 [DEBUG] [org.gradle.internal.resources.AbstractTrackedResourceLock] Build operations Thread 7: acquired lock on root.1.83.89
2021-06-06T09:17:14.726-0500 [DEBUG] [org.gradle.internal.operations.DefaultBuildOperationRunner] Build operation 'Resolve jakarta.activation:jakarta.activation-api:1.2.1' started
2021-06-06T09:17:14.726-0500 [DEBUG] [org.gradle.internal.operations.DefaultBuildOperationRunner] Build operation 'Download https://dl.google.com/dl/android/maven2/org/jvnet/staxex/stax-ex/1.8.1/stax-ex-1.8.1.pom' started
2021-06-06T09:17:14.726-0500 [DEBUG] [org.gradle.internal.operations.DefaultBuildOperationRunner] Build operation 'Download https://dl.google.com/dl/android/maven2/org/glassfish/jaxb/txw2/2.3.2/txw2-2.3.2.pom' started
2021-06-06T09:17:14.726-0500 [DEBUG] [org.gradle.internal.operations.DefaultBuildOperationRunner] Build operation 'Download https://dl.google.com/dl/android/maven2/com/sun/xml/fastinfoset/FastInfoset/1.2.16/FastInfoset-1.2.16.pom' started
2021-06-06T09:17:14.727-0500 [DEBUG] [org.gradle.internal.operations.DefaultBuildOperationRunner] Build operation 'Download https://dl.google.com/dl/android/maven2/jakarta/activation/jakarta.activation-api/1.2.1/jakarta.activation-api-1.2.1.pom' started
2021-06-06T09:17:14.728-0500 [DEBUG] [org.gradle.internal.operations.DefaultBuildOperationRunner] Build operation 'Download https://dl.google.com/dl/android/maven2/com/sun/istack/istack-commons-runtime/3.0.8/istack-commons-runtime-3.0.8.pom' started
2021-06-06T09:17:14.765-0500 [DEBUG] [org.gradle.internal.operations.DefaultBuildOperationRunner] Completing Build operation 'Download https://dl.google.com/dl/android/maven2/jakarta/xml/bind/jakarta.xml.bind-api/2.3.2/jakarta.xml.bind-api-2.3.2.pom'
2021-06-06T09:17:14.766-0500 [DEBUG] [org.gradle.internal.operations.DefaultBuildOperationRunner] Build operation 'Download https://repo.maven.apache.org/maven2/jakarta/xml/bind/jakarta.xml.bind-api/2.3.2/jakarta.xml.bind-api-2.3.2.pom' started
2021-06-06T09:17:14.770-0500 [DEBUG] [org.gradle.internal.operations.DefaultBuildOperationRunner] Completing Build operation 'Download https://dl.google.com/dl/android/maven2/com/sun/istack/istack-commons-runtime/3.0.8/istack-commons-runtime-3.0.8.pom'
2021-06-06T09:17:14.770-0500 [DEBUG] [org.gradle.internal.operations.DefaultBuildOperationRunner] Completing Build operation 'Download https://dl.google.com/dl/android/maven2/org/jvnet/staxex/stax-ex/1.8.1/stax-ex-1.8.1.pom'
2021-06-06T09:17:14.771-0500 [DEBUG] [org.gradle.internal.operations.DefaultBuildOperationRunner] Completing Build operation 'Download https://dl.google.com/dl/android/maven2/com/sun/xml/fastinfoset/FastInfoset/1.2.16/FastInfoset-1.2.16.pom'
2021-06-06T09:17:14.773-0500 [DEBUG] [org.gradle.internal.operations.DefaultBuildOperationRunner] Build operation 'Download https://repo.maven.apache.org/maven2/org/jvnet/staxex/stax-ex/1.8.1/stax-ex-1.8.1.pom' started
2021-06-06T09:17:14.773-0500 [DEBUG] [org.gradle.internal.operations.DefaultBuildOperationRunner] Build operation 'Download https://repo.maven.apache.org/maven2/com/sun/xml/fastinfoset/FastInfoset/1.2.16/FastInfoset-1.2.16.pom' started
2021-06-06T09:17:14.773-0500 [DEBUG] [org.gradle.internal.operations.DefaultBuildOperationRunner] Build operation 'Download https://repo.maven.apache.org/maven2/com/sun/istack/istack-commons-runtime/3.0.8/istack-commons-runtime-3.0.8.pom' started
2021-06-06T09:17:14.774-0500 [DEBUG] [org.gradle.internal.operations.DefaultBuildOperationRunner] Completing Build operation 'Download https://dl.google.com/dl/android/maven2/jakarta/activation/jakarta.activation-api/1.2.1/jakarta.activation-api-1.2.1.pom'
2021-06-06T09:17:14.775-0500 [DEBUG] [org.gradle.internal.operations.DefaultBuildOperationRunner] Build operation 'Download https://repo.maven.apache.org/maven2/jakarta/activation/jakarta.activation-api/1.2.1/jakarta.activation-api-1.2.1.pom' started
2021-06-06T09:17:14.777-0500 [DEBUG] [org.gradle.internal.operations.DefaultBuildOperationRunner] Completing Build operation 'Download https://dl.google.com/dl/android/maven2/org/glassfish/jaxb/txw2/2.3.2/txw2-2.3.2.pom'
2021-06-06T09:17:14.779-0500 [DEBUG] [org.gradle.internal.operations.DefaultBuildOperationRunner] Build operation 'Download https://repo.maven.apache.org/maven2/org/glassfish/jaxb/txw2/2.3.2/txw2-2.3.2.pom' started
2021-06-06T09:17:14.787-0500 [DEBUG] [org.gradle.internal.operations.DefaultBuildOperationRunner] Completing Build operation 'Download https://repo.maven.apache.org/maven2/jakarta/xml/bind/jakarta.xml.bind-api/2.3.2/jakarta.xml.bind-api-2.3.2.pom'
2021-06-06T09:17:14.795-0500 [DEBUG] [org.gradle.internal.operations.DefaultBuildOperationRunner] Completing Build operation 'Download https://repo.maven.apache.org/maven2/jakarta/activation/jakarta.activation-api/1.2.1/jakarta.activation-api-1.2.1.pom'
2021-06-06T09:17:14.800-0500 [DEBUG] [org.gradle.internal.operations.DefaultBuildOperationRunner] Completing Build operation 'Download https://repo.maven.apache.org/maven2/org/jvnet/staxex/stax-ex/1.8.1/stax-ex-1.8.1.pom'
2021-06-06T09:17:14.801-0500 [DEBUG] [org.gradle.internal.operations.DefaultBuildOperationRunner] Completing Build operation 'Download https://repo.maven.apache.org/maven2/com/sun/istack/istack-commons-runtime/3.0.8/istack-commons-runtime-3.0.8.pom'
2021-06-06T09:17:14.804-0500 [DEBUG] [org.gradle.internal.operations.DefaultBuildOperationRunner] Completing Build operation 'Download https://repo.maven.apache.org/maven2/org/glassfish/jaxb/txw2/2.3.2/txw2-2.3.2.pom'
2021-06-06T09:17:14.804-0500 [DEBUG] [org.gradle.internal.operations.DefaultBuildOperationRunner] Completing Build operation 'Download https://repo.maven.apache.org/maven2/com/sun/xml/fastinfoset/FastInfoset/1.2.16/FastInfoset-1.2.16.pom'
2021-06-06T09:17:14.814-0500 [DEBUG] [org.gradle.internal.operations.DefaultBuildOperationRunner] Build operation 'Download https://dl.google.com/dl/android/maven2/jakarta/xml/bind/jakarta.xml.bind-api-parent/2.3.2/jakarta.xml.bind-api-parent-2.3.2.pom' started
2021-06-06T09:17:14.833-0500 [DEBUG] [org.gradle.internal.operations.DefaultBuildOperationRunner] Completing Build operation 'Resolve org.jvnet.staxex:stax-ex:1.8.1'
2021-06-06T09:17:14.833-0500 [DEBUG] [org.gradle.internal.operations.DefaultBuildOperationRunner] Build operation 'Resolve org.jvnet.staxex:stax-ex:1.8.1' completed
2021-06-06T09:17:14.834-0500 [DEBUG] [org.gradle.internal.work.DefaultWorkerLeaseService] Worker lease root.1.83.87 completed (5 worker(s) in use)
2021-06-06T09:17:14.834-0500 [DEBUG] [org.gradle.internal.resources.AbstractTrackedResourceLock] Build operations Thread 8: released lock on root.1.83.87
2021-06-06T09:17:14.834-0500 [DEBUG] [org.gradle.internal.operations.DefaultBuildOperationRunner] Build operation 'Download https://dl.google.com/dl/android/maven2/com/sun/istack/istack-commons/3.0.8/istack-commons-3.0.8.pom' started
2021-06-06T09:17:14.834-0500 [DEBUG] [org.gradle.internal.operations.DefaultBuildOperationRunner] Build operation 'Download https://dl.google.com/dl/android/maven2/com/sun/activation/all/1.2.1/all-1.2.1.pom' started
2021-06-06T09:17:14.834-0500 [DEBUG] [org.gradle.internal.operations.DefaultBuildOperationRunner] Build operation 'Download https://dl.google.com/dl/android/maven2/com/sun/xml/bind/mvn/jaxb-txw-parent/2.3.2/jaxb-txw-parent-2.3.2.pom' started
2021-06-06T09:17:14.835-0500 [DEBUG] [org.gradle.internal.operations.DefaultBuildOperationRunner] Build operation 'Download https://dl.google.com/dl/android/maven2/com/sun/xml/fastinfoset/fastinfoset-project/1.2.16/fastinfoset-project-1.2.16.pom' started
2021-06-06T09:17:14.853-0500 [DEBUG] [org.gradle.internal.operations.DefaultBuildOperationRunner] Completing Build operation 'Download https://dl.google.com/dl/android/maven2/jakarta/xml/bind/jakarta.xml.bind-api-parent/2.3.2/jakarta.xml.bind-api-parent-2.3.2.pom'
2021-06-06T09:17:14.854-0500 [DEBUG] [org.gradle.internal.operations.DefaultBuildOperationRunner] Build operation 'Download https://repo.maven.apache.org/maven2/jakarta/xml/bind/jakarta.xml.bind-api-parent/2.3.2/jakarta.xml.bind-api-parent-2.3.2.pom' started
2021-06-06T09:17:14.881-0500 [DEBUG] [org.gradle.internal.operations.DefaultBuildOperationRunner] Completing Build operation 'Download https://dl.google.com/dl/android/maven2/com/sun/istack/istack-commons/3.0.8/istack-commons-3.0.8.pom'
2021-06-06T09:17:14.882-0500 [DEBUG] [org.gradle.internal.operations.DefaultBuildOperationRunner] Completing Build operation 'Download https://dl.google.com/dl/android/maven2/com/sun/xml/bind/mvn/jaxb-txw-parent/2.3.2/jaxb-txw-parent-2.3.2.pom'
2021-06-06T09:17:14.882-0500 [DEBUG] [org.gradle.internal.operations.DefaultBuildOperationRunner] Completing Build operation 'Download https://dl.google.com/dl/android/maven2/com/sun/xml/fastinfoset/fastinfoset-project/1.2.16/fastinfoset-project-1.2.16.pom'
2021-06-06T09:17:14.883-0500 [DEBUG] [org.gradle.internal.operations.DefaultBuildOperationRunner] Completing Build operation 'Download https://dl.google.com/dl/android/maven2/com/sun/activation/all/1.2.1/all-1.2.1.pom'
2021-06-06T09:17:14.885-0500 [DEBUG] [org.gradle.internal.operations.DefaultBuildOperationRunner] Build operation 'Download https://repo.maven.apache.org/maven2/com/sun/xml/bind/mvn/jaxb-txw-parent/2.3.2/jaxb-txw-parent-2.3.2.pom' started
2021-06-06T09:17:14.885-0500 [DEBUG] [org.gradle.internal.operations.DefaultBuildOperationRunner] Build operation 'Download https://repo.maven.apache.org/maven2/com/sun/xml/fastinfoset/fastinfoset-project/1.2.16/fastinfoset-project-1.2.16.pom' started
2021-06-06T09:17:14.886-0500 [DEBUG] [org.gradle.internal.operations.DefaultBuildOperationRunner] Build operation 'Download https://repo.maven.apache.org/maven2/com/sun/activation/all/1.2.1/all-1.2.1.pom' started
2021-06-06T09:17:14.886-0500 [DEBUG] [org.gradle.internal.operations.DefaultBuildOperationRunner] Completing Build operation 'Download https://repo.maven.apache.org/maven2/jakarta/xml/bind/jakarta.xml.bind-api-parent/2.3.2/jakarta.xml.bind-api-parent-2.3.2.pom'
2021-06-06T09:17:14.885-0500 [DEBUG] [org.gradle.internal.operations.DefaultBuildOperationRunner] Build operation 'Download https://repo.maven.apache.org/maven2/com/sun/istack/istack-commons/3.0.8/istack-commons-3.0.8.pom' started
2021-06-06T09:17:14.920-0500 [DEBUG] [org.gradle.internal.operations.DefaultBuildOperationRunner] Completing Build operation 'Download https://repo.maven.apache.org/maven2/com/sun/activation/all/1.2.1/all-1.2.1.pom'
2021-06-06T09:17:14.920-0500 [DEBUG] [org.gradle.internal.operations.DefaultBuildOperationRunner] Completing Build operation 'Download https://repo.maven.apache.org/maven2/com/sun/istack/istack-commons/3.0.8/istack-commons-3.0.8.pom'
2021-06-06T09:17:14.921-0500 [DEBUG] [org.gradle.internal.operations.DefaultBuildOperationRunner] Completing Build operation 'Download https://repo.maven.apache.org/maven2/com/sun/xml/bind/mvn/jaxb-txw-parent/2.3.2/jaxb-txw-parent-2.3.2.pom'
2021-06-06T09:17:14.922-0500 [DEBUG] [org.gradle.internal.operations.DefaultBuildOperationRunner] Completing Build operation 'Resolve jakarta.xml.bind:jakarta.xml.bind-api:2.3.2'
2021-06-06T09:17:14.923-0500 [DEBUG] [org.gradle.internal.operations.DefaultBuildOperationRunner] Completing Build operation 'Download https://repo.maven.apache.org/maven2/com/sun/xml/fastinfoset/fastinfoset-project/1.2.16/fastinfoset-project-1.2.16.pom'
2021-06-06T09:17:14.954-0500 [DEBUG] [org.gradle.internal.operations.DefaultBuildOperationRunner] Build operation 'Download https://dl.google.com/dl/android/maven2/org/eclipse/ee4j/project/1.0.2/project-1.0.2.pom' started
2021-06-06T09:17:14.974-0500 [DEBUG] [org.gradle.internal.operations.DefaultBuildOperationRunner] Completing Build operation 'Resolve com.sun.istack:istack-commons-runtime:3.0.8'
2021-06-06T09:17:14.974-0500 [DEBUG] [org.gradle.internal.operations.DefaultBuildOperationRunner] Build operation 'Resolve com.sun.istack:istack-commons-runtime:3.0.8' completed
2021-06-06T09:17:14.974-0500 [DEBUG] [org.gradle.internal.work.DefaultWorkerLeaseService] Worker lease root.1.83.86 completed (3 worker(s) in use)
2021-06-06T09:17:14.975-0500 [DEBUG] [org.gradle.internal.resources.AbstractTrackedResourceLock] Build operations Thread 2: released lock on root.1.83.86
2021-06-06T09:17:14.979-0500 [DEBUG] [org.gradle.internal.operations.DefaultBuildOperationRunner] Completing Build operation 'Resolve com.sun.xml.fastinfoset:FastInfoset:1.2.16'
2021-06-06T09:17:14.979-0500 [DEBUG] [org.gradle.internal.operations.DefaultBuildOperationRunner] Build operation 'Resolve com.sun.xml.fastinfoset:FastInfoset:1.2.16' completed
2021-06-06T09:17:14.979-0500 [DEBUG] [org.gradle.internal.work.DefaultWorkerLeaseService] Worker lease root.1.83.88 completed (2 worker(s) in use)
2021-06-06T09:17:14.979-0500 [DEBUG] [org.gradle.internal.resources.AbstractTrackedResourceLock] Build operations Thread 3: released lock on root.1.83.88
2021-06-06T09:17:14.996-0500 [DEBUG] [org.gradle.internal.operations.DefaultBuildOperationRunner] Completing Build operation 'Download https://dl.google.com/dl/android/maven2/org/eclipse/ee4j/project/1.0.2/project-1.0.2.pom'
2021-06-06T09:17:14.998-0500 [DEBUG] [org.gradle.internal.operations.DefaultBuildOperationRunner] Build operation 'Download https://repo.maven.apache.org/maven2/org/eclipse/ee4j/project/1.0.2/project-1.0.2.pom' started
2021-06-06T09:17:15.007-0500 [DEBUG] [org.gradle.internal.operations.DefaultBuildOperationRunner] Completing Build operation 'Resolve org.glassfish.jaxb:txw2:2.3.2'
2021-06-06T09:17:15.007-0500 [DEBUG] [org.gradle.internal.operations.DefaultBuildOperationRunner] Build operation 'Resolve org.glassfish.jaxb:txw2:2.3.2' completed
2021-06-06T09:17:15.007-0500 [DEBUG] [org.gradle.internal.work.DefaultWorkerLeaseService] Worker lease root.1.83.85 completed (1 worker(s) in use)
2021-06-06T09:17:15.008-0500 [DEBUG] [org.gradle.internal.resources.AbstractTrackedResourceLock] Build operations Thread 4: released lock on root.1.83.85
2021-06-06T09:17:15.026-0500 [DEBUG] [org.gradle.internal.operations.DefaultBuildOperationRunner] Completing Build operation 'Download https://repo.maven.apache.org/maven2/org/eclipse/ee4j/project/1.0.2/project-1.0.2.pom'
2021-06-06T09:17:15.067-0500 [DEBUG] [org.gradle.internal.operations.DefaultBuildOperationRunner] Completing Build operation 'Resolve jakarta.activation:jakarta.activation-api:1.2.1'
2021-06-06T09:17:15.067-0500 [DEBUG] [org.gradle.internal.operations.DefaultBuildOperationRunner] Build operation 'Resolve jakarta.activation:jakarta.activation-api:1.2.1' completed
2021-06-06T09:17:15.067-0500 [DEBUG] [org.gradle.internal.work.DefaultWorkerLeaseService] Worker lease root.1.83.89 completed (1 worker(s) in use)
2021-06-06T09:17:15.067-0500 [DEBUG] [org.gradle.internal.resources.AbstractTrackedResourceLock] Build operations Thread 7: released lock on root.1.83.89
2021-06-06T09:17:15.081-0500 [DEBUG] [org.gradle.internal.operations.DefaultBuildOperationRunner] Build operation 'Resolve com.sun.activation:javax.activation:1.2.0' started
2021-06-06T09:17:15.081-0500 [DEBUG] [org.gradle.internal.work.DefaultWorkerLeaseService] Worker lease root.1.90.92 started (2 worker(s) in use).
2021-06-06T09:17:15.081-0500 [DEBUG] [org.gradle.internal.resources.AbstractTrackedResourceLock] Build operations Thread 6: acquired lock on root.1.90.92
2021-06-06T09:17:15.081-0500 [DEBUG] [org.gradle.internal.operations.DefaultBuildOperationRunner] Build operation 'Resolve com.google.jimfs:jimfs:1.1' started
2021-06-06T09:17:15.083-0500 [DEBUG] [org.gradle.internal.operations.DefaultBuildOperationRunner] Build operation 'Download https://dl.google.com/dl/android/maven2/com/google/jimfs/jimfs/1.1/jimfs-1.1.pom' started
2021-06-06T09:17:15.083-0500 [DEBUG] [org.gradle.internal.operations.DefaultBuildOperationRunner] Build operation 'Download https://dl.google.com/dl/android/maven2/com/sun/activation/javax.activation/1.2.0/javax.activation-1.2.0.pom' started
2021-06-06T09:17:15.127-0500 [DEBUG] [org.gradle.internal.operations.DefaultBuildOperationRunner] Completing Build operation 'Download https://dl.google.com/dl/android/maven2/com/sun/activation/javax.activation/1.2.0/javax.activation-1.2.0.pom'
2021-06-06T09:17:15.128-0500 [DEBUG] [org.gradle.internal.operations.DefaultBuildOperationRunner] Completing Build operation 'Download https://dl.google.com/dl/android/maven2/com/google/jimfs/jimfs/1.1/jimfs-1.1.pom'
2021-06-06T09:17:15.130-0500 [DEBUG] [org.gradle.internal.operations.DefaultBuildOperationRunner] Build operation 'Download https://repo.maven.apache.org/maven2/com/google/jimfs/jimfs/1.1/jimfs-1.1.pom' started
2021-06-06T09:17:15.130-0500 [DEBUG] [org.gradle.internal.operations.DefaultBuildOperationRunner] Build operation 'Download https://repo.maven.apache.org/maven2/com/sun/activation/javax.activation/1.2.0/javax.activation-1.2.0.pom' started
2021-06-06T09:17:15.154-0500 [DEBUG] [org.gradle.internal.operations.DefaultBuildOperationRunner] Completing Build operation 'Download https://repo.maven.apache.org/maven2/com/google/jimfs/jimfs/1.1/jimfs-1.1.pom'
2021-06-06T09:17:15.154-0500 [DEBUG] [org.gradle.internal.operations.DefaultBuildOperationRunner] Completing Build operation 'Download https://repo.maven.apache.org/maven2/com/sun/activation/javax.activation/1.2.0/javax.activation-1.2.0.pom'
2021-06-06T09:17:15.171-0500 [DEBUG] [org.gradle.internal.operations.DefaultBuildOperationRunner] Build operation 'Download https://dl.google.com/dl/android/maven2/com/google/jimfs/jimfs-parent/1.1/jimfs-parent-1.1.pom' started
2021-06-06T09:17:15.174-0500 [DEBUG] [org.gradle.internal.operations.DefaultBuildOperationRunner] Build operation 'Download https://dl.google.com/dl/android/maven2/com/sun/activation/all/1.2.0/all-1.2.0.pom' started
2021-06-06T09:17:15.212-0500 [DEBUG] [org.gradle.internal.operations.DefaultBuildOperationRunner] Completing Build operation 'Download https://dl.google.com/dl/android/maven2/com/google/jimfs/jimfs-parent/1.1/jimfs-parent-1.1.pom'
2021-06-06T09:17:15.214-0500 [DEBUG] [org.gradle.internal.operations.DefaultBuildOperationRunner] Build operation 'Download https://repo.maven.apache.org/maven2/com/google/jimfs/jimfs-parent/1.1/jimfs-parent-1.1.pom' started
2021-06-06T09:17:15.217-0500 [DEBUG] [org.gradle.internal.operations.DefaultBuildOperationRunner] Completing Build operation 'Download https://dl.google.com/dl/android/maven2/com/sun/activation/all/1.2.0/all-1.2.0.pom'
2021-06-06T09:17:15.219-0500 [DEBUG] [org.gradle.internal.operations.DefaultBuildOperationRunner] Build operation 'Download https://repo.maven.apache.org/maven2/com/sun/activation/all/1.2.0/all-1.2.0.pom' started
2021-06-06T09:17:15.244-0500 [DEBUG] [org.gradle.internal.operations.DefaultBuildOperationRunner] Completing Build operation 'Download https://repo.maven.apache.org/maven2/com/google/jimfs/jimfs-parent/1.1/jimfs-parent-1.1.pom'
2021-06-06T09:17:15.251-0500 [DEBUG] [org.gradle.internal.operations.DefaultBuildOperationRunner] Completing Build operation 'Download https://repo.maven.apache.org/maven2/com/sun/activation/all/1.2.0/all-1.2.0.pom'
2021-06-06T09:17:15.267-0500 [DEBUG] [org.gradle.internal.operations.DefaultBuildOperationRunner] Build operation 'Download https://dl.google.com/dl/android/maven2/net/java/jvnet-parent/1/jvnet-parent-1.pom' started
2021-06-06T09:17:15.289-0500 [DEBUG] [org.gradle.internal.operations.DefaultBuildOperationRunner] Completing Build operation 'Resolve com.google.jimfs:jimfs:1.1'
2021-06-06T09:17:15.289-0500 [DEBUG] [org.gradle.internal.operations.DefaultBuildOperationRunner] Build operation 'Resolve com.google.jimfs:jimfs:1.1' completed
2021-06-06T09:17:15.290-0500 [DEBUG] [org.gradle.internal.work.DefaultWorkerLeaseService] Worker lease root.1.90.92 completed (1 worker(s) in use)
2021-06-06T09:17:15.290-0500 [DEBUG] [org.gradle.internal.resources.AbstractTrackedResourceLock] Build operations Thread 6: released lock on root.1.90.92
2021-06-06T09:17:15.307-0500 [DEBUG] [org.gradle.internal.operations.DefaultBuildOperationRunner] Completing Build operation 'Download https://dl.google.com/dl/android/maven2/net/java/jvnet-parent/1/jvnet-parent-1.pom'
2021-06-06T09:17:15.309-0500 [DEBUG] [org.gradle.internal.operations.DefaultBuildOperationRunner] Build operation 'Download https://repo.maven.apache.org/maven2/net/java/jvnet-parent/1/jvnet-parent-1.pom' started
2021-06-06T09:17:15.329-0500 [DEBUG] [org.gradle.internal.operations.DefaultBuildOperationRunner] Completing Build operation 'Download https://repo.maven.apache.org/maven2/net/java/jvnet-parent/1/jvnet-parent-1.pom'
2021-06-06T09:17:15.372-0500 [DEBUG] [org.gradle.internal.operations.DefaultBuildOperationRunner] Completing Build operation 'Resolve com.sun.activation:javax.activation:1.2.0'
2021-06-06T09:17:15.379-0500 [DEBUG] [org.gradle.internal.operations.DefaultBuildOperationRunner] Build operation 'Download https://dl.google.com/dl/android/maven2/net/java/dev/jna/jna-platform/5.6.0/jna-platform-5.6.0.pom' started
2021-06-06T09:17:15.420-0500 [DEBUG] [org.gradle.internal.operations.DefaultBuildOperationRunner] Completing Build operation 'Download https://dl.google.com/dl/android/maven2/net/java/dev/jna/jna-platform/5.6.0/jna-platform-5.6.0.pom'
2021-06-06T09:17:15.422-0500 [DEBUG] [org.gradle.internal.operations.DefaultBuildOperationRunner] Build operation 'Download https://repo.maven.apache.org/maven2/net/java/dev/jna/jna-platform/5.6.0/jna-platform-5.6.0.pom' started
2021-06-06T09:17:15.461-0500 [DEBUG] [org.gradle.internal.operations.DefaultBuildOperationRunner] Completing Build operation 'Download https://repo.maven.apache.org/maven2/net/java/dev/jna/jna-platform/5.6.0/jna-platform-5.6.0.pom'
2021-06-06T09:17:15.479-0500 [DEBUG] [org.gradle.internal.operations.DefaultBuildOperationRunner] Build operation 'Download https://dl.google.com/dl/android/maven2/xml-apis/xml-apis/1.4.01/xml-apis-1.4.01.pom' started
2021-06-06T09:17:15.518-0500 [DEBUG] [org.gradle.internal.operations.DefaultBuildOperationRunner] Completing Build operation 'Download https://dl.google.com/dl/android/maven2/xml-apis/xml-apis/1.4.01/xml-apis-1.4.01.pom'
2021-06-06T09:17:15.519-0500 [DEBUG] [org.gradle.internal.operations.DefaultBuildOperationRunner] Build operation 'Download https://repo.maven.apache.org/maven2/xml-apis/xml-apis/1.4.01/xml-apis-1.4.01.pom' started
2021-06-06T09:17:15.542-0500 [DEBUG] [org.gradle.internal.operations.DefaultBuildOperationRunner] Completing Build operation 'Download https://repo.maven.apache.org/maven2/xml-apis/xml-apis/1.4.01/xml-apis-1.4.01.pom'
2021-06-06T09:17:15.565-0500 [DEBUG] [org.gradle.internal.operations.DefaultBuildOperationRunner] Build operation 'Download https://dl.google.com/dl/android/maven2/net/java/dev/jna/jna/5.6.0/jna-5.6.0.pom' started
2021-06-06T09:17:15.605-0500 [DEBUG] [org.gradle.internal.operations.DefaultBuildOperationRunner] Completing Build operation 'Download https://dl.google.com/dl/android/maven2/net/java/dev/jna/jna/5.6.0/jna-5.6.0.pom'
2021-06-06T09:17:15.607-0500 [DEBUG] [org.gradle.internal.operations.DefaultBuildOperationRunner] Build operation 'Download https://repo.maven.apache.org/maven2/net/java/dev/jna/jna/5.6.0/jna-5.6.0.pom' started
2021-06-06T09:17:15.630-0500 [DEBUG] [org.gradle.internal.operations.DefaultBuildOperationRunner] Completing Build operation 'Download https://repo.maven.apache.org/maven2/net/java/dev/jna/jna/5.6.0/jna-5.6.0.pom'
2021-06-06T09:17:15.697-0500 [DEBUG] [org.gradle.internal.operations.DefaultBuildOperationRunner] Completing Build operation 'Resolve dependencies of :classpath'
2021-06-06T09:17:15.724-0500 [DEBUG] [org.gradle.internal.operations.DefaultBuildOperationRunner] Build operation 'Resolve files of :classpath' started
2021-06-06T09:17:15.727-0500 [DEBUG] [org.gradle.internal.work.DefaultWorkerLeaseService] Worker lease root.1.93.94 started (1 worker(s) in use).
2021-06-06T09:17:15.727-0500 [DEBUG] [org.gradle.internal.resources.AbstractTrackedResourceLock] Build operations Thread 5: acquired lock on root.1.93.94
2021-06-06T09:17:15.727-0500 [DEBUG] [org.gradle.internal.work.DefaultWorkerLeaseService] Worker lease root.1.93.100 started (2 worker(s) in use).
2021-06-06T09:17:15.727-0500 [DEBUG] [org.gradle.internal.resources.AbstractTrackedResourceLock] Build operations: acquired lock on root.1.93.100
2021-06-06T09:17:15.727-0500 [DEBUG] [org.gradle.internal.work.DefaultWorkerLeaseService] Worker lease root.1.93.99 started (3 worker(s) in use).
2021-06-06T09:17:15.728-0500 [DEBUG] [org.gradle.internal.resources.AbstractTrackedResourceLock] Build operations Thread 7: acquired lock on root.1.93.99
2021-06-06T09:17:15.728-0500 [DEBUG] [org.gradle.internal.work.DefaultWorkerLeaseService] Worker lease root.1.93.98 started (4 worker(s) in use).
2021-06-06T09:17:15.728-0500 [DEBUG] [org.gradle.internal.resources.AbstractTrackedResourceLock] Build operations Thread 8: acquired lock on root.1.93.98
2021-06-06T09:17:15.728-0500 [DEBUG] [org.gradle.internal.operations.DefaultBuildOperationRunner] Build operation 'Resolve aaptcompiler-4.2.1.jar (com.android.tools.build:aaptcompiler:4.2.1)' started
2021-06-06T09:17:15.728-0500 [DEBUG] [org.gradle.internal.work.DefaultWorkerLeaseService] Worker lease root.1.93.97 started (5 worker(s) in use).
2021-06-06T09:17:15.728-0500 [DEBUG] [org.gradle.internal.resources.AbstractTrackedResourceLock] Build operations Thread 2: acquired lock on root.1.93.97
2021-06-06T09:17:15.728-0500 [DEBUG] [org.gradle.internal.operations.DefaultBuildOperationRunner] Build operation 'Resolve gradle-4.2.1.jar (com.android.tools.build:gradle:4.2.1)' started
2021-06-06T09:17:15.728-0500 [DEBUG] [org.gradle.internal.operations.DefaultBuildOperationRunner] Build operation 'Resolve tensorflow-lite-metadata-0.1.0-rc2.jar (org.tensorflow:tensorflow-lite-metadata:0.1.0-rc2)' started
2021-06-06T09:17:15.728-0500 [DEBUG] [org.gradle.internal.operations.DefaultBuildOperationRunner] Build operation 'Resolve kotlin-gradle-plugin-1.4.32.jar (org.jetbrains.kotlin:kotlin-gradle-plugin:1.4.32)' started
2021-06-06T09:17:15.728-0500 [DEBUG] [org.gradle.internal.operations.DefaultBuildOperationRunner] Build operation 'Resolve bundletool-1.1.0.jar (com.android.tools.build:bundletool:1.1.0)' started
2021-06-06T09:17:15.728-0500 [DEBUG] [org.gradle.internal.work.DefaultWorkerLeaseService] Worker lease root.1.93.96 started (6 worker(s) in use).
2021-06-06T09:17:15.729-0500 [DEBUG] [org.gradle.internal.resources.AbstractTrackedResourceLock] Build operations Thread 3: acquired lock on root.1.93.96
2021-06-06T09:17:15.729-0500 [DEBUG] [org.gradle.internal.operations.DefaultBuildOperationRunner] Build operation 'Resolve flatbuffers-java-1.12.0.jar (com.google.flatbuffers:flatbuffers-java:1.12.0)' started
2021-06-06T09:17:15.729-0500 [DEBUG] [org.gradle.internal.work.DefaultWorkerLeaseService] Worker lease root.1.93.95 started (7 worker(s) in use).
2021-06-06T09:17:15.730-0500 [DEBUG] [org.gradle.internal.resources.AbstractTrackedResourceLock] Build operations Thread 4: acquired lock on root.1.93.95
2021-06-06T09:17:15.732-0500 [DEBUG] [org.gradle.internal.operations.DefaultBuildOperationRunner] Build operation 'Download https://repo.maven.apache.org/maven2/org/jetbrains/kotlin/kotlin-gradle-plugin/1.4.32/kotlin-gradle-plugin-1.4.32.jar' started
2021-06-06T09:17:15.730-0500 [DEBUG] [org.gradle.internal.operations.DefaultBuildOperationRunner] Build operation 'Resolve builder-4.2.1.jar (com.android.tools.build:builder:4.2.1)' started
2021-06-06T09:17:15.733-0500 [DEBUG] [org.gradle.internal.operations.DefaultBuildOperationRunner] Build operation 'Resolve lint-gradle-api-27.2.1.jar (com.android.tools.lint:lint-gradle-api:27.2.1)' started
2021-06-06T09:17:15.733-0500 [DEBUG] [org.gradle.internal.operations.DefaultBuildOperationRunner] Build operation 'Download https://dl.google.com/dl/android/maven2/com/android/tools/build/bundletool/1.1.0/bundletool-1.1.0.jar' started
2021-06-06T09:17:15.734-0500 [DEBUG] [org.gradle.internal.operations.DefaultBuildOperationRunner] Build operation 'Download https://repo.maven.apache.org/maven2/com/google/flatbuffers/flatbuffers-java/1.12.0/flatbuffers-java-1.12.0.jar' started
2021-06-06T09:17:15.734-0500 [DEBUG] [org.gradle.internal.operations.DefaultBuildOperationRunner] Build operation 'Download https://dl.google.com/dl/android/maven2/com/android/tools/build/aaptcompiler/4.2.1/aaptcompiler-4.2.1.jar' started
2021-06-06T09:17:15.733-0500 [DEBUG] [org.gradle.internal.operations.DefaultBuildOperationRunner] Build operation 'Download https://repo.maven.apache.org/maven2/org/tensorflow/tensorflow-lite-metadata/0.1.0-rc2/tensorflow-lite-metadata-0.1.0-rc2.jar' started
2021-06-06T09:17:15.733-0500 [DEBUG] [org.gradle.internal.work.DefaultWorkerLeaseService] Build operation root.1.93.101 could not be started yet (8 worker(s) in use).
2021-06-06T09:17:15.734-0500 [DEBUG] [org.gradle.internal.operations.DefaultBuildOperationRunner] Build operation 'Download https://dl.google.com/dl/android/maven2/com/android/tools/build/gradle/4.2.1/gradle-4.2.1.jar' started
2021-06-06T09:17:15.737-0500 [DEBUG] [org.gradle.internal.operations.DefaultBuildOperationRunner] Build operation 'Download https://dl.google.com/dl/android/maven2/com/android/tools/build/builder/4.2.1/builder-4.2.1.jar' started
2021-06-06T09:17:15.737-0500 [DEBUG] [org.gradle.internal.operations.DefaultBuildOperationRunner] Build operation 'Download https://dl.google.com/dl/android/maven2/com/android/tools/lint/lint-gradle-api/27.2.1/lint-gradle-api-27.2.1.jar' started
2021-06-06T09:17:15.803-0500 [DEBUG] [org.gradle.internal.operations.DefaultBuildOperationRunner] Completing Build operation 'Download https://dl.google.com/dl/android/maven2/com/android/tools/lint/lint-gradle-api/27.2.1/lint-gradle-api-27.2.1.jar'
2021-06-06T09:17:15.805-0500 [DEBUG] [org.gradle.internal.operations.DefaultBuildOperationRunner] Completing Build operation 'Download https://repo.maven.apache.org/maven2/com/google/flatbuffers/flatbuffers-java/1.12.0/flatbuffers-java-1.12.0.jar'
2021-06-06T09:17:15.816-0500 [DEBUG] [org.gradle.internal.operations.DefaultBuildOperationRunner] Completing Build operation 'Resolve lint-gradle-api-27.2.1.jar (com.android.tools.lint:lint-gradle-api:27.2.1)'
2021-06-06T09:17:15.816-0500 [DEBUG] [org.gradle.internal.operations.DefaultBuildOperationRunner] Completing Build operation 'Resolve flatbuffers-java-1.12.0.jar (com.google.flatbuffers:flatbuffers-java:1.12.0)'
2021-06-06T09:17:15.816-0500 [DEBUG] [org.gradle.internal.operations.DefaultBuildOperationRunner] Build operation 'Resolve flatbuffers-java-1.12.0.jar (com.google.flatbuffers:flatbuffers-java:1.12.0)' completed
2021-06-06T09:17:15.816-0500 [DEBUG] [org.gradle.internal.operations.DefaultBuildOperationRunner] Build operation 'Resolve lint-model-27.2.1.jar (com.android.tools.lint:lint-model:27.2.1)' started
2021-06-06T09:17:15.816-0500 [DEBUG] [org.gradle.internal.operations.DefaultBuildOperationRunner] Build operation 'Resolve sdk-common-27.2.1.jar (com.android.tools:sdk-common:27.2.1)' started
2021-06-06T09:17:15.818-0500 [DEBUG] [org.gradle.internal.operations.DefaultBuildOperationRunner] Build operation 'Download https://dl.google.com/dl/android/maven2/com/android/tools/lint/lint-model/27.2.1/lint-model-27.2.1.jar' started
2021-06-06T09:17:15.818-0500 [DEBUG] [org.gradle.internal.operations.DefaultBuildOperationRunner] Build operation 'Download https://dl.google.com/dl/android/maven2/com/android/tools/sdk-common/27.2.1/sdk-common-27.2.1.jar' started
2021-06-06T09:17:15.867-0500 [DEBUG] [org.gradle.internal.operations.DefaultBuildOperationRunner] Completing Build operation 'Download https://repo.maven.apache.org/maven2/org/tensorflow/tensorflow-lite-metadata/0.1.0-rc2/tensorflow-lite-metadata-0.1.0-rc2.jar'
2021-06-06T09:17:15.877-0500 [DEBUG] [org.gradle.internal.operations.DefaultBuildOperationRunner] Completing Build operation 'Resolve tensorflow-lite-metadata-0.1.0-rc2.jar (org.tensorflow:tensorflow-lite-metadata:0.1.0-rc2)'
2021-06-06T09:17:15.877-0500 [DEBUG] [org.gradle.internal.operations.DefaultBuildOperationRunner] Build operation 'Resolve tensorflow-lite-metadata-0.1.0-rc2.jar (org.tensorflow:tensorflow-lite-metadata:0.1.0-rc2)' completed
2021-06-06T09:17:15.877-0500 [DEBUG] [org.gradle.internal.operations.DefaultBuildOperationRunner] Build operation 'Resolve aapt2-proto-4.2.1-7147631.jar (com.android.tools.build:aapt2-proto:4.2.1-7147631)' started
2021-06-06T09:17:15.879-0500 [DEBUG] [org.gradle.internal.operations.DefaultBuildOperationRunner] Build operation 'Download https://dl.google.com/dl/android/maven2/com/android/tools/build/aapt2-proto/4.2.1-7147631/aapt2-proto-4.2.1-7147631.jar' started
2021-06-06T09:17:15.941-0500 [DEBUG] [org.gradle.internal.operations.DefaultBuildOperationRunner] Completing Build operation 'Download https://dl.google.com/dl/android/maven2/com/android/tools/build/aaptcompiler/4.2.1/aaptcompiler-4.2.1.jar'
2021-06-06T09:17:15.951-0500 [DEBUG] [org.gradle.internal.operations.DefaultBuildOperationRunner] Completing Build operation 'Resolve aaptcompiler-4.2.1.jar (com.android.tools.build:aaptcompiler:4.2.1)'
2021-06-06T09:17:15.951-0500 [DEBUG] [org.gradle.internal.operations.DefaultBuildOperationRunner] Build operation 'Resolve aaptcompiler-4.2.1.jar (com.android.tools.build:aaptcompiler:4.2.1)' completed
2021-06-06T09:17:15.951-0500 [DEBUG] [org.gradle.internal.operations.DefaultBuildOperationRunner] Build operation 'Resolve crash-27.2.1.jar (com.android.tools.analytics-library:crash:27.2.1)' started
2021-06-06T09:17:15.954-0500 [DEBUG] [org.gradle.internal.operations.DefaultBuildOperationRunner] Build operation 'Download https://dl.google.com/dl/android/maven2/com/android/tools/analytics-library/crash/27.2.1/crash-27.2.1.jar' started
2021-06-06T09:17:15.985-0500 [DEBUG] [org.gradle.internal.operations.DefaultBuildOperationRunner] Completing Build operation 'Download https://dl.google.com/dl/android/maven2/com/android/tools/lint/lint-model/27.2.1/lint-model-27.2.1.jar'
2021-06-06T09:17:15.993-0500 [DEBUG] [org.gradle.internal.operations.DefaultBuildOperationRunner] Completing Build operation 'Resolve lint-model-27.2.1.jar (com.android.tools.lint:lint-model:27.2.1)'
2021-06-06T09:17:15.994-0500 [DEBUG] [org.gradle.internal.operations.DefaultBuildOperationRunner] Build operation 'Resolve gradle-api-4.2.1.jar (com.android.tools.build:gradle-api:4.2.1)' started
2021-06-06T09:17:15.996-0500 [DEBUG] [org.gradle.internal.operations.DefaultBuildOperationRunner] Build operation 'Download https://dl.google.com/dl/android/maven2/com/android/tools/build/gradle-api/4.2.1/gradle-api-4.2.1.jar' started
2021-06-06T09:17:16.042-0500 [DEBUG] [org.gradle.internal.operations.DefaultBuildOperationRunner] Completing Build operation 'Download https://dl.google.com/dl/android/maven2/com/android/tools/analytics-library/crash/27.2.1/crash-27.2.1.jar'
2021-06-06T09:17:16.048-0500 [DEBUG] [org.gradle.internal.operations.DefaultBuildOperationRunner] Completing Build operation 'Resolve crash-27.2.1.jar (com.android.tools.analytics-library:crash:27.2.1)'
2021-06-06T09:17:16.048-0500 [DEBUG] [org.gradle.internal.operations.DefaultBuildOperationRunner] Build operation 'Resolve crash-27.2.1.jar (com.android.tools.analytics-library:crash:27.2.1)' completed
2021-06-06T09:17:16.048-0500 [DEBUG] [org.gradle.internal.operations.DefaultBuildOperationRunner] Build operation 'Resolve databinding-compiler-common-4.2.1.jar (androidx.databinding:databinding-compiler-common:4.2.1)' started
2021-06-06T09:17:16.050-0500 [DEBUG] [org.gradle.internal.operations.DefaultBuildOperationRunner] Build operation 'Download https://dl.google.com/dl/android/maven2/androidx/databinding/databinding-compiler-common/4.2.1/databinding-compiler-common-4.2.1.jar' started
2021-06-06T09:17:16.160-0500 [DEBUG] [org.gradle.internal.operations.DefaultBuildOperationRunner] Completing Build operation 'Download https://dl.google.com/dl/android/maven2/com/android/tools/build/gradle-api/4.2.1/gradle-api-4.2.1.jar'
2021-06-06T09:17:16.168-0500 [DEBUG] [org.gradle.internal.operations.DefaultBuildOperationRunner] Completing Build operation 'Resolve gradle-api-4.2.1.jar (com.android.tools.build:gradle-api:4.2.1)'
2021-06-06T09:17:16.168-0500 [DEBUG] [org.gradle.internal.operations.DefaultBuildOperationRunner] Build operation 'Resolve builder-model-4.2.1.jar (com.android.tools.build:builder-model:4.2.1)' started
2021-06-06T09:17:16.171-0500 [DEBUG] [org.gradle.internal.operations.DefaultBuildOperationRunner] Build operation 'Download https://dl.google.com/dl/android/maven2/com/android/tools/build/builder-model/4.2.1/builder-model-4.2.1.jar' started
2021-06-06T09:17:16.229-0500 [DEBUG] [org.gradle.internal.operations.DefaultBuildOperationRunner] Completing Build operation 'Download https://repo.maven.apache.org/maven2/org/jetbrains/kotlin/kotlin-gradle-plugin/1.4.32/kotlin-gradle-plugin-1.4.32.jar'
2021-06-06T09:17:16.236-0500 [DEBUG] [org.gradle.internal.operations.DefaultBuildOperationRunner] Completing Build operation 'Download https://dl.google.com/dl/android/maven2/androidx/databinding/databinding-compiler-common/4.2.1/databinding-compiler-common-4.2.1.jar'
2021-06-06T09:17:16.257-0500 [DEBUG] [org.gradle.internal.operations.DefaultBuildOperationRunner] Completing Build operation 'Download https://dl.google.com/dl/android/maven2/com/android/tools/build/builder-model/4.2.1/builder-model-4.2.1.jar'
2021-06-06T09:17:14.199-0500 [LIFECYCLE] [org.gradle.internal.logging.progress.ProgressLoggerFactory] 
2021-06-06T09:17:14.199-0500 [LIFECYCLE] [org.gradle.internal.logging.progress.ProgressLoggerFactory] > Configure project :
2021-06-06T09:17:14.076-0500 [DEBUG] [org.gradle.internal.operations.DefaultBuildOperationRunner] Build operation 'Download https://dl.google.com/dl/android/maven2/org/checkerframework/checker-qual/2.8.1/checker-qual-2.8.1.pom' completed
2021-06-06T09:17:14.076-0500 [DEBUG] [org.gradle.api.internal.artifacts.repositories.resolver.ExternalResourceResolver] No meta-data file or artifact found for module 'org.checkerframework:checker-qual:2.8.1' in repository 'Google'.
2021-06-06T09:17:14.076-0500 [DEBUG] [org.gradle.api.internal.artifacts.ivyservice.modulecache.PersistentModuleMetadataCache] Recording absence of module descriptor in cache: org.checkerframework:checker-qual:2.8.1 [changing = false]
2021-06-06T09:17:14.077-0500 [DEBUG] [org.gradle.api.internal.artifacts.repositories.resolver.DefaultExternalResourceArtifactResolver] Loading https://repo.maven.apache.org/maven2/org/checkerframework/checker-qual/2.8.1/checker-qual-2.8.1.pom
2021-06-06T09:17:14.077-0500 [DEBUG] [org.gradle.internal.resource.transfer.DefaultCacheAwareExternalResourceAccessor] Constructing external resource: https://repo.maven.apache.org/maven2/org/checkerframework/checker-qual/2.8.1/checker-qual-2.8.1.pom
2021-06-06T09:17:14.078-0500 [DEBUG] [org.gradle.internal.resource.transport.http.HttpResourceAccessor] Constructing external resource: https://repo.maven.apache.org/maven2/org/checkerframework/checker-qual/2.8.1/checker-qual-2.8.1.pom
2021-06-06T09:17:14.078-0500 [DEBUG] [org.gradle.internal.resource.transport.http.HttpClientHelper] Performing HTTP GET: https://repo.maven.apache.org/maven2/org/checkerframework/checker-qual/2.8.1/checker-qual-2.8.1.pom
2021-06-06T09:17:14.079-0500 [DEBUG] [org.apache.http.client.protocol.RequestAddCookies] CookieSpec selected: default
2021-06-06T09:17:14.079-0500 [DEBUG] [org.apache.http.client.protocol.RequestAuthCache] Auth cache not set in the context
2021-06-06T09:17:14.079-0500 [DEBUG] [org.apache.http.impl.conn.PoolingHttpClientConnectionManager] Connection request: [route: {s}->https://repo.maven.apache.org:443][total kept alive: 8; route allocated: 8 of 20; total allocated: 8 of 20]
2021-06-06T09:17:14.079-0500 [DEBUG] [org.apache.http.impl.conn.PoolingHttpClientConnectionManager] Connection leased: [id: 12][route: {s}->https://repo.maven.apache.org:443][total kept alive: 7; route allocated: 8 of 20; total allocated: 8 of 20]
2021-06-06T09:17:14.079-0500 [DEBUG] [org.apache.http.impl.conn.DefaultManagedHttpClientConnection] http-outgoing-12: set socket timeout to 30000
2021-06-06T09:17:14.079-0500 [DEBUG] [org.apache.http.impl.conn.DefaultManagedHttpClientConnection] http-outgoing-12: set socket timeout to 30000
2021-06-06T09:17:14.079-0500 [DEBUG] [org.apache.http.impl.execchain.MainClientExec] Executing request GET /maven2/org/checkerframework/checker-qual/2.8.1/checker-qual-2.8.1.pom HTTP/1.1
2021-06-06T09:17:14.079-0500 [DEBUG] [org.apache.http.impl.execchain.MainClientExec] Target auth state: UNCHALLENGED
2021-06-06T09:17:14.079-0500 [DEBUG] [org.apache.http.impl.execchain.MainClientExec] Proxy auth state: UNCHALLENGED
2021-06-06T09:17:14.097-0500 [DEBUG] [org.apache.http.impl.execchain.MainClientExec] Connection can be kept alive indefinitely
2021-06-06T09:17:14.098-0500 [DEBUG] [org.gradle.internal.resource.transport.http.HttpResponseResource] Attempting to download resource https://repo.maven.apache.org/maven2/org/checkerframework/checker-qual/2.8.1/checker-qual-2.8.1.pom.
2021-06-06T09:17:14.099-0500 [INFO] [org.gradle.internal.resource.transfer.DefaultCacheAwareExternalResourceAccessor] Downloading https://repo.maven.apache.org/maven2/org/checkerframework/checker-qual/2.8.1/checker-qual-2.8.1.pom to C:\Users\gathi\AppData\Local\Temp\gradle_download10351182856318310946bin
2021-06-06T09:17:14.101-0500 [DEBUG] [org.apache.http.impl.conn.PoolingHttpClientConnectionManager] Connection [id: 12][route: {s}->https://repo.maven.apache.org:443] can be kept alive indefinitely
2021-06-06T09:17:14.101-0500 [DEBUG] [org.apache.http.impl.conn.DefaultManagedHttpClientConnection] http-outgoing-12: set socket timeout to 0
2021-06-06T09:17:14.101-0500 [DEBUG] [org.apache.http.impl.conn.PoolingHttpClientConnectionManager] Connection released: [id: 12][route: {s}->https://repo.maven.apache.org:443][total kept alive: 8; route allocated: 8 of 20; total allocated: 8 of 20]
2021-06-06T09:17:14.101-0500 [DEBUG] [org.gradle.internal.operations.DefaultBuildOperationRunner] Build operation 'Download https://repo.maven.apache.org/maven2/org/checkerframework/checker-qual/2.8.1/checker-qual-2.8.1.pom' completed
2021-06-06T09:17:14.111-0500 [DEBUG] [org.gradle.api.internal.artifacts.repositories.resolver.ExternalResourceResolver] Metadata file found for module 'org.checkerframework:checker-qual:2.8.1' in repository 'MavenRepo'.
2021-06-06T09:17:14.111-0500 [DEBUG] [org.gradle.api.internal.artifacts.ivyservice.modulecache.PersistentModuleMetadataCache] Recording module descriptor in cache: org.checkerframework:checker-qual:2.8.1 [changing = false]
2021-06-06T09:17:14.115-0500 [DEBUG] [org.gradle.api.internal.artifacts.ivyservice.ivyresolve.RepositoryChainComponentMetaDataResolver] Using org.checkerframework:checker-qual:2.8.1 from Maven repository 'MavenRepo'
2021-06-06T09:17:14.116-0500 [DEBUG] [org.gradle.api.internal.artifacts.ivyservice.resolveengine.graph.builder.DependencyGraphBuilder] Submitting 4 metadata files to resolve in parallel for com.google.guava:guava:28.1-jre(runtime)
2021-06-06T09:17:14.117-0500 [DEBUG] [org.gradle.internal.work.DefaultWorkerLeaseService] Worker lease root.1.75.76 started (1 worker(s) in use).
2021-06-06T09:17:14.117-0500 [DEBUG] [org.gradle.internal.resources.AbstractTrackedResourceLock] Daemon worker: acquired lock on root.1.75.76
2021-06-06T09:17:14.117-0500 [DEBUG] [org.gradle.api.internal.artifacts.ivyservice.ivyresolve.RepositoryChainComponentMetaDataResolver] Attempting to resolve component for com.google.guava:failureaccess:1.0.1 using repositories [Google, MavenRepo]
2021-06-06T09:17:14.118-0500 [DEBUG] [org.gradle.api.internal.artifacts.repositories.resolver.DefaultExternalResourceArtifactResolver] Loading https://dl.google.com/dl/android/maven2/com/google/guava/failureaccess/1.0.1/failureaccess-1.0.1.pom
2021-06-06T09:17:14.118-0500 [DEBUG] [org.gradle.api.internal.artifacts.ivyservice.ivyresolve.RepositoryChainComponentMetaDataResolver] Attempting to resolve component for org.codehaus.mojo:animal-sniffer-annotations:1.18 using repositories [Google, MavenRepo]
2021-06-06T09:17:14.118-0500 [DEBUG] [org.gradle.internal.resource.transfer.DefaultCacheAwareExternalResourceAccessor] Constructing external resource: https://dl.google.com/dl/android/maven2/com/google/guava/failureaccess/1.0.1/failureaccess-1.0.1.pom
2021-06-06T09:17:14.118-0500 [DEBUG] [org.gradle.api.internal.artifacts.ivyservice.ivyresolve.RepositoryChainComponentMetaDataResolver] Attempting to resolve component for com.google.guava:listenablefuture:9999.0-empty-to-avoid-conflict-with-guava using repositories [Google, MavenRepo]
2021-06-06T09:17:14.118-0500 [DEBUG] [org.gradle.api.internal.artifacts.ivyservice.ivyresolve.RepositoryChainComponentMetaDataResolver] Attempting to resolve component for com.google.j2objc:j2objc-annotations:1.3 using repositories [Google, MavenRepo]
2021-06-06T09:17:14.119-0500 [DEBUG] [org.gradle.api.internal.artifacts.repositories.resolver.DefaultExternalResourceArtifactResolver] Loading https://dl.google.com/dl/android/maven2/com/google/guava/listenablefuture/9999.0-empty-to-avoid-conflict-with-guava/listenablefuture-9999.0-empty-to-avoid-conflict-with-guava.pom
2021-06-06T09:17:14.119-0500 [DEBUG] [org.gradle.api.internal.artifacts.repositories.resolver.DefaultExternalResourceArtifactResolver] Loading https://dl.google.com/dl/android/maven2/org/codehaus/mojo/animal-sniffer-annotations/1.18/animal-sniffer-annotations-1.18.pom
2021-06-06T09:17:14.119-0500 [DEBUG] [org.gradle.internal.resource.transfer.DefaultCacheAwareExternalResourceAccessor] Constructing external resource: https://dl.google.com/dl/android/maven2/com/google/guava/listenablefuture/9999.0-empty-to-avoid-conflict-with-guava/listenablefuture-9999.0-empty-to-avoid-conflict-with-guava.pom
2021-06-06T09:17:14.119-0500 [DEBUG] [org.gradle.api.internal.artifacts.repositories.resolver.DefaultExternalResourceArtifactResolver] Loading https://dl.google.com/dl/android/maven2/com/google/j2objc/j2objc-annotations/1.3/j2objc-annotations-1.3.pom
2021-06-06T09:17:14.119-0500 [DEBUG] [org.gradle.internal.resource.transfer.DefaultCacheAwareExternalResourceAccessor] Constructing external resource: https://dl.google.com/dl/android/maven2/org/codehaus/mojo/animal-sniffer-annotations/1.18/animal-sniffer-annotations-1.18.pom
2021-06-06T09:17:14.119-0500 [DEBUG] [org.gradle.internal.resource.transfer.DefaultCacheAwareExternalResourceAccessor] Constructing external resource: https://dl.google.com/dl/android/maven2/com/google/j2objc/j2objc-annotations/1.3/j2objc-annotations-1.3.pom
2021-06-06T09:17:14.120-0500 [DEBUG] [org.gradle.internal.resource.transport.http.HttpResourceAccessor] Constructing external resource: https://dl.google.com/dl/android/maven2/com/google/guava/failureaccess/1.0.1/failureaccess-1.0.1.pom
2021-06-06T09:17:14.120-0500 [DEBUG] [org.gradle.internal.resource.transport.http.HttpClientHelper] Performing HTTP GET: https://dl.google.com/dl/android/maven2/com/google/guava/failureaccess/1.0.1/failureaccess-1.0.1.pom
2021-06-06T09:17:14.121-0500 [DEBUG] [org.apache.http.client.protocol.RequestAddCookies] CookieSpec selected: default
2021-06-06T09:17:14.121-0500 [DEBUG] [org.apache.http.client.protocol.RequestAuthCache] Auth cache not set in the context
2021-06-06T09:17:14.121-0500 [DEBUG] [org.apache.http.impl.conn.PoolingHttpClientConnectionManager] Connection request: [route: {s}->https://dl.google.com:443][total kept alive: 8; route allocated: 8 of 20; total allocated: 8 of 20]
2021-06-06T09:17:14.121-0500 [DEBUG] [org.gradle.internal.resource.transport.http.HttpResourceAccessor] Constructing external resource: https://dl.google.com/dl/android/maven2/com/google/j2objc/j2objc-annotations/1.3/j2objc-annotations-1.3.pom
2021-06-06T09:17:14.121-0500 [DEBUG] [org.gradle.internal.resource.transport.http.HttpResourceAccessor] Constructing external resource: https://dl.google.com/dl/android/maven2/org/codehaus/mojo/animal-sniffer-annotations/1.18/animal-sniffer-annotations-1.18.pom
2021-06-06T09:17:14.121-0500 [DEBUG] [org.apache.http.impl.conn.PoolingHttpClientConnectionManager] Connection leased: [id: 5][route: {s}->https://dl.google.com:443][total kept alive: 7; route allocated: 8 of 20; total allocated: 8 of 20]
2021-06-06T09:17:14.122-0500 [DEBUG] [org.gradle.internal.resource.transport.http.HttpClientHelper] Performing HTTP GET: https://dl.google.com/dl/android/maven2/org/codehaus/mojo/animal-sniffer-annotations/1.18/animal-sniffer-annotations-1.18.pom
2021-06-06T09:17:14.121-0500 [DEBUG] [org.gradle.internal.resource.transport.http.HttpClientHelper] Performing HTTP GET: https://dl.google.com/dl/android/maven2/com/google/j2objc/j2objc-annotations/1.3/j2objc-annotations-1.3.pom
2021-06-06T09:17:14.121-0500 [DEBUG] [org.gradle.internal.resource.transport.http.HttpResourceAccessor] Constructing external resource: https://dl.google.com/dl/android/maven2/com/google/guava/listenablefuture/9999.0-empty-to-avoid-conflict-with-guava/listenablefuture-9999.0-empty-to-avoid-conflict-with-guava.pom
2021-06-06T09:17:14.122-0500 [DEBUG] [org.apache.http.client.protocol.RequestAddCookies] CookieSpec selected: default
2021-06-06T09:17:14.122-0500 [DEBUG] [org.apache.http.impl.conn.DefaultManagedHttpClientConnection] http-outgoing-5: set socket timeout to 30000
2021-06-06T09:17:14.122-0500 [DEBUG] [org.apache.http.client.protocol.RequestAuthCache] Auth cache not set in the context
2021-06-06T09:17:14.122-0500 [DEBUG] [org.gradle.internal.resource.transport.http.HttpClientHelper] Performing HTTP GET: https://dl.google.com/dl/android/maven2/com/google/guava/listenablefuture/9999.0-empty-to-avoid-conflict-with-guava/listenablefuture-9999.0-empty-to-avoid-conflict-with-guava.pom
2021-06-06T09:17:14.122-0500 [DEBUG] [org.apache.http.client.protocol.RequestAddCookies] CookieSpec selected: default
2021-06-06T09:17:14.122-0500 [DEBUG] [org.apache.http.impl.conn.PoolingHttpClientConnectionManager] Connection request: [route: {s}->https://dl.google.com:443][total kept alive: 7; route allocated: 8 of 20; total allocated: 8 of 20]
2021-06-06T09:17:14.122-0500 [DEBUG] [org.apache.http.impl.conn.DefaultManagedHttpClientConnection] http-outgoing-5: set socket timeout to 30000
2021-06-06T09:17:14.123-0500 [DEBUG] [org.apache.http.impl.conn.PoolingHttpClientConnectionManager] Connection leased: [id: 3][route: {s}->https://dl.google.com:443][total kept alive: 6; route allocated: 8 of 20; total allocated: 8 of 20]
2021-06-06T09:17:14.123-0500 [DEBUG] [org.apache.http.client.protocol.RequestAuthCache] Auth cache not set in the context
2021-06-06T09:17:14.123-0500 [DEBUG] [org.apache.http.client.protocol.RequestAddCookies] CookieSpec selected: default
2021-06-06T09:17:14.123-0500 [DEBUG] [org.apache.http.impl.conn.PoolingHttpClientConnectionManager] Connection request: [route: {s}->https://dl.google.com:443][total kept alive: 6; route allocated: 8 of 20; total allocated: 8 of 20]
2021-06-06T09:17:14.123-0500 [DEBUG] [org.apache.http.impl.conn.DefaultManagedHttpClientConnection] http-outgoing-3: set socket timeout to 30000
2021-06-06T09:17:14.123-0500 [DEBUG] [org.apache.http.impl.execchain.MainClientExec] Executing request GET /dl/android/maven2/com/google/guava/failureaccess/1.0.1/failureaccess-1.0.1.pom HTTP/1.1
2021-06-06T09:17:14.123-0500 [DEBUG] [org.apache.http.impl.conn.DefaultManagedHttpClientConnection] http-outgoing-3: set socket timeout to 30000
2021-06-06T09:17:14.123-0500 [DEBUG] [org.apache.http.impl.conn.PoolingHttpClientConnectionManager] Connection leased: [id: 1][route: {s}->https://dl.google.com:443][total kept alive: 5; route allocated: 8 of 20; total allocated: 8 of 20]
2021-06-06T09:17:14.123-0500 [DEBUG] [org.apache.http.client.protocol.RequestAuthCache] Auth cache not set in the context
2021-06-06T09:17:14.124-0500 [DEBUG] [org.apache.http.impl.conn.DefaultManagedHttpClientConnection] http-outgoing-1: set socket timeout to 30000
2021-06-06T09:17:14.124-0500 [DEBUG] [org.apache.http.impl.execchain.MainClientExec] Executing request GET /dl/android/maven2/org/codehaus/mojo/animal-sniffer-annotations/1.18/animal-sniffer-annotations-1.18.pom HTTP/1.1
2021-06-06T09:17:14.124-0500 [DEBUG] [org.apache.http.impl.execchain.MainClientExec] Target auth state: UNCHALLENGED
2021-06-06T09:17:14.124-0500 [DEBUG] [org.apache.http.impl.execchain.MainClientExec] Proxy auth state: UNCHALLENGED
2021-06-06T09:17:14.123-0500 [DEBUG] [org.apache.http.impl.execchain.MainClientExec] Target auth state: UNCHALLENGED
2021-06-06T09:17:14.124-0500 [DEBUG] [org.apache.http.impl.conn.DefaultManagedHttpClientConnection] http-outgoing-1: set socket timeout to 30000
2021-06-06T09:17:14.124-0500 [DEBUG] [org.apache.http.impl.conn.PoolingHttpClientConnectionManager] Connection request: [route: {s}->https://dl.google.com:443][total kept alive: 5; route allocated: 8 of 20; total allocated: 8 of 20]
2021-06-06T09:17:14.124-0500 [DEBUG] [org.apache.http.impl.execchain.MainClientExec] Executing request GET /dl/android/maven2/com/google/j2objc/j2objc-annotations/1.3/j2objc-annotations-1.3.pom HTTP/1.1
2021-06-06T09:17:14.124-0500 [DEBUG] [org.apache.http.impl.execchain.MainClientExec] Target auth state: UNCHALLENGED
2021-06-06T09:17:14.125-0500 [DEBUG] [org.apache.http.impl.execchain.MainClientExec] Proxy auth state: UNCHALLENGED
2021-06-06T09:17:14.124-0500 [DEBUG] [org.apache.http.impl.execchain.MainClientExec] Proxy auth state: UNCHALLENGED
2021-06-06T09:17:14.126-0500 [DEBUG] [org.apache.http.impl.conn.PoolingHttpClientConnectionManager] Connection leased: [id: 4][route: {s}->https://dl.google.com:443][total kept alive: 4; route allocated: 8 of 20; total allocated: 8 of 20]
2021-06-06T09:17:14.126-0500 [DEBUG] [org.apache.http.impl.conn.DefaultManagedHttpClientConnection] http-outgoing-4: set socket timeout to 30000
2021-06-06T09:17:14.126-0500 [DEBUG] [org.apache.http.impl.conn.DefaultManagedHttpClientConnection] http-outgoing-4: set socket timeout to 30000
2021-06-06T09:17:14.126-0500 [DEBUG] [org.apache.http.impl.execchain.MainClientExec] Executing request GET /dl/android/maven2/com/google/guava/listenablefuture/9999.0-empty-to-avoid-conflict-with-guava/listenablefuture-9999.0-empty-to-avoid-conflict-with-guava.pom HTTP/1.1
2021-06-06T09:17:14.126-0500 [DEBUG] [org.apache.http.impl.execchain.MainClientExec] Target auth state: UNCHALLENGED
2021-06-06T09:17:14.126-0500 [DEBUG] [org.apache.http.impl.execchain.MainClientExec] Proxy auth state: UNCHALLENGED
2021-06-06T09:17:14.165-0500 [DEBUG] [org.apache.http.impl.execchain.MainClientExec] Connection can be kept alive indefinitely
2021-06-06T09:17:14.165-0500 [DEBUG] [org.apache.http.impl.execchain.MainClientExec] Connection can be kept alive indefinitely
2021-06-06T09:17:14.165-0500 [DEBUG] [org.apache.http.impl.conn.PoolingHttpClientConnectionManager] Connection [id: 3][route: {s}->https://dl.google.com:443] can be kept alive indefinitely
2021-06-06T09:17:14.165-0500 [DEBUG] [org.apache.http.impl.conn.DefaultManagedHttpClientConnection] http-outgoing-3: set socket timeout to 0
2021-06-06T09:17:14.165-0500 [DEBUG] [org.apache.http.impl.conn.PoolingHttpClientConnectionManager] Connection [id: 1][route: {s}->https://dl.google.com:443] can be kept alive indefinitely
2021-06-06T09:17:14.165-0500 [DEBUG] [org.apache.http.impl.conn.DefaultManagedHttpClientConnection] http-outgoing-1: set socket timeout to 0
2021-06-06T09:17:14.165-0500 [DEBUG] [org.apache.http.impl.conn.PoolingHttpClientConnectionManager] Connection released: [id: 3][route: {s}->https://dl.google.com:443][total kept alive: 5; route allocated: 8 of 20; total allocated: 8 of 20]
2021-06-06T09:17:14.165-0500 [DEBUG] [org.apache.http.impl.conn.PoolingHttpClientConnectionManager] Connection released: [id: 1][route: {s}->https://dl.google.com:443][total kept alive: 6; route allocated: 8 of 20; total allocated: 8 of 20]
2021-06-06T09:17:14.165-0500 [DEBUG] [org.apache.http.impl.execchain.MainClientExec] Connection can be kept alive indefinitely
2021-06-06T09:17:14.165-0500 [DEBUG] [org.apache.http.impl.execchain.MainClientExec] Connection can be kept alive indefinitely
2021-06-06T09:17:14.166-0500 [INFO] [org.gradle.internal.resource.transport.http.HttpClientHelper] Resource missing. [HTTP GET: https://dl.google.com/dl/android/maven2/com/google/j2objc/j2objc-annotations/1.3/j2objc-annotations-1.3.pom]
2021-06-06T09:17:14.165-0500 [INFO] [org.gradle.internal.resource.transport.http.HttpClientHelper] Resource missing. [HTTP GET: https://dl.google.com/dl/android/maven2/org/codehaus/mojo/animal-sniffer-annotations/1.18/animal-sniffer-annotations-1.18.pom]
2021-06-06T09:17:14.166-0500 [DEBUG] [org.apache.http.impl.conn.PoolingHttpClientConnectionManager] Connection [id: 4][route: {s}->https://dl.google.com:443] can be kept alive indefinitely
2021-06-06T09:17:14.166-0500 [DEBUG] [org.apache.http.impl.conn.DefaultManagedHttpClientConnection] http-outgoing-4: set socket timeout to 0
2021-06-06T09:17:14.166-0500 [DEBUG] [org.apache.http.impl.conn.PoolingHttpClientConnectionManager] Connection released: [id: 4][route: {s}->https://dl.google.com:443][total kept alive: 7; route allocated: 8 of 20; total allocated: 8 of 20]
2021-06-06T09:17:14.166-0500 [DEBUG] [org.apache.http.impl.conn.PoolingHttpClientConnectionManager] Connection [id: 5][route: {s}->https://dl.google.com:443] can be kept alive indefinitely
2021-06-06T09:17:14.166-0500 [DEBUG] [org.apache.http.impl.conn.DefaultManagedHttpClientConnection] http-outgoing-5: set socket timeout to 0
2021-06-06T09:17:14.166-0500 [INFO] [org.gradle.internal.resource.transport.http.HttpClientHelper] Resource missing. [HTTP GET: https://dl.google.com/dl/android/maven2/com/google/guava/listenablefuture/9999.0-empty-to-avoid-conflict-with-guava/listenablefuture-9999.0-empty-to-avoid-conflict-with-guava.pom]
2021-06-06T09:17:14.167-0500 [DEBUG] [org.gradle.internal.operations.DefaultBuildOperationRunner] Build operation 'Download https://dl.google.com/dl/android/maven2/com/google/j2objc/j2objc-annotations/1.3/j2objc-annotations-1.3.pom' completed
2021-06-06T09:17:14.167-0500 [DEBUG] [org.gradle.internal.operations.DefaultBuildOperationRunner] Build operation 'Download https://dl.google.com/dl/android/maven2/org/codehaus/mojo/animal-sniffer-annotations/1.18/animal-sniffer-annotations-1.18.pom' completed
2021-06-06T09:17:14.167-0500 [DEBUG] [org.apache.http.impl.conn.PoolingHttpClientConnectionManager] Connection released: [id: 5][route: {s}->https://dl.google.com:443][total kept alive: 8; route allocated: 8 of 20; total allocated: 8 of 20]
2021-06-06T09:17:14.167-0500 [DEBUG] [org.gradle.api.internal.artifacts.repositories.resolver.ExternalResourceResolver] No meta-data file or artifact found for module 'org.codehaus.mojo:animal-sniffer-annotations:1.18' in repository 'Google'.
2021-06-06T09:17:14.167-0500 [DEBUG] [org.gradle.api.internal.artifacts.repositories.resolver.ExternalResourceResolver] No meta-data file or artifact found for module 'com.google.j2objc:j2objc-annotations:1.3' in repository 'Google'.
2021-06-06T09:17:14.168-0500 [DEBUG] [org.gradle.internal.operations.DefaultBuildOperationRunner] Build operation 'Download https://dl.google.com/dl/android/maven2/com/google/guava/listenablefuture/9999.0-empty-to-avoid-conflict-with-guava/listenablefuture-9999.0-empty-to-avoid-conflict-with-guava.pom' completed
2021-06-06T09:17:14.167-0500 [DEBUG] [org.gradle.api.internal.artifacts.ivyservice.modulecache.PersistentModuleMetadataCache] Recording absence of module descriptor in cache: org.codehaus.mojo:animal-sniffer-annotations:1.18 [changing = false]
2021-06-06T09:17:14.167-0500 [INFO] [org.gradle.internal.resource.transport.http.HttpClientHelper] Resource missing. [HTTP GET: https://dl.google.com/dl/android/maven2/com/google/guava/failureaccess/1.0.1/failureaccess-1.0.1.pom]
2021-06-06T09:17:14.168-0500 [DEBUG] [org.gradle.api.internal.artifacts.repositories.resolver.ExternalResourceResolver] No meta-data file or artifact found for module 'com.google.guava:listenablefuture:9999.0-empty-to-avoid-conflict-with-guava' in repository 'Google'.
2021-06-06T09:17:14.168-0500 [DEBUG] [org.gradle.api.internal.artifacts.ivyservice.modulecache.PersistentModuleMetadataCache] Recording absence of module descriptor in cache: com.google.j2objc:j2objc-annotations:1.3 [changing = false]
2021-06-06T09:17:14.168-0500 [DEBUG] [org.gradle.api.internal.artifacts.ivyservice.modulecache.PersistentModuleMetadataCache] Recording absence of module descriptor in cache: com.google.guava:listenablefuture:9999.0-empty-to-avoid-conflict-with-guava [changing = false]
2021-06-06T09:17:14.169-0500 [DEBUG] [org.gradle.internal.operations.DefaultBuildOperationRunner] Build operation 'Download https://dl.google.com/dl/android/maven2/com/google/guava/failureaccess/1.0.1/failureaccess-1.0.1.pom' completed
2021-06-06T09:17:14.169-0500 [DEBUG] [org.gradle.api.internal.artifacts.repositories.resolver.ExternalResourceResolver] No meta-data file or artifact found for module 'com.google.guava:failureaccess:1.0.1' in repository 'Google'.
2021-06-06T09:17:14.169-0500 [DEBUG] [org.gradle.api.internal.artifacts.ivyservice.modulecache.PersistentModuleMetadataCache] Recording absence of module descriptor in cache: com.google.guava:failureaccess:1.0.1 [changing = false]
2021-06-06T09:17:14.169-0500 [DEBUG] [org.gradle.api.internal.artifacts.repositories.resolver.DefaultExternalResourceArtifactResolver] Loading https://repo.maven.apache.org/maven2/com/google/guava/listenablefuture/9999.0-empty-to-avoid-conflict-with-guava/listenablefuture-9999.0-empty-to-avoid-conflict-with-guava.pom
2021-06-06T09:17:14.169-0500 [DEBUG] [org.gradle.api.internal.artifacts.repositories.resolver.DefaultExternalResourceArtifactResolver] Loading https://repo.maven.apache.org/maven2/com/google/j2objc/j2objc-annotations/1.3/j2objc-annotations-1.3.pom
2021-06-06T09:17:14.169-0500 [DEBUG] [org.gradle.api.internal.artifacts.repositories.resolver.DefaultExternalResourceArtifactResolver] Loading https://repo.maven.apache.org/maven2/org/codehaus/mojo/animal-sniffer-annotations/1.18/animal-sniffer-annotations-1.18.pom
2021-06-06T09:17:14.169-0500 [DEBUG] [org.gradle.api.internal.artifacts.repositories.resolver.DefaultExternalResourceArtifactResolver] Loading https://repo.maven.apache.org/maven2/com/google/guava/failureaccess/1.0.1/failureaccess-1.0.1.pom
2021-06-06T09:17:14.169-0500 [DEBUG] [org.gradle.internal.resource.transfer.DefaultCacheAwareExternalResourceAccessor] Constructing external resource: https://repo.maven.apache.org/maven2/com/google/j2objc/j2objc-annotations/1.3/j2objc-annotations-1.3.pom
2021-06-06T09:17:14.169-0500 [DEBUG] [org.gradle.internal.resource.transfer.DefaultCacheAwareExternalResourceAccessor] Constructing external resource: https://repo.maven.apache.org/maven2/com/google/guava/listenablefuture/9999.0-empty-to-avoid-conflict-with-guava/listenablefuture-9999.0-empty-to-avoid-conflict-with-guava.pom
2021-06-06T09:17:14.170-0500 [DEBUG] [org.gradle.internal.resource.transfer.DefaultCacheAwareExternalResourceAccessor] Constructing external resource: https://repo.maven.apache.org/maven2/com/google/guava/failureaccess/1.0.1/failureaccess-1.0.1.pom
2021-06-06T09:17:14.169-0500 [DEBUG] [org.gradle.internal.resource.transfer.DefaultCacheAwareExternalResourceAccessor] Constructing external resource: https://repo.maven.apache.org/maven2/org/codehaus/mojo/animal-sniffer-annotations/1.18/animal-sniffer-annotations-1.18.pom
2021-06-06T09:17:14.171-0500 [DEBUG] [org.gradle.internal.resource.transport.http.HttpResourceAccessor] Constructing external resource: https://repo.maven.apache.org/maven2/com/google/j2objc/j2objc-annotations/1.3/j2objc-annotations-1.3.pom
2021-06-06T09:17:14.171-0500 [DEBUG] [org.gradle.internal.resource.transport.http.HttpClientHelper] Performing HTTP GET: https://repo.maven.apache.org/maven2/com/google/j2objc/j2objc-annotations/1.3/j2objc-annotations-1.3.pom
2021-06-06T09:17:14.171-0500 [DEBUG] [org.apache.http.client.protocol.RequestAddCookies] CookieSpec selected: default
2021-06-06T09:17:14.171-0500 [DEBUG] [org.apache.http.client.protocol.RequestAuthCache] Auth cache not set in the context
2021-06-06T09:17:14.172-0500 [DEBUG] [org.apache.http.impl.conn.PoolingHttpClientConnectionManager] Connection request: [route: {s}->https://repo.maven.apache.org:443][total kept alive: 8; route allocated: 8 of 20; total allocated: 8 of 20]
2021-06-06T09:17:14.172-0500 [DEBUG] [org.gradle.internal.resource.transport.http.HttpResourceAccessor] Constructing external resource: https://repo.maven.apache.org/maven2/com/google/guava/failureaccess/1.0.1/failureaccess-1.0.1.pom
2021-06-06T09:17:14.172-0500 [DEBUG] [org.gradle.internal.resource.transport.http.HttpResourceAccessor] Constructing external resource: https://repo.maven.apache.org/maven2/com/google/guava/listenablefuture/9999.0-empty-to-avoid-conflict-with-guava/listenablefuture-9999.0-empty-to-avoid-conflict-with-guava.pom
2021-06-06T09:17:14.172-0500 [DEBUG] [org.gradle.internal.resource.transport.http.HttpClientHelper] Performing HTTP GET: https://repo.maven.apache.org/maven2/com/google/guava/failureaccess/1.0.1/failureaccess-1.0.1.pom
2021-06-06T09:17:14.172-0500 [DEBUG] [org.apache.http.impl.conn.PoolingHttpClientConnectionManager] Connection leased: [id: 12][route: {s}->https://repo.maven.apache.org:443][total kept alive: 7; route allocated: 8 of 20; total allocated: 8 of 20]
2021-06-06T09:17:14.172-0500 [DEBUG] [org.gradle.internal.resource.transport.http.HttpResourceAccessor] Constructing external resource: https://repo.maven.apache.org/maven2/org/codehaus/mojo/animal-sniffer-annotations/1.18/animal-sniffer-annotations-1.18.pom
2021-06-06T09:17:14.172-0500 [DEBUG] [org.apache.http.client.protocol.RequestAddCookies] CookieSpec selected: default
2021-06-06T09:17:14.172-0500 [DEBUG] [org.apache.http.impl.conn.DefaultManagedHttpClientConnection] http-outgoing-12: set socket timeout to 30000
2021-06-06T09:17:14.172-0500 [DEBUG] [org.gradle.internal.resource.transport.http.HttpClientHelper] Performing HTTP GET: https://repo.maven.apache.org/maven2/com/google/guava/listenablefuture/9999.0-empty-to-avoid-conflict-with-guava/listenablefuture-9999.0-empty-to-avoid-conflict-with-guava.pom
2021-06-06T09:17:14.173-0500 [DEBUG] [org.apache.http.impl.conn.DefaultManagedHttpClientConnection] http-outgoing-12: set socket timeout to 30000
2021-06-06T09:17:14.173-0500 [DEBUG] [org.apache.http.client.protocol.RequestAddCookies] CookieSpec selected: default
2021-06-06T09:17:14.173-0500 [DEBUG] [org.apache.http.client.protocol.RequestAuthCache] Auth cache not set in the context
2021-06-06T09:17:14.172-0500 [DEBUG] [org.gradle.internal.resource.transport.http.HttpClientHelper] Performing HTTP GET: https://repo.maven.apache.org/maven2/org/codehaus/mojo/animal-sniffer-annotations/1.18/animal-sniffer-annotations-1.18.pom
2021-06-06T09:17:14.173-0500 [DEBUG] [org.apache.http.impl.conn.PoolingHttpClientConnectionManager] Connection request: [route: {s}->https://repo.maven.apache.org:443][total kept alive: 7; route allocated: 8 of 20; total allocated: 8 of 20]
2021-06-06T09:17:14.173-0500 [DEBUG] [org.apache.http.client.protocol.RequestAuthCache] Auth cache not set in the context
2021-06-06T09:17:14.173-0500 [DEBUG] [org.apache.http.impl.execchain.MainClientExec] Executing request GET /maven2/com/google/j2objc/j2objc-annotations/1.3/j2objc-annotations-1.3.pom HTTP/1.1
2021-06-06T09:17:14.174-0500 [DEBUG] [org.apache.http.impl.conn.PoolingHttpClientConnectionManager] Connection request: [route: {s}->https://repo.maven.apache.org:443][total kept alive: 6; route allocated: 8 of 20; total allocated: 8 of 20]
2021-06-06T09:17:14.173-0500 [DEBUG] [org.apache.http.impl.conn.PoolingHttpClientConnectionManager] Connection leased: [id: 10][route: {s}->https://repo.maven.apache.org:443][total kept alive: 6; route allocated: 8 of 20; total allocated: 8 of 20]
2021-06-06T09:17:14.173-0500 [DEBUG] [org.apache.http.client.protocol.RequestAddCookies] CookieSpec selected: default
2021-06-06T09:17:14.174-0500 [DEBUG] [org.apache.http.impl.conn.DefaultManagedHttpClientConnection] http-outgoing-10: set socket timeout to 30000
2021-06-06T09:17:14.174-0500 [DEBUG] [org.apache.http.impl.conn.PoolingHttpClientConnectionManager] Connection leased: [id: 14][route: {s}->https://repo.maven.apache.org:443][total kept alive: 5; route allocated: 8 of 20; total allocated: 8 of 20]
2021-06-06T09:17:14.174-0500 [DEBUG] [org.apache.http.impl.execchain.MainClientExec] Target auth state: UNCHALLENGED
2021-06-06T09:17:14.174-0500 [DEBUG] [org.apache.http.impl.conn.DefaultManagedHttpClientConnection] http-outgoing-14: set socket timeout to 30000
2021-06-06T09:17:14.174-0500 [DEBUG] [org.apache.http.impl.conn.DefaultManagedHttpClientConnection] http-outgoing-10: set socket timeout to 30000
2021-06-06T09:17:14.174-0500 [DEBUG] [org.apache.http.client.protocol.RequestAuthCache] Auth cache not set in the context
2021-06-06T09:17:14.175-0500 [DEBUG] [org.apache.http.impl.execchain.MainClientExec] Executing request GET /maven2/com/google/guava/failureaccess/1.0.1/failureaccess-1.0.1.pom HTTP/1.1
2021-06-06T09:17:14.175-0500 [DEBUG] [org.apache.http.impl.execchain.MainClientExec] Target auth state: UNCHALLENGED
2021-06-06T09:17:14.175-0500 [DEBUG] [org.apache.http.impl.execchain.MainClientExec] Proxy auth state: UNCHALLENGED
2021-06-06T09:17:14.174-0500 [DEBUG] [org.apache.http.impl.conn.DefaultManagedHttpClientConnection] http-outgoing-14: set socket timeout to 30000
2021-06-06T09:17:14.174-0500 [DEBUG] [org.apache.http.impl.execchain.MainClientExec] Proxy auth state: UNCHALLENGED
2021-06-06T09:17:14.175-0500 [DEBUG] [org.apache.http.impl.execchain.MainClientExec] Executing request GET /maven2/com/google/guava/listenablefuture/9999.0-empty-to-avoid-conflict-with-guava/listenablefuture-9999.0-empty-to-avoid-conflict-with-guava.pom HTTP/1.1
2021-06-06T09:17:14.175-0500 [DEBUG] [org.apache.http.impl.execchain.MainClientExec] Target auth state: UNCHALLENGED
2021-06-06T09:17:14.175-0500 [DEBUG] [org.apache.http.impl.execchain.MainClientExec] Proxy auth state: UNCHALLENGED
2021-06-06T09:17:14.175-0500 [DEBUG] [org.apache.http.impl.conn.PoolingHttpClientConnectionManager] Connection request: [route: {s}->https://repo.maven.apache.org:443][total kept alive: 5; route allocated: 8 of 20; total allocated: 8 of 20]
2021-06-06T09:17:14.177-0500 [DEBUG] [org.apache.http.impl.conn.PoolingHttpClientConnectionManager] Connection leased: [id: 11][route: {s}->https://repo.maven.apache.org:443][total kept alive: 4; route allocated: 8 of 20; total allocated: 8 of 20]
2021-06-06T09:17:14.177-0500 [DEBUG] [org.apache.http.impl.conn.DefaultManagedHttpClientConnection] http-outgoing-11: set socket timeout to 30000
2021-06-06T09:17:14.177-0500 [DEBUG] [org.apache.http.impl.conn.DefaultManagedHttpClientConnection] http-outgoing-11: set socket timeout to 30000
2021-06-06T09:17:14.177-0500 [DEBUG] [org.apache.http.impl.execchain.MainClientExec] Executing request GET /maven2/org/codehaus/mojo/animal-sniffer-annotations/1.18/animal-sniffer-annotations-1.18.pom HTTP/1.1
2021-06-06T09:17:14.177-0500 [DEBUG] [org.apache.http.impl.execchain.MainClientExec] Target auth state: UNCHALLENGED
2021-06-06T09:17:14.177-0500 [DEBUG] [org.apache.http.impl.execchain.MainClientExec] Proxy auth state: UNCHALLENGED
2021-06-06T09:17:14.195-0500 [DEBUG] [org.apache.http.impl.execchain.MainClientExec] Connection can be kept alive indefinitely
2021-06-06T09:17:14.195-0500 [DEBUG] [org.apache.http.impl.execchain.MainClientExec] Connection can be kept alive indefinitely
2021-06-06T09:17:14.195-0500 [DEBUG] [org.apache.http.impl.execchain.MainClientExec] Connection can be kept alive indefinitely
2021-06-06T09:17:14.196-0500 [DEBUG] [org.gradle.internal.resource.transport.http.HttpResponseResource] Attempting to download resource https://repo.maven.apache.org/maven2/com/google/guava/listenablefuture/9999.0-empty-to-avoid-conflict-with-guava/listenablefuture-9999.0-empty-to-avoid-conflict-with-guava.pom.
2021-06-06T09:17:14.196-0500 [DEBUG] [org.gradle.internal.resource.transport.http.HttpResponseResource] Attempting to download resource https://repo.maven.apache.org/maven2/com/google/guava/failureaccess/1.0.1/failureaccess-1.0.1.pom.
2021-06-06T09:17:14.196-0500 [DEBUG] [org.gradle.internal.resource.transport.http.HttpResponseResource] Attempting to download resource https://repo.maven.apache.org/maven2/com/google/j2objc/j2objc-annotations/1.3/j2objc-annotations-1.3.pom.
2021-06-06T09:17:14.199-0500 [INFO] [org.gradle.internal.resource.transfer.DefaultCacheAwareExternalResourceAccessor] Downloading https://repo.maven.apache.org/maven2/com/google/guava/failureaccess/1.0.1/failureaccess-1.0.1.pom to C:\Users\gathi\AppData\Local\Temp\gradle_download13853819650289583575bin
2021-06-06T09:17:14.199-0500 [INFO] [org.gradle.internal.resource.transfer.DefaultCacheAwareExternalResourceAccessor] Downloading https://repo.maven.apache.org/maven2/com/google/j2objc/j2objc-annotations/1.3/j2objc-annotations-1.3.pom to C:\Users\gathi\AppData\Local\Temp\gradle_download10332523829895573448bin
2021-06-06T09:17:14.199-0500 [INFO] [org.gradle.internal.resource.transfer.DefaultCacheAwareExternalResourceAccessor] Downloading https://repo.maven.apache.org/maven2/com/google/guava/listenablefuture/9999.0-empty-to-avoid-conflict-with-guava/listenablefuture-9999.0-empty-to-avoid-conflict-with-guava.pom to C:\Users\gathi\AppData\Local\Temp\gradle_download11455831274805963867bin
2021-06-06T09:17:14.200-0500 [DEBUG] [org.apache.http.impl.conn.PoolingHttpClientConnectionManager] Connection [id: 12][route: {s}->https://repo.maven.apache.org:443] can be kept alive indefinitely
2021-06-06T09:17:14.201-0500 [DEBUG] [org.apache.http.impl.conn.DefaultManagedHttpClientConnection] http-outgoing-12: set socket timeout to 0
2021-06-06T09:17:14.200-0500 [DEBUG] [org.apache.http.impl.conn.PoolingHttpClientConnectionManager] Connection [id: 10][route: {s}->https://repo.maven.apache.org:443] can be kept alive indefinitely
2021-06-06T09:17:14.201-0500 [DEBUG] [org.apache.http.impl.conn.DefaultManagedHttpClientConnection] http-outgoing-10: set socket timeout to 0
2021-06-06T09:17:14.201-0500 [DEBUG] [org.apache.http.impl.conn.PoolingHttpClientConnectionManager] Connection released: [id: 12][route: {s}->https://repo.maven.apache.org:443][total kept alive: 5; route allocated: 8 of 20; total allocated: 8 of 20]
2021-06-06T09:17:14.201-0500 [DEBUG] [org.apache.http.impl.conn.PoolingHttpClientConnectionManager] Connection released: [id: 10][route: {s}->https://repo.maven.apache.org:443][total kept alive: 6; route allocated: 8 of 20; total allocated: 8 of 20]
2021-06-06T09:17:14.201-0500 [DEBUG] [org.apache.http.impl.conn.PoolingHttpClientConnectionManager] Connection [id: 14][route: {s}->https://repo.maven.apache.org:443] can be kept alive indefinitely
2021-06-06T09:17:14.201-0500 [DEBUG] [org.apache.http.impl.conn.DefaultManagedHttpClientConnection] http-outgoing-14: set socket timeout to 0
2021-06-06T09:17:14.201-0500 [DEBUG] [org.apache.http.impl.conn.PoolingHttpClientConnectionManager] Connection released: [id: 14][route: {s}->https://repo.maven.apache.org:443][total kept alive: 7; route allocated: 8 of 20; total allocated: 8 of 20]
2021-06-06T09:17:14.202-0500 [DEBUG] [org.gradle.internal.operations.DefaultBuildOperationRunner] Build operation 'Download https://repo.maven.apache.org/maven2/com/google/guava/failureaccess/1.0.1/failureaccess-1.0.1.pom' completed
2021-06-06T09:17:14.202-0500 [DEBUG] [org.gradle.internal.operations.DefaultBuildOperationRunner] Build operation 'Download https://repo.maven.apache.org/maven2/com/google/j2objc/j2objc-annotations/1.3/j2objc-annotations-1.3.pom' completed
2021-06-06T09:17:14.202-0500 [DEBUG] [org.gradle.internal.operations.DefaultBuildOperationRunner] Build operation 'Download https://repo.maven.apache.org/maven2/com/google/guava/listenablefuture/9999.0-empty-to-avoid-conflict-with-guava/listenablefuture-9999.0-empty-to-avoid-conflict-with-guava.pom' completed
2021-06-06T09:17:14.203-0500 [DEBUG] [org.apache.http.impl.execchain.MainClientExec] Connection can be kept alive indefinitely
2021-06-06T09:17:14.203-0500 [DEBUG] [org.gradle.internal.resource.transport.http.HttpResponseResource] Attempting to download resource https://repo.maven.apache.org/maven2/org/codehaus/mojo/animal-sniffer-annotations/1.18/animal-sniffer-annotations-1.18.pom.
2021-06-06T09:17:14.205-0500 [INFO] [org.gradle.internal.resource.transfer.DefaultCacheAwareExternalResourceAccessor] Downloading https://repo.maven.apache.org/maven2/org/codehaus/mojo/animal-sniffer-annotations/1.18/animal-sniffer-annotations-1.18.pom to C:\Users\gathi\AppData\Local\Temp\gradle_download12650636631150728678bin
2021-06-06T09:17:14.206-0500 [DEBUG] [org.apache.http.impl.conn.PoolingHttpClientConnectionManager] Connection [id: 11][route: {s}->https://repo.maven.apache.org:443] can be kept alive indefinitely
2021-06-06T09:17:14.206-0500 [DEBUG] [org.apache.http.impl.conn.DefaultManagedHttpClientConnection] http-outgoing-11: set socket timeout to 0
2021-06-06T09:17:14.207-0500 [DEBUG] [org.apache.http.impl.conn.PoolingHttpClientConnectionManager] Connection released: [id: 11][route: {s}->https://repo.maven.apache.org:443][total kept alive: 8; route allocated: 8 of 20; total allocated: 8 of 20]
2021-06-06T09:17:14.207-0500 [DEBUG] [org.gradle.internal.operations.DefaultBuildOperationRunner] Build operation 'Download https://repo.maven.apache.org/maven2/org/codehaus/mojo/animal-sniffer-annotations/1.18/animal-sniffer-annotations-1.18.pom' completed
2021-06-06T09:17:14.211-0500 [DEBUG] [org.gradle.api.internal.artifacts.ivyservice.ivyresolve.RepositoryChainComponentMetaDataResolver] Attempting to resolve component for com.google.guava:guava-parent:26.0-android using repositories [Google, MavenRepo]
2021-06-06T09:17:14.218-0500 [DEBUG] [org.gradle.api.internal.artifacts.ivyservice.ivyresolve.RepositoryChainComponentMetaDataResolver] Attempting to resolve component for org.sonatype.oss:oss-parent:7 using repositories [Google, MavenRepo]
2021-06-06T09:17:14.218-0500 [DEBUG] [org.gradle.api.internal.artifacts.ivyservice.ivyresolve.CachingModuleComponentRepository] Detected non-existence of module 'org.sonatype.oss:oss-parent:7' in resolver cache 'Google'
2021-06-06T09:17:14.219-0500 [DEBUG] [org.gradle.api.internal.artifacts.ivyservice.ivyresolve.CachingModuleComponentRepository] Using cached module metadata for module 'org.sonatype.oss:oss-parent:7' in 'MavenRepo'
2021-06-06T09:17:14.219-0500 [DEBUG] [org.gradle.api.internal.artifacts.ivyservice.ivyresolve.RepositoryChainComponentMetaDataResolver] Using org.sonatype.oss:oss-parent:7 from Maven repository 'MavenRepo'
2021-06-06T09:17:14.219-0500 [DEBUG] [org.gradle.api.internal.artifacts.ivyservice.ivyresolve.CachingModuleComponentRepository] Found artifact 'oss-parent-7.pom (org.sonatype.oss:oss-parent:7)' in resolver cache: C:\Users\gathi\.gradle\caches\modules-2\files-2.1\org.sonatype.oss\oss-parent\7\46b8a785b60a2767095b8611613b58577e96d4c9\oss-parent-7.pom
2021-06-06T09:17:14.223-0500 [DEBUG] [org.gradle.api.internal.artifacts.repositories.resolver.ExternalResourceResolver] Metadata file found for module 'com.google.j2objc:j2objc-annotations:1.3' in repository 'MavenRepo'.
2021-06-06T09:17:14.223-0500 [DEBUG] [org.gradle.api.internal.artifacts.ivyservice.modulecache.PersistentModuleMetadataCache] Recording module descriptor in cache: com.google.j2objc:j2objc-annotations:1.3 [changing = false]
2021-06-06T09:17:14.226-0500 [DEBUG] [org.gradle.api.internal.artifacts.ivyservice.ivyresolve.RepositoryChainComponentMetaDataResolver] Attempting to resolve component for com.google.guava:guava-parent:26.0-android using repositories [Google, MavenRepo]
2021-06-06T09:17:14.231-0500 [DEBUG] [org.gradle.api.internal.artifacts.repositories.resolver.DefaultExternalResourceArtifactResolver] Loading https://dl.google.com/dl/android/maven2/com/google/guava/guava-parent/26.0-android/guava-parent-26.0-android.pom
2021-06-06T09:17:14.231-0500 [DEBUG] [org.gradle.api.internal.artifacts.repositories.resolver.DefaultExternalResourceArtifactResolver] Loading https://dl.google.com/dl/android/maven2/com/google/guava/guava-parent/26.0-android/guava-parent-26.0-android.pom
2021-06-06T09:17:14.231-0500 [DEBUG] [org.gradle.internal.resource.transfer.DefaultCacheAwareExternalResourceAccessor] Constructing external resource: https://dl.google.com/dl/android/maven2/com/google/guava/guava-parent/26.0-android/guava-parent-26.0-android.pom
2021-06-06T09:17:14.233-0500 [DEBUG] [org.gradle.api.internal.artifacts.ivyservice.ivyresolve.RepositoryChainComponentMetaDataResolver] Attempting to resolve component for org.codehaus.mojo:animal-sniffer-parent:1.18 using repositories [Google, MavenRepo]
2021-06-06T09:17:14.236-0500 [DEBUG] [org.gradle.api.internal.artifacts.ivyservice.ivyresolve.RepositoryChainComponentMetaDataResolver] Using com.google.j2objc:j2objc-annotations:1.3 from Maven repository 'MavenRepo'
2021-06-06T09:17:14.236-0500 [DEBUG] [org.gradle.api.internal.artifacts.repositories.resolver.DefaultExternalResourceArtifactResolver] Loading https://dl.google.com/dl/android/maven2/org/codehaus/mojo/animal-sniffer-parent/1.18/animal-sniffer-parent-1.18.pom
2021-06-06T09:17:14.236-0500 [DEBUG] [org.gradle.internal.resource.transfer.DefaultCacheAwareExternalResourceAccessor] Constructing external resource: https://dl.google.com/dl/android/maven2/org/codehaus/mojo/animal-sniffer-parent/1.18/animal-sniffer-parent-1.18.pom
2021-06-06T09:17:14.238-0500 [DEBUG] [org.gradle.internal.resource.transport.http.HttpResourceAccessor] Constructing external resource: https://dl.google.com/dl/android/maven2/org/codehaus/mojo/animal-sniffer-parent/1.18/animal-sniffer-parent-1.18.pom
2021-06-06T09:17:14.238-0500 [DEBUG] [org.gradle.internal.resource.transport.http.HttpClientHelper] Performing HTTP GET: https://dl.google.com/dl/android/maven2/org/codehaus/mojo/animal-sniffer-parent/1.18/animal-sniffer-parent-1.18.pom
2021-06-06T09:17:14.238-0500 [DEBUG] [org.gradle.internal.resource.transport.http.HttpResourceAccessor] Constructing external resource: https://dl.google.com/dl/android/maven2/com/google/guava/guava-parent/26.0-android/guava-parent-26.0-android.pom
2021-06-06T09:17:14.238-0500 [DEBUG] [org.gradle.internal.resource.transport.http.HttpClientHelper] Performing HTTP GET: https://dl.google.com/dl/android/maven2/com/google/guava/guava-parent/26.0-android/guava-parent-26.0-android.pom
2021-06-06T09:17:14.238-0500 [DEBUG] [org.apache.http.client.protocol.RequestAddCookies] CookieSpec selected: default
2021-06-06T09:17:14.238-0500 [DEBUG] [org.apache.http.client.protocol.RequestAddCookies] CookieSpec selected: default
2021-06-06T09:17:14.238-0500 [DEBUG] [org.apache.http.client.protocol.RequestAuthCache] Auth cache not set in the context
2021-06-06T09:17:14.238-0500 [DEBUG] [org.apache.http.client.protocol.RequestAuthCache] Auth cache not set in the context
2021-06-06T09:17:14.238-0500 [DEBUG] [org.apache.http.impl.conn.PoolingHttpClientConnectionManager] Connection request: [route: {s}->https://dl.google.com:443][total kept alive: 8; route allocated: 8 of 20; total allocated: 8 of 20]
2021-06-06T09:17:14.239-0500 [DEBUG] [org.apache.http.impl.conn.PoolingHttpClientConnectionManager] Connection request: [route: {s}->https://dl.google.com:443][total kept alive: 8; route allocated: 8 of 20; total allocated: 8 of 20]
2021-06-06T09:17:14.239-0500 [DEBUG] [org.apache.http.impl.conn.PoolingHttpClientConnectionManager] Connection leased: [id: 5][route: {s}->https://dl.google.com:443][total kept alive: 7; route allocated: 8 of 20; total allocated: 8 of 20]
2021-06-06T09:17:14.239-0500 [DEBUG] [org.apache.http.impl.conn.DefaultManagedHttpClientConnection] http-outgoing-5: set socket timeout to 30000
2021-06-06T09:17:14.239-0500 [DEBUG] [org.apache.http.impl.conn.PoolingHttpClientConnectionManager] Connection leased: [id: 4][route: {s}->https://dl.google.com:443][total kept alive: 6; route allocated: 8 of 20; total allocated: 8 of 20]
2021-06-06T09:17:14.239-0500 [DEBUG] [org.apache.http.impl.conn.DefaultManagedHttpClientConnection] http-outgoing-4: set socket timeout to 30000
2021-06-06T09:17:14.239-0500 [DEBUG] [org.apache.http.impl.conn.DefaultManagedHttpClientConnection] http-outgoing-5: set socket timeout to 30000
2021-06-06T09:17:14.239-0500 [DEBUG] [org.apache.http.impl.conn.DefaultManagedHttpClientConnection] http-outgoing-4: set socket timeout to 30000
2021-06-06T09:17:14.239-0500 [DEBUG] [org.apache.http.impl.execchain.MainClientExec] Executing request GET /dl/android/maven2/com/google/guava/guava-parent/26.0-android/guava-parent-26.0-android.pom HTTP/1.1
2021-06-06T09:17:14.240-0500 [DEBUG] [org.apache.http.impl.execchain.MainClientExec] Target auth state: UNCHALLENGED
2021-06-06T09:17:14.240-0500 [DEBUG] [org.apache.http.impl.execchain.MainClientExec] Proxy auth state: UNCHALLENGED
2021-06-06T09:17:14.239-0500 [DEBUG] [org.apache.http.impl.execchain.MainClientExec] Executing request GET /dl/android/maven2/org/codehaus/mojo/animal-sniffer-parent/1.18/animal-sniffer-parent-1.18.pom HTTP/1.1
2021-06-06T09:17:14.240-0500 [DEBUG] [org.apache.http.impl.execchain.MainClientExec] Target auth state: UNCHALLENGED
2021-06-06T09:17:14.240-0500 [DEBUG] [org.apache.http.impl.execchain.MainClientExec] Proxy auth state: UNCHALLENGED
2021-06-06T09:17:14.287-0500 [DEBUG] [org.apache.http.impl.execchain.MainClientExec] Connection can be kept alive indefinitely
2021-06-06T09:17:14.287-0500 [DEBUG] [org.apache.http.impl.execchain.MainClientExec] Connection can be kept alive indefinitely
2021-06-06T09:17:14.287-0500 [DEBUG] [org.apache.http.impl.conn.PoolingHttpClientConnectionManager] Connection [id: 4][route: {s}->https://dl.google.com:443] can be kept alive indefinitely
2021-06-06T09:17:14.287-0500 [DEBUG] [org.apache.http.impl.conn.DefaultManagedHttpClientConnection] http-outgoing-4: set socket timeout to 0
2021-06-06T09:17:14.287-0500 [DEBUG] [org.apache.http.impl.conn.PoolingHttpClientConnectionManager] Connection [id: 5][route: {s}->https://dl.google.com:443] can be kept alive indefinitely
2021-06-06T09:17:14.287-0500 [DEBUG] [org.apache.http.impl.conn.DefaultManagedHttpClientConnection] http-outgoing-5: set socket timeout to 0
2021-06-06T09:17:14.287-0500 [DEBUG] [org.apache.http.impl.conn.PoolingHttpClientConnectionManager] Connection released: [id: 4][route: {s}->https://dl.google.com:443][total kept alive: 7; route allocated: 8 of 20; total allocated: 8 of 20]
2021-06-06T09:17:14.287-0500 [DEBUG] [org.apache.http.impl.conn.PoolingHttpClientConnectionManager] Connection released: [id: 5][route: {s}->https://dl.google.com:443][total kept alive: 8; route allocated: 8 of 20; total allocated: 8 of 20]
2021-06-06T09:17:14.288-0500 [INFO] [org.gradle.internal.resource.transport.http.HttpClientHelper] Resource missing. [HTTP GET: https://dl.google.com/dl/android/maven2/com/google/guava/guava-parent/26.0-android/guava-parent-26.0-android.pom]
2021-06-06T09:17:14.288-0500 [INFO] [org.gradle.internal.resource.transport.http.HttpClientHelper] Resource missing. [HTTP GET: https://dl.google.com/dl/android/maven2/org/codehaus/mojo/animal-sniffer-parent/1.18/animal-sniffer-parent-1.18.pom]
2021-06-06T09:17:14.288-0500 [DEBUG] [org.gradle.internal.operations.DefaultBuildOperationRunner] Build operation 'Download https://dl.google.com/dl/android/maven2/com/google/guava/guava-parent/26.0-android/guava-parent-26.0-android.pom' completed
2021-06-06T09:17:14.288-0500 [DEBUG] [org.gradle.internal.operations.DefaultBuildOperationRunner] Build operation 'Download https://dl.google.com/dl/android/maven2/org/codehaus/mojo/animal-sniffer-parent/1.18/animal-sniffer-parent-1.18.pom' completed
2021-06-06T09:17:14.288-0500 [DEBUG] [org.gradle.internal.resource.transfer.DefaultCacheAwareExternalResourceAccessor] Constructing external resource: https://dl.google.com/dl/android/maven2/com/google/guava/guava-parent/26.0-android/guava-parent-26.0-android.pom
2021-06-06T09:17:14.288-0500 [DEBUG] [org.gradle.api.internal.artifacts.repositories.resolver.ExternalResourceResolver] No meta-data file or artifact found for module 'com.google.guava:guava-parent:26.0-android' in repository 'Google'.
2021-06-06T09:17:14.288-0500 [DEBUG] [org.gradle.api.internal.artifacts.repositories.resolver.ExternalResourceResolver] No meta-data file or artifact found for module 'org.codehaus.mojo:animal-sniffer-parent:1.18' in repository 'Google'.
2021-06-06T09:17:14.289-0500 [DEBUG] [org.gradle.api.internal.artifacts.ivyservice.modulecache.PersistentModuleMetadataCache] Recording absence of module descriptor in cache: org.codehaus.mojo:animal-sniffer-parent:1.18 [changing = false]
2021-06-06T09:17:14.289-0500 [DEBUG] [org.gradle.api.internal.artifacts.ivyservice.modulecache.PersistentModuleMetadataCache] Recording absence of module descriptor in cache: com.google.guava:guava-parent:26.0-android [changing = false]
2021-06-06T09:17:14.289-0500 [DEBUG] [org.gradle.api.internal.artifacts.repositories.resolver.DefaultExternalResourceArtifactResolver] Loading https://repo.maven.apache.org/maven2/org/codehaus/mojo/animal-sniffer-parent/1.18/animal-sniffer-parent-1.18.pom
2021-06-06T09:17:14.289-0500 [DEBUG] [org.gradle.internal.resource.transfer.DefaultCacheAwareExternalResourceAccessor] Constructing external resource: https://repo.maven.apache.org/maven2/org/codehaus/mojo/animal-sniffer-parent/1.18/animal-sniffer-parent-1.18.pom
2021-06-06T09:17:14.290-0500 [DEBUG] [org.gradle.api.internal.artifacts.repositories.resolver.DefaultExternalResourceArtifactResolver] Loading https://repo.maven.apache.org/maven2/com/google/guava/guava-parent/26.0-android/guava-parent-26.0-android.pom
2021-06-06T09:17:14.290-0500 [DEBUG] [org.gradle.internal.resource.transfer.DefaultCacheAwareExternalResourceAccessor] Constructing external resource: https://repo.maven.apache.org/maven2/com/google/guava/guava-parent/26.0-android/guava-parent-26.0-android.pom
2021-06-06T09:17:14.291-0500 [DEBUG] [org.gradle.internal.resource.transport.http.HttpResourceAccessor] Constructing external resource: https://dl.google.com/dl/android/maven2/com/google/guava/guava-parent/26.0-android/guava-parent-26.0-android.pom
2021-06-06T09:17:14.291-0500 [DEBUG] [org.gradle.internal.resource.transport.http.HttpClientHelper] Performing HTTP GET: https://dl.google.com/dl/android/maven2/com/google/guava/guava-parent/26.0-android/guava-parent-26.0-android.pom
2021-06-06T09:17:14.291-0500 [DEBUG] [org.gradle.internal.resource.transport.http.HttpResourceAccessor] Constructing external resource: https://repo.maven.apache.org/maven2/org/codehaus/mojo/animal-sniffer-parent/1.18/animal-sniffer-parent-1.18.pom
2021-06-06T09:17:14.291-0500 [DEBUG] [org.apache.http.client.protocol.RequestAddCookies] CookieSpec selected: default
2021-06-06T09:17:14.291-0500 [DEBUG] [org.gradle.internal.resource.transport.http.HttpClientHelper] Performing HTTP GET: https://repo.maven.apache.org/maven2/org/codehaus/mojo/animal-sniffer-parent/1.18/animal-sniffer-parent-1.18.pom
2021-06-06T09:17:14.291-0500 [DEBUG] [org.apache.http.client.protocol.RequestAuthCache] Auth cache not set in the context
2021-06-06T09:17:14.291-0500 [DEBUG] [org.apache.http.client.protocol.RequestAddCookies] CookieSpec selected: default
2021-06-06T09:17:14.291-0500 [DEBUG] [org.apache.http.impl.conn.PoolingHttpClientConnectionManager] Connection request: [route: {s}->https://dl.google.com:443][total kept alive: 8; route allocated: 8 of 20; total allocated: 8 of 20]
2021-06-06T09:17:14.291-0500 [DEBUG] [org.apache.http.client.protocol.RequestAuthCache] Auth cache not set in the context
2021-06-06T09:17:14.292-0500 [DEBUG] [org.apache.http.impl.conn.PoolingHttpClientConnectionManager] Connection request: [route: {s}->https://repo.maven.apache.org:443][total kept alive: 8; route allocated: 8 of 20; total allocated: 8 of 20]
2021-06-06T09:17:14.292-0500 [DEBUG] [org.gradle.internal.resource.transport.http.HttpResourceAccessor] Constructing external resource: https://repo.maven.apache.org/maven2/com/google/guava/guava-parent/26.0-android/guava-parent-26.0-android.pom
2021-06-06T09:17:14.292-0500 [DEBUG] [org.apache.http.impl.conn.PoolingHttpClientConnectionManager] Connection leased: [id: 5][route: {s}->https://dl.google.com:443][total kept alive: 7; route allocated: 8 of 20; total allocated: 8 of 20]
2021-06-06T09:17:14.292-0500 [DEBUG] [org.gradle.internal.resource.transport.http.HttpClientHelper] Performing HTTP GET: https://repo.maven.apache.org/maven2/com/google/guava/guava-parent/26.0-android/guava-parent-26.0-android.pom
2021-06-06T09:17:14.292-0500 [DEBUG] [org.apache.http.impl.conn.PoolingHttpClientConnectionManager] Connection leased: [id: 11][route: {s}->https://repo.maven.apache.org:443][total kept alive: 7; route allocated: 8 of 20; total allocated: 8 of 20]
2021-06-06T09:17:14.292-0500 [DEBUG] [org.apache.http.impl.conn.DefaultManagedHttpClientConnection] http-outgoing-11: set socket timeout to 30000
2021-06-06T09:17:14.292-0500 [DEBUG] [org.apache.http.impl.conn.DefaultManagedHttpClientConnection] http-outgoing-5: set socket timeout to 30000
2021-06-06T09:17:14.292-0500 [DEBUG] [org.apache.http.impl.conn.DefaultManagedHttpClientConnection] http-outgoing-11: set socket timeout to 30000
2021-06-06T09:17:14.292-0500 [DEBUG] [org.apache.http.client.protocol.RequestAddCookies] CookieSpec selected: default
2021-06-06T09:17:14.292-0500 [DEBUG] [org.apache.http.impl.execchain.MainClientExec] Executing request GET /maven2/org/codehaus/mojo/animal-sniffer-parent/1.18/animal-sniffer-parent-1.18.pom HTTP/1.1
2021-06-06T09:17:14.292-0500 [DEBUG] [org.apache.http.impl.conn.DefaultManagedHttpClientConnection] http-outgoing-5: set socket timeout to 30000
2021-06-06T09:17:14.292-0500 [DEBUG] [org.apache.http.impl.execchain.MainClientExec] Target auth state: UNCHALLENGED
2021-06-06T09:17:14.292-0500 [DEBUG] [org.apache.http.client.protocol.RequestAuthCache] Auth cache not set in the context
2021-06-06T09:17:14.293-0500 [DEBUG] [org.apache.http.impl.execchain.MainClientExec] Proxy auth state: UNCHALLENGED
2021-06-06T09:17:14.293-0500 [DEBUG] [org.apache.http.impl.execchain.MainClientExec] Executing request GET /dl/android/maven2/com/google/guava/guava-parent/26.0-android/guava-parent-26.0-android.pom HTTP/1.1
2021-06-06T09:17:14.293-0500 [DEBUG] [org.apache.http.impl.execchain.MainClientExec] Target auth state: UNCHALLENGED
2021-06-06T09:17:14.293-0500 [DEBUG] [org.apache.http.impl.execchain.MainClientExec] Proxy auth state: UNCHALLENGED
2021-06-06T09:17:14.293-0500 [DEBUG] [org.apache.http.impl.conn.PoolingHttpClientConnectionManager] Connection request: [route: {s}->https://repo.maven.apache.org:443][total kept alive: 7; route allocated: 8 of 20; total allocated: 8 of 20]
2021-06-06T09:17:14.293-0500 [DEBUG] [org.apache.http.impl.conn.PoolingHttpClientConnectionManager] Connection leased: [id: 14][route: {s}->https://repo.maven.apache.org:443][total kept alive: 6; route allocated: 8 of 20; total allocated: 8 of 20]
2021-06-06T09:17:14.293-0500 [DEBUG] [org.apache.http.impl.conn.DefaultManagedHttpClientConnection] http-outgoing-14: set socket timeout to 30000
2021-06-06T09:17:14.293-0500 [DEBUG] [org.apache.http.impl.conn.DefaultManagedHttpClientConnection] http-outgoing-14: set socket timeout to 30000
2021-06-06T09:17:14.293-0500 [DEBUG] [org.apache.http.impl.execchain.MainClientExec] Executing request GET /maven2/com/google/guava/guava-parent/26.0-android/guava-parent-26.0-android.pom HTTP/1.1
2021-06-06T09:17:14.294-0500 [DEBUG] [org.apache.http.impl.execchain.MainClientExec] Target auth state: UNCHALLENGED
2021-06-06T09:17:14.294-0500 [DEBUG] [org.apache.http.impl.execchain.MainClientExec] Proxy auth state: UNCHALLENGED
2021-06-06T09:17:14.312-0500 [DEBUG] [org.apache.http.impl.execchain.MainClientExec] Connection can be kept alive indefinitely
2021-06-06T09:17:14.312-0500 [DEBUG] [org.gradle.internal.resource.transport.http.HttpResponseResource] Attempting to download resource https://repo.maven.apache.org/maven2/org/codehaus/mojo/animal-sniffer-parent/1.18/animal-sniffer-parent-1.18.pom.
2021-06-06T09:17:14.313-0500 [INFO] [org.gradle.internal.resource.transfer.DefaultCacheAwareExternalResourceAccessor] Downloading https://repo.maven.apache.org/maven2/org/codehaus/mojo/animal-sniffer-parent/1.18/animal-sniffer-parent-1.18.pom to C:\Users\gathi\AppData\Local\Temp\gradle_download6703040453704950052bin
2021-06-06T09:17:14.314-0500 [DEBUG] [org.apache.http.impl.conn.PoolingHttpClientConnectionManager] Connection [id: 11][route: {s}->https://repo.maven.apache.org:443] can be kept alive indefinitely
2021-06-06T09:17:14.315-0500 [DEBUG] [org.apache.http.impl.conn.DefaultManagedHttpClientConnection] http-outgoing-11: set socket timeout to 0
2021-06-06T09:17:14.315-0500 [DEBUG] [org.apache.http.impl.conn.PoolingHttpClientConnectionManager] Connection released: [id: 11][route: {s}->https://repo.maven.apache.org:443][total kept alive: 7; route allocated: 8 of 20; total allocated: 8 of 20]
2021-06-06T09:17:14.315-0500 [DEBUG] [org.gradle.internal.operations.DefaultBuildOperationRunner] Build operation 'Download https://repo.maven.apache.org/maven2/org/codehaus/mojo/animal-sniffer-parent/1.18/animal-sniffer-parent-1.18.pom' completed
2021-06-06T09:17:14.318-0500 [DEBUG] [org.apache.http.impl.execchain.MainClientExec] Connection can be kept alive indefinitely
2021-06-06T09:17:14.319-0500 [DEBUG] [org.gradle.internal.resource.transport.http.HttpResponseResource] Attempting to download resource https://repo.maven.apache.org/maven2/com/google/guava/guava-parent/26.0-android/guava-parent-26.0-android.pom.
2021-06-06T09:17:14.320-0500 [INFO] [org.gradle.internal.resource.transfer.DefaultCacheAwareExternalResourceAccessor] Downloading https://repo.maven.apache.org/maven2/com/google/guava/guava-parent/26.0-android/guava-parent-26.0-android.pom to C:\Users\gathi\AppData\Local\Temp\gradle_download16969277507614138303bin
2021-06-06T09:17:14.322-0500 [DEBUG] [org.apache.http.impl.conn.PoolingHttpClientConnectionManager] Connection [id: 14][route: {s}->https://repo.maven.apache.org:443] can be kept alive indefinitely
2021-06-06T09:17:14.322-0500 [DEBUG] [org.apache.http.impl.conn.DefaultManagedHttpClientConnection] http-outgoing-14: set socket timeout to 0
2021-06-06T09:17:14.323-0500 [DEBUG] [org.apache.http.impl.conn.PoolingHttpClientConnectionManager] Connection released: [id: 14][route: {s}->https://repo.maven.apache.org:443][total kept alive: 8; route allocated: 8 of 20; total allocated: 8 of 20]
2021-06-06T09:17:14.323-0500 [DEBUG] [org.gradle.internal.operations.DefaultBuildOperationRunner] Build operation 'Download https://repo.maven.apache.org/maven2/com/google/guava/guava-parent/26.0-android/guava-parent-26.0-android.pom' completed
2021-06-06T09:17:14.325-0500 [DEBUG] [org.gradle.api.internal.artifacts.ivyservice.ivyresolve.RepositoryChainComponentMetaDataResolver] Attempting to resolve component for org.codehaus.mojo:mojo-parent:50 using repositories [Google, MavenRepo]
2021-06-06T09:17:14.329-0500 [DEBUG] [org.gradle.api.internal.artifacts.repositories.resolver.DefaultExternalResourceArtifactResolver] Loading https://dl.google.com/dl/android/maven2/org/codehaus/mojo/mojo-parent/50/mojo-parent-50.pom
2021-06-06T09:17:14.329-0500 [DEBUG] [org.gradle.internal.resource.transfer.DefaultCacheAwareExternalResourceAccessor] Constructing external resource: https://dl.google.com/dl/android/maven2/org/codehaus/mojo/mojo-parent/50/mojo-parent-50.pom
2021-06-06T09:17:14.330-0500 [DEBUG] [org.gradle.internal.resource.transport.http.HttpResourceAccessor] Constructing external resource: https://dl.google.com/dl/android/maven2/org/codehaus/mojo/mojo-parent/50/mojo-parent-50.pom
2021-06-06T09:17:14.330-0500 [DEBUG] [org.gradle.internal.resource.transport.http.HttpClientHelper] Performing HTTP GET: https://dl.google.com/dl/android/maven2/org/codehaus/mojo/mojo-parent/50/mojo-parent-50.pom
2021-06-06T09:17:14.330-0500 [DEBUG] [org.apache.http.client.protocol.RequestAddCookies] CookieSpec selected: default
2021-06-06T09:17:14.331-0500 [DEBUG] [org.apache.http.client.protocol.RequestAuthCache] Auth cache not set in the context
2021-06-06T09:17:14.331-0500 [DEBUG] [org.apache.http.impl.conn.PoolingHttpClientConnectionManager] Connection request: [route: {s}->https://dl.google.com:443][total kept alive: 7; route allocated: 8 of 20; total allocated: 8 of 20]
2021-06-06T09:17:14.331-0500 [DEBUG] [org.apache.http.impl.conn.PoolingHttpClientConnectionManager] Connection leased: [id: 4][route: {s}->https://dl.google.com:443][total kept alive: 6; route allocated: 8 of 20; total allocated: 8 of 20]
2021-06-06T09:17:14.331-0500 [DEBUG] [org.apache.http.impl.conn.DefaultManagedHttpClientConnection] http-outgoing-4: set socket timeout to 30000
2021-06-06T09:17:14.331-0500 [DEBUG] [org.apache.http.impl.conn.DefaultManagedHttpClientConnection] http-outgoing-4: set socket timeout to 30000
2021-06-06T09:17:14.331-0500 [DEBUG] [org.apache.http.impl.execchain.MainClientExec] Executing request GET /dl/android/maven2/org/codehaus/mojo/mojo-parent/50/mojo-parent-50.pom HTTP/1.1
2021-06-06T09:17:14.331-0500 [DEBUG] [org.apache.http.impl.execchain.MainClientExec] Target auth state: UNCHALLENGED
2021-06-06T09:17:14.331-0500 [DEBUG] [org.apache.http.impl.execchain.MainClientExec] Proxy auth state: UNCHALLENGED
2021-06-06T09:17:14.332-0500 [DEBUG] [org.gradle.api.internal.artifacts.ivyservice.ivyresolve.RepositoryChainComponentMetaDataResolver] Attempting to resolve component for org.sonatype.oss:oss-parent:9 using repositories [Google, MavenRepo]
2021-06-06T09:17:14.332-0500 [DEBUG] [org.gradle.api.internal.artifacts.ivyservice.ivyresolve.CachingModuleComponentRepository] Detected non-existence of module 'org.sonatype.oss:oss-parent:9' in resolver cache 'Google'
2021-06-06T09:17:14.332-0500 [DEBUG] [org.gradle.api.internal.artifacts.ivyservice.ivyresolve.CachingModuleComponentRepository] Using cached module metadata for module 'org.sonatype.oss:oss-parent:9' in 'MavenRepo'
2021-06-06T09:17:14.332-0500 [DEBUG] [org.gradle.api.internal.artifacts.ivyservice.ivyresolve.RepositoryChainComponentMetaDataResolver] Using org.sonatype.oss:oss-parent:9 from Maven repository 'MavenRepo'
2021-06-06T09:17:14.332-0500 [DEBUG] [org.gradle.api.internal.artifacts.ivyservice.ivyresolve.CachingModuleComponentRepository] Found artifact 'oss-parent-9.pom (org.sonatype.oss:oss-parent:9)' in resolver cache: C:\Users\gathi\.gradle\caches\modules-2\files-2.1\org.sonatype.oss\oss-parent\9\e5cdc4d23b86d79c436f16fed20853284e868f65\oss-parent-9.pom
2021-06-06T09:17:14.333-0500 [DEBUG] [org.apache.http.impl.execchain.MainClientExec] Connection can be kept alive indefinitely
2021-06-06T09:17:14.333-0500 [DEBUG] [org.apache.http.impl.conn.PoolingHttpClientConnectionManager] Connection [id: 5][route: {s}->https://dl.google.com:443] can be kept alive indefinitely
2021-06-06T09:17:14.333-0500 [DEBUG] [org.apache.http.impl.conn.DefaultManagedHttpClientConnection] http-outgoing-5: set socket timeout to 0
2021-06-06T09:17:14.333-0500 [DEBUG] [org.apache.http.impl.conn.PoolingHttpClientConnectionManager] Connection released: [id: 5][route: {s}->https://dl.google.com:443][total kept alive: 7; route allocated: 8 of 20; total allocated: 8 of 20]
2021-06-06T09:17:14.333-0500 [INFO] [org.gradle.internal.resource.transport.http.HttpClientHelper] Resource missing. [HTTP GET: https://dl.google.com/dl/android/maven2/com/google/guava/guava-parent/26.0-android/guava-parent-26.0-android.pom]
2021-06-06T09:17:14.334-0500 [DEBUG] [org.gradle.internal.operations.DefaultBuildOperationRunner] Build operation 'Download https://dl.google.com/dl/android/maven2/com/google/guava/guava-parent/26.0-android/guava-parent-26.0-android.pom' completed
2021-06-06T09:17:14.334-0500 [DEBUG] [org.gradle.api.internal.artifacts.repositories.resolver.ExternalResourceResolver] No meta-data file or artifact found for module 'com.google.guava:guava-parent:26.0-android' in repository 'Google'.
2021-06-06T09:17:14.334-0500 [DEBUG] [org.gradle.api.internal.artifacts.ivyservice.modulecache.PersistentModuleMetadataCache] Recording absence of module descriptor in cache: com.google.guava:guava-parent:26.0-android [changing = false]
2021-06-06T09:17:14.334-0500 [DEBUG] [org.gradle.api.internal.artifacts.repositories.resolver.DefaultExternalResourceArtifactResolver] Loading https://repo.maven.apache.org/maven2/com/google/guava/guava-parent/26.0-android/guava-parent-26.0-android.pom
2021-06-06T09:17:14.334-0500 [DEBUG] [org.gradle.internal.resource.transfer.DefaultCacheAwareExternalResourceAccessor] Constructing external resource: https://repo.maven.apache.org/maven2/com/google/guava/guava-parent/26.0-android/guava-parent-26.0-android.pom
2021-06-06T09:17:14.337-0500 [DEBUG] [org.gradle.api.internal.artifacts.repositories.resolver.ExternalResourceResolver] Metadata file found for module 'com.google.guava:guava-parent:26.0-android' in repository 'MavenRepo'.
2021-06-06T09:17:14.337-0500 [DEBUG] [org.gradle.api.internal.artifacts.ivyservice.ivyresolve.RepositoryChainComponentMetaDataResolver] Attempting to resolve component for org.sonatype.oss:oss-parent:9 using repositories [Google, MavenRepo]
2021-06-06T09:17:14.338-0500 [DEBUG] [org.gradle.api.internal.artifacts.ivyservice.modulecache.PersistentModuleMetadataCache] Recording module descriptor in cache: com.google.guava:guava-parent:26.0-android [changing = false]
2021-06-06T09:17:14.338-0500 [DEBUG] [org.gradle.api.internal.artifacts.ivyservice.ivyresolve.CachingModuleComponentRepository] Detected non-existence of module 'org.sonatype.oss:oss-parent:9' in resolver cache 'Google'
2021-06-06T09:17:14.338-0500 [DEBUG] [org.gradle.api.internal.artifacts.ivyservice.ivyresolve.CachingModuleComponentRepository] Using cached module metadata for module 'org.sonatype.oss:oss-parent:9' in 'MavenRepo'
2021-06-06T09:17:14.338-0500 [DEBUG] [org.gradle.api.internal.artifacts.ivyservice.ivyresolve.RepositoryChainComponentMetaDataResolver] Using org.sonatype.oss:oss-parent:9 from Maven repository 'MavenRepo'
2021-06-06T09:17:14.338-0500 [DEBUG] [org.gradle.api.internal.artifacts.ivyservice.ivyresolve.CachingModuleComponentRepository] Found artifact 'oss-parent-9.pom (org.sonatype.oss:oss-parent:9)' in resolver cache: C:\Users\gathi\.gradle\caches\modules-2\files-2.1\org.sonatype.oss\oss-parent\9\e5cdc4d23b86d79c436f16fed20853284e868f65\oss-parent-9.pom
2021-06-06T09:17:14.342-0500 [DEBUG] [org.gradle.api.internal.artifacts.ivyservice.ivyresolve.RepositoryChainComponentMetaDataResolver] Using com.google.guava:guava-parent:26.0-android from Maven repository 'MavenRepo'
2021-06-06T09:17:14.342-0500 [DEBUG] [org.gradle.api.internal.artifacts.repositories.resolver.DefaultExternalResourceArtifactResolver] Loading https://repo.maven.apache.org/maven2/com/google/guava/guava-parent/26.0-android/guava-parent-26.0-android.pom
2021-06-06T09:17:14.342-0500 [DEBUG] [org.gradle.internal.resource.transfer.DefaultCacheAwareExternalResourceAccessor] Constructing external resource: https://repo.maven.apache.org/maven2/com/google/guava/guava-parent/26.0-android/guava-parent-26.0-android.pom
2021-06-06T09:17:14.343-0500 [DEBUG] [org.gradle.api.internal.artifacts.repositories.resolver.ExternalResourceResolver] Metadata file found for module 'com.google.guava:guava-parent:26.0-android' in repository 'MavenRepo'.
2021-06-06T09:17:14.343-0500 [DEBUG] [org.gradle.api.internal.artifacts.ivyservice.ivyresolve.CachingModuleComponentRepository] Downloaded artifact 'guava-parent-26.0-android.pom (com.google.guava:guava-parent:26.0-android)' from resolver: MavenRepo
2021-06-06T09:17:14.343-0500 [DEBUG] [org.gradle.api.internal.artifacts.ivyservice.modulecache.PersistentModuleMetadataCache] Recording module descriptor in cache: com.google.guava:guava-parent:26.0-android [changing = false]
2021-06-06T09:17:14.346-0500 [DEBUG] [org.gradle.api.internal.artifacts.ivyservice.ivyresolve.RepositoryChainComponentMetaDataResolver] Using com.google.guava:guava-parent:26.0-android from Maven repository 'MavenRepo'
2021-06-06T09:17:14.346-0500 [DEBUG] [org.gradle.api.internal.artifacts.ivyservice.ivyresolve.CachingModuleComponentRepository] Found artifact 'guava-parent-26.0-android.pom (com.google.guava:guava-parent:26.0-android)' in resolver cache: C:\Users\gathi\.gradle\caches\modules-2\files-2.1\com.google.guava\guava-parent\26.0-android\a2c0df489614352b7e8e503e274bd1dee5c42a64\guava-parent-26.0-android.pom
2021-06-06T09:17:14.347-0500 [DEBUG] [org.gradle.api.internal.artifacts.ivyservice.ivyresolve.RepositoryChainComponentMetaDataResolver] Attempting to resolve component for org.sonatype.oss:oss-parent:9 using repositories [Google, MavenRepo]
2021-06-06T09:17:14.347-0500 [DEBUG] [org.gradle.api.internal.artifacts.ivyservice.ivyresolve.CachingModuleComponentRepository] Detected non-existence of module 'org.sonatype.oss:oss-parent:9' in resolver cache 'Google'
2021-06-06T09:17:14.348-0500 [DEBUG] [org.gradle.api.internal.artifacts.ivyservice.ivyresolve.CachingModuleComponentRepository] Using cached module metadata for module 'org.sonatype.oss:oss-parent:9' in 'MavenRepo'
2021-06-06T09:17:14.348-0500 [DEBUG] [org.gradle.api.internal.artifacts.ivyservice.ivyresolve.RepositoryChainComponentMetaDataResolver] Using org.sonatype.oss:oss-parent:9 from Maven repository 'MavenRepo'
2021-06-06T09:17:14.348-0500 [DEBUG] [org.gradle.api.internal.artifacts.ivyservice.ivyresolve.CachingModuleComponentRepository] Found artifact 'oss-parent-9.pom (org.sonatype.oss:oss-parent:9)' in resolver cache: C:\Users\gathi\.gradle\caches\modules-2\files-2.1\org.sonatype.oss\oss-parent\9\e5cdc4d23b86d79c436f16fed20853284e868f65\oss-parent-9.pom
2021-06-06T09:17:14.349-0500 [DEBUG] [org.gradle.api.internal.artifacts.ivyservice.ivyresolve.RepositoryChainComponentMetaDataResolver] Attempting to resolve component for org.sonatype.oss:oss-parent:9 using repositories [Google, MavenRepo]
2021-06-06T09:17:14.350-0500 [DEBUG] [org.gradle.api.internal.artifacts.ivyservice.ivyresolve.CachingModuleComponentRepository] Detected non-existence of module 'org.sonatype.oss:oss-parent:9' in resolver cache 'Google'
2021-06-06T09:17:14.350-0500 [DEBUG] [org.gradle.api.internal.artifacts.ivyservice.ivyresolve.CachingModuleComponentRepository] Using cached module metadata for module 'org.sonatype.oss:oss-parent:9' in 'MavenRepo'
2021-06-06T09:17:14.350-0500 [DEBUG] [org.gradle.api.internal.artifacts.ivyservice.ivyresolve.RepositoryChainComponentMetaDataResolver] Using org.sonatype.oss:oss-parent:9 from Maven repository 'MavenRepo'
2021-06-06T09:17:14.350-0500 [DEBUG] [org.gradle.api.internal.artifacts.ivyservice.ivyresolve.CachingModuleComponentRepository] Found artifact 'oss-parent-9.pom (org.sonatype.oss:oss-parent:9)' in resolver cache: C:\Users\gathi\.gradle\caches\modules-2\files-2.1\org.sonatype.oss\oss-parent\9\e5cdc4d23b86d79c436f16fed20853284e868f65\oss-parent-9.pom
2021-06-06T09:17:14.353-0500 [DEBUG] [org.gradle.api.internal.artifacts.repositories.resolver.ExternalResourceResolver] Metadata file found for module 'com.google.guava:failureaccess:1.0.1' in repository 'MavenRepo'.
2021-06-06T09:17:14.353-0500 [DEBUG] [org.gradle.api.internal.artifacts.ivyservice.modulecache.PersistentModuleMetadataCache] Recording module descriptor in cache: com.google.guava:failureaccess:1.0.1 [changing = false]
2021-06-06T09:17:14.354-0500 [DEBUG] [org.gradle.api.internal.artifacts.repositories.resolver.ExternalResourceResolver] Metadata file found for module 'com.google.guava:listenablefuture:9999.0-empty-to-avoid-conflict-with-guava' in repository 'MavenRepo'.
2021-06-06T09:17:14.354-0500 [DEBUG] [org.gradle.api.internal.artifacts.ivyservice.modulecache.PersistentModuleMetadataCache] Recording module descriptor in cache: com.google.guava:listenablefuture:9999.0-empty-to-avoid-conflict-with-guava [changing = false]
2021-06-06T09:17:14.357-0500 [DEBUG] [org.gradle.api.internal.artifacts.ivyservice.ivyresolve.RepositoryChainComponentMetaDataResolver] Using com.google.guava:failureaccess:1.0.1 from Maven repository 'MavenRepo'
2021-06-06T09:17:14.357-0500 [DEBUG] [org.gradle.internal.operations.DefaultBuildOperationRunner] Build operation 'Resolve com.google.guava:failureaccess:1.0.1' completed
2021-06-06T09:17:14.357-0500 [DEBUG] [org.gradle.internal.work.DefaultWorkerLeaseService] Worker lease root.1.75.76 completed (2 worker(s) in use)
2021-06-06T09:17:14.358-0500 [DEBUG] [org.gradle.internal.resources.AbstractTrackedResourceLock] Daemon worker: released lock on root.1.75.76
2021-06-06T09:17:14.361-0500 [DEBUG] [org.gradle.api.internal.artifacts.ivyservice.ivyresolve.RepositoryChainComponentMetaDataResolver] Using com.google.guava:listenablefuture:9999.0-empty-to-avoid-conflict-with-guava from Maven repository 'MavenRepo'
2021-06-06T09:17:14.369-0500 [DEBUG] [org.apache.http.impl.execchain.MainClientExec] Connection can be kept alive indefinitely
2021-06-06T09:17:14.369-0500 [DEBUG] [org.apache.http.impl.conn.PoolingHttpClientConnectionManager] Connection [id: 4][route: {s}->https://dl.google.com:443] can be kept alive indefinitely
2021-06-06T09:17:14.369-0500 [DEBUG] [org.apache.http.impl.conn.DefaultManagedHttpClientConnection] http-outgoing-4: set socket timeout to 0
2021-06-06T09:17:14.369-0500 [DEBUG] [org.apache.http.impl.conn.PoolingHttpClientConnectionManager] Connection released: [id: 4][route: {s}->https://dl.google.com:443][total kept alive: 8; route allocated: 8 of 20; total allocated: 8 of 20]
2021-06-06T09:17:14.370-0500 [INFO] [org.gradle.internal.resource.transport.http.HttpClientHelper] Resource missing. [HTTP GET: https://dl.google.com/dl/android/maven2/org/codehaus/mojo/mojo-parent/50/mojo-parent-50.pom]
2021-06-06T09:17:14.370-0500 [DEBUG] [org.gradle.internal.operations.DefaultBuildOperationRunner] Build operation 'Download https://dl.google.com/dl/android/maven2/org/codehaus/mojo/mojo-parent/50/mojo-parent-50.pom' completed
2021-06-06T09:17:14.370-0500 [DEBUG] [org.gradle.api.internal.artifacts.repositories.resolver.ExternalResourceResolver] No meta-data file or artifact found for module 'org.codehaus.mojo:mojo-parent:50' in repository 'Google'.
2021-06-06T09:17:14.370-0500 [DEBUG] [org.gradle.api.internal.artifacts.ivyservice.modulecache.PersistentModuleMetadataCache] Recording absence of module descriptor in cache: org.codehaus.mojo:mojo-parent:50 [changing = false]
2021-06-06T09:17:14.370-0500 [DEBUG] [org.gradle.api.internal.artifacts.repositories.resolver.DefaultExternalResourceArtifactResolver] Loading https://repo.maven.apache.org/maven2/org/codehaus/mojo/mojo-parent/50/mojo-parent-50.pom
2021-06-06T09:17:14.370-0500 [DEBUG] [org.gradle.internal.resource.transfer.DefaultCacheAwareExternalResourceAccessor] Constructing external resource: https://repo.maven.apache.org/maven2/org/codehaus/mojo/mojo-parent/50/mojo-parent-50.pom
2021-06-06T09:17:14.371-0500 [DEBUG] [org.gradle.internal.resource.transport.http.HttpResourceAccessor] Constructing external resource: https://repo.maven.apache.org/maven2/org/codehaus/mojo/mojo-parent/50/mojo-parent-50.pom
2021-06-06T09:17:14.371-0500 [DEBUG] [org.gradle.internal.resource.transport.http.HttpClientHelper] Performing HTTP GET: https://repo.maven.apache.org/maven2/org/codehaus/mojo/mojo-parent/50/mojo-parent-50.pom
2021-06-06T09:17:14.371-0500 [DEBUG] [org.apache.http.client.protocol.RequestAddCookies] CookieSpec selected: default
2021-06-06T09:17:14.372-0500 [DEBUG] [org.apache.http.client.protocol.RequestAuthCache] Auth cache not set in the context
2021-06-06T09:17:14.372-0500 [DEBUG] [org.apache.http.impl.conn.PoolingHttpClientConnectionManager] Connection request: [route: {s}->https://repo.maven.apache.org:443][total kept alive: 8; route allocated: 8 of 20; total allocated: 8 of 20]
2021-06-06T09:17:14.372-0500 [DEBUG] [org.apache.http.impl.conn.PoolingHttpClientConnectionManager] Connection leased: [id: 14][route: {s}->https://repo.maven.apache.org:443][total kept alive: 7; route allocated: 8 of 20; total allocated: 8 of 20]
2021-06-06T09:17:14.372-0500 [DEBUG] [org.apache.http.impl.conn.DefaultManagedHttpClientConnection] http-outgoing-14: set socket timeout to 30000
2021-06-06T09:17:14.372-0500 [DEBUG] [org.apache.http.impl.conn.DefaultManagedHttpClientConnection] http-outgoing-14: set socket timeout to 30000
2021-06-06T09:17:14.372-0500 [DEBUG] [org.apache.http.impl.execchain.MainClientExec] Executing request GET /maven2/org/codehaus/mojo/mojo-parent/50/mojo-parent-50.pom HTTP/1.1
2021-06-06T09:17:14.372-0500 [DEBUG] [org.apache.http.impl.execchain.MainClientExec] Target auth state: UNCHALLENGED
2021-06-06T09:17:14.372-0500 [DEBUG] [org.apache.http.impl.execchain.MainClientExec] Proxy auth state: UNCHALLENGED
2021-06-06T09:17:14.391-0500 [DEBUG] [org.apache.http.impl.execchain.MainClientExec] Connection can be kept alive indefinitely
2021-06-06T09:17:14.391-0500 [DEBUG] [org.gradle.internal.resource.transport.http.HttpResponseResource] Attempting to download resource https://repo.maven.apache.org/maven2/org/codehaus/mojo/mojo-parent/50/mojo-parent-50.pom.
2021-06-06T09:17:14.393-0500 [INFO] [org.gradle.internal.resource.transfer.DefaultCacheAwareExternalResourceAccessor] Downloading https://repo.maven.apache.org/maven2/org/codehaus/mojo/mojo-parent/50/mojo-parent-50.pom to C:\Users\gathi\AppData\Local\Temp\gradle_download17858338343783157305bin
2021-06-06T09:17:14.398-0500 [DEBUG] [org.apache.http.impl.conn.PoolingHttpClientConnectionManager] Connection [id: 14][route: {s}->https://repo.maven.apache.org:443] can be kept alive indefinitely
2021-06-06T09:17:14.398-0500 [DEBUG] [org.apache.http.impl.conn.DefaultManagedHttpClientConnection] http-outgoing-14: set socket timeout to 0
2021-06-06T09:17:14.398-0500 [DEBUG] [org.apache.http.impl.conn.PoolingHttpClientConnectionManager] Connection released: [id: 14][route: {s}->https://repo.maven.apache.org:443][total kept alive: 8; route allocated: 8 of 20; total allocated: 8 of 20]
2021-06-06T09:17:14.398-0500 [DEBUG] [org.gradle.internal.operations.DefaultBuildOperationRunner] Build operation 'Download https://repo.maven.apache.org/maven2/org/codehaus/mojo/mojo-parent/50/mojo-parent-50.pom' completed
2021-06-06T09:17:14.410-0500 [DEBUG] [org.gradle.api.internal.artifacts.repositories.resolver.ExternalResourceResolver] Metadata file found for module 'org.codehaus.mojo:mojo-parent:50' in repository 'MavenRepo'.
2021-06-06T09:17:14.410-0500 [DEBUG] [org.gradle.api.internal.artifacts.ivyservice.modulecache.PersistentModuleMetadataCache] Recording module descriptor in cache: org.codehaus.mojo:mojo-parent:50 [changing = false]
2021-06-06T09:17:14.415-0500 [DEBUG] [org.gradle.api.internal.artifacts.ivyservice.ivyresolve.RepositoryChainComponentMetaDataResolver] Using org.codehaus.mojo:mojo-parent:50 from Maven repository 'MavenRepo'
2021-06-06T09:17:14.415-0500 [DEBUG] [org.gradle.api.internal.artifacts.repositories.resolver.DefaultExternalResourceArtifactResolver] Loading https://repo.maven.apache.org/maven2/org/codehaus/mojo/mojo-parent/50/mojo-parent-50.pom
2021-06-06T09:17:14.415-0500 [DEBUG] [org.gradle.internal.resource.transfer.DefaultCacheAwareExternalResourceAccessor] Constructing external resource: https://repo.maven.apache.org/maven2/org/codehaus/mojo/mojo-parent/50/mojo-parent-50.pom
2021-06-06T09:17:14.416-0500 [DEBUG] [org.gradle.api.internal.artifacts.ivyservice.ivyresolve.CachingModuleComponentRepository] Downloaded artifact 'mojo-parent-50.pom (org.codehaus.mojo:mojo-parent:50)' from resolver: MavenRepo
2021-06-06T09:17:14.421-0500 [DEBUG] [org.gradle.api.internal.artifacts.repositories.resolver.ExternalResourceResolver] Metadata file found for module 'org.codehaus.mojo:animal-sniffer-parent:1.18' in repository 'MavenRepo'.
2021-06-06T09:17:14.421-0500 [DEBUG] [org.gradle.api.internal.artifacts.ivyservice.modulecache.PersistentModuleMetadataCache] Recording module descriptor in cache: org.codehaus.mojo:animal-sniffer-parent:1.18 [changing = false]
2021-06-06T09:17:14.424-0500 [DEBUG] [org.gradle.api.internal.artifacts.ivyservice.ivyresolve.RepositoryChainComponentMetaDataResolver] Using org.codehaus.mojo:animal-sniffer-parent:1.18 from Maven repository 'MavenRepo'
2021-06-06T09:17:14.424-0500 [DEBUG] [org.gradle.api.internal.artifacts.repositories.resolver.DefaultExternalResourceArtifactResolver] Loading https://repo.maven.apache.org/maven2/org/codehaus/mojo/animal-sniffer-parent/1.18/animal-sniffer-parent-1.18.pom
2021-06-06T09:17:14.424-0500 [DEBUG] [org.gradle.internal.resource.transfer.DefaultCacheAwareExternalResourceAccessor] Constructing external resource: https://repo.maven.apache.org/maven2/org/codehaus/mojo/animal-sniffer-parent/1.18/animal-sniffer-parent-1.18.pom
2021-06-06T09:17:14.425-0500 [DEBUG] [org.gradle.api.internal.artifacts.ivyservice.ivyresolve.CachingModuleComponentRepository] Downloaded artifact 'animal-sniffer-parent-1.18.pom (org.codehaus.mojo:animal-sniffer-parent:1.18)' from resolver: MavenRepo
2021-06-06T09:17:14.428-0500 [DEBUG] [org.gradle.api.internal.artifacts.ivyservice.ivyresolve.RepositoryChainComponentMetaDataResolver] Attempting to resolve component for org.codehaus.mojo:mojo-parent:50 using repositories [Google, MavenRepo]
2021-06-06T09:17:14.428-0500 [DEBUG] [org.gradle.api.internal.artifacts.ivyservice.ivyresolve.CachingModuleComponentRepository] Detected non-existence of module 'org.codehaus.mojo:mojo-parent:50' in resolver cache 'Google'
2021-06-06T09:17:14.428-0500 [DEBUG] [org.gradle.api.internal.artifacts.ivyservice.ivyresolve.CachingModuleComponentRepository] Using cached module metadata for module 'org.codehaus.mojo:mojo-parent:50' in 'MavenRepo'
2021-06-06T09:17:14.428-0500 [DEBUG] [org.gradle.api.internal.artifacts.ivyservice.ivyresolve.RepositoryChainComponentMetaDataResolver] Using org.codehaus.mojo:mojo-parent:50 from Maven repository 'MavenRepo'
2021-06-06T09:17:14.428-0500 [DEBUG] [org.gradle.api.internal.artifacts.ivyservice.ivyresolve.CachingModuleComponentRepository] Found artifact 'mojo-parent-50.pom (org.codehaus.mojo:mojo-parent:50)' in resolver cache: C:\Users\gathi\.gradle\caches\modules-2\files-2.1\org.codehaus.mojo\mojo-parent\50\8caf7f67d94e762418df68f034c88b6f18433860\mojo-parent-50.pom
2021-06-06T09:17:14.433-0500 [DEBUG] [org.gradle.api.internal.artifacts.repositories.resolver.ExternalResourceResolver] Metadata file found for module 'org.codehaus.mojo:animal-sniffer-annotations:1.18' in repository 'MavenRepo'.
2021-06-06T09:17:14.433-0500 [DEBUG] [org.gradle.api.internal.artifacts.ivyservice.modulecache.PersistentModuleMetadataCache] Recording module descriptor in cache: org.codehaus.mojo:animal-sniffer-annotations:1.18 [changing = false]
2021-06-06T09:17:14.437-0500 [DEBUG] [org.gradle.api.internal.artifacts.ivyservice.ivyresolve.RepositoryChainComponentMetaDataResolver] Using org.codehaus.mojo:animal-sniffer-annotations:1.18 from Maven repository 'MavenRepo'
2021-06-06T09:17:14.438-0500 [DEBUG] [org.gradle.api.internal.artifacts.ivyservice.resolveengine.graph.builder.DependencyGraphBuilder] Visiting configuration org.checkerframework:checker-qual:2.5.8(runtime).
2021-06-06T09:17:14.438-0500 [DEBUG] [org.gradle.api.internal.artifacts.ivyservice.resolveengine.graph.builder.NodeState] version for org.checkerframework:checker-qual:2.5.8(runtime) is not selected. ignoring.
2021-06-06T09:17:14.438-0500 [DEBUG] [org.gradle.api.internal.artifacts.ivyservice.resolveengine.graph.builder.DependencyGraphBuilder] Visiting configuration com.android.tools:annotations:27.2.1(runtimeElements).
2021-06-06T09:17:14.438-0500 [DEBUG] [org.gradle.api.internal.artifacts.ivyservice.resolveengine.graph.builder.DependencyGraphBuilder] Visiting configuration org.apache.httpcomponents:httpmime:4.5.6(runtime).
2021-06-06T09:17:14.438-0500 [DEBUG] [org.gradle.api.internal.artifacts.ivyservice.resolveengine.graph.builder.DependencyGraphBuilder] Visiting configuration org.apache.httpcomponents:httpcore:4.4.10(runtime).
2021-06-06T09:17:14.438-0500 [DEBUG] [org.gradle.api.internal.artifacts.ivyservice.resolveengine.graph.builder.DependencyGraphBuilder] Visiting configuration org.apache.httpcomponents:httpclient:4.5.6(runtime).
2021-06-06T09:17:14.439-0500 [DEBUG] [org.gradle.api.internal.artifacts.ivyservice.resolveengine.graph.builder.DependencyGraphBuilder] Submitting 2 metadata files to resolve in parallel for org.apache.httpcomponents:httpclient:4.5.6(runtime)
2021-06-06T09:17:14.439-0500 [DEBUG] [org.gradle.internal.work.DefaultWorkerLeaseService] Worker lease root.1.80.81 started (1 worker(s) in use).
2021-06-06T09:17:14.439-0500 [DEBUG] [org.gradle.internal.resources.AbstractTrackedResourceLock] Daemon worker: acquired lock on root.1.80.81
2021-06-06T09:17:14.440-0500 [DEBUG] [org.gradle.api.internal.artifacts.ivyservice.ivyresolve.RepositoryChainComponentMetaDataResolver] Attempting to resolve component for commons-logging:commons-logging:1.2 using repositories [Google, MavenRepo]
2021-06-06T09:17:14.440-0500 [DEBUG] [org.gradle.api.internal.artifacts.repositories.resolver.DefaultExternalResourceArtifactResolver] Loading https://dl.google.com/dl/android/maven2/commons-logging/commons-logging/1.2/commons-logging-1.2.pom
2021-06-06T09:17:14.440-0500 [DEBUG] [org.gradle.internal.resource.transfer.DefaultCacheAwareExternalResourceAccessor] Constructing external resource: https://dl.google.com/dl/android/maven2/commons-logging/commons-logging/1.2/commons-logging-1.2.pom
2021-06-06T09:17:14.440-0500 [DEBUG] [org.gradle.api.internal.artifacts.ivyservice.ivyresolve.RepositoryChainComponentMetaDataResolver] Attempting to resolve component for commons-codec:commons-codec:1.10 using repositories [Google, MavenRepo]
2021-06-06T09:17:14.440-0500 [DEBUG] [org.gradle.api.internal.artifacts.repositories.resolver.DefaultExternalResourceArtifactResolver] Loading https://dl.google.com/dl/android/maven2/commons-codec/commons-codec/1.10/commons-codec-1.10.pom
2021-06-06T09:17:14.440-0500 [DEBUG] [org.gradle.internal.resource.transfer.DefaultCacheAwareExternalResourceAccessor] Constructing external resource: https://dl.google.com/dl/android/maven2/commons-codec/commons-codec/1.10/commons-codec-1.10.pom
2021-06-06T09:17:14.441-0500 [DEBUG] [org.gradle.internal.resource.transport.http.HttpResourceAccessor] Constructing external resource: https://dl.google.com/dl/android/maven2/commons-codec/commons-codec/1.10/commons-codec-1.10.pom
2021-06-06T09:17:14.442-0500 [DEBUG] [org.gradle.internal.resource.transport.http.HttpClientHelper] Performing HTTP GET: https://dl.google.com/dl/android/maven2/commons-codec/commons-codec/1.10/commons-codec-1.10.pom
2021-06-06T09:17:14.442-0500 [DEBUG] [org.apache.http.client.protocol.RequestAddCookies] CookieSpec selected: default
2021-06-06T09:17:14.442-0500 [DEBUG] [org.gradle.internal.resource.transport.http.HttpResourceAccessor] Constructing external resource metadata: https://dl.google.com/dl/android/maven2/commons-logging/commons-logging/1.2/commons-logging-1.2.pom
2021-06-06T09:17:14.442-0500 [DEBUG] [org.apache.http.client.protocol.RequestAuthCache] Auth cache not set in the context
2021-06-06T09:17:14.442-0500 [DEBUG] [org.gradle.internal.resource.transport.http.HttpClientHelper] Performing HTTP HEAD: https://dl.google.com/dl/android/maven2/commons-logging/commons-logging/1.2/commons-logging-1.2.pom
2021-06-06T09:17:14.442-0500 [DEBUG] [org.apache.http.impl.conn.PoolingHttpClientConnectionManager] Connection request: [route: {s}->https://dl.google.com:443][total kept alive: 8; route allocated: 8 of 20; total allocated: 8 of 20]
2021-06-06T09:17:14.442-0500 [DEBUG] [org.apache.http.client.protocol.RequestAddCookies] CookieSpec selected: default
2021-06-06T09:17:14.442-0500 [DEBUG] [org.apache.http.impl.conn.PoolingHttpClientConnectionManager] Connection leased: [id: 4][route: {s}->https://dl.google.com:443][total kept alive: 7; route allocated: 8 of 20; total allocated: 8 of 20]
2021-06-06T09:17:14.442-0500 [DEBUG] [org.apache.http.client.protocol.RequestAuthCache] Auth cache not set in the context
2021-06-06T09:17:14.442-0500 [DEBUG] [org.apache.http.impl.conn.DefaultManagedHttpClientConnection] http-outgoing-4: set socket timeout to 30000
2021-06-06T09:17:14.442-0500 [DEBUG] [org.apache.http.impl.conn.PoolingHttpClientConnectionManager] Connection request: [route: {s}->https://dl.google.com:443][total kept alive: 7; route allocated: 8 of 20; total allocated: 8 of 20]
2021-06-06T09:17:14.442-0500 [DEBUG] [org.apache.http.impl.conn.DefaultManagedHttpClientConnection] http-outgoing-4: set socket timeout to 30000
2021-06-06T09:17:14.443-0500 [DEBUG] [org.apache.http.impl.conn.PoolingHttpClientConnectionManager] Connection leased: [id: 5][route: {s}->https://dl.google.com:443][total kept alive: 6; route allocated: 8 of 20; total allocated: 8 of 20]
2021-06-06T09:17:14.443-0500 [DEBUG] [org.apache.http.impl.conn.DefaultManagedHttpClientConnection] http-outgoing-5: set socket timeout to 30000
2021-06-06T09:17:14.443-0500 [DEBUG] [org.apache.http.impl.execchain.MainClientExec] Executing request GET /dl/android/maven2/commons-codec/commons-codec/1.10/commons-codec-1.10.pom HTTP/1.1
2021-06-06T09:17:14.443-0500 [DEBUG] [org.apache.http.impl.execchain.MainClientExec] Target auth state: UNCHALLENGED
2021-06-06T09:17:14.443-0500 [DEBUG] [org.apache.http.impl.execchain.MainClientExec] Proxy auth state: UNCHALLENGED
2021-06-06T09:17:14.443-0500 [DEBUG] [org.apache.http.impl.conn.DefaultManagedHttpClientConnection] http-outgoing-5: set socket timeout to 30000
2021-06-06T09:17:14.443-0500 [DEBUG] [org.apache.http.impl.execchain.MainClientExec] Executing request HEAD /dl/android/maven2/commons-logging/commons-logging/1.2/commons-logging-1.2.pom HTTP/1.1
2021-06-06T09:17:14.443-0500 [DEBUG] [org.apache.http.impl.execchain.MainClientExec] Target auth state: UNCHALLENGED
2021-06-06T09:17:14.443-0500 [DEBUG] [org.apache.http.impl.execchain.MainClientExec] Proxy auth state: UNCHALLENGED
2021-06-06T09:17:14.482-0500 [DEBUG] [org.apache.http.impl.execchain.MainClientExec] Connection can be kept alive indefinitely
2021-06-06T09:17:14.482-0500 [DEBUG] [org.apache.http.impl.execchain.MainClientExec] Connection can be kept alive indefinitely
2021-06-06T09:17:14.482-0500 [DEBUG] [org.apache.http.impl.conn.PoolingHttpClientConnectionManager] Connection [id: 5][route: {s}->https://dl.google.com:443] can be kept alive indefinitely
2021-06-06T09:17:14.482-0500 [DEBUG] [org.apache.http.impl.conn.DefaultManagedHttpClientConnection] http-outgoing-5: set socket timeout to 0
2021-06-06T09:17:14.482-0500 [DEBUG] [org.apache.http.impl.conn.PoolingHttpClientConnectionManager] Connection [id: 4][route: {s}->https://dl.google.com:443] can be kept alive indefinitely
2021-06-06T09:17:14.482-0500 [DEBUG] [org.apache.http.impl.conn.DefaultManagedHttpClientConnection] http-outgoing-4: set socket timeout to 0
2021-06-06T09:17:14.482-0500 [DEBUG] [org.apache.http.impl.conn.PoolingHttpClientConnectionManager] Connection released: [id: 5][route: {s}->https://dl.google.com:443][total kept alive: 7; route allocated: 8 of 20; total allocated: 8 of 20]
2021-06-06T09:17:14.482-0500 [DEBUG] [org.apache.http.impl.conn.PoolingHttpClientConnectionManager] Connection released: [id: 4][route: {s}->https://dl.google.com:443][total kept alive: 8; route allocated: 8 of 20; total allocated: 8 of 20]
2021-06-06T09:17:14.483-0500 [INFO] [org.gradle.internal.resource.transport.http.HttpClientHelper] Resource missing. [HTTP HEAD: https://dl.google.com/dl/android/maven2/commons-logging/commons-logging/1.2/commons-logging-1.2.pom]
2021-06-06T09:17:14.483-0500 [INFO] [org.gradle.internal.resource.transport.http.HttpClientHelper] Resource missing. [HTTP GET: https://dl.google.com/dl/android/maven2/commons-codec/commons-codec/1.10/commons-codec-1.10.pom]
2021-06-06T09:17:14.483-0500 [DEBUG] [org.gradle.internal.operations.DefaultBuildOperationRunner] Build operation 'Metadata of https://dl.google.com/dl/android/maven2/commons-logging/commons-logging/1.2/commons-logging-1.2.pom' completed
2021-06-06T09:17:14.483-0500 [DEBUG] [org.gradle.internal.operations.DefaultBuildOperationRunner] Build operation 'Download https://dl.google.com/dl/android/maven2/commons-codec/commons-codec/1.10/commons-codec-1.10.pom' completed
2021-06-06T09:17:14.483-0500 [DEBUG] [org.gradle.api.internal.artifacts.repositories.resolver.ExternalResourceResolver] No meta-data file or artifact found for module 'commons-logging:commons-logging:1.2' in repository 'Google'.
2021-06-06T09:17:14.483-0500 [DEBUG] [org.gradle.api.internal.artifacts.repositories.resolver.ExternalResourceResolver] No meta-data file or artifact found for module 'commons-codec:commons-codec:1.10' in repository 'Google'.
2021-06-06T09:17:14.483-0500 [DEBUG] [org.gradle.api.internal.artifacts.ivyservice.modulecache.PersistentModuleMetadataCache] Recording absence of module descriptor in cache: commons-codec:commons-codec:1.10 [changing = false]
2021-06-06T09:17:14.483-0500 [DEBUG] [org.gradle.api.internal.artifacts.ivyservice.modulecache.PersistentModuleMetadataCache] Recording absence of module descriptor in cache: commons-logging:commons-logging:1.2 [changing = false]
2021-06-06T09:17:14.484-0500 [DEBUG] [org.gradle.api.internal.artifacts.repositories.resolver.DefaultExternalResourceArtifactResolver] Loading https://repo.maven.apache.org/maven2/commons-logging/commons-logging/1.2/commons-logging-1.2.pom
2021-06-06T09:17:14.484-0500 [DEBUG] [org.gradle.api.internal.artifacts.repositories.resolver.DefaultExternalResourceArtifactResolver] Loading https://repo.maven.apache.org/maven2/commons-codec/commons-codec/1.10/commons-codec-1.10.pom
2021-06-06T09:17:14.484-0500 [DEBUG] [org.gradle.internal.resource.transfer.DefaultCacheAwareExternalResourceAccessor] Constructing external resource: https://repo.maven.apache.org/maven2/commons-logging/commons-logging/1.2/commons-logging-1.2.pom
2021-06-06T09:17:14.484-0500 [DEBUG] [org.gradle.internal.resource.transfer.DefaultCacheAwareExternalResourceAccessor] Constructing external resource: https://repo.maven.apache.org/maven2/commons-codec/commons-codec/1.10/commons-codec-1.10.pom
2021-06-06T09:17:14.485-0500 [DEBUG] [org.gradle.internal.resource.transport.http.HttpResourceAccessor] Constructing external resource metadata: https://repo.maven.apache.org/maven2/commons-logging/commons-logging/1.2/commons-logging-1.2.pom
2021-06-06T09:17:14.485-0500 [DEBUG] [org.gradle.internal.resource.transport.http.HttpResourceAccessor] Constructing external resource: https://repo.maven.apache.org/maven2/commons-codec/commons-codec/1.10/commons-codec-1.10.pom
2021-06-06T09:17:14.485-0500 [DEBUG] [org.gradle.internal.resource.transport.http.HttpClientHelper] Performing HTTP HEAD: https://repo.maven.apache.org/maven2/commons-logging/commons-logging/1.2/commons-logging-1.2.pom
2021-06-06T09:17:14.485-0500 [DEBUG] [org.gradle.internal.resource.transport.http.HttpClientHelper] Performing HTTP GET: https://repo.maven.apache.org/maven2/commons-codec/commons-codec/1.10/commons-codec-1.10.pom
2021-06-06T09:17:14.485-0500 [DEBUG] [org.apache.http.client.protocol.RequestAddCookies] CookieSpec selected: default
2021-06-06T09:17:14.485-0500 [DEBUG] [org.apache.http.client.protocol.RequestAddCookies] CookieSpec selected: default
2021-06-06T09:17:14.485-0500 [DEBUG] [org.apache.http.client.protocol.RequestAuthCache] Auth cache not set in the context
2021-06-06T09:17:14.486-0500 [DEBUG] [org.apache.http.client.protocol.RequestAuthCache] Auth cache not set in the context
2021-06-06T09:17:14.486-0500 [DEBUG] [org.apache.http.impl.conn.PoolingHttpClientConnectionManager] Connection request: [route: {s}->https://repo.maven.apache.org:443][total kept alive: 8; route allocated: 8 of 20; total allocated: 8 of 20]
2021-06-06T09:17:14.486-0500 [DEBUG] [org.apache.http.impl.conn.PoolingHttpClientConnectionManager] Connection request: [route: {s}->https://repo.maven.apache.org:443][total kept alive: 8; route allocated: 8 of 20; total allocated: 8 of 20]
2021-06-06T09:17:14.486-0500 [DEBUG] [org.apache.http.impl.conn.PoolingHttpClientConnectionManager] Connection leased: [id: 14][route: {s}->https://repo.maven.apache.org:443][total kept alive: 7; route allocated: 8 of 20; total allocated: 8 of 20]
2021-06-06T09:17:14.486-0500 [DEBUG] [org.apache.http.impl.conn.PoolingHttpClientConnectionManager] Connection leased: [id: 11][route: {s}->https://repo.maven.apache.org:443][total kept alive: 6; route allocated: 8 of 20; total allocated: 8 of 20]
2021-06-06T09:17:14.486-0500 [DEBUG] [org.apache.http.impl.conn.DefaultManagedHttpClientConnection] http-outgoing-11: set socket timeout to 30000
2021-06-06T09:17:14.486-0500 [DEBUG] [org.apache.http.impl.conn.DefaultManagedHttpClientConnection] http-outgoing-14: set socket timeout to 30000
2021-06-06T09:17:14.486-0500 [DEBUG] [org.apache.http.impl.conn.DefaultManagedHttpClientConnection] http-outgoing-11: set socket timeout to 30000
2021-06-06T09:17:14.486-0500 [DEBUG] [org.apache.http.impl.conn.DefaultManagedHttpClientConnection] http-outgoing-14: set socket timeout to 30000
2021-06-06T09:17:14.486-0500 [DEBUG] [org.apache.http.impl.execchain.MainClientExec] Executing request HEAD /maven2/commons-logging/commons-logging/1.2/commons-logging-1.2.pom HTTP/1.1
2021-06-06T09:17:14.486-0500 [DEBUG] [org.apache.http.impl.execchain.MainClientExec] Target auth state: UNCHALLENGED
2021-06-06T09:17:14.486-0500 [DEBUG] [org.apache.http.impl.execchain.MainClientExec] Proxy auth state: UNCHALLENGED
2021-06-06T09:17:14.486-0500 [DEBUG] [org.apache.http.impl.execchain.MainClientExec] Executing request GET /maven2/commons-codec/commons-codec/1.10/commons-codec-1.10.pom HTTP/1.1
2021-06-06T09:17:14.487-0500 [DEBUG] [org.apache.http.impl.execchain.MainClientExec] Target auth state: UNCHALLENGED
2021-06-06T09:17:14.487-0500 [DEBUG] [org.apache.http.impl.execchain.MainClientExec] Proxy auth state: UNCHALLENGED
2021-06-06T09:17:14.506-0500 [DEBUG] [org.apache.http.impl.execchain.MainClientExec] Connection can be kept alive indefinitely
2021-06-06T09:17:14.506-0500 [DEBUG] [org.apache.http.impl.execchain.MainClientExec] Connection can be kept alive indefinitely
2021-06-06T09:17:14.506-0500 [DEBUG] [org.apache.http.impl.conn.PoolingHttpClientConnectionManager] Connection [id: 14][route: {s}->https://repo.maven.apache.org:443] can be kept alive indefinitely
2021-06-06T09:17:14.506-0500 [DEBUG] [org.apache.http.impl.conn.DefaultManagedHttpClientConnection] http-outgoing-14: set socket timeout to 0
2021-06-06T09:17:14.506-0500 [DEBUG] [org.apache.http.impl.conn.PoolingHttpClientConnectionManager] Connection released: [id: 14][route: {s}->https://repo.maven.apache.org:443][total kept alive: 7; route allocated: 8 of 20; total allocated: 8 of 20]
2021-06-06T09:17:14.506-0500 [DEBUG] [org.gradle.internal.resource.transport.http.HttpResponseResource] Attempting to download resource https://repo.maven.apache.org/maven2/commons-codec/commons-codec/1.10/commons-codec-1.10.pom.
2021-06-06T09:17:14.506-0500 [DEBUG] [org.gradle.internal.operations.DefaultBuildOperationRunner] Build operation 'Metadata of https://repo.maven.apache.org/maven2/commons-logging/commons-logging/1.2/commons-logging-1.2.pom' completed
2021-06-06T09:17:14.508-0500 [INFO] [org.gradle.internal.resource.transfer.DefaultCacheAwareExternalResourceAccessor] Downloading https://repo.maven.apache.org/maven2/commons-codec/commons-codec/1.10/commons-codec-1.10.pom to C:\Users\gathi\AppData\Local\Temp\gradle_download2480051304527787871bin
2021-06-06T09:17:14.509-0500 [INFO] [org.gradle.internal.resource.transfer.DefaultCacheAwareExternalResourceAccessor] Found locally available resource with matching checksum: [https://repo.maven.apache.org/maven2/commons-logging/commons-logging/1.2/commons-logging-1.2.pom, C:\Users\gathi\.m2\repository\commons-logging\commons-logging\1.2\commons-logging-1.2.pom]
2021-06-06T09:17:14.510-0500 [DEBUG] [org.apache.http.impl.conn.PoolingHttpClientConnectionManager] Connection [id: 11][route: {s}->https://repo.maven.apache.org:443] can be kept alive indefinitely
2021-06-06T09:17:14.510-0500 [DEBUG] [org.apache.http.impl.conn.DefaultManagedHttpClientConnection] http-outgoing-11: set socket timeout to 0
2021-06-06T09:17:14.510-0500 [DEBUG] [org.apache.http.impl.conn.PoolingHttpClientConnectionManager] Connection released: [id: 11][route: {s}->https://repo.maven.apache.org:443][total kept alive: 8; route allocated: 8 of 20; total allocated: 8 of 20]
2021-06-06T09:17:14.510-0500 [DEBUG] [org.gradle.internal.operations.DefaultBuildOperationRunner] Build operation 'Download https://repo.maven.apache.org/maven2/commons-codec/commons-codec/1.10/commons-codec-1.10.pom' completed
2021-06-06T09:17:14.518-0500 [DEBUG] [org.gradle.api.internal.artifacts.ivyservice.ivyresolve.RepositoryChainComponentMetaDataResolver] Attempting to resolve component for org.apache.commons:commons-parent:35 using repositories [Google, MavenRepo]
2021-06-06T09:17:14.520-0500 [DEBUG] [org.gradle.api.internal.artifacts.repositories.resolver.DefaultExternalResourceArtifactResolver] Loading https://dl.google.com/dl/android/maven2/org/apache/commons/commons-parent/35/commons-parent-35.pom
2021-06-06T09:17:14.520-0500 [DEBUG] [org.gradle.internal.resource.transfer.DefaultCacheAwareExternalResourceAccessor] Constructing external resource: https://dl.google.com/dl/android/maven2/org/apache/commons/commons-parent/35/commons-parent-35.pom
2021-06-06T09:17:14.522-0500 [DEBUG] [org.gradle.internal.resource.transport.http.HttpResourceAccessor] Constructing external resource: https://dl.google.com/dl/android/maven2/org/apache/commons/commons-parent/35/commons-parent-35.pom
2021-06-06T09:17:14.522-0500 [DEBUG] [org.gradle.internal.resource.transport.http.HttpClientHelper] Performing HTTP GET: https://dl.google.com/dl/android/maven2/org/apache/commons/commons-parent/35/commons-parent-35.pom
2021-06-06T09:17:14.522-0500 [DEBUG] [org.apache.http.client.protocol.RequestAddCookies] CookieSpec selected: default
2021-06-06T09:17:14.522-0500 [DEBUG] [org.apache.http.client.protocol.RequestAuthCache] Auth cache not set in the context
2021-06-06T09:17:14.522-0500 [DEBUG] [org.apache.http.impl.conn.PoolingHttpClientConnectionManager] Connection request: [route: {s}->https://dl.google.com:443][total kept alive: 8; route allocated: 8 of 20; total allocated: 8 of 20]
2021-06-06T09:17:14.522-0500 [DEBUG] [org.apache.http.impl.conn.PoolingHttpClientConnectionManager] Connection leased: [id: 4][route: {s}->https://dl.google.com:443][total kept alive: 7; route allocated: 8 of 20; total allocated: 8 of 20]
2021-06-06T09:17:14.522-0500 [DEBUG] [org.apache.http.impl.conn.DefaultManagedHttpClientConnection] http-outgoing-4: set socket timeout to 30000
2021-06-06T09:17:14.522-0500 [DEBUG] [org.apache.http.impl.conn.DefaultManagedHttpClientConnection] http-outgoing-4: set socket timeout to 30000
2021-06-06T09:17:14.522-0500 [DEBUG] [org.apache.http.impl.execchain.MainClientExec] Executing request GET /dl/android/maven2/org/apache/commons/commons-parent/35/commons-parent-35.pom HTTP/1.1
2021-06-06T09:17:14.522-0500 [DEBUG] [org.apache.http.impl.execchain.MainClientExec] Target auth state: UNCHALLENGED
2021-06-06T09:17:14.522-0500 [DEBUG] [org.apache.http.impl.execchain.MainClientExec] Proxy auth state: UNCHALLENGED
2021-06-06T09:17:14.522-0500 [DEBUG] [org.gradle.api.internal.artifacts.ivyservice.ivyresolve.RepositoryChainComponentMetaDataResolver] Attempting to resolve component for org.apache.commons:commons-parent:34 using repositories [Google, MavenRepo]
2021-06-06T09:17:14.523-0500 [DEBUG] [org.gradle.api.internal.artifacts.repositories.resolver.DefaultExternalResourceArtifactResolver] Loading https://dl.google.com/dl/android/maven2/org/apache/commons/commons-parent/34/commons-parent-34.pom
2021-06-06T09:17:14.523-0500 [DEBUG] [org.gradle.internal.resource.transfer.DefaultCacheAwareExternalResourceAccessor] Constructing external resource: https://dl.google.com/dl/android/maven2/org/apache/commons/commons-parent/34/commons-parent-34.pom
2021-06-06T09:17:14.525-0500 [DEBUG] [org.gradle.internal.resource.transport.http.HttpResourceAccessor] Constructing external resource metadata: https://dl.google.com/dl/android/maven2/org/apache/commons/commons-parent/34/commons-parent-34.pom
2021-06-06T09:17:14.525-0500 [DEBUG] [org.gradle.internal.resource.transport.http.HttpClientHelper] Performing HTTP HEAD: https://dl.google.com/dl/android/maven2/org/apache/commons/commons-parent/34/commons-parent-34.pom
2021-06-06T09:17:14.525-0500 [DEBUG] [org.apache.http.client.protocol.RequestAddCookies] CookieSpec selected: default
2021-06-06T09:17:14.525-0500 [DEBUG] [org.apache.http.client.protocol.RequestAuthCache] Auth cache not set in the context
2021-06-06T09:17:14.525-0500 [DEBUG] [org.apache.http.impl.conn.PoolingHttpClientConnectionManager] Connection request: [route: {s}->https://dl.google.com:443][total kept alive: 7; route allocated: 8 of 20; total allocated: 8 of 20]
2021-06-06T09:17:14.525-0500 [DEBUG] [org.apache.http.impl.conn.PoolingHttpClientConnectionManager] Connection leased: [id: 5][route: {s}->https://dl.google.com:443][total kept alive: 6; route allocated: 8 of 20; total allocated: 8 of 20]
2021-06-06T09:17:14.525-0500 [DEBUG] [org.apache.http.impl.conn.DefaultManagedHttpClientConnection] http-outgoing-5: set socket timeout to 30000
2021-06-06T09:17:14.525-0500 [DEBUG] [org.apache.http.impl.conn.DefaultManagedHttpClientConnection] http-outgoing-5: set socket timeout to 30000
2021-06-06T09:17:14.525-0500 [DEBUG] [org.apache.http.impl.execchain.MainClientExec] Executing request HEAD /dl/android/maven2/org/apache/commons/commons-parent/34/commons-parent-34.pom HTTP/1.1
2021-06-06T09:17:14.525-0500 [DEBUG] [org.apache.http.impl.execchain.MainClientExec] Target auth state: UNCHALLENGED
2021-06-06T09:17:14.525-0500 [DEBUG] [org.apache.http.impl.execchain.MainClientExec] Proxy auth state: UNCHALLENGED
2021-06-06T09:17:14.563-0500 [DEBUG] [org.apache.http.impl.execchain.MainClientExec] Connection can be kept alive indefinitely
2021-06-06T09:17:14.563-0500 [DEBUG] [org.apache.http.impl.conn.PoolingHttpClientConnectionManager] Connection [id: 4][route: {s}->https://dl.google.com:443] can be kept alive indefinitely
2021-06-06T09:17:14.563-0500 [DEBUG] [org.apache.http.impl.conn.DefaultManagedHttpClientConnection] http-outgoing-4: set socket timeout to 0
2021-06-06T09:17:14.563-0500 [DEBUG] [org.apache.http.impl.conn.PoolingHttpClientConnectionManager] Connection released: [id: 4][route: {s}->https://dl.google.com:443][total kept alive: 7; route allocated: 8 of 20; total allocated: 8 of 20]
2021-06-06T09:17:14.563-0500 [INFO] [org.gradle.internal.resource.transport.http.HttpClientHelper] Resource missing. [HTTP GET: https://dl.google.com/dl/android/maven2/org/apache/commons/commons-parent/35/commons-parent-35.pom]
2021-06-06T09:17:14.563-0500 [DEBUG] [org.gradle.internal.operations.DefaultBuildOperationRunner] Build operation 'Download https://dl.google.com/dl/android/maven2/org/apache/commons/commons-parent/35/commons-parent-35.pom' completed
2021-06-06T09:17:14.563-0500 [DEBUG] [org.gradle.api.internal.artifacts.repositories.resolver.ExternalResourceResolver] No meta-data file or artifact found for module 'org.apache.commons:commons-parent:35' in repository 'Google'.
2021-06-06T09:17:14.564-0500 [DEBUG] [org.gradle.api.internal.artifacts.ivyservice.modulecache.PersistentModuleMetadataCache] Recording absence of module descriptor in cache: org.apache.commons:commons-parent:35 [changing = false]
2021-06-06T09:17:14.564-0500 [DEBUG] [org.gradle.api.internal.artifacts.repositories.resolver.DefaultExternalResourceArtifactResolver] Loading https://repo.maven.apache.org/maven2/org/apache/commons/commons-parent/35/commons-parent-35.pom
2021-06-06T09:17:14.564-0500 [DEBUG] [org.gradle.internal.resource.transfer.DefaultCacheAwareExternalResourceAccessor] Constructing external resource: https://repo.maven.apache.org/maven2/org/apache/commons/commons-parent/35/commons-parent-35.pom
2021-06-06T09:17:14.565-0500 [DEBUG] [org.gradle.internal.resource.transport.http.HttpResourceAccessor] Constructing external resource: https://repo.maven.apache.org/maven2/org/apache/commons/commons-parent/35/commons-parent-35.pom
2021-06-06T09:17:14.565-0500 [DEBUG] [org.gradle.internal.resource.transport.http.HttpClientHelper] Performing HTTP GET: https://repo.maven.apache.org/maven2/org/apache/commons/commons-parent/35/commons-parent-35.pom
2021-06-06T09:17:14.565-0500 [DEBUG] [org.apache.http.client.protocol.RequestAddCookies] CookieSpec selected: default
2021-06-06T09:17:14.565-0500 [DEBUG] [org.apache.http.client.protocol.RequestAuthCache] Auth cache not set in the context
2021-06-06T09:17:14.565-0500 [DEBUG] [org.apache.http.impl.conn.PoolingHttpClientConnectionManager] Connection request: [route: {s}->https://repo.maven.apache.org:443][total kept alive: 8; route allocated: 8 of 20; total allocated: 8 of 20]
2021-06-06T09:17:14.565-0500 [DEBUG] [org.apache.http.impl.conn.PoolingHttpClientConnectionManager] Connection leased: [id: 11][route: {s}->https://repo.maven.apache.org:443][total kept alive: 7; route allocated: 8 of 20; total allocated: 8 of 20]
2021-06-06T09:17:14.565-0500 [DEBUG] [org.apache.http.impl.conn.DefaultManagedHttpClientConnection] http-outgoing-11: set socket timeout to 30000
2021-06-06T09:17:14.566-0500 [DEBUG] [org.apache.http.impl.conn.DefaultManagedHttpClientConnection] http-outgoing-11: set socket timeout to 30000
2021-06-06T09:17:14.566-0500 [DEBUG] [org.apache.http.impl.execchain.MainClientExec] Executing request GET /maven2/org/apache/commons/commons-parent/35/commons-parent-35.pom HTTP/1.1
2021-06-06T09:17:14.566-0500 [DEBUG] [org.apache.http.impl.execchain.MainClientExec] Target auth state: UNCHALLENGED
2021-06-06T09:17:14.566-0500 [DEBUG] [org.apache.http.impl.execchain.MainClientExec] Proxy auth state: UNCHALLENGED
2021-06-06T09:17:14.582-0500 [DEBUG] [org.apache.http.impl.execchain.MainClientExec] Connection can be kept alive indefinitely
2021-06-06T09:17:14.582-0500 [DEBUG] [org.apache.http.impl.conn.PoolingHttpClientConnectionManager] Connection [id: 5][route: {s}->https://dl.google.com:443] can be kept alive indefinitely
2021-06-06T09:17:14.582-0500 [DEBUG] [org.apache.http.impl.conn.DefaultManagedHttpClientConnection] http-outgoing-5: set socket timeout to 0
2021-06-06T09:17:14.582-0500 [DEBUG] [org.apache.http.impl.conn.PoolingHttpClientConnectionManager] Connection released: [id: 5][route: {s}->https://dl.google.com:443][total kept alive: 8; route allocated: 8 of 20; total allocated: 8 of 20]
2021-06-06T09:17:14.582-0500 [INFO] [org.gradle.internal.resource.transport.http.HttpClientHelper] Resource missing. [HTTP HEAD: https://dl.google.com/dl/android/maven2/org/apache/commons/commons-parent/34/commons-parent-34.pom]
2021-06-06T09:17:14.582-0500 [DEBUG] [org.gradle.internal.operations.DefaultBuildOperationRunner] Build operation 'Metadata of https://dl.google.com/dl/android/maven2/org/apache/commons/commons-parent/34/commons-parent-34.pom' completed
2021-06-06T09:17:14.582-0500 [DEBUG] [org.gradle.api.internal.artifacts.repositories.resolver.ExternalResourceResolver] No meta-data file or artifact found for module 'org.apache.commons:commons-parent:34' in repository 'Google'.
2021-06-06T09:17:14.582-0500 [DEBUG] [org.gradle.api.internal.artifacts.ivyservice.modulecache.PersistentModuleMetadataCache] Recording absence of module descriptor in cache: org.apache.commons:commons-parent:34 [changing = false]
2021-06-06T09:17:14.582-0500 [DEBUG] [org.gradle.api.internal.artifacts.repositories.resolver.DefaultExternalResourceArtifactResolver] Loading https://repo.maven.apache.org/maven2/org/apache/commons/commons-parent/34/commons-parent-34.pom
2021-06-06T09:17:14.583-0500 [DEBUG] [org.gradle.internal.resource.transfer.DefaultCacheAwareExternalResourceAccessor] Constructing external resource: https://repo.maven.apache.org/maven2/org/apache/commons/commons-parent/34/commons-parent-34.pom
2021-06-06T09:17:14.584-0500 [DEBUG] [org.gradle.internal.resource.transport.http.HttpResourceAccessor] Constructing external resource metadata: https://repo.maven.apache.org/maven2/org/apache/commons/commons-parent/34/commons-parent-34.pom
2021-06-06T09:17:14.584-0500 [DEBUG] [org.gradle.internal.resource.transport.http.HttpClientHelper] Performing HTTP HEAD: https://repo.maven.apache.org/maven2/org/apache/commons/commons-parent/34/commons-parent-34.pom
2021-06-06T09:17:14.584-0500 [DEBUG] [org.apache.http.client.protocol.RequestAddCookies] CookieSpec selected: default
2021-06-06T09:17:14.584-0500 [DEBUG] [org.apache.http.client.protocol.RequestAuthCache] Auth cache not set in the context
2021-06-06T09:17:14.584-0500 [DEBUG] [org.apache.http.impl.conn.PoolingHttpClientConnectionManager] Connection request: [route: {s}->https://repo.maven.apache.org:443][total kept alive: 7; route allocated: 8 of 20; total allocated: 8 of 20]
2021-06-06T09:17:14.584-0500 [DEBUG] [org.apache.http.impl.conn.PoolingHttpClientConnectionManager] Connection leased: [id: 14][route: {s}->https://repo.maven.apache.org:443][total kept alive: 6; route allocated: 8 of 20; total allocated: 8 of 20]
2021-06-06T09:17:14.584-0500 [DEBUG] [org.apache.http.impl.conn.DefaultManagedHttpClientConnection] http-outgoing-14: set socket timeout to 30000
2021-06-06T09:17:14.584-0500 [DEBUG] [org.apache.http.impl.conn.DefaultManagedHttpClientConnection] http-outgoing-14: set socket timeout to 30000
2021-06-06T09:17:14.584-0500 [DEBUG] [org.apache.http.impl.execchain.MainClientExec] Executing request HEAD /maven2/org/apache/commons/commons-parent/34/commons-parent-34.pom HTTP/1.1
2021-06-06T09:17:14.584-0500 [DEBUG] [org.apache.http.impl.execchain.MainClientExec] Target auth state: UNCHALLENGED
2021-06-06T09:17:14.585-0500 [DEBUG] [org.apache.http.impl.execchain.MainClientExec] Proxy auth state: UNCHALLENGED
2021-06-06T09:17:14.585-0500 [DEBUG] [org.apache.http.impl.execchain.MainClientExec] Connection can be kept alive indefinitely
2021-06-06T09:17:14.586-0500 [DEBUG] [org.gradle.internal.resource.transport.http.HttpResponseResource] Attempting to download resource https://repo.maven.apache.org/maven2/org/apache/commons/commons-parent/35/commons-parent-35.pom.
2021-06-06T09:17:14.587-0500 [INFO] [org.gradle.internal.resource.transfer.DefaultCacheAwareExternalResourceAccessor] Downloading https://repo.maven.apache.org/maven2/org/apache/commons/commons-parent/35/commons-parent-35.pom to C:\Users\gathi\AppData\Local\Temp\gradle_download14109064475221631671bin
2021-06-06T09:17:14.604-0500 [DEBUG] [org.apache.http.impl.execchain.MainClientExec] Connection can be kept alive indefinitely
2021-06-06T09:17:14.605-0500 [DEBUG] [org.apache.http.impl.conn.PoolingHttpClientConnectionManager] Connection [id: 14][route: {s}->https://repo.maven.apache.org:443] can be kept alive indefinitely
2021-06-06T09:17:14.605-0500 [DEBUG] [org.apache.http.impl.conn.DefaultManagedHttpClientConnection] http-outgoing-14: set socket timeout to 0
2021-06-06T09:17:14.605-0500 [DEBUG] [org.apache.http.impl.conn.PoolingHttpClientConnectionManager] Connection released: [id: 14][route: {s}->https://repo.maven.apache.org:443][total kept alive: 7; route allocated: 8 of 20; total allocated: 8 of 20]
2021-06-06T09:17:14.605-0500 [DEBUG] [org.gradle.internal.operations.DefaultBuildOperationRunner] Build operation 'Metadata of https://repo.maven.apache.org/maven2/org/apache/commons/commons-parent/34/commons-parent-34.pom' completed
2021-06-06T09:17:14.606-0500 [DEBUG] [org.apache.http.impl.conn.PoolingHttpClientConnectionManager] Connection [id: 11][route: {s}->https://repo.maven.apache.org:443] can be kept alive indefinitely
2021-06-06T09:17:14.606-0500 [DEBUG] [org.apache.http.impl.conn.DefaultManagedHttpClientConnection] http-outgoing-11: set socket timeout to 0
2021-06-06T09:17:14.606-0500 [DEBUG] [org.apache.http.impl.conn.PoolingHttpClientConnectionManager] Connection released: [id: 11][route: {s}->https://repo.maven.apache.org:443][total kept alive: 8; route allocated: 8 of 20; total allocated: 8 of 20]
2021-06-06T09:17:14.607-0500 [DEBUG] [org.gradle.internal.operations.DefaultBuildOperationRunner] Build operation 'Download https://repo.maven.apache.org/maven2/org/apache/commons/commons-parent/35/commons-parent-35.pom' completed
2021-06-06T09:17:14.607-0500 [INFO] [org.gradle.internal.resource.transfer.DefaultCacheAwareExternalResourceAccessor] Found locally available resource with matching checksum: [https://repo.maven.apache.org/maven2/org/apache/commons/commons-parent/34/commons-parent-34.pom, C:\Users\gathi\.m2\repository\org\apache\commons\commons-parent\34\commons-parent-34.pom]
2021-06-06T09:17:14.616-0500 [DEBUG] [org.gradle.api.internal.artifacts.ivyservice.ivyresolve.RepositoryChainComponentMetaDataResolver] Attempting to resolve component for org.apache:apache:15 using repositories [Google, MavenRepo]
2021-06-06T09:17:14.616-0500 [DEBUG] [org.gradle.api.internal.artifacts.repositories.resolver.DefaultExternalResourceArtifactResolver] Loading https://dl.google.com/dl/android/maven2/org/apache/apache/15/apache-15.pom
2021-06-06T09:17:14.616-0500 [DEBUG] [org.gradle.internal.resource.transfer.DefaultCacheAwareExternalResourceAccessor] Constructing external resource: https://dl.google.com/dl/android/maven2/org/apache/apache/15/apache-15.pom
2021-06-06T09:17:14.618-0500 [DEBUG] [org.gradle.internal.resource.transport.http.HttpResourceAccessor] Constructing external resource metadata: https://dl.google.com/dl/android/maven2/org/apache/apache/15/apache-15.pom
2021-06-06T09:17:14.618-0500 [DEBUG] [org.gradle.internal.resource.transport.http.HttpClientHelper] Performing HTTP HEAD: https://dl.google.com/dl/android/maven2/org/apache/apache/15/apache-15.pom
2021-06-06T09:17:14.619-0500 [DEBUG] [org.apache.http.client.protocol.RequestAddCookies] CookieSpec selected: default
2021-06-06T09:17:14.619-0500 [DEBUG] [org.apache.http.client.protocol.RequestAuthCache] Auth cache not set in the context
2021-06-06T09:17:14.619-0500 [DEBUG] [org.apache.http.impl.conn.PoolingHttpClientConnectionManager] Connection request: [route: {s}->https://dl.google.com:443][total kept alive: 8; route allocated: 8 of 20; total allocated: 8 of 20]
2021-06-06T09:17:14.619-0500 [DEBUG] [org.apache.http.impl.conn.PoolingHttpClientConnectionManager] Connection leased: [id: 5][route: {s}->https://dl.google.com:443][total kept alive: 7; route allocated: 8 of 20; total allocated: 8 of 20]
2021-06-06T09:17:14.619-0500 [DEBUG] [org.apache.http.impl.conn.DefaultManagedHttpClientConnection] http-outgoing-5: set socket timeout to 30000
2021-06-06T09:17:14.619-0500 [DEBUG] [org.apache.http.impl.conn.DefaultManagedHttpClientConnection] http-outgoing-5: set socket timeout to 30000
2021-06-06T09:17:14.619-0500 [DEBUG] [org.apache.http.impl.execchain.MainClientExec] Executing request HEAD /dl/android/maven2/org/apache/apache/15/apache-15.pom HTTP/1.1
2021-06-06T09:17:14.619-0500 [DEBUG] [org.apache.http.impl.execchain.MainClientExec] Target auth state: UNCHALLENGED
2021-06-06T09:17:14.619-0500 [DEBUG] [org.apache.http.impl.execchain.MainClientExec] Proxy auth state: UNCHALLENGED
2021-06-06T09:17:14.619-0500 [DEBUG] [org.gradle.api.internal.artifacts.ivyservice.ivyresolve.RepositoryChainComponentMetaDataResolver] Attempting to resolve component for org.apache:apache:13 using repositories [Google, MavenRepo]
2021-06-06T09:17:14.619-0500 [DEBUG] [org.gradle.api.internal.artifacts.repositories.resolver.DefaultExternalResourceArtifactResolver] Loading https://dl.google.com/dl/android/maven2/org/apache/apache/13/apache-13.pom
2021-06-06T09:17:14.619-0500 [DEBUG] [org.gradle.internal.resource.transfer.DefaultCacheAwareExternalResourceAccessor] Constructing external resource: https://dl.google.com/dl/android/maven2/org/apache/apache/13/apache-13.pom
2021-06-06T09:17:14.621-0500 [DEBUG] [org.gradle.internal.resource.transport.http.HttpResourceAccessor] Constructing external resource metadata: https://dl.google.com/dl/android/maven2/org/apache/apache/13/apache-13.pom
2021-06-06T09:17:14.621-0500 [DEBUG] [org.gradle.internal.resource.transport.http.HttpClientHelper] Performing HTTP HEAD: https://dl.google.com/dl/android/maven2/org/apache/apache/13/apache-13.pom
2021-06-06T09:17:14.621-0500 [DEBUG] [org.apache.http.client.protocol.RequestAddCookies] CookieSpec selected: default
2021-06-06T09:17:14.621-0500 [DEBUG] [org.apache.http.client.protocol.RequestAuthCache] Auth cache not set in the context
2021-06-06T09:17:14.622-0500 [DEBUG] [org.apache.http.impl.conn.PoolingHttpClientConnectionManager] Connection request: [route: {s}->https://dl.google.com:443][total kept alive: 7; route allocated: 8 of 20; total allocated: 8 of 20]
2021-06-06T09:17:14.622-0500 [DEBUG] [org.apache.http.impl.conn.PoolingHttpClientConnectionManager] Connection leased: [id: 4][route: {s}->https://dl.google.com:443][total kept alive: 6; route allocated: 8 of 20; total allocated: 8 of 20]
2021-06-06T09:17:14.622-0500 [DEBUG] [org.apache.http.impl.conn.DefaultManagedHttpClientConnection] http-outgoing-4: set socket timeout to 30000
2021-06-06T09:17:14.622-0500 [DEBUG] [org.apache.http.impl.conn.DefaultManagedHttpClientConnection] http-outgoing-4: set socket timeout to 30000
2021-06-06T09:17:14.622-0500 [DEBUG] [org.apache.http.impl.execchain.MainClientExec] Executing request HEAD /dl/android/maven2/org/apache/apache/13/apache-13.pom HTTP/1.1
2021-06-06T09:17:14.622-0500 [DEBUG] [org.apache.http.impl.execchain.MainClientExec] Target auth state: UNCHALLENGED
2021-06-06T09:17:14.622-0500 [DEBUG] [org.apache.http.impl.execchain.MainClientExec] Proxy auth state: UNCHALLENGED
2021-06-06T09:17:14.658-0500 [DEBUG] [org.apache.http.impl.execchain.MainClientExec] Connection can be kept alive indefinitely
2021-06-06T09:17:14.658-0500 [DEBUG] [org.apache.http.impl.conn.PoolingHttpClientConnectionManager] Connection [id: 5][route: {s}->https://dl.google.com:443] can be kept alive indefinitely
2021-06-06T09:17:14.658-0500 [DEBUG] [org.apache.http.impl.conn.DefaultManagedHttpClientConnection] http-outgoing-5: set socket timeout to 0
2021-06-06T09:17:14.658-0500 [DEBUG] [org.apache.http.impl.conn.PoolingHttpClientConnectionManager] Connection released: [id: 5][route: {s}->https://dl.google.com:443][total kept alive: 7; route allocated: 8 of 20; total allocated: 8 of 20]
2021-06-06T09:17:14.659-0500 [INFO] [org.gradle.internal.resource.transport.http.HttpClientHelper] Resource missing. [HTTP HEAD: https://dl.google.com/dl/android/maven2/org/apache/apache/15/apache-15.pom]
2021-06-06T09:17:14.659-0500 [DEBUG] [org.gradle.internal.operations.DefaultBuildOperationRunner] Build operation 'Metadata of https://dl.google.com/dl/android/maven2/org/apache/apache/15/apache-15.pom' completed
2021-06-06T09:17:14.659-0500 [DEBUG] [org.gradle.api.internal.artifacts.repositories.resolver.ExternalResourceResolver] No meta-data file or artifact found for module 'org.apache:apache:15' in repository 'Google'.
2021-06-06T09:17:14.659-0500 [DEBUG] [org.gradle.api.internal.artifacts.ivyservice.modulecache.PersistentModuleMetadataCache] Recording absence of module descriptor in cache: org.apache:apache:15 [changing = false]
2021-06-06T09:17:14.659-0500 [DEBUG] [org.gradle.api.internal.artifacts.repositories.resolver.DefaultExternalResourceArtifactResolver] Loading https://repo.maven.apache.org/maven2/org/apache/apache/15/apache-15.pom
2021-06-06T09:17:14.659-0500 [DEBUG] [org.gradle.internal.resource.transfer.DefaultCacheAwareExternalResourceAccessor] Constructing external resource: https://repo.maven.apache.org/maven2/org/apache/apache/15/apache-15.pom
2021-06-06T09:17:14.660-0500 [DEBUG] [org.apache.http.impl.execchain.MainClientExec] Connection can be kept alive indefinitely
2021-06-06T09:17:14.660-0500 [DEBUG] [org.apache.http.impl.conn.PoolingHttpClientConnectionManager] Connection [id: 4][route: {s}->https://dl.google.com:443] can be kept alive indefinitely
2021-06-06T09:17:14.660-0500 [DEBUG] [org.apache.http.impl.conn.DefaultManagedHttpClientConnection] http-outgoing-4: set socket timeout to 0
2021-06-06T09:17:14.660-0500 [DEBUG] [org.apache.http.impl.conn.PoolingHttpClientConnectionManager] Connection released: [id: 4][route: {s}->https://dl.google.com:443][total kept alive: 8; route allocated: 8 of 20; total allocated: 8 of 20]
2021-06-06T09:17:14.660-0500 [INFO] [org.gradle.internal.resource.transport.http.HttpClientHelper] Resource missing. [HTTP HEAD: https://dl.google.com/dl/android/maven2/org/apache/apache/13/apache-13.pom]
2021-06-06T09:17:14.661-0500 [DEBUG] [org.gradle.internal.operations.DefaultBuildOperationRunner] Build operation 'Metadata of https://dl.google.com/dl/android/maven2/org/apache/apache/13/apache-13.pom' completed
2021-06-06T09:17:14.661-0500 [DEBUG] [org.gradle.api.internal.artifacts.repositories.resolver.ExternalResourceResolver] No meta-data file or artifact found for module 'org.apache:apache:13' in repository 'Google'.
2021-06-06T09:17:14.661-0500 [DEBUG] [org.gradle.internal.resource.transport.http.HttpResourceAccessor] Constructing external resource metadata: https://repo.maven.apache.org/maven2/org/apache/apache/15/apache-15.pom
2021-06-06T09:17:14.661-0500 [DEBUG] [org.gradle.api.internal.artifacts.ivyservice.modulecache.PersistentModuleMetadataCache] Recording absence of module descriptor in cache: org.apache:apache:13 [changing = false]
2021-06-06T09:17:14.661-0500 [DEBUG] [org.gradle.internal.resource.transport.http.HttpClientHelper] Performing HTTP HEAD: https://repo.maven.apache.org/maven2/org/apache/apache/15/apache-15.pom
2021-06-06T09:17:14.661-0500 [DEBUG] [org.apache.http.client.protocol.RequestAddCookies] CookieSpec selected: default
2021-06-06T09:17:14.661-0500 [DEBUG] [org.gradle.api.internal.artifacts.repositories.resolver.DefaultExternalResourceArtifactResolver] Loading https://repo.maven.apache.org/maven2/org/apache/apache/13/apache-13.pom
2021-06-06T09:17:14.661-0500 [DEBUG] [org.apache.http.client.protocol.RequestAuthCache] Auth cache not set in the context
2021-06-06T09:17:14.661-0500 [DEBUG] [org.apache.http.impl.conn.PoolingHttpClientConnectionManager] Connection request: [route: {s}->https://repo.maven.apache.org:443][total kept alive: 8; route allocated: 8 of 20; total allocated: 8 of 20]
2021-06-06T09:17:14.662-0500 [DEBUG] [org.apache.http.impl.conn.PoolingHttpClientConnectionManager] Connection leased: [id: 11][route: {s}->https://repo.maven.apache.org:443][total kept alive: 7; route allocated: 8 of 20; total allocated: 8 of 20]
2021-06-06T09:17:14.662-0500 [DEBUG] [org.apache.http.impl.conn.DefaultManagedHttpClientConnection] http-outgoing-11: set socket timeout to 30000
2021-06-06T09:17:14.662-0500 [DEBUG] [org.apache.http.impl.conn.DefaultManagedHttpClientConnection] http-outgoing-11: set socket timeout to 30000
2021-06-06T09:17:14.662-0500 [DEBUG] [org.apache.http.impl.execchain.MainClientExec] Executing request HEAD /maven2/org/apache/apache/15/apache-15.pom HTTP/1.1
2021-06-06T09:17:14.662-0500 [DEBUG] [org.apache.http.impl.execchain.MainClientExec] Target auth state: UNCHALLENGED
2021-06-06T09:17:14.661-0500 [DEBUG] [org.gradle.internal.resource.transfer.DefaultCacheAwareExternalResourceAccessor] Constructing external resource: https://repo.maven.apache.org/maven2/org/apache/apache/13/apache-13.pom
2021-06-06T09:17:14.662-0500 [DEBUG] [org.apache.http.impl.execchain.MainClientExec] Proxy auth state: UNCHALLENGED
2021-06-06T09:17:14.663-0500 [DEBUG] [org.gradle.internal.resource.transport.http.HttpResourceAccessor] Constructing external resource metadata: https://repo.maven.apache.org/maven2/org/apache/apache/13/apache-13.pom
2021-06-06T09:17:14.663-0500 [DEBUG] [org.gradle.internal.resource.transport.http.HttpClientHelper] Performing HTTP HEAD: https://repo.maven.apache.org/maven2/org/apache/apache/13/apache-13.pom
2021-06-06T09:17:14.663-0500 [DEBUG] [org.apache.http.client.protocol.RequestAddCookies] CookieSpec selected: default
2021-06-06T09:17:14.663-0500 [DEBUG] [org.apache.http.client.protocol.RequestAuthCache] Auth cache not set in the context
2021-06-06T09:17:14.663-0500 [DEBUG] [org.apache.http.impl.conn.PoolingHttpClientConnectionManager] Connection request: [route: {s}->https://repo.maven.apache.org:443][total kept alive: 7; route allocated: 8 of 20; total allocated: 8 of 20]
2021-06-06T09:17:14.663-0500 [DEBUG] [org.apache.http.impl.conn.PoolingHttpClientConnectionManager] Connection leased: [id: 14][route: {s}->https://repo.maven.apache.org:443][total kept alive: 6; route allocated: 8 of 20; total allocated: 8 of 20]
2021-06-06T09:17:14.663-0500 [DEBUG] [org.apache.http.impl.conn.DefaultManagedHttpClientConnection] http-outgoing-14: set socket timeout to 30000
2021-06-06T09:17:14.663-0500 [DEBUG] [org.apache.http.impl.conn.DefaultManagedHttpClientConnection] http-outgoing-14: set socket timeout to 30000
2021-06-06T09:17:14.664-0500 [DEBUG] [org.apache.http.impl.execchain.MainClientExec] Executing request HEAD /maven2/org/apache/apache/13/apache-13.pom HTTP/1.1
2021-06-06T09:17:14.664-0500 [DEBUG] [org.apache.http.impl.execchain.MainClientExec] Target auth state: UNCHALLENGED
2021-06-06T09:17:14.664-0500 [DEBUG] [org.apache.http.impl.execchain.MainClientExec] Proxy auth state: UNCHALLENGED
2021-06-06T09:17:14.677-0500 [DEBUG] [org.apache.http.impl.execchain.MainClientExec] Connection can be kept alive indefinitely
2021-06-06T09:17:14.677-0500 [DEBUG] [org.apache.http.impl.conn.PoolingHttpClientConnectionManager] Connection [id: 11][route: {s}->https://repo.maven.apache.org:443] can be kept alive indefinitely
2021-06-06T09:17:14.677-0500 [DEBUG] [org.apache.http.impl.conn.DefaultManagedHttpClientConnection] http-outgoing-11: set socket timeout to 0
2021-06-06T09:17:14.677-0500 [DEBUG] [org.apache.http.impl.conn.PoolingHttpClientConnectionManager] Connection released: [id: 11][route: {s}->https://repo.maven.apache.org:443][total kept alive: 7; route allocated: 8 of 20; total allocated: 8 of 20]
2021-06-06T09:17:14.678-0500 [DEBUG] [org.gradle.internal.operations.DefaultBuildOperationRunner] Build operation 'Metadata of https://repo.maven.apache.org/maven2/org/apache/apache/15/apache-15.pom' completed
2021-06-06T09:17:14.679-0500 [INFO] [org.gradle.internal.resource.transfer.DefaultCacheAwareExternalResourceAccessor] Found locally available resource with matching checksum: [https://repo.maven.apache.org/maven2/org/apache/apache/15/apache-15.pom, C:\Users\gathi\.m2\repository\org\apache\apache\15\apache-15.pom]
2021-06-06T09:17:14.680-0500 [DEBUG] [org.apache.http.impl.execchain.MainClientExec] Connection can be kept alive indefinitely
2021-06-06T09:17:14.680-0500 [DEBUG] [org.apache.http.impl.conn.PoolingHttpClientConnectionManager] Connection [id: 14][route: {s}->https://repo.maven.apache.org:443] can be kept alive indefinitely
2021-06-06T09:17:14.680-0500 [DEBUG] [org.apache.http.impl.conn.DefaultManagedHttpClientConnection] http-outgoing-14: set socket timeout to 0
2021-06-06T09:17:14.680-0500 [DEBUG] [org.apache.http.impl.conn.PoolingHttpClientConnectionManager] Connection released: [id: 14][route: {s}->https://repo.maven.apache.org:443][total kept alive: 8; route allocated: 8 of 20; total allocated: 8 of 20]
2021-06-06T09:17:14.680-0500 [DEBUG] [org.gradle.internal.operations.DefaultBuildOperationRunner] Build operation 'Metadata of https://repo.maven.apache.org/maven2/org/apache/apache/13/apache-13.pom' completed
2021-06-06T09:17:14.682-0500 [INFO] [org.gradle.internal.resource.transfer.DefaultCacheAwareExternalResourceAccessor] Found locally available resource with matching checksum: [https://repo.maven.apache.org/maven2/org/apache/apache/13/apache-13.pom, C:\Users\gathi\.m2\repository\org\apache\apache\13\apache-13.pom]
2021-06-06T09:17:14.689-0500 [DEBUG] [org.gradle.api.internal.artifacts.repositories.resolver.ExternalResourceResolver] Metadata file found for module 'org.apache:apache:15' in repository 'MavenRepo'.
2021-06-06T09:17:14.689-0500 [DEBUG] [org.gradle.api.internal.artifacts.ivyservice.modulecache.PersistentModuleMetadataCache] Recording module descriptor in cache: org.apache:apache:15 [changing = false]
2021-06-06T09:17:14.692-0500 [DEBUG] [org.gradle.api.internal.artifacts.ivyservice.ivyresolve.RepositoryChainComponentMetaDataResolver] Using org.apache:apache:15 from Maven repository 'MavenRepo'
2021-06-06T09:17:14.693-0500 [DEBUG] [org.gradle.api.internal.artifacts.repositories.resolver.DefaultExternalResourceArtifactResolver] Loading https://repo.maven.apache.org/maven2/org/apache/apache/15/apache-15.pom
2021-06-06T09:17:14.693-0500 [DEBUG] [org.gradle.internal.resource.transfer.DefaultCacheAwareExternalResourceAccessor] Constructing external resource: https://repo.maven.apache.org/maven2/org/apache/apache/15/apache-15.pom
2021-06-06T09:17:14.693-0500 [DEBUG] [org.gradle.api.internal.artifacts.repositories.resolver.ExternalResourceResolver] Metadata file found for module 'org.apache:apache:13' in repository 'MavenRepo'.
2021-06-06T09:17:14.693-0500 [DEBUG] [org.gradle.api.internal.artifacts.ivyservice.ivyresolve.CachingModuleComponentRepository] Downloaded artifact 'apache-15.pom (org.apache:apache:15)' from resolver: MavenRepo
2021-06-06T09:17:14.693-0500 [DEBUG] [org.gradle.api.internal.artifacts.ivyservice.modulecache.PersistentModuleMetadataCache] Recording module descriptor in cache: org.apache:apache:13 [changing = false]
2021-06-06T09:17:14.696-0500 [DEBUG] [org.gradle.api.internal.artifacts.ivyservice.ivyresolve.RepositoryChainComponentMetaDataResolver] Using org.apache:apache:13 from Maven repository 'MavenRepo'
2021-06-06T09:17:14.696-0500 [DEBUG] [org.gradle.api.internal.artifacts.repositories.resolver.DefaultExternalResourceArtifactResolver] Loading https://repo.maven.apache.org/maven2/org/apache/apache/13/apache-13.pom
2021-06-06T09:17:14.696-0500 [DEBUG] [org.gradle.internal.resource.transfer.DefaultCacheAwareExternalResourceAccessor] Constructing external resource: https://repo.maven.apache.org/maven2/org/apache/apache/13/apache-13.pom
2021-06-06T09:17:14.697-0500 [DEBUG] [org.gradle.api.internal.artifacts.ivyservice.ivyresolve.CachingModuleComponentRepository] Downloaded artifact 'apache-13.pom (org.apache:apache:13)' from resolver: MavenRepo
2021-06-06T09:17:14.698-0500 [DEBUG] [org.gradle.api.internal.artifacts.repositories.resolver.ExternalResourceResolver] Metadata file found for module 'org.apache.commons:commons-parent:35' in repository 'MavenRepo'.
2021-06-06T09:17:14.698-0500 [DEBUG] [org.gradle.api.internal.artifacts.ivyservice.modulecache.PersistentModuleMetadataCache] Recording module descriptor in cache: org.apache.commons:commons-parent:35 [changing = false]
2021-06-06T09:17:14.701-0500 [DEBUG] [org.gradle.api.internal.artifacts.ivyservice.ivyresolve.RepositoryChainComponentMetaDataResolver] Using org.apache.commons:commons-parent:35 from Maven repository 'MavenRepo'
2021-06-06T09:17:14.701-0500 [DEBUG] [org.gradle.api.internal.artifacts.repositories.resolver.DefaultExternalResourceArtifactResolver] Loading https://repo.maven.apache.org/maven2/org/apache/commons/commons-parent/35/commons-parent-35.pom
2021-06-06T09:17:14.701-0500 [DEBUG] [org.gradle.internal.resource.transfer.DefaultCacheAwareExternalResourceAccessor] Constructing external resource: https://repo.maven.apache.org/maven2/org/apache/commons/commons-parent/35/commons-parent-35.pom
2021-06-06T09:17:14.701-0500 [DEBUG] [org.gradle.api.internal.artifacts.repositories.resolver.ExternalResourceResolver] Metadata file found for module 'org.apache.commons:commons-parent:34' in repository 'MavenRepo'.
2021-06-06T09:17:14.701-0500 [DEBUG] [org.gradle.api.internal.artifacts.ivyservice.modulecache.PersistentModuleMetadataCache] Recording module descriptor in cache: org.apache.commons:commons-parent:34 [changing = false]
2021-06-06T09:17:14.701-0500 [DEBUG] [org.gradle.api.internal.artifacts.ivyservice.ivyresolve.CachingModuleComponentRepository] Downloaded artifact 'commons-parent-35.pom (org.apache.commons:commons-parent:35)' from resolver: MavenRepo
2021-06-06T09:17:14.704-0500 [DEBUG] [org.gradle.api.internal.artifacts.ivyservice.ivyresolve.RepositoryChainComponentMetaDataResolver] Using org.apache.commons:commons-parent:34 from Maven repository 'MavenRepo'
2021-06-06T09:17:14.704-0500 [DEBUG] [org.gradle.api.internal.artifacts.repositories.resolver.DefaultExternalResourceArtifactResolver] Loading https://repo.maven.apache.org/maven2/org/apache/commons/commons-parent/34/commons-parent-34.pom
2021-06-06T09:17:14.704-0500 [DEBUG] [org.gradle.internal.resource.transfer.DefaultCacheAwareExternalResourceAccessor] Constructing external resource: https://repo.maven.apache.org/maven2/org/apache/commons/commons-parent/34/commons-parent-34.pom
2021-06-06T09:17:14.705-0500 [DEBUG] [org.gradle.api.internal.artifacts.ivyservice.ivyresolve.CachingModuleComponentRepository] Downloaded artifact 'commons-parent-34.pom (org.apache.commons:commons-parent:34)' from resolver: MavenRepo
2021-06-06T09:17:14.709-0500 [DEBUG] [org.gradle.api.internal.artifacts.ivyservice.ivyresolve.RepositoryChainComponentMetaDataResolver] Attempting to resolve component for org.apache:apache:15 using repositories [Google, MavenRepo]
2021-06-06T09:17:14.709-0500 [DEBUG] [org.gradle.api.internal.artifacts.ivyservice.ivyresolve.CachingModuleComponentRepository] Detected non-existence of module 'org.apache:apache:15' in resolver cache 'Google'
2021-06-06T09:17:14.709-0500 [DEBUG] [org.gradle.api.internal.artifacts.ivyservice.ivyresolve.CachingModuleComponentRepository] Using cached module metadata for module 'org.apache:apache:15' in 'MavenRepo'
2021-06-06T09:17:14.709-0500 [DEBUG] [org.gradle.api.internal.artifacts.ivyservice.ivyresolve.RepositoryChainComponentMetaDataResolver] Using org.apache:apache:15 from Maven repository 'MavenRepo'
2021-06-06T09:17:14.709-0500 [DEBUG] [org.gradle.api.internal.artifacts.ivyservice.ivyresolve.CachingModuleComponentRepository] Found artifact 'apache-15.pom (org.apache:apache:15)' in resolver cache: C:\Users\gathi\.gradle\caches\modules-2\files-2.1\org.apache\apache\15\95c70374817194cabfeec410fe70c3a6b832bafe\apache-15.pom
2021-06-06T09:17:14.710-0500 [DEBUG] [org.gradle.api.internal.artifacts.ivyservice.ivyresolve.RepositoryChainComponentMetaDataResolver] Attempting to resolve component for org.apache:apache:13 using repositories [Google, MavenRepo]
2021-06-06T09:17:14.710-0500 [DEBUG] [org.gradle.api.internal.artifacts.ivyservice.ivyresolve.CachingModuleComponentRepository] Detected non-existence of module 'org.apache:apache:13' in resolver cache 'Google'
2021-06-06T09:17:14.710-0500 [DEBUG] [org.gradle.api.internal.artifacts.ivyservice.ivyresolve.CachingModuleComponentRepository] Using cached module metadata for module 'org.apache:apache:13' in 'MavenRepo'
2021-06-06T09:17:14.710-0500 [DEBUG] [org.gradle.api.internal.artifacts.ivyservice.ivyresolve.RepositoryChainComponentMetaDataResolver] Using org.apache:apache:13 from Maven repository 'MavenRepo'
2021-06-06T09:17:14.710-0500 [DEBUG] [org.gradle.api.internal.artifacts.ivyservice.ivyresolve.CachingModuleComponentRepository] Found artifact 'apache-13.pom (org.apache:apache:13)' in resolver cache: C:\Users\gathi\.gradle\caches\modules-2\files-2.1\org.apache\apache\13\15aff1faaec4963617f07dbe8e603f0adabc3a12\apache-13.pom
2021-06-06T09:17:14.713-0500 [DEBUG] [org.gradle.api.internal.artifacts.repositories.resolver.ExternalResourceResolver] Metadata file found for module 'commons-codec:commons-codec:1.10' in repository 'MavenRepo'.
2021-06-06T09:17:14.713-0500 [DEBUG] [org.gradle.api.internal.artifacts.repositories.resolver.ExternalResourceResolver] Metadata file found for module 'commons-logging:commons-logging:1.2' in repository 'MavenRepo'.
2021-06-06T09:17:14.713-0500 [DEBUG] [org.gradle.api.internal.artifacts.ivyservice.modulecache.PersistentModuleMetadataCache] Recording module descriptor in cache: commons-codec:commons-codec:1.10 [changing = false]
2021-06-06T09:17:14.713-0500 [DEBUG] [org.gradle.api.internal.artifacts.ivyservice.modulecache.PersistentModuleMetadataCache] Recording module descriptor in cache: commons-logging:commons-logging:1.2 [changing = false]
2021-06-06T09:17:14.717-0500 [DEBUG] [org.gradle.api.internal.artifacts.ivyservice.ivyresolve.RepositoryChainComponentMetaDataResolver] Using commons-codec:commons-codec:1.10 from Maven repository 'MavenRepo'
2021-06-06T09:17:14.720-0500 [DEBUG] [org.gradle.api.internal.artifacts.ivyservice.ivyresolve.RepositoryChainComponentMetaDataResolver] Using commons-logging:commons-logging:1.2 from Maven repository 'MavenRepo'
2021-06-06T09:17:14.720-0500 [DEBUG] [org.gradle.internal.operations.DefaultBuildOperationRunner] Build operation 'Resolve commons-logging:commons-logging:1.2' completed
2021-06-06T09:17:14.720-0500 [DEBUG] [org.gradle.internal.work.DefaultWorkerLeaseService] Worker lease root.1.80.81 completed (1 worker(s) in use)
2021-06-06T09:17:14.720-0500 [DEBUG] [org.gradle.internal.resources.AbstractTrackedResourceLock] Daemon worker: released lock on root.1.80.81
2021-06-06T09:17:14.721-0500 [DEBUG] [org.gradle.api.internal.artifacts.ivyservice.resolveengine.graph.builder.DependencyGraphBuilder] Visiting configuration com.android.tools.lint:lint-model:27.2.1(runtimeElements).
2021-06-06T09:17:14.721-0500 [DEBUG] [org.gradle.api.internal.artifacts.ivyservice.resolveengine.graph.builder.DependencyGraphBuilder] Visiting configuration androidx.databinding:databinding-common:4.2.1(runtimeElements).
2021-06-06T09:17:14.721-0500 [DEBUG] [org.gradle.api.internal.artifacts.ivyservice.resolveengine.graph.builder.DependencyGraphBuilder] Visiting configuration com.android.databinding:baseLibrary:4.2.1(runtimeElements).
2021-06-06T09:17:14.721-0500 [DEBUG] [org.gradle.api.internal.artifacts.ivyservice.resolveengine.graph.builder.DependencyGraphBuilder] Visiting configuration org.antlr:antlr4:4.5.3(runtime).
2021-06-06T09:17:14.721-0500 [DEBUG] [org.gradle.api.internal.artifacts.ivyservice.resolveengine.graph.builder.DependencyGraphBuilder] Visiting configuration commons-io:commons-io:2.4(runtime).
2021-06-06T09:17:14.721-0500 [DEBUG] [org.gradle.api.internal.artifacts.ivyservice.resolveengine.graph.builder.DependencyGraphBuilder] Visiting configuration com.googlecode.juniversalchardet:juniversalchardet:1.0.3(runtime).
2021-06-06T09:17:14.722-0500 [DEBUG] [org.gradle.api.internal.artifacts.ivyservice.resolveengine.graph.builder.DependencyGraphBuilder] Visiting configuration org.glassfish.jaxb:jaxb-runtime:2.3.2(runtime).
2021-06-06T09:17:14.722-0500 [DEBUG] [org.gradle.api.internal.artifacts.ivyservice.resolveengine.graph.builder.DependencyGraphBuilder] Submitting 6 metadata files to resolve in parallel for org.glassfish.jaxb:jaxb-runtime:2.3.2(runtime)
2021-06-06T09:17:14.722-0500 [DEBUG] [org.gradle.internal.work.DefaultWorkerLeaseService] Worker lease root.1.83.84 started (1 worker(s) in use).
2021-06-06T09:17:14.722-0500 [DEBUG] [org.gradle.internal.resources.AbstractTrackedResourceLock] Daemon worker: acquired lock on root.1.83.84
2021-06-06T09:17:14.723-0500 [DEBUG] [org.gradle.api.internal.artifacts.ivyservice.ivyresolve.RepositoryChainComponentMetaDataResolver] Attempting to resolve component for jakarta.xml.bind:jakarta.xml.bind-api:2.3.2 using repositories [Google, MavenRepo]
2021-06-06T09:17:14.723-0500 [DEBUG] [org.gradle.api.internal.artifacts.repositories.resolver.DefaultExternalResourceArtifactResolver] Loading https://dl.google.com/dl/android/maven2/jakarta/xml/bind/jakarta.xml.bind-api/2.3.2/jakarta.xml.bind-api-2.3.2.pom
2021-06-06T09:17:14.723-0500 [DEBUG] [org.gradle.internal.resource.transfer.DefaultCacheAwareExternalResourceAccessor] Constructing external resource: https://dl.google.com/dl/android/maven2/jakarta/xml/bind/jakarta.xml.bind-api/2.3.2/jakarta.xml.bind-api-2.3.2.pom
2021-06-06T09:17:14.723-0500 [DEBUG] [org.gradle.api.internal.artifacts.ivyservice.ivyresolve.RepositoryChainComponentMetaDataResolver] Attempting to resolve component for com.sun.xml.fastinfoset:FastInfoset:1.2.16 using repositories [Google, MavenRepo]
2021-06-06T09:17:14.724-0500 [DEBUG] [org.gradle.api.internal.artifacts.ivyservice.ivyresolve.RepositoryChainComponentMetaDataResolver] Attempting to resolve component for org.glassfish.jaxb:txw2:2.3.2 using repositories [Google, MavenRepo]
2021-06-06T09:17:14.724-0500 [DEBUG] [org.gradle.api.internal.artifacts.repositories.resolver.DefaultExternalResourceArtifactResolver] Loading https://dl.google.com/dl/android/maven2/com/sun/xml/fastinfoset/FastInfoset/1.2.16/FastInfoset-1.2.16.pom
2021-06-06T09:17:14.725-0500 [DEBUG] [org.gradle.api.internal.artifacts.repositories.resolver.DefaultExternalResourceArtifactResolver] Loading https://dl.google.com/dl/android/maven2/org/glassfish/jaxb/txw2/2.3.2/txw2-2.3.2.pom
2021-06-06T09:17:14.725-0500 [DEBUG] [org.gradle.internal.resource.transfer.DefaultCacheAwareExternalResourceAccessor] Constructing external resource: https://dl.google.com/dl/android/maven2/org/glassfish/jaxb/txw2/2.3.2/txw2-2.3.2.pom
2021-06-06T09:17:14.724-0500 [DEBUG] [org.gradle.api.internal.artifacts.ivyservice.ivyresolve.RepositoryChainComponentMetaDataResolver] Attempting to resolve component for org.jvnet.staxex:stax-ex:1.8.1 using repositories [Google, MavenRepo]
2021-06-06T09:17:14.724-0500 [DEBUG] [org.gradle.internal.resource.transport.http.HttpResourceAccessor] Constructing external resource: https://dl.google.com/dl/android/maven2/jakarta/xml/bind/jakarta.xml.bind-api/2.3.2/jakarta.xml.bind-api-2.3.2.pom
2021-06-06T09:17:14.725-0500 [DEBUG] [org.gradle.api.internal.artifacts.repositories.resolver.DefaultExternalResourceArtifactResolver] Loading https://dl.google.com/dl/android/maven2/org/jvnet/staxex/stax-ex/1.8.1/stax-ex-1.8.1.pom
2021-06-06T09:17:14.725-0500 [DEBUG] [org.gradle.internal.resource.transfer.DefaultCacheAwareExternalResourceAccessor] Constructing external resource: https://dl.google.com/dl/android/maven2/org/jvnet/staxex/stax-ex/1.8.1/stax-ex-1.8.1.pom
2021-06-06T09:17:14.725-0500 [DEBUG] [org.gradle.internal.resource.transfer.DefaultCacheAwareExternalResourceAccessor] Constructing external resource: https://dl.google.com/dl/android/maven2/com/sun/xml/fastinfoset/FastInfoset/1.2.16/FastInfoset-1.2.16.pom
2021-06-06T09:17:14.725-0500 [DEBUG] [org.gradle.api.internal.artifacts.ivyservice.ivyresolve.RepositoryChainComponentMetaDataResolver] Attempting to resolve component for com.sun.istack:istack-commons-runtime:3.0.8 using repositories [Google, MavenRepo]
2021-06-06T09:17:14.725-0500 [DEBUG] [org.gradle.internal.resource.transport.http.HttpClientHelper] Performing HTTP GET: https://dl.google.com/dl/android/maven2/jakarta/xml/bind/jakarta.xml.bind-api/2.3.2/jakarta.xml.bind-api-2.3.2.pom
2021-06-06T09:17:14.726-0500 [DEBUG] [org.gradle.api.internal.artifacts.repositories.resolver.DefaultExternalResourceArtifactResolver] Loading https://dl.google.com/dl/android/maven2/com/sun/istack/istack-commons-runtime/3.0.8/istack-commons-runtime-3.0.8.pom
2021-06-06T09:17:14.726-0500 [DEBUG] [org.gradle.api.internal.artifacts.ivyservice.ivyresolve.RepositoryChainComponentMetaDataResolver] Attempting to resolve component for jakarta.activation:jakarta.activation-api:1.2.1 using repositories [Google, MavenRepo]
2021-06-06T09:17:14.727-0500 [DEBUG] [org.gradle.api.internal.artifacts.repositories.resolver.DefaultExternalResourceArtifactResolver] Loading https://dl.google.com/dl/android/maven2/jakarta/activation/jakarta.activation-api/1.2.1/jakarta.activation-api-1.2.1.pom
2021-06-06T09:17:14.727-0500 [DEBUG] [org.gradle.internal.resource.transfer.DefaultCacheAwareExternalResourceAccessor] Constructing external resource: https://dl.google.com/dl/android/maven2/jakarta/activation/jakarta.activation-api/1.2.1/jakarta.activation-api-1.2.1.pom
2021-06-06T09:17:14.726-0500 [DEBUG] [org.gradle.internal.resource.transport.http.HttpResourceAccessor] Constructing external resource: https://dl.google.com/dl/android/maven2/org/jvnet/staxex/stax-ex/1.8.1/stax-ex-1.8.1.pom
2021-06-06T09:17:14.726-0500 [DEBUG] [org.apache.http.client.protocol.RequestAddCookies] CookieSpec selected: default
2021-06-06T09:17:14.726-0500 [DEBUG] [org.gradle.internal.resource.transfer.DefaultCacheAwareExternalResourceAccessor] Constructing external resource: https://dl.google.com/dl/android/maven2/com/sun/istack/istack-commons-runtime/3.0.8/istack-commons-runtime-3.0.8.pom
2021-06-06T09:17:14.727-0500 [DEBUG] [org.apache.http.client.protocol.RequestAuthCache] Auth cache not set in the context
2021-06-06T09:17:14.727-0500 [DEBUG] [org.gradle.internal.resource.transport.http.HttpClientHelper] Performing HTTP GET: https://dl.google.com/dl/android/maven2/org/jvnet/staxex/stax-ex/1.8.1/stax-ex-1.8.1.pom
2021-06-06T09:17:14.727-0500 [DEBUG] [org.gradle.internal.resource.transport.http.HttpResourceAccessor] Constructing external resource: https://dl.google.com/dl/android/maven2/com/sun/xml/fastinfoset/FastInfoset/1.2.16/FastInfoset-1.2.16.pom
2021-06-06T09:17:14.727-0500 [DEBUG] [org.gradle.internal.resource.transport.http.HttpClientHelper] Performing HTTP GET: https://dl.google.com/dl/android/maven2/com/sun/xml/fastinfoset/FastInfoset/1.2.16/FastInfoset-1.2.16.pom
2021-06-06T09:17:14.728-0500 [DEBUG] [org.apache.http.client.protocol.RequestAddCookies] CookieSpec selected: default
2021-06-06T09:17:14.727-0500 [DEBUG] [org.apache.http.impl.conn.PoolingHttpClientConnectionManager] Connection request: [route: {s}->https://dl.google.com:443][total kept alive: 8; route allocated: 8 of 20; total allocated: 8 of 20]
2021-06-06T09:17:14.728-0500 [DEBUG] [org.apache.http.client.protocol.RequestAuthCache] Auth cache not set in the context
2021-06-06T09:17:14.728-0500 [DEBUG] [org.apache.http.impl.conn.PoolingHttpClientConnectionManager] Connection request: [route: {s}->https://dl.google.com:443][total kept alive: 7; route allocated: 8 of 20; total allocated: 8 of 20]
2021-06-06T09:17:14.728-0500 [DEBUG] [org.apache.http.impl.conn.PoolingHttpClientConnectionManager] Connection leased: [id: 5][route: {s}->https://dl.google.com:443][total kept alive: 6; route allocated: 8 of 20; total allocated: 8 of 20]
2021-06-06T09:17:14.728-0500 [DEBUG] [org.apache.http.impl.conn.PoolingHttpClientConnectionManager] Connection leased: [id: 4][route: {s}->https://dl.google.com:443][total kept alive: 7; route allocated: 8 of 20; total allocated: 8 of 20]
2021-06-06T09:17:14.728-0500 [DEBUG] [org.apache.http.impl.conn.DefaultManagedHttpClientConnection] http-outgoing-4: set socket timeout to 30000
2021-06-06T09:17:14.728-0500 [DEBUG] [org.apache.http.impl.conn.DefaultManagedHttpClientConnection] http-outgoing-4: set socket timeout to 30000
2021-06-06T09:17:14.728-0500 [DEBUG] [org.apache.http.impl.execchain.MainClientExec] Executing request GET /dl/android/maven2/jakarta/xml/bind/jakarta.xml.bind-api/2.3.2/jakarta.xml.bind-api-2.3.2.pom HTTP/1.1
2021-06-06T09:17:14.728-0500 [DEBUG] [org.apache.http.impl.execchain.MainClientExec] Target auth state: UNCHALLENGED
2021-06-06T09:17:14.728-0500 [DEBUG] [org.apache.http.impl.execchain.MainClientExec] Proxy auth state: UNCHALLENGED
2021-06-06T09:17:14.727-0500 [DEBUG] [org.apache.http.client.protocol.RequestAddCookies] CookieSpec selected: default
2021-06-06T09:17:14.727-0500 [DEBUG] [org.gradle.internal.resource.transport.http.HttpResourceAccessor] Constructing external resource: https://dl.google.com/dl/android/maven2/org/glassfish/jaxb/txw2/2.3.2/txw2-2.3.2.pom
2021-06-06T09:17:14.729-0500 [DEBUG] [org.apache.http.client.protocol.RequestAuthCache] Auth cache not set in the context
2021-06-06T09:17:14.729-0500 [DEBUG] [org.gradle.internal.resource.transport.http.HttpResourceAccessor] Constructing external resource: https://dl.google.com/dl/android/maven2/com/sun/istack/istack-commons-runtime/3.0.8/istack-commons-runtime-3.0.8.pom
2021-06-06T09:17:14.729-0500 [DEBUG] [org.gradle.internal.resource.transport.http.HttpResourceAccessor] Constructing external resource: https://dl.google.com/dl/android/maven2/jakarta/activation/jakarta.activation-api/1.2.1/jakarta.activation-api-1.2.1.pom
2021-06-06T09:17:14.728-0500 [DEBUG] [org.apache.http.impl.conn.DefaultManagedHttpClientConnection] http-outgoing-5: set socket timeout to 30000
2021-06-06T09:17:14.729-0500 [DEBUG] [org.gradle.internal.resource.transport.http.HttpClientHelper] Performing HTTP GET: https://dl.google.com/dl/android/maven2/jakarta/activation/jakarta.activation-api/1.2.1/jakarta.activation-api-1.2.1.pom
2021-06-06T09:17:14.729-0500 [DEBUG] [org.gradle.internal.resource.transport.http.HttpClientHelper] Performing HTTP GET: https://dl.google.com/dl/android/maven2/com/sun/istack/istack-commons-runtime/3.0.8/istack-commons-runtime-3.0.8.pom
2021-06-06T09:17:14.729-0500 [DEBUG] [org.apache.http.client.protocol.RequestAddCookies] CookieSpec selected: default
2021-06-06T09:17:14.729-0500 [DEBUG] [org.apache.http.impl.conn.PoolingHttpClientConnectionManager] Connection request: [route: {s}->https://dl.google.com:443][total kept alive: 6; route allocated: 8 of 20; total allocated: 8 of 20]
2021-06-06T09:17:14.729-0500 [DEBUG] [org.gradle.internal.resource.transport.http.HttpClientHelper] Performing HTTP GET: https://dl.google.com/dl/android/maven2/org/glassfish/jaxb/txw2/2.3.2/txw2-2.3.2.pom
2021-06-06T09:17:14.730-0500 [DEBUG] [org.apache.http.impl.conn.PoolingHttpClientConnectionManager] Connection leased: [id: 1][route: {s}->https://dl.google.com:443][total kept alive: 5; route allocated: 8 of 20; total allocated: 8 of 20]
2021-06-06T09:17:14.730-0500 [DEBUG] [org.apache.http.client.protocol.RequestAddCookies] CookieSpec selected: default
2021-06-06T09:17:14.729-0500 [DEBUG] [org.apache.http.client.protocol.RequestAddCookies] CookieSpec selected: default
2021-06-06T09:17:14.730-0500 [DEBUG] [org.apache.http.client.protocol.RequestAuthCache] Auth cache not set in the context
2021-06-06T09:17:14.730-0500 [DEBUG] [org.apache.http.impl.conn.PoolingHttpClientConnectionManager] Connection request: [route: {s}->https://dl.google.com:443][total kept alive: 5; route allocated: 8 of 20; total allocated: 8 of 20]
2021-06-06T09:17:14.729-0500 [DEBUG] [org.apache.http.client.protocol.RequestAuthCache] Auth cache not set in the context
2021-06-06T09:17:14.729-0500 [DEBUG] [org.apache.http.impl.conn.DefaultManagedHttpClientConnection] http-outgoing-5: set socket timeout to 30000
2021-06-06T09:17:14.730-0500 [DEBUG] [org.apache.http.impl.execchain.MainClientExec] Executing request GET /dl/android/maven2/com/sun/xml/fastinfoset/FastInfoset/1.2.16/FastInfoset-1.2.16.pom HTTP/1.1
2021-06-06T09:17:14.730-0500 [DEBUG] [org.apache.http.impl.execchain.MainClientExec] Target auth state: UNCHALLENGED
2021-06-06T09:17:14.730-0500 [DEBUG] [org.apache.http.impl.execchain.MainClientExec] Proxy auth state: UNCHALLENGED
2021-06-06T09:17:14.730-0500 [DEBUG] [org.apache.http.impl.conn.PoolingHttpClientConnectionManager] Connection request: [route: {s}->https://dl.google.com:443][total kept alive: 4; route allocated: 8 of 20; total allocated: 8 of 20]
2021-06-06T09:17:14.730-0500 [DEBUG] [org.apache.http.impl.conn.PoolingHttpClientConnectionManager] Connection leased: [id: 3][route: {s}->https://dl.google.com:443][total kept alive: 4; route allocated: 8 of 20; total allocated: 8 of 20]
2021-06-06T09:17:14.731-0500 [DEBUG] [org.apache.http.impl.conn.DefaultManagedHttpClientConnection] http-outgoing-3: set socket timeout to 30000
2021-06-06T09:17:14.731-0500 [DEBUG] [org.apache.http.impl.conn.DefaultManagedHttpClientConnection] http-outgoing-3: set socket timeout to 30000
2021-06-06T09:17:14.731-0500 [DEBUG] [org.apache.http.impl.execchain.MainClientExec] Executing request GET /dl/android/maven2/com/sun/istack/istack-commons-runtime/3.0.8/istack-commons-runtime-3.0.8.pom HTTP/1.1
2021-06-06T09:17:14.731-0500 [DEBUG] [org.apache.http.impl.execchain.MainClientExec] Target auth state: UNCHALLENGED
2021-06-06T09:17:14.731-0500 [DEBUG] [org.apache.http.impl.execchain.MainClientExec] Proxy auth state: UNCHALLENGED
2021-06-06T09:17:14.730-0500 [DEBUG] [org.apache.http.client.protocol.RequestAuthCache] Auth cache not set in the context
2021-06-06T09:17:14.730-0500 [DEBUG] [org.apache.http.impl.conn.DefaultManagedHttpClientConnection] http-outgoing-1: set socket timeout to 30000
2021-06-06T09:17:14.731-0500 [DEBUG] [org.apache.http.impl.conn.DefaultManagedHttpClientConnection] http-outgoing-1: set socket timeout to 30000
2021-06-06T09:17:14.731-0500 [DEBUG] [org.apache.http.impl.execchain.MainClientExec] Executing request GET /dl/android/maven2/org/jvnet/staxex/stax-ex/1.8.1/stax-ex-1.8.1.pom HTTP/1.1
2021-06-06T09:17:14.731-0500 [DEBUG] [org.apache.http.impl.execchain.MainClientExec] Target auth state: UNCHALLENGED
2021-06-06T09:17:14.731-0500 [DEBUG] [org.apache.http.impl.execchain.MainClientExec] Proxy auth state: UNCHALLENGED
2021-06-06T09:17:14.731-0500 [DEBUG] [org.apache.http.impl.conn.PoolingHttpClientConnectionManager] Connection request: [route: {s}->https://dl.google.com:443][total kept alive: 3; route allocated: 8 of 20; total allocated: 8 of 20]
2021-06-06T09:17:14.732-0500 [DEBUG] [org.apache.http.impl.conn.PoolingHttpClientConnectionManager] Connection leased: [id: 8][route: {s}->https://dl.google.com:443][total kept alive: 2; route allocated: 8 of 20; total allocated: 8 of 20]
2021-06-06T09:17:14.732-0500 [DEBUG] [org.apache.http.impl.conn.DefaultManagedHttpClientConnection] http-outgoing-8: set socket timeout to 30000
2021-06-06T09:17:14.732-0500 [DEBUG] [org.apache.http.impl.conn.DefaultManagedHttpClientConnection] http-outgoing-8: set socket timeout to 30000
2021-06-06T09:17:14.732-0500 [DEBUG] [org.apache.http.impl.execchain.MainClientExec] Executing request GET /dl/android/maven2/jakarta/activation/jakarta.activation-api/1.2.1/jakarta.activation-api-1.2.1.pom HTTP/1.1
2021-06-06T09:17:14.732-0500 [DEBUG] [org.apache.http.impl.execchain.MainClientExec] Target auth state: UNCHALLENGED
2021-06-06T09:17:14.732-0500 [DEBUG] [org.apache.http.impl.execchain.MainClientExec] Proxy auth state: UNCHALLENGED
2021-06-06T09:17:14.733-0500 [DEBUG] [org.apache.http.impl.conn.PoolingHttpClientConnectionManager] Connection leased: [id: 0][route: {s}->https://dl.google.com:443][total kept alive: 2; route allocated: 8 of 20; total allocated: 8 of 20]
2021-06-06T09:17:14.733-0500 [DEBUG] [org.apache.http.impl.conn.DefaultManagedHttpClientConnection] http-outgoing-0: set socket timeout to 30000
2021-06-06T09:17:14.733-0500 [DEBUG] [org.apache.http.impl.conn.DefaultManagedHttpClientConnection] http-outgoing-0: set socket timeout to 30000
2021-06-06T09:17:14.733-0500 [DEBUG] [org.apache.http.impl.execchain.MainClientExec] Executing request GET /dl/android/maven2/org/glassfish/jaxb/txw2/2.3.2/txw2-2.3.2.pom HTTP/1.1
2021-06-06T09:17:14.733-0500 [DEBUG] [org.apache.http.impl.execchain.MainClientExec] Target auth state: UNCHALLENGED
2021-06-06T09:17:14.733-0500 [DEBUG] [org.apache.http.impl.execchain.MainClientExec] Proxy auth state: UNCHALLENGED
2021-06-06T09:17:14.765-0500 [DEBUG] [org.apache.http.impl.execchain.MainClientExec] Connection can be kept alive indefinitely
2021-06-06T09:17:14.765-0500 [DEBUG] [org.apache.http.impl.conn.PoolingHttpClientConnectionManager] Connection [id: 4][route: {s}->https://dl.google.com:443] can be kept alive indefinitely
2021-06-06T09:17:14.765-0500 [DEBUG] [org.apache.http.impl.conn.DefaultManagedHttpClientConnection] http-outgoing-4: set socket timeout to 0
2021-06-06T09:17:14.765-0500 [DEBUG] [org.apache.http.impl.conn.PoolingHttpClientConnectionManager] Connection released: [id: 4][route: {s}->https://dl.google.com:443][total kept alive: 3; route allocated: 8 of 20; total allocated: 8 of 20]
2021-06-06T09:17:14.765-0500 [INFO] [org.gradle.internal.resource.transport.http.HttpClientHelper] Resource missing. [HTTP GET: https://dl.google.com/dl/android/maven2/jakarta/xml/bind/jakarta.xml.bind-api/2.3.2/jakarta.xml.bind-api-2.3.2.pom]
2021-06-06T09:17:14.765-0500 [DEBUG] [org.gradle.internal.operations.DefaultBuildOperationRunner] Build operation 'Download https://dl.google.com/dl/android/maven2/jakarta/xml/bind/jakarta.xml.bind-api/2.3.2/jakarta.xml.bind-api-2.3.2.pom' completed
2021-06-06T09:17:14.765-0500 [DEBUG] [org.gradle.api.internal.artifacts.repositories.resolver.ExternalResourceResolver] No meta-data file or artifact found for module 'jakarta.xml.bind:jakarta.xml.bind-api:2.3.2' in repository 'Google'.
2021-06-06T09:17:14.766-0500 [DEBUG] [org.gradle.api.internal.artifacts.ivyservice.modulecache.PersistentModuleMetadataCache] Recording absence of module descriptor in cache: jakarta.xml.bind:jakarta.xml.bind-api:2.3.2 [changing = false]
2021-06-06T09:17:14.766-0500 [DEBUG] [org.gradle.api.internal.artifacts.repositories.resolver.DefaultExternalResourceArtifactResolver] Loading https://repo.maven.apache.org/maven2/jakarta/xml/bind/jakarta.xml.bind-api/2.3.2/jakarta.xml.bind-api-2.3.2.pom
2021-06-06T09:17:14.766-0500 [DEBUG] [org.gradle.internal.resource.transfer.DefaultCacheAwareExternalResourceAccessor] Constructing external resource: https://repo.maven.apache.org/maven2/jakarta/xml/bind/jakarta.xml.bind-api/2.3.2/jakarta.xml.bind-api-2.3.2.pom
2021-06-06T09:17:14.766-0500 [DEBUG] [org.gradle.internal.resource.transport.http.HttpResourceAccessor] Constructing external resource: https://repo.maven.apache.org/maven2/jakarta/xml/bind/jakarta.xml.bind-api/2.3.2/jakarta.xml.bind-api-2.3.2.pom
2021-06-06T09:17:14.767-0500 [DEBUG] [org.gradle.internal.resource.transport.http.HttpClientHelper] Performing HTTP GET: https://repo.maven.apache.org/maven2/jakarta/xml/bind/jakarta.xml.bind-api/2.3.2/jakarta.xml.bind-api-2.3.2.pom
2021-06-06T09:17:14.767-0500 [DEBUG] [org.apache.http.client.protocol.RequestAddCookies] CookieSpec selected: default
2021-06-06T09:17:14.767-0500 [DEBUG] [org.apache.http.client.protocol.RequestAuthCache] Auth cache not set in the context
2021-06-06T09:17:14.767-0500 [DEBUG] [org.apache.http.impl.conn.PoolingHttpClientConnectionManager] Connection request: [route: {s}->https://repo.maven.apache.org:443][total kept alive: 8; route allocated: 8 of 20; total allocated: 8 of 20]
2021-06-06T09:17:14.767-0500 [DEBUG] [org.apache.http.impl.conn.PoolingHttpClientConnectionManager] Connection leased: [id: 14][route: {s}->https://repo.maven.apache.org:443][total kept alive: 7; route allocated: 8 of 20; total allocated: 8 of 20]
2021-06-06T09:17:14.767-0500 [DEBUG] [org.apache.http.impl.conn.DefaultManagedHttpClientConnection] http-outgoing-14: set socket timeout to 30000
2021-06-06T09:17:14.767-0500 [DEBUG] [org.apache.http.impl.conn.DefaultManagedHttpClientConnection] http-outgoing-14: set socket timeout to 30000
2021-06-06T09:17:14.767-0500 [DEBUG] [org.apache.http.impl.execchain.MainClientExec] Executing request GET /maven2/jakarta/xml/bind/jakarta.xml.bind-api/2.3.2/jakarta.xml.bind-api-2.3.2.pom HTTP/1.1
2021-06-06T09:17:14.767-0500 [DEBUG] [org.apache.http.impl.execchain.MainClientExec] Target auth state: UNCHALLENGED
2021-06-06T09:17:14.767-0500 [DEBUG] [org.apache.http.impl.execchain.MainClientExec] Proxy auth state: UNCHALLENGED
2021-06-06T09:17:14.769-0500 [DEBUG] [org.apache.http.impl.execchain.MainClientExec] Connection can be kept alive indefinitely
2021-06-06T09:17:14.769-0500 [DEBUG] [org.apache.http.impl.execchain.MainClientExec] Connection can be kept alive indefinitely
2021-06-06T09:17:14.769-0500 [DEBUG] [org.apache.http.impl.execchain.MainClientExec] Connection can be kept alive indefinitely
2021-06-06T09:17:14.769-0500 [DEBUG] [org.apache.http.impl.conn.PoolingHttpClientConnectionManager] Connection [id: 3][route: {s}->https://dl.google.com:443] can be kept alive indefinitely
2021-06-06T09:17:14.769-0500 [DEBUG] [org.apache.http.impl.conn.DefaultManagedHttpClientConnection] http-outgoing-3: set socket timeout to 0
2021-06-06T09:17:14.769-0500 [DEBUG] [org.apache.http.impl.conn.PoolingHttpClientConnectionManager] Connection [id: 1][route: {s}->https://dl.google.com:443] can be kept alive indefinitely
2021-06-06T09:17:14.769-0500 [DEBUG] [org.apache.http.impl.conn.DefaultManagedHttpClientConnection] http-outgoing-1: set socket timeout to 0
2021-06-06T09:17:14.769-0500 [DEBUG] [org.apache.http.impl.conn.PoolingHttpClientConnectionManager] Connection released: [id: 3][route: {s}->https://dl.google.com:443][total kept alive: 4; route allocated: 8 of 20; total allocated: 8 of 20]
2021-06-06T09:17:14.769-0500 [DEBUG] [org.apache.http.impl.conn.PoolingHttpClientConnectionManager] Connection [id: 5][route: {s}->https://dl.google.com:443] can be kept alive indefinitely
2021-06-06T09:17:14.770-0500 [DEBUG] [org.apache.http.impl.conn.DefaultManagedHttpClientConnection] http-outgoing-5: set socket timeout to 0
2021-06-06T09:17:14.770-0500 [INFO] [org.gradle.internal.resource.transport.http.HttpClientHelper] Resource missing. [HTTP GET: https://dl.google.com/dl/android/maven2/com/sun/istack/istack-commons-runtime/3.0.8/istack-commons-runtime-3.0.8.pom]
2021-06-06T09:17:14.770-0500 [DEBUG] [org.apache.http.impl.conn.PoolingHttpClientConnectionManager] Connection released: [id: 1][route: {s}->https://dl.google.com:443][total kept alive: 5; route allocated: 8 of 20; total allocated: 8 of 20]
2021-06-06T09:17:14.770-0500 [DEBUG] [org.apache.http.impl.conn.PoolingHttpClientConnectionManager] Connection released: [id: 5][route: {s}->https://dl.google.com:443][total kept alive: 6; route allocated: 8 of 20; total allocated: 8 of 20]
2021-06-06T09:17:14.770-0500 [INFO] [org.gradle.internal.resource.transport.http.HttpClientHelper] Resource missing. [HTTP GET: https://dl.google.com/dl/android/maven2/org/jvnet/staxex/stax-ex/1.8.1/stax-ex-1.8.1.pom]
2021-06-06T09:17:14.770-0500 [DEBUG] [org.gradle.internal.operations.DefaultBuildOperationRunner] Build operation 'Download https://dl.google.com/dl/android/maven2/com/sun/istack/istack-commons-runtime/3.0.8/istack-commons-runtime-3.0.8.pom' completed
2021-06-06T09:17:14.771-0500 [DEBUG] [org.gradle.internal.operations.DefaultBuildOperationRunner] Build operation 'Download https://dl.google.com/dl/android/maven2/org/jvnet/staxex/stax-ex/1.8.1/stax-ex-1.8.1.pom' completed
2021-06-06T09:17:14.770-0500 [INFO] [org.gradle.internal.resource.transport.http.HttpClientHelper] Resource missing. [HTTP GET: https://dl.google.com/dl/android/maven2/com/sun/xml/fastinfoset/FastInfoset/1.2.16/FastInfoset-1.2.16.pom]
2021-06-06T09:17:14.771-0500 [DEBUG] [org.gradle.api.internal.artifacts.repositories.resolver.ExternalResourceResolver] No meta-data file or artifact found for module 'org.jvnet.staxex:stax-ex:1.8.1' in repository 'Google'.
2021-06-06T09:17:14.770-0500 [DEBUG] [org.gradle.api.internal.artifacts.repositories.resolver.ExternalResourceResolver] No meta-data file or artifact found for module 'com.sun.istack:istack-commons-runtime:3.0.8' in repository 'Google'.
2021-06-06T09:17:14.771-0500 [DEBUG] [org.gradle.api.internal.artifacts.ivyservice.modulecache.PersistentModuleMetadataCache] Recording absence of module descriptor in cache: com.sun.istack:istack-commons-runtime:3.0.8 [changing = false]
2021-06-06T09:17:14.771-0500 [DEBUG] [org.gradle.api.internal.artifacts.ivyservice.modulecache.PersistentModuleMetadataCache] Recording absence of module descriptor in cache: org.jvnet.staxex:stax-ex:1.8.1 [changing = false]
2021-06-06T09:17:14.771-0500 [DEBUG] [org.gradle.internal.operations.DefaultBuildOperationRunner] Build operation 'Download https://dl.google.com/dl/android/maven2/com/sun/xml/fastinfoset/FastInfoset/1.2.16/FastInfoset-1.2.16.pom' completed
2021-06-06T09:17:14.771-0500 [DEBUG] [org.gradle.api.internal.artifacts.repositories.resolver.ExternalResourceResolver] No meta-data file or artifact found for module 'com.sun.xml.fastinfoset:FastInfoset:1.2.16' in repository 'Google'.
2021-06-06T09:17:14.771-0500 [DEBUG] [org.gradle.api.internal.artifacts.ivyservice.modulecache.PersistentModuleMetadataCache] Recording absence of module descriptor in cache: com.sun.xml.fastinfoset:FastInfoset:1.2.16 [changing = false]
2021-06-06T09:17:14.772-0500 [DEBUG] [org.gradle.api.internal.artifacts.repositories.resolver.DefaultExternalResourceArtifactResolver] Loading https://repo.maven.apache.org/maven2/org/jvnet/staxex/stax-ex/1.8.1/stax-ex-1.8.1.pom
2021-06-06T09:17:14.772-0500 [DEBUG] [org.gradle.internal.resource.transfer.DefaultCacheAwareExternalResourceAccessor] Constructing external resource: https://repo.maven.apache.org/maven2/org/jvnet/staxex/stax-ex/1.8.1/stax-ex-1.8.1.pom
2021-06-06T09:17:14.772-0500 [DEBUG] [org.gradle.api.internal.artifacts.repositories.resolver.DefaultExternalResourceArtifactResolver] Loading https://repo.maven.apache.org/maven2/com/sun/istack/istack-commons-runtime/3.0.8/istack-commons-runtime-3.0.8.pom
2021-06-06T09:17:14.772-0500 [DEBUG] [org.gradle.api.internal.artifacts.repositories.resolver.DefaultExternalResourceArtifactResolver] Loading https://repo.maven.apache.org/maven2/com/sun/xml/fastinfoset/FastInfoset/1.2.16/FastInfoset-1.2.16.pom
2021-06-06T09:17:14.772-0500 [DEBUG] [org.gradle.internal.resource.transfer.DefaultCacheAwareExternalResourceAccessor] Constructing external resource: https://repo.maven.apache.org/maven2/com/sun/xml/fastinfoset/FastInfoset/1.2.16/FastInfoset-1.2.16.pom
2021-06-06T09:17:14.772-0500 [DEBUG] [org.gradle.internal.resource.transfer.DefaultCacheAwareExternalResourceAccessor] Constructing external resource: https://repo.maven.apache.org/maven2/com/sun/istack/istack-commons-runtime/3.0.8/istack-commons-runtime-3.0.8.pom
2021-06-06T09:17:14.773-0500 [DEBUG] [org.gradle.internal.resource.transport.http.HttpResourceAccessor] Constructing external resource: https://repo.maven.apache.org/maven2/org/jvnet/staxex/stax-ex/1.8.1/stax-ex-1.8.1.pom
2021-06-06T09:17:14.773-0500 [DEBUG] [org.gradle.internal.resource.transport.http.HttpClientHelper] Performing HTTP GET: https://repo.maven.apache.org/maven2/org/jvnet/staxex/stax-ex/1.8.1/stax-ex-1.8.1.pom
2021-06-06T09:17:14.773-0500 [DEBUG] [org.apache.http.client.protocol.RequestAddCookies] CookieSpec selected: default
2021-06-06T09:17:14.773-0500 [DEBUG] [org.apache.http.client.protocol.RequestAuthCache] Auth cache not set in the context
2021-06-06T09:17:14.773-0500 [DEBUG] [org.apache.http.impl.execchain.MainClientExec] Connection can be kept alive indefinitely
2021-06-06T09:17:14.773-0500 [DEBUG] [org.apache.http.impl.execchain.MainClientExec] Connection can be kept alive indefinitely
2021-06-06T09:17:14.773-0500 [DEBUG] [org.gradle.internal.resource.transport.http.HttpResourceAccessor] Constructing external resource: https://repo.maven.apache.org/maven2/com/sun/istack/istack-commons-runtime/3.0.8/istack-commons-runtime-3.0.8.pom
2021-06-06T09:17:14.774-0500 [DEBUG] [org.apache.http.impl.conn.PoolingHttpClientConnectionManager] Connection [id: 8][route: {s}->https://dl.google.com:443] can be kept alive indefinitely
2021-06-06T09:17:14.774-0500 [DEBUG] [org.apache.http.impl.conn.DefaultManagedHttpClientConnection] http-outgoing-8: set socket timeout to 0
2021-06-06T09:17:14.774-0500 [DEBUG] [org.apache.http.impl.conn.PoolingHttpClientConnectionManager] Connection released: [id: 8][route: {s}->https://dl.google.com:443][total kept alive: 7; route allocated: 8 of 20; total allocated: 8 of 20]
2021-06-06T09:17:14.774-0500 [INFO] [org.gradle.internal.resource.transport.http.HttpClientHelper] Resource missing. [HTTP GET: https://dl.google.com/dl/android/maven2/jakarta/activation/jakarta.activation-api/1.2.1/jakarta.activation-api-1.2.1.pom]
2021-06-06T09:17:14.774-0500 [DEBUG] [org.gradle.internal.operations.DefaultBuildOperationRunner] Build operation 'Download https://dl.google.com/dl/android/maven2/jakarta/activation/jakarta.activation-api/1.2.1/jakarta.activation-api-1.2.1.pom' completed
2021-06-06T09:17:14.774-0500 [DEBUG] [org.gradle.api.internal.artifacts.repositories.resolver.ExternalResourceResolver] No meta-data file or artifact found for module 'jakarta.activation:jakarta.activation-api:1.2.1' in repository 'Google'.
2021-06-06T09:17:14.774-0500 [DEBUG] [org.gradle.api.internal.artifacts.ivyservice.modulecache.PersistentModuleMetadataCache] Recording absence of module descriptor in cache: jakarta.activation:jakarta.activation-api:1.2.1 [changing = false]
2021-06-06T09:17:14.773-0500 [DEBUG] [org.apache.http.impl.conn.PoolingHttpClientConnectionManager] Connection request: [route: {s}->https://repo.maven.apache.org:443][total kept alive: 7; route allocated: 8 of 20; total allocated: 8 of 20]
2021-06-06T09:17:14.774-0500 [DEBUG] [org.gradle.internal.resource.transport.http.HttpClientHelper] Performing HTTP GET: https://repo.maven.apache.org/maven2/com/sun/istack/istack-commons-runtime/3.0.8/istack-commons-runtime-3.0.8.pom
2021-06-06T09:17:14.774-0500 [DEBUG] [org.apache.http.impl.conn.PoolingHttpClientConnectionManager] Connection [id: 0][route: {s}->https://dl.google.com:443] can be kept alive indefinitely
2021-06-06T09:17:14.775-0500 [DEBUG] [org.gradle.api.internal.artifacts.repositories.resolver.DefaultExternalResourceArtifactResolver] Loading https://repo.maven.apache.org/maven2/jakarta/activation/jakarta.activation-api/1.2.1/jakarta.activation-api-1.2.1.pom
2021-06-06T09:17:14.775-0500 [DEBUG] [org.gradle.internal.resource.transfer.DefaultCacheAwareExternalResourceAccessor] Constructing external resource: https://repo.maven.apache.org/maven2/jakarta/activation/jakarta.activation-api/1.2.1/jakarta.activation-api-1.2.1.pom
2021-06-06T09:17:14.774-0500 [DEBUG] [org.gradle.internal.resource.transport.http.HttpResourceAccessor] Constructing external resource: https://repo.maven.apache.org/maven2/com/sun/xml/fastinfoset/FastInfoset/1.2.16/FastInfoset-1.2.16.pom
2021-06-06T09:17:14.775-0500 [DEBUG] [org.apache.http.client.protocol.RequestAddCookies] CookieSpec selected: default
2021-06-06T09:17:14.775-0500 [DEBUG] [org.apache.http.impl.conn.DefaultManagedHttpClientConnection] http-outgoing-0: set socket timeout to 0
2021-06-06T09:17:14.775-0500 [DEBUG] [org.apache.http.impl.conn.PoolingHttpClientConnectionManager] Connection released: [id: 0][route: {s}->https://dl.google.com:443][total kept alive: 8; route allocated: 8 of 20; total allocated: 8 of 20]
2021-06-06T09:17:14.775-0500 [INFO] [org.gradle.internal.resource.transport.http.HttpClientHelper] Resource missing. [HTTP GET: https://dl.google.com/dl/android/maven2/org/glassfish/jaxb/txw2/2.3.2/txw2-2.3.2.pom]
2021-06-06T09:17:14.775-0500 [DEBUG] [org.gradle.internal.resource.transport.http.HttpResourceAccessor] Constructing external resource: https://repo.maven.apache.org/maven2/jakarta/activation/jakarta.activation-api/1.2.1/jakarta.activation-api-1.2.1.pom
2021-06-06T09:17:14.776-0500 [DEBUG] [org.gradle.internal.resource.transport.http.HttpClientHelper] Performing HTTP GET: https://repo.maven.apache.org/maven2/jakarta/activation/jakarta.activation-api/1.2.1/jakarta.activation-api-1.2.1.pom
2021-06-06T09:17:14.775-0500 [DEBUG] [org.apache.http.impl.conn.PoolingHttpClientConnectionManager] Connection leased: [id: 11][route: {s}->https://repo.maven.apache.org:443][total kept alive: 6; route allocated: 8 of 20; total allocated: 8 of 20]
2021-06-06T09:17:14.776-0500 [DEBUG] [org.apache.http.impl.conn.DefaultManagedHttpClientConnection] http-outgoing-11: set socket timeout to 30000
2021-06-06T09:17:14.776-0500 [DEBUG] [org.apache.http.impl.conn.DefaultManagedHttpClientConnection] http-outgoing-11: set socket timeout to 30000
2021-06-06T09:17:14.776-0500 [DEBUG] [org.apache.http.impl.execchain.MainClientExec] Executing request GET /maven2/org/jvnet/staxex/stax-ex/1.8.1/stax-ex-1.8.1.pom HTTP/1.1
2021-06-06T09:17:14.776-0500 [DEBUG] [org.apache.http.impl.execchain.MainClientExec] Target auth state: UNCHALLENGED
2021-06-06T09:17:14.776-0500 [DEBUG] [org.apache.http.impl.execchain.MainClientExec] Proxy auth state: UNCHALLENGED
2021-06-06T09:17:14.776-0500 [DEBUG] [org.apache.http.client.protocol.RequestAddCookies] CookieSpec selected: default
2021-06-06T09:17:14.776-0500 [DEBUG] [org.apache.http.client.protocol.RequestAuthCache] Auth cache not set in the context
2021-06-06T09:17:14.776-0500 [DEBUG] [org.apache.http.impl.conn.PoolingHttpClientConnectionManager] Connection request: [route: {s}->https://repo.maven.apache.org:443][total kept alive: 6; route allocated: 8 of 20; total allocated: 8 of 20]
2021-06-06T09:17:14.776-0500 [DEBUG] [org.apache.http.impl.conn.PoolingHttpClientConnectionManager] Connection leased: [id: 10][route: {s}->https://repo.maven.apache.org:443][total kept alive: 5; route allocated: 8 of 20; total allocated: 8 of 20]
2021-06-06T09:17:14.776-0500 [DEBUG] [org.apache.http.impl.conn.DefaultManagedHttpClientConnection] http-outgoing-10: set socket timeout to 30000
2021-06-06T09:17:14.776-0500 [DEBUG] [org.apache.http.impl.conn.DefaultManagedHttpClientConnection] http-outgoing-10: set socket timeout to 30000
2021-06-06T09:17:14.777-0500 [DEBUG] [org.apache.http.impl.execchain.MainClientExec] Executing request GET /maven2/jakarta/activation/jakarta.activation-api/1.2.1/jakarta.activation-api-1.2.1.pom HTTP/1.1
2021-06-06T09:17:14.777-0500 [DEBUG] [org.apache.http.impl.execchain.MainClientExec] Target auth state: UNCHALLENGED
2021-06-06T09:17:14.777-0500 [DEBUG] [org.apache.http.impl.execchain.MainClientExec] Proxy auth state: UNCHALLENGED
2021-06-06T09:17:14.777-0500 [DEBUG] [org.gradle.internal.operations.DefaultBuildOperationRunner] Build operation 'Download https://dl.google.com/dl/android/maven2/org/glassfish/jaxb/txw2/2.3.2/txw2-2.3.2.pom' completed
2021-06-06T09:17:14.775-0500 [DEBUG] [org.apache.http.client.protocol.RequestAuthCache] Auth cache not set in the context
2021-06-06T09:17:14.775-0500 [DEBUG] [org.gradle.internal.resource.transport.http.HttpClientHelper] Performing HTTP GET: https://repo.maven.apache.org/maven2/com/sun/xml/fastinfoset/FastInfoset/1.2.16/FastInfoset-1.2.16.pom
2021-06-06T09:17:14.777-0500 [DEBUG] [org.apache.http.impl.conn.PoolingHttpClientConnectionManager] Connection request: [route: {s}->https://repo.maven.apache.org:443][total kept alive: 5; route allocated: 8 of 20; total allocated: 8 of 20]
2021-06-06T09:17:14.777-0500 [DEBUG] [org.apache.http.client.protocol.RequestAddCookies] CookieSpec selected: default
2021-06-06T09:17:14.777-0500 [DEBUG] [org.gradle.api.internal.artifacts.repositories.resolver.ExternalResourceResolver] No meta-data file or artifact found for module 'org.glassfish.jaxb:txw2:2.3.2' in repository 'Google'.
2021-06-06T09:17:14.777-0500 [DEBUG] [org.gradle.api.internal.artifacts.ivyservice.modulecache.PersistentModuleMetadataCache] Recording absence of module descriptor in cache: org.glassfish.jaxb:txw2:2.3.2 [changing = false]
2021-06-06T09:17:14.777-0500 [DEBUG] [org.apache.http.client.protocol.RequestAuthCache] Auth cache not set in the context
2021-06-06T09:17:14.777-0500 [DEBUG] [org.apache.http.impl.conn.PoolingHttpClientConnectionManager] Connection leased: [id: 12][route: {s}->https://repo.maven.apache.org:443][total kept alive: 4; route allocated: 8 of 20; total allocated: 8 of 20]
2021-06-06T09:17:14.778-0500 [DEBUG] [org.apache.http.impl.conn.DefaultManagedHttpClientConnection] http-outgoing-12: set socket timeout to 30000
2021-06-06T09:17:14.778-0500 [DEBUG] [org.apache.http.impl.conn.DefaultManagedHttpClientConnection] http-outgoing-12: set socket timeout to 30000
2021-06-06T09:17:14.778-0500 [DEBUG] [org.apache.http.impl.execchain.MainClientExec] Executing request GET /maven2/com/sun/istack/istack-commons-runtime/3.0.8/istack-commons-runtime-3.0.8.pom HTTP/1.1
2021-06-06T09:17:14.778-0500 [DEBUG] [org.apache.http.impl.execchain.MainClientExec] Target auth state: UNCHALLENGED
2021-06-06T09:17:14.778-0500 [DEBUG] [org.apache.http.impl.conn.PoolingHttpClientConnectionManager] Connection request: [route: {s}->https://repo.maven.apache.org:443][total kept alive: 4; route allocated: 8 of 20; total allocated: 8 of 20]
2021-06-06T09:17:14.778-0500 [DEBUG] [org.apache.http.impl.execchain.MainClientExec] Proxy auth state: UNCHALLENGED
2021-06-06T09:17:14.778-0500 [DEBUG] [org.gradle.api.internal.artifacts.repositories.resolver.DefaultExternalResourceArtifactResolver] Loading https://repo.maven.apache.org/maven2/org/glassfish/jaxb/txw2/2.3.2/txw2-2.3.2.pom
2021-06-06T09:17:14.778-0500 [DEBUG] [org.gradle.internal.resource.transfer.DefaultCacheAwareExternalResourceAccessor] Constructing external resource: https://repo.maven.apache.org/maven2/org/glassfish/jaxb/txw2/2.3.2/txw2-2.3.2.pom
2021-06-06T09:17:14.779-0500 [DEBUG] [org.apache.http.impl.conn.PoolingHttpClientConnectionManager] Connection leased: [id: 15][route: {s}->https://repo.maven.apache.org:443][total kept alive: 3; route allocated: 8 of 20; total allocated: 8 of 20]
2021-06-06T09:17:14.779-0500 [DEBUG] [org.apache.http.impl.conn.DefaultManagedHttpClientConnection] http-outgoing-15: set socket timeout to 30000
2021-06-06T09:17:14.779-0500 [DEBUG] [org.apache.http.impl.conn.DefaultManagedHttpClientConnection] http-outgoing-15: set socket timeout to 30000
2021-06-06T09:17:14.779-0500 [DEBUG] [org.apache.http.impl.execchain.MainClientExec] Executing request GET /maven2/com/sun/xml/fastinfoset/FastInfoset/1.2.16/FastInfoset-1.2.16.pom HTTP/1.1
2021-06-06T09:17:14.779-0500 [DEBUG] [org.gradle.internal.resource.transport.http.HttpResourceAccessor] Constructing external resource: https://repo.maven.apache.org/maven2/org/glassfish/jaxb/txw2/2.3.2/txw2-2.3.2.pom
2021-06-06T09:17:14.780-0500 [DEBUG] [org.gradle.internal.resource.transport.http.HttpClientHelper] Performing HTTP GET: https://repo.maven.apache.org/maven2/org/glassfish/jaxb/txw2/2.3.2/txw2-2.3.2.pom
2021-06-06T09:17:14.779-0500 [DEBUG] [org.apache.http.impl.execchain.MainClientExec] Target auth state: UNCHALLENGED
2021-06-06T09:17:14.780-0500 [DEBUG] [org.apache.http.impl.execchain.MainClientExec] Proxy auth state: UNCHALLENGED
2021-06-06T09:17:14.780-0500 [DEBUG] [org.apache.http.client.protocol.RequestAddCookies] CookieSpec selected: default
2021-06-06T09:17:14.780-0500 [DEBUG] [org.apache.http.client.protocol.RequestAuthCache] Auth cache not set in the context
2021-06-06T09:17:14.780-0500 [DEBUG] [org.apache.http.impl.conn.PoolingHttpClientConnectionManager] Connection request: [route: {s}->https://repo.maven.apache.org:443][total kept alive: 3; route allocated: 8 of 20; total allocated: 8 of 20]
2021-06-06T09:17:14.781-0500 [DEBUG] [org.apache.http.impl.conn.PoolingHttpClientConnectionManager] Connection leased: [id: 13][route: {s}->https://repo.maven.apache.org:443][total kept alive: 2; route allocated: 8 of 20; total allocated: 8 of 20]
2021-06-06T09:17:14.781-0500 [DEBUG] [org.apache.http.impl.conn.DefaultManagedHttpClientConnection] http-outgoing-13: set socket timeout to 30000
2021-06-06T09:17:14.782-0500 [DEBUG] [org.apache.http.impl.conn.DefaultManagedHttpClientConnection] http-outgoing-13: set socket timeout to 30000
2021-06-06T09:17:14.782-0500 [DEBUG] [org.apache.http.impl.execchain.MainClientExec] Executing request GET /maven2/org/glassfish/jaxb/txw2/2.3.2/txw2-2.3.2.pom HTTP/1.1
2021-06-06T09:17:14.782-0500 [DEBUG] [org.apache.http.impl.execchain.MainClientExec] Target auth state: UNCHALLENGED
2021-06-06T09:17:14.782-0500 [DEBUG] [org.apache.http.impl.execchain.MainClientExec] Proxy auth state: UNCHALLENGED
2021-06-06T09:17:14.783-0500 [DEBUG] [org.apache.http.impl.execchain.MainClientExec] Connection can be kept alive indefinitely
2021-06-06T09:17:14.783-0500 [DEBUG] [org.gradle.internal.resource.transport.http.HttpResponseResource] Attempting to download resource https://repo.maven.apache.org/maven2/jakarta/xml/bind/jakarta.xml.bind-api/2.3.2/jakarta.xml.bind-api-2.3.2.pom.
2021-06-06T09:17:14.785-0500 [INFO] [org.gradle.internal.resource.transfer.DefaultCacheAwareExternalResourceAccessor] Downloading https://repo.maven.apache.org/maven2/jakarta/xml/bind/jakarta.xml.bind-api/2.3.2/jakarta.xml.bind-api-2.3.2.pom to C:\Users\gathi\AppData\Local\Temp\gradle_download1463640097795165474bin
2021-06-06T09:17:14.786-0500 [DEBUG] [org.apache.http.impl.conn.PoolingHttpClientConnectionManager] Connection [id: 14][route: {s}->https://repo.maven.apache.org:443] can be kept alive indefinitely
2021-06-06T09:17:14.786-0500 [DEBUG] [org.apache.http.impl.conn.DefaultManagedHttpClientConnection] http-outgoing-14: set socket timeout to 0
2021-06-06T09:17:14.787-0500 [DEBUG] [org.apache.http.impl.conn.PoolingHttpClientConnectionManager] Connection released: [id: 14][route: {s}->https://repo.maven.apache.org:443][total kept alive: 3; route allocated: 8 of 20; total allocated: 8 of 20]
2021-06-06T09:17:14.787-0500 [DEBUG] [org.gradle.internal.operations.DefaultBuildOperationRunner] Build operation 'Download https://repo.maven.apache.org/maven2/jakarta/xml/bind/jakarta.xml.bind-api/2.3.2/jakarta.xml.bind-api-2.3.2.pom' completed
2021-06-06T09:17:14.792-0500 [DEBUG] [org.apache.http.impl.execchain.MainClientExec] Connection can be kept alive indefinitely
2021-06-06T09:17:14.792-0500 [DEBUG] [org.gradle.internal.resource.transport.http.HttpResponseResource] Attempting to download resource https://repo.maven.apache.org/maven2/jakarta/activation/jakarta.activation-api/1.2.1/jakarta.activation-api-1.2.1.pom.
2021-06-06T09:17:14.794-0500 [INFO] [org.gradle.internal.resource.transfer.DefaultCacheAwareExternalResourceAccessor] Downloading https://repo.maven.apache.org/maven2/jakarta/activation/jakarta.activation-api/1.2.1/jakarta.activation-api-1.2.1.pom to C:\Users\gathi\AppData\Local\Temp\gradle_download15227261767541931134bin
2021-06-06T09:17:14.795-0500 [DEBUG] [org.apache.http.impl.conn.PoolingHttpClientConnectionManager] Connection [id: 10][route: {s}->https://repo.maven.apache.org:443] can be kept alive indefinitely
2021-06-06T09:17:14.795-0500 [DEBUG] [org.apache.http.impl.conn.DefaultManagedHttpClientConnection] http-outgoing-10: set socket timeout to 0
2021-06-06T09:17:14.795-0500 [DEBUG] [org.apache.http.impl.conn.PoolingHttpClientConnectionManager] Connection released: [id: 10][route: {s}->https://repo.maven.apache.org:443][total kept alive: 4; route allocated: 8 of 20; total allocated: 8 of 20]
2021-06-06T09:17:14.795-0500 [DEBUG] [org.gradle.internal.operations.DefaultBuildOperationRunner] Build operation 'Download https://repo.maven.apache.org/maven2/jakarta/activation/jakarta.activation-api/1.2.1/jakarta.activation-api-1.2.1.pom' completed
2021-06-06T09:17:14.796-0500 [DEBUG] [org.gradle.api.internal.artifacts.ivyservice.ivyresolve.RepositoryChainComponentMetaDataResolver] Attempting to resolve component for jakarta.xml.bind:jakarta.xml.bind-api-parent:2.3.2 using repositories [Google, MavenRepo]
2021-06-06T09:17:14.796-0500 [DEBUG] [org.apache.http.impl.execchain.MainClientExec] Connection can be kept alive indefinitely
2021-06-06T09:17:14.796-0500 [DEBUG] [org.gradle.internal.resource.transport.http.HttpResponseResource] Attempting to download resource https://repo.maven.apache.org/maven2/org/jvnet/staxex/stax-ex/1.8.1/stax-ex-1.8.1.pom.
2021-06-06T09:17:14.798-0500 [INFO] [org.gradle.internal.resource.transfer.DefaultCacheAwareExternalResourceAccessor] Downloading https://repo.maven.apache.org/maven2/org/jvnet/staxex/stax-ex/1.8.1/stax-ex-1.8.1.pom to C:\Users\gathi\AppData\Local\Temp\gradle_download5689580412730851185bin
2021-06-06T09:17:14.798-0500 [DEBUG] [org.apache.http.impl.execchain.MainClientExec] Connection can be kept alive indefinitely
2021-06-06T09:17:14.798-0500 [DEBUG] [org.gradle.internal.resource.transport.http.HttpResponseResource] Attempting to download resource https://repo.maven.apache.org/maven2/com/sun/istack/istack-commons-runtime/3.0.8/istack-commons-runtime-3.0.8.pom.
2021-06-06T09:17:14.799-0500 [DEBUG] [org.apache.http.impl.conn.PoolingHttpClientConnectionManager] Connection [id: 11][route: {s}->https://repo.maven.apache.org:443] can be kept alive indefinitely
2021-06-06T09:17:14.799-0500 [DEBUG] [org.apache.http.impl.conn.DefaultManagedHttpClientConnection] http-outgoing-11: set socket timeout to 0
2021-06-06T09:17:14.799-0500 [DEBUG] [org.apache.http.impl.conn.PoolingHttpClientConnectionManager] Connection released: [id: 11][route: {s}->https://repo.maven.apache.org:443][total kept alive: 5; route allocated: 8 of 20; total allocated: 8 of 20]
2021-06-06T09:17:14.800-0500 [INFO] [org.gradle.internal.resource.transfer.DefaultCacheAwareExternalResourceAccessor] Downloading https://repo.maven.apache.org/maven2/com/sun/istack/istack-commons-runtime/3.0.8/istack-commons-runtime-3.0.8.pom to C:\Users\gathi\AppData\Local\Temp\gradle_download2725626212135657934bin
2021-06-06T09:17:14.800-0500 [DEBUG] [org.gradle.internal.operations.DefaultBuildOperationRunner] Build operation 'Download https://repo.maven.apache.org/maven2/org/jvnet/staxex/stax-ex/1.8.1/stax-ex-1.8.1.pom' completed
2021-06-06T09:17:14.800-0500 [DEBUG] [org.apache.http.impl.execchain.MainClientExec] Connection can be kept alive indefinitely
2021-06-06T09:17:14.800-0500 [DEBUG] [org.apache.http.impl.execchain.MainClientExec] Connection can be kept alive indefinitely
2021-06-06T09:17:14.800-0500 [DEBUG] [org.gradle.internal.resource.transport.http.HttpResponseResource] Attempting to download resource https://repo.maven.apache.org/maven2/com/sun/xml/fastinfoset/FastInfoset/1.2.16/FastInfoset-1.2.16.pom.
2021-06-06T09:17:14.800-0500 [DEBUG] [org.gradle.internal.resource.transport.http.HttpResponseResource] Attempting to download resource https://repo.maven.apache.org/maven2/org/glassfish/jaxb/txw2/2.3.2/txw2-2.3.2.pom.
2021-06-06T09:17:14.801-0500 [DEBUG] [org.apache.http.impl.conn.PoolingHttpClientConnectionManager] Connection [id: 12][route: {s}->https://repo.maven.apache.org:443] can be kept alive indefinitely
2021-06-06T09:17:14.801-0500 [DEBUG] [org.apache.http.impl.conn.DefaultManagedHttpClientConnection] http-outgoing-12: set socket timeout to 0
2021-06-06T09:17:14.801-0500 [DEBUG] [org.apache.http.impl.conn.PoolingHttpClientConnectionManager] Connection released: [id: 12][route: {s}->https://repo.maven.apache.org:443][total kept alive: 6; route allocated: 8 of 20; total allocated: 8 of 20]
2021-06-06T09:17:14.801-0500 [DEBUG] [org.gradle.internal.operations.DefaultBuildOperationRunner] Build operation 'Download https://repo.maven.apache.org/maven2/com/sun/istack/istack-commons-runtime/3.0.8/istack-commons-runtime-3.0.8.pom' completed
2021-06-06T09:17:14.802-0500 [DEBUG] [org.gradle.api.internal.artifacts.repositories.resolver.DefaultExternalResourceArtifactResolver] Loading https://dl.google.com/dl/android/maven2/jakarta/xml/bind/jakarta.xml.bind-api-parent/2.3.2/jakarta.xml.bind-api-parent-2.3.2.pom
2021-06-06T09:17:14.802-0500 [DEBUG] [org.gradle.internal.resource.transfer.DefaultCacheAwareExternalResourceAccessor] Constructing external resource: https://dl.google.com/dl/android/maven2/jakarta/xml/bind/jakarta.xml.bind-api-parent/2.3.2/jakarta.xml.bind-api-parent-2.3.2.pom
2021-06-06T09:17:14.802-0500 [INFO] [org.gradle.internal.resource.transfer.DefaultCacheAwareExternalResourceAccessor] Downloading https://repo.maven.apache.org/maven2/com/sun/xml/fastinfoset/FastInfoset/1.2.16/FastInfoset-1.2.16.pom to C:\Users\gathi\AppData\Local\Temp\gradle_download9363321829608188351bin
2021-06-06T09:17:14.802-0500 [INFO] [org.gradle.internal.resource.transfer.DefaultCacheAwareExternalResourceAccessor] Downloading https://repo.maven.apache.org/maven2/org/glassfish/jaxb/txw2/2.3.2/txw2-2.3.2.pom to C:\Users\gathi\AppData\Local\Temp\gradle_download12091941595943304121bin
2021-06-06T09:17:14.803-0500 [DEBUG] [org.apache.http.impl.conn.PoolingHttpClientConnectionManager] Connection [id: 13][route: {s}->https://repo.maven.apache.org:443] can be kept alive indefinitely
2021-06-06T09:17:14.803-0500 [DEBUG] [org.apache.http.impl.conn.DefaultManagedHttpClientConnection] http-outgoing-13: set socket timeout to 0
2021-06-06T09:17:14.803-0500 [DEBUG] [org.apache.http.impl.conn.PoolingHttpClientConnectionManager] Connection [id: 15][route: {s}->https://repo.maven.apache.org:443] can be kept alive indefinitely
2021-06-06T09:17:14.804-0500 [DEBUG] [org.apache.http.impl.conn.DefaultManagedHttpClientConnection] http-outgoing-15: set socket timeout to 0
2021-06-06T09:17:14.804-0500 [DEBUG] [org.apache.http.impl.conn.PoolingHttpClientConnectionManager] Connection released: [id: 13][route: {s}->https://repo.maven.apache.org:443][total kept alive: 7; route allocated: 8 of 20; total allocated: 8 of 20]
2021-06-06T09:17:14.804-0500 [DEBUG] [org.apache.http.impl.conn.PoolingHttpClientConnectionManager] Connection released: [id: 15][route: {s}->https://repo.maven.apache.org:443][total kept alive: 8; route allocated: 8 of 20; total allocated: 8 of 20]
2021-06-06T09:17:14.804-0500 [DEBUG] [org.gradle.internal.operations.DefaultBuildOperationRunner] Build operation 'Download https://repo.maven.apache.org/maven2/org/glassfish/jaxb/txw2/2.3.2/txw2-2.3.2.pom' completed
2021-06-06T09:17:14.804-0500 [DEBUG] [org.gradle.internal.operations.DefaultBuildOperationRunner] Build operation 'Download https://repo.maven.apache.org/maven2/com/sun/xml/fastinfoset/FastInfoset/1.2.16/FastInfoset-1.2.16.pom' completed
2021-06-06T09:17:14.808-0500 [DEBUG] [org.gradle.api.internal.artifacts.ivyservice.ivyresolve.RepositoryChainComponentMetaDataResolver] Attempting to resolve component for com.sun.activation:all:1.2.1 using repositories [Google, MavenRepo]
2021-06-06T09:17:14.810-0500 [DEBUG] [org.gradle.api.internal.artifacts.ivyservice.ivyresolve.RepositoryChainComponentMetaDataResolver] Attempting to resolve component for com.sun.istack:istack-commons:3.0.8 using repositories [Google, MavenRepo]
2021-06-06T09:17:14.814-0500 [DEBUG] [org.gradle.internal.resource.transport.http.HttpResourceAccessor] Constructing external resource: https://dl.google.com/dl/android/maven2/jakarta/xml/bind/jakarta.xml.bind-api-parent/2.3.2/jakarta.xml.bind-api-parent-2.3.2.pom
2021-06-06T09:17:14.814-0500 [DEBUG] [org.gradle.internal.resource.transport.http.HttpClientHelper] Performing HTTP GET: https://dl.google.com/dl/android/maven2/jakarta/xml/bind/jakarta.xml.bind-api-parent/2.3.2/jakarta.xml.bind-api-parent-2.3.2.pom
2021-06-06T09:17:14.815-0500 [DEBUG] [org.apache.http.client.protocol.RequestAddCookies] CookieSpec selected: default
2021-06-06T09:17:14.815-0500 [DEBUG] [org.apache.http.client.protocol.RequestAuthCache] Auth cache not set in the context
2021-06-06T09:17:14.815-0500 [DEBUG] [org.apache.http.impl.conn.PoolingHttpClientConnectionManager] Connection request: [route: {s}->https://dl.google.com:443][total kept alive: 8; route allocated: 8 of 20; total allocated: 8 of 20]
2021-06-06T09:17:14.815-0500 [DEBUG] [org.apache.http.impl.conn.PoolingHttpClientConnectionManager] Connection leased: [id: 0][route: {s}->https://dl.google.com:443][total kept alive: 7; route allocated: 8 of 20; total allocated: 8 of 20]
2021-06-06T09:17:14.815-0500 [DEBUG] [org.apache.http.impl.conn.DefaultManagedHttpClientConnection] http-outgoing-0: set socket timeout to 30000
2021-06-06T09:17:14.815-0500 [DEBUG] [org.apache.http.impl.conn.DefaultManagedHttpClientConnection] http-outgoing-0: set socket timeout to 30000
2021-06-06T09:17:14.815-0500 [DEBUG] [org.apache.http.impl.execchain.MainClientExec] Executing request GET /dl/android/maven2/jakarta/xml/bind/jakarta.xml.bind-api-parent/2.3.2/jakarta.xml.bind-api-parent-2.3.2.pom HTTP/1.1
2021-06-06T09:17:14.815-0500 [DEBUG] [org.apache.http.impl.execchain.MainClientExec] Target auth state: UNCHALLENGED
2021-06-06T09:17:14.815-0500 [DEBUG] [org.apache.http.impl.execchain.MainClientExec] Proxy auth state: UNCHALLENGED
2021-06-06T09:17:14.816-0500 [DEBUG] [org.gradle.api.internal.artifacts.ivyservice.ivyresolve.RepositoryChainComponentMetaDataResolver] Attempting to resolve component for org.eclipse.ee4j:project:1.0.5 using repositories [Google, MavenRepo]
2021-06-06T09:17:14.816-0500 [DEBUG] [org.gradle.api.internal.artifacts.ivyservice.ivyresolve.CachingModuleComponentRepository] Detected non-existence of module 'org.eclipse.ee4j:project:1.0.5' in resolver cache 'Google'
2021-06-06T09:17:14.816-0500 [DEBUG] [org.gradle.api.internal.artifacts.ivyservice.ivyresolve.CachingModuleComponentRepository] Using cached module metadata for module 'org.eclipse.ee4j:project:1.0.5' in 'MavenRepo'
2021-06-06T09:17:14.817-0500 [DEBUG] [org.gradle.api.internal.artifacts.ivyservice.ivyresolve.RepositoryChainComponentMetaDataResolver] Using org.eclipse.ee4j:project:1.0.5 from Maven repository 'MavenRepo'
2021-06-06T09:17:14.817-0500 [DEBUG] [org.gradle.api.internal.artifacts.ivyservice.ivyresolve.CachingModuleComponentRepository] Found artifact 'project-1.0.5.pom (org.eclipse.ee4j:project:1.0.5)' in resolver cache: C:\Users\gathi\.gradle\caches\modules-2\files-2.1\org.eclipse.ee4j\project\1.0.5\d391c5ed15d8fb1dadba9c5d1017006d56c50332\project-1.0.5.pom
2021-06-06T09:17:14.820-0500 [DEBUG] [org.gradle.api.internal.artifacts.repositories.resolver.DefaultExternalResourceArtifactResolver] Loading https://dl.google.com/dl/android/maven2/com/sun/activation/all/1.2.1/all-1.2.1.pom
2021-06-06T09:17:14.821-0500 [DEBUG] [org.gradle.internal.resource.transfer.DefaultCacheAwareExternalResourceAccessor] Constructing external resource: https://dl.google.com/dl/android/maven2/com/sun/activation/all/1.2.1/all-1.2.1.pom
2021-06-06T09:17:14.821-0500 [DEBUG] [org.gradle.api.internal.artifacts.repositories.resolver.ExternalResourceResolver] Metadata file found for module 'org.jvnet.staxex:stax-ex:1.8.1' in repository 'MavenRepo'.
2021-06-06T09:17:14.821-0500 [DEBUG] [org.gradle.api.internal.artifacts.ivyservice.modulecache.PersistentModuleMetadataCache] Recording module descriptor in cache: org.jvnet.staxex:stax-ex:1.8.1 [changing = false]
2021-06-06T09:17:14.826-0500 [DEBUG] [org.gradle.api.internal.artifacts.ivyservice.ivyresolve.RepositoryChainComponentMetaDataResolver] Attempting to resolve component for com.sun.xml.fastinfoset:fastinfoset-project:1.2.16 using repositories [Google, MavenRepo]
2021-06-06T09:17:14.829-0500 [DEBUG] [org.gradle.api.internal.artifacts.repositories.resolver.DefaultExternalResourceArtifactResolver] Loading https://dl.google.com/dl/android/maven2/com/sun/istack/istack-commons/3.0.8/istack-commons-3.0.8.pom
2021-06-06T09:17:14.829-0500 [DEBUG] [org.gradle.internal.resource.transfer.DefaultCacheAwareExternalResourceAccessor] Constructing external resource: https://dl.google.com/dl/android/maven2/com/sun/istack/istack-commons/3.0.8/istack-commons-3.0.8.pom
2021-06-06T09:17:14.831-0500 [DEBUG] [org.gradle.api.internal.artifacts.ivyservice.ivyresolve.RepositoryChainComponentMetaDataResolver] Attempting to resolve component for com.sun.xml.bind.mvn:jaxb-txw-parent:2.3.2 using repositories [Google, MavenRepo]
2021-06-06T09:17:14.833-0500 [DEBUG] [org.gradle.api.internal.artifacts.ivyservice.ivyresolve.RepositoryChainComponentMetaDataResolver] Using org.jvnet.staxex:stax-ex:1.8.1 from Maven repository 'MavenRepo'
2021-06-06T09:17:14.833-0500 [DEBUG] [org.gradle.api.internal.artifacts.repositories.resolver.DefaultExternalResourceArtifactResolver] Loading https://dl.google.com/dl/android/maven2/com/sun/xml/bind/mvn/jaxb-txw-parent/2.3.2/jaxb-txw-parent-2.3.2.pom
2021-06-06T09:17:14.833-0500 [DEBUG] [org.gradle.api.internal.artifacts.repositories.resolver.DefaultExternalResourceArtifactResolver] Loading https://dl.google.com/dl/android/maven2/com/sun/xml/fastinfoset/fastinfoset-project/1.2.16/fastinfoset-project-1.2.16.pom
2021-06-06T09:17:14.833-0500 [DEBUG] [org.gradle.internal.resource.transfer.DefaultCacheAwareExternalResourceAccessor] Constructing external resource: https://dl.google.com/dl/android/maven2/com/sun/xml/bind/mvn/jaxb-txw-parent/2.3.2/jaxb-txw-parent-2.3.2.pom
2021-06-06T09:17:14.833-0500 [DEBUG] [org.gradle.internal.resource.transfer.DefaultCacheAwareExternalResourceAccessor] Constructing external resource: https://dl.google.com/dl/android/maven2/com/sun/xml/fastinfoset/fastinfoset-project/1.2.16/fastinfoset-project-1.2.16.pom
2021-06-06T09:17:14.834-0500 [DEBUG] [org.gradle.internal.resource.transport.http.HttpResourceAccessor] Constructing external resource: https://dl.google.com/dl/android/maven2/com/sun/xml/bind/mvn/jaxb-txw-parent/2.3.2/jaxb-txw-parent-2.3.2.pom
2021-06-06T09:17:14.834-0500 [DEBUG] [org.gradle.internal.resource.transport.http.HttpResourceAccessor] Constructing external resource: https://dl.google.com/dl/android/maven2/com/sun/activation/all/1.2.1/all-1.2.1.pom
2021-06-06T09:17:14.834-0500 [DEBUG] [org.gradle.internal.resource.transport.http.HttpClientHelper] Performing HTTP GET: https://dl.google.com/dl/android/maven2/com/sun/xml/bind/mvn/jaxb-txw-parent/2.3.2/jaxb-txw-parent-2.3.2.pom
2021-06-06T09:17:14.834-0500 [DEBUG] [org.gradle.internal.resource.transport.http.HttpResourceAccessor] Constructing external resource: https://dl.google.com/dl/android/maven2/com/sun/istack/istack-commons/3.0.8/istack-commons-3.0.8.pom
2021-06-06T09:17:14.835-0500 [DEBUG] [org.gradle.internal.resource.transport.http.HttpResourceAccessor] Constructing external resource: https://dl.google.com/dl/android/maven2/com/sun/xml/fastinfoset/fastinfoset-project/1.2.16/fastinfoset-project-1.2.16.pom
2021-06-06T09:17:14.835-0500 [DEBUG] [org.gradle.internal.resource.transport.http.HttpClientHelper] Performing HTTP GET: https://dl.google.com/dl/android/maven2/com/sun/activation/all/1.2.1/all-1.2.1.pom
2021-06-06T09:17:14.835-0500 [DEBUG] [org.gradle.internal.resource.transport.http.HttpClientHelper] Performing HTTP GET: https://dl.google.com/dl/android/maven2/com/sun/xml/fastinfoset/fastinfoset-project/1.2.16/fastinfoset-project-1.2.16.pom
2021-06-06T09:17:14.835-0500 [DEBUG] [org.gradle.internal.resource.transport.http.HttpClientHelper] Performing HTTP GET: https://dl.google.com/dl/android/maven2/com/sun/istack/istack-commons/3.0.8/istack-commons-3.0.8.pom
2021-06-06T09:17:14.835-0500 [DEBUG] [org.apache.http.client.protocol.RequestAddCookies] CookieSpec selected: default
2021-06-06T09:17:14.835-0500 [DEBUG] [org.apache.http.client.protocol.RequestAddCookies] CookieSpec selected: default
2021-06-06T09:17:14.835-0500 [DEBUG] [org.apache.http.client.protocol.RequestAuthCache] Auth cache not set in the context
2021-06-06T09:17:14.836-0500 [DEBUG] [org.apache.http.impl.conn.PoolingHttpClientConnectionManager] Connection request: [route: {s}->https://dl.google.com:443][total kept alive: 7; route allocated: 8 of 20; total allocated: 8 of 20]
2021-06-06T09:17:14.835-0500 [DEBUG] [org.apache.http.client.protocol.RequestAddCookies] CookieSpec selected: default
2021-06-06T09:17:14.835-0500 [DEBUG] [org.apache.http.client.protocol.RequestAddCookies] CookieSpec selected: default
2021-06-06T09:17:14.836-0500 [DEBUG] [org.apache.http.client.protocol.RequestAuthCache] Auth cache not set in the context
2021-06-06T09:17:14.836-0500 [DEBUG] [org.apache.http.impl.conn.PoolingHttpClientConnectionManager] Connection leased: [id: 8][route: {s}->https://dl.google.com:443][total kept alive: 6; route allocated: 8 of 20; total allocated: 8 of 20]
2021-06-06T09:17:14.836-0500 [DEBUG] [org.apache.http.impl.conn.DefaultManagedHttpClientConnection] http-outgoing-8: set socket timeout to 30000
2021-06-06T09:17:14.835-0500 [DEBUG] [org.apache.http.client.protocol.RequestAuthCache] Auth cache not set in the context
2021-06-06T09:17:14.836-0500 [DEBUG] [org.apache.http.impl.conn.DefaultManagedHttpClientConnection] http-outgoing-8: set socket timeout to 30000
2021-06-06T09:17:14.836-0500 [DEBUG] [org.apache.http.impl.execchain.MainClientExec] Executing request GET /dl/android/maven2/com/sun/istack/istack-commons/3.0.8/istack-commons-3.0.8.pom HTTP/1.1
2021-06-06T09:17:14.836-0500 [DEBUG] [org.apache.http.impl.execchain.MainClientExec] Target auth state: UNCHALLENGED
2021-06-06T09:17:14.836-0500 [DEBUG] [org.apache.http.impl.execchain.MainClientExec] Proxy auth state: UNCHALLENGED
2021-06-06T09:17:14.836-0500 [DEBUG] [org.apache.http.impl.conn.PoolingHttpClientConnectionManager] Connection request: [route: {s}->https://dl.google.com:443][total kept alive: 6; route allocated: 8 of 20; total allocated: 8 of 20]
2021-06-06T09:17:14.836-0500 [DEBUG] [org.apache.http.client.protocol.RequestAuthCache] Auth cache not set in the context
2021-06-06T09:17:14.837-0500 [DEBUG] [org.apache.http.impl.conn.PoolingHttpClientConnectionManager] Connection request: [route: {s}->https://dl.google.com:443][total kept alive: 5; route allocated: 8 of 20; total allocated: 8 of 20]
2021-06-06T09:17:14.837-0500 [DEBUG] [org.apache.http.impl.conn.PoolingHttpClientConnectionManager] Connection leased: [id: 1][route: {s}->https://dl.google.com:443][total kept alive: 4; route allocated: 8 of 20; total allocated: 8 of 20]
2021-06-06T09:17:14.837-0500 [DEBUG] [org.apache.http.impl.conn.DefaultManagedHttpClientConnection] http-outgoing-1: set socket timeout to 30000
2021-06-06T09:17:14.837-0500 [DEBUG] [org.apache.http.impl.conn.DefaultManagedHttpClientConnection] http-outgoing-1: set socket timeout to 30000
2021-06-06T09:17:14.837-0500 [DEBUG] [org.apache.http.impl.execchain.MainClientExec] Executing request GET /dl/android/maven2/com/sun/activation/all/1.2.1/all-1.2.1.pom HTTP/1.1
2021-06-06T09:17:14.837-0500 [DEBUG] [org.apache.http.impl.execchain.MainClientExec] Target auth state: UNCHALLENGED
2021-06-06T09:17:14.837-0500 [DEBUG] [org.apache.http.impl.execchain.MainClientExec] Proxy auth state: UNCHALLENGED
2021-06-06T09:17:14.837-0500 [DEBUG] [org.apache.http.impl.conn.PoolingHttpClientConnectionManager] Connection leased: [id: 5][route: {s}->https://dl.google.com:443][total kept alive: 5; route allocated: 8 of 20; total allocated: 8 of 20]
2021-06-06T09:17:14.837-0500 [DEBUG] [org.apache.http.impl.conn.DefaultManagedHttpClientConnection] http-outgoing-5: set socket timeout to 30000
2021-06-06T09:17:14.836-0500 [DEBUG] [org.apache.http.impl.conn.PoolingHttpClientConnectionManager] Connection request: [route: {s}->https://dl.google.com:443][total kept alive: 6; route allocated: 8 of 20; total allocated: 8 of 20]
2021-06-06T09:17:14.837-0500 [DEBUG] [org.apache.http.impl.conn.PoolingHttpClientConnectionManager] Connection leased: [id: 3][route: {s}->https://dl.google.com:443][total kept alive: 3; route allocated: 8 of 20; total allocated: 8 of 20]
2021-06-06T09:17:14.837-0500 [DEBUG] [org.apache.http.impl.conn.DefaultManagedHttpClientConnection] http-outgoing-3: set socket timeout to 30000
2021-06-06T09:17:14.837-0500 [DEBUG] [org.apache.http.impl.conn.DefaultManagedHttpClientConnection] http-outgoing-3: set socket timeout to 30000
2021-06-06T09:17:14.838-0500 [DEBUG] [org.apache.http.impl.execchain.MainClientExec] Executing request GET /dl/android/maven2/com/sun/xml/bind/mvn/jaxb-txw-parent/2.3.2/jaxb-txw-parent-2.3.2.pom HTTP/1.1
2021-06-06T09:17:14.838-0500 [DEBUG] [org.apache.http.impl.execchain.MainClientExec] Target auth state: UNCHALLENGED
2021-06-06T09:17:14.837-0500 [DEBUG] [org.apache.http.impl.conn.DefaultManagedHttpClientConnection] http-outgoing-5: set socket timeout to 30000
2021-06-06T09:17:14.838-0500 [DEBUG] [org.apache.http.impl.execchain.MainClientExec] Executing request GET /dl/android/maven2/com/sun/xml/fastinfoset/fastinfoset-project/1.2.16/fastinfoset-project-1.2.16.pom HTTP/1.1
2021-06-06T09:17:14.838-0500 [DEBUG] [org.apache.http.impl.execchain.MainClientExec] Target auth state: UNCHALLENGED
2021-06-06T09:17:14.838-0500 [DEBUG] [org.apache.http.impl.execchain.MainClientExec] Proxy auth state: UNCHALLENGED
2021-06-06T09:17:14.838-0500 [DEBUG] [org.apache.http.impl.execchain.MainClientExec] Proxy auth state: UNCHALLENGED
2021-06-06T09:17:14.852-0500 [DEBUG] [org.apache.http.impl.execchain.MainClientExec] Connection can be kept alive indefinitely
2021-06-06T09:17:14.853-0500 [DEBUG] [org.apache.http.impl.conn.PoolingHttpClientConnectionManager] Connection [id: 0][route: {s}->https://dl.google.com:443] can be kept alive indefinitely
2021-06-06T09:17:14.853-0500 [DEBUG] [org.apache.http.impl.conn.DefaultManagedHttpClientConnection] http-outgoing-0: set socket timeout to 0
2021-06-06T09:17:14.853-0500 [DEBUG] [org.apache.http.impl.conn.PoolingHttpClientConnectionManager] Connection released: [id: 0][route: {s}->https://dl.google.com:443][total kept alive: 4; route allocated: 8 of 20; total allocated: 8 of 20]
2021-06-06T09:17:14.853-0500 [INFO] [org.gradle.internal.resource.transport.http.HttpClientHelper] Resource missing. [HTTP GET: https://dl.google.com/dl/android/maven2/jakarta/xml/bind/jakarta.xml.bind-api-parent/2.3.2/jakarta.xml.bind-api-parent-2.3.2.pom]
2021-06-06T09:17:14.853-0500 [DEBUG] [org.gradle.internal.operations.DefaultBuildOperationRunner] Build operation 'Download https://dl.google.com/dl/android/maven2/jakarta/xml/bind/jakarta.xml.bind-api-parent/2.3.2/jakarta.xml.bind-api-parent-2.3.2.pom' completed
2021-06-06T09:17:14.853-0500 [DEBUG] [org.gradle.api.internal.artifacts.repositories.resolver.ExternalResourceResolver] No meta-data file or artifact found for module 'jakarta.xml.bind:jakarta.xml.bind-api-parent:2.3.2' in repository 'Google'.
2021-06-06T09:17:14.853-0500 [DEBUG] [org.gradle.api.internal.artifacts.ivyservice.modulecache.PersistentModuleMetadataCache] Recording absence of module descriptor in cache: jakarta.xml.bind:jakarta.xml.bind-api-parent:2.3.2 [changing = false]
2021-06-06T09:17:14.854-0500 [DEBUG] [org.gradle.api.internal.artifacts.repositories.resolver.DefaultExternalResourceArtifactResolver] Loading https://repo.maven.apache.org/maven2/jakarta/xml/bind/jakarta.xml.bind-api-parent/2.3.2/jakarta.xml.bind-api-parent-2.3.2.pom
2021-06-06T09:17:14.854-0500 [DEBUG] [org.gradle.internal.resource.transfer.DefaultCacheAwareExternalResourceAccessor] Constructing external resource: https://repo.maven.apache.org/maven2/jakarta/xml/bind/jakarta.xml.bind-api-parent/2.3.2/jakarta.xml.bind-api-parent-2.3.2.pom
2021-06-06T09:17:14.855-0500 [DEBUG] [org.gradle.internal.resource.transport.http.HttpResourceAccessor] Constructing external resource: https://repo.maven.apache.org/maven2/jakarta/xml/bind/jakarta.xml.bind-api-parent/2.3.2/jakarta.xml.bind-api-parent-2.3.2.pom
2021-06-06T09:17:14.855-0500 [DEBUG] [org.gradle.internal.resource.transport.http.HttpClientHelper] Performing HTTP GET: https://repo.maven.apache.org/maven2/jakarta/xml/bind/jakarta.xml.bind-api-parent/2.3.2/jakarta.xml.bind-api-parent-2.3.2.pom
2021-06-06T09:17:14.855-0500 [DEBUG] [org.apache.http.client.protocol.RequestAddCookies] CookieSpec selected: default
2021-06-06T09:17:14.855-0500 [DEBUG] [org.apache.http.client.protocol.RequestAuthCache] Auth cache not set in the context
2021-06-06T09:17:14.855-0500 [DEBUG] [org.apache.http.impl.conn.PoolingHttpClientConnectionManager] Connection request: [route: {s}->https://repo.maven.apache.org:443][total kept alive: 8; route allocated: 8 of 20; total allocated: 8 of 20]
2021-06-06T09:17:14.855-0500 [DEBUG] [org.apache.http.impl.conn.PoolingHttpClientConnectionManager] Connection leased: [id: 15][route: {s}->https://repo.maven.apache.org:443][total kept alive: 7; route allocated: 8 of 20; total allocated: 8 of 20]
2021-06-06T09:17:14.855-0500 [DEBUG] [org.apache.http.impl.conn.DefaultManagedHttpClientConnection] http-outgoing-15: set socket timeout to 30000
2021-06-06T09:17:14.855-0500 [DEBUG] [org.apache.http.impl.conn.DefaultManagedHttpClientConnection] http-outgoing-15: set socket timeout to 30000
2021-06-06T09:17:14.855-0500 [DEBUG] [org.apache.http.impl.execchain.MainClientExec] Executing request GET /maven2/jakarta/xml/bind/jakarta.xml.bind-api-parent/2.3.2/jakarta.xml.bind-api-parent-2.3.2.pom HTTP/1.1
2021-06-06T09:17:14.855-0500 [DEBUG] [org.apache.http.impl.execchain.MainClientExec] Target auth state: UNCHALLENGED
2021-06-06T09:17:14.855-0500 [DEBUG] [org.apache.http.impl.execchain.MainClientExec] Proxy auth state: UNCHALLENGED
2021-06-06T09:17:14.880-0500 [DEBUG] [org.apache.http.impl.execchain.MainClientExec] Connection can be kept alive indefinitely
2021-06-06T09:17:14.880-0500 [DEBUG] [org.apache.http.impl.execchain.MainClientExec] Connection can be kept alive indefinitely
2021-06-06T09:17:14.880-0500 [DEBUG] [org.apache.http.impl.execchain.MainClientExec] Connection can be kept alive indefinitely
2021-06-06T09:17:14.880-0500 [DEBUG] [org.apache.http.impl.conn.PoolingHttpClientConnectionManager] Connection [id: 8][route: {s}->https://dl.google.com:443] can be kept alive indefinitely
2021-06-06T09:17:14.880-0500 [DEBUG] [org.apache.http.impl.conn.DefaultManagedHttpClientConnection] http-outgoing-8: set socket timeout to 0
2021-06-06T09:17:14.880-0500 [DEBUG] [org.apache.http.impl.execchain.MainClientExec] Connection can be kept alive indefinitely
2021-06-06T09:17:14.880-0500 [DEBUG] [org.apache.http.impl.execchain.MainClientExec] Connection can be kept alive indefinitely
2021-06-06T09:17:14.881-0500 [DEBUG] [org.apache.http.impl.conn.PoolingHttpClientConnectionManager] Connection [id: 5][route: {s}->https://dl.google.com:443] can be kept alive indefinitely
2021-06-06T09:17:14.881-0500 [DEBUG] [org.apache.http.impl.conn.DefaultManagedHttpClientConnection] http-outgoing-5: set socket timeout to 0
2021-06-06T09:17:14.880-0500 [DEBUG] [org.apache.http.impl.conn.PoolingHttpClientConnectionManager] Connection released: [id: 8][route: {s}->https://dl.google.com:443][total kept alive: 5; route allocated: 8 of 20; total allocated: 8 of 20]
2021-06-06T09:17:14.880-0500 [DEBUG] [org.apache.http.impl.conn.PoolingHttpClientConnectionManager] Connection [id: 3][route: {s}->https://dl.google.com:443] can be kept alive indefinitely
2021-06-06T09:17:14.881-0500 [INFO] [org.gradle.internal.resource.transport.http.HttpClientHelper] Resource missing. [HTTP GET: https://dl.google.com/dl/android/maven2/com/sun/istack/istack-commons/3.0.8/istack-commons-3.0.8.pom]
2021-06-06T09:17:14.881-0500 [DEBUG] [org.apache.http.impl.conn.DefaultManagedHttpClientConnection] http-outgoing-3: set socket timeout to 0
2021-06-06T09:17:14.881-0500 [DEBUG] [org.apache.http.impl.conn.PoolingHttpClientConnectionManager] Connection released: [id: 5][route: {s}->https://dl.google.com:443][total kept alive: 6; route allocated: 8 of 20; total allocated: 8 of 20]
2021-06-06T09:17:14.881-0500 [DEBUG] [org.apache.http.impl.conn.PoolingHttpClientConnectionManager] Connection [id: 1][route: {s}->https://dl.google.com:443] can be kept alive indefinitely
2021-06-06T09:17:14.881-0500 [INFO] [org.gradle.internal.resource.transport.http.HttpClientHelper] Resource missing. [HTTP GET: https://dl.google.com/dl/android/maven2/com/sun/xml/fastinfoset/fastinfoset-project/1.2.16/fastinfoset-project-1.2.16.pom]
2021-06-06T09:17:14.881-0500 [DEBUG] [org.apache.http.impl.conn.PoolingHttpClientConnectionManager] Connection released: [id: 3][route: {s}->https://dl.google.com:443][total kept alive: 7; route allocated: 8 of 20; total allocated: 8 of 20]
2021-06-06T09:17:14.881-0500 [DEBUG] [org.gradle.internal.resource.transport.http.HttpResponseResource] Attempting to download resource https://repo.maven.apache.org/maven2/jakarta/xml/bind/jakarta.xml.bind-api-parent/2.3.2/jakarta.xml.bind-api-parent-2.3.2.pom.
2021-06-06T09:17:14.882-0500 [INFO] [org.gradle.internal.resource.transport.http.HttpClientHelper] Resource missing. [HTTP GET: https://dl.google.com/dl/android/maven2/com/sun/xml/bind/mvn/jaxb-txw-parent/2.3.2/jaxb-txw-parent-2.3.2.pom]
2021-06-06T09:17:14.882-0500 [DEBUG] [org.gradle.internal.operations.DefaultBuildOperationRunner] Build operation 'Download https://dl.google.com/dl/android/maven2/com/sun/xml/bind/mvn/jaxb-txw-parent/2.3.2/jaxb-txw-parent-2.3.2.pom' completed
2021-06-06T09:17:14.881-0500 [DEBUG] [org.apache.http.impl.conn.DefaultManagedHttpClientConnection] http-outgoing-1: set socket timeout to 0
2021-06-06T09:17:14.882-0500 [DEBUG] [org.gradle.api.internal.artifacts.repositories.resolver.ExternalResourceResolver] No meta-data file or artifact found for module 'com.sun.xml.bind.mvn:jaxb-txw-parent:2.3.2' in repository 'Google'.
2021-06-06T09:17:14.882-0500 [DEBUG] [org.gradle.internal.operations.DefaultBuildOperationRunner] Build operation 'Download https://dl.google.com/dl/android/maven2/com/sun/istack/istack-commons/3.0.8/istack-commons-3.0.8.pom' completed
2021-06-06T09:17:14.882-0500 [DEBUG] [org.gradle.internal.operations.DefaultBuildOperationRunner] Build operation 'Download https://dl.google.com/dl/android/maven2/com/sun/xml/fastinfoset/fastinfoset-project/1.2.16/fastinfoset-project-1.2.16.pom' completed
2021-06-06T09:17:14.882-0500 [DEBUG] [org.gradle.api.internal.artifacts.ivyservice.modulecache.PersistentModuleMetadataCache] Recording absence of module descriptor in cache: com.sun.xml.bind.mvn:jaxb-txw-parent:2.3.2 [changing = false]
2021-06-06T09:17:14.882-0500 [DEBUG] [org.apache.http.impl.conn.PoolingHttpClientConnectionManager] Connection released: [id: 1][route: {s}->https://dl.google.com:443][total kept alive: 8; route allocated: 8 of 20; total allocated: 8 of 20]
2021-06-06T09:17:14.883-0500 [DEBUG] [org.gradle.api.internal.artifacts.repositories.resolver.ExternalResourceResolver] No meta-data file or artifact found for module 'com.sun.xml.fastinfoset:fastinfoset-project:1.2.16' in repository 'Google'.
2021-06-06T09:17:14.882-0500 [DEBUG] [org.gradle.api.internal.artifacts.repositories.resolver.ExternalResourceResolver] No meta-data file or artifact found for module 'com.sun.istack:istack-commons:3.0.8' in repository 'Google'.
2021-06-06T09:17:14.883-0500 [DEBUG] [org.gradle.api.internal.artifacts.ivyservice.modulecache.PersistentModuleMetadataCache] Recording absence of module descriptor in cache: com.sun.xml.fastinfoset:fastinfoset-project:1.2.16 [changing = false]
2021-06-06T09:17:14.883-0500 [INFO] [org.gradle.internal.resource.transport.http.HttpClientHelper] Resource missing. [HTTP GET: https://dl.google.com/dl/android/maven2/com/sun/activation/all/1.2.1/all-1.2.1.pom]
2021-06-06T09:17:14.883-0500 [INFO] [org.gradle.internal.resource.transfer.DefaultCacheAwareExternalResourceAccessor] Downloading https://repo.maven.apache.org/maven2/jakarta/xml/bind/jakarta.xml.bind-api-parent/2.3.2/jakarta.xml.bind-api-parent-2.3.2.pom to C:\Users\gathi\AppData\Local\Temp\gradle_download8924991780431663719bin
2021-06-06T09:17:14.883-0500 [DEBUG] [org.gradle.api.internal.artifacts.repositories.resolver.DefaultExternalResourceArtifactResolver] Loading https://repo.maven.apache.org/maven2/com/sun/xml/bind/mvn/jaxb-txw-parent/2.3.2/jaxb-txw-parent-2.3.2.pom
2021-06-06T09:17:14.883-0500 [DEBUG] [org.gradle.api.internal.artifacts.ivyservice.modulecache.PersistentModuleMetadataCache] Recording absence of module descriptor in cache: com.sun.istack:istack-commons:3.0.8 [changing = false]
2021-06-06T09:17:14.883-0500 [DEBUG] [org.gradle.internal.resource.transfer.DefaultCacheAwareExternalResourceAccessor] Constructing external resource: https://repo.maven.apache.org/maven2/com/sun/xml/bind/mvn/jaxb-txw-parent/2.3.2/jaxb-txw-parent-2.3.2.pom
2021-06-06T09:17:14.883-0500 [DEBUG] [org.gradle.api.internal.artifacts.repositories.resolver.DefaultExternalResourceArtifactResolver] Loading https://repo.maven.apache.org/maven2/com/sun/xml/fastinfoset/fastinfoset-project/1.2.16/fastinfoset-project-1.2.16.pom
2021-06-06T09:17:14.884-0500 [DEBUG] [org.gradle.internal.operations.DefaultBuildOperationRunner] Build operation 'Download https://dl.google.com/dl/android/maven2/com/sun/activation/all/1.2.1/all-1.2.1.pom' completed
2021-06-06T09:17:14.884-0500 [DEBUG] [org.gradle.internal.resource.transfer.DefaultCacheAwareExternalResourceAccessor] Constructing external resource: https://repo.maven.apache.org/maven2/com/sun/xml/fastinfoset/fastinfoset-project/1.2.16/fastinfoset-project-1.2.16.pom
2021-06-06T09:17:14.884-0500 [DEBUG] [org.gradle.api.internal.artifacts.repositories.resolver.ExternalResourceResolver] No meta-data file or artifact found for module 'com.sun.activation:all:1.2.1' in repository 'Google'.
2021-06-06T09:17:14.884-0500 [DEBUG] [org.gradle.api.internal.artifacts.ivyservice.modulecache.PersistentModuleMetadataCache] Recording absence of module descriptor in cache: com.sun.activation:all:1.2.1 [changing = false]
2021-06-06T09:17:14.884-0500 [DEBUG] [org.gradle.api.internal.artifacts.repositories.resolver.DefaultExternalResourceArtifactResolver] Loading https://repo.maven.apache.org/maven2/com/sun/istack/istack-commons/3.0.8/istack-commons-3.0.8.pom
2021-06-06T09:17:14.884-0500 [DEBUG] [org.gradle.internal.resource.transfer.DefaultCacheAwareExternalResourceAccessor] Constructing external resource: https://repo.maven.apache.org/maven2/com/sun/istack/istack-commons/3.0.8/istack-commons-3.0.8.pom
2021-06-06T09:17:14.885-0500 [DEBUG] [org.gradle.api.internal.artifacts.repositories.resolver.DefaultExternalResourceArtifactResolver] Loading https://repo.maven.apache.org/maven2/com/sun/activation/all/1.2.1/all-1.2.1.pom
2021-06-06T09:17:14.885-0500 [DEBUG] [org.gradle.internal.resource.transfer.DefaultCacheAwareExternalResourceAccessor] Constructing external resource: https://repo.maven.apache.org/maven2/com/sun/activation/all/1.2.1/all-1.2.1.pom
2021-06-06T09:17:14.885-0500 [DEBUG] [org.gradle.internal.resource.transport.http.HttpResourceAccessor] Constructing external resource: https://repo.maven.apache.org/maven2/com/sun/xml/bind/mvn/jaxb-txw-parent/2.3.2/jaxb-txw-parent-2.3.2.pom
2021-06-06T09:17:14.885-0500 [DEBUG] [org.gradle.internal.resource.transport.http.HttpClientHelper] Performing HTTP GET: https://repo.maven.apache.org/maven2/com/sun/xml/bind/mvn/jaxb-txw-parent/2.3.2/jaxb-txw-parent-2.3.2.pom
2021-06-06T09:17:14.885-0500 [DEBUG] [org.apache.http.impl.conn.PoolingHttpClientConnectionManager] Connection [id: 15][route: {s}->https://repo.maven.apache.org:443] can be kept alive indefinitely
2021-06-06T09:17:14.885-0500 [DEBUG] [org.apache.http.impl.conn.DefaultManagedHttpClientConnection] http-outgoing-15: set socket timeout to 0
2021-06-06T09:17:14.885-0500 [DEBUG] [org.apache.http.impl.conn.PoolingHttpClientConnectionManager] Connection released: [id: 15][route: {s}->https://repo.maven.apache.org:443][total kept alive: 8; route allocated: 8 of 20; total allocated: 8 of 20]
2021-06-06T09:17:14.885-0500 [DEBUG] [org.apache.http.client.protocol.RequestAddCookies] CookieSpec selected: default
2021-06-06T09:17:14.886-0500 [DEBUG] [org.gradle.internal.operations.DefaultBuildOperationRunner] Build operation 'Download https://repo.maven.apache.org/maven2/jakarta/xml/bind/jakarta.xml.bind-api-parent/2.3.2/jakarta.xml.bind-api-parent-2.3.2.pom' completed
2021-06-06T09:17:14.885-0500 [DEBUG] [org.gradle.internal.resource.transport.http.HttpResourceAccessor] Constructing external resource: https://repo.maven.apache.org/maven2/com/sun/xml/fastinfoset/fastinfoset-project/1.2.16/fastinfoset-project-1.2.16.pom
2021-06-06T09:17:14.886-0500 [DEBUG] [org.gradle.internal.resource.transport.http.HttpResourceAccessor] Constructing external resource: https://repo.maven.apache.org/maven2/com/sun/activation/all/1.2.1/all-1.2.1.pom
2021-06-06T09:17:14.886-0500 [DEBUG] [org.apache.http.client.protocol.RequestAuthCache] Auth cache not set in the context
2021-06-06T09:17:14.886-0500 [DEBUG] [org.gradle.internal.resource.transport.http.HttpClientHelper] Performing HTTP GET: https://repo.maven.apache.org/maven2/com/sun/activation/all/1.2.1/all-1.2.1.pom
2021-06-06T09:17:14.886-0500 [DEBUG] [org.gradle.internal.resource.transport.http.HttpResourceAccessor] Constructing external resource: https://repo.maven.apache.org/maven2/com/sun/istack/istack-commons/3.0.8/istack-commons-3.0.8.pom
2021-06-06T09:17:14.886-0500 [DEBUG] [org.gradle.internal.resource.transport.http.HttpClientHelper] Performing HTTP GET: https://repo.maven.apache.org/maven2/com/sun/xml/fastinfoset/fastinfoset-project/1.2.16/fastinfoset-project-1.2.16.pom
2021-06-06T09:17:14.887-0500 [DEBUG] [org.gradle.internal.resource.transport.http.HttpClientHelper] Performing HTTP GET: https://repo.maven.apache.org/maven2/com/sun/istack/istack-commons/3.0.8/istack-commons-3.0.8.pom
2021-06-06T09:17:14.887-0500 [DEBUG] [org.apache.http.client.protocol.RequestAddCookies] CookieSpec selected: default
2021-06-06T09:17:14.887-0500 [DEBUG] [org.apache.http.client.protocol.RequestAddCookies] CookieSpec selected: default
2021-06-06T09:17:14.886-0500 [DEBUG] [org.apache.http.impl.conn.PoolingHttpClientConnectionManager] Connection request: [route: {s}->https://repo.maven.apache.org:443][total kept alive: 8; route allocated: 8 of 20; total allocated: 8 of 20]
2021-06-06T09:17:14.887-0500 [DEBUG] [org.apache.http.client.protocol.RequestAuthCache] Auth cache not set in the context
2021-06-06T09:17:14.887-0500 [DEBUG] [org.apache.http.client.protocol.RequestAuthCache] Auth cache not set in the context
2021-06-06T09:17:14.887-0500 [DEBUG] [org.apache.http.client.protocol.RequestAddCookies] CookieSpec selected: default
2021-06-06T09:17:14.887-0500 [DEBUG] [org.apache.http.client.protocol.RequestAuthCache] Auth cache not set in the context
2021-06-06T09:17:14.888-0500 [DEBUG] [org.apache.http.impl.conn.PoolingHttpClientConnectionManager] Connection request: [route: {s}->https://repo.maven.apache.org:443][total kept alive: 7; route allocated: 8 of 20; total allocated: 8 of 20]
2021-06-06T09:17:14.888-0500 [DEBUG] [org.apache.http.impl.conn.PoolingHttpClientConnectionManager] Connection leased: [id: 13][route: {s}->https://repo.maven.apache.org:443][total kept alive: 6; route allocated: 8 of 20; total allocated: 8 of 20]
2021-06-06T09:17:14.888-0500 [DEBUG] [org.apache.http.impl.conn.DefaultManagedHttpClientConnection] http-outgoing-13: set socket timeout to 30000
2021-06-06T09:17:14.888-0500 [DEBUG] [org.apache.http.impl.conn.DefaultManagedHttpClientConnection] http-outgoing-13: set socket timeout to 30000
2021-06-06T09:17:14.887-0500 [DEBUG] [org.apache.http.impl.conn.PoolingHttpClientConnectionManager] Connection request: [route: {s}->https://repo.maven.apache.org:443][total kept alive: 7; route allocated: 8 of 20; total allocated: 8 of 20]
2021-06-06T09:17:14.887-0500 [DEBUG] [org.apache.http.impl.conn.PoolingHttpClientConnectionManager] Connection request: [route: {s}->https://repo.maven.apache.org:443][total kept alive: 7; route allocated: 8 of 20; total allocated: 8 of 20]
2021-06-06T09:17:14.887-0500 [DEBUG] [org.apache.http.impl.conn.PoolingHttpClientConnectionManager] Connection leased: [id: 15][route: {s}->https://repo.maven.apache.org:443][total kept alive: 7; route allocated: 8 of 20; total allocated: 8 of 20]
2021-06-06T09:17:14.888-0500 [DEBUG] [org.apache.http.impl.conn.DefaultManagedHttpClientConnection] http-outgoing-15: set socket timeout to 30000
2021-06-06T09:17:14.888-0500 [DEBUG] [org.apache.http.impl.conn.DefaultManagedHttpClientConnection] http-outgoing-15: set socket timeout to 30000
2021-06-06T09:17:14.888-0500 [DEBUG] [org.apache.http.impl.execchain.MainClientExec] Executing request GET /maven2/com/sun/xml/bind/mvn/jaxb-txw-parent/2.3.2/jaxb-txw-parent-2.3.2.pom HTTP/1.1
2021-06-06T09:17:14.888-0500 [DEBUG] [org.apache.http.impl.execchain.MainClientExec] Target auth state: UNCHALLENGED
2021-06-06T09:17:14.889-0500 [DEBUG] [org.apache.http.impl.execchain.MainClientExec] Proxy auth state: UNCHALLENGED
2021-06-06T09:17:14.888-0500 [DEBUG] [org.apache.http.impl.conn.PoolingHttpClientConnectionManager] Connection leased: [id: 11][route: {s}->https://repo.maven.apache.org:443][total kept alive: 4; route allocated: 8 of 20; total allocated: 8 of 20]
2021-06-06T09:17:14.889-0500 [DEBUG] [org.apache.http.impl.conn.DefaultManagedHttpClientConnection] http-outgoing-11: set socket timeout to 30000
2021-06-06T09:17:14.889-0500 [DEBUG] [org.apache.http.impl.conn.DefaultManagedHttpClientConnection] http-outgoing-11: set socket timeout to 30000
2021-06-06T09:17:14.889-0500 [DEBUG] [org.apache.http.impl.execchain.MainClientExec] Executing request GET /maven2/com/sun/activation/all/1.2.1/all-1.2.1.pom HTTP/1.1
2021-06-06T09:17:14.889-0500 [DEBUG] [org.apache.http.impl.execchain.MainClientExec] Target auth state: UNCHALLENGED
2021-06-06T09:17:14.889-0500 [DEBUG] [org.apache.http.impl.execchain.MainClientExec] Proxy auth state: UNCHALLENGED
2021-06-06T09:17:14.888-0500 [DEBUG] [org.apache.http.impl.conn.PoolingHttpClientConnectionManager] Connection leased: [id: 12][route: {s}->https://repo.maven.apache.org:443][total kept alive: 5; route allocated: 8 of 20; total allocated: 8 of 20]
2021-06-06T09:17:14.889-0500 [DEBUG] [org.apache.http.impl.conn.DefaultManagedHttpClientConnection] http-outgoing-12: set socket timeout to 30000
2021-06-06T09:17:14.889-0500 [DEBUG] [org.apache.http.impl.conn.DefaultManagedHttpClientConnection] http-outgoing-12: set socket timeout to 30000
2021-06-06T09:17:14.889-0500 [DEBUG] [org.apache.http.impl.execchain.MainClientExec] Executing request GET /maven2/com/sun/xml/fastinfoset/fastinfoset-project/1.2.16/fastinfoset-project-1.2.16.pom HTTP/1.1
2021-06-06T09:17:14.889-0500 [DEBUG] [org.apache.http.impl.execchain.MainClientExec] Target auth state: UNCHALLENGED
2021-06-06T09:17:14.890-0500 [DEBUG] [org.apache.http.impl.execchain.MainClientExec] Proxy auth state: UNCHALLENGED
2021-06-06T09:17:14.888-0500 [DEBUG] [org.apache.http.impl.execchain.MainClientExec] Executing request GET /maven2/com/sun/istack/istack-commons/3.0.8/istack-commons-3.0.8.pom HTTP/1.1
2021-06-06T09:17:14.890-0500 [DEBUG] [org.apache.http.impl.execchain.MainClientExec] Target auth state: UNCHALLENGED
2021-06-06T09:17:14.890-0500 [DEBUG] [org.apache.http.impl.execchain.MainClientExec] Proxy auth state: UNCHALLENGED
2021-06-06T09:17:14.894-0500 [DEBUG] [org.gradle.api.internal.artifacts.ivyservice.ivyresolve.RepositoryChainComponentMetaDataResolver] Attempting to resolve component for org.eclipse.ee4j:project:1.0.5 using repositories [Google, MavenRepo]
2021-06-06T09:17:14.895-0500 [DEBUG] [org.gradle.api.internal.artifacts.ivyservice.ivyresolve.CachingModuleComponentRepository] Detected non-existence of module 'org.eclipse.ee4j:project:1.0.5' in resolver cache 'Google'
2021-06-06T09:17:14.895-0500 [DEBUG] [org.gradle.api.internal.artifacts.ivyservice.ivyresolve.CachingModuleComponentRepository] Using cached module metadata for module 'org.eclipse.ee4j:project:1.0.5' in 'MavenRepo'
2021-06-06T09:17:14.895-0500 [DEBUG] [org.gradle.api.internal.artifacts.ivyservice.ivyresolve.RepositoryChainComponentMetaDataResolver] Using org.eclipse.ee4j:project:1.0.5 from Maven repository 'MavenRepo'
2021-06-06T09:17:14.895-0500 [DEBUG] [org.gradle.api.internal.artifacts.ivyservice.ivyresolve.CachingModuleComponentRepository] Found artifact 'project-1.0.5.pom (org.eclipse.ee4j:project:1.0.5)' in resolver cache: C:\Users\gathi\.gradle\caches\modules-2\files-2.1\org.eclipse.ee4j\project\1.0.5\d391c5ed15d8fb1dadba9c5d1017006d56c50332\project-1.0.5.pom
2021-06-06T09:17:14.900-0500 [DEBUG] [org.gradle.api.internal.artifacts.repositories.resolver.ExternalResourceResolver] Metadata file found for module 'jakarta.xml.bind:jakarta.xml.bind-api-parent:2.3.2' in repository 'MavenRepo'.
2021-06-06T09:17:14.900-0500 [DEBUG] [org.gradle.api.internal.artifacts.ivyservice.modulecache.PersistentModuleMetadataCache] Recording module descriptor in cache: jakarta.xml.bind:jakarta.xml.bind-api-parent:2.3.2 [changing = false]
2021-06-06T09:17:14.904-0500 [DEBUG] [org.gradle.api.internal.artifacts.ivyservice.ivyresolve.RepositoryChainComponentMetaDataResolver] Using jakarta.xml.bind:jakarta.xml.bind-api-parent:2.3.2 from Maven repository 'MavenRepo'
2021-06-06T09:17:14.905-0500 [DEBUG] [org.gradle.api.internal.artifacts.repositories.resolver.DefaultExternalResourceArtifactResolver] Loading https://repo.maven.apache.org/maven2/jakarta/xml/bind/jakarta.xml.bind-api-parent/2.3.2/jakarta.xml.bind-api-parent-2.3.2.pom
2021-06-06T09:17:14.905-0500 [DEBUG] [org.gradle.internal.resource.transfer.DefaultCacheAwareExternalResourceAccessor] Constructing external resource: https://repo.maven.apache.org/maven2/jakarta/xml/bind/jakarta.xml.bind-api-parent/2.3.2/jakarta.xml.bind-api-parent-2.3.2.pom
2021-06-06T09:17:14.905-0500 [DEBUG] [org.gradle.api.internal.artifacts.ivyservice.ivyresolve.CachingModuleComponentRepository] Downloaded artifact 'jakarta.xml.bind-api-parent-2.3.2.pom (jakarta.xml.bind:jakarta.xml.bind-api-parent:2.3.2)' from resolver: MavenRepo
2021-06-06T09:17:14.909-0500 [DEBUG] [org.gradle.api.internal.artifacts.ivyservice.ivyresolve.RepositoryChainComponentMetaDataResolver] Attempting to resolve component for org.eclipse.ee4j:project:1.0.5 using repositories [Google, MavenRepo]
2021-06-06T09:17:14.909-0500 [DEBUG] [org.gradle.api.internal.artifacts.ivyservice.ivyresolve.CachingModuleComponentRepository] Detected non-existence of module 'org.eclipse.ee4j:project:1.0.5' in resolver cache 'Google'
2021-06-06T09:17:14.909-0500 [DEBUG] [org.gradle.api.internal.artifacts.ivyservice.ivyresolve.CachingModuleComponentRepository] Using cached module metadata for module 'org.eclipse.ee4j:project:1.0.5' in 'MavenRepo'
2021-06-06T09:17:14.909-0500 [DEBUG] [org.gradle.api.internal.artifacts.ivyservice.ivyresolve.RepositoryChainComponentMetaDataResolver] Using org.eclipse.ee4j:project:1.0.5 from Maven repository 'MavenRepo'
2021-06-06T09:17:14.909-0500 [DEBUG] [org.gradle.api.internal.artifacts.ivyservice.ivyresolve.CachingModuleComponentRepository] Found artifact 'project-1.0.5.pom (org.eclipse.ee4j:project:1.0.5)' in resolver cache: C:\Users\gathi\.gradle\caches\modules-2\files-2.1\org.eclipse.ee4j\project\1.0.5\d391c5ed15d8fb1dadba9c5d1017006d56c50332\project-1.0.5.pom
2021-06-06T09:17:14.913-0500 [DEBUG] [org.apache.http.impl.execchain.MainClientExec] Connection can be kept alive indefinitely
2021-06-06T09:17:14.913-0500 [DEBUG] [org.apache.http.impl.execchain.MainClientExec] Connection can be kept alive indefinitely
2021-06-06T09:17:14.913-0500 [DEBUG] [org.gradle.internal.resource.transport.http.HttpResponseResource] Attempting to download resource https://repo.maven.apache.org/maven2/com/sun/istack/istack-commons/3.0.8/istack-commons-3.0.8.pom.
2021-06-06T09:17:14.913-0500 [DEBUG] [org.gradle.internal.resource.transport.http.HttpResponseResource] Attempting to download resource https://repo.maven.apache.org/maven2/com/sun/activation/all/1.2.1/all-1.2.1.pom.
2021-06-06T09:17:14.913-0500 [DEBUG] [org.gradle.api.internal.artifacts.repositories.resolver.ExternalResourceResolver] Metadata file found for module 'jakarta.xml.bind:jakarta.xml.bind-api:2.3.2' in repository 'MavenRepo'.
2021-06-06T09:17:14.913-0500 [DEBUG] [org.gradle.api.internal.artifacts.ivyservice.modulecache.PersistentModuleMetadataCache] Recording module descriptor in cache: jakarta.xml.bind:jakarta.xml.bind-api:2.3.2 [changing = false]
2021-06-06T09:17:14.915-0500 [INFO] [org.gradle.internal.resource.transfer.DefaultCacheAwareExternalResourceAccessor] Downloading https://repo.maven.apache.org/maven2/com/sun/istack/istack-commons/3.0.8/istack-commons-3.0.8.pom to C:\Users\gathi\AppData\Local\Temp\gradle_download9925235367461873228bin
2021-06-06T09:17:14.915-0500 [INFO] [org.gradle.internal.resource.transfer.DefaultCacheAwareExternalResourceAccessor] Downloading https://repo.maven.apache.org/maven2/com/sun/activation/all/1.2.1/all-1.2.1.pom to C:\Users\gathi\AppData\Local\Temp\gradle_download13442815948104248797bin
2021-06-06T09:17:14.917-0500 [DEBUG] [org.apache.http.impl.execchain.MainClientExec] Connection can be kept alive indefinitely
2021-06-06T09:17:14.917-0500 [DEBUG] [org.apache.http.impl.execchain.MainClientExec] Connection can be kept alive indefinitely
2021-06-06T09:17:14.918-0500 [DEBUG] [org.gradle.internal.resource.transport.http.HttpResponseResource] Attempting to download resource https://repo.maven.apache.org/maven2/com/sun/xml/bind/mvn/jaxb-txw-parent/2.3.2/jaxb-txw-parent-2.3.2.pom.
2021-06-06T09:17:14.918-0500 [DEBUG] [org.gradle.internal.resource.transport.http.HttpResponseResource] Attempting to download resource https://repo.maven.apache.org/maven2/com/sun/xml/fastinfoset/fastinfoset-project/1.2.16/fastinfoset-project-1.2.16.pom.
2021-06-06T09:17:14.919-0500 [DEBUG] [org.apache.http.impl.conn.PoolingHttpClientConnectionManager] Connection [id: 11][route: {s}->https://repo.maven.apache.org:443] can be kept alive indefinitely
2021-06-06T09:17:14.919-0500 [DEBUG] [org.apache.http.impl.conn.DefaultManagedHttpClientConnection] http-outgoing-11: set socket timeout to 0
2021-06-06T09:17:14.919-0500 [DEBUG] [org.apache.http.impl.conn.PoolingHttpClientConnectionManager] Connection released: [id: 11][route: {s}->https://repo.maven.apache.org:443][total kept alive: 5; route allocated: 8 of 20; total allocated: 8 of 20]
2021-06-06T09:17:14.919-0500 [DEBUG] [org.apache.http.impl.conn.PoolingHttpClientConnectionManager] Connection [id: 13][route: {s}->https://repo.maven.apache.org:443] can be kept alive indefinitely
2021-06-06T09:17:14.919-0500 [DEBUG] [org.apache.http.impl.conn.DefaultManagedHttpClientConnection] http-outgoing-13: set socket timeout to 0
2021-06-06T09:17:14.920-0500 [DEBUG] [org.apache.http.impl.conn.PoolingHttpClientConnectionManager] Connection released: [id: 13][route: {s}->https://repo.maven.apache.org:443][total kept alive: 6; route allocated: 8 of 20; total allocated: 8 of 20]
2021-06-06T09:17:14.920-0500 [INFO] [org.gradle.internal.resource.transfer.DefaultCacheAwareExternalResourceAccessor] Downloading https://repo.maven.apache.org/maven2/com/sun/xml/bind/mvn/jaxb-txw-parent/2.3.2/jaxb-txw-parent-2.3.2.pom to C:\Users\gathi\AppData\Local\Temp\gradle_download7197296239490031115bin
2021-06-06T09:17:14.920-0500 [DEBUG] [org.gradle.internal.operations.DefaultBuildOperationRunner] Build operation 'Download https://repo.maven.apache.org/maven2/com/sun/activation/all/1.2.1/all-1.2.1.pom' completed
2021-06-06T09:17:14.920-0500 [DEBUG] [org.gradle.internal.operations.DefaultBuildOperationRunner] Build operation 'Download https://repo.maven.apache.org/maven2/com/sun/istack/istack-commons/3.0.8/istack-commons-3.0.8.pom' completed
2021-06-06T09:17:14.920-0500 [INFO] [org.gradle.internal.resource.transfer.DefaultCacheAwareExternalResourceAccessor] Downloading https://repo.maven.apache.org/maven2/com/sun/xml/fastinfoset/fastinfoset-project/1.2.16/fastinfoset-project-1.2.16.pom to C:\Users\gathi\AppData\Local\Temp\gradle_download3872786350918440021bin
2021-06-06T09:17:14.921-0500 [DEBUG] [org.apache.http.impl.conn.PoolingHttpClientConnectionManager] Connection [id: 15][route: {s}->https://repo.maven.apache.org:443] can be kept alive indefinitely
2021-06-06T09:17:14.921-0500 [DEBUG] [org.apache.http.impl.conn.DefaultManagedHttpClientConnection] http-outgoing-15: set socket timeout to 0
2021-06-06T09:17:14.921-0500 [DEBUG] [org.apache.http.impl.conn.PoolingHttpClientConnectionManager] Connection released: [id: 15][route: {s}->https://repo.maven.apache.org:443][total kept alive: 7; route allocated: 8 of 20; total allocated: 8 of 20]
2021-06-06T09:17:14.921-0500 [DEBUG] [org.gradle.internal.operations.DefaultBuildOperationRunner] Build operation 'Download https://repo.maven.apache.org/maven2/com/sun/xml/bind/mvn/jaxb-txw-parent/2.3.2/jaxb-txw-parent-2.3.2.pom' completed
2021-06-06T09:17:14.922-0500 [DEBUG] [org.gradle.api.internal.artifacts.ivyservice.ivyresolve.RepositoryChainComponentMetaDataResolver] Using jakarta.xml.bind:jakarta.xml.bind-api:2.3.2 from Maven repository 'MavenRepo'
2021-06-06T09:17:14.922-0500 [DEBUG] [org.apache.http.impl.conn.PoolingHttpClientConnectionManager] Connection [id: 12][route: {s}->https://repo.maven.apache.org:443] can be kept alive indefinitely
2021-06-06T09:17:14.922-0500 [DEBUG] [org.apache.http.impl.conn.DefaultManagedHttpClientConnection] http-outgoing-12: set socket timeout to 0
2021-06-06T09:17:14.923-0500 [DEBUG] [org.gradle.internal.operations.DefaultBuildOperationRunner] Build operation 'Resolve jakarta.xml.bind:jakarta.xml.bind-api:2.3.2' completed
2021-06-06T09:17:14.923-0500 [DEBUG] [org.apache.http.impl.conn.PoolingHttpClientConnectionManager] Connection released: [id: 12][route: {s}->https://repo.maven.apache.org:443][total kept alive: 8; route allocated: 8 of 20; total allocated: 8 of 20]
2021-06-06T09:17:14.923-0500 [DEBUG] [org.gradle.internal.work.DefaultWorkerLeaseService] Worker lease root.1.83.84 completed (4 worker(s) in use)
2021-06-06T09:17:14.923-0500 [DEBUG] [org.gradle.internal.resources.AbstractTrackedResourceLock] Daemon worker: released lock on root.1.83.84
2021-06-06T09:17:14.923-0500 [DEBUG] [org.gradle.internal.operations.DefaultBuildOperationRunner] Build operation 'Download https://repo.maven.apache.org/maven2/com/sun/xml/fastinfoset/fastinfoset-project/1.2.16/fastinfoset-project-1.2.16.pom' completed
2021-06-06T09:17:14.932-0500 [DEBUG] [org.gradle.api.internal.artifacts.ivyservice.ivyresolve.RepositoryChainComponentMetaDataResolver] Attempting to resolve component for org.eclipse.ee4j:project:1.0.2 using repositories [Google, MavenRepo]
2021-06-06T09:17:14.939-0500 [DEBUG] [org.gradle.api.internal.artifacts.ivyservice.ivyresolve.RepositoryChainComponentMetaDataResolver] Attempting to resolve component for org.eclipse.ee4j:project:1.0.5 using repositories [Google, MavenRepo]
2021-06-06T09:17:14.939-0500 [DEBUG] [org.gradle.api.internal.artifacts.ivyservice.ivyresolve.CachingModuleComponentRepository] Detected non-existence of module 'org.eclipse.ee4j:project:1.0.5' in resolver cache 'Google'
2021-06-06T09:17:14.939-0500 [DEBUG] [org.gradle.api.internal.artifacts.ivyservice.ivyresolve.CachingModuleComponentRepository] Using cached module metadata for module 'org.eclipse.ee4j:project:1.0.5' in 'MavenRepo'
2021-06-06T09:17:14.939-0500 [DEBUG] [org.gradle.api.internal.artifacts.ivyservice.ivyresolve.RepositoryChainComponentMetaDataResolver] Using org.eclipse.ee4j:project:1.0.5 from Maven repository 'MavenRepo'
2021-06-06T09:17:14.940-0500 [DEBUG] [org.gradle.api.internal.artifacts.ivyservice.ivyresolve.CachingModuleComponentRepository] Found artifact 'project-1.0.5.pom (org.eclipse.ee4j:project:1.0.5)' in resolver cache: C:\Users\gathi\.gradle\caches\modules-2\files-2.1\org.eclipse.ee4j\project\1.0.5\d391c5ed15d8fb1dadba9c5d1017006d56c50332\project-1.0.5.pom
2021-06-06T09:17:14.944-0500 [DEBUG] [org.gradle.api.internal.artifacts.ivyservice.ivyresolve.RepositoryChainComponentMetaDataResolver] Attempting to resolve component for com.sun.xml.bind.mvn:jaxb-parent:2.3.2 using repositories [Google, MavenRepo]
2021-06-06T09:17:14.944-0500 [DEBUG] [org.gradle.api.internal.artifacts.ivyservice.ivyresolve.CachingModuleComponentRepository] Detected non-existence of module 'com.sun.xml.bind.mvn:jaxb-parent:2.3.2' in resolver cache 'Google'
2021-06-06T09:17:14.944-0500 [DEBUG] [org.gradle.api.internal.artifacts.ivyservice.ivyresolve.CachingModuleComponentRepository] Using cached module metadata for module 'com.sun.xml.bind.mvn:jaxb-parent:2.3.2' in 'MavenRepo'
2021-06-06T09:17:14.945-0500 [DEBUG] [org.gradle.api.internal.artifacts.ivyservice.ivyresolve.RepositoryChainComponentMetaDataResolver] Using com.sun.xml.bind.mvn:jaxb-parent:2.3.2 from Maven repository 'MavenRepo'
2021-06-06T09:17:14.945-0500 [DEBUG] [org.gradle.api.internal.artifacts.ivyservice.ivyresolve.CachingModuleComponentRepository] Found artifact 'jaxb-parent-2.3.2.pom (com.sun.xml.bind.mvn:jaxb-parent:2.3.2)' in resolver cache: C:\Users\gathi\.gradle\caches\modules-2\files-2.1\com.sun.xml.bind.mvn\jaxb-parent\2.3.2\5d96ada92105844d8a2eedfb63bf782a712cc0a\jaxb-parent-2.3.2.pom
2021-06-06T09:17:14.946-0500 [DEBUG] [org.gradle.api.internal.artifacts.repositories.resolver.ExternalResourceResolver] Metadata file found for module 'com.sun.istack:istack-commons:3.0.8' in repository 'MavenRepo'.
2021-06-06T09:17:14.946-0500 [DEBUG] [org.gradle.api.internal.artifacts.ivyservice.modulecache.PersistentModuleMetadataCache] Recording module descriptor in cache: com.sun.istack:istack-commons:3.0.8 [changing = false]
2021-06-06T09:17:14.949-0500 [DEBUG] [org.gradle.api.internal.artifacts.ivyservice.ivyresolve.RepositoryChainComponentMetaDataResolver] Attempting to resolve component for com.sun.xml.bind:jaxb-bom-ext:2.3.2 using repositories [Google, MavenRepo]
2021-06-06T09:17:14.949-0500 [DEBUG] [org.gradle.api.internal.artifacts.repositories.resolver.DefaultExternalResourceArtifactResolver] Loading https://dl.google.com/dl/android/maven2/org/eclipse/ee4j/project/1.0.2/project-1.0.2.pom
2021-06-06T09:17:14.949-0500 [DEBUG] [org.gradle.api.internal.artifacts.ivyservice.ivyresolve.CachingModuleComponentRepository] Detected non-existence of module 'com.sun.xml.bind:jaxb-bom-ext:2.3.2' in resolver cache 'Google'
2021-06-06T09:17:14.949-0500 [DEBUG] [org.gradle.internal.resource.transfer.DefaultCacheAwareExternalResourceAccessor] Constructing external resource: https://dl.google.com/dl/android/maven2/org/eclipse/ee4j/project/1.0.2/project-1.0.2.pom
2021-06-06T09:17:14.949-0500 [DEBUG] [org.gradle.api.internal.artifacts.ivyservice.ivyresolve.CachingModuleComponentRepository] Using cached module metadata for module 'com.sun.xml.bind:jaxb-bom-ext:2.3.2' in 'MavenRepo'
2021-06-06T09:17:14.949-0500 [DEBUG] [org.gradle.api.internal.artifacts.ivyservice.ivyresolve.RepositoryChainComponentMetaDataResolver] Using com.sun.xml.bind:jaxb-bom-ext:2.3.2 from Maven repository 'MavenRepo'
2021-06-06T09:17:14.950-0500 [DEBUG] [org.gradle.api.internal.artifacts.ivyservice.ivyresolve.CachingModuleComponentRepository] Found artifact 'jaxb-bom-ext-2.3.2.pom (com.sun.xml.bind:jaxb-bom-ext:2.3.2)' in resolver cache: C:\Users\gathi\.gradle\caches\modules-2\files-2.1\com.sun.xml.bind\jaxb-bom-ext\2.3.2\7a92d12e31a67bae498f840c8f7c334a4fee0fbb\jaxb-bom-ext-2.3.2.pom
2021-06-06T09:17:14.951-0500 [DEBUG] [org.gradle.api.internal.artifacts.ivyservice.ivyresolve.RepositoryChainComponentMetaDataResolver] Attempting to resolve component for org.eclipse.ee4j:project:1.0.5 using repositories [Google, MavenRepo]
2021-06-06T09:17:14.952-0500 [DEBUG] [org.gradle.api.internal.artifacts.ivyservice.ivyresolve.CachingModuleComponentRepository] Detected non-existence of module 'org.eclipse.ee4j:project:1.0.5' in resolver cache 'Google'
2021-06-06T09:17:14.952-0500 [DEBUG] [org.gradle.api.internal.artifacts.ivyservice.ivyresolve.CachingModuleComponentRepository] Using cached module metadata for module 'org.eclipse.ee4j:project:1.0.5' in 'MavenRepo'
2021-06-06T09:17:14.952-0500 [DEBUG] [org.gradle.api.internal.artifacts.ivyservice.ivyresolve.RepositoryChainComponentMetaDataResolver] Using org.eclipse.ee4j:project:1.0.5 from Maven repository 'MavenRepo'
2021-06-06T09:17:14.952-0500 [DEBUG] [org.gradle.api.internal.artifacts.ivyservice.ivyresolve.CachingModuleComponentRepository] Found artifact 'project-1.0.5.pom (org.eclipse.ee4j:project:1.0.5)' in resolver cache: C:\Users\gathi\.gradle\caches\modules-2\files-2.1\org.eclipse.ee4j\project\1.0.5\d391c5ed15d8fb1dadba9c5d1017006d56c50332\project-1.0.5.pom
2021-06-06T09:17:14.952-0500 [DEBUG] [org.gradle.api.internal.artifacts.ivyservice.ivyresolve.RepositoryChainComponentMetaDataResolver] Attempting to resolve component for org.glassfish.jaxb:jaxb-bom:2.3.2 using repositories [Google, MavenRepo]
2021-06-06T09:17:14.952-0500 [DEBUG] [org.gradle.api.internal.artifacts.ivyservice.ivyresolve.CachingModuleComponentRepository] Detected non-existence of module 'org.glassfish.jaxb:jaxb-bom:2.3.2' in resolver cache 'Google'
2021-06-06T09:17:14.952-0500 [DEBUG] [org.gradle.api.internal.artifacts.ivyservice.ivyresolve.CachingModuleComponentRepository] Using cached module metadata for module 'org.glassfish.jaxb:jaxb-bom:2.3.2' in 'MavenRepo'
2021-06-06T09:17:14.952-0500 [DEBUG] [org.gradle.api.internal.artifacts.ivyservice.ivyresolve.RepositoryChainComponentMetaDataResolver] Using org.glassfish.jaxb:jaxb-bom:2.3.2 from Maven repository 'MavenRepo'
2021-06-06T09:17:14.953-0500 [DEBUG] [org.gradle.api.internal.artifacts.ivyservice.ivyresolve.CachingModuleComponentRepository] Found artifact 'jaxb-bom-2.3.2.pom (org.glassfish.jaxb:jaxb-bom:2.3.2)' in resolver cache: C:\Users\gathi\.gradle\caches\modules-2\files-2.1\org.glassfish.jaxb\jaxb-bom\2.3.2\c7cd28b5d3871feba8cebf6d4587043fb0d6fd0a\jaxb-bom-2.3.2.pom
2021-06-06T09:17:14.953-0500 [DEBUG] [org.gradle.api.internal.artifacts.ivyservice.ivyresolve.RepositoryChainComponentMetaDataResolver] Using com.sun.istack:istack-commons:3.0.8 from Maven repository 'MavenRepo'
2021-06-06T09:17:14.954-0500 [DEBUG] [org.gradle.api.internal.artifacts.repositories.resolver.DefaultExternalResourceArtifactResolver] Loading https://repo.maven.apache.org/maven2/com/sun/istack/istack-commons/3.0.8/istack-commons-3.0.8.pom
2021-06-06T09:17:14.954-0500 [DEBUG] [org.gradle.internal.resource.transfer.DefaultCacheAwareExternalResourceAccessor] Constructing external resource: https://repo.maven.apache.org/maven2/com/sun/istack/istack-commons/3.0.8/istack-commons-3.0.8.pom
2021-06-06T09:17:14.954-0500 [DEBUG] [org.gradle.api.internal.artifacts.ivyservice.ivyresolve.CachingModuleComponentRepository] Downloaded artifact 'istack-commons-3.0.8.pom (com.sun.istack:istack-commons:3.0.8)' from resolver: MavenRepo
2021-06-06T09:17:14.955-0500 [DEBUG] [org.gradle.internal.resource.transport.http.HttpResourceAccessor] Constructing external resource: https://dl.google.com/dl/android/maven2/org/eclipse/ee4j/project/1.0.2/project-1.0.2.pom
2021-06-06T09:17:14.955-0500 [DEBUG] [org.gradle.internal.resource.transport.http.HttpClientHelper] Performing HTTP GET: https://dl.google.com/dl/android/maven2/org/eclipse/ee4j/project/1.0.2/project-1.0.2.pom
2021-06-06T09:17:14.955-0500 [DEBUG] [org.apache.http.client.protocol.RequestAddCookies] CookieSpec selected: default
2021-06-06T09:17:14.955-0500 [DEBUG] [org.apache.http.client.protocol.RequestAuthCache] Auth cache not set in the context
2021-06-06T09:17:14.955-0500 [DEBUG] [org.apache.http.impl.conn.PoolingHttpClientConnectionManager] Connection request: [route: {s}->https://dl.google.com:443][total kept alive: 8; route allocated: 8 of 20; total allocated: 8 of 20]
2021-06-06T09:17:14.955-0500 [DEBUG] [org.apache.http.impl.conn.PoolingHttpClientConnectionManager] Connection leased: [id: 1][route: {s}->https://dl.google.com:443][total kept alive: 7; route allocated: 8 of 20; total allocated: 8 of 20]
2021-06-06T09:17:14.956-0500 [DEBUG] [org.apache.http.impl.conn.DefaultManagedHttpClientConnection] http-outgoing-1: set socket timeout to 30000
2021-06-06T09:17:14.956-0500 [DEBUG] [org.gradle.api.internal.artifacts.ivyservice.ivyresolve.RepositoryChainComponentMetaDataResolver] Attempting to resolve component for org.eclipse.ee4j:project:1.0.5 using repositories [Google, MavenRepo]
2021-06-06T09:17:14.956-0500 [DEBUG] [org.apache.http.impl.conn.DefaultManagedHttpClientConnection] http-outgoing-1: set socket timeout to 30000
2021-06-06T09:17:14.956-0500 [DEBUG] [org.gradle.api.internal.artifacts.ivyservice.ivyresolve.CachingModuleComponentRepository] Detected non-existence of module 'org.eclipse.ee4j:project:1.0.5' in resolver cache 'Google'
2021-06-06T09:17:14.956-0500 [DEBUG] [org.apache.http.impl.execchain.MainClientExec] Executing request GET /dl/android/maven2/org/eclipse/ee4j/project/1.0.2/project-1.0.2.pom HTTP/1.1
2021-06-06T09:17:14.956-0500 [DEBUG] [org.apache.http.impl.execchain.MainClientExec] Target auth state: UNCHALLENGED
2021-06-06T09:17:14.956-0500 [DEBUG] [org.apache.http.impl.execchain.MainClientExec] Proxy auth state: UNCHALLENGED
2021-06-06T09:17:14.956-0500 [DEBUG] [org.gradle.api.internal.artifacts.ivyservice.ivyresolve.CachingModuleComponentRepository] Using cached module metadata for module 'org.eclipse.ee4j:project:1.0.5' in 'MavenRepo'
2021-06-06T09:17:14.956-0500 [DEBUG] [org.gradle.api.internal.artifacts.repositories.resolver.ExternalResourceResolver] Metadata file found for module 'com.sun.xml.fastinfoset:fastinfoset-project:1.2.16' in repository 'MavenRepo'.
2021-06-06T09:17:14.956-0500 [DEBUG] [org.gradle.api.internal.artifacts.ivyservice.ivyresolve.RepositoryChainComponentMetaDataResolver] Using org.eclipse.ee4j:project:1.0.5 from Maven repository 'MavenRepo'
2021-06-06T09:17:14.957-0500 [DEBUG] [org.gradle.api.internal.artifacts.ivyservice.modulecache.PersistentModuleMetadataCache] Recording module descriptor in cache: com.sun.xml.fastinfoset:fastinfoset-project:1.2.16 [changing = false]
2021-06-06T09:17:14.957-0500 [DEBUG] [org.gradle.api.internal.artifacts.ivyservice.ivyresolve.CachingModuleComponentRepository] Found artifact 'project-1.0.5.pom (org.eclipse.ee4j:project:1.0.5)' in resolver cache: C:\Users\gathi\.gradle\caches\modules-2\files-2.1\org.eclipse.ee4j\project\1.0.5\d391c5ed15d8fb1dadba9c5d1017006d56c50332\project-1.0.5.pom
2021-06-06T09:17:14.959-0500 [DEBUG] [org.gradle.api.internal.artifacts.ivyservice.ivyresolve.RepositoryChainComponentMetaDataResolver] Attempting to resolve component for org.eclipse.ee4j:project:1.0.5 using repositories [Google, MavenRepo]
2021-06-06T09:17:14.959-0500 [DEBUG] [org.gradle.api.internal.artifacts.ivyservice.ivyresolve.CachingModuleComponentRepository] Detected non-existence of module 'org.eclipse.ee4j:project:1.0.5' in resolver cache 'Google'
2021-06-06T09:17:14.959-0500 [DEBUG] [org.gradle.api.internal.artifacts.ivyservice.ivyresolve.CachingModuleComponentRepository] Using cached module metadata for module 'org.eclipse.ee4j:project:1.0.5' in 'MavenRepo'
2021-06-06T09:17:14.959-0500 [DEBUG] [org.gradle.api.internal.artifacts.ivyservice.ivyresolve.RepositoryChainComponentMetaDataResolver] Using org.eclipse.ee4j:project:1.0.5 from Maven repository 'MavenRepo'
2021-06-06T09:17:14.959-0500 [DEBUG] [org.gradle.api.internal.artifacts.ivyservice.ivyresolve.CachingModuleComponentRepository] Found artifact 'project-1.0.5.pom (org.eclipse.ee4j:project:1.0.5)' in resolver cache: C:\Users\gathi\.gradle\caches\modules-2\files-2.1\org.eclipse.ee4j\project\1.0.5\d391c5ed15d8fb1dadba9c5d1017006d56c50332\project-1.0.5.pom
2021-06-06T09:17:14.962-0500 [DEBUG] [org.gradle.api.internal.artifacts.ivyservice.ivyresolve.RepositoryChainComponentMetaDataResolver] Using com.sun.xml.fastinfoset:fastinfoset-project:1.2.16 from Maven repository 'MavenRepo'
2021-06-06T09:17:14.963-0500 [DEBUG] [org.gradle.api.internal.artifacts.repositories.resolver.DefaultExternalResourceArtifactResolver] Loading https://repo.maven.apache.org/maven2/com/sun/xml/fastinfoset/fastinfoset-project/1.2.16/fastinfoset-project-1.2.16.pom
2021-06-06T09:17:14.963-0500 [DEBUG] [org.gradle.internal.resource.transfer.DefaultCacheAwareExternalResourceAccessor] Constructing external resource: https://repo.maven.apache.org/maven2/com/sun/xml/fastinfoset/fastinfoset-project/1.2.16/fastinfoset-project-1.2.16.pom
2021-06-06T09:17:14.963-0500 [DEBUG] [org.gradle.api.internal.artifacts.ivyservice.ivyresolve.CachingModuleComponentRepository] Downloaded artifact 'fastinfoset-project-1.2.16.pom (com.sun.xml.fastinfoset:fastinfoset-project:1.2.16)' from resolver: MavenRepo
2021-06-06T09:17:14.964-0500 [DEBUG] [org.gradle.api.internal.artifacts.repositories.resolver.ExternalResourceResolver] Metadata file found for module 'com.sun.xml.bind.mvn:jaxb-txw-parent:2.3.2' in repository 'MavenRepo'.
2021-06-06T09:17:14.964-0500 [DEBUG] [org.gradle.api.internal.artifacts.ivyservice.modulecache.PersistentModuleMetadataCache] Recording module descriptor in cache: com.sun.xml.bind.mvn:jaxb-txw-parent:2.3.2 [changing = false]
2021-06-06T09:17:14.966-0500 [DEBUG] [org.gradle.api.internal.artifacts.repositories.resolver.ExternalResourceResolver] Metadata file found for module 'com.sun.istack:istack-commons-runtime:3.0.8' in repository 'MavenRepo'.
2021-06-06T09:17:14.966-0500 [DEBUG] [org.gradle.api.internal.artifacts.ivyservice.modulecache.PersistentModuleMetadataCache] Recording module descriptor in cache: com.sun.istack:istack-commons-runtime:3.0.8 [changing = false]
2021-06-06T09:17:14.968-0500 [DEBUG] [org.gradle.api.internal.artifacts.ivyservice.ivyresolve.RepositoryChainComponentMetaDataResolver] Attempting to resolve component for org.eclipse.ee4j:project:1.0.5 using repositories [Google, MavenRepo]
2021-06-06T09:17:14.968-0500 [DEBUG] [org.gradle.api.internal.artifacts.ivyservice.ivyresolve.CachingModuleComponentRepository] Detected non-existence of module 'org.eclipse.ee4j:project:1.0.5' in resolver cache 'Google'
2021-06-06T09:17:14.969-0500 [DEBUG] [org.gradle.api.internal.artifacts.ivyservice.ivyresolve.CachingModuleComponentRepository] Using cached module metadata for module 'org.eclipse.ee4j:project:1.0.5' in 'MavenRepo'
2021-06-06T09:17:14.969-0500 [DEBUG] [org.gradle.api.internal.artifacts.ivyservice.ivyresolve.RepositoryChainComponentMetaDataResolver] Using org.eclipse.ee4j:project:1.0.5 from Maven repository 'MavenRepo'
2021-06-06T09:17:14.969-0500 [DEBUG] [org.gradle.api.internal.artifacts.ivyservice.ivyresolve.CachingModuleComponentRepository] Found artifact 'project-1.0.5.pom (org.eclipse.ee4j:project:1.0.5)' in resolver cache: C:\Users\gathi\.gradle\caches\modules-2\files-2.1\org.eclipse.ee4j\project\1.0.5\d391c5ed15d8fb1dadba9c5d1017006d56c50332\project-1.0.5.pom
2021-06-06T09:17:14.969-0500 [DEBUG] [org.gradle.api.internal.artifacts.ivyservice.ivyresolve.RepositoryChainComponentMetaDataResolver] Using com.sun.xml.bind.mvn:jaxb-txw-parent:2.3.2 from Maven repository 'MavenRepo'
2021-06-06T09:17:14.973-0500 [DEBUG] [org.gradle.api.internal.artifacts.repositories.resolver.ExternalResourceResolver] Metadata file found for module 'com.sun.xml.fastinfoset:FastInfoset:1.2.16' in repository 'MavenRepo'.
2021-06-06T09:17:14.974-0500 [DEBUG] [org.gradle.api.internal.artifacts.ivyservice.modulecache.PersistentModuleMetadataCache] Recording module descriptor in cache: com.sun.xml.fastinfoset:FastInfoset:1.2.16 [changing = false]
2021-06-06T09:17:14.974-0500 [DEBUG] [org.gradle.api.internal.artifacts.ivyservice.ivyresolve.RepositoryChainComponentMetaDataResolver] Using com.sun.istack:istack-commons-runtime:3.0.8 from Maven repository 'MavenRepo'
2021-06-06T09:17:14.974-0500 [DEBUG] [org.gradle.api.internal.artifacts.repositories.resolver.DefaultExternalResourceArtifactResolver] Loading https://repo.maven.apache.org/maven2/com/sun/xml/bind/mvn/jaxb-txw-parent/2.3.2/jaxb-txw-parent-2.3.2.pom
2021-06-06T09:17:14.974-0500 [DEBUG] [org.gradle.internal.resource.transfer.DefaultCacheAwareExternalResourceAccessor] Constructing external resource: https://repo.maven.apache.org/maven2/com/sun/xml/bind/mvn/jaxb-txw-parent/2.3.2/jaxb-txw-parent-2.3.2.pom
2021-06-06T09:17:14.979-0500 [DEBUG] [org.gradle.api.internal.artifacts.ivyservice.ivyresolve.RepositoryChainComponentMetaDataResolver] Using com.sun.xml.fastinfoset:FastInfoset:1.2.16 from Maven repository 'MavenRepo'
2021-06-06T09:17:14.979-0500 [DEBUG] [org.gradle.api.internal.artifacts.ivyservice.ivyresolve.CachingModuleComponentRepository] Downloaded artifact 'jaxb-txw-parent-2.3.2.pom (com.sun.xml.bind.mvn:jaxb-txw-parent:2.3.2)' from resolver: MavenRepo
2021-06-06T09:17:14.983-0500 [DEBUG] [org.gradle.api.internal.artifacts.ivyservice.ivyresolve.RepositoryChainComponentMetaDataResolver] Attempting to resolve component for com.sun.xml.bind.mvn:jaxb-parent:2.3.2 using repositories [Google, MavenRepo]
2021-06-06T09:17:14.984-0500 [DEBUG] [org.gradle.api.internal.artifacts.ivyservice.ivyresolve.CachingModuleComponentRepository] Detected non-existence of module 'com.sun.xml.bind.mvn:jaxb-parent:2.3.2' in resolver cache 'Google'
2021-06-06T09:17:14.984-0500 [DEBUG] [org.gradle.api.internal.artifacts.ivyservice.ivyresolve.CachingModuleComponentRepository] Using cached module metadata for module 'com.sun.xml.bind.mvn:jaxb-parent:2.3.2' in 'MavenRepo'
2021-06-06T09:17:14.984-0500 [DEBUG] [org.gradle.api.internal.artifacts.ivyservice.ivyresolve.RepositoryChainComponentMetaDataResolver] Using com.sun.xml.bind.mvn:jaxb-parent:2.3.2 from Maven repository 'MavenRepo'
2021-06-06T09:17:14.984-0500 [DEBUG] [org.gradle.api.internal.artifacts.ivyservice.ivyresolve.CachingModuleComponentRepository] Found artifact 'jaxb-parent-2.3.2.pom (com.sun.xml.bind.mvn:jaxb-parent:2.3.2)' in resolver cache: C:\Users\gathi\.gradle\caches\modules-2\files-2.1\com.sun.xml.bind.mvn\jaxb-parent\2.3.2\5d96ada92105844d8a2eedfb63bf782a712cc0a\jaxb-parent-2.3.2.pom
2021-06-06T09:17:14.988-0500 [DEBUG] [org.gradle.api.internal.artifacts.ivyservice.ivyresolve.RepositoryChainComponentMetaDataResolver] Attempting to resolve component for com.sun.xml.bind:jaxb-bom-ext:2.3.2 using repositories [Google, MavenRepo]
2021-06-06T09:17:14.988-0500 [DEBUG] [org.gradle.api.internal.artifacts.ivyservice.ivyresolve.CachingModuleComponentRepository] Detected non-existence of module 'com.sun.xml.bind:jaxb-bom-ext:2.3.2' in resolver cache 'Google'
2021-06-06T09:17:14.988-0500 [DEBUG] [org.gradle.api.internal.artifacts.ivyservice.ivyresolve.CachingModuleComponentRepository] Using cached module metadata for module 'com.sun.xml.bind:jaxb-bom-ext:2.3.2' in 'MavenRepo'
2021-06-06T09:17:14.988-0500 [DEBUG] [org.gradle.api.internal.artifacts.ivyservice.ivyresolve.RepositoryChainComponentMetaDataResolver] Using com.sun.xml.bind:jaxb-bom-ext:2.3.2 from Maven repository 'MavenRepo'
2021-06-06T09:17:14.988-0500 [DEBUG] [org.gradle.api.internal.artifacts.ivyservice.ivyresolve.CachingModuleComponentRepository] Found artifact 'jaxb-bom-ext-2.3.2.pom (com.sun.xml.bind:jaxb-bom-ext:2.3.2)' in resolver cache: C:\Users\gathi\.gradle\caches\modules-2\files-2.1\com.sun.xml.bind\jaxb-bom-ext\2.3.2\7a92d12e31a67bae498f840c8f7c334a4fee0fbb\jaxb-bom-ext-2.3.2.pom
2021-06-06T09:17:14.991-0500 [DEBUG] [org.gradle.api.internal.artifacts.ivyservice.ivyresolve.RepositoryChainComponentMetaDataResolver] Attempting to resolve component for org.glassfish.jaxb:jaxb-bom:2.3.2 using repositories [Google, MavenRepo]
2021-06-06T09:17:14.991-0500 [DEBUG] [org.gradle.api.internal.artifacts.ivyservice.ivyresolve.CachingModuleComponentRepository] Detected non-existence of module 'org.glassfish.jaxb:jaxb-bom:2.3.2' in resolver cache 'Google'
2021-06-06T09:17:14.991-0500 [DEBUG] [org.gradle.api.internal.artifacts.ivyservice.ivyresolve.CachingModuleComponentRepository] Using cached module metadata for module 'org.glassfish.jaxb:jaxb-bom:2.3.2' in 'MavenRepo'
2021-06-06T09:17:14.991-0500 [DEBUG] [org.gradle.api.internal.artifacts.ivyservice.ivyresolve.RepositoryChainComponentMetaDataResolver] Using org.glassfish.jaxb:jaxb-bom:2.3.2 from Maven repository 'MavenRepo'
2021-06-06T09:17:14.992-0500 [DEBUG] [org.gradle.api.internal.artifacts.ivyservice.ivyresolve.CachingModuleComponentRepository] Found artifact 'jaxb-bom-2.3.2.pom (org.glassfish.jaxb:jaxb-bom:2.3.2)' in resolver cache: C:\Users\gathi\.gradle\caches\modules-2\files-2.1\org.glassfish.jaxb\jaxb-bom\2.3.2\c7cd28b5d3871feba8cebf6d4587043fb0d6fd0a\jaxb-bom-2.3.2.pom
2021-06-06T09:17:14.994-0500 [DEBUG] [org.gradle.api.internal.artifacts.ivyservice.ivyresolve.RepositoryChainComponentMetaDataResolver] Attempting to resolve component for org.eclipse.ee4j:project:1.0.5 using repositories [Google, MavenRepo]
2021-06-06T09:17:14.994-0500 [DEBUG] [org.gradle.api.internal.artifacts.ivyservice.ivyresolve.CachingModuleComponentRepository] Detected non-existence of module 'org.eclipse.ee4j:project:1.0.5' in resolver cache 'Google'
2021-06-06T09:17:14.994-0500 [DEBUG] [org.gradle.api.internal.artifacts.ivyservice.ivyresolve.CachingModuleComponentRepository] Using cached module metadata for module 'org.eclipse.ee4j:project:1.0.5' in 'MavenRepo'
2021-06-06T09:17:14.994-0500 [DEBUG] [org.gradle.api.internal.artifacts.ivyservice.ivyresolve.RepositoryChainComponentMetaDataResolver] Using org.eclipse.ee4j:project:1.0.5 from Maven repository 'MavenRepo'
2021-06-06T09:17:14.995-0500 [DEBUG] [org.gradle.api.internal.artifacts.ivyservice.ivyresolve.CachingModuleComponentRepository] Found artifact 'project-1.0.5.pom (org.eclipse.ee4j:project:1.0.5)' in resolver cache: C:\Users\gathi\.gradle\caches\modules-2\files-2.1\org.eclipse.ee4j\project\1.0.5\d391c5ed15d8fb1dadba9c5d1017006d56c50332\project-1.0.5.pom
2021-06-06T09:17:14.995-0500 [DEBUG] [org.apache.http.impl.execchain.MainClientExec] Connection can be kept alive indefinitely
2021-06-06T09:17:14.995-0500 [DEBUG] [org.apache.http.impl.conn.PoolingHttpClientConnectionManager] Connection [id: 1][route: {s}->https://dl.google.com:443] can be kept alive indefinitely
2021-06-06T09:17:14.996-0500 [DEBUG] [org.apache.http.impl.conn.DefaultManagedHttpClientConnection] http-outgoing-1: set socket timeout to 0
2021-06-06T09:17:14.996-0500 [DEBUG] [org.apache.http.impl.conn.PoolingHttpClientConnectionManager] Connection released: [id: 1][route: {s}->https://dl.google.com:443][total kept alive: 8; route allocated: 8 of 20; total allocated: 8 of 20]
2021-06-06T09:17:14.996-0500 [INFO] [org.gradle.internal.resource.transport.http.HttpClientHelper] Resource missing. [HTTP GET: https://dl.google.com/dl/android/maven2/org/eclipse/ee4j/project/1.0.2/project-1.0.2.pom]
2021-06-06T09:17:14.996-0500 [DEBUG] [org.gradle.internal.operations.DefaultBuildOperationRunner] Build operation 'Download https://dl.google.com/dl/android/maven2/org/eclipse/ee4j/project/1.0.2/project-1.0.2.pom' completed
2021-06-06T09:17:14.996-0500 [DEBUG] [org.gradle.api.internal.artifacts.repositories.resolver.ExternalResourceResolver] No meta-data file or artifact found for module 'org.eclipse.ee4j:project:1.0.2' in repository 'Google'.
2021-06-06T09:17:14.996-0500 [DEBUG] [org.gradle.api.internal.artifacts.ivyservice.modulecache.PersistentModuleMetadataCache] Recording absence of module descriptor in cache: org.eclipse.ee4j:project:1.0.2 [changing = false]
2021-06-06T09:17:14.997-0500 [DEBUG] [org.gradle.api.internal.artifacts.repositories.resolver.DefaultExternalResourceArtifactResolver] Loading https://repo.maven.apache.org/maven2/org/eclipse/ee4j/project/1.0.2/project-1.0.2.pom
2021-06-06T09:17:14.997-0500 [DEBUG] [org.gradle.internal.resource.transfer.DefaultCacheAwareExternalResourceAccessor] Constructing external resource: https://repo.maven.apache.org/maven2/org/eclipse/ee4j/project/1.0.2/project-1.0.2.pom
2021-06-06T09:17:14.998-0500 [DEBUG] [org.gradle.internal.resource.transport.http.HttpResourceAccessor] Constructing external resource: https://repo.maven.apache.org/maven2/org/eclipse/ee4j/project/1.0.2/project-1.0.2.pom
2021-06-06T09:17:14.998-0500 [DEBUG] [org.gradle.internal.resource.transport.http.HttpClientHelper] Performing HTTP GET: https://repo.maven.apache.org/maven2/org/eclipse/ee4j/project/1.0.2/project-1.0.2.pom
2021-06-06T09:17:14.998-0500 [DEBUG] [org.apache.http.client.protocol.RequestAddCookies] CookieSpec selected: default
2021-06-06T09:17:14.999-0500 [DEBUG] [org.apache.http.client.protocol.RequestAuthCache] Auth cache not set in the context
2021-06-06T09:17:14.999-0500 [DEBUG] [org.apache.http.impl.conn.PoolingHttpClientConnectionManager] Connection request: [route: {s}->https://repo.maven.apache.org:443][total kept alive: 8; route allocated: 8 of 20; total allocated: 8 of 20]
2021-06-06T09:17:14.999-0500 [DEBUG] [org.apache.http.impl.conn.PoolingHttpClientConnectionManager] Connection leased: [id: 12][route: {s}->https://repo.maven.apache.org:443][total kept alive: 7; route allocated: 8 of 20; total allocated: 8 of 20]
2021-06-06T09:17:14.999-0500 [DEBUG] [org.apache.http.impl.conn.DefaultManagedHttpClientConnection] http-outgoing-12: set socket timeout to 30000
2021-06-06T09:17:14.999-0500 [DEBUG] [org.apache.http.impl.conn.DefaultManagedHttpClientConnection] http-outgoing-12: set socket timeout to 30000
2021-06-06T09:17:14.999-0500 [DEBUG] [org.apache.http.impl.execchain.MainClientExec] Executing request GET /maven2/org/eclipse/ee4j/project/1.0.2/project-1.0.2.pom HTTP/1.1
2021-06-06T09:17:14.999-0500 [DEBUG] [org.apache.http.impl.execchain.MainClientExec] Target auth state: UNCHALLENGED
2021-06-06T09:17:14.999-0500 [DEBUG] [org.apache.http.impl.execchain.MainClientExec] Proxy auth state: UNCHALLENGED
2021-06-06T09:17:15.002-0500 [DEBUG] [org.gradle.api.internal.artifacts.repositories.resolver.ExternalResourceResolver] Metadata file found for module 'org.glassfish.jaxb:txw2:2.3.2' in repository 'MavenRepo'.
2021-06-06T09:17:15.002-0500 [DEBUG] [org.gradle.api.internal.artifacts.ivyservice.modulecache.PersistentModuleMetadataCache] Recording module descriptor in cache: org.glassfish.jaxb:txw2:2.3.2 [changing = false]
2021-06-06T09:17:15.007-0500 [DEBUG] [org.gradle.api.internal.artifacts.ivyservice.ivyresolve.RepositoryChainComponentMetaDataResolver] Using org.glassfish.jaxb:txw2:2.3.2 from Maven repository 'MavenRepo'
2021-06-06T09:17:15.022-0500 [DEBUG] [org.apache.http.impl.execchain.MainClientExec] Connection can be kept alive indefinitely
2021-06-06T09:17:15.022-0500 [DEBUG] [org.gradle.internal.resource.transport.http.HttpResponseResource] Attempting to download resource https://repo.maven.apache.org/maven2/org/eclipse/ee4j/project/1.0.2/project-1.0.2.pom.
2021-06-06T09:17:15.024-0500 [INFO] [org.gradle.internal.resource.transfer.DefaultCacheAwareExternalResourceAccessor] Downloading https://repo.maven.apache.org/maven2/org/eclipse/ee4j/project/1.0.2/project-1.0.2.pom to C:\Users\gathi\AppData\Local\Temp\gradle_download7693008279043673696bin
2021-06-06T09:17:15.025-0500 [DEBUG] [org.apache.http.impl.conn.PoolingHttpClientConnectionManager] Connection [id: 12][route: {s}->https://repo.maven.apache.org:443] can be kept alive indefinitely
2021-06-06T09:17:15.026-0500 [DEBUG] [org.apache.http.impl.conn.DefaultManagedHttpClientConnection] http-outgoing-12: set socket timeout to 0
2021-06-06T09:17:15.026-0500 [DEBUG] [org.apache.http.impl.conn.PoolingHttpClientConnectionManager] Connection released: [id: 12][route: {s}->https://repo.maven.apache.org:443][total kept alive: 8; route allocated: 8 of 20; total allocated: 8 of 20]
2021-06-06T09:17:15.026-0500 [DEBUG] [org.gradle.internal.operations.DefaultBuildOperationRunner] Build operation 'Download https://repo.maven.apache.org/maven2/org/eclipse/ee4j/project/1.0.2/project-1.0.2.pom' completed
2021-06-06T09:17:15.036-0500 [DEBUG] [org.gradle.api.internal.artifacts.repositories.resolver.ExternalResourceResolver] Metadata file found for module 'org.eclipse.ee4j:project:1.0.2' in repository 'MavenRepo'.
2021-06-06T09:17:15.036-0500 [DEBUG] [org.gradle.api.internal.artifacts.ivyservice.modulecache.PersistentModuleMetadataCache] Recording module descriptor in cache: org.eclipse.ee4j:project:1.0.2 [changing = false]
2021-06-06T09:17:15.040-0500 [DEBUG] [org.gradle.api.internal.artifacts.ivyservice.ivyresolve.RepositoryChainComponentMetaDataResolver] Using org.eclipse.ee4j:project:1.0.2 from Maven repository 'MavenRepo'
2021-06-06T09:17:15.040-0500 [DEBUG] [org.gradle.api.internal.artifacts.repositories.resolver.DefaultExternalResourceArtifactResolver] Loading https://repo.maven.apache.org/maven2/org/eclipse/ee4j/project/1.0.2/project-1.0.2.pom
2021-06-06T09:17:15.040-0500 [DEBUG] [org.gradle.internal.resource.transfer.DefaultCacheAwareExternalResourceAccessor] Constructing external resource: https://repo.maven.apache.org/maven2/org/eclipse/ee4j/project/1.0.2/project-1.0.2.pom
2021-06-06T09:17:15.041-0500 [DEBUG] [org.gradle.api.internal.artifacts.ivyservice.ivyresolve.CachingModuleComponentRepository] Downloaded artifact 'project-1.0.2.pom (org.eclipse.ee4j:project:1.0.2)' from resolver: MavenRepo
2021-06-06T09:17:15.046-0500 [DEBUG] [org.gradle.api.internal.artifacts.repositories.resolver.ExternalResourceResolver] Metadata file found for module 'com.sun.activation:all:1.2.1' in repository 'MavenRepo'.
2021-06-06T09:17:15.046-0500 [DEBUG] [org.gradle.api.internal.artifacts.ivyservice.modulecache.PersistentModuleMetadataCache] Recording module descriptor in cache: com.sun.activation:all:1.2.1 [changing = false]
2021-06-06T09:17:15.051-0500 [DEBUG] [org.gradle.api.internal.artifacts.ivyservice.ivyresolve.RepositoryChainComponentMetaDataResolver] Using com.sun.activation:all:1.2.1 from Maven repository 'MavenRepo'
2021-06-06T09:17:15.051-0500 [DEBUG] [org.gradle.api.internal.artifacts.repositories.resolver.DefaultExternalResourceArtifactResolver] Loading https://repo.maven.apache.org/maven2/com/sun/activation/all/1.2.1/all-1.2.1.pom
2021-06-06T09:17:15.051-0500 [DEBUG] [org.gradle.internal.resource.transfer.DefaultCacheAwareExternalResourceAccessor] Constructing external resource: https://repo.maven.apache.org/maven2/com/sun/activation/all/1.2.1/all-1.2.1.pom
2021-06-06T09:17:15.052-0500 [DEBUG] [org.gradle.api.internal.artifacts.ivyservice.ivyresolve.CachingModuleComponentRepository] Downloaded artifact 'all-1.2.1.pom (com.sun.activation:all:1.2.1)' from resolver: MavenRepo
2021-06-06T09:17:15.057-0500 [DEBUG] [org.gradle.api.internal.artifacts.ivyservice.ivyresolve.RepositoryChainComponentMetaDataResolver] Attempting to resolve component for org.eclipse.ee4j:project:1.0.2 using repositories [Google, MavenRepo]
2021-06-06T09:17:15.057-0500 [DEBUG] [org.gradle.api.internal.artifacts.ivyservice.ivyresolve.CachingModuleComponentRepository] Detected non-existence of module 'org.eclipse.ee4j:project:1.0.2' in resolver cache 'Google'
2021-06-06T09:17:15.057-0500 [DEBUG] [org.gradle.api.internal.artifacts.ivyservice.ivyresolve.CachingModuleComponentRepository] Using cached module metadata for module 'org.eclipse.ee4j:project:1.0.2' in 'MavenRepo'
2021-06-06T09:17:15.057-0500 [DEBUG] [org.gradle.api.internal.artifacts.ivyservice.ivyresolve.RepositoryChainComponentMetaDataResolver] Using org.eclipse.ee4j:project:1.0.2 from Maven repository 'MavenRepo'
2021-06-06T09:17:15.057-0500 [DEBUG] [org.gradle.api.internal.artifacts.ivyservice.ivyresolve.CachingModuleComponentRepository] Found artifact 'project-1.0.2.pom (org.eclipse.ee4j:project:1.0.2)' in resolver cache: C:\Users\gathi\.gradle\caches\modules-2\files-2.1\org.eclipse.ee4j\project\1.0.2\5730bedee1faaeeb62b0afc4ed1c4571f87a8eb4\project-1.0.2.pom
2021-06-06T09:17:15.062-0500 [DEBUG] [org.gradle.api.internal.artifacts.repositories.resolver.ExternalResourceResolver] Metadata file found for module 'jakarta.activation:jakarta.activation-api:1.2.1' in repository 'MavenRepo'.
2021-06-06T09:17:15.062-0500 [DEBUG] [org.gradle.api.internal.artifacts.ivyservice.modulecache.PersistentModuleMetadataCache] Recording module descriptor in cache: jakarta.activation:jakarta.activation-api:1.2.1 [changing = false]
2021-06-06T09:17:15.067-0500 [DEBUG] [org.gradle.api.internal.artifacts.ivyservice.ivyresolve.RepositoryChainComponentMetaDataResolver] Using jakarta.activation:jakarta.activation-api:1.2.1 from Maven repository 'MavenRepo'
2021-06-06T09:17:15.069-0500 [DEBUG] [org.gradle.api.internal.artifacts.ivyservice.resolveengine.graph.builder.DependencyGraphBuilder] Visiting configuration org.jetbrains.kotlin:kotlin-stdlib-jdk7:1.4.31(runtime).
2021-06-06T09:17:15.069-0500 [DEBUG] [org.gradle.api.internal.artifacts.ivyservice.resolveengine.graph.builder.DependencyGraphBuilder] Visiting configuration org.ow2.asm:asm:7.0(runtime).
2021-06-06T09:17:15.069-0500 [DEBUG] [org.gradle.api.internal.artifacts.ivyservice.resolveengine.graph.builder.NodeState] Changed edges for org.ow2.asm:asm:7.0(runtime) selects same versions as previous traversal. ignoring
2021-06-06T09:17:15.069-0500 [DEBUG] [org.gradle.api.internal.artifacts.ivyservice.resolveengine.graph.builder.DependencyGraphBuilder] Visiting configuration org.ow2.asm:asm-analysis:7.0(runtime).
2021-06-06T09:17:15.069-0500 [DEBUG] [org.gradle.api.internal.artifacts.ivyservice.resolveengine.graph.builder.NodeState] Changed edges for org.ow2.asm:asm-analysis:7.0(runtime) selects same versions as previous traversal. ignoring
2021-06-06T09:17:15.069-0500 [DEBUG] [org.gradle.api.internal.artifacts.ivyservice.resolveengine.graph.builder.DependencyGraphBuilder] Visiting configuration net.sf.proguard:proguard-base:6.0.3(runtime).
2021-06-06T09:17:15.070-0500 [DEBUG] [org.gradle.api.internal.artifacts.ivyservice.resolveengine.graph.builder.DependencyGraphBuilder] Visiting configuration com.google.auto.value:auto-value-annotations:1.6.2(runtime).
2021-06-06T09:17:15.070-0500 [DEBUG] [org.gradle.api.internal.artifacts.ivyservice.resolveengine.graph.builder.DependencyGraphBuilder] Visiting configuration com.google.errorprone:error_prone_annotations:2.3.1(runtime).
2021-06-06T09:17:15.070-0500 [DEBUG] [org.gradle.api.internal.artifacts.ivyservice.resolveengine.graph.builder.NodeState] version for com.google.errorprone:error_prone_annotations:2.3.1(runtime) is not selected. ignoring.
2021-06-06T09:17:15.070-0500 [DEBUG] [org.gradle.api.internal.artifacts.ivyservice.resolveengine.graph.builder.DependencyGraphBuilder] Visiting configuration com.google.dagger:dagger:2.28.3(runtime).
2021-06-06T09:17:15.070-0500 [DEBUG] [org.gradle.api.internal.artifacts.ivyservice.resolveengine.graph.builder.DependencyGraphBuilder] Visiting configuration com.android.tools.build.jetifier:jetifier-core:1.0.0-beta09(runtime).
2021-06-06T09:17:15.070-0500 [DEBUG] [org.gradle.api.internal.artifacts.ivyservice.resolveengine.graph.builder.NodeState] Changed edges for com.android.tools.build.jetifier:jetifier-core:1.0.0-beta09(runtime) selects same versions as previous traversal. ignoring
2021-06-06T09:17:15.070-0500 [DEBUG] [org.gradle.api.internal.artifacts.ivyservice.resolveengine.graph.builder.DependencyGraphBuilder] Visiting configuration org.ow2.asm:asm-util:7.0(runtime).
2021-06-06T09:17:15.070-0500 [DEBUG] [org.gradle.api.internal.artifacts.ivyservice.resolveengine.graph.builder.NodeState] Changed edges for org.ow2.asm:asm-util:7.0(runtime) selects same versions as previous traversal. ignoring
2021-06-06T09:17:15.071-0500 [DEBUG] [org.gradle.api.internal.artifacts.ivyservice.resolveengine.graph.builder.DependencyGraphBuilder] Visiting configuration org.ow2.asm:asm-commons:7.0(runtime).
2021-06-06T09:17:15.071-0500 [DEBUG] [org.gradle.api.internal.artifacts.ivyservice.resolveengine.graph.builder.NodeState] Changed edges for org.ow2.asm:asm-commons:7.0(runtime) selects same versions as previous traversal. ignoring
2021-06-06T09:17:15.071-0500 [DEBUG] [org.gradle.api.internal.artifacts.ivyservice.resolveengine.graph.builder.DependencyGraphBuilder] Visiting configuration org.jdom:jdom2:2.0.6(runtime).
2021-06-06T09:17:15.071-0500 [DEBUG] [org.gradle.api.internal.artifacts.ivyservice.resolveengine.graph.builder.DependencyGraphBuilder] Visiting configuration com.google.errorprone:error_prone_annotations:2.3.2(runtime).
2021-06-06T09:17:15.071-0500 [DEBUG] [org.gradle.api.internal.artifacts.ivyservice.resolveengine.graph.builder.DependencyGraphBuilder] Visiting configuration com.google.protobuf:protobuf-java:3.10.0(runtime).
2021-06-06T09:17:15.071-0500 [DEBUG] [org.gradle.api.internal.artifacts.ivyservice.resolveengine.graph.builder.NodeState] Changed edges for com.google.protobuf:protobuf-java:3.10.0(runtime) selects same versions as previous traversal. ignoring
2021-06-06T09:17:15.071-0500 [DEBUG] [org.gradle.api.internal.artifacts.ivyservice.resolveengine.graph.builder.DependencyGraphBuilder] Visiting configuration org.json:json:20180813(runtime).
2021-06-06T09:17:15.071-0500 [DEBUG] [org.gradle.api.internal.artifacts.ivyservice.resolveengine.graph.builder.DependencyGraphBuilder] Visiting configuration org.jetbrains.kotlin:kotlin-stdlib-common:1.4.32(runtime).
2021-06-06T09:17:15.071-0500 [DEBUG] [org.gradle.api.internal.artifacts.ivyservice.resolveengine.graph.builder.DependencyGraphBuilder] Visiting configuration org.jetbrains:annotations:13.0(runtime).
2021-06-06T09:17:15.072-0500 [DEBUG] [org.gradle.api.internal.artifacts.ivyservice.resolveengine.graph.builder.DependencyGraphBuilder] Visiting configuration org.jetbrains.kotlin:kotlin-stdlib:1.4.32(runtime).
2021-06-06T09:17:15.072-0500 [DEBUG] [org.gradle.api.internal.artifacts.ivyservice.resolveengine.graph.builder.NodeState] Changed edges for org.jetbrains.kotlin:kotlin-stdlib:1.4.32(runtime) selects same versions as previous traversal. ignoring
2021-06-06T09:17:15.072-0500 [DEBUG] [org.gradle.api.internal.artifacts.ivyservice.resolveengine.graph.builder.DependencyGraphBuilder] Visiting configuration org.jetbrains.kotlin:kotlin-util-io:1.4.32(runtime).
2021-06-06T09:17:15.072-0500 [DEBUG] [org.gradle.api.internal.artifacts.ivyservice.resolveengine.graph.builder.DependencyGraphBuilder] Visiting configuration org.antlr:antlr4-runtime:4.5.2-1(runtime).
2021-06-06T09:17:15.072-0500 [DEBUG] [org.gradle.api.internal.artifacts.ivyservice.resolveengine.graph.builder.DependencyGraphBuilder] Visiting configuration org.jetbrains.kotlin:kotlin-script-runtime:1.4.32(runtime).
2021-06-06T09:17:15.072-0500 [DEBUG] [org.gradle.api.internal.artifacts.ivyservice.resolveengine.graph.builder.DependencyGraphBuilder] Visiting configuration org.jetbrains.kotlin:kotlin-daemon-embeddable:1.4.32(runtime).
2021-06-06T09:17:15.072-0500 [DEBUG] [org.gradle.api.internal.artifacts.ivyservice.resolveengine.graph.builder.DependencyGraphBuilder] Visiting configuration org.jetbrains.intellij.deps:trove4j:1.0.20181211(runtime).
2021-06-06T09:17:15.073-0500 [DEBUG] [org.gradle.api.internal.artifacts.ivyservice.resolveengine.graph.builder.DependencyGraphBuilder] Visiting configuration org.jetbrains.kotlin:kotlin-compiler-embeddable:1.4.32(runtime).
2021-06-06T09:17:15.073-0500 [DEBUG] [org.gradle.api.internal.artifacts.ivyservice.resolveengine.graph.builder.NodeState] Changed edges for org.jetbrains.kotlin:kotlin-compiler-embeddable:1.4.32(runtime) selects same versions as previous traversal. ignoring
2021-06-06T09:17:15.073-0500 [DEBUG] [org.gradle.api.internal.artifacts.ivyservice.resolveengine.graph.builder.DependencyGraphBuilder] Visiting configuration org.jetbrains.kotlin:kotlin-build-common:1.4.32(runtime).
2021-06-06T09:17:15.073-0500 [DEBUG] [org.gradle.api.internal.artifacts.ivyservice.resolveengine.graph.builder.DependencyGraphBuilder] Visiting configuration org.jetbrains.kotlin:kotlin-daemon-client:1.4.32(runtime).
2021-06-06T09:17:15.073-0500 [DEBUG] [org.gradle.api.internal.artifacts.ivyservice.resolveengine.graph.builder.DependencyGraphBuilder] Visiting configuration org.jetbrains.kotlinx:kotlinx-coroutines-core:1.3.8(runtime).
2021-06-06T09:17:15.078-0500 [DEBUG] [org.gradle.api.internal.artifacts.ivyservice.resolveengine.graph.builder.DependencyGraphBuilder] Visiting configuration org.jetbrains.kotlin:kotlin-scripting-common:1.4.32(runtime).
2021-06-06T09:17:15.078-0500 [DEBUG] [org.gradle.api.internal.artifacts.ivyservice.resolveengine.graph.builder.DependencyGraphBuilder] Visiting configuration org.jetbrains.kotlin:kotlin-scripting-jvm:1.4.32(runtime).
2021-06-06T09:17:15.079-0500 [DEBUG] [org.gradle.api.internal.artifacts.ivyservice.resolveengine.graph.builder.DependencyGraphBuilder] Visiting configuration org.jetbrains.kotlin:kotlin-stdlib-jdk8:1.4.31(runtime).
2021-06-06T09:17:15.079-0500 [DEBUG] [org.gradle.api.internal.artifacts.ivyservice.resolveengine.graph.builder.NodeState] Changed edges for org.jetbrains.kotlin:kotlin-stdlib-jdk8:1.4.31(runtime) selects same versions as previous traversal. ignoring
2021-06-06T09:17:15.079-0500 [DEBUG] [org.gradle.api.internal.artifacts.ivyservice.resolveengine.graph.builder.DependencyGraphBuilder] Visiting configuration com.android.tools:dvlib:27.2.1(runtimeElements).
2021-06-06T09:17:15.079-0500 [DEBUG] [org.gradle.api.internal.artifacts.ivyservice.resolveengine.graph.builder.DependencyGraphBuilder] Visiting configuration com.android.tools:repository:27.2.1(runtimeElements).
2021-06-06T09:17:15.080-0500 [DEBUG] [org.gradle.api.internal.artifacts.ivyservice.resolveengine.graph.builder.DependencyGraphBuilder] Submitting 2 metadata files to resolve in parallel for com.android.tools:repository:27.2.1(runtimeElements)
2021-06-06T09:17:15.080-0500 [DEBUG] [org.gradle.internal.work.DefaultWorkerLeaseService] Worker lease root.1.90.91 started (1 worker(s) in use).
2021-06-06T09:17:15.080-0500 [DEBUG] [org.gradle.internal.resources.AbstractTrackedResourceLock] Daemon worker: acquired lock on root.1.90.91
2021-06-06T09:17:15.081-0500 [DEBUG] [org.gradle.api.internal.artifacts.ivyservice.ivyresolve.RepositoryChainComponentMetaDataResolver] Attempting to resolve component for com.sun.activation:javax.activation:1.2.0 using repositories [Google, MavenRepo]
2021-06-06T09:17:15.081-0500 [DEBUG] [org.gradle.api.internal.artifacts.repositories.resolver.DefaultExternalResourceArtifactResolver] Loading https://dl.google.com/dl/android/maven2/com/sun/activation/javax.activation/1.2.0/javax.activation-1.2.0.pom
2021-06-06T09:17:15.081-0500 [DEBUG] [org.gradle.api.internal.artifacts.ivyservice.ivyresolve.RepositoryChainComponentMetaDataResolver] Attempting to resolve component for com.google.jimfs:jimfs:1.1 using repositories [Google, MavenRepo]
2021-06-06T09:17:15.081-0500 [DEBUG] [org.gradle.internal.resource.transfer.DefaultCacheAwareExternalResourceAccessor] Constructing external resource: https://dl.google.com/dl/android/maven2/com/sun/activation/javax.activation/1.2.0/javax.activation-1.2.0.pom
2021-06-06T09:17:15.081-0500 [DEBUG] [org.gradle.api.internal.artifacts.repositories.resolver.DefaultExternalResourceArtifactResolver] Loading https://dl.google.com/dl/android/maven2/com/google/jimfs/jimfs/1.1/jimfs-1.1.pom
2021-06-06T09:17:15.082-0500 [DEBUG] [org.gradle.internal.resource.transfer.DefaultCacheAwareExternalResourceAccessor] Constructing external resource: https://dl.google.com/dl/android/maven2/com/google/jimfs/jimfs/1.1/jimfs-1.1.pom
2021-06-06T09:17:15.083-0500 [DEBUG] [org.gradle.internal.resource.transport.http.HttpResourceAccessor] Constructing external resource: https://dl.google.com/dl/android/maven2/com/google/jimfs/jimfs/1.1/jimfs-1.1.pom
2021-06-06T09:17:15.083-0500 [DEBUG] [org.gradle.internal.resource.transport.http.HttpResourceAccessor] Constructing external resource: https://dl.google.com/dl/android/maven2/com/sun/activation/javax.activation/1.2.0/javax.activation-1.2.0.pom
2021-06-06T09:17:15.083-0500 [DEBUG] [org.gradle.internal.resource.transport.http.HttpClientHelper] Performing HTTP GET: https://dl.google.com/dl/android/maven2/com/google/jimfs/jimfs/1.1/jimfs-1.1.pom
2021-06-06T09:17:15.083-0500 [DEBUG] [org.gradle.internal.resource.transport.http.HttpClientHelper] Performing HTTP GET: https://dl.google.com/dl/android/maven2/com/sun/activation/javax.activation/1.2.0/javax.activation-1.2.0.pom
2021-06-06T09:17:15.083-0500 [DEBUG] [org.apache.http.client.protocol.RequestAddCookies] CookieSpec selected: default
2021-06-06T09:17:15.083-0500 [DEBUG] [org.apache.http.client.protocol.RequestAddCookies] CookieSpec selected: default
2021-06-06T09:17:15.084-0500 [DEBUG] [org.apache.http.client.protocol.RequestAuthCache] Auth cache not set in the context
2021-06-06T09:17:15.084-0500 [DEBUG] [org.apache.http.client.protocol.RequestAuthCache] Auth cache not set in the context
2021-06-06T09:17:15.084-0500 [DEBUG] [org.apache.http.impl.conn.PoolingHttpClientConnectionManager] Connection request: [route: {s}->https://dl.google.com:443][total kept alive: 8; route allocated: 8 of 20; total allocated: 8 of 20]
2021-06-06T09:17:15.084-0500 [DEBUG] [org.apache.http.impl.conn.PoolingHttpClientConnectionManager] Connection request: [route: {s}->https://dl.google.com:443][total kept alive: 8; route allocated: 8 of 20; total allocated: 8 of 20]
2021-06-06T09:17:15.084-0500 [DEBUG] [org.apache.http.impl.conn.PoolingHttpClientConnectionManager] Connection leased: [id: 1][route: {s}->https://dl.google.com:443][total kept alive: 7; route allocated: 8 of 20; total allocated: 8 of 20]
2021-06-06T09:17:15.084-0500 [DEBUG] [org.apache.http.impl.conn.PoolingHttpClientConnectionManager] Connection leased: [id: 3][route: {s}->https://dl.google.com:443][total kept alive: 6; route allocated: 8 of 20; total allocated: 8 of 20]
2021-06-06T09:17:15.084-0500 [DEBUG] [org.apache.http.impl.conn.DefaultManagedHttpClientConnection] http-outgoing-3: set socket timeout to 30000
2021-06-06T09:17:15.084-0500 [DEBUG] [org.apache.http.impl.conn.DefaultManagedHttpClientConnection] http-outgoing-1: set socket timeout to 30000
2021-06-06T09:17:15.084-0500 [DEBUG] [org.apache.http.impl.conn.DefaultManagedHttpClientConnection] http-outgoing-3: set socket timeout to 30000
2021-06-06T09:17:15.085-0500 [DEBUG] [org.apache.http.impl.conn.DefaultManagedHttpClientConnection] http-outgoing-1: set socket timeout to 30000
2021-06-06T09:17:15.085-0500 [DEBUG] [org.apache.http.impl.execchain.MainClientExec] Executing request GET /dl/android/maven2/com/sun/activation/javax.activation/1.2.0/javax.activation-1.2.0.pom HTTP/1.1
2021-06-06T09:17:15.085-0500 [DEBUG] [org.apache.http.impl.execchain.MainClientExec] Target auth state: UNCHALLENGED
2021-06-06T09:17:15.085-0500 [DEBUG] [org.apache.http.impl.execchain.MainClientExec] Proxy auth state: UNCHALLENGED
2021-06-06T09:17:15.085-0500 [DEBUG] [org.apache.http.impl.execchain.MainClientExec] Executing request GET /dl/android/maven2/com/google/jimfs/jimfs/1.1/jimfs-1.1.pom HTTP/1.1
2021-06-06T09:17:15.085-0500 [DEBUG] [org.apache.http.impl.execchain.MainClientExec] Target auth state: UNCHALLENGED
2021-06-06T09:17:15.085-0500 [DEBUG] [org.apache.http.impl.execchain.MainClientExec] Proxy auth state: UNCHALLENGED
2021-06-06T09:17:15.126-0500 [DEBUG] [org.apache.http.impl.execchain.MainClientExec] Connection can be kept alive indefinitely
2021-06-06T09:17:15.126-0500 [DEBUG] [org.apache.http.impl.execchain.MainClientExec] Connection can be kept alive indefinitely
2021-06-06T09:17:15.127-0500 [DEBUG] [org.apache.http.impl.conn.PoolingHttpClientConnectionManager] Connection [id: 3][route: {s}->https://dl.google.com:443] can be kept alive indefinitely
2021-06-06T09:17:15.127-0500 [DEBUG] [org.apache.http.impl.conn.DefaultManagedHttpClientConnection] http-outgoing-3: set socket timeout to 0
2021-06-06T09:17:15.127-0500 [DEBUG] [org.apache.http.impl.conn.PoolingHttpClientConnectionManager] Connection released: [id: 3][route: {s}->https://dl.google.com:443][total kept alive: 7; route allocated: 8 of 20; total allocated: 8 of 20]
2021-06-06T09:17:15.127-0500 [DEBUG] [org.apache.http.impl.conn.PoolingHttpClientConnectionManager] Connection [id: 1][route: {s}->https://dl.google.com:443] can be kept alive indefinitely
2021-06-06T09:17:15.127-0500 [DEBUG] [org.apache.http.impl.conn.DefaultManagedHttpClientConnection] http-outgoing-1: set socket timeout to 0
2021-06-06T09:17:15.127-0500 [INFO] [org.gradle.internal.resource.transport.http.HttpClientHelper] Resource missing. [HTTP GET: https://dl.google.com/dl/android/maven2/com/sun/activation/javax.activation/1.2.0/javax.activation-1.2.0.pom]
2021-06-06T09:17:15.127-0500 [DEBUG] [org.apache.http.impl.conn.PoolingHttpClientConnectionManager] Connection released: [id: 1][route: {s}->https://dl.google.com:443][total kept alive: 8; route allocated: 8 of 20; total allocated: 8 of 20]
2021-06-06T09:17:15.127-0500 [DEBUG] [org.gradle.internal.operations.DefaultBuildOperationRunner] Build operation 'Download https://dl.google.com/dl/android/maven2/com/sun/activation/javax.activation/1.2.0/javax.activation-1.2.0.pom' completed
2021-06-06T09:17:15.127-0500 [INFO] [org.gradle.internal.resource.transport.http.HttpClientHelper] Resource missing. [HTTP GET: https://dl.google.com/dl/android/maven2/com/google/jimfs/jimfs/1.1/jimfs-1.1.pom]
2021-06-06T09:17:15.128-0500 [DEBUG] [org.gradle.api.internal.artifacts.repositories.resolver.ExternalResourceResolver] No meta-data file or artifact found for module 'com.sun.activation:javax.activation:1.2.0' in repository 'Google'.
2021-06-06T09:17:15.128-0500 [DEBUG] [org.gradle.api.internal.artifacts.ivyservice.modulecache.PersistentModuleMetadataCache] Recording absence of module descriptor in cache: com.sun.activation:javax.activation:1.2.0 [changing = false]
2021-06-06T09:17:15.128-0500 [DEBUG] [org.gradle.internal.operations.DefaultBuildOperationRunner] Build operation 'Download https://dl.google.com/dl/android/maven2/com/google/jimfs/jimfs/1.1/jimfs-1.1.pom' completed
2021-06-06T09:17:15.128-0500 [DEBUG] [org.gradle.api.internal.artifacts.repositories.resolver.ExternalResourceResolver] No meta-data file or artifact found for module 'com.google.jimfs:jimfs:1.1' in repository 'Google'.
2021-06-06T09:17:15.128-0500 [DEBUG] [org.gradle.api.internal.artifacts.ivyservice.modulecache.PersistentModuleMetadataCache] Recording absence of module descriptor in cache: com.google.jimfs:jimfs:1.1 [changing = false]
2021-06-06T09:17:15.128-0500 [DEBUG] [org.gradle.api.internal.artifacts.repositories.resolver.DefaultExternalResourceArtifactResolver] Loading https://repo.maven.apache.org/maven2/com/sun/activation/javax.activation/1.2.0/javax.activation-1.2.0.pom
2021-06-06T09:17:15.128-0500 [DEBUG] [org.gradle.internal.resource.transfer.DefaultCacheAwareExternalResourceAccessor] Constructing external resource: https://repo.maven.apache.org/maven2/com/sun/activation/javax.activation/1.2.0/javax.activation-1.2.0.pom
2021-06-06T09:17:15.129-0500 [DEBUG] [org.gradle.api.internal.artifacts.repositories.resolver.DefaultExternalResourceArtifactResolver] Loading https://repo.maven.apache.org/maven2/com/google/jimfs/jimfs/1.1/jimfs-1.1.pom
2021-06-06T09:17:15.129-0500 [DEBUG] [org.gradle.internal.resource.transfer.DefaultCacheAwareExternalResourceAccessor] Constructing external resource: https://repo.maven.apache.org/maven2/com/google/jimfs/jimfs/1.1/jimfs-1.1.pom
2021-06-06T09:17:15.130-0500 [DEBUG] [org.gradle.internal.resource.transport.http.HttpResourceAccessor] Constructing external resource: https://repo.maven.apache.org/maven2/com/google/jimfs/jimfs/1.1/jimfs-1.1.pom
2021-06-06T09:17:15.130-0500 [DEBUG] [org.gradle.internal.resource.transport.http.HttpResourceAccessor] Constructing external resource: https://repo.maven.apache.org/maven2/com/sun/activation/javax.activation/1.2.0/javax.activation-1.2.0.pom
2021-06-06T09:17:15.130-0500 [DEBUG] [org.gradle.internal.resource.transport.http.HttpClientHelper] Performing HTTP GET: https://repo.maven.apache.org/maven2/com/google/jimfs/jimfs/1.1/jimfs-1.1.pom
2021-06-06T09:17:15.130-0500 [DEBUG] [org.gradle.internal.resource.transport.http.HttpClientHelper] Performing HTTP GET: https://repo.maven.apache.org/maven2/com/sun/activation/javax.activation/1.2.0/javax.activation-1.2.0.pom
2021-06-06T09:17:15.131-0500 [DEBUG] [org.apache.http.client.protocol.RequestAddCookies] CookieSpec selected: default
2021-06-06T09:17:15.131-0500 [DEBUG] [org.apache.http.client.protocol.RequestAddCookies] CookieSpec selected: default
2021-06-06T09:17:15.131-0500 [DEBUG] [org.apache.http.client.protocol.RequestAuthCache] Auth cache not set in the context
2021-06-06T09:17:15.131-0500 [DEBUG] [org.apache.http.client.protocol.RequestAuthCache] Auth cache not set in the context
2021-06-06T09:17:15.131-0500 [DEBUG] [org.apache.http.impl.conn.PoolingHttpClientConnectionManager] Connection request: [route: {s}->https://repo.maven.apache.org:443][total kept alive: 8; route allocated: 8 of 20; total allocated: 8 of 20]
2021-06-06T09:17:15.131-0500 [DEBUG] [org.apache.http.impl.conn.PoolingHttpClientConnectionManager] Connection request: [route: {s}->https://repo.maven.apache.org:443][total kept alive: 8; route allocated: 8 of 20; total allocated: 8 of 20]
2021-06-06T09:17:15.131-0500 [DEBUG] [org.apache.http.impl.conn.PoolingHttpClientConnectionManager] Connection leased: [id: 12][route: {s}->https://repo.maven.apache.org:443][total kept alive: 7; route allocated: 8 of 20; total allocated: 8 of 20]
2021-06-06T09:17:15.131-0500 [DEBUG] [org.apache.http.impl.conn.PoolingHttpClientConnectionManager] Connection leased: [id: 15][route: {s}->https://repo.maven.apache.org:443][total kept alive: 6; route allocated: 8 of 20; total allocated: 8 of 20]
2021-06-06T09:17:15.131-0500 [DEBUG] [org.apache.http.impl.conn.DefaultManagedHttpClientConnection] http-outgoing-15: set socket timeout to 30000
2021-06-06T09:17:15.131-0500 [DEBUG] [org.apache.http.impl.conn.DefaultManagedHttpClientConnection] http-outgoing-12: set socket timeout to 30000
2021-06-06T09:17:15.132-0500 [DEBUG] [org.apache.http.impl.conn.DefaultManagedHttpClientConnection] http-outgoing-15: set socket timeout to 30000
2021-06-06T09:17:15.132-0500 [DEBUG] [org.apache.http.impl.conn.DefaultManagedHttpClientConnection] http-outgoing-12: set socket timeout to 30000
2021-06-06T09:17:15.132-0500 [DEBUG] [org.apache.http.impl.execchain.MainClientExec] Executing request GET /maven2/com/sun/activation/javax.activation/1.2.0/javax.activation-1.2.0.pom HTTP/1.1
2021-06-06T09:17:15.132-0500 [DEBUG] [org.apache.http.impl.execchain.MainClientExec] Target auth state: UNCHALLENGED
2021-06-06T09:17:15.132-0500 [DEBUG] [org.apache.http.impl.execchain.MainClientExec] Proxy auth state: UNCHALLENGED
2021-06-06T09:17:15.132-0500 [DEBUG] [org.apache.http.impl.execchain.MainClientExec] Executing request GET /maven2/com/google/jimfs/jimfs/1.1/jimfs-1.1.pom HTTP/1.1
2021-06-06T09:17:15.132-0500 [DEBUG] [org.apache.http.impl.execchain.MainClientExec] Target auth state: UNCHALLENGED
2021-06-06T09:17:15.132-0500 [DEBUG] [org.apache.http.impl.execchain.MainClientExec] Proxy auth state: UNCHALLENGED
2021-06-06T09:17:15.150-0500 [DEBUG] [org.apache.http.impl.execchain.MainClientExec] Connection can be kept alive indefinitely
2021-06-06T09:17:15.150-0500 [DEBUG] [org.apache.http.impl.execchain.MainClientExec] Connection can be kept alive indefinitely
2021-06-06T09:17:15.150-0500 [DEBUG] [org.gradle.internal.resource.transport.http.HttpResponseResource] Attempting to download resource https://repo.maven.apache.org/maven2/com/google/jimfs/jimfs/1.1/jimfs-1.1.pom.
2021-06-06T09:17:15.150-0500 [DEBUG] [org.gradle.internal.resource.transport.http.HttpResponseResource] Attempting to download resource https://repo.maven.apache.org/maven2/com/sun/activation/javax.activation/1.2.0/javax.activation-1.2.0.pom.
2021-06-06T09:17:15.152-0500 [INFO] [org.gradle.internal.resource.transfer.DefaultCacheAwareExternalResourceAccessor] Downloading https://repo.maven.apache.org/maven2/com/google/jimfs/jimfs/1.1/jimfs-1.1.pom to C:\Users\gathi\AppData\Local\Temp\gradle_download13227746862016581204bin
2021-06-06T09:17:15.152-0500 [INFO] [org.gradle.internal.resource.transfer.DefaultCacheAwareExternalResourceAccessor] Downloading https://repo.maven.apache.org/maven2/com/sun/activation/javax.activation/1.2.0/javax.activation-1.2.0.pom to C:\Users\gathi\AppData\Local\Temp\gradle_download5517778000432422285bin
2021-06-06T09:17:15.153-0500 [DEBUG] [org.apache.http.impl.conn.PoolingHttpClientConnectionManager] Connection [id: 12][route: {s}->https://repo.maven.apache.org:443] can be kept alive indefinitely
2021-06-06T09:17:15.153-0500 [DEBUG] [org.apache.http.impl.conn.DefaultManagedHttpClientConnection] http-outgoing-12: set socket timeout to 0
2021-06-06T09:17:15.154-0500 [DEBUG] [org.apache.http.impl.conn.PoolingHttpClientConnectionManager] Connection [id: 15][route: {s}->https://repo.maven.apache.org:443] can be kept alive indefinitely
2021-06-06T09:17:15.154-0500 [DEBUG] [org.apache.http.impl.conn.DefaultManagedHttpClientConnection] http-outgoing-15: set socket timeout to 0
2021-06-06T09:17:15.154-0500 [DEBUG] [org.apache.http.impl.conn.PoolingHttpClientConnectionManager] Connection released: [id: 12][route: {s}->https://repo.maven.apache.org:443][total kept alive: 7; route allocated: 8 of 20; total allocated: 8 of 20]
2021-06-06T09:17:15.154-0500 [DEBUG] [org.apache.http.impl.conn.PoolingHttpClientConnectionManager] Connection released: [id: 15][route: {s}->https://repo.maven.apache.org:443][total kept alive: 8; route allocated: 8 of 20; total allocated: 8 of 20]
2021-06-06T09:17:15.154-0500 [DEBUG] [org.gradle.internal.operations.DefaultBuildOperationRunner] Build operation 'Download https://repo.maven.apache.org/maven2/com/google/jimfs/jimfs/1.1/jimfs-1.1.pom' completed
2021-06-06T09:17:15.155-0500 [DEBUG] [org.gradle.internal.operations.DefaultBuildOperationRunner] Build operation 'Download https://repo.maven.apache.org/maven2/com/sun/activation/javax.activation/1.2.0/javax.activation-1.2.0.pom' completed
2021-06-06T09:17:15.165-0500 [DEBUG] [org.gradle.api.internal.artifacts.ivyservice.ivyresolve.RepositoryChainComponentMetaDataResolver] Attempting to resolve component for com.google.jimfs:jimfs-parent:1.1 using repositories [Google, MavenRepo]
2021-06-06T09:17:15.169-0500 [DEBUG] [org.gradle.api.internal.artifacts.repositories.resolver.DefaultExternalResourceArtifactResolver] Loading https://dl.google.com/dl/android/maven2/com/google/jimfs/jimfs-parent/1.1/jimfs-parent-1.1.pom
2021-06-06T09:17:15.170-0500 [DEBUG] [org.gradle.internal.resource.transfer.DefaultCacheAwareExternalResourceAccessor] Constructing external resource: https://dl.google.com/dl/android/maven2/com/google/jimfs/jimfs-parent/1.1/jimfs-parent-1.1.pom
2021-06-06T09:17:15.171-0500 [DEBUG] [org.gradle.internal.resource.transport.http.HttpResourceAccessor] Constructing external resource: https://dl.google.com/dl/android/maven2/com/google/jimfs/jimfs-parent/1.1/jimfs-parent-1.1.pom
2021-06-06T09:17:15.171-0500 [DEBUG] [org.gradle.internal.resource.transport.http.HttpClientHelper] Performing HTTP GET: https://dl.google.com/dl/android/maven2/com/google/jimfs/jimfs-parent/1.1/jimfs-parent-1.1.pom
2021-06-06T09:17:15.171-0500 [DEBUG] [org.apache.http.client.protocol.RequestAddCookies] CookieSpec selected: default
2021-06-06T09:17:15.172-0500 [DEBUG] [org.apache.http.client.protocol.RequestAuthCache] Auth cache not set in the context
2021-06-06T09:17:15.172-0500 [DEBUG] [org.apache.http.impl.conn.PoolingHttpClientConnectionManager] Connection request: [route: {s}->https://dl.google.com:443][total kept alive: 8; route allocated: 8 of 20; total allocated: 8 of 20]
2021-06-06T09:17:15.172-0500 [DEBUG] [org.apache.http.impl.conn.PoolingHttpClientConnectionManager] Connection leased: [id: 1][route: {s}->https://dl.google.com:443][total kept alive: 7; route allocated: 8 of 20; total allocated: 8 of 20]
2021-06-06T09:17:15.172-0500 [DEBUG] [org.apache.http.impl.conn.DefaultManagedHttpClientConnection] http-outgoing-1: set socket timeout to 30000
2021-06-06T09:17:15.172-0500 [DEBUG] [org.apache.http.impl.conn.DefaultManagedHttpClientConnection] http-outgoing-1: set socket timeout to 30000
2021-06-06T09:17:15.172-0500 [DEBUG] [org.apache.http.impl.execchain.MainClientExec] Executing request GET /dl/android/maven2/com/google/jimfs/jimfs-parent/1.1/jimfs-parent-1.1.pom HTTP/1.1
2021-06-06T09:17:15.172-0500 [DEBUG] [org.gradle.api.internal.artifacts.ivyservice.ivyresolve.RepositoryChainComponentMetaDataResolver] Attempting to resolve component for com.sun.activation:all:1.2.0 using repositories [Google, MavenRepo]
2021-06-06T09:17:15.172-0500 [DEBUG] [org.apache.http.impl.execchain.MainClientExec] Target auth state: UNCHALLENGED
2021-06-06T09:17:15.172-0500 [DEBUG] [org.apache.http.impl.execchain.MainClientExec] Proxy auth state: UNCHALLENGED
2021-06-06T09:17:15.172-0500 [DEBUG] [org.gradle.api.internal.artifacts.repositories.resolver.DefaultExternalResourceArtifactResolver] Loading https://dl.google.com/dl/android/maven2/com/sun/activation/all/1.2.0/all-1.2.0.pom
2021-06-06T09:17:15.173-0500 [DEBUG] [org.gradle.internal.resource.transfer.DefaultCacheAwareExternalResourceAccessor] Constructing external resource: https://dl.google.com/dl/android/maven2/com/sun/activation/all/1.2.0/all-1.2.0.pom
2021-06-06T09:17:15.174-0500 [DEBUG] [org.gradle.internal.resource.transport.http.HttpResourceAccessor] Constructing external resource: https://dl.google.com/dl/android/maven2/com/sun/activation/all/1.2.0/all-1.2.0.pom
2021-06-06T09:17:15.174-0500 [DEBUG] [org.gradle.internal.resource.transport.http.HttpClientHelper] Performing HTTP GET: https://dl.google.com/dl/android/maven2/com/sun/activation/all/1.2.0/all-1.2.0.pom
2021-06-06T09:17:15.175-0500 [DEBUG] [org.apache.http.client.protocol.RequestAddCookies] CookieSpec selected: default
2021-06-06T09:17:15.175-0500 [DEBUG] [org.apache.http.client.protocol.RequestAuthCache] Auth cache not set in the context
2021-06-06T09:17:15.175-0500 [DEBUG] [org.apache.http.impl.conn.PoolingHttpClientConnectionManager] Connection request: [route: {s}->https://dl.google.com:443][total kept alive: 7; route allocated: 8 of 20; total allocated: 8 of 20]
2021-06-06T09:17:15.175-0500 [DEBUG] [org.apache.http.impl.conn.PoolingHttpClientConnectionManager] Connection leased: [id: 3][route: {s}->https://dl.google.com:443][total kept alive: 6; route allocated: 8 of 20; total allocated: 8 of 20]
2021-06-06T09:17:15.175-0500 [DEBUG] [org.apache.http.impl.conn.DefaultManagedHttpClientConnection] http-outgoing-3: set socket timeout to 30000
2021-06-06T09:17:15.175-0500 [DEBUG] [org.apache.http.impl.conn.DefaultManagedHttpClientConnection] http-outgoing-3: set socket timeout to 30000
2021-06-06T09:17:15.175-0500 [DEBUG] [org.apache.http.impl.execchain.MainClientExec] Executing request GET /dl/android/maven2/com/sun/activation/all/1.2.0/all-1.2.0.pom HTTP/1.1
2021-06-06T09:17:15.175-0500 [DEBUG] [org.apache.http.impl.execchain.MainClientExec] Target auth state: UNCHALLENGED
2021-06-06T09:17:15.176-0500 [DEBUG] [org.apache.http.impl.execchain.MainClientExec] Proxy auth state: UNCHALLENGED
2021-06-06T09:17:15.211-0500 [DEBUG] [org.apache.http.impl.execchain.MainClientExec] Connection can be kept alive indefinitely
2021-06-06T09:17:15.211-0500 [DEBUG] [org.apache.http.impl.conn.PoolingHttpClientConnectionManager] Connection [id: 1][route: {s}->https://dl.google.com:443] can be kept alive indefinitely
2021-06-06T09:17:15.212-0500 [DEBUG] [org.apache.http.impl.conn.DefaultManagedHttpClientConnection] http-outgoing-1: set socket timeout to 0
2021-06-06T09:17:15.212-0500 [DEBUG] [org.apache.http.impl.conn.PoolingHttpClientConnectionManager] Connection released: [id: 1][route: {s}->https://dl.google.com:443][total kept alive: 7; route allocated: 8 of 20; total allocated: 8 of 20]
2021-06-06T09:17:15.212-0500 [INFO] [org.gradle.internal.resource.transport.http.HttpClientHelper] Resource missing. [HTTP GET: https://dl.google.com/dl/android/maven2/com/google/jimfs/jimfs-parent/1.1/jimfs-parent-1.1.pom]
2021-06-06T09:17:15.212-0500 [DEBUG] [org.gradle.internal.operations.DefaultBuildOperationRunner] Build operation 'Download https://dl.google.com/dl/android/maven2/com/google/jimfs/jimfs-parent/1.1/jimfs-parent-1.1.pom' completed
2021-06-06T09:17:15.212-0500 [DEBUG] [org.gradle.api.internal.artifacts.repositories.resolver.ExternalResourceResolver] No meta-data file or artifact found for module 'com.google.jimfs:jimfs-parent:1.1' in repository 'Google'.
2021-06-06T09:17:15.212-0500 [DEBUG] [org.gradle.api.internal.artifacts.ivyservice.modulecache.PersistentModuleMetadataCache] Recording absence of module descriptor in cache: com.google.jimfs:jimfs-parent:1.1 [changing = false]
2021-06-06T09:17:15.213-0500 [DEBUG] [org.gradle.api.internal.artifacts.repositories.resolver.DefaultExternalResourceArtifactResolver] Loading https://repo.maven.apache.org/maven2/com/google/jimfs/jimfs-parent/1.1/jimfs-parent-1.1.pom
2021-06-06T09:17:15.213-0500 [DEBUG] [org.gradle.internal.resource.transfer.DefaultCacheAwareExternalResourceAccessor] Constructing external resource: https://repo.maven.apache.org/maven2/com/google/jimfs/jimfs-parent/1.1/jimfs-parent-1.1.pom
2021-06-06T09:17:15.214-0500 [DEBUG] [org.gradle.internal.resource.transport.http.HttpResourceAccessor] Constructing external resource: https://repo.maven.apache.org/maven2/com/google/jimfs/jimfs-parent/1.1/jimfs-parent-1.1.pom
2021-06-06T09:17:15.214-0500 [DEBUG] [org.gradle.internal.resource.transport.http.HttpClientHelper] Performing HTTP GET: https://repo.maven.apache.org/maven2/com/google/jimfs/jimfs-parent/1.1/jimfs-parent-1.1.pom
2021-06-06T09:17:15.215-0500 [DEBUG] [org.apache.http.client.protocol.RequestAddCookies] CookieSpec selected: default
2021-06-06T09:17:15.215-0500 [DEBUG] [org.apache.http.client.protocol.RequestAuthCache] Auth cache not set in the context
2021-06-06T09:17:15.215-0500 [DEBUG] [org.apache.http.impl.conn.PoolingHttpClientConnectionManager] Connection request: [route: {s}->https://repo.maven.apache.org:443][total kept alive: 8; route allocated: 8 of 20; total allocated: 8 of 20]
2021-06-06T09:17:15.215-0500 [DEBUG] [org.apache.http.impl.conn.PoolingHttpClientConnectionManager] Connection leased: [id: 15][route: {s}->https://repo.maven.apache.org:443][total kept alive: 7; route allocated: 8 of 20; total allocated: 8 of 20]
2021-06-06T09:17:15.215-0500 [DEBUG] [org.apache.http.impl.conn.DefaultManagedHttpClientConnection] http-outgoing-15: set socket timeout to 30000
2021-06-06T09:17:15.215-0500 [DEBUG] [org.apache.http.impl.conn.DefaultManagedHttpClientConnection] http-outgoing-15: set socket timeout to 30000
2021-06-06T09:17:15.215-0500 [DEBUG] [org.apache.http.impl.execchain.MainClientExec] Executing request GET /maven2/com/google/jimfs/jimfs-parent/1.1/jimfs-parent-1.1.pom HTTP/1.1
2021-06-06T09:17:15.215-0500 [DEBUG] [org.apache.http.impl.execchain.MainClientExec] Target auth state: UNCHALLENGED
2021-06-06T09:17:15.215-0500 [DEBUG] [org.apache.http.impl.execchain.MainClientExec] Proxy auth state: UNCHALLENGED
2021-06-06T09:17:15.216-0500 [DEBUG] [org.apache.http.impl.execchain.MainClientExec] Connection can be kept alive indefinitely
2021-06-06T09:17:15.216-0500 [DEBUG] [org.apache.http.impl.conn.PoolingHttpClientConnectionManager] Connection [id: 3][route: {s}->https://dl.google.com:443] can be kept alive indefinitely
2021-06-06T09:17:15.216-0500 [DEBUG] [org.apache.http.impl.conn.DefaultManagedHttpClientConnection] http-outgoing-3: set socket timeout to 0
2021-06-06T09:17:15.217-0500 [DEBUG] [org.apache.http.impl.conn.PoolingHttpClientConnectionManager] Connection released: [id: 3][route: {s}->https://dl.google.com:443][total kept alive: 8; route allocated: 8 of 20; total allocated: 8 of 20]
2021-06-06T09:17:15.217-0500 [INFO] [org.gradle.internal.resource.transport.http.HttpClientHelper] Resource missing. [HTTP GET: https://dl.google.com/dl/android/maven2/com/sun/activation/all/1.2.0/all-1.2.0.pom]
2021-06-06T09:17:15.217-0500 [DEBUG] [org.gradle.internal.operations.DefaultBuildOperationRunner] Build operation 'Download https://dl.google.com/dl/android/maven2/com/sun/activation/all/1.2.0/all-1.2.0.pom' completed
2021-06-06T09:17:15.217-0500 [DEBUG] [org.gradle.api.internal.artifacts.repositories.resolver.ExternalResourceResolver] No meta-data file or artifact found for module 'com.sun.activation:all:1.2.0' in repository 'Google'.
2021-06-06T09:17:15.217-0500 [DEBUG] [org.gradle.api.internal.artifacts.ivyservice.modulecache.PersistentModuleMetadataCache] Recording absence of module descriptor in cache: com.sun.activation:all:1.2.0 [changing = false]
2021-06-06T09:17:15.218-0500 [DEBUG] [org.gradle.api.internal.artifacts.repositories.resolver.DefaultExternalResourceArtifactResolver] Loading https://repo.maven.apache.org/maven2/com/sun/activation/all/1.2.0/all-1.2.0.pom
2021-06-06T09:17:15.218-0500 [DEBUG] [org.gradle.internal.resource.transfer.DefaultCacheAwareExternalResourceAccessor] Constructing external resource: https://repo.maven.apache.org/maven2/com/sun/activation/all/1.2.0/all-1.2.0.pom
2021-06-06T09:17:15.219-0500 [DEBUG] [org.gradle.internal.resource.transport.http.HttpResourceAccessor] Constructing external resource: https://repo.maven.apache.org/maven2/com/sun/activation/all/1.2.0/all-1.2.0.pom
2021-06-06T09:17:15.219-0500 [DEBUG] [org.gradle.internal.resource.transport.http.HttpClientHelper] Performing HTTP GET: https://repo.maven.apache.org/maven2/com/sun/activation/all/1.2.0/all-1.2.0.pom
2021-06-06T09:17:15.220-0500 [DEBUG] [org.apache.http.client.protocol.RequestAddCookies] CookieSpec selected: default
2021-06-06T09:17:15.220-0500 [DEBUG] [org.apache.http.client.protocol.RequestAuthCache] Auth cache not set in the context
2021-06-06T09:17:15.220-0500 [DEBUG] [org.apache.http.impl.conn.PoolingHttpClientConnectionManager] Connection request: [route: {s}->https://repo.maven.apache.org:443][total kept alive: 7; route allocated: 8 of 20; total allocated: 8 of 20]
2021-06-06T09:17:15.220-0500 [DEBUG] [org.apache.http.impl.conn.PoolingHttpClientConnectionManager] Connection leased: [id: 12][route: {s}->https://repo.maven.apache.org:443][total kept alive: 6; route allocated: 8 of 20; total allocated: 8 of 20]
2021-06-06T09:17:15.220-0500 [DEBUG] [org.apache.http.impl.conn.DefaultManagedHttpClientConnection] http-outgoing-12: set socket timeout to 30000
2021-06-06T09:17:15.220-0500 [DEBUG] [org.apache.http.impl.conn.DefaultManagedHttpClientConnection] http-outgoing-12: set socket timeout to 30000
2021-06-06T09:17:15.220-0500 [DEBUG] [org.apache.http.impl.execchain.MainClientExec] Executing request GET /maven2/com/sun/activation/all/1.2.0/all-1.2.0.pom HTTP/1.1
2021-06-06T09:17:15.220-0500 [DEBUG] [org.apache.http.impl.execchain.MainClientExec] Target auth state: UNCHALLENGED
2021-06-06T09:17:15.220-0500 [DEBUG] [org.apache.http.impl.execchain.MainClientExec] Proxy auth state: UNCHALLENGED
2021-06-06T09:17:15.239-0500 [DEBUG] [org.apache.http.impl.execchain.MainClientExec] Connection can be kept alive indefinitely
2021-06-06T09:17:15.239-0500 [DEBUG] [org.apache.http.impl.execchain.MainClientExec] Connection can be kept alive indefinitely
2021-06-06T09:17:15.240-0500 [DEBUG] [org.gradle.internal.resource.transport.http.HttpResponseResource] Attempting to download resource https://repo.maven.apache.org/maven2/com/google/jimfs/jimfs-parent/1.1/jimfs-parent-1.1.pom.
2021-06-06T09:17:15.240-0500 [DEBUG] [org.gradle.internal.resource.transport.http.HttpResponseResource] Attempting to download resource https://repo.maven.apache.org/maven2/com/sun/activation/all/1.2.0/all-1.2.0.pom.
2021-06-06T09:17:15.241-0500 [INFO] [org.gradle.internal.resource.transfer.DefaultCacheAwareExternalResourceAccessor] Downloading https://repo.maven.apache.org/maven2/com/google/jimfs/jimfs-parent/1.1/jimfs-parent-1.1.pom to C:\Users\gathi\AppData\Local\Temp\gradle_download14807648367917779224bin
2021-06-06T09:17:15.242-0500 [INFO] [org.gradle.internal.resource.transfer.DefaultCacheAwareExternalResourceAccessor] Downloading https://repo.maven.apache.org/maven2/com/sun/activation/all/1.2.0/all-1.2.0.pom to C:\Users\gathi\AppData\Local\Temp\gradle_download18207609692794690103bin
2021-06-06T09:17:15.243-0500 [DEBUG] [org.apache.http.impl.conn.PoolingHttpClientConnectionManager] Connection [id: 15][route: {s}->https://repo.maven.apache.org:443] can be kept alive indefinitely
2021-06-06T09:17:15.243-0500 [DEBUG] [org.apache.http.impl.conn.DefaultManagedHttpClientConnection] http-outgoing-15: set socket timeout to 0
2021-06-06T09:17:15.244-0500 [DEBUG] [org.apache.http.impl.conn.PoolingHttpClientConnectionManager] Connection released: [id: 15][route: {s}->https://repo.maven.apache.org:443][total kept alive: 7; route allocated: 8 of 20; total allocated: 8 of 20]
2021-06-06T09:17:15.244-0500 [DEBUG] [org.gradle.internal.operations.DefaultBuildOperationRunner] Build operation 'Download https://repo.maven.apache.org/maven2/com/google/jimfs/jimfs-parent/1.1/jimfs-parent-1.1.pom' completed
2021-06-06T09:17:15.251-0500 [DEBUG] [org.apache.http.impl.conn.PoolingHttpClientConnectionManager] Connection [id: 12][route: {s}->https://repo.maven.apache.org:443] can be kept alive indefinitely
2021-06-06T09:17:15.251-0500 [DEBUG] [org.apache.http.impl.conn.DefaultManagedHttpClientConnection] http-outgoing-12: set socket timeout to 0
2021-06-06T09:17:15.251-0500 [DEBUG] [org.apache.http.impl.conn.PoolingHttpClientConnectionManager] Connection released: [id: 12][route: {s}->https://repo.maven.apache.org:443][total kept alive: 8; route allocated: 8 of 20; total allocated: 8 of 20]
2021-06-06T09:17:15.251-0500 [DEBUG] [org.gradle.internal.operations.DefaultBuildOperationRunner] Build operation 'Download https://repo.maven.apache.org/maven2/com/sun/activation/all/1.2.0/all-1.2.0.pom' completed
2021-06-06T09:17:15.254-0500 [DEBUG] [org.gradle.api.internal.artifacts.ivyservice.ivyresolve.RepositoryChainComponentMetaDataResolver] Attempting to resolve component for org.sonatype.oss:oss-parent:7 using repositories [Google, MavenRepo]
2021-06-06T09:17:15.254-0500 [DEBUG] [org.gradle.api.internal.artifacts.ivyservice.ivyresolve.CachingModuleComponentRepository] Detected non-existence of module 'org.sonatype.oss:oss-parent:7' in resolver cache 'Google'
2021-06-06T09:17:15.254-0500 [DEBUG] [org.gradle.api.internal.artifacts.ivyservice.ivyresolve.CachingModuleComponentRepository] Using cached module metadata for module 'org.sonatype.oss:oss-parent:7' in 'MavenRepo'
2021-06-06T09:17:15.254-0500 [DEBUG] [org.gradle.api.internal.artifacts.ivyservice.ivyresolve.RepositoryChainComponentMetaDataResolver] Using org.sonatype.oss:oss-parent:7 from Maven repository 'MavenRepo'
2021-06-06T09:17:15.255-0500 [DEBUG] [org.gradle.api.internal.artifacts.ivyservice.ivyresolve.CachingModuleComponentRepository] Found artifact 'oss-parent-7.pom (org.sonatype.oss:oss-parent:7)' in resolver cache: C:\Users\gathi\.gradle\caches\modules-2\files-2.1\org.sonatype.oss\oss-parent\7\46b8a785b60a2767095b8611613b58577e96d4c9\oss-parent-7.pom
2021-06-06T09:17:15.259-0500 [DEBUG] [org.gradle.api.internal.artifacts.repositories.resolver.ExternalResourceResolver] Metadata file found for module 'com.google.jimfs:jimfs-parent:1.1' in repository 'MavenRepo'.
2021-06-06T09:17:15.259-0500 [DEBUG] [org.gradle.api.internal.artifacts.ivyservice.modulecache.PersistentModuleMetadataCache] Recording module descriptor in cache: com.google.jimfs:jimfs-parent:1.1 [changing = false]
2021-06-06T09:17:15.261-0500 [DEBUG] [org.gradle.api.internal.artifacts.ivyservice.ivyresolve.RepositoryChainComponentMetaDataResolver] Attempting to resolve component for net.java:jvnet-parent:1 using repositories [Google, MavenRepo]
2021-06-06T09:17:15.265-0500 [DEBUG] [org.gradle.api.internal.artifacts.ivyservice.ivyresolve.RepositoryChainComponentMetaDataResolver] Using com.google.jimfs:jimfs-parent:1.1 from Maven repository 'MavenRepo'
2021-06-06T09:17:15.265-0500 [DEBUG] [org.gradle.api.internal.artifacts.repositories.resolver.DefaultExternalResourceArtifactResolver] Loading https://dl.google.com/dl/android/maven2/net/java/jvnet-parent/1/jvnet-parent-1.pom
2021-06-06T09:17:15.265-0500 [DEBUG] [org.gradle.internal.resource.transfer.DefaultCacheAwareExternalResourceAccessor] Constructing external resource: https://dl.google.com/dl/android/maven2/net/java/jvnet-parent/1/jvnet-parent-1.pom
2021-06-06T09:17:15.265-0500 [DEBUG] [org.gradle.api.internal.artifacts.repositories.resolver.DefaultExternalResourceArtifactResolver] Loading https://repo.maven.apache.org/maven2/com/google/jimfs/jimfs-parent/1.1/jimfs-parent-1.1.pom
2021-06-06T09:17:15.265-0500 [DEBUG] [org.gradle.internal.resource.transfer.DefaultCacheAwareExternalResourceAccessor] Constructing external resource: https://repo.maven.apache.org/maven2/com/google/jimfs/jimfs-parent/1.1/jimfs-parent-1.1.pom
2021-06-06T09:17:15.266-0500 [DEBUG] [org.gradle.api.internal.artifacts.ivyservice.ivyresolve.CachingModuleComponentRepository] Downloaded artifact 'jimfs-parent-1.1.pom (com.google.jimfs:jimfs-parent:1.1)' from resolver: MavenRepo
2021-06-06T09:17:15.267-0500 [DEBUG] [org.gradle.internal.resource.transport.http.HttpResourceAccessor] Constructing external resource: https://dl.google.com/dl/android/maven2/net/java/jvnet-parent/1/jvnet-parent-1.pom
2021-06-06T09:17:15.267-0500 [DEBUG] [org.gradle.internal.resource.transport.http.HttpClientHelper] Performing HTTP GET: https://dl.google.com/dl/android/maven2/net/java/jvnet-parent/1/jvnet-parent-1.pom
2021-06-06T09:17:15.267-0500 [DEBUG] [org.apache.http.client.protocol.RequestAddCookies] CookieSpec selected: default
2021-06-06T09:17:15.267-0500 [DEBUG] [org.apache.http.client.protocol.RequestAuthCache] Auth cache not set in the context
2021-06-06T09:17:15.268-0500 [DEBUG] [org.apache.http.impl.conn.PoolingHttpClientConnectionManager] Connection request: [route: {s}->https://dl.google.com:443][total kept alive: 8; route allocated: 8 of 20; total allocated: 8 of 20]
2021-06-06T09:17:15.268-0500 [DEBUG] [org.apache.http.impl.conn.PoolingHttpClientConnectionManager] Connection leased: [id: 3][route: {s}->https://dl.google.com:443][total kept alive: 7; route allocated: 8 of 20; total allocated: 8 of 20]
2021-06-06T09:17:15.268-0500 [DEBUG] [org.apache.http.impl.conn.DefaultManagedHttpClientConnection] http-outgoing-3: set socket timeout to 30000
2021-06-06T09:17:15.268-0500 [DEBUG] [org.apache.http.impl.conn.DefaultManagedHttpClientConnection] http-outgoing-3: set socket timeout to 30000
2021-06-06T09:17:15.268-0500 [DEBUG] [org.apache.http.impl.execchain.MainClientExec] Executing request GET /dl/android/maven2/net/java/jvnet-parent/1/jvnet-parent-1.pom HTTP/1.1
2021-06-06T09:17:15.268-0500 [DEBUG] [org.apache.http.impl.execchain.MainClientExec] Target auth state: UNCHALLENGED
2021-06-06T09:17:15.268-0500 [DEBUG] [org.apache.http.impl.execchain.MainClientExec] Proxy auth state: UNCHALLENGED
2021-06-06T09:17:15.274-0500 [DEBUG] [org.gradle.api.internal.artifacts.ivyservice.ivyresolve.RepositoryChainComponentMetaDataResolver] Attempting to resolve component for org.sonatype.oss:oss-parent:7 using repositories [Google, MavenRepo]
2021-06-06T09:17:15.275-0500 [DEBUG] [org.gradle.api.internal.artifacts.ivyservice.ivyresolve.CachingModuleComponentRepository] Detected non-existence of module 'org.sonatype.oss:oss-parent:7' in resolver cache 'Google'
2021-06-06T09:17:15.275-0500 [DEBUG] [org.gradle.api.internal.artifacts.ivyservice.ivyresolve.CachingModuleComponentRepository] Using cached module metadata for module 'org.sonatype.oss:oss-parent:7' in 'MavenRepo'
2021-06-06T09:17:15.275-0500 [DEBUG] [org.gradle.api.internal.artifacts.ivyservice.ivyresolve.RepositoryChainComponentMetaDataResolver] Using org.sonatype.oss:oss-parent:7 from Maven repository 'MavenRepo'
2021-06-06T09:17:15.275-0500 [DEBUG] [org.gradle.api.internal.artifacts.ivyservice.ivyresolve.CachingModuleComponentRepository] Found artifact 'oss-parent-7.pom (org.sonatype.oss:oss-parent:7)' in resolver cache: C:\Users\gathi\.gradle\caches\modules-2\files-2.1\org.sonatype.oss\oss-parent\7\46b8a785b60a2767095b8611613b58577e96d4c9\oss-parent-7.pom
2021-06-06T09:17:15.284-0500 [DEBUG] [org.gradle.api.internal.artifacts.repositories.resolver.ExternalResourceResolver] Metadata file found for module 'com.google.jimfs:jimfs:1.1' in repository 'MavenRepo'.
2021-06-06T09:17:15.284-0500 [DEBUG] [org.gradle.api.internal.artifacts.ivyservice.modulecache.PersistentModuleMetadataCache] Recording module descriptor in cache: com.google.jimfs:jimfs:1.1 [changing = false]
2021-06-06T09:17:15.289-0500 [DEBUG] [org.gradle.api.internal.artifacts.ivyservice.ivyresolve.RepositoryChainComponentMetaDataResolver] Using com.google.jimfs:jimfs:1.1 from Maven repository 'MavenRepo'
2021-06-06T09:17:15.306-0500 [DEBUG] [org.apache.http.impl.execchain.MainClientExec] Connection can be kept alive indefinitely
2021-06-06T09:17:15.307-0500 [DEBUG] [org.apache.http.impl.conn.PoolingHttpClientConnectionManager] Connection [id: 3][route: {s}->https://dl.google.com:443] can be kept alive indefinitely
2021-06-06T09:17:15.307-0500 [DEBUG] [org.apache.http.impl.conn.DefaultManagedHttpClientConnection] http-outgoing-3: set socket timeout to 0
2021-06-06T09:17:15.307-0500 [DEBUG] [org.apache.http.impl.conn.PoolingHttpClientConnectionManager] Connection released: [id: 3][route: {s}->https://dl.google.com:443][total kept alive: 8; route allocated: 8 of 20; total allocated: 8 of 20]
2021-06-06T09:17:15.307-0500 [INFO] [org.gradle.internal.resource.transport.http.HttpClientHelper] Resource missing. [HTTP GET: https://dl.google.com/dl/android/maven2/net/java/jvnet-parent/1/jvnet-parent-1.pom]
2021-06-06T09:17:15.307-0500 [DEBUG] [org.gradle.internal.operations.DefaultBuildOperationRunner] Build operation 'Download https://dl.google.com/dl/android/maven2/net/java/jvnet-parent/1/jvnet-parent-1.pom' completed
2021-06-06T09:17:15.307-0500 [DEBUG] [org.gradle.api.internal.artifacts.repositories.resolver.ExternalResourceResolver] No meta-data file or artifact found for module 'net.java:jvnet-parent:1' in repository 'Google'.
2021-06-06T09:17:15.307-0500 [DEBUG] [org.gradle.api.internal.artifacts.ivyservice.modulecache.PersistentModuleMetadataCache] Recording absence of module descriptor in cache: net.java:jvnet-parent:1 [changing = false]
2021-06-06T09:17:15.308-0500 [DEBUG] [org.gradle.api.internal.artifacts.repositories.resolver.DefaultExternalResourceArtifactResolver] Loading https://repo.maven.apache.org/maven2/net/java/jvnet-parent/1/jvnet-parent-1.pom
2021-06-06T09:17:15.308-0500 [DEBUG] [org.gradle.internal.resource.transfer.DefaultCacheAwareExternalResourceAccessor] Constructing external resource: https://repo.maven.apache.org/maven2/net/java/jvnet-parent/1/jvnet-parent-1.pom
2021-06-06T09:17:15.309-0500 [DEBUG] [org.gradle.internal.resource.transport.http.HttpResourceAccessor] Constructing external resource: https://repo.maven.apache.org/maven2/net/java/jvnet-parent/1/jvnet-parent-1.pom
2021-06-06T09:17:15.309-0500 [DEBUG] [org.gradle.internal.resource.transport.http.HttpClientHelper] Performing HTTP GET: https://repo.maven.apache.org/maven2/net/java/jvnet-parent/1/jvnet-parent-1.pom
2021-06-06T09:17:15.309-0500 [DEBUG] [org.apache.http.client.protocol.RequestAddCookies] CookieSpec selected: default
2021-06-06T09:17:15.309-0500 [DEBUG] [org.apache.http.client.protocol.RequestAuthCache] Auth cache not set in the context
2021-06-06T09:17:15.309-0500 [DEBUG] [org.apache.http.impl.conn.PoolingHttpClientConnectionManager] Connection request: [route: {s}->https://repo.maven.apache.org:443][total kept alive: 8; route allocated: 8 of 20; total allocated: 8 of 20]
2021-06-06T09:17:15.309-0500 [DEBUG] [org.apache.http.impl.conn.PoolingHttpClientConnectionManager] Connection leased: [id: 12][route: {s}->https://repo.maven.apache.org:443][total kept alive: 7; route allocated: 8 of 20; total allocated: 8 of 20]
2021-06-06T09:17:15.310-0500 [DEBUG] [org.apache.http.impl.conn.DefaultManagedHttpClientConnection] http-outgoing-12: set socket timeout to 30000
2021-06-06T09:17:15.310-0500 [DEBUG] [org.apache.http.impl.conn.DefaultManagedHttpClientConnection] http-outgoing-12: set socket timeout to 30000
2021-06-06T09:17:15.310-0500 [DEBUG] [org.apache.http.impl.execchain.MainClientExec] Executing request GET /maven2/net/java/jvnet-parent/1/jvnet-parent-1.pom HTTP/1.1
2021-06-06T09:17:15.310-0500 [DEBUG] [org.apache.http.impl.execchain.MainClientExec] Target auth state: UNCHALLENGED
2021-06-06T09:17:15.310-0500 [DEBUG] [org.apache.http.impl.execchain.MainClientExec] Proxy auth state: UNCHALLENGED
2021-06-06T09:17:15.326-0500 [DEBUG] [org.apache.http.impl.execchain.MainClientExec] Connection can be kept alive indefinitely
2021-06-06T09:17:15.326-0500 [DEBUG] [org.gradle.internal.resource.transport.http.HttpResponseResource] Attempting to download resource https://repo.maven.apache.org/maven2/net/java/jvnet-parent/1/jvnet-parent-1.pom.
2021-06-06T09:17:15.328-0500 [INFO] [org.gradle.internal.resource.transfer.DefaultCacheAwareExternalResourceAccessor] Downloading https://repo.maven.apache.org/maven2/net/java/jvnet-parent/1/jvnet-parent-1.pom to C:\Users\gathi\AppData\Local\Temp\gradle_download16857153418881669440bin
2021-06-06T09:17:15.329-0500 [DEBUG] [org.apache.http.impl.conn.PoolingHttpClientConnectionManager] Connection [id: 12][route: {s}->https://repo.maven.apache.org:443] can be kept alive indefinitely
2021-06-06T09:17:15.329-0500 [DEBUG] [org.apache.http.impl.conn.DefaultManagedHttpClientConnection] http-outgoing-12: set socket timeout to 0
2021-06-06T09:17:15.329-0500 [DEBUG] [org.apache.http.impl.conn.PoolingHttpClientConnectionManager] Connection released: [id: 12][route: {s}->https://repo.maven.apache.org:443][total kept alive: 8; route allocated: 8 of 20; total allocated: 8 of 20]
2021-06-06T09:17:15.329-0500 [DEBUG] [org.gradle.internal.operations.DefaultBuildOperationRunner] Build operation 'Download https://repo.maven.apache.org/maven2/net/java/jvnet-parent/1/jvnet-parent-1.pom' completed
2021-06-06T09:17:15.340-0500 [DEBUG] [org.gradle.api.internal.artifacts.repositories.resolver.ExternalResourceResolver] Metadata file found for module 'net.java:jvnet-parent:1' in repository 'MavenRepo'.
2021-06-06T09:17:15.340-0500 [DEBUG] [org.gradle.api.internal.artifacts.ivyservice.modulecache.PersistentModuleMetadataCache] Recording module descriptor in cache: net.java:jvnet-parent:1 [changing = false]
2021-06-06T09:17:15.344-0500 [DEBUG] [org.gradle.api.internal.artifacts.ivyservice.ivyresolve.RepositoryChainComponentMetaDataResolver] Using net.java:jvnet-parent:1 from Maven repository 'MavenRepo'
2021-06-06T09:17:15.345-0500 [DEBUG] [org.gradle.api.internal.artifacts.repositories.resolver.DefaultExternalResourceArtifactResolver] Loading https://repo.maven.apache.org/maven2/net/java/jvnet-parent/1/jvnet-parent-1.pom
2021-06-06T09:17:15.345-0500 [DEBUG] [org.gradle.internal.resource.transfer.DefaultCacheAwareExternalResourceAccessor] Constructing external resource: https://repo.maven.apache.org/maven2/net/java/jvnet-parent/1/jvnet-parent-1.pom
2021-06-06T09:17:15.345-0500 [DEBUG] [org.gradle.api.internal.artifacts.ivyservice.ivyresolve.CachingModuleComponentRepository] Downloaded artifact 'jvnet-parent-1.pom (net.java:jvnet-parent:1)' from resolver: MavenRepo
2021-06-06T09:17:15.351-0500 [DEBUG] [org.gradle.api.internal.artifacts.repositories.resolver.ExternalResourceResolver] Metadata file found for module 'com.sun.activation:all:1.2.0' in repository 'MavenRepo'.
2021-06-06T09:17:15.351-0500 [DEBUG] [org.gradle.api.internal.artifacts.ivyservice.modulecache.PersistentModuleMetadataCache] Recording module descriptor in cache: com.sun.activation:all:1.2.0 [changing = false]
2021-06-06T09:17:15.355-0500 [DEBUG] [org.gradle.api.internal.artifacts.ivyservice.ivyresolve.RepositoryChainComponentMetaDataResolver] Using com.sun.activation:all:1.2.0 from Maven repository 'MavenRepo'
2021-06-06T09:17:15.356-0500 [DEBUG] [org.gradle.api.internal.artifacts.repositories.resolver.DefaultExternalResourceArtifactResolver] Loading https://repo.maven.apache.org/maven2/com/sun/activation/all/1.2.0/all-1.2.0.pom
2021-06-06T09:17:15.356-0500 [DEBUG] [org.gradle.internal.resource.transfer.DefaultCacheAwareExternalResourceAccessor] Constructing external resource: https://repo.maven.apache.org/maven2/com/sun/activation/all/1.2.0/all-1.2.0.pom
2021-06-06T09:17:15.356-0500 [DEBUG] [org.gradle.api.internal.artifacts.ivyservice.ivyresolve.CachingModuleComponentRepository] Downloaded artifact 'all-1.2.0.pom (com.sun.activation:all:1.2.0)' from resolver: MavenRepo
2021-06-06T09:17:15.361-0500 [DEBUG] [org.gradle.api.internal.artifacts.ivyservice.ivyresolve.RepositoryChainComponentMetaDataResolver] Attempting to resolve component for net.java:jvnet-parent:1 using repositories [Google, MavenRepo]
2021-06-06T09:17:15.361-0500 [DEBUG] [org.gradle.api.internal.artifacts.ivyservice.ivyresolve.CachingModuleComponentRepository] Detected non-existence of module 'net.java:jvnet-parent:1' in resolver cache 'Google'
2021-06-06T09:17:15.361-0500 [DEBUG] [org.gradle.api.internal.artifacts.ivyservice.ivyresolve.CachingModuleComponentRepository] Using cached module metadata for module 'net.java:jvnet-parent:1' in 'MavenRepo'
2021-06-06T09:17:15.362-0500 [DEBUG] [org.gradle.api.internal.artifacts.ivyservice.ivyresolve.RepositoryChainComponentMetaDataResolver] Using net.java:jvnet-parent:1 from Maven repository 'MavenRepo'
2021-06-06T09:17:15.362-0500 [DEBUG] [org.gradle.api.internal.artifacts.ivyservice.ivyresolve.CachingModuleComponentRepository] Found artifact 'jvnet-parent-1.pom (net.java:jvnet-parent:1)' in resolver cache: C:\Users\gathi\.gradle\caches\modules-2\files-2.1\net.java\jvnet-parent\1\b55a1b046dbe82acdee8edde7476eebcba1e57d8\jvnet-parent-1.pom
2021-06-06T09:17:15.367-0500 [DEBUG] [org.gradle.api.internal.artifacts.repositories.resolver.ExternalResourceResolver] Metadata file found for module 'com.sun.activation:javax.activation:1.2.0' in repository 'MavenRepo'.
2021-06-06T09:17:15.367-0500 [DEBUG] [org.gradle.api.internal.artifacts.ivyservice.modulecache.PersistentModuleMetadataCache] Recording module descriptor in cache: com.sun.activation:javax.activation:1.2.0 [changing = false]
2021-06-06T09:17:15.372-0500 [DEBUG] [org.gradle.api.internal.artifacts.ivyservice.ivyresolve.RepositoryChainComponentMetaDataResolver] Using com.sun.activation:javax.activation:1.2.0 from Maven repository 'MavenRepo'
2021-06-06T09:17:15.372-0500 [DEBUG] [org.gradle.internal.operations.DefaultBuildOperationRunner] Build operation 'Resolve com.sun.activation:javax.activation:1.2.0' completed
2021-06-06T09:17:15.372-0500 [DEBUG] [org.gradle.internal.work.DefaultWorkerLeaseService] Worker lease root.1.90.91 completed (1 worker(s) in use)
2021-06-06T09:17:15.372-0500 [DEBUG] [org.gradle.internal.resources.AbstractTrackedResourceLock] Daemon worker: released lock on root.1.90.91
2021-06-06T09:17:15.374-0500 [DEBUG] [org.gradle.api.internal.artifacts.ivyservice.resolveengine.graph.builder.DependencyGraphBuilder] Visiting configuration com.google.code.gson:gson:2.8.6(runtime).
2021-06-06T09:17:15.374-0500 [DEBUG] [org.gradle.api.internal.artifacts.ivyservice.resolveengine.graph.builder.NodeState] Changed edges for com.google.code.gson:gson:2.8.6(runtime) selects same versions as previous traversal. ignoring
2021-06-06T09:17:15.374-0500 [DEBUG] [org.gradle.api.internal.artifacts.ivyservice.resolveengine.graph.builder.DependencyGraphBuilder] Visiting configuration org.apache.commons:commons-compress:1.12(runtime).
2021-06-06T09:17:15.374-0500 [DEBUG] [org.gradle.api.internal.artifacts.ivyservice.resolveengine.graph.builder.DependencyGraphBuilder] Visiting configuration com.android.tools:sdklib:27.2.1(runtimeElements).
2021-06-06T09:17:15.374-0500 [DEBUG] [org.gradle.api.internal.artifacts.ivyservice.resolveengine.graph.builder.NodeState] Changed edges for com.android.tools:sdklib:27.2.1(runtimeElements) selects same versions as previous traversal. ignoring
2021-06-06T09:17:15.374-0500 [DEBUG] [org.gradle.api.internal.artifacts.ivyservice.resolveengine.graph.builder.DependencyGraphBuilder] Visiting configuration com.android.tools.build:builder-test-api:4.2.1(runtimeElements).
2021-06-06T09:17:15.374-0500 [DEBUG] [org.gradle.api.internal.artifacts.ivyservice.resolveengine.graph.builder.NodeState] Changed edges for com.android.tools.build:builder-test-api:4.2.1(runtimeElements) selects same versions as previous traversal. ignoring
2021-06-06T09:17:15.375-0500 [DEBUG] [org.gradle.api.internal.artifacts.ivyservice.resolveengine.graph.builder.DependencyGraphBuilder] Visiting configuration com.android.tools.build:builder-model:4.2.1(runtimeElements).
2021-06-06T09:17:15.375-0500 [DEBUG] [org.gradle.api.internal.artifacts.ivyservice.resolveengine.graph.builder.NodeState] Changed edges for com.android.tools.build:builder-model:4.2.1(runtimeElements) selects same versions as previous traversal. ignoring
2021-06-06T09:17:15.375-0500 [DEBUG] [org.gradle.api.internal.artifacts.ivyservice.resolveengine.graph.builder.DependencyGraphBuilder] Visiting configuration com.android.tools.analytics-library:shared:27.2.1(runtimeElements).
2021-06-06T09:17:15.376-0500 [DEBUG] [org.gradle.api.internal.artifacts.ivyservice.ivyresolve.RepositoryChainComponentMetaDataResolver] Attempting to resolve component for net.java.dev.jna:jna-platform:5.6.0 using repositories [Google, MavenRepo]
2021-06-06T09:17:15.376-0500 [DEBUG] [org.gradle.api.internal.artifacts.repositories.resolver.DefaultExternalResourceArtifactResolver] Loading https://dl.google.com/dl/android/maven2/net/java/dev/jna/jna-platform/5.6.0/jna-platform-5.6.0.pom
2021-06-06T09:17:15.376-0500 [DEBUG] [org.gradle.internal.resource.transfer.DefaultCacheAwareExternalResourceAccessor] Constructing external resource: https://dl.google.com/dl/android/maven2/net/java/dev/jna/jna-platform/5.6.0/jna-platform-5.6.0.pom
2021-06-06T09:17:15.379-0500 [DEBUG] [org.gradle.internal.resource.transport.http.HttpResourceAccessor] Constructing external resource: https://dl.google.com/dl/android/maven2/net/java/dev/jna/jna-platform/5.6.0/jna-platform-5.6.0.pom
2021-06-06T09:17:15.379-0500 [DEBUG] [org.gradle.internal.resource.transport.http.HttpClientHelper] Performing HTTP GET: https://dl.google.com/dl/android/maven2/net/java/dev/jna/jna-platform/5.6.0/jna-platform-5.6.0.pom
2021-06-06T09:17:15.379-0500 [DEBUG] [org.apache.http.client.protocol.RequestAddCookies] CookieSpec selected: default
2021-06-06T09:17:15.380-0500 [DEBUG] [org.apache.http.client.protocol.RequestAuthCache] Auth cache not set in the context
2021-06-06T09:17:15.380-0500 [DEBUG] [org.apache.http.impl.conn.PoolingHttpClientConnectionManager] Connection request: [route: {s}->https://dl.google.com:443][total kept alive: 8; route allocated: 8 of 20; total allocated: 8 of 20]
2021-06-06T09:17:15.380-0500 [DEBUG] [org.apache.http.impl.conn.PoolingHttpClientConnectionManager] Connection leased: [id: 3][route: {s}->https://dl.google.com:443][total kept alive: 7; route allocated: 8 of 20; total allocated: 8 of 20]
2021-06-06T09:17:15.380-0500 [DEBUG] [org.apache.http.impl.conn.DefaultManagedHttpClientConnection] http-outgoing-3: set socket timeout to 30000
2021-06-06T09:17:15.380-0500 [DEBUG] [org.apache.http.impl.conn.DefaultManagedHttpClientConnection] http-outgoing-3: set socket timeout to 30000
2021-06-06T09:17:15.380-0500 [DEBUG] [org.apache.http.impl.execchain.MainClientExec] Executing request GET /dl/android/maven2/net/java/dev/jna/jna-platform/5.6.0/jna-platform-5.6.0.pom HTTP/1.1
2021-06-06T09:17:15.380-0500 [DEBUG] [org.apache.http.impl.execchain.MainClientExec] Target auth state: UNCHALLENGED
2021-06-06T09:17:15.380-0500 [DEBUG] [org.apache.http.impl.execchain.MainClientExec] Proxy auth state: UNCHALLENGED
2021-06-06T09:17:15.419-0500 [DEBUG] [org.apache.http.impl.execchain.MainClientExec] Connection can be kept alive indefinitely
2021-06-06T09:17:15.419-0500 [DEBUG] [org.apache.http.impl.conn.PoolingHttpClientConnectionManager] Connection [id: 3][route: {s}->https://dl.google.com:443] can be kept alive indefinitely
2021-06-06T09:17:15.419-0500 [DEBUG] [org.apache.http.impl.conn.DefaultManagedHttpClientConnection] http-outgoing-3: set socket timeout to 0
2021-06-06T09:17:15.420-0500 [DEBUG] [org.apache.http.impl.conn.PoolingHttpClientConnectionManager] Connection released: [id: 3][route: {s}->https://dl.google.com:443][total kept alive: 8; route allocated: 8 of 20; total allocated: 8 of 20]
2021-06-06T09:17:15.420-0500 [INFO] [org.gradle.internal.resource.transport.http.HttpClientHelper] Resource missing. [HTTP GET: https://dl.google.com/dl/android/maven2/net/java/dev/jna/jna-platform/5.6.0/jna-platform-5.6.0.pom]
2021-06-06T09:17:15.420-0500 [DEBUG] [org.gradle.internal.operations.DefaultBuildOperationRunner] Build operation 'Download https://dl.google.com/dl/android/maven2/net/java/dev/jna/jna-platform/5.6.0/jna-platform-5.6.0.pom' completed
2021-06-06T09:17:15.420-0500 [DEBUG] [org.gradle.api.internal.artifacts.repositories.resolver.ExternalResourceResolver] No meta-data file or artifact found for module 'net.java.dev.jna:jna-platform:5.6.0' in repository 'Google'.
2021-06-06T09:17:15.420-0500 [DEBUG] [org.gradle.api.internal.artifacts.ivyservice.modulecache.PersistentModuleMetadataCache] Recording absence of module descriptor in cache: net.java.dev.jna:jna-platform:5.6.0 [changing = false]
2021-06-06T09:17:15.421-0500 [DEBUG] [org.gradle.api.internal.artifacts.repositories.resolver.DefaultExternalResourceArtifactResolver] Loading https://repo.maven.apache.org/maven2/net/java/dev/jna/jna-platform/5.6.0/jna-platform-5.6.0.pom
2021-06-06T09:17:15.421-0500 [DEBUG] [org.gradle.internal.resource.transfer.DefaultCacheAwareExternalResourceAccessor] Constructing external resource: https://repo.maven.apache.org/maven2/net/java/dev/jna/jna-platform/5.6.0/jna-platform-5.6.0.pom
2021-06-06T09:17:15.422-0500 [DEBUG] [org.gradle.internal.resource.transport.http.HttpResourceAccessor] Constructing external resource: https://repo.maven.apache.org/maven2/net/java/dev/jna/jna-platform/5.6.0/jna-platform-5.6.0.pom
2021-06-06T09:17:15.422-0500 [DEBUG] [org.gradle.internal.resource.transport.http.HttpClientHelper] Performing HTTP GET: https://repo.maven.apache.org/maven2/net/java/dev/jna/jna-platform/5.6.0/jna-platform-5.6.0.pom
2021-06-06T09:17:15.423-0500 [DEBUG] [org.apache.http.client.protocol.RequestAddCookies] CookieSpec selected: default
2021-06-06T09:17:15.423-0500 [DEBUG] [org.apache.http.client.protocol.RequestAuthCache] Auth cache not set in the context
2021-06-06T09:17:15.423-0500 [DEBUG] [org.apache.http.impl.conn.PoolingHttpClientConnectionManager] Connection request: [route: {s}->https://repo.maven.apache.org:443][total kept alive: 8; route allocated: 8 of 20; total allocated: 8 of 20]
2021-06-06T09:17:15.423-0500 [DEBUG] [org.apache.http.impl.conn.PoolingHttpClientConnectionManager] Connection leased: [id: 12][route: {s}->https://repo.maven.apache.org:443][total kept alive: 7; route allocated: 8 of 20; total allocated: 8 of 20]
2021-06-06T09:17:15.423-0500 [DEBUG] [org.apache.http.impl.conn.DefaultManagedHttpClientConnection] http-outgoing-12: set socket timeout to 30000
2021-06-06T09:17:15.423-0500 [DEBUG] [org.apache.http.impl.conn.DefaultManagedHttpClientConnection] http-outgoing-12: set socket timeout to 30000
2021-06-06T09:17:15.423-0500 [DEBUG] [org.apache.http.impl.execchain.MainClientExec] Executing request GET /maven2/net/java/dev/jna/jna-platform/5.6.0/jna-platform-5.6.0.pom HTTP/1.1
2021-06-06T09:17:15.423-0500 [DEBUG] [org.apache.http.impl.execchain.MainClientExec] Target auth state: UNCHALLENGED
2021-06-06T09:17:15.424-0500 [DEBUG] [org.apache.http.impl.execchain.MainClientExec] Proxy auth state: UNCHALLENGED
2021-06-06T09:17:15.458-0500 [DEBUG] [org.apache.http.impl.execchain.MainClientExec] Connection can be kept alive indefinitely
2021-06-06T09:17:15.458-0500 [DEBUG] [org.gradle.internal.resource.transport.http.HttpResponseResource] Attempting to download resource https://repo.maven.apache.org/maven2/net/java/dev/jna/jna-platform/5.6.0/jna-platform-5.6.0.pom.
2021-06-06T09:17:15.460-0500 [INFO] [org.gradle.internal.resource.transfer.DefaultCacheAwareExternalResourceAccessor] Downloading https://repo.maven.apache.org/maven2/net/java/dev/jna/jna-platform/5.6.0/jna-platform-5.6.0.pom to C:\Users\gathi\AppData\Local\Temp\gradle_download14673655087831039920bin
2021-06-06T09:17:15.461-0500 [DEBUG] [org.apache.http.impl.conn.PoolingHttpClientConnectionManager] Connection [id: 12][route: {s}->https://repo.maven.apache.org:443] can be kept alive indefinitely
2021-06-06T09:17:15.461-0500 [DEBUG] [org.apache.http.impl.conn.DefaultManagedHttpClientConnection] http-outgoing-12: set socket timeout to 0
2021-06-06T09:17:15.461-0500 [DEBUG] [org.apache.http.impl.conn.PoolingHttpClientConnectionManager] Connection released: [id: 12][route: {s}->https://repo.maven.apache.org:443][total kept alive: 8; route allocated: 8 of 20; total allocated: 8 of 20]
2021-06-06T09:17:15.461-0500 [DEBUG] [org.gradle.internal.operations.DefaultBuildOperationRunner] Build operation 'Download https://repo.maven.apache.org/maven2/net/java/dev/jna/jna-platform/5.6.0/jna-platform-5.6.0.pom' completed
2021-06-06T09:17:15.471-0500 [DEBUG] [org.gradle.api.internal.artifacts.repositories.resolver.ExternalResourceResolver] Metadata file found for module 'net.java.dev.jna:jna-platform:5.6.0' in repository 'MavenRepo'.
2021-06-06T09:17:15.471-0500 [DEBUG] [org.gradle.api.internal.artifacts.ivyservice.modulecache.PersistentModuleMetadataCache] Recording module descriptor in cache: net.java.dev.jna:jna-platform:5.6.0 [changing = false]
2021-06-06T09:17:15.476-0500 [DEBUG] [org.gradle.api.internal.artifacts.ivyservice.ivyresolve.RepositoryChainComponentMetaDataResolver] Using net.java.dev.jna:jna-platform:5.6.0 from Maven repository 'MavenRepo'
2021-06-06T09:17:15.476-0500 [DEBUG] [org.gradle.api.internal.artifacts.ivyservice.resolveengine.graph.builder.DependencyGraphBuilder] Visiting configuration org.jetbrains.kotlin:kotlin-reflect:1.4.32(runtime).
2021-06-06T09:17:15.477-0500 [DEBUG] [org.gradle.api.internal.artifacts.ivyservice.resolveengine.graph.builder.NodeState] Changed edges for org.jetbrains.kotlin:kotlin-reflect:1.4.32(runtime) selects same versions as previous traversal. ignoring
2021-06-06T09:17:15.477-0500 [DEBUG] [org.gradle.api.internal.artifacts.ivyservice.resolveengine.graph.builder.DependencyGraphBuilder] Visiting configuration xerces:xercesImpl:2.12.0(runtime).
2021-06-06T09:17:15.477-0500 [DEBUG] [org.gradle.api.internal.artifacts.ivyservice.ivyresolve.RepositoryChainComponentMetaDataResolver] Attempting to resolve component for xml-apis:xml-apis:1.4.01 using repositories [Google, MavenRepo]
2021-06-06T09:17:15.477-0500 [DEBUG] [org.gradle.api.internal.artifacts.repositories.resolver.DefaultExternalResourceArtifactResolver] Loading https://dl.google.com/dl/android/maven2/xml-apis/xml-apis/1.4.01/xml-apis-1.4.01.pom
2021-06-06T09:17:15.477-0500 [DEBUG] [org.gradle.internal.resource.transfer.DefaultCacheAwareExternalResourceAccessor] Constructing external resource: https://dl.google.com/dl/android/maven2/xml-apis/xml-apis/1.4.01/xml-apis-1.4.01.pom
2021-06-06T09:17:15.479-0500 [DEBUG] [org.gradle.internal.resource.transport.http.HttpResourceAccessor] Constructing external resource: https://dl.google.com/dl/android/maven2/xml-apis/xml-apis/1.4.01/xml-apis-1.4.01.pom
2021-06-06T09:17:15.479-0500 [DEBUG] [org.gradle.internal.resource.transport.http.HttpClientHelper] Performing HTTP GET: https://dl.google.com/dl/android/maven2/xml-apis/xml-apis/1.4.01/xml-apis-1.4.01.pom
2021-06-06T09:17:15.479-0500 [DEBUG] [org.apache.http.client.protocol.RequestAddCookies] CookieSpec selected: default
2021-06-06T09:17:15.479-0500 [DEBUG] [org.apache.http.client.protocol.RequestAuthCache] Auth cache not set in the context
2021-06-06T09:17:15.479-0500 [DEBUG] [org.apache.http.impl.conn.PoolingHttpClientConnectionManager] Connection request: [route: {s}->https://dl.google.com:443][total kept alive: 8; route allocated: 8 of 20; total allocated: 8 of 20]
2021-06-06T09:17:15.479-0500 [DEBUG] [org.apache.http.impl.conn.PoolingHttpClientConnectionManager] Connection leased: [id: 3][route: {s}->https://dl.google.com:443][total kept alive: 7; route allocated: 8 of 20; total allocated: 8 of 20]
2021-06-06T09:17:15.479-0500 [DEBUG] [org.apache.http.impl.conn.DefaultManagedHttpClientConnection] http-outgoing-3: set socket timeout to 30000
2021-06-06T09:17:15.479-0500 [DEBUG] [org.apache.http.impl.conn.DefaultManagedHttpClientConnection] http-outgoing-3: set socket timeout to 30000
2021-06-06T09:17:15.479-0500 [DEBUG] [org.apache.http.impl.execchain.MainClientExec] Executing request GET /dl/android/maven2/xml-apis/xml-apis/1.4.01/xml-apis-1.4.01.pom HTTP/1.1
2021-06-06T09:17:15.480-0500 [DEBUG] [org.apache.http.impl.execchain.MainClientExec] Target auth state: UNCHALLENGED
2021-06-06T09:17:15.480-0500 [DEBUG] [org.apache.http.impl.execchain.MainClientExec] Proxy auth state: UNCHALLENGED
2021-06-06T09:17:15.518-0500 [DEBUG] [org.apache.http.impl.execchain.MainClientExec] Connection can be kept alive indefinitely
2021-06-06T09:17:15.518-0500 [DEBUG] [org.apache.http.impl.conn.PoolingHttpClientConnectionManager] Connection [id: 3][route: {s}->https://dl.google.com:443] can be kept alive indefinitely
2021-06-06T09:17:15.518-0500 [DEBUG] [org.apache.http.impl.conn.DefaultManagedHttpClientConnection] http-outgoing-3: set socket timeout to 0
2021-06-06T09:17:15.518-0500 [DEBUG] [org.apache.http.impl.conn.PoolingHttpClientConnectionManager] Connection released: [id: 3][route: {s}->https://dl.google.com:443][total kept alive: 8; route allocated: 8 of 20; total allocated: 8 of 20]
2021-06-06T09:17:15.518-0500 [INFO] [org.gradle.internal.resource.transport.http.HttpClientHelper] Resource missing. [HTTP GET: https://dl.google.com/dl/android/maven2/xml-apis/xml-apis/1.4.01/xml-apis-1.4.01.pom]
2021-06-06T09:17:15.518-0500 [DEBUG] [org.gradle.internal.operations.DefaultBuildOperationRunner] Build operation 'Download https://dl.google.com/dl/android/maven2/xml-apis/xml-apis/1.4.01/xml-apis-1.4.01.pom' completed
2021-06-06T09:17:15.518-0500 [DEBUG] [org.gradle.api.internal.artifacts.repositories.resolver.ExternalResourceResolver] No meta-data file or artifact found for module 'xml-apis:xml-apis:1.4.01' in repository 'Google'.
2021-06-06T09:17:15.518-0500 [DEBUG] [org.gradle.api.internal.artifacts.ivyservice.modulecache.PersistentModuleMetadataCache] Recording absence of module descriptor in cache: xml-apis:xml-apis:1.4.01 [changing = false]
2021-06-06T09:17:15.519-0500 [DEBUG] [org.gradle.api.internal.artifacts.repositories.resolver.DefaultExternalResourceArtifactResolver] Loading https://repo.maven.apache.org/maven2/xml-apis/xml-apis/1.4.01/xml-apis-1.4.01.pom
2021-06-06T09:17:15.519-0500 [DEBUG] [org.gradle.internal.resource.transfer.DefaultCacheAwareExternalResourceAccessor] Constructing external resource: https://repo.maven.apache.org/maven2/xml-apis/xml-apis/1.4.01/xml-apis-1.4.01.pom
2021-06-06T09:17:15.519-0500 [DEBUG] [org.gradle.internal.resource.transport.http.HttpResourceAccessor] Constructing external resource: https://repo.maven.apache.org/maven2/xml-apis/xml-apis/1.4.01/xml-apis-1.4.01.pom
2021-06-06T09:17:15.519-0500 [DEBUG] [org.gradle.internal.resource.transport.http.HttpClientHelper] Performing HTTP GET: https://repo.maven.apache.org/maven2/xml-apis/xml-apis/1.4.01/xml-apis-1.4.01.pom
2021-06-06T09:17:15.520-0500 [DEBUG] [org.apache.http.client.protocol.RequestAddCookies] CookieSpec selected: default
2021-06-06T09:17:15.520-0500 [DEBUG] [org.apache.http.client.protocol.RequestAuthCache] Auth cache not set in the context
2021-06-06T09:17:15.520-0500 [DEBUG] [org.apache.http.impl.conn.PoolingHttpClientConnectionManager] Connection request: [route: {s}->https://repo.maven.apache.org:443][total kept alive: 8; route allocated: 8 of 20; total allocated: 8 of 20]
2021-06-06T09:17:15.520-0500 [DEBUG] [org.apache.http.impl.conn.PoolingHttpClientConnectionManager] Connection leased: [id: 12][route: {s}->https://repo.maven.apache.org:443][total kept alive: 7; route allocated: 8 of 20; total allocated: 8 of 20]
2021-06-06T09:17:15.520-0500 [DEBUG] [org.apache.http.impl.conn.DefaultManagedHttpClientConnection] http-outgoing-12: set socket timeout to 30000
2021-06-06T09:17:15.520-0500 [DEBUG] [org.apache.http.impl.conn.DefaultManagedHttpClientConnection] http-outgoing-12: set socket timeout to 30000
2021-06-06T09:17:15.520-0500 [DEBUG] [org.apache.http.impl.execchain.MainClientExec] Executing request GET /maven2/xml-apis/xml-apis/1.4.01/xml-apis-1.4.01.pom HTTP/1.1
2021-06-06T09:17:15.520-0500 [DEBUG] [org.apache.http.impl.execchain.MainClientExec] Target auth state: UNCHALLENGED
2021-06-06T09:17:15.520-0500 [DEBUG] [org.apache.http.impl.execchain.MainClientExec] Proxy auth state: UNCHALLENGED
2021-06-06T09:17:15.539-0500 [DEBUG] [org.apache.http.impl.execchain.MainClientExec] Connection can be kept alive indefinitely
2021-06-06T09:17:15.539-0500 [DEBUG] [org.gradle.internal.resource.transport.http.HttpResponseResource] Attempting to download resource https://repo.maven.apache.org/maven2/xml-apis/xml-apis/1.4.01/xml-apis-1.4.01.pom.
2021-06-06T09:17:15.540-0500 [INFO] [org.gradle.internal.resource.transfer.DefaultCacheAwareExternalResourceAccessor] Downloading https://repo.maven.apache.org/maven2/xml-apis/xml-apis/1.4.01/xml-apis-1.4.01.pom to C:\Users\gathi\AppData\Local\Temp\gradle_download13646295721216262363bin
2021-06-06T09:17:15.541-0500 [DEBUG] [org.apache.http.impl.conn.PoolingHttpClientConnectionManager] Connection [id: 12][route: {s}->https://repo.maven.apache.org:443] can be kept alive indefinitely
2021-06-06T09:17:15.541-0500 [DEBUG] [org.apache.http.impl.conn.DefaultManagedHttpClientConnection] http-outgoing-12: set socket timeout to 0
2021-06-06T09:17:15.541-0500 [DEBUG] [org.apache.http.impl.conn.PoolingHttpClientConnectionManager] Connection released: [id: 12][route: {s}->https://repo.maven.apache.org:443][total kept alive: 8; route allocated: 8 of 20; total allocated: 8 of 20]
2021-06-06T09:17:15.542-0500 [DEBUG] [org.gradle.internal.operations.DefaultBuildOperationRunner] Build operation 'Download https://repo.maven.apache.org/maven2/xml-apis/xml-apis/1.4.01/xml-apis-1.4.01.pom' completed
2021-06-06T09:17:15.550-0500 [DEBUG] [org.gradle.api.internal.artifacts.repositories.resolver.ExternalResourceResolver] Metadata file found for module 'xml-apis:xml-apis:1.4.01' in repository 'MavenRepo'.
2021-06-06T09:17:15.550-0500 [DEBUG] [org.gradle.api.internal.artifacts.ivyservice.modulecache.PersistentModuleMetadataCache] Recording module descriptor in cache: xml-apis:xml-apis:1.4.01 [changing = false]
2021-06-06T09:17:15.554-0500 [DEBUG] [org.gradle.api.internal.artifacts.ivyservice.ivyresolve.RepositoryChainComponentMetaDataResolver] Using xml-apis:xml-apis:1.4.01 from Maven repository 'MavenRepo'
2021-06-06T09:17:15.554-0500 [DEBUG] [org.gradle.api.internal.artifacts.ivyservice.resolveengine.graph.builder.DependencyGraphBuilder] Visiting configuration com.android.tools:common:27.2.1(runtimeElements).
2021-06-06T09:17:15.555-0500 [DEBUG] [org.gradle.api.internal.artifacts.ivyservice.resolveengine.graph.builder.NodeState] Changed edges for com.android.tools:common:27.2.1(runtimeElements) selects same versions as previous traversal. ignoring
2021-06-06T09:17:15.555-0500 [DEBUG] [org.gradle.api.internal.artifacts.ivyservice.resolveengine.graph.builder.DependencyGraphBuilder] Visiting configuration com.android.tools:sdk-common:27.2.1(runtimeElements).
2021-06-06T09:17:15.555-0500 [DEBUG] [org.gradle.api.internal.artifacts.ivyservice.resolveengine.graph.builder.NodeState] Changed edges for com.android.tools:sdk-common:27.2.1(runtimeElements) selects same versions as previous traversal. ignoring
2021-06-06T09:17:15.555-0500 [DEBUG] [org.gradle.api.internal.artifacts.ivyservice.resolveengine.graph.builder.DependencyGraphBuilder] Visiting configuration net.sf.kxml:kxml2:2.3.0(runtime).
2021-06-06T09:17:15.555-0500 [DEBUG] [org.gradle.api.internal.artifacts.ivyservice.resolveengine.graph.builder.DependencyGraphBuilder] Visiting configuration com.android:zipflinger:4.2.1(runtimeElements).
2021-06-06T09:17:15.555-0500 [DEBUG] [org.gradle.api.internal.artifacts.ivyservice.resolveengine.graph.builder.NodeState] Changed edges for com.android:zipflinger:4.2.1(runtimeElements) selects same versions as previous traversal. ignoring
2021-06-06T09:17:15.555-0500 [DEBUG] [org.gradle.api.internal.artifacts.ivyservice.resolveengine.graph.builder.DependencyGraphBuilder] Visiting configuration com.android.tools.analytics-library:protos:27.2.1(runtimeElements).
2021-06-06T09:17:15.555-0500 [DEBUG] [org.gradle.api.internal.artifacts.ivyservice.resolveengine.graph.builder.NodeState] Changed edges for com.android.tools.analytics-library:protos:27.2.1(runtimeElements) selects same versions as previous traversal. ignoring
2021-06-06T09:17:15.555-0500 [DEBUG] [org.gradle.api.internal.artifacts.ivyservice.resolveengine.graph.builder.DependencyGraphBuilder] Visiting configuration com.google.code.findbugs:jsr305:1.3.9(runtime).
2021-06-06T09:17:15.555-0500 [DEBUG] [org.gradle.api.internal.artifacts.ivyservice.resolveengine.graph.builder.NodeState] version for com.google.code.findbugs:jsr305:1.3.9(runtime) is not selected. ignoring.
2021-06-06T09:17:15.556-0500 [DEBUG] [org.gradle.api.internal.artifacts.ivyservice.resolveengine.graph.builder.DependencyGraphBuilder] Visiting configuration com.android.tools.build:apksig:4.2.1(runtimeElements).
2021-06-06T09:17:15.556-0500 [DEBUG] [org.gradle.api.internal.artifacts.ivyservice.resolveengine.graph.builder.NodeState] Changed edges for com.android.tools.build:apksig:4.2.1(runtimeElements) selects same versions as previous traversal. ignoring
2021-06-06T09:17:15.556-0500 [DEBUG] [org.gradle.api.internal.artifacts.ivyservice.resolveengine.graph.builder.DependencyGraphBuilder] Visiting configuration com.google.code.findbugs:jsr305:3.0.2(runtime).
2021-06-06T09:17:15.556-0500 [DEBUG] [org.gradle.api.internal.artifacts.ivyservice.resolveengine.graph.builder.DependencyGraphBuilder] Visiting configuration org.checkerframework:checker-qual:2.8.1(runtime).
2021-06-06T09:17:15.556-0500 [DEBUG] [org.gradle.api.internal.artifacts.ivyservice.resolveengine.graph.builder.DependencyGraphBuilder] Visiting configuration com.google.guava:failureaccess:1.0.1(runtime).
2021-06-06T09:17:15.556-0500 [DEBUG] [org.gradle.api.internal.artifacts.ivyservice.resolveengine.graph.builder.DependencyGraphBuilder] Visiting configuration com.google.guava:listenablefuture:9999.0-empty-to-avoid-conflict-with-guava(runtime).
2021-06-06T09:17:15.557-0500 [DEBUG] [org.gradle.api.internal.artifacts.ivyservice.resolveengine.graph.builder.DependencyGraphBuilder] Visiting configuration com.google.j2objc:j2objc-annotations:1.3(runtime).
2021-06-06T09:17:15.557-0500 [DEBUG] [org.gradle.api.internal.artifacts.ivyservice.resolveengine.graph.builder.DependencyGraphBuilder] Visiting configuration org.codehaus.mojo:animal-sniffer-annotations:1.18(runtime).
2021-06-06T09:17:15.557-0500 [DEBUG] [org.gradle.api.internal.artifacts.ivyservice.resolveengine.graph.builder.DependencyGraphBuilder] Visiting configuration org.apache.httpcomponents:httpcore:4.4.10(runtime).
2021-06-06T09:17:15.557-0500 [DEBUG] [org.gradle.api.internal.artifacts.ivyservice.resolveengine.graph.builder.NodeState] Changed edges for org.apache.httpcomponents:httpcore:4.4.10(runtime) selects same versions as previous traversal. ignoring
2021-06-06T09:17:15.557-0500 [DEBUG] [org.gradle.api.internal.artifacts.ivyservice.resolveengine.graph.builder.DependencyGraphBuilder] Visiting configuration commons-logging:commons-logging:1.2(runtime).
2021-06-06T09:17:15.557-0500 [DEBUG] [org.gradle.api.internal.artifacts.ivyservice.resolveengine.graph.builder.DependencyGraphBuilder] Visiting configuration commons-codec:commons-codec:1.10(runtime).
2021-06-06T09:17:15.557-0500 [DEBUG] [org.gradle.api.internal.artifacts.ivyservice.resolveengine.graph.builder.DependencyGraphBuilder] Visiting configuration jakarta.xml.bind:jakarta.xml.bind-api:2.3.2(runtime).
2021-06-06T09:17:15.558-0500 [DEBUG] [org.gradle.api.internal.artifacts.ivyservice.resolveengine.graph.builder.DependencyGraphBuilder] Visiting configuration org.glassfish.jaxb:txw2:2.3.2(runtime).
2021-06-06T09:17:15.558-0500 [DEBUG] [org.gradle.api.internal.artifacts.ivyservice.resolveengine.graph.builder.DependencyGraphBuilder] Visiting configuration com.sun.istack:istack-commons-runtime:3.0.8(runtime).
2021-06-06T09:17:15.558-0500 [DEBUG] [org.gradle.api.internal.artifacts.ivyservice.resolveengine.graph.builder.DependencyGraphBuilder] Visiting configuration org.jvnet.staxex:stax-ex:1.8.1(runtime).
2021-06-06T09:17:15.559-0500 [DEBUG] [org.gradle.api.internal.artifacts.ivyservice.resolveengine.graph.builder.DependencyGraphBuilder] Visiting configuration com.sun.xml.fastinfoset:FastInfoset:1.2.16(runtime).
2021-06-06T09:17:15.559-0500 [DEBUG] [org.gradle.api.internal.artifacts.ivyservice.resolveengine.graph.builder.DependencyGraphBuilder] Visiting configuration jakarta.activation:jakarta.activation-api:1.2.1(runtime).
2021-06-06T09:17:15.559-0500 [DEBUG] [org.gradle.api.internal.artifacts.ivyservice.resolveengine.graph.builder.DependencyGraphBuilder] Visiting configuration javax.inject:javax.inject:1(runtime).
2021-06-06T09:17:15.559-0500 [DEBUG] [org.gradle.api.internal.artifacts.ivyservice.resolveengine.graph.builder.NodeState] Changed edges for javax.inject:javax.inject:1(runtime) selects same versions as previous traversal. ignoring
2021-06-06T09:17:15.559-0500 [DEBUG] [org.gradle.api.internal.artifacts.ivyservice.resolveengine.graph.builder.DependencyGraphBuilder] Visiting configuration org.jetbrains.kotlin:kotlin-stdlib:1.4.32(runtime).
2021-06-06T09:17:15.559-0500 [DEBUG] [org.gradle.api.internal.artifacts.ivyservice.resolveengine.graph.builder.NodeState] Changed edges for org.jetbrains.kotlin:kotlin-stdlib:1.4.32(runtime) selects same versions as previous traversal. ignoring
2021-06-06T09:17:15.559-0500 [DEBUG] [org.gradle.api.internal.artifacts.ivyservice.resolveengine.graph.builder.DependencyGraphBuilder] Visiting configuration org.jetbrains.kotlin:kotlin-stdlib-common:1.4.32(runtime).
2021-06-06T09:17:15.559-0500 [DEBUG] [org.gradle.api.internal.artifacts.ivyservice.resolveengine.graph.builder.NodeState] Changed edges for org.jetbrains.kotlin:kotlin-stdlib-common:1.4.32(runtime) selects same versions as previous traversal. ignoring
2021-06-06T09:17:15.560-0500 [DEBUG] [org.gradle.api.internal.artifacts.ivyservice.resolveengine.graph.builder.DependencyGraphBuilder] Visiting configuration org.jetbrains.kotlinx:kotlinx-coroutines-core:1.3.8(runtime).
2021-06-06T09:17:15.560-0500 [DEBUG] [org.gradle.api.internal.artifacts.ivyservice.resolveengine.graph.builder.NodeState] Changed edges for org.jetbrains.kotlinx:kotlinx-coroutines-core:1.3.8(runtime) selects same versions as previous traversal. ignoring
2021-06-06T09:17:15.560-0500 [DEBUG] [org.gradle.api.internal.artifacts.ivyservice.resolveengine.graph.builder.DependencyGraphBuilder] Visiting configuration org.jetbrains.kotlin:kotlin-script-runtime:1.4.32(runtime).
2021-06-06T09:17:15.560-0500 [DEBUG] [org.gradle.api.internal.artifacts.ivyservice.resolveengine.graph.builder.NodeState] Changed edges for org.jetbrains.kotlin:kotlin-script-runtime:1.4.32(runtime) selects same versions as previous traversal. ignoring
2021-06-06T09:17:15.560-0500 [DEBUG] [org.gradle.api.internal.artifacts.ivyservice.resolveengine.graph.builder.DependencyGraphBuilder] Visiting configuration org.jetbrains.kotlin:kotlin-scripting-common:1.4.32(runtime).
2021-06-06T09:17:15.560-0500 [DEBUG] [org.gradle.api.internal.artifacts.ivyservice.resolveengine.graph.builder.NodeState] Changed edges for org.jetbrains.kotlin:kotlin-scripting-common:1.4.32(runtime) selects same versions as previous traversal. ignoring
2021-06-06T09:17:15.560-0500 [DEBUG] [org.gradle.api.internal.artifacts.ivyservice.resolveengine.graph.builder.DependencyGraphBuilder] Visiting configuration com.sun.activation:javax.activation:1.2.0(runtime).
2021-06-06T09:17:15.560-0500 [DEBUG] [org.gradle.api.internal.artifacts.ivyservice.resolveengine.graph.builder.DependencyGraphBuilder] Visiting configuration org.glassfish.jaxb:jaxb-runtime:2.3.2(runtime).
2021-06-06T09:17:15.560-0500 [DEBUG] [org.gradle.api.internal.artifacts.ivyservice.resolveengine.graph.builder.NodeState] Changed edges for org.glassfish.jaxb:jaxb-runtime:2.3.2(runtime) selects same versions as previous traversal. ignoring
2021-06-06T09:17:15.560-0500 [DEBUG] [org.gradle.api.internal.artifacts.ivyservice.resolveengine.graph.builder.DependencyGraphBuilder] Visiting configuration com.google.jimfs:jimfs:1.1(runtime).
2021-06-06T09:17:15.561-0500 [DEBUG] [org.gradle.api.internal.artifacts.ivyservice.resolveengine.graph.builder.DependencyGraphBuilder] Visiting configuration org.jetbrains.kotlin:kotlin-stdlib-jdk8:1.4.31(runtime).
2021-06-06T09:17:15.561-0500 [DEBUG] [org.gradle.api.internal.artifacts.ivyservice.resolveengine.graph.builder.NodeState] Changed edges for org.jetbrains.kotlin:kotlin-stdlib-jdk8:1.4.31(runtime) selects same versions as previous traversal. ignoring
2021-06-06T09:17:15.561-0500 [DEBUG] [org.gradle.api.internal.artifacts.ivyservice.resolveengine.graph.builder.DependencyGraphBuilder] Visiting configuration com.android.tools:annotations:27.2.1(runtimeElements).
2021-06-06T09:17:15.562-0500 [DEBUG] [org.gradle.api.internal.artifacts.ivyservice.resolveengine.graph.builder.NodeState] Changed edges for com.android.tools:annotations:27.2.1(runtimeElements) selects same versions as previous traversal. ignoring
2021-06-06T09:17:15.562-0500 [DEBUG] [org.gradle.api.internal.artifacts.ivyservice.resolveengine.graph.builder.DependencyGraphBuilder] Visiting configuration com.google.guava:guava:28.1-jre(runtime).
2021-06-06T09:17:15.562-0500 [DEBUG] [org.gradle.api.internal.artifacts.ivyservice.resolveengine.graph.builder.NodeState] Changed edges for com.google.guava:guava:28.1-jre(runtime) selects same versions as previous traversal. ignoring
2021-06-06T09:17:15.562-0500 [DEBUG] [org.gradle.api.internal.artifacts.ivyservice.resolveengine.graph.builder.DependencyGraphBuilder] Visiting configuration com.google.code.gson:gson:2.8.6(runtime).
2021-06-06T09:17:15.562-0500 [DEBUG] [org.gradle.api.internal.artifacts.ivyservice.resolveengine.graph.builder.NodeState] Changed edges for com.google.code.gson:gson:2.8.6(runtime) selects same versions as previous traversal. ignoring
2021-06-06T09:17:15.562-0500 [DEBUG] [org.gradle.api.internal.artifacts.ivyservice.resolveengine.graph.builder.DependencyGraphBuilder] Visiting configuration net.java.dev.jna:jna-platform:5.6.0(runtime).
2021-06-06T09:17:15.562-0500 [DEBUG] [org.gradle.api.internal.artifacts.ivyservice.ivyresolve.RepositoryChainComponentMetaDataResolver] Attempting to resolve component for net.java.dev.jna:jna:5.6.0 using repositories [Google, MavenRepo]
2021-06-06T09:17:15.563-0500 [DEBUG] [org.gradle.api.internal.artifacts.repositories.resolver.DefaultExternalResourceArtifactResolver] Loading https://dl.google.com/dl/android/maven2/net/java/dev/jna/jna/5.6.0/jna-5.6.0.pom
2021-06-06T09:17:15.563-0500 [DEBUG] [org.gradle.internal.resource.transfer.DefaultCacheAwareExternalResourceAccessor] Constructing external resource: https://dl.google.com/dl/android/maven2/net/java/dev/jna/jna/5.6.0/jna-5.6.0.pom
2021-06-06T09:17:15.565-0500 [DEBUG] [org.gradle.internal.resource.transport.http.HttpResourceAccessor] Constructing external resource: https://dl.google.com/dl/android/maven2/net/java/dev/jna/jna/5.6.0/jna-5.6.0.pom
2021-06-06T09:17:15.565-0500 [DEBUG] [org.gradle.internal.resource.transport.http.HttpClientHelper] Performing HTTP GET: https://dl.google.com/dl/android/maven2/net/java/dev/jna/jna/5.6.0/jna-5.6.0.pom
2021-06-06T09:17:15.565-0500 [DEBUG] [org.apache.http.client.protocol.RequestAddCookies] CookieSpec selected: default
2021-06-06T09:17:15.565-0500 [DEBUG] [org.apache.http.client.protocol.RequestAuthCache] Auth cache not set in the context
2021-06-06T09:17:15.565-0500 [DEBUG] [org.apache.http.impl.conn.PoolingHttpClientConnectionManager] Connection request: [route: {s}->https://dl.google.com:443][total kept alive: 8; route allocated: 8 of 20; total allocated: 8 of 20]
2021-06-06T09:17:15.565-0500 [DEBUG] [org.apache.http.impl.conn.PoolingHttpClientConnectionManager] Connection leased: [id: 3][route: {s}->https://dl.google.com:443][total kept alive: 7; route allocated: 8 of 20; total allocated: 8 of 20]
2021-06-06T09:17:15.565-0500 [DEBUG] [org.apache.http.impl.conn.DefaultManagedHttpClientConnection] http-outgoing-3: set socket timeout to 30000
2021-06-06T09:17:15.565-0500 [DEBUG] [org.apache.http.impl.conn.DefaultManagedHttpClientConnection] http-outgoing-3: set socket timeout to 30000
2021-06-06T09:17:15.565-0500 [DEBUG] [org.apache.http.impl.execchain.MainClientExec] Executing request GET /dl/android/maven2/net/java/dev/jna/jna/5.6.0/jna-5.6.0.pom HTTP/1.1
2021-06-06T09:17:15.565-0500 [DEBUG] [org.apache.http.impl.execchain.MainClientExec] Target auth state: UNCHALLENGED
2021-06-06T09:17:15.565-0500 [DEBUG] [org.apache.http.impl.execchain.MainClientExec] Proxy auth state: UNCHALLENGED
2021-06-06T09:17:15.604-0500 [DEBUG] [org.apache.http.impl.execchain.MainClientExec] Connection can be kept alive indefinitely
2021-06-06T09:17:15.604-0500 [DEBUG] [org.apache.http.impl.conn.PoolingHttpClientConnectionManager] Connection [id: 3][route: {s}->https://dl.google.com:443] can be kept alive indefinitely
2021-06-06T09:17:15.604-0500 [DEBUG] [org.apache.http.impl.conn.DefaultManagedHttpClientConnection] http-outgoing-3: set socket timeout to 0
2021-06-06T09:17:15.604-0500 [DEBUG] [org.apache.http.impl.conn.PoolingHttpClientConnectionManager] Connection released: [id: 3][route: {s}->https://dl.google.com:443][total kept alive: 8; route allocated: 8 of 20; total allocated: 8 of 20]
2021-06-06T09:17:15.604-0500 [INFO] [org.gradle.internal.resource.transport.http.HttpClientHelper] Resource missing. [HTTP GET: https://dl.google.com/dl/android/maven2/net/java/dev/jna/jna/5.6.0/jna-5.6.0.pom]
2021-06-06T09:17:15.605-0500 [DEBUG] [org.gradle.internal.operations.DefaultBuildOperationRunner] Build operation 'Download https://dl.google.com/dl/android/maven2/net/java/dev/jna/jna/5.6.0/jna-5.6.0.pom' completed
2021-06-06T09:17:15.605-0500 [DEBUG] [org.gradle.api.internal.artifacts.repositories.resolver.ExternalResourceResolver] No meta-data file or artifact found for module 'net.java.dev.jna:jna:5.6.0' in repository 'Google'.
2021-06-06T09:17:15.605-0500 [DEBUG] [org.gradle.api.internal.artifacts.ivyservice.modulecache.PersistentModuleMetadataCache] Recording absence of module descriptor in cache: net.java.dev.jna:jna:5.6.0 [changing = false]
2021-06-06T09:17:15.606-0500 [DEBUG] [org.gradle.api.internal.artifacts.repositories.resolver.DefaultExternalResourceArtifactResolver] Loading https://repo.maven.apache.org/maven2/net/java/dev/jna/jna/5.6.0/jna-5.6.0.pom
2021-06-06T09:17:15.606-0500 [DEBUG] [org.gradle.internal.resource.transfer.DefaultCacheAwareExternalResourceAccessor] Constructing external resource: https://repo.maven.apache.org/maven2/net/java/dev/jna/jna/5.6.0/jna-5.6.0.pom
2021-06-06T09:17:15.607-0500 [DEBUG] [org.gradle.internal.resource.transport.http.HttpResourceAccessor] Constructing external resource: https://repo.maven.apache.org/maven2/net/java/dev/jna/jna/5.6.0/jna-5.6.0.pom
2021-06-06T09:17:15.607-0500 [DEBUG] [org.gradle.internal.resource.transport.http.HttpClientHelper] Performing HTTP GET: https://repo.maven.apache.org/maven2/net/java/dev/jna/jna/5.6.0/jna-5.6.0.pom
2021-06-06T09:17:15.607-0500 [DEBUG] [org.apache.http.client.protocol.RequestAddCookies] CookieSpec selected: default
2021-06-06T09:17:15.607-0500 [DEBUG] [org.apache.http.client.protocol.RequestAuthCache] Auth cache not set in the context
2021-06-06T09:17:15.607-0500 [DEBUG] [org.apache.http.impl.conn.PoolingHttpClientConnectionManager] Connection request: [route: {s}->https://repo.maven.apache.org:443][total kept alive: 8; route allocated: 8 of 20; total allocated: 8 of 20]
2021-06-06T09:17:15.607-0500 [DEBUG] [org.apache.http.impl.conn.PoolingHttpClientConnectionManager] Connection leased: [id: 12][route: {s}->https://repo.maven.apache.org:443][total kept alive: 7; route allocated: 8 of 20; total allocated: 8 of 20]
2021-06-06T09:17:15.607-0500 [DEBUG] [org.apache.http.impl.conn.DefaultManagedHttpClientConnection] http-outgoing-12: set socket timeout to 30000
2021-06-06T09:17:15.608-0500 [DEBUG] [org.apache.http.impl.conn.DefaultManagedHttpClientConnection] http-outgoing-12: set socket timeout to 30000
2021-06-06T09:17:15.608-0500 [DEBUG] [org.apache.http.impl.execchain.MainClientExec] Executing request GET /maven2/net/java/dev/jna/jna/5.6.0/jna-5.6.0.pom HTTP/1.1
2021-06-06T09:17:15.608-0500 [DEBUG] [org.apache.http.impl.execchain.MainClientExec] Target auth state: UNCHALLENGED
2021-06-06T09:17:15.608-0500 [DEBUG] [org.apache.http.impl.execchain.MainClientExec] Proxy auth state: UNCHALLENGED
2021-06-06T09:17:15.627-0500 [DEBUG] [org.apache.http.impl.execchain.MainClientExec] Connection can be kept alive indefinitely
2021-06-06T09:17:15.628-0500 [DEBUG] [org.gradle.internal.resource.transport.http.HttpResponseResource] Attempting to download resource https://repo.maven.apache.org/maven2/net/java/dev/jna/jna/5.6.0/jna-5.6.0.pom.
2021-06-06T09:17:15.629-0500 [INFO] [org.gradle.internal.resource.transfer.DefaultCacheAwareExternalResourceAccessor] Downloading https://repo.maven.apache.org/maven2/net/java/dev/jna/jna/5.6.0/jna-5.6.0.pom to C:\Users\gathi\AppData\Local\Temp\gradle_download2960634832505169678bin
2021-06-06T09:17:15.629-0500 [DEBUG] [org.apache.http.impl.conn.PoolingHttpClientConnectionManager] Connection [id: 12][route: {s}->https://repo.maven.apache.org:443] can be kept alive indefinitely
2021-06-06T09:17:15.629-0500 [DEBUG] [org.apache.http.impl.conn.DefaultManagedHttpClientConnection] http-outgoing-12: set socket timeout to 0
2021-06-06T09:17:15.629-0500 [DEBUG] [org.apache.http.impl.conn.PoolingHttpClientConnectionManager] Connection released: [id: 12][route: {s}->https://repo.maven.apache.org:443][total kept alive: 8; route allocated: 8 of 20; total allocated: 8 of 20]
2021-06-06T09:17:15.630-0500 [DEBUG] [org.gradle.internal.operations.DefaultBuildOperationRunner] Build operation 'Download https://repo.maven.apache.org/maven2/net/java/dev/jna/jna/5.6.0/jna-5.6.0.pom' completed
2021-06-06T09:17:15.637-0500 [DEBUG] [org.gradle.api.internal.artifacts.repositories.resolver.ExternalResourceResolver] Metadata file found for module 'net.java.dev.jna:jna:5.6.0' in repository 'MavenRepo'.
2021-06-06T09:17:15.638-0500 [DEBUG] [org.gradle.api.internal.artifacts.ivyservice.modulecache.PersistentModuleMetadataCache] Recording module descriptor in cache: net.java.dev.jna:jna:5.6.0 [changing = false]
2021-06-06T09:17:15.641-0500 [DEBUG] [org.gradle.api.internal.artifacts.ivyservice.ivyresolve.RepositoryChainComponentMetaDataResolver] Using net.java.dev.jna:jna:5.6.0 from Maven repository 'MavenRepo'
2021-06-06T09:17:15.641-0500 [DEBUG] [org.gradle.api.internal.artifacts.ivyservice.resolveengine.graph.builder.DependencyGraphBuilder] Visiting configuration xml-apis:xml-apis:1.4.01(runtime).
2021-06-06T09:17:15.641-0500 [DEBUG] [org.gradle.api.internal.artifacts.ivyservice.resolveengine.graph.builder.DependencyGraphBuilder] Visiting configuration jakarta.xml.bind:jakarta.xml.bind-api:2.3.2(runtime).
2021-06-06T09:17:15.641-0500 [DEBUG] [org.gradle.api.internal.artifacts.ivyservice.resolveengine.graph.builder.NodeState] Changed edges for jakarta.xml.bind:jakarta.xml.bind-api:2.3.2(runtime) selects same versions as previous traversal. ignoring
2021-06-06T09:17:15.641-0500 [DEBUG] [org.gradle.api.internal.artifacts.ivyservice.resolveengine.graph.builder.DependencyGraphBuilder] Visiting configuration net.java.dev.jna:jna:5.6.0(runtime).
2021-06-06T09:17:15.686-0500 [DEBUG] [org.gradle.api.internal.artifacts.ivyservice.resolveengine.oldresult.TransientConfigurationResultsBuilder] Flushing resolved configuration data in Binary store in C:\Users\gathi\AppData\Local\Temp\gradle2044588206323555472.bin. Wrote root 2.
2021-06-06T09:17:15.697-0500 [DEBUG] [org.gradle.internal.operations.DefaultBuildOperationRunner] Build operation 'Resolve dependencies of :classpath' completed
2021-06-06T09:17:15.705-0500 [DEBUG] [org.gradle.internal.component.model.LoggingAttributeMatchingExplanationBuilder] Selected match com.android.tools.build:gradle:4.2.1 variant runtimeElements from candidates [com.android.tools.build:gradle:4.2.1 variant runtimeElements] for {org.gradle.category=library, org.gradle.dependency.bundling=external, org.gradle.jvm.version=14, org.gradle.libraryelements=jar, org.gradle.usage=java-runtime}
2021-06-06T09:17:15.705-0500 [DEBUG] [org.gradle.internal.component.model.LoggingAttributeMatchingExplanationBuilder] Selected match org.jetbrains.kotlin:kotlin-gradle-plugin:1.4.32 configuration runtime from candidates [org.jetbrains.kotlin:kotlin-gradle-plugin:1.4.32 configuration runtime] for {org.gradle.category=library, org.gradle.dependency.bundling=external, org.gradle.jvm.version=14, org.gradle.libraryelements=jar, org.gradle.usage=java-runtime}
2021-06-06T09:17:15.705-0500 [DEBUG] [org.gradle.internal.component.model.LoggingAttributeMatchingExplanationBuilder] Selected match org.tensorflow:tensorflow-lite-metadata:0.1.0-rc2 configuration runtime from candidates [org.tensorflow:tensorflow-lite-metadata:0.1.0-rc2 configuration runtime] for {org.gradle.category=library, org.gradle.dependency.bundling=external, org.gradle.jvm.version=14, org.gradle.libraryelements=jar, org.gradle.usage=java-runtime}
2021-06-06T09:17:15.705-0500 [DEBUG] [org.gradle.internal.component.model.LoggingAttributeMatchingExplanationBuilder] Selected match com.google.flatbuffers:flatbuffers-java:1.12.0 configuration runtime from candidates [com.google.flatbuffers:flatbuffers-java:1.12.0 configuration runtime] for {org.gradle.category=library, org.gradle.dependency.bundling=external, org.gradle.jvm.version=14, org.gradle.libraryelements=jar, org.gradle.usage=java-runtime}
2021-06-06T09:17:15.706-0500 [DEBUG] [org.gradle.internal.component.model.LoggingAttributeMatchingExplanationBuilder] Selected match com.android.tools.build:builder:4.2.1 variant runtimeElements from candidates [com.android.tools.build:builder:4.2.1 variant runtimeElements] for {org.gradle.category=library, org.gradle.dependency.bundling=external, org.gradle.jvm.version=14, org.gradle.libraryelements=jar, org.gradle.usage=java-runtime}
2021-06-06T09:17:15.706-0500 [DEBUG] [org.gradle.internal.component.model.LoggingAttributeMatchingExplanationBuilder] Selected match com.android.tools.build:aaptcompiler:4.2.1 variant runtimeElements from candidates [com.android.tools.build:aaptcompiler:4.2.1 variant runtimeElements] for {org.gradle.category=library, org.gradle.dependency.bundling=external, org.gradle.jvm.version=14, org.gradle.libraryelements=jar, org.gradle.usage=java-runtime}
2021-06-06T09:17:15.706-0500 [DEBUG] [org.gradle.internal.component.model.LoggingAttributeMatchingExplanationBuilder] Selected match com.android.tools.build:bundletool:1.1.0 configuration runtime from candidates [com.android.tools.build:bundletool:1.1.0 configuration runtime] for {org.gradle.category=library, org.gradle.dependency.bundling=external, org.gradle.jvm.version=14, org.gradle.libraryelements=jar, org.gradle.usage=java-runtime}
2021-06-06T09:17:15.706-0500 [DEBUG] [org.gradle.internal.component.model.LoggingAttributeMatchingExplanationBuilder] Selected match com.android.tools.build:manifest-merger:27.2.1 variant runtimeElements from candidates [com.android.tools.build:manifest-merger:27.2.1 variant runtimeElements] for {org.gradle.category=library, org.gradle.dependency.bundling=external, org.gradle.jvm.version=14, org.gradle.libraryelements=jar, org.gradle.usage=java-runtime}
2021-06-06T09:17:15.706-0500 [DEBUG] [org.gradle.internal.component.model.LoggingAttributeMatchingExplanationBuilder] Selected match com.android.tools.lint:lint-gradle-api:27.2.1 variant runtimeElements from candidates [com.android.tools.lint:lint-gradle-api:27.2.1 variant runtimeElements] for {org.gradle.category=library, org.gradle.dependency.bundling=external, org.gradle.jvm.version=14, org.gradle.libraryelements=jar, org.gradle.usage=java-runtime}
2021-06-06T09:17:15.706-0500 [DEBUG] [org.gradle.internal.component.model.LoggingAttributeMatchingExplanationBuilder] Selected match com.android.tools.lint:lint-model:27.2.1 variant runtimeElements from candidates [com.android.tools.lint:lint-model:27.2.1 variant runtimeElements] for {org.gradle.category=library, org.gradle.dependency.bundling=external, org.gradle.jvm.version=14, org.gradle.libraryelements=jar, org.gradle.usage=java-runtime}
2021-06-06T09:17:15.706-0500 [DEBUG] [org.gradle.internal.component.model.LoggingAttributeMatchingExplanationBuilder] Selected match com.android.tools:sdk-common:27.2.1 variant runtimeElements from candidates [com.android.tools:sdk-common:27.2.1 variant runtimeElements] for {org.gradle.category=library, org.gradle.dependency.bundling=external, org.gradle.jvm.version=14, org.gradle.libraryelements=jar, org.gradle.usage=java-runtime}
2021-06-06T09:17:15.707-0500 [DEBUG] [org.gradle.internal.component.model.LoggingAttributeMatchingExplanationBuilder] Selected match com.android.tools.build:aapt2-proto:4.2.1-7147631 variant runtimeElements from candidates [com.android.tools.build:aapt2-proto:4.2.1-7147631 variant runtimeElements] for {org.gradle.category=library, org.gradle.dependency.bundling=external, org.gradle.jvm.version=14, org.gradle.libraryelements=jar, org.gradle.usage=java-runtime}
2021-06-06T09:17:15.707-0500 [DEBUG] [org.gradle.internal.component.model.LoggingAttributeMatchingExplanationBuilder] Selected match com.android.tools.analytics-library:crash:27.2.1 variant runtimeElements from candidates [com.android.tools.analytics-library:crash:27.2.1 variant runtimeElements] for {org.gradle.category=library, org.gradle.dependency.bundling=external, org.gradle.jvm.version=14, org.gradle.libraryelements=jar, org.gradle.usage=java-runtime}
2021-06-06T09:17:15.707-0500 [DEBUG] [org.gradle.internal.component.model.LoggingAttributeMatchingExplanationBuilder] Selected match com.android.tools.build:gradle-api:4.2.1 variant runtimeElements from candidates [com.android.tools.build:gradle-api:4.2.1 variant runtimeElements] for {org.gradle.category=library, org.gradle.dependency.bundling=external, org.gradle.jvm.version=14, org.gradle.libraryelements=jar, org.gradle.usage=java-runtime}
2021-06-06T09:17:15.707-0500 [DEBUG] [org.gradle.internal.component.model.LoggingAttributeMatchingExplanationBuilder] Selected match androidx.databinding:databinding-compiler-common:4.2.1 variant runtimeElements from candidates [androidx.databinding:databinding-compiler-common:4.2.1 variant runtimeElements] for {org.gradle.category=library, org.gradle.dependency.bundling=external, org.gradle.jvm.version=14, org.gradle.libraryelements=jar, org.gradle.usage=java-runtime}
2021-06-06T09:17:15.707-0500 [DEBUG] [org.gradle.internal.component.model.LoggingAttributeMatchingExplanationBuilder] Selected match com.android.tools.build:builder-model:4.2.1 variant runtimeElements from candidates [com.android.tools.build:builder-model:4.2.1 variant runtimeElements] for {org.gradle.category=library, org.gradle.dependency.bundling=external, org.gradle.jvm.version=14, org.gradle.libraryelements=jar, org.gradle.usage=java-runtime}
2021-06-06T09:17:15.707-0500 [DEBUG] [org.gradle.internal.component.model.LoggingAttributeMatchingExplanationBuilder] Selected match com.android.tools.build:builder-test-api:4.2.1 variant runtimeElements from candidates [com.android.tools.build:builder-test-api:4.2.1 variant runtimeElements] for {org.gradle.category=library, org.gradle.dependency.bundling=external, org.gradle.jvm.version=14, org.gradle.libraryelements=jar, org.gradle.usage=java-runtime}
2021-06-06T09:17:15.707-0500 [DEBUG] [org.gradle.internal.component.model.LoggingAttributeMatchingExplanationBuilder] Selected match com.android.tools.ddms:ddmlib:27.2.1 variant runtimeElements from candidates [com.android.tools.ddms:ddmlib:27.2.1 variant runtimeElements] for {org.gradle.category=library, org.gradle.dependency.bundling=external, org.gradle.jvm.version=14, org.gradle.libraryelements=jar, org.gradle.usage=java-runtime}
2021-06-06T09:17:15.708-0500 [DEBUG] [org.gradle.internal.component.model.LoggingAttributeMatchingExplanationBuilder] Selected match com.android.tools.analytics-library:tracker:27.2.1 variant runtimeElements from candidates [com.android.tools.analytics-library:tracker:27.2.1 variant runtimeElements] for {org.gradle.category=library, org.gradle.dependency.bundling=external, org.gradle.jvm.version=14, org.gradle.libraryelements=jar, org.gradle.usage=java-runtime}
2021-06-06T09:17:15.708-0500 [DEBUG] [org.gradle.internal.component.model.LoggingAttributeMatchingExplanationBuilder] Selected match com.android.tools:sdklib:27.2.1 variant runtimeElements from candidates [com.android.tools:sdklib:27.2.1 variant runtimeElements] for {org.gradle.category=library, org.gradle.dependency.bundling=external, org.gradle.jvm.version=14, org.gradle.libraryelements=jar, org.gradle.usage=java-runtime}
2021-06-06T09:17:15.708-0500 [DEBUG] [org.gradle.internal.component.model.LoggingAttributeMatchingExplanationBuilder] Selected match com.android.tools.layoutlib:layoutlib-api:27.2.1 variant runtimeElements from candidates [com.android.tools.layoutlib:layoutlib-api:27.2.1 variant runtimeElements] for {org.gradle.category=library, org.gradle.dependency.bundling=external, org.gradle.jvm.version=14, org.gradle.libraryelements=jar, org.gradle.usage=java-runtime}
2021-06-06T09:17:15.708-0500 [DEBUG] [org.gradle.internal.component.model.LoggingAttributeMatchingExplanationBuilder] Selected match com.android.tools:dvlib:27.2.1 variant runtimeElements from candidates [com.android.tools:dvlib:27.2.1 variant runtimeElements] for {org.gradle.category=library, org.gradle.dependency.bundling=external, org.gradle.jvm.version=14, org.gradle.libraryelements=jar, org.gradle.usage=java-runtime}
2021-06-06T09:17:15.708-0500 [DEBUG] [org.gradle.internal.component.model.LoggingAttributeMatchingExplanationBuilder] Selected match com.android.tools:repository:27.2.1 variant runtimeElements from candidates [com.android.tools:repository:27.2.1 variant runtimeElements] for {org.gradle.category=library, org.gradle.dependency.bundling=external, org.gradle.jvm.version=14, org.gradle.libraryelements=jar, org.gradle.usage=java-runtime}
2021-06-06T09:17:15.708-0500 [DEBUG] [org.gradle.internal.component.model.LoggingAttributeMatchingExplanationBuilder] Selected match com.android.tools.analytics-library:shared:27.2.1 variant runtimeElements from candidates [com.android.tools.analytics-library:shared:27.2.1 variant runtimeElements] for {org.gradle.category=library, org.gradle.dependency.bundling=external, org.gradle.jvm.version=14, org.gradle.libraryelements=jar, org.gradle.usage=java-runtime}
2021-06-06T09:17:15.709-0500 [DEBUG] [org.gradle.internal.component.model.LoggingAttributeMatchingExplanationBuilder] Selected match com.android.tools:common:27.2.1 variant runtimeElements from candidates [com.android.tools:common:27.2.1 variant runtimeElements] for {org.gradle.category=library, org.gradle.dependency.bundling=external, org.gradle.jvm.version=14, org.gradle.libraryelements=jar, org.gradle.usage=java-runtime}
2021-06-06T09:17:15.709-0500 [DEBUG] [org.gradle.internal.component.model.LoggingAttributeMatchingExplanationBuilder] Selected match org.jetbrains.kotlin:kotlin-stdlib-jdk8:1.4.31 configuration runtime from candidates [org.jetbrains.kotlin:kotlin-stdlib-jdk8:1.4.31 configuration runtime] for {org.gradle.category=library, org.gradle.dependency.bundling=external, org.gradle.jvm.version=14, org.gradle.libraryelements=jar, org.gradle.usage=java-runtime}
2021-06-06T09:17:15.709-0500 [DEBUG] [org.gradle.internal.component.model.LoggingAttributeMatchingExplanationBuilder] Selected match com.android.tools.build:transform-api:2.0.0-deprecated-use-gradle-api configuration runtime from candidates [com.android.tools.build:transform-api:2.0.0-deprecated-use-gradle-api configuration runtime] for {org.gradle.category=library, org.gradle.dependency.bundling=external, org.gradle.jvm.version=14, org.gradle.libraryelements=jar, org.gradle.usage=java-runtime}
2021-06-06T09:17:15.709-0500 [DEBUG] [org.gradle.internal.component.model.LoggingAttributeMatchingExplanationBuilder] Selected match com.android.tools.build.jetifier:jetifier-processor:1.0.0-beta09 configuration runtime from candidates [com.android.tools.build.jetifier:jetifier-processor:1.0.0-beta09 configuration runtime] for {org.gradle.category=library, org.gradle.dependency.bundling=external, org.gradle.jvm.version=14, org.gradle.libraryelements=jar, org.gradle.usage=java-runtime}
2021-06-06T09:17:15.709-0500 [DEBUG] [org.gradle.internal.component.model.LoggingAttributeMatchingExplanationBuilder] Selected match org.ow2.asm:asm-commons:7.0 configuration runtime from candidates [org.ow2.asm:asm-commons:7.0 configuration runtime] for {org.gradle.category=library, org.gradle.dependency.bundling=external, org.gradle.jvm.version=14, org.gradle.libraryelements=jar, org.gradle.usage=java-runtime}
2021-06-06T09:17:15.709-0500 [DEBUG] [org.gradle.internal.component.model.LoggingAttributeMatchingExplanationBuilder] Selected match org.ow2.asm:asm-util:7.0 configuration runtime from candidates [org.ow2.asm:asm-util:7.0 configuration runtime] for {org.gradle.category=library, org.gradle.dependency.bundling=external, org.gradle.jvm.version=14, org.gradle.libraryelements=jar, org.gradle.usage=java-runtime}
2021-06-06T09:17:15.709-0500 [DEBUG] [org.gradle.internal.component.model.LoggingAttributeMatchingExplanationBuilder] Selected match org.ow2.asm:asm-analysis:7.0 configuration runtime from candidates [org.ow2.asm:asm-analysis:7.0 configuration runtime] for {org.gradle.category=library, org.gradle.dependency.bundling=external, org.gradle.jvm.version=14, org.gradle.libraryelements=jar, org.gradle.usage=java-runtime}
2021-06-06T09:17:15.709-0500 [DEBUG] [org.gradle.internal.component.model.LoggingAttributeMatchingExplanationBuilder] Selected match org.ow2.asm:asm-tree:7.0 configuration runtime from candidates [org.ow2.asm:asm-tree:7.0 configuration runtime] for {org.gradle.category=library, org.gradle.dependency.bundling=external, org.gradle.jvm.version=14, org.gradle.libraryelements=jar, org.gradle.usage=java-runtime}
2021-06-06T09:17:15.709-0500 [DEBUG] [org.gradle.internal.component.model.LoggingAttributeMatchingExplanationBuilder] Selected match org.ow2.asm:asm:7.0 configuration runtime from candidates [org.ow2.asm:asm:7.0 configuration runtime] for {org.gradle.category=library, org.gradle.dependency.bundling=external, org.gradle.jvm.version=14, org.gradle.libraryelements=jar, org.gradle.usage=java-runtime}
2021-06-06T09:17:15.709-0500 [DEBUG] [org.gradle.internal.component.model.LoggingAttributeMatchingExplanationBuilder] Selected match net.sf.jopt-simple:jopt-simple:4.9 configuration runtime from candidates [net.sf.jopt-simple:jopt-simple:4.9 configuration runtime] for {org.gradle.category=library, org.gradle.dependency.bundling=external, org.gradle.jvm.version=14, org.gradle.libraryelements=jar, org.gradle.usage=java-runtime}
2021-06-06T09:17:15.709-0500 [DEBUG] [org.gradle.internal.component.model.LoggingAttributeMatchingExplanationBuilder] Selected match net.sf.proguard:proguard-gradle:6.0.3 configuration runtime from candidates [net.sf.proguard:proguard-gradle:6.0.3 configuration runtime] for {org.gradle.category=library, org.gradle.dependency.bundling=external, org.gradle.jvm.version=14, org.gradle.libraryelements=jar, org.gradle.usage=java-runtime}
2021-06-06T09:17:15.709-0500 [DEBUG] [org.gradle.internal.component.model.LoggingAttributeMatchingExplanationBuilder] Selected match com.android.tools.build.jetifier:jetifier-core:1.0.0-beta09 configuration runtime from candidates [com.android.tools.build.jetifier:jetifier-core:1.0.0-beta09 configuration runtime] for {org.gradle.category=library, org.gradle.dependency.bundling=external, org.gradle.jvm.version=14, org.gradle.libraryelements=jar, org.gradle.usage=java-runtime}
2021-06-06T09:17:15.710-0500 [DEBUG] [org.gradle.internal.component.model.LoggingAttributeMatchingExplanationBuilder] Selected match com.squareup:javapoet:1.10.0 configuration runtime from candidates [com.squareup:javapoet:1.10.0 configuration runtime] for {org.gradle.category=library, org.gradle.dependency.bundling=external, org.gradle.jvm.version=14, org.gradle.libraryelements=jar, org.gradle.usage=java-runtime}
2021-06-06T09:17:15.710-0500 [DEBUG] [org.gradle.internal.component.model.LoggingAttributeMatchingExplanationBuilder] Selected match com.google.protobuf:protobuf-java-util:3.10.0 configuration runtime from candidates [com.google.protobuf:protobuf-java-util:3.10.0 configuration runtime] for {org.gradle.category=library, org.gradle.dependency.bundling=external, org.gradle.jvm.version=14, org.gradle.libraryelements=jar, org.gradle.usage=java-runtime}
2021-06-06T09:17:15.710-0500 [DEBUG] [org.gradle.internal.component.model.LoggingAttributeMatchingExplanationBuilder] Selected match com.google.crypto.tink:tink:1.3.0-rc2 configuration runtime from candidates [com.google.crypto.tink:tink:1.3.0-rc2 configuration runtime] for {org.gradle.category=library, org.gradle.dependency.bundling=external, org.gradle.jvm.version=14, org.gradle.libraryelements=jar, org.gradle.usage=java-runtime}
2021-06-06T09:17:15.710-0500 [DEBUG] [org.gradle.internal.component.model.LoggingAttributeMatchingExplanationBuilder] Selected match com.android.tools.analytics-library:protos:27.2.1 variant runtimeElements from candidates [com.android.tools.analytics-library:protos:27.2.1 variant runtimeElements] for {org.gradle.category=library, org.gradle.dependency.bundling=external, org.gradle.jvm.version=14, org.gradle.libraryelements=jar, org.gradle.usage=java-runtime}
2021-06-06T09:17:15.710-0500 [DEBUG] [org.gradle.internal.component.model.LoggingAttributeMatchingExplanationBuilder] Selected match com.google.protobuf:protobuf-java:3.10.0 configuration runtime from candidates [com.google.protobuf:protobuf-java:3.10.0 configuration runtime] for {org.gradle.category=library, org.gradle.dependency.bundling=external, org.gradle.jvm.version=14, org.gradle.libraryelements=jar, org.gradle.usage=java-runtime}
2021-06-06T09:17:15.710-0500 [DEBUG] [org.gradle.internal.component.model.LoggingAttributeMatchingExplanationBuilder] Selected match com.google.testing.platform:core-proto:0.0.8-alpha01 configuration runtime from candidates [com.google.testing.platform:core-proto:0.0.8-alpha01 configuration runtime] for {org.gradle.category=library, org.gradle.dependency.bundling=external, org.gradle.jvm.version=14, org.gradle.libraryelements=jar, org.gradle.usage=java-runtime}
2021-06-06T09:17:15.710-0500 [DEBUG] [org.gradle.internal.component.model.LoggingAttributeMatchingExplanationBuilder] Selected match org.jetbrains.kotlin:kotlin-gradle-plugin-api:1.4.32 configuration runtime from candidates [org.jetbrains.kotlin:kotlin-gradle-plugin-api:1.4.32 configuration runtime] for {org.gradle.category=library, org.gradle.dependency.bundling=external, org.gradle.jvm.version=14, org.gradle.libraryelements=jar, org.gradle.usage=java-runtime}
2021-06-06T09:17:15.710-0500 [DEBUG] [org.gradle.internal.component.model.LoggingAttributeMatchingExplanationBuilder] Selected match org.jetbrains.kotlin:kotlin-gradle-plugin-model:1.4.32 configuration runtime from candidates [org.jetbrains.kotlin:kotlin-gradle-plugin-model:1.4.32 configuration runtime] for {org.gradle.category=library, org.gradle.dependency.bundling=external, org.gradle.jvm.version=14, org.gradle.libraryelements=jar, org.gradle.usage=java-runtime}
2021-06-06T09:17:15.710-0500 [DEBUG] [org.gradle.internal.component.model.LoggingAttributeMatchingExplanationBuilder] Selected match org.jetbrains.kotlin:kotlin-util-klib:1.4.32 configuration runtime from candidates [org.jetbrains.kotlin:kotlin-util-klib:1.4.32 configuration runtime] for {org.gradle.category=library, org.gradle.dependency.bundling=external, org.gradle.jvm.version=14, org.gradle.libraryelements=jar, org.gradle.usage=java-runtime}
2021-06-06T09:17:15.710-0500 [DEBUG] [org.gradle.internal.component.model.LoggingAttributeMatchingExplanationBuilder] Selected match org.jetbrains.kotlin:kotlin-annotation-processing-gradle:1.4.32 configuration runtime from candidates [org.jetbrains.kotlin:kotlin-annotation-processing-gradle:1.4.32 configuration runtime] for {org.gradle.category=library, org.gradle.dependency.bundling=external, org.gradle.jvm.version=14, org.gradle.libraryelements=jar, org.gradle.usage=java-runtime}
2021-06-06T09:17:15.710-0500 [DEBUG] [org.gradle.internal.component.model.LoggingAttributeMatchingExplanationBuilder] Selected match org.jetbrains.kotlin:kotlin-android-extensions:1.4.32 configuration runtime from candidates [org.jetbrains.kotlin:kotlin-android-extensions:1.4.32 configuration runtime] for {org.gradle.category=library, org.gradle.dependency.bundling=external, org.gradle.jvm.version=14, org.gradle.libraryelements=jar, org.gradle.usage=java-runtime}
2021-06-06T09:17:15.710-0500 [DEBUG] [org.gradle.internal.component.model.LoggingAttributeMatchingExplanationBuilder] Selected match org.jetbrains.kotlin:kotlin-compiler-runner:1.4.32 configuration runtime from candidates [org.jetbrains.kotlin:kotlin-compiler-runner:1.4.32 configuration runtime] for {org.gradle.category=library, org.gradle.dependency.bundling=external, org.gradle.jvm.version=14, org.gradle.libraryelements=jar, org.gradle.usage=java-runtime}
2021-06-06T09:17:15.710-0500 [DEBUG] [org.gradle.internal.component.model.LoggingAttributeMatchingExplanationBuilder] Selected match org.jetbrains.kotlin:kotlin-compiler-embeddable:1.4.32 configuration runtime from candidates [org.jetbrains.kotlin:kotlin-compiler-embeddable:1.4.32 configuration runtime] for {org.gradle.category=library, org.gradle.dependency.bundling=external, org.gradle.jvm.version=14, org.gradle.libraryelements=jar, org.gradle.usage=java-runtime}
2021-06-06T09:17:15.710-0500 [DEBUG] [org.gradle.internal.component.model.LoggingAttributeMatchingExplanationBuilder] Selected match org.jetbrains.kotlin:kotlin-scripting-compiler-embeddable:1.4.32 configuration runtime from candidates [org.jetbrains.kotlin:kotlin-scripting-compiler-embeddable:1.4.32 configuration runtime] for {org.gradle.category=library, org.gradle.dependency.bundling=external, org.gradle.jvm.version=14, org.gradle.libraryelements=jar, org.gradle.usage=java-runtime}
2021-06-06T09:17:15.711-0500 [DEBUG] [org.gradle.internal.component.model.LoggingAttributeMatchingExplanationBuilder] Selected match org.jetbrains.kotlin:kotlin-scripting-compiler-impl-embeddable:1.4.32 configuration runtime from candidates [org.jetbrains.kotlin:kotlin-scripting-compiler-impl-embeddable:1.4.32 configuration runtime] for {org.gradle.category=library, org.gradle.dependency.bundling=external, org.gradle.jvm.version=14, org.gradle.libraryelements=jar, org.gradle.usage=java-runtime}
2021-06-06T09:17:15.711-0500 [DEBUG] [org.gradle.internal.component.model.LoggingAttributeMatchingExplanationBuilder] Selected match org.jetbrains.kotlin:kotlin-daemon-client:1.4.32 configuration runtime from candidates [org.jetbrains.kotlin:kotlin-daemon-client:1.4.32 configuration runtime] for {org.gradle.category=library, org.gradle.dependency.bundling=external, org.gradle.jvm.version=14, org.gradle.libraryelements=jar, org.gradle.usage=java-runtime}
2021-06-06T09:17:15.711-0500 [DEBUG] [org.gradle.internal.component.model.LoggingAttributeMatchingExplanationBuilder] Selected match org.jetbrains.kotlin:kotlin-reflect:1.4.32 configuration runtime from candidates [org.jetbrains.kotlin:kotlin-reflect:1.4.32 configuration runtime] for {org.gradle.category=library, org.gradle.dependency.bundling=external, org.gradle.jvm.version=14, org.gradle.libraryelements=jar, org.gradle.usage=java-runtime}
2021-06-06T09:17:15.711-0500 [DEBUG] [org.gradle.internal.component.model.LoggingAttributeMatchingExplanationBuilder] Selected match org.jetbrains.kotlin:kotlin-stdlib-jdk7:1.4.31 configuration runtime from candidates [org.jetbrains.kotlin:kotlin-stdlib-jdk7:1.4.31 configuration runtime] for {org.gradle.category=library, org.gradle.dependency.bundling=external, org.gradle.jvm.version=14, org.gradle.libraryelements=jar, org.gradle.usage=java-runtime}
2021-06-06T09:17:15.711-0500 [DEBUG] [org.gradle.internal.component.model.LoggingAttributeMatchingExplanationBuilder] Selected match org.jetbrains.kotlin:kotlin-util-io:1.4.32 configuration runtime from candidates [org.jetbrains.kotlin:kotlin-util-io:1.4.32 configuration runtime] for {org.gradle.category=library, org.gradle.dependency.bundling=external, org.gradle.jvm.version=14, org.gradle.libraryelements=jar, org.gradle.usage=java-runtime}
2021-06-06T09:17:15.711-0500 [DEBUG] [org.gradle.internal.component.model.LoggingAttributeMatchingExplanationBuilder] Selected match org.jetbrains.kotlin:kotlin-scripting-jvm:1.4.32 configuration runtime from candidates [org.jetbrains.kotlin:kotlin-scripting-jvm:1.4.32 configuration runtime] for {org.gradle.category=library, org.gradle.dependency.bundling=external, org.gradle.jvm.version=14, org.gradle.libraryelements=jar, org.gradle.usage=java-runtime}
2021-06-06T09:17:15.711-0500 [DEBUG] [org.gradle.internal.component.model.LoggingAttributeMatchingExplanationBuilder] Selected match org.jetbrains.kotlin:kotlin-scripting-common:1.4.32 configuration runtime from candidates [org.jetbrains.kotlin:kotlin-scripting-common:1.4.32 configuration runtime] for {org.gradle.category=library, org.gradle.dependency.bundling=external, org.gradle.jvm.version=14, org.gradle.libraryelements=jar, org.gradle.usage=java-runtime}
2021-06-06T09:17:15.711-0500 [DEBUG] [org.gradle.internal.component.model.LoggingAttributeMatchingExplanationBuilder] Selected match org.jetbrains.kotlinx:kotlinx-coroutines-core:1.3.8 configuration runtime from candidates [org.jetbrains.kotlinx:kotlinx-coroutines-core:1.3.8 configuration runtime] for {org.gradle.category=library, org.gradle.dependency.bundling=external, org.gradle.jvm.version=14, org.gradle.libraryelements=jar, org.gradle.usage=java-runtime}
2021-06-06T09:17:15.711-0500 [DEBUG] [org.gradle.internal.component.model.LoggingAttributeMatchingExplanationBuilder] Selected match org.jetbrains.kotlin:kotlin-stdlib:1.4.32 configuration runtime from candidates [org.jetbrains.kotlin:kotlin-stdlib:1.4.32 configuration runtime] for {org.gradle.category=library, org.gradle.dependency.bundling=external, org.gradle.jvm.version=14, org.gradle.libraryelements=jar, org.gradle.usage=java-runtime}
2021-06-06T09:17:15.711-0500 [DEBUG] [org.gradle.internal.component.model.LoggingAttributeMatchingExplanationBuilder] Selected match com.google.code.gson:gson:2.8.6 configuration runtime from candidates [com.google.code.gson:gson:2.8.6 configuration runtime] for {org.gradle.category=library, org.gradle.dependency.bundling=external, org.gradle.jvm.version=14, org.gradle.libraryelements=jar, org.gradle.usage=java-runtime}
2021-06-06T09:17:15.711-0500 [DEBUG] [org.gradle.internal.component.model.LoggingAttributeMatchingExplanationBuilder] Selected match de.undercouch:gradle-download-task:4.0.2 configuration runtime from candidates [de.undercouch:gradle-download-task:4.0.2 configuration runtime] for {org.gradle.category=library, org.gradle.dependency.bundling=external, org.gradle.jvm.version=14, org.gradle.libraryelements=jar, org.gradle.usage=java-runtime}
2021-06-06T09:17:15.711-0500 [DEBUG] [org.gradle.internal.component.model.LoggingAttributeMatchingExplanationBuilder] Selected match com.github.gundy:semver4j:0.16.4 configuration runtime from candidates [com.github.gundy:semver4j:0.16.4 configuration runtime] for {org.gradle.category=library, org.gradle.dependency.bundling=external, org.gradle.jvm.version=14, org.gradle.libraryelements=jar, org.gradle.usage=java-runtime}
2021-06-06T09:17:15.712-0500 [DEBUG] [org.gradle.internal.component.model.LoggingAttributeMatchingExplanationBuilder] Selected match com.android.tools.build:apkzlib:4.2.1 variant runtimeElements from candidates [com.android.tools.build:apkzlib:4.2.1 variant runtimeElements] for {org.gradle.category=library, org.gradle.dependency.bundling=external, org.gradle.jvm.version=14, org.gradle.libraryelements=jar, org.gradle.usage=java-runtime}
2021-06-06T09:17:15.712-0500 [DEBUG] [org.gradle.internal.component.model.LoggingAttributeMatchingExplanationBuilder] Selected match com.google.jimfs:jimfs:1.1 configuration runtime from candidates [com.google.jimfs:jimfs:1.1 configuration runtime] for {org.gradle.category=library, org.gradle.dependency.bundling=external, org.gradle.jvm.version=14, org.gradle.libraryelements=jar, org.gradle.usage=java-runtime}
2021-06-06T09:17:15.712-0500 [DEBUG] [org.gradle.internal.component.model.LoggingAttributeMatchingExplanationBuilder] Selected match com.google.guava:guava:28.1-jre configuration runtime from candidates [com.google.guava:guava:28.1-jre configuration runtime] for {org.gradle.category=library, org.gradle.dependency.bundling=external, org.gradle.jvm.version=14, org.gradle.libraryelements=jar, org.gradle.usage=java-runtime}
2021-06-06T09:17:15.712-0500 [DEBUG] [org.gradle.internal.component.model.LoggingAttributeMatchingExplanationBuilder] Selected match org.checkerframework:checker-qual:2.8.1 configuration runtime from candidates [org.checkerframework:checker-qual:2.8.1 configuration runtime] for {org.gradle.category=library, org.gradle.dependency.bundling=external, org.gradle.jvm.version=14, org.gradle.libraryelements=jar, org.gradle.usage=java-runtime}
2021-06-06T09:17:15.712-0500 [DEBUG] [org.gradle.internal.component.model.LoggingAttributeMatchingExplanationBuilder] Selected match com.android:signflinger:4.2.1 variant runtimeElements from candidates [com.android:signflinger:4.2.1 variant runtimeElements] for {org.gradle.category=library, org.gradle.dependency.bundling=external, org.gradle.jvm.version=14, org.gradle.libraryelements=jar, org.gradle.usage=java-runtime}
2021-06-06T09:17:15.712-0500 [DEBUG] [org.gradle.internal.component.model.LoggingAttributeMatchingExplanationBuilder] Selected match com.android:zipflinger:4.2.1 variant runtimeElements from candidates [com.android:zipflinger:4.2.1 variant runtimeElements] for {org.gradle.category=library, org.gradle.dependency.bundling=external, org.gradle.jvm.version=14, org.gradle.libraryelements=jar, org.gradle.usage=java-runtime}
2021-06-06T09:17:15.712-0500 [DEBUG] [org.gradle.internal.component.model.LoggingAttributeMatchingExplanationBuilder] Selected match com.android.tools.build:apksig:4.2.1 variant runtimeElements from candidates [com.android.tools.build:apksig:4.2.1 variant runtimeElements] for {org.gradle.category=library, org.gradle.dependency.bundling=external, org.gradle.jvm.version=14, org.gradle.libraryelements=jar, org.gradle.usage=java-runtime}
2021-06-06T09:17:15.712-0500 [DEBUG] [org.gradle.internal.component.model.LoggingAttributeMatchingExplanationBuilder] Selected match com.squareup:javawriter:2.5.0 configuration runtime from candidates [com.squareup:javawriter:2.5.0 configuration runtime] for {org.gradle.category=library, org.gradle.dependency.bundling=external, org.gradle.jvm.version=14, org.gradle.libraryelements=jar, org.gradle.usage=java-runtime}
2021-06-06T09:17:15.712-0500 [DEBUG] [org.gradle.internal.component.model.LoggingAttributeMatchingExplanationBuilder] Selected match org.bouncycastle:bcpkix-jdk15on:1.56 configuration runtime from candidates [org.bouncycastle:bcpkix-jdk15on:1.56 configuration runtime] for {org.gradle.category=library, org.gradle.dependency.bundling=external, org.gradle.jvm.version=14, org.gradle.libraryelements=jar, org.gradle.usage=java-runtime}
2021-06-06T09:17:15.712-0500 [DEBUG] [org.gradle.internal.component.model.LoggingAttributeMatchingExplanationBuilder] Selected match org.bouncycastle:bcprov-jdk15on:1.56 configuration runtime from candidates [org.bouncycastle:bcprov-jdk15on:1.56 configuration runtime] for {org.gradle.category=library, org.gradle.dependency.bundling=external, org.gradle.jvm.version=14, org.gradle.libraryelements=jar, org.gradle.usage=java-runtime}
2021-06-06T09:17:15.712-0500 [DEBUG] [org.gradle.internal.component.model.LoggingAttributeMatchingExplanationBuilder] Selected match com.google.dagger:dagger:2.28.3 configuration runtime from candidates [com.google.dagger:dagger:2.28.3 configuration runtime] for {org.gradle.category=library, org.gradle.dependency.bundling=external, org.gradle.jvm.version=14, org.gradle.libraryelements=jar, org.gradle.usage=java-runtime}
2021-06-06T09:17:15.712-0500 [DEBUG] [org.gradle.internal.component.model.LoggingAttributeMatchingExplanationBuilder] Selected match javax.inject:javax.inject:1 configuration runtime from candidates [javax.inject:javax.inject:1 configuration runtime] for {org.gradle.category=library, org.gradle.dependency.bundling=external, org.gradle.jvm.version=14, org.gradle.libraryelements=jar, org.gradle.usage=java-runtime}
2021-06-06T09:17:15.712-0500 [DEBUG] [org.gradle.internal.component.model.LoggingAttributeMatchingExplanationBuilder] Selected match it.unimi.dsi:fastutil:8.4.0 configuration runtime from candidates [it.unimi.dsi:fastutil:8.4.0 configuration runtime] for {org.gradle.category=library, org.gradle.dependency.bundling=external, org.gradle.jvm.version=14, org.gradle.libraryelements=jar, org.gradle.usage=java-runtime}
2021-06-06T09:17:15.712-0500 [DEBUG] [org.gradle.internal.component.model.LoggingAttributeMatchingExplanationBuilder] Selected match com.googlecode.json-simple:json-simple:1.1 configuration runtime from candidates [com.googlecode.json-simple:json-simple:1.1 configuration runtime] for {org.gradle.category=library, org.gradle.dependency.bundling=external, org.gradle.jvm.version=14, org.gradle.libraryelements=jar, org.gradle.usage=java-runtime}
2021-06-06T09:17:15.713-0500 [DEBUG] [org.gradle.internal.component.model.LoggingAttributeMatchingExplanationBuilder] Selected match com.android.tools:annotations:27.2.1 variant runtimeElements from candidates [com.android.tools:annotations:27.2.1 variant runtimeElements] for {org.gradle.category=library, org.gradle.dependency.bundling=external, org.gradle.jvm.version=14, org.gradle.libraryelements=jar, org.gradle.usage=java-runtime}
2021-06-06T09:17:15.713-0500 [DEBUG] [org.gradle.internal.component.model.LoggingAttributeMatchingExplanationBuilder] Selected match org.apache.httpcomponents:httpmime:4.5.6 configuration runtime from candidates [org.apache.httpcomponents:httpmime:4.5.6 configuration runtime] for {org.gradle.category=library, org.gradle.dependency.bundling=external, org.gradle.jvm.version=14, org.gradle.libraryelements=jar, org.gradle.usage=java-runtime}
2021-06-06T09:17:15.713-0500 [DEBUG] [org.gradle.internal.component.model.LoggingAttributeMatchingExplanationBuilder] Selected match org.apache.httpcomponents:httpclient:4.5.6 configuration runtime from candidates [org.apache.httpcomponents:httpclient:4.5.6 configuration runtime] for {org.gradle.category=library, org.gradle.dependency.bundling=external, org.gradle.jvm.version=14, org.gradle.libraryelements=jar, org.gradle.usage=java-runtime}
2021-06-06T09:17:15.713-0500 [DEBUG] [org.gradle.internal.component.model.LoggingAttributeMatchingExplanationBuilder] Selected match org.apache.httpcomponents:httpcore:4.4.10 configuration runtime from candidates [org.apache.httpcomponents:httpcore:4.4.10 configuration runtime] for {org.gradle.category=library, org.gradle.dependency.bundling=external, org.gradle.jvm.version=14, org.gradle.libraryelements=jar, org.gradle.usage=java-runtime}
2021-06-06T09:17:15.713-0500 [DEBUG] [org.gradle.internal.component.model.LoggingAttributeMatchingExplanationBuilder] Selected match androidx.databinding:databinding-common:4.2.1 variant runtimeElements from candidates [androidx.databinding:databinding-common:4.2.1 variant runtimeElements] for {org.gradle.category=library, org.gradle.dependency.bundling=external, org.gradle.jvm.version=14, org.gradle.libraryelements=jar, org.gradle.usage=java-runtime}
2021-06-06T09:17:15.713-0500 [DEBUG] [org.gradle.internal.component.model.LoggingAttributeMatchingExplanationBuilder] Selected match com.android.databinding:baseLibrary:4.2.1 variant runtimeElements from candidates [com.android.databinding:baseLibrary:4.2.1 variant runtimeElements] for {org.gradle.category=library, org.gradle.dependency.bundling=external, org.gradle.jvm.version=14, org.gradle.libraryelements=jar, org.gradle.usage=java-runtime}
2021-06-06T09:17:15.713-0500 [DEBUG] [org.gradle.internal.component.model.LoggingAttributeMatchingExplanationBuilder] Selected match org.antlr:antlr4:4.5.3 configuration runtime from candidates [org.antlr:antlr4:4.5.3 configuration runtime] for {org.gradle.category=library, org.gradle.dependency.bundling=external, org.gradle.jvm.version=14, org.gradle.libraryelements=jar, org.gradle.usage=java-runtime}
2021-06-06T09:17:15.713-0500 [DEBUG] [org.gradle.internal.component.model.LoggingAttributeMatchingExplanationBuilder] Selected match commons-io:commons-io:2.4 configuration runtime from candidates [commons-io:commons-io:2.4 configuration runtime] for {org.gradle.category=library, org.gradle.dependency.bundling=external, org.gradle.jvm.version=14, org.gradle.libraryelements=jar, org.gradle.usage=java-runtime}
2021-06-06T09:17:15.714-0500 [DEBUG] [org.gradle.internal.component.model.LoggingAttributeMatchingExplanationBuilder] Selected match com.googlecode.juniversalchardet:juniversalchardet:1.0.3 configuration runtime from candidates [com.googlecode.juniversalchardet:juniversalchardet:1.0.3 configuration runtime] for {org.gradle.category=library, org.gradle.dependency.bundling=external, org.gradle.jvm.version=14, org.gradle.libraryelements=jar, org.gradle.usage=java-runtime}
2021-06-06T09:17:15.714-0500 [DEBUG] [org.gradle.internal.component.model.LoggingAttributeMatchingExplanationBuilder] Selected match org.glassfish.jaxb:jaxb-runtime:2.3.2 configuration runtime from candidates [org.glassfish.jaxb:jaxb-runtime:2.3.2 configuration runtime] for {org.gradle.category=library, org.gradle.dependency.bundling=external, org.gradle.jvm.version=14, org.gradle.libraryelements=jar, org.gradle.usage=java-runtime}
2021-06-06T09:17:15.714-0500 [DEBUG] [org.gradle.internal.component.model.LoggingAttributeMatchingExplanationBuilder] Selected match net.sf.proguard:proguard-base:6.0.3 configuration runtime from candidates [net.sf.proguard:proguard-base:6.0.3 configuration runtime] for {org.gradle.category=library, org.gradle.dependency.bundling=external, org.gradle.jvm.version=14, org.gradle.libraryelements=jar, org.gradle.usage=java-runtime}
2021-06-06T09:17:15.718-0500 [DEBUG] [org.gradle.internal.component.model.LoggingAttributeMatchingExplanationBuilder] Selected match com.google.auto.value:auto-value-annotations:1.6.2 configuration runtime from candidates [com.google.auto.value:auto-value-annotations:1.6.2 configuration runtime] for {org.gradle.category=library, org.gradle.dependency.bundling=external, org.gradle.jvm.version=14, org.gradle.libraryelements=jar, org.gradle.usage=java-runtime}
2021-06-06T09:17:15.718-0500 [DEBUG] [org.gradle.internal.component.model.LoggingAttributeMatchingExplanationBuilder] Selected match com.google.errorprone:error_prone_annotations:2.3.2 configuration runtime from candidates [com.google.errorprone:error_prone_annotations:2.3.2 configuration runtime] for {org.gradle.category=library, org.gradle.dependency.bundling=external, org.gradle.jvm.version=14, org.gradle.libraryelements=jar, org.gradle.usage=java-runtime}
2021-06-06T09:17:15.718-0500 [DEBUG] [org.gradle.internal.component.model.LoggingAttributeMatchingExplanationBuilder] Selected match org.jdom:jdom2:2.0.6 configuration runtime from candidates [org.jdom:jdom2:2.0.6 configuration runtime] for {org.gradle.category=library, org.gradle.dependency.bundling=external, org.gradle.jvm.version=14, org.gradle.libraryelements=jar, org.gradle.usage=java-runtime}
2021-06-06T09:17:15.718-0500 [DEBUG] [org.gradle.internal.component.model.LoggingAttributeMatchingExplanationBuilder] Selected match org.json:json:20180813 configuration runtime from candidates [org.json:json:20180813 configuration runtime] for {org.gradle.category=library, org.gradle.dependency.bundling=external, org.gradle.jvm.version=14, org.gradle.libraryelements=jar, org.gradle.usage=java-runtime}
2021-06-06T09:17:15.718-0500 [DEBUG] [org.gradle.internal.component.model.LoggingAttributeMatchingExplanationBuilder] Selected match org.jetbrains.kotlin:kotlin-stdlib-common:1.4.32 configuration runtime from candidates [org.jetbrains.kotlin:kotlin-stdlib-common:1.4.32 configuration runtime] for {org.gradle.category=library, org.gradle.dependency.bundling=external, org.gradle.jvm.version=14, org.gradle.libraryelements=jar, org.gradle.usage=java-runtime}
2021-06-06T09:17:15.718-0500 [DEBUG] [org.gradle.internal.component.model.LoggingAttributeMatchingExplanationBuilder] Selected match org.jetbrains:annotations:13.0 configuration runtime from candidates [org.jetbrains:annotations:13.0 configuration runtime] for {org.gradle.category=library, org.gradle.dependency.bundling=external, org.gradle.jvm.version=14, org.gradle.libraryelements=jar, org.gradle.usage=java-runtime}
2021-06-06T09:17:15.718-0500 [DEBUG] [org.gradle.internal.component.model.LoggingAttributeMatchingExplanationBuilder] Selected match org.antlr:antlr4-runtime:4.5.2-1 configuration runtime from candidates [org.antlr:antlr4-runtime:4.5.2-1 configuration runtime] for {org.gradle.category=library, org.gradle.dependency.bundling=external, org.gradle.jvm.version=14, org.gradle.libraryelements=jar, org.gradle.usage=java-runtime}
2021-06-06T09:17:15.718-0500 [DEBUG] [org.gradle.internal.component.model.LoggingAttributeMatchingExplanationBuilder] Selected match org.jetbrains.kotlin:kotlin-script-runtime:1.4.32 configuration runtime from candidates [org.jetbrains.kotlin:kotlin-script-runtime:1.4.32 configuration runtime] for {org.gradle.category=library, org.gradle.dependency.bundling=external, org.gradle.jvm.version=14, org.gradle.libraryelements=jar, org.gradle.usage=java-runtime}
2021-06-06T09:17:15.719-0500 [DEBUG] [org.gradle.internal.component.model.LoggingAttributeMatchingExplanationBuilder] Selected match org.jetbrains.kotlin:kotlin-daemon-embeddable:1.4.32 configuration runtime from candidates [org.jetbrains.kotlin:kotlin-daemon-embeddable:1.4.32 configuration runtime] for {org.gradle.category=library, org.gradle.dependency.bundling=external, org.gradle.jvm.version=14, org.gradle.libraryelements=jar, org.gradle.usage=java-runtime}
2021-06-06T09:17:15.719-0500 [DEBUG] [org.gradle.internal.component.model.LoggingAttributeMatchingExplanationBuilder] Selected match org.jetbrains.intellij.deps:trove4j:1.0.20181211 configuration runtime from candidates [org.jetbrains.intellij.deps:trove4j:1.0.20181211 configuration runtime] for {org.gradle.category=library, org.gradle.dependency.bundling=external, org.gradle.jvm.version=14, org.gradle.libraryelements=jar, org.gradle.usage=java-runtime}
2021-06-06T09:17:15.719-0500 [DEBUG] [org.gradle.internal.component.model.LoggingAttributeMatchingExplanationBuilder] Selected match org.jetbrains.kotlin:kotlin-build-common:1.4.32 configuration runtime from candidates [org.jetbrains.kotlin:kotlin-build-common:1.4.32 configuration runtime] for {org.gradle.category=library, org.gradle.dependency.bundling=external, org.gradle.jvm.version=14, org.gradle.libraryelements=jar, org.gradle.usage=java-runtime}
2021-06-06T09:17:15.719-0500 [DEBUG] [org.gradle.internal.component.model.LoggingAttributeMatchingExplanationBuilder] Selected match org.apache.commons:commons-compress:1.12 configuration runtime from candidates [org.apache.commons:commons-compress:1.12 configuration runtime] for {org.gradle.category=library, org.gradle.dependency.bundling=external, org.gradle.jvm.version=14, org.gradle.libraryelements=jar, org.gradle.usage=java-runtime}
2021-06-06T09:17:15.719-0500 [DEBUG] [org.gradle.internal.component.model.LoggingAttributeMatchingExplanationBuilder] Selected match xerces:xercesImpl:2.12.0 configuration runtime from candidates [xerces:xercesImpl:2.12.0 configuration runtime] for {org.gradle.category=library, org.gradle.dependency.bundling=external, org.gradle.jvm.version=14, org.gradle.libraryelements=jar, org.gradle.usage=java-runtime}
2021-06-06T09:17:15.719-0500 [DEBUG] [org.gradle.internal.component.model.LoggingAttributeMatchingExplanationBuilder] Selected match net.sf.kxml:kxml2:2.3.0 configuration runtime from candidates [net.sf.kxml:kxml2:2.3.0 configuration runtime] for {org.gradle.category=library, org.gradle.dependency.bundling=external, org.gradle.jvm.version=14, org.gradle.libraryelements=jar, org.gradle.usage=java-runtime}
2021-06-06T09:17:15.719-0500 [DEBUG] [org.gradle.internal.component.model.LoggingAttributeMatchingExplanationBuilder] Selected match com.google.code.findbugs:jsr305:3.0.2 configuration runtime from candidates [com.google.code.findbugs:jsr305:3.0.2 configuration runtime] for {org.gradle.category=library, org.gradle.dependency.bundling=external, org.gradle.jvm.version=14, org.gradle.libraryelements=jar, org.gradle.usage=java-runtime}
2021-06-06T09:17:15.719-0500 [DEBUG] [org.gradle.internal.component.model.LoggingAttributeMatchingExplanationBuilder] Selected match com.google.guava:failureaccess:1.0.1 configuration runtime from candidates [com.google.guava:failureaccess:1.0.1 configuration runtime] for {org.gradle.category=library, org.gradle.dependency.bundling=external, org.gradle.jvm.version=14, org.gradle.libraryelements=jar, org.gradle.usage=java-runtime}
2021-06-06T09:17:15.719-0500 [DEBUG] [org.gradle.internal.component.model.LoggingAttributeMatchingExplanationBuilder] Selected match com.google.guava:listenablefuture:9999.0-empty-to-avoid-conflict-with-guava configuration runtime from candidates [com.google.guava:listenablefuture:9999.0-empty-to-avoid-conflict-with-guava configuration runtime] for {org.gradle.category=library, org.gradle.dependency.bundling=external, org.gradle.jvm.version=14, org.gradle.libraryelements=jar, org.gradle.usage=java-runtime}
2021-06-06T09:17:15.720-0500 [DEBUG] [org.gradle.internal.component.model.LoggingAttributeMatchingExplanationBuilder] Selected match com.google.j2objc:j2objc-annotations:1.3 configuration runtime from candidates [com.google.j2objc:j2objc-annotations:1.3 configuration runtime] for {org.gradle.category=library, org.gradle.dependency.bundling=external, org.gradle.jvm.version=14, org.gradle.libraryelements=jar, org.gradle.usage=java-runtime}
2021-06-06T09:17:15.720-0500 [DEBUG] [org.gradle.internal.component.model.LoggingAttributeMatchingExplanationBuilder] Selected match org.codehaus.mojo:animal-sniffer-annotations:1.18 configuration runtime from candidates [org.codehaus.mojo:animal-sniffer-annotations:1.18 configuration runtime] for {org.gradle.category=library, org.gradle.dependency.bundling=external, org.gradle.jvm.version=14, org.gradle.libraryelements=jar, org.gradle.usage=java-runtime}
2021-06-06T09:17:15.720-0500 [DEBUG] [org.gradle.internal.component.model.LoggingAttributeMatchingExplanationBuilder] Selected match commons-logging:commons-logging:1.2 configuration runtime from candidates [commons-logging:commons-logging:1.2 configuration runtime] for {org.gradle.category=library, org.gradle.dependency.bundling=external, org.gradle.jvm.version=14, org.gradle.libraryelements=jar, org.gradle.usage=java-runtime}
2021-06-06T09:17:15.720-0500 [DEBUG] [org.gradle.internal.component.model.LoggingAttributeMatchingExplanationBuilder] Selected match commons-codec:commons-codec:1.10 configuration runtime from candidates [commons-codec:commons-codec:1.10 configuration runtime] for {org.gradle.category=library, org.gradle.dependency.bundling=external, org.gradle.jvm.version=14, org.gradle.libraryelements=jar, org.gradle.usage=java-runtime}
2021-06-06T09:17:15.720-0500 [DEBUG] [org.gradle.internal.component.model.LoggingAttributeMatchingExplanationBuilder] Selected match org.jvnet.staxex:stax-ex:1.8.1 configuration runtime from candidates [org.jvnet.staxex:stax-ex:1.8.1 configuration runtime] for {org.gradle.category=library, org.gradle.dependency.bundling=external, org.gradle.jvm.version=14, org.gradle.libraryelements=jar, org.gradle.usage=java-runtime}
2021-06-06T09:17:15.720-0500 [DEBUG] [org.gradle.internal.component.model.LoggingAttributeMatchingExplanationBuilder] Selected match jakarta.xml.bind:jakarta.xml.bind-api:2.3.2 configuration runtime from candidates [jakarta.xml.bind:jakarta.xml.bind-api:2.3.2 configuration runtime] for {org.gradle.category=library, org.gradle.dependency.bundling=external, org.gradle.jvm.version=14, org.gradle.libraryelements=jar, org.gradle.usage=java-runtime}
2021-06-06T09:17:15.720-0500 [DEBUG] [org.gradle.internal.component.model.LoggingAttributeMatchingExplanationBuilder] Selected match org.glassfish.jaxb:txw2:2.3.2 configuration runtime from candidates [org.glassfish.jaxb:txw2:2.3.2 configuration runtime] for {org.gradle.category=library, org.gradle.dependency.bundling=external, org.gradle.jvm.version=14, org.gradle.libraryelements=jar, org.gradle.usage=java-runtime}
2021-06-06T09:17:15.721-0500 [DEBUG] [org.gradle.internal.component.model.LoggingAttributeMatchingExplanationBuilder] Selected match com.sun.istack:istack-commons-runtime:3.0.8 configuration runtime from candidates [com.sun.istack:istack-commons-runtime:3.0.8 configuration runtime] for {org.gradle.category=library, org.gradle.dependency.bundling=external, org.gradle.jvm.version=14, org.gradle.libraryelements=jar, org.gradle.usage=java-runtime}
2021-06-06T09:17:15.721-0500 [DEBUG] [org.gradle.internal.component.model.LoggingAttributeMatchingExplanationBuilder] Selected match com.sun.xml.fastinfoset:FastInfoset:1.2.16 configuration runtime from candidates [com.sun.xml.fastinfoset:FastInfoset:1.2.16 configuration runtime] for {org.gradle.category=library, org.gradle.dependency.bundling=external, org.gradle.jvm.version=14, org.gradle.libraryelements=jar, org.gradle.usage=java-runtime}
2021-06-06T09:17:15.721-0500 [DEBUG] [org.gradle.internal.component.model.LoggingAttributeMatchingExplanationBuilder] Selected match jakarta.activation:jakarta.activation-api:1.2.1 configuration runtime from candidates [jakarta.activation:jakarta.activation-api:1.2.1 configuration runtime] for {org.gradle.category=library, org.gradle.dependency.bundling=external, org.gradle.jvm.version=14, org.gradle.libraryelements=jar, org.gradle.usage=java-runtime}
2021-06-06T09:17:15.721-0500 [DEBUG] [org.gradle.internal.component.model.LoggingAttributeMatchingExplanationBuilder] Selected match com.sun.activation:javax.activation:1.2.0 configuration runtime from candidates [com.sun.activation:javax.activation:1.2.0 configuration runtime] for {org.gradle.category=library, org.gradle.dependency.bundling=external, org.gradle.jvm.version=14, org.gradle.libraryelements=jar, org.gradle.usage=java-runtime}
2021-06-06T09:17:15.721-0500 [DEBUG] [org.gradle.internal.component.model.LoggingAttributeMatchingExplanationBuilder] Selected match net.java.dev.jna:jna-platform:5.6.0 configuration runtime from candidates [net.java.dev.jna:jna-platform:5.6.0 configuration runtime] for {org.gradle.category=library, org.gradle.dependency.bundling=external, org.gradle.jvm.version=14, org.gradle.libraryelements=jar, org.gradle.usage=java-runtime}
2021-06-06T09:17:15.721-0500 [DEBUG] [org.gradle.internal.component.model.LoggingAttributeMatchingExplanationBuilder] Selected match xml-apis:xml-apis:1.4.01 configuration runtime from candidates [xml-apis:xml-apis:1.4.01 configuration runtime] for {org.gradle.category=library, org.gradle.dependency.bundling=external, org.gradle.jvm.version=14, org.gradle.libraryelements=jar, org.gradle.usage=java-runtime}
2021-06-06T09:17:15.721-0500 [DEBUG] [org.gradle.internal.component.model.LoggingAttributeMatchingExplanationBuilder] Selected match net.java.dev.jna:jna:5.6.0 configuration runtime from candidates [net.java.dev.jna:jna:5.6.0 configuration runtime] for {org.gradle.category=library, org.gradle.dependency.bundling=external, org.gradle.jvm.version=14, org.gradle.libraryelements=jar, org.gradle.usage=java-runtime}
2021-06-06T09:17:15.729-0500 [DEBUG] [org.gradle.api.internal.artifacts.repositories.resolver.DefaultExternalResourceArtifactResolver] Loading https://dl.google.com/dl/android/maven2/com/android/tools/build/gradle/4.2.1/gradle-4.2.1.jar
2021-06-06T09:17:15.729-0500 [DEBUG] [org.gradle.api.internal.artifacts.repositories.resolver.DefaultExternalResourceArtifactResolver] Loading https://repo.maven.apache.org/maven2/org/tensorflow/tensorflow-lite-metadata/0.1.0-rc2/tensorflow-lite-metadata-0.1.0-rc2.jar
2021-06-06T09:17:15.729-0500 [DEBUG] [org.gradle.api.internal.artifacts.repositories.resolver.DefaultExternalResourceArtifactResolver] Loading https://dl.google.com/dl/android/maven2/com/android/tools/build/aaptcompiler/4.2.1/aaptcompiler-4.2.1.jar
2021-06-06T09:17:15.729-0500 [DEBUG] [org.gradle.api.internal.artifacts.repositories.resolver.DefaultExternalResourceArtifactResolver] Loading https://repo.maven.apache.org/maven2/org/jetbrains/kotlin/kotlin-gradle-plugin/1.4.32/kotlin-gradle-plugin-1.4.32.jar
2021-06-06T09:17:15.730-0500 [DEBUG] [org.gradle.internal.resource.transfer.DefaultCacheAwareExternalResourceAccessor] Constructing external resource: https://repo.maven.apache.org/maven2/org/jetbrains/kotlin/kotlin-gradle-plugin/1.4.32/kotlin-gradle-plugin-1.4.32.jar
2021-06-06T09:17:15.729-0500 [DEBUG] [org.gradle.api.internal.artifacts.repositories.resolver.DefaultExternalResourceArtifactResolver] Loading https://dl.google.com/dl/android/maven2/com/android/tools/build/bundletool/1.1.0/bundletool-1.1.0.jar
2021-06-06T09:17:15.730-0500 [DEBUG] [org.gradle.internal.resource.transfer.DefaultCacheAwareExternalResourceAccessor] Constructing external resource: https://dl.google.com/dl/android/maven2/com/android/tools/build/bundletool/1.1.0/bundletool-1.1.0.jar
2021-06-06T09:17:15.730-0500 [DEBUG] [org.gradle.api.internal.artifacts.repositories.resolver.DefaultExternalResourceArtifactResolver] Loading https://repo.maven.apache.org/maven2/com/google/flatbuffers/flatbuffers-java/1.12.0/flatbuffers-java-1.12.0.jar
2021-06-06T09:17:15.730-0500 [DEBUG] [org.gradle.internal.resource.transfer.DefaultCacheAwareExternalResourceAccessor] Constructing external resource: https://repo.maven.apache.org/maven2/com/google/flatbuffers/flatbuffers-java/1.12.0/flatbuffers-java-1.12.0.jar
2021-06-06T09:17:15.729-0500 [DEBUG] [org.gradle.internal.resource.transfer.DefaultCacheAwareExternalResourceAccessor] Constructing external resource: https://dl.google.com/dl/android/maven2/com/android/tools/build/aaptcompiler/4.2.1/aaptcompiler-4.2.1.jar
2021-06-06T09:17:15.729-0500 [DEBUG] [org.gradle.internal.resource.transfer.DefaultCacheAwareExternalResourceAccessor] Constructing external resource: https://repo.maven.apache.org/maven2/org/tensorflow/tensorflow-lite-metadata/0.1.0-rc2/tensorflow-lite-metadata-0.1.0-rc2.jar
2021-06-06T09:17:15.729-0500 [DEBUG] [org.gradle.internal.resource.transfer.DefaultCacheAwareExternalResourceAccessor] Constructing external resource: https://dl.google.com/dl/android/maven2/com/android/tools/build/gradle/4.2.1/gradle-4.2.1.jar
2021-06-06T09:17:15.732-0500 [DEBUG] [org.gradle.internal.resource.transport.http.HttpResourceAccessor] Constructing external resource: https://repo.maven.apache.org/maven2/org/jetbrains/kotlin/kotlin-gradle-plugin/1.4.32/kotlin-gradle-plugin-1.4.32.jar
2021-06-06T09:17:15.732-0500 [DEBUG] [org.gradle.internal.resource.transport.http.HttpClientHelper] Performing HTTP GET: https://repo.maven.apache.org/maven2/org/jetbrains/kotlin/kotlin-gradle-plugin/1.4.32/kotlin-gradle-plugin-1.4.32.jar
2021-06-06T09:17:15.730-0500 [DEBUG] [org.gradle.internal.work.DefaultWorkerLeaseService] Worker lease root.1.93.102 started (8 worker(s) in use).
2021-06-06T09:17:15.732-0500 [DEBUG] [org.gradle.internal.resources.AbstractTrackedResourceLock] Daemon worker: acquired lock on root.1.93.102
2021-06-06T09:17:15.733-0500 [DEBUG] [org.apache.http.client.protocol.RequestAddCookies] CookieSpec selected: default
2021-06-06T09:17:15.733-0500 [DEBUG] [org.apache.http.client.protocol.RequestAuthCache] Auth cache not set in the context
2021-06-06T09:17:15.733-0500 [DEBUG] [org.apache.http.impl.conn.PoolingHttpClientConnectionManager] Connection request: [route: {s}->https://repo.maven.apache.org:443][total kept alive: 8; route allocated: 8 of 20; total allocated: 8 of 20]
2021-06-06T09:17:15.733-0500 [DEBUG] [org.apache.http.impl.conn.PoolingHttpClientConnectionManager] Connection leased: [id: 12][route: {s}->https://repo.maven.apache.org:443][total kept alive: 7; route allocated: 8 of 20; total allocated: 8 of 20]
2021-06-06T09:17:15.733-0500 [DEBUG] [org.apache.http.impl.conn.DefaultManagedHttpClientConnection] http-outgoing-12: set socket timeout to 30000
2021-06-06T09:17:15.733-0500 [DEBUG] [org.apache.http.impl.conn.DefaultManagedHttpClientConnection] http-outgoing-12: set socket timeout to 30000
2021-06-06T09:17:15.734-0500 [DEBUG] [org.gradle.internal.resource.transport.http.HttpResourceAccessor] Constructing external resource: https://repo.maven.apache.org/maven2/com/google/flatbuffers/flatbuffers-java/1.12.0/flatbuffers-java-1.12.0.jar
2021-06-06T09:17:15.734-0500 [DEBUG] [org.gradle.api.internal.artifacts.repositories.resolver.DefaultExternalResourceArtifactResolver] Loading https://dl.google.com/dl/android/maven2/com/android/tools/build/builder/4.2.1/builder-4.2.1.jar
2021-06-06T09:17:15.733-0500 [DEBUG] [org.apache.http.impl.execchain.MainClientExec] Executing request GET /maven2/org/jetbrains/kotlin/kotlin-gradle-plugin/1.4.32/kotlin-gradle-plugin-1.4.32.jar HTTP/1.1
2021-06-06T09:17:15.733-0500 [DEBUG] [org.gradle.api.internal.artifacts.repositories.resolver.DefaultExternalResourceArtifactResolver] Loading https://dl.google.com/dl/android/maven2/com/android/tools/lint/lint-gradle-api/27.2.1/lint-gradle-api-27.2.1.jar
2021-06-06T09:17:15.735-0500 [DEBUG] [org.gradle.internal.resource.transfer.DefaultCacheAwareExternalResourceAccessor] Constructing external resource: https://dl.google.com/dl/android/maven2/com/android/tools/lint/lint-gradle-api/27.2.1/lint-gradle-api-27.2.1.jar
2021-06-06T09:17:15.734-0500 [DEBUG] [org.apache.http.impl.execchain.MainClientExec] Target auth state: UNCHALLENGED
2021-06-06T09:17:15.735-0500 [DEBUG] [org.apache.http.impl.execchain.MainClientExec] Proxy auth state: UNCHALLENGED
2021-06-06T09:17:15.734-0500 [DEBUG] [org.gradle.internal.resource.transfer.DefaultCacheAwareExternalResourceAccessor] Constructing external resource: https://dl.google.com/dl/android/maven2/com/android/tools/build/builder/4.2.1/builder-4.2.1.jar
2021-06-06T09:17:15.735-0500 [DEBUG] [org.gradle.internal.resource.transport.http.HttpResourceAccessor] Constructing external resource: https://dl.google.com/dl/android/maven2/com/android/tools/build/gradle/4.2.1/gradle-4.2.1.jar
2021-06-06T09:17:15.735-0500 [DEBUG] [org.gradle.internal.resource.transport.http.HttpClientHelper] Performing HTTP GET: https://dl.google.com/dl/android/maven2/com/android/tools/build/gradle/4.2.1/gradle-4.2.1.jar
2021-06-06T09:17:15.735-0500 [DEBUG] [org.apache.http.client.protocol.RequestAddCookies] CookieSpec selected: default
2021-06-06T09:17:15.736-0500 [DEBUG] [org.apache.http.client.protocol.RequestAuthCache] Auth cache not set in the context
2021-06-06T09:17:15.736-0500 [DEBUG] [org.apache.http.impl.conn.PoolingHttpClientConnectionManager] Connection request: [route: {s}->https://dl.google.com:443][total kept alive: 8; route allocated: 8 of 20; total allocated: 8 of 20]
2021-06-06T09:17:15.736-0500 [DEBUG] [org.apache.http.impl.conn.PoolingHttpClientConnectionManager] Connection leased: [id: 3][route: {s}->https://dl.google.com:443][total kept alive: 7; route allocated: 8 of 20; total allocated: 8 of 20]
2021-06-06T09:17:15.736-0500 [DEBUG] [org.apache.http.impl.conn.DefaultManagedHttpClientConnection] http-outgoing-3: set socket timeout to 30000
2021-06-06T09:17:15.736-0500 [DEBUG] [org.apache.http.impl.conn.DefaultManagedHttpClientConnection] http-outgoing-3: set socket timeout to 30000
2021-06-06T09:17:15.736-0500 [DEBUG] [org.apache.http.impl.execchain.MainClientExec] Executing request GET /dl/android/maven2/com/android/tools/build/gradle/4.2.1/gradle-4.2.1.jar HTTP/1.1
2021-06-06T09:17:15.736-0500 [DEBUG] [org.apache.http.impl.execchain.MainClientExec] Target auth state: UNCHALLENGED
2021-06-06T09:17:15.736-0500 [DEBUG] [org.apache.http.impl.execchain.MainClientExec] Proxy auth state: UNCHALLENGED
2021-06-06T09:17:15.734-0500 [DEBUG] [org.gradle.internal.resource.transport.http.HttpClientHelper] Performing HTTP GET: https://repo.maven.apache.org/maven2/com/google/flatbuffers/flatbuffers-java/1.12.0/flatbuffers-java-1.12.0.jar
2021-06-06T09:17:15.734-0500 [DEBUG] [org.gradle.internal.resource.transport.http.HttpResourceAccessor] Constructing external resource: https://dl.google.com/dl/android/maven2/com/android/tools/build/bundletool/1.1.0/bundletool-1.1.0.jar
2021-06-06T09:17:15.735-0500 [DEBUG] [org.gradle.internal.resource.transport.http.HttpResourceAccessor] Constructing external resource: https://dl.google.com/dl/android/maven2/com/android/tools/build/aaptcompiler/4.2.1/aaptcompiler-4.2.1.jar
2021-06-06T09:17:15.735-0500 [DEBUG] [org.gradle.internal.resource.transport.http.HttpResourceAccessor] Constructing external resource: https://repo.maven.apache.org/maven2/org/tensorflow/tensorflow-lite-metadata/0.1.0-rc2/tensorflow-lite-metadata-0.1.0-rc2.jar
2021-06-06T09:17:15.737-0500 [DEBUG] [org.gradle.internal.resource.transport.http.HttpClientHelper] Performing HTTP GET: https://dl.google.com/dl/android/maven2/com/android/tools/build/aaptcompiler/4.2.1/aaptcompiler-4.2.1.jar
2021-06-06T09:17:15.737-0500 [DEBUG] [org.gradle.internal.resource.transport.http.HttpResourceAccessor] Constructing external resource: https://dl.google.com/dl/android/maven2/com/android/tools/lint/lint-gradle-api/27.2.1/lint-gradle-api-27.2.1.jar
2021-06-06T09:17:15.737-0500 [DEBUG] [org.gradle.internal.resource.transport.http.HttpClientHelper] Performing HTTP GET: https://dl.google.com/dl/android/maven2/com/android/tools/build/bundletool/1.1.0/bundletool-1.1.0.jar
2021-06-06T09:17:15.737-0500 [DEBUG] [org.apache.http.client.protocol.RequestAddCookies] CookieSpec selected: default
2021-06-06T09:17:15.737-0500 [DEBUG] [org.gradle.internal.resource.transport.http.HttpClientHelper] Performing HTTP GET: https://dl.google.com/dl/android/maven2/com/android/tools/lint/lint-gradle-api/27.2.1/lint-gradle-api-27.2.1.jar
2021-06-06T09:17:15.737-0500 [DEBUG] [org.apache.http.client.protocol.RequestAddCookies] CookieSpec selected: default
2021-06-06T09:17:15.737-0500 [DEBUG] [org.gradle.internal.resource.transport.http.HttpResourceAccessor] Constructing external resource: https://dl.google.com/dl/android/maven2/com/android/tools/build/builder/4.2.1/builder-4.2.1.jar
2021-06-06T09:17:15.737-0500 [DEBUG] [org.gradle.internal.resource.transport.http.HttpClientHelper] Performing HTTP GET: https://repo.maven.apache.org/maven2/org/tensorflow/tensorflow-lite-metadata/0.1.0-rc2/tensorflow-lite-metadata-0.1.0-rc2.jar
2021-06-06T09:17:15.738-0500 [DEBUG] [org.gradle.internal.resource.transport.http.HttpClientHelper] Performing HTTP GET: https://dl.google.com/dl/android/maven2/com/android/tools/build/builder/4.2.1/builder-4.2.1.jar
2021-06-06T09:17:15.738-0500 [DEBUG] [org.apache.http.client.protocol.RequestAddCookies] CookieSpec selected: default
2021-06-06T09:17:15.738-0500 [DEBUG] [org.apache.http.client.protocol.RequestAuthCache] Auth cache not set in the context
2021-06-06T09:17:15.738-0500 [DEBUG] [org.apache.http.client.protocol.RequestAddCookies] CookieSpec selected: default
2021-06-06T09:17:15.738-0500 [DEBUG] [org.apache.http.client.protocol.RequestAuthCache] Auth cache not set in the context
2021-06-06T09:17:15.738-0500 [DEBUG] [org.apache.http.client.protocol.RequestAddCookies] CookieSpec selected: default
2021-06-06T09:17:15.739-0500 [DEBUG] [org.apache.http.impl.conn.PoolingHttpClientConnectionManager] Connection request: [route: {s}->https://repo.maven.apache.org:443][total kept alive: 7; route allocated: 8 of 20; total allocated: 8 of 20]
2021-06-06T09:17:15.738-0500 [DEBUG] [org.apache.http.client.protocol.RequestAuthCache] Auth cache not set in the context
2021-06-06T09:17:15.738-0500 [DEBUG] [org.apache.http.impl.conn.PoolingHttpClientConnectionManager] Connection request: [route: {s}->https://dl.google.com:443][total kept alive: 7; route allocated: 8 of 20; total allocated: 8 of 20]
2021-06-06T09:17:15.738-0500 [DEBUG] [org.apache.http.client.protocol.RequestAuthCache] Auth cache not set in the context
2021-06-06T09:17:15.738-0500 [DEBUG] [org.apache.http.client.protocol.RequestAddCookies] CookieSpec selected: default
2021-06-06T09:17:15.739-0500 [DEBUG] [org.apache.http.impl.conn.PoolingHttpClientConnectionManager] Connection request: [route: {s}->https://repo.maven.apache.org:443][total kept alive: 6; route allocated: 8 of 20; total allocated: 8 of 20]
2021-06-06T09:17:15.739-0500 [DEBUG] [org.apache.http.impl.conn.PoolingHttpClientConnectionManager] Connection leased: [id: 1][route: {s}->https://dl.google.com:443][total kept alive: 6; route allocated: 8 of 20; total allocated: 8 of 20]
2021-06-06T09:17:15.739-0500 [DEBUG] [org.apache.http.impl.conn.PoolingHttpClientConnectionManager] Connection request: [route: {s}->https://dl.google.com:443][total kept alive: 7; route allocated: 8 of 20; total allocated: 8 of 20]
2021-06-06T09:17:15.739-0500 [DEBUG] [org.apache.http.impl.conn.PoolingHttpClientConnectionManager] Connection leased: [id: 15][route: {s}->https://repo.maven.apache.org:443][total kept alive: 6; route allocated: 8 of 20; total allocated: 8 of 20]
2021-06-06T09:17:15.739-0500 [DEBUG] [org.apache.http.client.protocol.RequestAuthCache] Auth cache not set in the context
2021-06-06T09:17:15.740-0500 [DEBUG] [org.apache.http.impl.conn.DefaultManagedHttpClientConnection] http-outgoing-15: set socket timeout to 30000
2021-06-06T09:17:15.740-0500 [DEBUG] [org.apache.http.impl.conn.PoolingHttpClientConnectionManager] Connection leased: [id: 5][route: {s}->https://dl.google.com:443][total kept alive: 5; route allocated: 8 of 20; total allocated: 8 of 20]
2021-06-06T09:17:15.739-0500 [DEBUG] [org.apache.http.impl.conn.DefaultManagedHttpClientConnection] http-outgoing-1: set socket timeout to 30000
2021-06-06T09:17:15.739-0500 [DEBUG] [org.apache.http.impl.conn.PoolingHttpClientConnectionManager] Connection leased: [id: 13][route: {s}->https://repo.maven.apache.org:443][total kept alive: 5; route allocated: 8 of 20; total allocated: 8 of 20]
2021-06-06T09:17:15.739-0500 [DEBUG] [org.apache.http.client.protocol.RequestAuthCache] Auth cache not set in the context
2021-06-06T09:17:15.740-0500 [DEBUG] [org.apache.http.impl.conn.DefaultManagedHttpClientConnection] http-outgoing-13: set socket timeout to 30000
2021-06-06T09:17:15.740-0500 [DEBUG] [org.apache.http.impl.conn.DefaultManagedHttpClientConnection] http-outgoing-1: set socket timeout to 30000
2021-06-06T09:17:15.740-0500 [DEBUG] [org.apache.http.impl.conn.DefaultManagedHttpClientConnection] http-outgoing-5: set socket timeout to 30000
2021-06-06T09:17:15.740-0500 [DEBUG] [org.apache.http.impl.conn.DefaultManagedHttpClientConnection] http-outgoing-15: set socket timeout to 30000
2021-06-06T09:17:15.740-0500 [DEBUG] [org.apache.http.impl.conn.PoolingHttpClientConnectionManager] Connection request: [route: {s}->https://dl.google.com:443][total kept alive: 5; route allocated: 8 of 20; total allocated: 8 of 20]
2021-06-06T09:17:15.741-0500 [DEBUG] [org.apache.http.impl.execchain.MainClientExec] Executing request GET /maven2/com/google/flatbuffers/flatbuffers-java/1.12.0/flatbuffers-java-1.12.0.jar HTTP/1.1
2021-06-06T09:17:15.741-0500 [DEBUG] [org.apache.http.impl.execchain.MainClientExec] Target auth state: UNCHALLENGED
2021-06-06T09:17:15.741-0500 [DEBUG] [org.apache.http.impl.execchain.MainClientExec] Proxy auth state: UNCHALLENGED
2021-06-06T09:17:15.741-0500 [DEBUG] [org.apache.http.impl.conn.DefaultManagedHttpClientConnection] http-outgoing-5: set socket timeout to 30000
2021-06-06T09:17:15.740-0500 [DEBUG] [org.apache.http.impl.execchain.MainClientExec] Executing request GET /dl/android/maven2/com/android/tools/build/aaptcompiler/4.2.1/aaptcompiler-4.2.1.jar HTTP/1.1
2021-06-06T09:17:15.741-0500 [DEBUG] [org.apache.http.impl.execchain.MainClientExec] Target auth state: UNCHALLENGED
2021-06-06T09:17:15.741-0500 [DEBUG] [org.apache.http.impl.execchain.MainClientExec] Proxy auth state: UNCHALLENGED
2021-06-06T09:17:15.740-0500 [DEBUG] [org.apache.http.impl.conn.DefaultManagedHttpClientConnection] http-outgoing-13: set socket timeout to 30000
2021-06-06T09:17:15.740-0500 [DEBUG] [org.apache.http.impl.conn.PoolingHttpClientConnectionManager] Connection request: [route: {s}->https://dl.google.com:443][total kept alive: 5; route allocated: 8 of 20; total allocated: 8 of 20]
2021-06-06T09:17:15.742-0500 [DEBUG] [org.apache.http.impl.conn.PoolingHttpClientConnectionManager] Connection leased: [id: 0][route: {s}->https://dl.google.com:443][total kept alive: 3; route allocated: 8 of 20; total allocated: 8 of 20]
2021-06-06T09:17:15.742-0500 [DEBUG] [org.apache.http.impl.conn.DefaultManagedHttpClientConnection] http-outgoing-0: set socket timeout to 30000
2021-06-06T09:17:15.742-0500 [DEBUG] [org.apache.http.impl.conn.DefaultManagedHttpClientConnection] http-outgoing-0: set socket timeout to 30000
2021-06-06T09:17:15.742-0500 [DEBUG] [org.apache.http.impl.execchain.MainClientExec] Executing request GET /dl/android/maven2/com/android/tools/build/builder/4.2.1/builder-4.2.1.jar HTTP/1.1
2021-06-06T09:17:15.742-0500 [DEBUG] [org.apache.http.impl.execchain.MainClientExec] Target auth state: UNCHALLENGED
2021-06-06T09:17:15.742-0500 [DEBUG] [org.apache.http.impl.execchain.MainClientExec] Proxy auth state: UNCHALLENGED
2021-06-06T09:17:15.741-0500 [DEBUG] [org.apache.http.impl.execchain.MainClientExec] Executing request GET /maven2/org/tensorflow/tensorflow-lite-metadata/0.1.0-rc2/tensorflow-lite-metadata-0.1.0-rc2.jar HTTP/1.1
2021-06-06T09:17:15.742-0500 [DEBUG] [org.apache.http.impl.execchain.MainClientExec] Target auth state: UNCHALLENGED
2021-06-06T09:17:15.742-0500 [DEBUG] [org.apache.http.impl.execchain.MainClientExec] Proxy auth state: UNCHALLENGED
2021-06-06T09:17:15.741-0500 [DEBUG] [org.apache.http.impl.execchain.MainClientExec] Executing request GET /dl/android/maven2/com/android/tools/lint/lint-gradle-api/27.2.1/lint-gradle-api-27.2.1.jar HTTP/1.1
2021-06-06T09:17:15.743-0500 [DEBUG] [org.apache.http.impl.execchain.MainClientExec] Target auth state: UNCHALLENGED
2021-06-06T09:17:15.743-0500 [DEBUG] [org.apache.http.impl.execchain.MainClientExec] Proxy auth state: UNCHALLENGED
2021-06-06T09:17:15.741-0500 [DEBUG] [org.apache.http.impl.conn.PoolingHttpClientConnectionManager] Connection leased: [id: 8][route: {s}->https://dl.google.com:443][total kept alive: 4; route allocated: 8 of 20; total allocated: 8 of 20]
2021-06-06T09:17:15.743-0500 [DEBUG] [org.apache.http.impl.conn.DefaultManagedHttpClientConnection] http-outgoing-8: set socket timeout to 30000
2021-06-06T09:17:15.743-0500 [DEBUG] [org.apache.http.impl.conn.DefaultManagedHttpClientConnection] http-outgoing-8: set socket timeout to 30000
2021-06-06T09:17:15.743-0500 [DEBUG] [org.apache.http.impl.execchain.MainClientExec] Executing request GET /dl/android/maven2/com/android/tools/build/bundletool/1.1.0/bundletool-1.1.0.jar HTTP/1.1
2021-06-06T09:17:15.743-0500 [DEBUG] [org.apache.http.impl.execchain.MainClientExec] Target auth state: UNCHALLENGED
2021-06-06T09:17:15.743-0500 [DEBUG] [org.apache.http.impl.execchain.MainClientExec] Proxy auth state: UNCHALLENGED
2021-06-06T09:17:15.762-0500 [DEBUG] [org.apache.http.impl.execchain.MainClientExec] Connection can be kept alive indefinitely
2021-06-06T09:17:15.762-0500 [DEBUG] [org.gradle.internal.resource.transport.http.HttpResponseResource] Attempting to download resource https://repo.maven.apache.org/maven2/org/jetbrains/kotlin/kotlin-gradle-plugin/1.4.32/kotlin-gradle-plugin-1.4.32.jar.
2021-06-06T09:17:15.764-0500 [INFO] [org.gradle.internal.resource.transfer.DefaultCacheAwareExternalResourceAccessor] Downloading https://repo.maven.apache.org/maven2/org/jetbrains/kotlin/kotlin-gradle-plugin/1.4.32/kotlin-gradle-plugin-1.4.32.jar to C:\Users\gathi\AppData\Local\Temp\gradle_download17911419698069193511bin
2021-06-06T09:17:15.775-0500 [DEBUG] [org.apache.http.impl.execchain.MainClientExec] Connection can be kept alive indefinitely
2021-06-06T09:17:15.775-0500 [DEBUG] [org.apache.http.impl.execchain.MainClientExec] Connection can be kept alive indefinitely
2021-06-06T09:17:15.776-0500 [DEBUG] [org.gradle.internal.resource.transport.http.HttpResponseResource] Attempting to download resource https://repo.maven.apache.org/maven2/org/tensorflow/tensorflow-lite-metadata/0.1.0-rc2/tensorflow-lite-metadata-0.1.0-rc2.jar.
2021-06-06T09:17:15.776-0500 [DEBUG] [org.gradle.internal.resource.transport.http.HttpResponseResource] Attempting to download resource https://repo.maven.apache.org/maven2/com/google/flatbuffers/flatbuffers-java/1.12.0/flatbuffers-java-1.12.0.jar.
2021-06-06T09:17:15.778-0500 [INFO] [org.gradle.internal.resource.transfer.DefaultCacheAwareExternalResourceAccessor] Downloading https://repo.maven.apache.org/maven2/com/google/flatbuffers/flatbuffers-java/1.12.0/flatbuffers-java-1.12.0.jar to C:\Users\gathi\AppData\Local\Temp\gradle_download9166024760003921544bin
2021-06-06T09:17:15.778-0500 [INFO] [org.gradle.internal.resource.transfer.DefaultCacheAwareExternalResourceAccessor] Downloading https://repo.maven.apache.org/maven2/org/tensorflow/tensorflow-lite-metadata/0.1.0-rc2/tensorflow-lite-metadata-0.1.0-rc2.jar to C:\Users\gathi\AppData\Local\Temp\gradle_download8590565538301833543bin
2021-06-06T09:17:15.783-0500 [DEBUG] [org.apache.http.impl.execchain.MainClientExec] Connection can be kept alive indefinitely
2021-06-06T09:17:15.784-0500 [DEBUG] [org.gradle.internal.resource.transport.http.HttpResponseResource] Attempting to download resource https://dl.google.com/dl/android/maven2/com/android/tools/build/aaptcompiler/4.2.1/aaptcompiler-4.2.1.jar.
2021-06-06T09:17:15.784-0500 [DEBUG] [org.apache.http.impl.execchain.MainClientExec] Connection can be kept alive indefinitely
2021-06-06T09:17:15.785-0500 [DEBUG] [org.gradle.internal.resource.transport.http.HttpResponseResource] Attempting to download resource https://dl.google.com/dl/android/maven2/com/android/tools/lint/lint-gradle-api/27.2.1/lint-gradle-api-27.2.1.jar.
2021-06-06T09:17:15.785-0500 [INFO] [org.gradle.internal.resource.transfer.DefaultCacheAwareExternalResourceAccessor] Downloading https://dl.google.com/dl/android/maven2/com/android/tools/build/aaptcompiler/4.2.1/aaptcompiler-4.2.1.jar to C:\Users\gathi\AppData\Local\Temp\gradle_download7166443931624597771bin
2021-06-06T09:17:15.786-0500 [DEBUG] [org.apache.http.impl.execchain.MainClientExec] Connection can be kept alive indefinitely
2021-06-06T09:17:15.786-0500 [INFO] [org.gradle.internal.resource.transfer.DefaultCacheAwareExternalResourceAccessor] Downloading https://dl.google.com/dl/android/maven2/com/android/tools/lint/lint-gradle-api/27.2.1/lint-gradle-api-27.2.1.jar to C:\Users\gathi\AppData\Local\Temp\gradle_download13827011102990896935bin
2021-06-06T09:17:15.786-0500 [DEBUG] [org.gradle.internal.resource.transport.http.HttpResponseResource] Attempting to download resource https://dl.google.com/dl/android/maven2/com/android/tools/build/gradle/4.2.1/gradle-4.2.1.jar.
2021-06-06T09:17:15.788-0500 [INFO] [org.gradle.internal.resource.transfer.DefaultCacheAwareExternalResourceAccessor] Downloading https://dl.google.com/dl/android/maven2/com/android/tools/build/gradle/4.2.1/gradle-4.2.1.jar to C:\Users\gathi\AppData\Local\Temp\gradle_download1137298138216109688bin
2021-06-06T09:17:15.789-0500 [DEBUG] [org.apache.http.impl.execchain.MainClientExec] Connection can be kept alive indefinitely
2021-06-06T09:17:15.789-0500 [DEBUG] [org.gradle.internal.resource.transport.http.HttpResponseResource] Attempting to download resource https://dl.google.com/dl/android/maven2/com/android/tools/build/builder/4.2.1/builder-4.2.1.jar.
2021-06-06T09:17:15.789-0500 [DEBUG] [org.apache.http.impl.execchain.MainClientExec] Connection can be kept alive indefinitely
2021-06-06T09:17:15.790-0500 [DEBUG] [org.gradle.internal.resource.transport.http.HttpResponseResource] Attempting to download resource https://dl.google.com/dl/android/maven2/com/android/tools/build/bundletool/1.1.0/bundletool-1.1.0.jar.
2021-06-06T09:17:15.791-0500 [INFO] [org.gradle.internal.resource.transfer.DefaultCacheAwareExternalResourceAccessor] Downloading https://dl.google.com/dl/android/maven2/com/android/tools/build/builder/4.2.1/builder-4.2.1.jar to C:\Users\gathi\AppData\Local\Temp\gradle_download4845362814624499452bin
2021-06-06T09:17:15.792-0500 [INFO] [org.gradle.internal.resource.transfer.DefaultCacheAwareExternalResourceAccessor] Downloading https://dl.google.com/dl/android/maven2/com/android/tools/build/bundletool/1.1.0/bundletool-1.1.0.jar to C:\Users\gathi\AppData\Local\Temp\gradle_download1047157151671820853bin
2021-06-06T09:17:15.802-0500 [DEBUG] [org.apache.http.impl.conn.PoolingHttpClientConnectionManager] Connection [id: 5][route: {s}->https://dl.google.com:443] can be kept alive indefinitely
2021-06-06T09:17:15.803-0500 [DEBUG] [org.apache.http.impl.conn.DefaultManagedHttpClientConnection] http-outgoing-5: set socket timeout to 0
2021-06-06T09:17:15.803-0500 [DEBUG] [org.apache.http.impl.conn.PoolingHttpClientConnectionManager] Connection released: [id: 5][route: {s}->https://dl.google.com:443][total kept alive: 4; route allocated: 8 of 20; total allocated: 8 of 20]
2021-06-06T09:17:15.803-0500 [DEBUG] [org.gradle.internal.operations.DefaultBuildOperationRunner] Build operation 'Download https://dl.google.com/dl/android/maven2/com/android/tools/lint/lint-gradle-api/27.2.1/lint-gradle-api-27.2.1.jar' completed
2021-06-06T09:17:15.804-0500 [DEBUG] [org.apache.http.impl.conn.PoolingHttpClientConnectionManager] Connection [id: 15][route: {s}->https://repo.maven.apache.org:443] can be kept alive indefinitely
2021-06-06T09:17:15.805-0500 [DEBUG] [org.apache.http.impl.conn.DefaultManagedHttpClientConnection] http-outgoing-15: set socket timeout to 0
2021-06-06T09:17:15.805-0500 [DEBUG] [org.apache.http.impl.conn.PoolingHttpClientConnectionManager] Connection released: [id: 15][route: {s}->https://repo.maven.apache.org:443][total kept alive: 6; route allocated: 8 of 20; total allocated: 8 of 20]
2021-06-06T09:17:15.805-0500 [DEBUG] [org.gradle.internal.operations.DefaultBuildOperationRunner] Build operation 'Download https://repo.maven.apache.org/maven2/com/google/flatbuffers/flatbuffers-java/1.12.0/flatbuffers-java-1.12.0.jar' completed
2021-06-06T09:17:15.810-0500 [DEBUG] [org.gradle.api.internal.artifacts.ivyservice.ivyresolve.CachingModuleComponentRepository] Downloaded artifact 'org.gradle.internal.component.external.model.UrlBackedArtifactMetadata@494cf4a6' from resolver: Google
2021-06-06T09:17:15.815-0500 [DEBUG] [org.gradle.api.internal.artifacts.ivyservice.ivyresolve.CachingModuleComponentRepository] Downloaded artifact 'flatbuffers-java-1.12.0.jar (com.google.flatbuffers:flatbuffers-java:1.12.0)' from resolver: MavenRepo
2021-06-06T09:17:15.816-0500 [DEBUG] [org.gradle.internal.operations.DefaultBuildOperationRunner] Build operation 'Resolve lint-gradle-api-27.2.1.jar (com.android.tools.lint:lint-gradle-api:27.2.1)' completed
2021-06-06T09:17:15.817-0500 [DEBUG] [org.gradle.api.internal.artifacts.repositories.resolver.DefaultExternalResourceArtifactResolver] Loading https://dl.google.com/dl/android/maven2/com/android/tools/lint/lint-model/27.2.1/lint-model-27.2.1.jar
2021-06-06T09:17:15.817-0500 [DEBUG] [org.gradle.api.internal.artifacts.repositories.resolver.DefaultExternalResourceArtifactResolver] Loading https://dl.google.com/dl/android/maven2/com/android/tools/sdk-common/27.2.1/sdk-common-27.2.1.jar
2021-06-06T09:17:15.817-0500 [DEBUG] [org.gradle.internal.resource.transfer.DefaultCacheAwareExternalResourceAccessor] Constructing external resource: https://dl.google.com/dl/android/maven2/com/android/tools/lint/lint-model/27.2.1/lint-model-27.2.1.jar
2021-06-06T09:17:15.817-0500 [DEBUG] [org.gradle.internal.resource.transfer.DefaultCacheAwareExternalResourceAccessor] Constructing external resource: https://dl.google.com/dl/android/maven2/com/android/tools/sdk-common/27.2.1/sdk-common-27.2.1.jar
2021-06-06T09:17:15.819-0500 [DEBUG] [org.gradle.internal.resource.transport.http.HttpResourceAccessor] Constructing external resource: https://dl.google.com/dl/android/maven2/com/android/tools/sdk-common/27.2.1/sdk-common-27.2.1.jar
2021-06-06T09:17:15.819-0500 [DEBUG] [org.gradle.internal.resource.transport.http.HttpResourceAccessor] Constructing external resource: https://dl.google.com/dl/android/maven2/com/android/tools/lint/lint-model/27.2.1/lint-model-27.2.1.jar
2021-06-06T09:17:15.819-0500 [DEBUG] [org.gradle.internal.resource.transport.http.HttpClientHelper] Performing HTTP GET: https://dl.google.com/dl/android/maven2/com/android/tools/sdk-common/27.2.1/sdk-common-27.2.1.jar
2021-06-06T09:17:15.819-0500 [DEBUG] [org.gradle.internal.resource.transport.http.HttpClientHelper] Performing HTTP GET: https://dl.google.com/dl/android/maven2/com/android/tools/lint/lint-model/27.2.1/lint-model-27.2.1.jar
2021-06-06T09:17:15.819-0500 [DEBUG] [org.apache.http.client.protocol.RequestAddCookies] CookieSpec selected: default
2021-06-06T09:17:15.819-0500 [DEBUG] [org.apache.http.client.protocol.RequestAddCookies] CookieSpec selected: default
2021-06-06T09:17:15.819-0500 [DEBUG] [org.apache.http.client.protocol.RequestAuthCache] Auth cache not set in the context
2021-06-06T09:17:15.819-0500 [DEBUG] [org.apache.http.client.protocol.RequestAuthCache] Auth cache not set in the context
2021-06-06T09:17:15.819-0500 [DEBUG] [org.apache.http.impl.conn.PoolingHttpClientConnectionManager] Connection request: [route: {s}->https://dl.google.com:443][total kept alive: 4; route allocated: 8 of 20; total allocated: 8 of 20]
2021-06-06T09:17:15.819-0500 [DEBUG] [org.apache.http.impl.conn.PoolingHttpClientConnectionManager] Connection request: [route: {s}->https://dl.google.com:443][total kept alive: 4; route allocated: 8 of 20; total allocated: 8 of 20]
2021-06-06T09:17:15.819-0500 [DEBUG] [org.apache.http.impl.conn.PoolingHttpClientConnectionManager] Connection leased: [id: 5][route: {s}->https://dl.google.com:443][total kept alive: 3; route allocated: 8 of 20; total allocated: 8 of 20]
2021-06-06T09:17:15.819-0500 [DEBUG] [org.apache.http.impl.conn.PoolingHttpClientConnectionManager] Connection leased: [id: 4][route: {s}->https://dl.google.com:443][total kept alive: 2; route allocated: 8 of 20; total allocated: 8 of 20]
2021-06-06T09:17:15.819-0500 [DEBUG] [org.apache.http.impl.conn.DefaultManagedHttpClientConnection] http-outgoing-4: set socket timeout to 30000
2021-06-06T09:17:15.820-0500 [DEBUG] [org.apache.http.impl.conn.DefaultManagedHttpClientConnection] http-outgoing-4: set socket timeout to 30000
2021-06-06T09:17:15.820-0500 [DEBUG] [org.apache.http.impl.execchain.MainClientExec] Executing request GET /dl/android/maven2/com/android/tools/lint/lint-model/27.2.1/lint-model-27.2.1.jar HTTP/1.1
2021-06-06T09:17:15.820-0500 [DEBUG] [org.apache.http.impl.execchain.MainClientExec] Target auth state: UNCHALLENGED
2021-06-06T09:17:15.819-0500 [DEBUG] [org.apache.http.impl.conn.DefaultManagedHttpClientConnection] http-outgoing-5: set socket timeout to 30000
2021-06-06T09:17:15.820-0500 [DEBUG] [org.apache.http.impl.execchain.MainClientExec] Proxy auth state: UNCHALLENGED
2021-06-06T09:17:15.820-0500 [DEBUG] [org.apache.http.impl.conn.DefaultManagedHttpClientConnection] http-outgoing-5: set socket timeout to 30000
2021-06-06T09:17:15.820-0500 [DEBUG] [org.apache.http.impl.execchain.MainClientExec] Executing request GET /dl/android/maven2/com/android/tools/sdk-common/27.2.1/sdk-common-27.2.1.jar HTTP/1.1
2021-06-06T09:17:15.820-0500 [DEBUG] [org.apache.http.impl.execchain.MainClientExec] Target auth state: UNCHALLENGED
2021-06-06T09:17:15.820-0500 [DEBUG] [org.apache.http.impl.execchain.MainClientExec] Proxy auth state: UNCHALLENGED
2021-06-06T09:17:15.867-0500 [DEBUG] [org.apache.http.impl.conn.PoolingHttpClientConnectionManager] Connection [id: 13][route: {s}->https://repo.maven.apache.org:443] can be kept alive indefinitely
2021-06-06T09:17:15.867-0500 [DEBUG] [org.apache.http.impl.conn.DefaultManagedHttpClientConnection] http-outgoing-13: set socket timeout to 0
2021-06-06T09:17:15.867-0500 [DEBUG] [org.apache.http.impl.conn.PoolingHttpClientConnectionManager] Connection released: [id: 13][route: {s}->https://repo.maven.apache.org:443][total kept alive: 7; route allocated: 8 of 20; total allocated: 8 of 20]
2021-06-06T09:17:15.867-0500 [DEBUG] [org.gradle.internal.operations.DefaultBuildOperationRunner] Build operation 'Download https://repo.maven.apache.org/maven2/org/tensorflow/tensorflow-lite-metadata/0.1.0-rc2/tensorflow-lite-metadata-0.1.0-rc2.jar' completed
2021-06-06T09:17:15.873-0500 [DEBUG] [org.apache.http.impl.execchain.MainClientExec] Connection can be kept alive indefinitely
2021-06-06T09:17:15.874-0500 [DEBUG] [org.gradle.internal.resource.transport.http.HttpResponseResource] Attempting to download resource https://dl.google.com/dl/android/maven2/com/android/tools/lint/lint-model/27.2.1/lint-model-27.2.1.jar.
2021-06-06T09:17:15.875-0500 [INFO] [org.gradle.internal.resource.transfer.DefaultCacheAwareExternalResourceAccessor] Downloading https://dl.google.com/dl/android/maven2/com/android/tools/lint/lint-model/27.2.1/lint-model-27.2.1.jar to C:\Users\gathi\AppData\Local\Temp\gradle_download17423202760596126227bin
2021-06-06T09:17:15.876-0500 [DEBUG] [org.gradle.api.internal.artifacts.ivyservice.ivyresolve.CachingModuleComponentRepository] Downloaded artifact 'tensorflow-lite-metadata-0.1.0-rc2.jar (org.tensorflow:tensorflow-lite-metadata:0.1.0-rc2)' from resolver: MavenRepo
2021-06-06T09:17:15.877-0500 [DEBUG] [org.gradle.api.internal.artifacts.repositories.resolver.DefaultExternalResourceArtifactResolver] Loading https://dl.google.com/dl/android/maven2/com/android/tools/build/aapt2-proto/4.2.1-7147631/aapt2-proto-4.2.1-7147631.jar
2021-06-06T09:17:15.877-0500 [DEBUG] [org.gradle.internal.resource.transfer.DefaultCacheAwareExternalResourceAccessor] Constructing external resource: https://dl.google.com/dl/android/maven2/com/android/tools/build/aapt2-proto/4.2.1-7147631/aapt2-proto-4.2.1-7147631.jar
2021-06-06T09:17:15.877-0500 [DEBUG] [org.apache.http.impl.execchain.MainClientExec] Connection can be kept alive indefinitely
2021-06-06T09:17:15.878-0500 [DEBUG] [org.gradle.internal.resource.transport.http.HttpResponseResource] Attempting to download resource https://dl.google.com/dl/android/maven2/com/android/tools/sdk-common/27.2.1/sdk-common-27.2.1.jar.
2021-06-06T09:17:15.879-0500 [DEBUG] [org.gradle.internal.resource.transport.http.HttpResourceAccessor] Constructing external resource: https://dl.google.com/dl/android/maven2/com/android/tools/build/aapt2-proto/4.2.1-7147631/aapt2-proto-4.2.1-7147631.jar
2021-06-06T09:17:15.879-0500 [INFO] [org.gradle.internal.resource.transfer.DefaultCacheAwareExternalResourceAccessor] Downloading https://dl.google.com/dl/android/maven2/com/android/tools/sdk-common/27.2.1/sdk-common-27.2.1.jar to C:\Users\gathi\AppData\Local\Temp\gradle_download5799271937510942901bin
2021-06-06T09:17:15.879-0500 [DEBUG] [org.gradle.internal.resource.transport.http.HttpClientHelper] Performing HTTP GET: https://dl.google.com/dl/android/maven2/com/android/tools/build/aapt2-proto/4.2.1-7147631/aapt2-proto-4.2.1-7147631.jar
2021-06-06T09:17:15.880-0500 [DEBUG] [org.apache.http.client.protocol.RequestAddCookies] CookieSpec selected: default
2021-06-06T09:17:15.880-0500 [DEBUG] [org.apache.http.client.protocol.RequestAuthCache] Auth cache not set in the context
2021-06-06T09:17:15.880-0500 [DEBUG] [org.apache.http.impl.conn.PoolingHttpClientConnectionManager] Connection request: [route: {s}->https://dl.google.com:443][total kept alive: 2; route allocated: 8 of 20; total allocated: 8 of 20]
2021-06-06T09:17:15.881-0500 [DEBUG] [org.apache.http.impl.conn.PoolingHttpClientConnectionManager] Connection leased: [id: 7][route: {s}->https://dl.google.com:443][total kept alive: 1; route allocated: 8 of 20; total allocated: 8 of 20]
2021-06-06T09:17:15.881-0500 [DEBUG] [org.apache.http.impl.conn.DefaultManagedHttpClientConnection] http-outgoing-7: set socket timeout to 30000
2021-06-06T09:17:15.881-0500 [DEBUG] [org.apache.http.impl.conn.DefaultManagedHttpClientConnection] http-outgoing-7: set socket timeout to 30000
2021-06-06T09:17:15.881-0500 [DEBUG] [org.apache.http.impl.execchain.MainClientExec] Executing request GET /dl/android/maven2/com/android/tools/build/aapt2-proto/4.2.1-7147631/aapt2-proto-4.2.1-7147631.jar HTTP/1.1
2021-06-06T09:17:15.881-0500 [DEBUG] [org.apache.http.impl.execchain.MainClientExec] Target auth state: UNCHALLENGED
2021-06-06T09:17:15.882-0500 [DEBUG] [org.apache.http.impl.execchain.MainClientExec] Proxy auth state: UNCHALLENGED
2021-06-06T09:17:15.939-0500 [DEBUG] [org.apache.http.impl.execchain.MainClientExec] Connection can be kept alive indefinitely
2021-06-06T09:17:15.940-0500 [DEBUG] [org.gradle.internal.resource.transport.http.HttpResponseResource] Attempting to download resource https://dl.google.com/dl/android/maven2/com/android/tools/build/aapt2-proto/4.2.1-7147631/aapt2-proto-4.2.1-7147631.jar.
2021-06-06T09:17:15.941-0500 [DEBUG] [org.apache.http.impl.conn.PoolingHttpClientConnectionManager] Connection [id: 1][route: {s}->https://dl.google.com:443] can be kept alive indefinitely
2021-06-06T09:17:15.941-0500 [DEBUG] [org.apache.http.impl.conn.DefaultManagedHttpClientConnection] http-outgoing-1: set socket timeout to 0
2021-06-06T09:17:15.941-0500 [DEBUG] [org.apache.http.impl.conn.PoolingHttpClientConnectionManager] Connection released: [id: 1][route: {s}->https://dl.google.com:443][total kept alive: 2; route allocated: 8 of 20; total allocated: 8 of 20]
2021-06-06T09:17:15.941-0500 [DEBUG] [org.gradle.internal.operations.DefaultBuildOperationRunner] Build operation 'Download https://dl.google.com/dl/android/maven2/com/android/tools/build/aaptcompiler/4.2.1/aaptcompiler-4.2.1.jar' completed
2021-06-06T09:17:15.942-0500 [INFO] [org.gradle.internal.resource.transfer.DefaultCacheAwareExternalResourceAccessor] Downloading https://dl.google.com/dl/android/maven2/com/android/tools/build/aapt2-proto/4.2.1-7147631/aapt2-proto-4.2.1-7147631.jar to C:\Users\gathi\AppData\Local\Temp\gradle_download13812504324676314937bin
2021-06-06T09:17:15.951-0500 [DEBUG] [org.gradle.api.internal.artifacts.ivyservice.ivyresolve.CachingModuleComponentRepository] Downloaded artifact 'org.gradle.internal.component.external.model.UrlBackedArtifactMetadata@1de6298b' from resolver: Google
2021-06-06T09:17:15.952-0500 [DEBUG] [org.gradle.api.internal.artifacts.repositories.resolver.DefaultExternalResourceArtifactResolver] Loading https://dl.google.com/dl/android/maven2/com/android/tools/analytics-library/crash/27.2.1/crash-27.2.1.jar
2021-06-06T09:17:15.952-0500 [DEBUG] [org.gradle.internal.resource.transfer.DefaultCacheAwareExternalResourceAccessor] Constructing external resource: https://dl.google.com/dl/android/maven2/com/android/tools/analytics-library/crash/27.2.1/crash-27.2.1.jar
2021-06-06T09:17:15.954-0500 [DEBUG] [org.gradle.internal.resource.transport.http.HttpResourceAccessor] Constructing external resource: https://dl.google.com/dl/android/maven2/com/android/tools/analytics-library/crash/27.2.1/crash-27.2.1.jar
2021-06-06T09:17:15.954-0500 [DEBUG] [org.gradle.internal.resource.transport.http.HttpClientHelper] Performing HTTP GET: https://dl.google.com/dl/android/maven2/com/android/tools/analytics-library/crash/27.2.1/crash-27.2.1.jar
2021-06-06T09:17:15.954-0500 [DEBUG] [org.apache.http.client.protocol.RequestAddCookies] CookieSpec selected: default
2021-06-06T09:17:15.954-0500 [DEBUG] [org.apache.http.client.protocol.RequestAuthCache] Auth cache not set in the context
2021-06-06T09:17:15.954-0500 [DEBUG] [org.apache.http.impl.conn.PoolingHttpClientConnectionManager] Connection request: [route: {s}->https://dl.google.com:443][total kept alive: 2; route allocated: 8 of 20; total allocated: 8 of 20]
2021-06-06T09:17:15.954-0500 [DEBUG] [org.apache.http.impl.conn.PoolingHttpClientConnectionManager] Connection leased: [id: 1][route: {s}->https://dl.google.com:443][total kept alive: 1; route allocated: 8 of 20; total allocated: 8 of 20]
2021-06-06T09:17:15.955-0500 [DEBUG] [org.apache.http.impl.conn.DefaultManagedHttpClientConnection] http-outgoing-1: set socket timeout to 30000
2021-06-06T09:17:15.955-0500 [DEBUG] [org.apache.http.impl.conn.DefaultManagedHttpClientConnection] http-outgoing-1: set socket timeout to 30000
2021-06-06T09:17:15.955-0500 [DEBUG] [org.apache.http.impl.execchain.MainClientExec] Executing request GET /dl/android/maven2/com/android/tools/analytics-library/crash/27.2.1/crash-27.2.1.jar HTTP/1.1
2021-06-06T09:17:15.955-0500 [DEBUG] [org.apache.http.impl.execchain.MainClientExec] Target auth state: UNCHALLENGED
2021-06-06T09:17:15.955-0500 [DEBUG] [org.apache.http.impl.execchain.MainClientExec] Proxy auth state: UNCHALLENGED
2021-06-06T09:17:15.984-0500 [DEBUG] [org.apache.http.impl.conn.PoolingHttpClientConnectionManager] Connection [id: 4][route: {s}->https://dl.google.com:443] can be kept alive indefinitely
2021-06-06T09:17:15.984-0500 [DEBUG] [org.apache.http.impl.conn.DefaultManagedHttpClientConnection] http-outgoing-4: set socket timeout to 0
2021-06-06T09:17:15.984-0500 [DEBUG] [org.apache.http.impl.conn.PoolingHttpClientConnectionManager] Connection released: [id: 4][route: {s}->https://dl.google.com:443][total kept alive: 2; route allocated: 8 of 20; total allocated: 8 of 20]
2021-06-06T09:17:15.985-0500 [DEBUG] [org.gradle.internal.operations.DefaultBuildOperationRunner] Build operation 'Download https://dl.google.com/dl/android/maven2/com/android/tools/lint/lint-model/27.2.1/lint-model-27.2.1.jar' completed
2021-06-06T09:17:15.993-0500 [DEBUG] [org.gradle.api.internal.artifacts.ivyservice.ivyresolve.CachingModuleComponentRepository] Downloaded artifact 'org.gradle.internal.component.external.model.UrlBackedArtifactMetadata@63a6f67b' from resolver: Google
2021-06-06T09:17:15.994-0500 [DEBUG] [org.gradle.internal.operations.DefaultBuildOperationRunner] Build operation 'Resolve lint-model-27.2.1.jar (com.android.tools.lint:lint-model:27.2.1)' completed
2021-06-06T09:17:15.994-0500 [DEBUG] [org.gradle.api.internal.artifacts.repositories.resolver.DefaultExternalResourceArtifactResolver] Loading https://dl.google.com/dl/android/maven2/com/android/tools/build/gradle-api/4.2.1/gradle-api-4.2.1.jar
2021-06-06T09:17:15.994-0500 [DEBUG] [org.gradle.internal.resource.transfer.DefaultCacheAwareExternalResourceAccessor] Constructing external resource: https://dl.google.com/dl/android/maven2/com/android/tools/build/gradle-api/4.2.1/gradle-api-4.2.1.jar
2021-06-06T09:17:15.996-0500 [DEBUG] [org.gradle.internal.resource.transport.http.HttpResourceAccessor] Constructing external resource: https://dl.google.com/dl/android/maven2/com/android/tools/build/gradle-api/4.2.1/gradle-api-4.2.1.jar
2021-06-06T09:17:15.997-0500 [DEBUG] [org.gradle.internal.resource.transport.http.HttpClientHelper] Performing HTTP GET: https://dl.google.com/dl/android/maven2/com/android/tools/build/gradle-api/4.2.1/gradle-api-4.2.1.jar
2021-06-06T09:17:15.997-0500 [DEBUG] [org.apache.http.client.protocol.RequestAddCookies] CookieSpec selected: default
2021-06-06T09:17:15.997-0500 [DEBUG] [org.apache.http.client.protocol.RequestAuthCache] Auth cache not set in the context
2021-06-06T09:17:15.997-0500 [DEBUG] [org.apache.http.impl.conn.PoolingHttpClientConnectionManager] Connection request: [route: {s}->https://dl.google.com:443][total kept alive: 2; route allocated: 8 of 20; total allocated: 8 of 20]
2021-06-06T09:17:15.997-0500 [DEBUG] [org.apache.http.impl.conn.PoolingHttpClientConnectionManager] Connection leased: [id: 4][route: {s}->https://dl.google.com:443][total kept alive: 1; route allocated: 8 of 20; total allocated: 8 of 20]
2021-06-06T09:17:15.997-0500 [DEBUG] [org.apache.http.impl.conn.DefaultManagedHttpClientConnection] http-outgoing-4: set socket timeout to 30000
2021-06-06T09:17:15.997-0500 [DEBUG] [org.apache.http.impl.conn.DefaultManagedHttpClientConnection] http-outgoing-4: set socket timeout to 30000
2021-06-06T09:17:15.997-0500 [DEBUG] [org.apache.http.impl.execchain.MainClientExec] Executing request GET /dl/android/maven2/com/android/tools/build/gradle-api/4.2.1/gradle-api-4.2.1.jar HTTP/1.1
2021-06-06T09:17:15.998-0500 [DEBUG] [org.apache.http.impl.execchain.MainClientExec] Target auth state: UNCHALLENGED
2021-06-06T09:17:15.998-0500 [DEBUG] [org.apache.http.impl.execchain.MainClientExec] Proxy auth state: UNCHALLENGED
2021-06-06T09:17:16.038-0500 [DEBUG] [org.apache.http.impl.execchain.MainClientExec] Connection can be kept alive indefinitely
2021-06-06T09:17:16.038-0500 [DEBUG] [org.gradle.internal.resource.transport.http.HttpResponseResource] Attempting to download resource https://dl.google.com/dl/android/maven2/com/android/tools/analytics-library/crash/27.2.1/crash-27.2.1.jar.
2021-06-06T09:17:16.040-0500 [INFO] [org.gradle.internal.resource.transfer.DefaultCacheAwareExternalResourceAccessor] Downloading https://dl.google.com/dl/android/maven2/com/android/tools/analytics-library/crash/27.2.1/crash-27.2.1.jar to C:\Users\gathi\AppData\Local\Temp\gradle_download17539806494322734575bin
2021-06-06T09:17:16.041-0500 [DEBUG] [org.apache.http.impl.conn.PoolingHttpClientConnectionManager] Connection [id: 1][route: {s}->https://dl.google.com:443] can be kept alive indefinitely
2021-06-06T09:17:16.041-0500 [DEBUG] [org.apache.http.impl.conn.DefaultManagedHttpClientConnection] http-outgoing-1: set socket timeout to 0
2021-06-06T09:17:16.041-0500 [DEBUG] [org.apache.http.impl.conn.PoolingHttpClientConnectionManager] Connection released: [id: 1][route: {s}->https://dl.google.com:443][total kept alive: 2; route allocated: 8 of 20; total allocated: 8 of 20]
2021-06-06T09:17:16.042-0500 [DEBUG] [org.gradle.internal.operations.DefaultBuildOperationRunner] Build operation 'Download https://dl.google.com/dl/android/maven2/com/android/tools/analytics-library/crash/27.2.1/crash-27.2.1.jar' completed
2021-06-06T09:17:16.048-0500 [DEBUG] [org.gradle.api.internal.artifacts.ivyservice.ivyresolve.CachingModuleComponentRepository] Downloaded artifact 'org.gradle.internal.component.external.model.UrlBackedArtifactMetadata@6def5730' from resolver: Google
2021-06-06T09:17:16.049-0500 [DEBUG] [org.gradle.api.internal.artifacts.repositories.resolver.DefaultExternalResourceArtifactResolver] Loading https://dl.google.com/dl/android/maven2/androidx/databinding/databinding-compiler-common/4.2.1/databinding-compiler-common-4.2.1.jar
2021-06-06T09:17:16.049-0500 [DEBUG] [org.gradle.internal.resource.transfer.DefaultCacheAwareExternalResourceAccessor] Constructing external resource: https://dl.google.com/dl/android/maven2/androidx/databinding/databinding-compiler-common/4.2.1/databinding-compiler-common-4.2.1.jar
2021-06-06T09:17:16.051-0500 [DEBUG] [org.gradle.internal.resource.transport.http.HttpResourceAccessor] Constructing external resource: https://dl.google.com/dl/android/maven2/androidx/databinding/databinding-compiler-common/4.2.1/databinding-compiler-common-4.2.1.jar
2021-06-06T09:17:16.051-0500 [DEBUG] [org.gradle.internal.resource.transport.http.HttpClientHelper] Performing HTTP GET: https://dl.google.com/dl/android/maven2/androidx/databinding/databinding-compiler-common/4.2.1/databinding-compiler-common-4.2.1.jar
2021-06-06T09:17:16.052-0500 [DEBUG] [org.apache.http.client.protocol.RequestAddCookies] CookieSpec selected: default
2021-06-06T09:17:16.052-0500 [DEBUG] [org.apache.http.client.protocol.RequestAuthCache] Auth cache not set in the context
2021-06-06T09:17:16.052-0500 [DEBUG] [org.apache.http.impl.conn.PoolingHttpClientConnectionManager] Connection request: [route: {s}->https://dl.google.com:443][total kept alive: 2; route allocated: 8 of 20; total allocated: 8 of 20]
2021-06-06T09:17:16.052-0500 [DEBUG] [org.apache.http.impl.conn.PoolingHttpClientConnectionManager] Connection leased: [id: 1][route: {s}->https://dl.google.com:443][total kept alive: 1; route allocated: 8 of 20; total allocated: 8 of 20]
2021-06-06T09:17:16.052-0500 [DEBUG] [org.apache.http.impl.conn.DefaultManagedHttpClientConnection] http-outgoing-1: set socket timeout to 30000
2021-06-06T09:17:16.052-0500 [DEBUG] [org.apache.http.impl.conn.DefaultManagedHttpClientConnection] http-outgoing-1: set socket timeout to 30000
2021-06-06T09:17:16.052-0500 [DEBUG] [org.apache.http.impl.execchain.MainClientExec] Executing request GET /dl/android/maven2/androidx/databinding/databinding-compiler-common/4.2.1/databinding-compiler-common-4.2.1.jar HTTP/1.1
2021-06-06T09:17:16.052-0500 [DEBUG] [org.apache.http.impl.execchain.MainClientExec] Target auth state: UNCHALLENGED
2021-06-06T09:17:16.052-0500 [DEBUG] [org.apache.http.impl.execchain.MainClientExec] Proxy auth state: UNCHALLENGED
2021-06-06T09:17:16.077-0500 [DEBUG] [org.apache.http.impl.execchain.MainClientExec] Connection can be kept alive indefinitely
2021-06-06T09:17:16.077-0500 [DEBUG] [org.gradle.internal.resource.transport.http.HttpResponseResource] Attempting to download resource https://dl.google.com/dl/android/maven2/com/android/tools/build/gradle-api/4.2.1/gradle-api-4.2.1.jar.
2021-06-06T09:17:16.078-0500 [INFO] [org.gradle.internal.resource.transfer.DefaultCacheAwareExternalResourceAccessor] Downloading https://dl.google.com/dl/android/maven2/com/android/tools/build/gradle-api/4.2.1/gradle-api-4.2.1.jar to C:\Users\gathi\AppData\Local\Temp\gradle_download6920716591972181034bin
2021-06-06T09:17:16.157-0500 [DEBUG] [org.apache.http.impl.execchain.MainClientExec] Connection can be kept alive indefinitely
2021-06-06T09:17:16.158-0500 [DEBUG] [org.gradle.internal.resource.transport.http.HttpResponseResource] Attempting to download resource https://dl.google.com/dl/android/maven2/androidx/databinding/databinding-compiler-common/4.2.1/databinding-compiler-common-4.2.1.jar.
2021-06-06T09:17:16.159-0500 [DEBUG] [org.apache.http.impl.conn.PoolingHttpClientConnectionManager] Connection [id: 4][route: {s}->https://dl.google.com:443] can be kept alive indefinitely
2021-06-06T09:17:16.159-0500 [DEBUG] [org.apache.http.impl.conn.DefaultManagedHttpClientConnection] http-outgoing-4: set socket timeout to 0
2021-06-06T09:17:16.159-0500 [DEBUG] [org.apache.http.impl.conn.PoolingHttpClientConnectionManager] Connection released: [id: 4][route: {s}->https://dl.google.com:443][total kept alive: 2; route allocated: 8 of 20; total allocated: 8 of 20]
2021-06-06T09:17:16.160-0500 [INFO] [org.gradle.internal.resource.transfer.DefaultCacheAwareExternalResourceAccessor] Downloading https://dl.google.com/dl/android/maven2/androidx/databinding/databinding-compiler-common/4.2.1/databinding-compiler-common-4.2.1.jar to C:\Users\gathi\AppData\Local\Temp\gradle_download11515011988704319860bin
2021-06-06T09:17:16.160-0500 [DEBUG] [org.gradle.internal.operations.DefaultBuildOperationRunner] Build operation 'Download https://dl.google.com/dl/android/maven2/com/android/tools/build/gradle-api/4.2.1/gradle-api-4.2.1.jar' completed
2021-06-06T09:17:16.168-0500 [DEBUG] [org.gradle.api.internal.artifacts.ivyservice.ivyresolve.CachingModuleComponentRepository] Downloaded artifact 'org.gradle.internal.component.external.model.UrlBackedArtifactMetadata@7d93d17d' from resolver: Google
2021-06-06T09:17:16.168-0500 [DEBUG] [org.gradle.internal.operations.DefaultBuildOperationRunner] Build operation 'Resolve gradle-api-4.2.1.jar (com.android.tools.build:gradle-api:4.2.1)' completed
2021-06-06T09:17:16.169-0500 [DEBUG] [org.gradle.api.internal.artifacts.repositories.resolver.DefaultExternalResourceArtifactResolver] Loading https://dl.google.com/dl/android/maven2/com/android/tools/build/builder-model/4.2.1/builder-model-4.2.1.jar
2021-06-06T09:17:16.169-0500 [DEBUG] [org.gradle.internal.resource.transfer.DefaultCacheAwareExternalResourceAccessor] Constructing external resource: https://dl.google.com/dl/android/maven2/com/android/tools/build/builder-model/4.2.1/builder-model-4.2.1.jar
2021-06-06T09:17:16.171-0500 [DEBUG] [org.gradle.internal.resource.transport.http.HttpResourceAccessor] Constructing external resource: https://dl.google.com/dl/android/maven2/com/android/tools/build/builder-model/4.2.1/builder-model-4.2.1.jar
2021-06-06T09:17:16.171-0500 [DEBUG] [org.gradle.internal.resource.transport.http.HttpClientHelper] Performing HTTP GET: https://dl.google.com/dl/android/maven2/com/android/tools/build/builder-model/4.2.1/builder-model-4.2.1.jar
2021-06-06T09:17:16.172-0500 [DEBUG] [org.apache.http.client.protocol.RequestAddCookies] CookieSpec selected: default
2021-06-06T09:17:16.172-0500 [DEBUG] [org.apache.http.client.protocol.RequestAuthCache] Auth cache not set in the context
2021-06-06T09:17:16.172-0500 [DEBUG] [org.apache.http.impl.conn.PoolingHttpClientConnectionManager] Connection request: [route: {s}->https://dl.google.com:443][total kept alive: 2; route allocated: 8 of 20; total allocated: 8 of 20]
2021-06-06T09:17:16.172-0500 [DEBUG] [org.apache.http.impl.conn.PoolingHttpClientConnectionManager] Connection leased: [id: 4][route: {s}->https://dl.google.com:443][total kept alive: 1; route allocated: 8 of 20; total allocated: 8 of 20]
2021-06-06T09:17:16.172-0500 [DEBUG] [org.apache.http.impl.conn.DefaultManagedHttpClientConnection] http-outgoing-4: set socket timeout to 30000
2021-06-06T09:17:16.172-0500 [DEBUG] [org.apache.http.impl.conn.DefaultManagedHttpClientConnection] http-outgoing-4: set socket timeout to 30000
2021-06-06T09:17:16.173-0500 [DEBUG] [org.apache.http.impl.execchain.MainClientExec] Executing request GET /dl/android/maven2/com/android/tools/build/builder-model/4.2.1/builder-model-4.2.1.jar HTTP/1.1
2021-06-06T09:17:16.173-0500 [DEBUG] [org.apache.http.impl.execchain.MainClientExec] Target auth state: UNCHALLENGED
2021-06-06T09:17:16.173-0500 [DEBUG] [org.apache.http.impl.execchain.MainClientExec] Proxy auth state: UNCHALLENGED
2021-06-06T09:17:16.228-0500 [DEBUG] [org.apache.http.impl.conn.PoolingHttpClientConnectionManager] Connection [id: 12][route: {s}->https://repo.maven.apache.org:443] can be kept alive indefinitely
2021-06-06T09:17:16.228-0500 [DEBUG] [org.apache.http.impl.conn.DefaultManagedHttpClientConnection] http-outgoing-12: set socket timeout to 0
2021-06-06T09:17:16.228-0500 [DEBUG] [org.apache.http.impl.conn.PoolingHttpClientConnectionManager] Connection released: [id: 12][route: {s}->https://repo.maven.apache.org:443][total kept alive: 8; route allocated: 8 of 20; total allocated: 8 of 20]
2021-06-06T09:17:16.229-0500 [DEBUG] [org.gradle.internal.operations.DefaultBuildOperationRunner] Build operation 'Download https://repo.maven.apache.org/maven2/org/jetbrains/kotlin/kotlin-gradle-plugin/1.4.32/kotlin-gradle-plugin-1.4.32.jar' completed
2021-06-06T09:17:16.236-0500 [DEBUG] [org.apache.http.impl.conn.PoolingHttpClientConnectionManager] Connection [id: 1][route: {s}->https://dl.google.com:443] can be kept alive indefinitely
2021-06-06T09:17:16.236-0500 [DEBUG] [org.apache.http.impl.conn.DefaultManagedHttpClientConnection] http-outgoing-1: set socket timeout to 0
2021-06-06T09:17:16.236-0500 [DEBUG] [org.apache.http.impl.conn.PoolingHttpClientConnectionManager] Connection released: [id: 1][route: {s}->https://dl.google.com:443][total kept alive: 2; route allocated: 8 of 20; total allocated: 8 of 20]
2021-06-06T09:17:16.236-0500 [DEBUG] [org.gradle.internal.operations.DefaultBuildOperationRunner] Build operation 'Download https://dl.google.com/dl/android/maven2/androidx/databinding/databinding-compiler-common/4.2.1/databinding-compiler-common-4.2.1.jar' completed
2021-06-06T09:17:16.250-0500 [DEBUG] [org.apache.http.impl.execchain.MainClientExec] Connection can be kept alive indefinitely
2021-06-06T09:17:16.250-0500 [DEBUG] [org.gradle.internal.resource.transport.http.HttpResponseResource] Attempting to download resource https://dl.google.com/dl/android/maven2/com/android/tools/build/builder-model/4.2.1/builder-model-4.2.1.jar.
2021-06-06T09:17:16.252-0500 [INFO] [org.gradle.internal.resource.transfer.DefaultCacheAwareExternalResourceAccessor] Downloading https://dl.google.com/dl/android/maven2/com/android/tools/build/builder-model/4.2.1/builder-model-4.2.1.jar to C:\Users\gathi\AppData\Local\Temp\gradle_download11483360118555236676bin
2021-06-06T09:17:16.257-0500 [DEBUG] [org.apache.http.impl.conn.PoolingHttpClientConnectionManager] Connection [id: 4][route: {s}->https://dl.google.com:443] can be kept alive indefinitely
2021-06-06T09:17:16.257-0500 [DEBUG] [org.apache.http.impl.conn.DefaultManagedHttpClientConnection] http-outgoing-4: set socket timeout to 0
2021-06-06T09:17:16.257-0500 [DEBUG] [org.apache.http.impl.conn.PoolingHttpClientConnectionManager] Connection released: [id: 4][route: {s}->https://dl.google.com:443][total kept alive: 3; route allocated: 8 of 20; total allocated: 8 of 20]
2021-06-06T09:17:16.258-0500 [DEBUG] [org.gradle.internal.operations.DefaultBuildOperationRunner] Build operation 'Download https://dl.google.com/dl/android/maven2/com/android/tools/build/builder-model/4.2.1/builder-model-4.2.1.jar' completed
2021-06-06T09:17:16.303-0500 [DEBUG] [org.gradle.api.internal.artifacts.ivyservice.ivyresolve.CachingModuleComponentRepository] Downloaded artifact 'kotlin-gradle-plugin-1.4.32.jar (org.jetbrains.kotlin:kotlin-gradle-plugin:1.4.32)' from resolver: MavenRepo
2021-06-06T09:17:16.349-0500 [DEBUG] [org.gradle.api.internal.artifacts.ivyservice.ivyresolve.CachingModuleComponentRepository] Downloaded artifact 'org.gradle.internal.component.external.model.UrlBackedArtifactMetadata@44f2e3d' from resolver: Google
2021-06-06T09:17:16.356-0500 [DEBUG] [org.gradle.api.internal.artifacts.ivyservice.ivyresolve.CachingModuleComponentRepository] Downloaded artifact 'org.gradle.internal.component.external.model.UrlBackedArtifactMetadata@285ea1b9' from resolver: Google
2021-06-06T09:17:16.356-0500 [LIFECYCLE] [org.gradle.internal.operations.DefaultBuildOperationRunner] 
2021-06-06T09:17:16.356-0500 [DEBUG] [org.gradle.internal.operations.DefaultBuildOperationRunner] Completing Build operation 'Resolve kotlin-gradle-plugin-1.4.32.jar (org.jetbrains.kotlin:kotlin-gradle-plugin:1.4.32)'
2021-06-06T09:17:16.356-0500 [DEBUG] [org.gradle.internal.operations.DefaultBuildOperationRunner] Build operation 'Resolve kotlin-gradle-plugin-1.4.32.jar (org.jetbrains.kotlin:kotlin-gradle-plugin:1.4.32)' completed
2021-06-06T09:17:16.356-0500 [DEBUG] [org.gradle.internal.operations.DefaultBuildOperationRunner] Completing Build operation 'Resolve databinding-compiler-common-4.2.1.jar (androidx.databinding:databinding-compiler-common:4.2.1)'
2021-06-06T09:17:16.356-0500 [DEBUG] [org.gradle.internal.operations.DefaultBuildOperationRunner] Build operation 'Resolve databinding-compiler-common-4.2.1.jar (androidx.databinding:databinding-compiler-common:4.2.1)' completed
2021-06-06T09:17:16.356-0500 [DEBUG] [org.gradle.internal.operations.DefaultBuildOperationRunner] Build operation 'Resolve builder-test-api-4.2.1.jar (com.android.tools.build:builder-test-api:4.2.1)' started
2021-06-06T09:17:16.356-0500 [DEBUG] [org.gradle.internal.operations.DefaultBuildOperationRunner] Build operation 'Resolve ddmlib-27.2.1.jar (com.android.tools.ddms:ddmlib:27.2.1)' started
2021-06-06T09:17:16.367-0500 [DEBUG] [org.gradle.internal.operations.DefaultBuildOperationRunner] Completing Build operation 'Resolve builder-model-4.2.1.jar (com.android.tools.build:builder-model:4.2.1)'
2021-06-06T09:17:16.367-0500 [DEBUG] [org.gradle.internal.operations.DefaultBuildOperationRunner] Build operation 'Resolve tracker-27.2.1.jar (com.android.tools.analytics-library:tracker:27.2.1)' started
2021-06-06T09:17:16.370-0500 [DEBUG] [org.gradle.internal.operations.DefaultBuildOperationRunner] Build operation 'Download https://dl.google.com/dl/android/maven2/com/android/tools/analytics-library/tracker/27.2.1/tracker-27.2.1.jar' started
2021-06-06T09:17:16.376-0500 [DEBUG] [org.gradle.internal.operations.DefaultBuildOperationRunner] Build operation 'Download https://dl.google.com/dl/android/maven2/com/android/tools/ddms/ddmlib/27.2.1/ddmlib-27.2.1.jar' started
2021-06-06T09:17:16.378-0500 [DEBUG] [org.gradle.internal.operations.DefaultBuildOperationRunner] Build operation 'Download https://dl.google.com/dl/android/maven2/com/android/tools/build/builder-test-api/4.2.1/builder-test-api-4.2.1.jar' started
2021-06-06T09:17:16.400-0500 [DEBUG] [org.gradle.internal.operations.DefaultBuildOperationRunner] Completing Build operation 'Download https://dl.google.com/dl/android/maven2/com/android/tools/build/aapt2-proto/4.2.1-7147631/aapt2-proto-4.2.1-7147631.jar'
2021-06-06T09:17:16.415-0500 [DEBUG] [org.gradle.internal.operations.DefaultBuildOperationRunner] Completing Build operation 'Resolve aapt2-proto-4.2.1-7147631.jar (com.android.tools.build:aapt2-proto:4.2.1-7147631)'
2021-06-06T09:17:16.415-0500 [DEBUG] [org.gradle.internal.operations.DefaultBuildOperationRunner] Build operation 'Resolve aapt2-proto-4.2.1-7147631.jar (com.android.tools.build:aapt2-proto:4.2.1-7147631)' completed
2021-06-06T09:17:16.416-0500 [DEBUG] [org.gradle.internal.operations.DefaultBuildOperationRunner] Build operation 'Resolve sdklib-27.2.1.jar (com.android.tools:sdklib:27.2.1)' started
2021-06-06T09:17:16.418-0500 [DEBUG] [org.gradle.internal.operations.DefaultBuildOperationRunner] Build operation 'Download https://dl.google.com/dl/android/maven2/com/android/tools/sdklib/27.2.1/sdklib-27.2.1.jar' started
2021-06-06T09:17:16.439-0500 [DEBUG] [org.gradle.internal.operations.DefaultBuildOperationRunner] Completing Build operation 'Download https://dl.google.com/dl/android/maven2/com/android/tools/analytics-library/tracker/27.2.1/tracker-27.2.1.jar'
2021-06-06T09:17:16.448-0500 [DEBUG] [org.gradle.internal.operations.DefaultBuildOperationRunner] Completing Build operation 'Resolve tracker-27.2.1.jar (com.android.tools.analytics-library:tracker:27.2.1)'
2021-06-06T09:17:16.448-0500 [DEBUG] [org.gradle.internal.operations.DefaultBuildOperationRunner] Build operation 'Resolve layoutlib-api-27.2.1.jar (com.android.tools.layoutlib:layoutlib-api:27.2.1)' started
2021-06-06T09:17:16.451-0500 [DEBUG] [org.gradle.internal.operations.DefaultBuildOperationRunner] Build operation 'Download https://dl.google.com/dl/android/maven2/com/android/tools/layoutlib/layoutlib-api/27.2.1/layoutlib-api-27.2.1.jar' started
2021-06-06T09:17:16.454-0500 [DEBUG] [org.gradle.internal.operations.DefaultBuildOperationRunner] Completing Build operation 'Download https://dl.google.com/dl/android/maven2/com/android/tools/build/builder-test-api/4.2.1/builder-test-api-4.2.1.jar'
2021-06-06T09:17:16.480-0500 [DEBUG] [org.gradle.internal.operations.DefaultBuildOperationRunner] Completing Build operation 'Resolve builder-test-api-4.2.1.jar (com.android.tools.build:builder-test-api:4.2.1)'
2021-06-06T09:17:16.480-0500 [DEBUG] [org.gradle.internal.operations.DefaultBuildOperationRunner] Build operation 'Resolve builder-test-api-4.2.1.jar (com.android.tools.build:builder-test-api:4.2.1)' completed
2021-06-06T09:17:16.480-0500 [DEBUG] [org.gradle.internal.operations.DefaultBuildOperationRunner] Build operation 'Resolve dvlib-27.2.1.jar (com.android.tools:dvlib:27.2.1)' started
2021-06-06T09:17:16.483-0500 [DEBUG] [org.gradle.internal.operations.DefaultBuildOperationRunner] Build operation 'Download https://dl.google.com/dl/android/maven2/com/android/tools/dvlib/27.2.1/dvlib-27.2.1.jar' started
2021-06-06T09:17:16.531-0500 [DEBUG] [org.gradle.internal.operations.DefaultBuildOperationRunner] Completing Build operation 'Download https://dl.google.com/dl/android/maven2/com/android/tools/layoutlib/layoutlib-api/27.2.1/layoutlib-api-27.2.1.jar'
2021-06-06T09:17:16.540-0500 [DEBUG] [org.gradle.internal.operations.DefaultBuildOperationRunner] Completing Build operation 'Resolve layoutlib-api-27.2.1.jar (com.android.tools.layoutlib:layoutlib-api:27.2.1)'
2021-06-06T09:17:16.540-0500 [DEBUG] [org.gradle.internal.operations.DefaultBuildOperationRunner] Build operation 'Resolve repository-27.2.1.jar (com.android.tools:repository:27.2.1)' started
2021-06-06T09:17:16.542-0500 [DEBUG] [org.gradle.internal.operations.DefaultBuildOperationRunner] Build operation 'Download https://dl.google.com/dl/android/maven2/com/android/tools/repository/27.2.1/repository-27.2.1.jar' started
2021-06-06T09:17:16.593-0500 [DEBUG] [org.gradle.internal.operations.DefaultBuildOperationRunner] Completing Build operation 'Download https://dl.google.com/dl/android/maven2/com/android/tools/ddms/ddmlib/27.2.1/ddmlib-27.2.1.jar'
2021-06-06T09:17:16.608-0500 [DEBUG] [org.gradle.internal.operations.DefaultBuildOperationRunner] Completing Build operation 'Resolve ddmlib-27.2.1.jar (com.android.tools.ddms:ddmlib:27.2.1)'
2021-06-06T09:17:16.608-0500 [DEBUG] [org.gradle.internal.operations.DefaultBuildOperationRunner] Build operation 'Resolve ddmlib-27.2.1.jar (com.android.tools.ddms:ddmlib:27.2.1)' completed
2021-06-06T09:17:16.608-0500 [DEBUG] [org.gradle.internal.operations.DefaultBuildOperationRunner] Build operation 'Resolve shared-27.2.1.jar (com.android.tools.analytics-library:shared:27.2.1)' started
2021-06-06T09:17:16.611-0500 [DEBUG] [org.gradle.internal.operations.DefaultBuildOperationRunner] Build operation 'Download https://dl.google.com/dl/android/maven2/com/android/tools/analytics-library/shared/27.2.1/shared-27.2.1.jar' started
2021-06-06T09:17:16.639-0500 [DEBUG] [org.gradle.internal.operations.DefaultBuildOperationRunner] Completing Build operation 'Download https://dl.google.com/dl/android/maven2/com/android/tools/dvlib/27.2.1/dvlib-27.2.1.jar'
2021-06-06T09:17:16.649-0500 [DEBUG] [org.gradle.internal.operations.DefaultBuildOperationRunner] Completing Build operation 'Resolve dvlib-27.2.1.jar (com.android.tools:dvlib:27.2.1)'
2021-06-06T09:17:16.649-0500 [DEBUG] [org.gradle.internal.operations.DefaultBuildOperationRunner] Build operation 'Resolve dvlib-27.2.1.jar (com.android.tools:dvlib:27.2.1)' completed
2021-06-06T09:17:16.649-0500 [DEBUG] [org.gradle.internal.operations.DefaultBuildOperationRunner] Build operation 'Resolve common-27.2.1.jar (com.android.tools:common:27.2.1)' started
2021-06-06T09:17:16.652-0500 [DEBUG] [org.gradle.internal.operations.DefaultBuildOperationRunner] Build operation 'Download https://dl.google.com/dl/android/maven2/com/android/tools/common/27.2.1/common-27.2.1.jar' started
2021-06-06T09:17:16.708-0500 [DEBUG] [org.gradle.internal.operations.DefaultBuildOperationRunner] Completing Build operation 'Download https://dl.google.com/dl/android/maven2/com/android/tools/analytics-library/shared/27.2.1/shared-27.2.1.jar'
2021-06-06T09:17:16.710-0500 [DEBUG] [org.gradle.internal.operations.DefaultBuildOperationRunner] Completing Build operation 'Download https://dl.google.com/dl/android/maven2/com/android/tools/repository/27.2.1/repository-27.2.1.jar'
2021-06-06T09:17:16.726-0500 [DEBUG] [org.gradle.internal.operations.DefaultBuildOperationRunner] Completing Build operation 'Resolve shared-27.2.1.jar (com.android.tools.analytics-library:shared:27.2.1)'
2021-06-06T09:17:16.726-0500 [DEBUG] [org.gradle.internal.operations.DefaultBuildOperationRunner] Build operation 'Resolve shared-27.2.1.jar (com.android.tools.analytics-library:shared:27.2.1)' completed
2021-06-06T09:17:16.726-0500 [DEBUG] [org.gradle.internal.operations.DefaultBuildOperationRunner] Build operation 'Resolve kotlin-stdlib-jdk8-1.4.31.jar (org.jetbrains.kotlin:kotlin-stdlib-jdk8:1.4.31)' started
2021-06-06T09:17:16.726-0500 [DEBUG] [org.gradle.internal.operations.DefaultBuildOperationRunner] Completing Build operation 'Resolve repository-27.2.1.jar (com.android.tools:repository:27.2.1)'
2021-06-06T09:17:16.727-0500 [DEBUG] [org.gradle.internal.operations.DefaultBuildOperationRunner] Build operation 'Resolve transform-api-2.0.0-deprecated-use-gradle-api.jar (com.android.tools.build:transform-api:2.0.0-deprecated-use-gradle-api)' started
2021-06-06T09:17:16.730-0500 [DEBUG] [org.gradle.internal.operations.DefaultBuildOperationRunner] Build operation 'Download https://dl.google.com/dl/android/maven2/com/android/tools/build/transform-api/2.0.0-deprecated-use-gradle-api/transform-api-2.0.0-deprecated-use-gradle-api.jar' started
2021-06-06T09:17:16.730-0500 [DEBUG] [org.gradle.internal.operations.DefaultBuildOperationRunner] Build operation 'Download https://repo.maven.apache.org/maven2/org/jetbrains/kotlin/kotlin-stdlib-jdk8/1.4.31/kotlin-stdlib-jdk8-1.4.31.jar' started
2021-06-06T09:17:16.789-0500 [DEBUG] [org.gradle.internal.operations.DefaultBuildOperationRunner] Completing Build operation 'Download https://repo.maven.apache.org/maven2/org/jetbrains/kotlin/kotlin-stdlib-jdk8/1.4.31/kotlin-stdlib-jdk8-1.4.31.jar'
2021-06-06T09:17:16.796-0500 [DEBUG] [org.gradle.internal.operations.DefaultBuildOperationRunner] Completing Build operation 'Resolve kotlin-stdlib-jdk8-1.4.31.jar (org.jetbrains.kotlin:kotlin-stdlib-jdk8:1.4.31)'
2021-06-06T09:17:16.797-0500 [DEBUG] [org.gradle.internal.operations.DefaultBuildOperationRunner] Build operation 'Resolve kotlin-stdlib-jdk8-1.4.31.jar (org.jetbrains.kotlin:kotlin-stdlib-jdk8:1.4.31)' completed
2021-06-06T09:17:16.797-0500 [DEBUG] [org.gradle.internal.operations.DefaultBuildOperationRunner] Build operation 'Resolve jetifier-processor-1.0.0-beta09.jar (com.android.tools.build.jetifier:jetifier-processor:1.0.0-beta09)' started
2021-06-06T09:17:16.799-0500 [DEBUG] [org.gradle.internal.operations.DefaultBuildOperationRunner] Build operation 'Download https://dl.google.com/dl/android/maven2/com/android/tools/build/jetifier/jetifier-processor/1.0.0-beta09/jetifier-processor-1.0.0-beta09.jar' started
2021-06-06T09:17:16.812-0500 [DEBUG] [org.gradle.internal.operations.DefaultBuildOperationRunner] Completing Build operation 'Download https://dl.google.com/dl/android/maven2/com/android/tools/build/transform-api/2.0.0-deprecated-use-gradle-api/transform-api-2.0.0-deprecated-use-gradle-api.jar'
2021-06-06T09:17:16.819-0500 [DEBUG] [org.gradle.internal.operations.DefaultBuildOperationRunner] Completing Build operation 'Resolve transform-api-2.0.0-deprecated-use-gradle-api.jar (com.android.tools.build:transform-api:2.0.0-deprecated-use-gradle-api)'
2021-06-06T09:17:16.819-0500 [DEBUG] [org.gradle.internal.operations.DefaultBuildOperationRunner] Build operation 'Resolve asm-commons-7.0.jar (org.ow2.asm:asm-commons:7.0)' started
2021-06-06T09:17:16.822-0500 [DEBUG] [org.gradle.internal.operations.DefaultBuildOperationRunner] Build operation 'Metadata of https://repo.maven.apache.org/maven2/org/ow2/asm/asm-commons/7.0/asm-commons-7.0.jar' started
2021-06-06T09:17:16.856-0500 [DEBUG] [org.gradle.internal.operations.DefaultBuildOperationRunner] Completing Build operation 'Download https://dl.google.com/dl/android/maven2/com/android/tools/sdklib/27.2.1/sdklib-27.2.1.jar'
2021-06-06T09:17:16.884-0500 [DEBUG] [org.gradle.internal.operations.DefaultBuildOperationRunner] Completing Build operation 'Metadata of https://repo.maven.apache.org/maven2/org/ow2/asm/asm-commons/7.0/asm-commons-7.0.jar'
2021-06-06T09:17:16.890-0500 [DEBUG] [org.gradle.internal.operations.DefaultBuildOperationRunner] Completing Build operation 'Download https://dl.google.com/dl/android/maven2/com/android/tools/build/bundletool/1.1.0/bundletool-1.1.0.jar'
2021-06-06T09:17:16.917-0500 [DEBUG] [org.gradle.internal.operations.DefaultBuildOperationRunner] Completing Build operation 'Download https://dl.google.com/dl/android/maven2/com/android/tools/build/jetifier/jetifier-processor/1.0.0-beta09/jetifier-processor-1.0.0-beta09.jar'
2021-06-06T09:17:16.933-0500 [DEBUG] [org.gradle.internal.operations.DefaultBuildOperationRunner] Completing Build operation 'Download https://dl.google.com/dl/android/maven2/com/android/tools/common/27.2.1/common-27.2.1.jar'
2021-06-06T09:17:16.978-0500 [DEBUG] [org.gradle.internal.operations.DefaultBuildOperationRunner] Completing Build operation 'Download https://dl.google.com/dl/android/maven2/com/android/tools/sdk-common/27.2.1/sdk-common-27.2.1.jar'
2021-06-06T09:17:17.002-0500 [DEBUG] [org.gradle.internal.operations.DefaultBuildOperationRunner] Completing Build operation 'Resolve sdklib-27.2.1.jar (com.android.tools:sdklib:27.2.1)'
2021-06-06T09:17:17.002-0500 [DEBUG] [org.gradle.internal.operations.DefaultBuildOperationRunner] Build operation 'Resolve sdklib-27.2.1.jar (com.android.tools:sdklib:27.2.1)' completed
2021-06-06T09:17:17.002-0500 [DEBUG] [org.gradle.internal.operations.DefaultBuildOperationRunner] Build operation 'Resolve asm-util-7.0.jar (org.ow2.asm:asm-util:7.0)' started
2021-06-06T09:17:17.023-0500 [DEBUG] [org.gradle.internal.operations.DefaultBuildOperationRunner] Completing Build operation 'Download https://dl.google.com/dl/android/maven2/com/android/tools/build/gradle/4.2.1/gradle-4.2.1.jar'
2021-06-06T09:17:17.049-0500 [DEBUG] [org.gradle.internal.operations.DefaultBuildOperationRunner] Completing Build operation 'Resolve bundletool-1.1.0.jar (com.android.tools.build:bundletool:1.1.0)'
2021-06-06T09:17:17.049-0500 [DEBUG] [org.gradle.internal.operations.DefaultBuildOperationRunner] Build operation 'Resolve bundletool-1.1.0.jar (com.android.tools.build:bundletool:1.1.0)' completed
2021-06-06T09:17:17.049-0500 [DEBUG] [org.gradle.internal.operations.DefaultBuildOperationRunner] Build operation 'Resolve asm-analysis-7.0.jar (org.ow2.asm:asm-analysis:7.0)' started
2021-06-06T09:17:17.049-0500 [DEBUG] [org.gradle.internal.operations.DefaultBuildOperationRunner] Completing Build operation 'Resolve jetifier-processor-1.0.0-beta09.jar (com.android.tools.build.jetifier:jetifier-processor:1.0.0-beta09)'
2021-06-06T09:17:17.049-0500 [DEBUG] [org.gradle.internal.operations.DefaultBuildOperationRunner] Build operation 'Resolve jetifier-processor-1.0.0-beta09.jar (com.android.tools.build.jetifier:jetifier-processor:1.0.0-beta09)' completed
2021-06-06T09:17:17.049-0500 [DEBUG] [org.gradle.internal.operations.DefaultBuildOperationRunner] Build operation 'Resolve asm-tree-7.0.jar (org.ow2.asm:asm-tree:7.0)' started
2021-06-06T09:17:17.124-0500 [DEBUG] [org.gradle.internal.operations.DefaultBuildOperationRunner] Completing Build operation 'Resolve common-27.2.1.jar (com.android.tools:common:27.2.1)'
2021-06-06T09:17:17.124-0500 [DEBUG] [org.gradle.internal.operations.DefaultBuildOperationRunner] Build operation 'Resolve common-27.2.1.jar (com.android.tools:common:27.2.1)' completed
2021-06-06T09:17:17.124-0500 [DEBUG] [org.gradle.internal.operations.DefaultBuildOperationRunner] Build operation 'Resolve asm-7.0.jar (org.ow2.asm:asm:7.0)' started
2021-06-06T09:17:17.124-0500 [DEBUG] [org.gradle.internal.operations.DefaultBuildOperationRunner] Completing Build operation 'Resolve gradle-4.2.1.jar (com.android.tools.build:gradle:4.2.1)'
2021-06-06T09:17:17.124-0500 [DEBUG] [org.gradle.internal.operations.DefaultBuildOperationRunner] Build operation 'Resolve gradle-4.2.1.jar (com.android.tools.build:gradle:4.2.1)' completed
2021-06-06T09:17:17.124-0500 [DEBUG] [org.gradle.internal.operations.DefaultBuildOperationRunner] Build operation 'Resolve jopt-simple-4.9.jar (net.sf.jopt-simple:jopt-simple:4.9)' started
2021-06-06T09:17:17.125-0500 [DEBUG] [org.gradle.internal.operations.DefaultBuildOperationRunner] Completing Build operation 'Resolve sdk-common-27.2.1.jar (com.android.tools:sdk-common:27.2.1)'
2021-06-06T09:17:17.125-0500 [DEBUG] [org.gradle.internal.operations.DefaultBuildOperationRunner] Build operation 'Resolve sdk-common-27.2.1.jar (com.android.tools:sdk-common:27.2.1)' completed
2021-06-06T09:17:17.125-0500 [DEBUG] [org.gradle.internal.operations.DefaultBuildOperationRunner] Build operation 'Resolve proguard-gradle-6.0.3.jar (net.sf.proguard:proguard-gradle:6.0.3)' started
2021-06-06T09:17:17.125-0500 [DEBUG] [org.gradle.internal.operations.DefaultBuildOperationRunner] Completing Build operation 'Resolve asm-commons-7.0.jar (org.ow2.asm:asm-commons:7.0)'
2021-06-06T09:17:17.126-0500 [DEBUG] [org.gradle.internal.operations.DefaultBuildOperationRunner] Build operation 'Resolve jetifier-core-1.0.0-beta09.jar (com.android.tools.build.jetifier:jetifier-core:1.0.0-beta09)' started
2021-06-06T09:17:17.126-0500 [DEBUG] [org.gradle.internal.operations.DefaultBuildOperationRunner] Build operation 'Download https://repo.maven.apache.org/maven2/org/ow2/asm/asm-util/7.0/asm-util-7.0.jar' started
2021-06-06T09:17:17.127-0500 [DEBUG] [org.gradle.internal.operations.DefaultBuildOperationRunner] Build operation 'Metadata of https://repo.maven.apache.org/maven2/org/ow2/asm/asm-analysis/7.0/asm-analysis-7.0.jar' started
2021-06-06T09:17:17.127-0500 [DEBUG] [org.gradle.internal.operations.DefaultBuildOperationRunner] Build operation 'Metadata of https://repo.maven.apache.org/maven2/org/ow2/asm/asm-tree/7.0/asm-tree-7.0.jar' started
2021-06-06T09:17:17.128-0500 [DEBUG] [org.gradle.internal.operations.DefaultBuildOperationRunner] Build operation 'Download https://repo.maven.apache.org/maven2/net/sf/proguard/proguard-gradle/6.0.3/proguard-gradle-6.0.3.jar' started
2021-06-06T09:17:17.127-0500 [DEBUG] [org.gradle.internal.operations.DefaultBuildOperationRunner] Build operation 'Download https://repo.maven.apache.org/maven2/net/sf/jopt-simple/jopt-simple/4.9/jopt-simple-4.9.jar' started
2021-06-06T09:17:17.128-0500 [DEBUG] [org.gradle.internal.operations.DefaultBuildOperationRunner] Build operation 'Metadata of https://repo.maven.apache.org/maven2/org/ow2/asm/asm/7.0/asm-7.0.jar' started
2021-06-06T09:17:17.128-0500 [DEBUG] [org.gradle.internal.operations.DefaultBuildOperationRunner] Build operation 'Download https://dl.google.com/dl/android/maven2/com/android/tools/build/jetifier/jetifier-core/1.0.0-beta09/jetifier-core-1.0.0-beta09.jar' started
2021-06-06T09:17:17.152-0500 [DEBUG] [org.gradle.internal.operations.DefaultBuildOperationRunner] Completing Build operation 'Metadata of https://repo.maven.apache.org/maven2/org/ow2/asm/asm/7.0/asm-7.0.jar'
2021-06-06T09:17:17.153-0500 [DEBUG] [org.gradle.internal.operations.DefaultBuildOperationRunner] Completing Build operation 'Metadata of https://repo.maven.apache.org/maven2/org/ow2/asm/asm-tree/7.0/asm-tree-7.0.jar'
2021-06-06T09:17:17.153-0500 [DEBUG] [org.gradle.internal.operations.DefaultBuildOperationRunner] Completing Build operation 'Metadata of https://repo.maven.apache.org/maven2/org/ow2/asm/asm-analysis/7.0/asm-analysis-7.0.jar'
2021-06-06T09:17:17.158-0500 [DEBUG] [org.gradle.internal.operations.DefaultBuildOperationRunner] Completing Build operation 'Download https://repo.maven.apache.org/maven2/net/sf/proguard/proguard-gradle/6.0.3/proguard-gradle-6.0.3.jar'
2021-06-06T09:17:17.159-0500 [DEBUG] [org.gradle.internal.operations.DefaultBuildOperationRunner] Completing Build operation 'Download https://repo.maven.apache.org/maven2/org/ow2/asm/asm-util/7.0/asm-util-7.0.jar'
2021-06-06T09:17:17.164-0500 [DEBUG] [org.gradle.internal.operations.DefaultBuildOperationRunner] Completing Build operation 'Download https://repo.maven.apache.org/maven2/net/sf/jopt-simple/jopt-simple/4.9/jopt-simple-4.9.jar'
2021-06-06T09:17:17.190-0500 [DEBUG] [org.gradle.internal.operations.DefaultBuildOperationRunner] Completing Build operation 'Download https://dl.google.com/dl/android/maven2/com/android/tools/build/jetifier/jetifier-core/1.0.0-beta09/jetifier-core-1.0.0-beta09.jar'
2021-06-06T09:17:17.193-0500 [DEBUG] [org.gradle.internal.operations.DefaultBuildOperationRunner] Completing Build operation 'Resolve proguard-gradle-6.0.3.jar (net.sf.proguard:proguard-gradle:6.0.3)'
2021-06-06T09:17:17.193-0500 [DEBUG] [org.gradle.internal.operations.DefaultBuildOperationRunner] Build operation 'Resolve proguard-gradle-6.0.3.jar (net.sf.proguard:proguard-gradle:6.0.3)' completed
2021-06-06T09:17:17.193-0500 [DEBUG] [org.gradle.internal.operations.DefaultBuildOperationRunner] Build operation 'Resolve javapoet-1.10.0.jar (com.squareup:javapoet:1.10.0)' started
2021-06-06T09:17:17.194-0500 [DEBUG] [org.gradle.internal.operations.DefaultBuildOperationRunner] Completing Build operation 'Resolve asm-tree-7.0.jar (org.ow2.asm:asm-tree:7.0)'
2021-06-06T09:17:17.194-0500 [DEBUG] [org.gradle.internal.operations.DefaultBuildOperationRunner] Build operation 'Resolve asm-tree-7.0.jar (org.ow2.asm:asm-tree:7.0)' completed
2021-06-06T09:17:17.194-0500 [DEBUG] [org.gradle.internal.operations.DefaultBuildOperationRunner] Build operation 'Resolve protobuf-java-util-3.10.0.jar (com.google.protobuf:protobuf-java-util:3.10.0)' started
2021-06-06T09:17:17.200-0500 [DEBUG] [org.gradle.internal.operations.DefaultBuildOperationRunner] Completing Build operation 'Resolve asm-util-7.0.jar (org.ow2.asm:asm-util:7.0)'
2021-06-06T09:17:17.200-0500 [DEBUG] [org.gradle.internal.operations.DefaultBuildOperationRunner] Build operation 'Resolve asm-util-7.0.jar (org.ow2.asm:asm-util:7.0)' completed
2021-06-06T09:17:17.200-0500 [DEBUG] [org.gradle.internal.operations.DefaultBuildOperationRunner] Build operation 'Resolve tink-1.3.0-rc2.jar (com.google.crypto.tink:tink:1.3.0-rc2)' started
2021-06-06T09:17:17.200-0500 [DEBUG] [org.gradle.internal.operations.DefaultBuildOperationRunner] Completing Build operation 'Resolve asm-analysis-7.0.jar (org.ow2.asm:asm-analysis:7.0)'
2021-06-06T09:17:17.200-0500 [DEBUG] [org.gradle.internal.operations.DefaultBuildOperationRunner] Build operation 'Resolve asm-analysis-7.0.jar (org.ow2.asm:asm-analysis:7.0)' completed
2021-06-06T09:17:17.200-0500 [DEBUG] [org.gradle.internal.operations.DefaultBuildOperationRunner] Build operation 'Resolve protos-27.2.1.jar (com.android.tools.analytics-library:protos:27.2.1)' started
2021-06-06T09:17:17.200-0500 [DEBUG] [org.gradle.internal.operations.DefaultBuildOperationRunner] Completing Build operation 'Resolve jopt-simple-4.9.jar (net.sf.jopt-simple:jopt-simple:4.9)'
2021-06-06T09:17:17.200-0500 [DEBUG] [org.gradle.internal.operations.DefaultBuildOperationRunner] Build operation 'Resolve jopt-simple-4.9.jar (net.sf.jopt-simple:jopt-simple:4.9)' completed
2021-06-06T09:17:17.201-0500 [DEBUG] [org.gradle.internal.operations.DefaultBuildOperationRunner] Completing Build operation 'Resolve asm-7.0.jar (org.ow2.asm:asm:7.0)'
2021-06-06T09:17:17.201-0500 [DEBUG] [org.gradle.internal.operations.DefaultBuildOperationRunner] Build operation 'Resolve asm-7.0.jar (org.ow2.asm:asm:7.0)' completed
2021-06-06T09:17:17.201-0500 [DEBUG] [org.gradle.internal.operations.DefaultBuildOperationRunner] Build operation 'Resolve protobuf-java-3.10.0.jar (com.google.protobuf:protobuf-java:3.10.0)' started
2021-06-06T09:17:17.202-0500 [DEBUG] [org.gradle.internal.operations.DefaultBuildOperationRunner] Completing Build operation 'Resolve jetifier-core-1.0.0-beta09.jar (com.android.tools.build.jetifier:jetifier-core:1.0.0-beta09)'
2021-06-06T09:17:17.201-0500 [DEBUG] [org.gradle.internal.operations.DefaultBuildOperationRunner] Build operation 'Resolve core-proto-0.0.8-alpha01.jar (com.google.testing.platform:core-proto:0.0.8-alpha01)' started
2021-06-06T09:17:17.202-0500 [DEBUG] [org.gradle.internal.operations.DefaultBuildOperationRunner] Build operation 'Resolve kotlin-gradle-plugin-api-1.4.32.jar (org.jetbrains.kotlin:kotlin-gradle-plugin-api:1.4.32)' started
2021-06-06T09:17:17.203-0500 [DEBUG] [org.gradle.internal.operations.DefaultBuildOperationRunner] Build operation 'Download https://repo.maven.apache.org/maven2/com/squareup/javapoet/1.10.0/javapoet-1.10.0.jar' started
2021-06-06T09:17:17.203-0500 [DEBUG] [org.gradle.internal.operations.DefaultBuildOperationRunner] Build operation 'Download https://repo.maven.apache.org/maven2/com/google/protobuf/protobuf-java-util/3.10.0/protobuf-java-util-3.10.0.jar' started
2021-06-06T09:17:17.204-0500 [DEBUG] [org.gradle.internal.operations.DefaultBuildOperationRunner] Build operation 'Download https://repo.maven.apache.org/maven2/com/google/crypto/tink/tink/1.3.0-rc2/tink-1.3.0-rc2.jar' started
2021-06-06T09:17:17.204-0500 [DEBUG] [org.gradle.internal.operations.DefaultBuildOperationRunner] Build operation 'Download https://dl.google.com/dl/android/maven2/com/android/tools/analytics-library/protos/27.2.1/protos-27.2.1.jar' started
2021-06-06T09:17:17.205-0500 [DEBUG] [org.gradle.internal.operations.DefaultBuildOperationRunner] Build operation 'Download https://dl.google.com/dl/android/maven2/com/google/testing/platform/core-proto/0.0.8-alpha01/core-proto-0.0.8-alpha01.jar' started
2021-06-06T09:17:17.205-0500 [DEBUG] [org.gradle.internal.operations.DefaultBuildOperationRunner] Build operation 'Download https://repo.maven.apache.org/maven2/com/google/protobuf/protobuf-java/3.10.0/protobuf-java-3.10.0.jar' started
2021-06-06T09:17:17.206-0500 [DEBUG] [org.gradle.internal.operations.DefaultBuildOperationRunner] Build operation 'Download https://repo.maven.apache.org/maven2/org/jetbrains/kotlin/kotlin-gradle-plugin-api/1.4.32/kotlin-gradle-plugin-api-1.4.32.jar' started
2021-06-06T09:17:17.240-0500 [DEBUG] [org.gradle.internal.operations.DefaultBuildOperationRunner] Completing Build operation 'Download https://repo.maven.apache.org/maven2/com/squareup/javapoet/1.10.0/javapoet-1.10.0.jar'
2021-06-06T09:17:17.245-0500 [DEBUG] [org.gradle.internal.operations.DefaultBuildOperationRunner] Completing Build operation 'Download https://repo.maven.apache.org/maven2/com/google/protobuf/protobuf-java-util/3.10.0/protobuf-java-util-3.10.0.jar'
2021-06-06T09:17:17.251-0500 [DEBUG] [org.gradle.internal.operations.DefaultBuildOperationRunner] Completing Build operation 'Resolve javapoet-1.10.0.jar (com.squareup:javapoet:1.10.0)'
2021-06-06T09:17:17.251-0500 [DEBUG] [org.gradle.internal.operations.DefaultBuildOperationRunner] Build operation 'Resolve javapoet-1.10.0.jar (com.squareup:javapoet:1.10.0)' completed
2021-06-06T09:17:17.252-0500 [DEBUG] [org.gradle.internal.operations.DefaultBuildOperationRunner] Build operation 'Resolve kotlin-gradle-plugin-model-1.4.32.jar (org.jetbrains.kotlin:kotlin-gradle-plugin-model:1.4.32)' started
2021-06-06T09:17:17.252-0500 [DEBUG] [org.gradle.internal.operations.DefaultBuildOperationRunner] Completing Build operation 'Resolve protobuf-java-util-3.10.0.jar (com.google.protobuf:protobuf-java-util:3.10.0)'
2021-06-06T09:17:17.252-0500 [DEBUG] [org.gradle.internal.operations.DefaultBuildOperationRunner] Build operation 'Resolve protobuf-java-util-3.10.0.jar (com.google.protobuf:protobuf-java-util:3.10.0)' completed
2021-06-06T09:17:17.252-0500 [DEBUG] [org.gradle.internal.operations.DefaultBuildOperationRunner] Build operation 'Resolve kotlin-util-klib-1.4.32.jar (org.jetbrains.kotlin:kotlin-util-klib:1.4.32)' started
2021-06-06T09:17:17.254-0500 [DEBUG] [org.gradle.internal.operations.DefaultBuildOperationRunner] Build operation 'Download https://repo.maven.apache.org/maven2/org/jetbrains/kotlin/kotlin-gradle-plugin-model/1.4.32/kotlin-gradle-plugin-model-1.4.32.jar' started
2021-06-06T09:17:17.254-0500 [DEBUG] [org.gradle.internal.operations.DefaultBuildOperationRunner] Build operation 'Download https://repo.maven.apache.org/maven2/org/jetbrains/kotlin/kotlin-util-klib/1.4.32/kotlin-util-klib-1.4.32.jar' started
2021-06-06T09:17:17.262-0500 [DEBUG] [org.gradle.internal.operations.DefaultBuildOperationRunner] Completing Build operation 'Download https://repo.maven.apache.org/maven2/org/jetbrains/kotlin/kotlin-gradle-plugin-api/1.4.32/kotlin-gradle-plugin-api-1.4.32.jar'
2021-06-06T09:17:17.268-0500 [DEBUG] [org.gradle.internal.operations.DefaultBuildOperationRunner] Completing Build operation 'Resolve kotlin-gradle-plugin-api-1.4.32.jar (org.jetbrains.kotlin:kotlin-gradle-plugin-api:1.4.32)'
2021-06-06T09:17:17.268-0500 [DEBUG] [org.gradle.internal.operations.DefaultBuildOperationRunner] Build operation 'Resolve kotlin-annotation-processing-gradle-1.4.32.jar (org.jetbrains.kotlin:kotlin-annotation-processing-gradle:1.4.32)' started
2021-06-06T09:17:17.270-0500 [DEBUG] [org.gradle.internal.operations.DefaultBuildOperationRunner] Build operation 'Download https://repo.maven.apache.org/maven2/org/jetbrains/kotlin/kotlin-annotation-processing-gradle/1.4.32/kotlin-annotation-processing-gradle-1.4.32.jar' started
2021-06-06T09:17:17.312-0500 [DEBUG] [org.gradle.internal.operations.DefaultBuildOperationRunner] Completing Build operation 'Download https://repo.maven.apache.org/maven2/org/jetbrains/kotlin/kotlin-gradle-plugin-model/1.4.32/kotlin-gradle-plugin-model-1.4.32.jar'
2021-06-06T09:17:17.317-0500 [DEBUG] [org.gradle.internal.operations.DefaultBuildOperationRunner] Completing Build operation 'Resolve kotlin-gradle-plugin-model-1.4.32.jar (org.jetbrains.kotlin:kotlin-gradle-plugin-model:1.4.32)'
2021-06-06T09:17:17.318-0500 [DEBUG] [org.gradle.internal.operations.DefaultBuildOperationRunner] Build operation 'Resolve kotlin-gradle-plugin-model-1.4.32.jar (org.jetbrains.kotlin:kotlin-gradle-plugin-model:1.4.32)' completed
2021-06-06T09:17:17.318-0500 [DEBUG] [org.gradle.internal.operations.DefaultBuildOperationRunner] Build operation 'Resolve kotlin-android-extensions-1.4.32.jar (org.jetbrains.kotlin:kotlin-android-extensions:1.4.32)' started
2021-06-06T09:17:17.319-0500 [DEBUG] [org.gradle.internal.operations.DefaultBuildOperationRunner] Build operation 'Download https://repo.maven.apache.org/maven2/org/jetbrains/kotlin/kotlin-android-extensions/1.4.32/kotlin-android-extensions-1.4.32.jar' started
2021-06-06T09:17:17.326-0500 [DEBUG] [org.gradle.internal.operations.DefaultBuildOperationRunner] Completing Build operation 'Download https://repo.maven.apache.org/maven2/com/google/crypto/tink/tink/1.3.0-rc2/tink-1.3.0-rc2.jar'
2021-06-06T09:17:17.339-0500 [DEBUG] [org.gradle.internal.operations.DefaultBuildOperationRunner] Completing Build operation 'Resolve tink-1.3.0-rc2.jar (com.google.crypto.tink:tink:1.3.0-rc2)'
2021-06-06T09:17:17.339-0500 [DEBUG] [org.gradle.internal.operations.DefaultBuildOperationRunner] Build operation 'Resolve tink-1.3.0-rc2.jar (com.google.crypto.tink:tink:1.3.0-rc2)' completed
2021-06-06T09:17:17.339-0500 [DEBUG] [org.gradle.internal.operations.DefaultBuildOperationRunner] Build operation 'Resolve kotlin-compiler-runner-1.4.32.jar (org.jetbrains.kotlin:kotlin-compiler-runner:1.4.32)' started
2021-06-06T09:17:17.341-0500 [DEBUG] [org.gradle.internal.operations.DefaultBuildOperationRunner] Build operation 'Download https://repo.maven.apache.org/maven2/org/jetbrains/kotlin/kotlin-compiler-runner/1.4.32/kotlin-compiler-runner-1.4.32.jar' started
2021-06-06T09:17:17.372-0500 [DEBUG] [org.gradle.internal.operations.DefaultBuildOperationRunner] Completing Build operation 'Download https://repo.maven.apache.org/maven2/org/jetbrains/kotlin/kotlin-util-klib/1.4.32/kotlin-util-klib-1.4.32.jar'
2021-06-06T09:17:17.379-0500 [DEBUG] [org.gradle.internal.operations.DefaultBuildOperationRunner] Completing Build operation 'Resolve kotlin-util-klib-1.4.32.jar (org.jetbrains.kotlin:kotlin-util-klib:1.4.32)'
2021-06-06T09:17:17.379-0500 [DEBUG] [org.gradle.internal.operations.DefaultBuildOperationRunner] Build operation 'Resolve kotlin-util-klib-1.4.32.jar (org.jetbrains.kotlin:kotlin-util-klib:1.4.32)' completed
2021-06-06T09:17:17.380-0500 [DEBUG] [org.gradle.internal.operations.DefaultBuildOperationRunner] Build operation 'Resolve kotlin-compiler-embeddable-1.4.32.jar (org.jetbrains.kotlin:kotlin-compiler-embeddable:1.4.32)' started
2021-06-06T09:17:17.381-0500 [DEBUG] [org.gradle.internal.operations.DefaultBuildOperationRunner] Build operation 'Download https://repo.maven.apache.org/maven2/org/jetbrains/kotlin/kotlin-compiler-embeddable/1.4.32/kotlin-compiler-embeddable-1.4.32.jar' started
2021-06-06T09:17:17.394-0500 [DEBUG] [org.gradle.internal.operations.DefaultBuildOperationRunner] Completing Build operation 'Download https://repo.maven.apache.org/maven2/org/jetbrains/kotlin/kotlin-compiler-runner/1.4.32/kotlin-compiler-runner-1.4.32.jar'
2021-06-06T09:17:17.399-0500 [DEBUG] [org.gradle.internal.operations.DefaultBuildOperationRunner] Completing Build operation 'Resolve kotlin-compiler-runner-1.4.32.jar (org.jetbrains.kotlin:kotlin-compiler-runner:1.4.32)'
2021-06-06T09:17:17.399-0500 [DEBUG] [org.gradle.internal.operations.DefaultBuildOperationRunner] Build operation 'Resolve kotlin-compiler-runner-1.4.32.jar (org.jetbrains.kotlin:kotlin-compiler-runner:1.4.32)' completed
2021-06-06T09:17:17.399-0500 [DEBUG] [org.gradle.internal.operations.DefaultBuildOperationRunner] Build operation 'Resolve kotlin-scripting-compiler-embeddable-1.4.32.jar (org.jetbrains.kotlin:kotlin-scripting-compiler-embeddable:1.4.32)' started
2021-06-06T09:17:17.401-0500 [DEBUG] [org.gradle.internal.operations.DefaultBuildOperationRunner] Build operation 'Download https://repo.maven.apache.org/maven2/org/jetbrains/kotlin/kotlin-scripting-compiler-embeddable/1.4.32/kotlin-scripting-compiler-embeddable-1.4.32.jar' started
2021-06-06T09:17:17.407-0500 [DEBUG] [org.gradle.internal.operations.DefaultBuildOperationRunner] Completing Build operation 'Download https://dl.google.com/dl/android/maven2/com/google/testing/platform/core-proto/0.0.8-alpha01/core-proto-0.0.8-alpha01.jar'
2021-06-06T09:17:17.420-0500 [DEBUG] [org.gradle.internal.operations.DefaultBuildOperationRunner] Completing Build operation 'Resolve core-proto-0.0.8-alpha01.jar (com.google.testing.platform:core-proto:0.0.8-alpha01)'
2021-06-06T09:17:17.420-0500 [DEBUG] [org.gradle.internal.operations.DefaultBuildOperationRunner] Build operation 'Resolve core-proto-0.0.8-alpha01.jar (com.google.testing.platform:core-proto:0.0.8-alpha01)' completed
2021-06-06T09:17:17.420-0500 [DEBUG] [org.gradle.internal.operations.DefaultBuildOperationRunner] Build operation 'Resolve kotlin-scripting-compiler-impl-embeddable-1.4.32.jar (org.jetbrains.kotlin:kotlin-scripting-compiler-impl-embeddable:1.4.32)' started
2021-06-06T09:17:17.423-0500 [DEBUG] [org.gradle.internal.operations.DefaultBuildOperationRunner] Build operation 'Download https://repo.maven.apache.org/maven2/org/jetbrains/kotlin/kotlin-scripting-compiler-impl-embeddable/1.4.32/kotlin-scripting-compiler-impl-embeddable-1.4.32.jar' started
2021-06-06T09:17:17.423-0500 [DEBUG] [org.gradle.internal.operations.DefaultBuildOperationRunner] Completing Build operation 'Download https://dl.google.com/dl/android/maven2/com/android/tools/build/builder/4.2.1/builder-4.2.1.jar'
2021-06-06T09:17:17.471-0500 [DEBUG] [org.gradle.internal.operations.DefaultBuildOperationRunner] Completing Build operation 'Download https://repo.maven.apache.org/maven2/org/jetbrains/kotlin/kotlin-annotation-processing-gradle/1.4.32/kotlin-annotation-processing-gradle-1.4.32.jar'
2021-06-06T09:17:17.482-0500 [DEBUG] [org.gradle.internal.operations.DefaultBuildOperationRunner] Completing Build operation 'Download https://repo.maven.apache.org/maven2/org/jetbrains/kotlin/kotlin-scripting-compiler-embeddable/1.4.32/kotlin-scripting-compiler-embeddable-1.4.32.jar'
2021-06-06T09:17:17.502-0500 [DEBUG] [org.gradle.internal.operations.DefaultBuildOperationRunner] Completing Build operation 'Download https://repo.maven.apache.org/maven2/com/google/protobuf/protobuf-java/3.10.0/protobuf-java-3.10.0.jar'
2021-06-06T09:17:17.502-0500 [DEBUG] [org.gradle.internal.operations.DefaultBuildOperationRunner] Completing Build operation 'Download https://repo.maven.apache.org/maven2/org/jetbrains/kotlin/kotlin-android-extensions/1.4.32/kotlin-android-extensions-1.4.32.jar'
2021-06-06T09:17:17.560-0500 [DEBUG] [org.gradle.internal.operations.DefaultBuildOperationRunner] Completing Build operation 'Download https://repo.maven.apache.org/maven2/org/jetbrains/kotlin/kotlin-scripting-compiler-impl-embeddable/1.4.32/kotlin-scripting-compiler-impl-embeddable-1.4.32.jar'
2021-06-06T09:17:17.571-0500 [DEBUG] [org.gradle.internal.operations.DefaultBuildOperationRunner] Completing Build operation 'Resolve builder-4.2.1.jar (com.android.tools.build:builder:4.2.1)'
2021-06-06T09:17:17.571-0500 [DEBUG] [org.gradle.internal.operations.DefaultBuildOperationRunner] Build operation 'Resolve builder-4.2.1.jar (com.android.tools.build:builder:4.2.1)' completed
2021-06-06T09:17:17.571-0500 [DEBUG] [org.gradle.internal.operations.DefaultBuildOperationRunner] Build operation 'Resolve kotlin-daemon-client-1.4.32.jar (org.jetbrains.kotlin:kotlin-daemon-client:1.4.32)' started
2021-06-06T09:17:17.571-0500 [DEBUG] [org.gradle.internal.operations.DefaultBuildOperationRunner] Completing Build operation 'Resolve kotlin-android-extensions-1.4.32.jar (org.jetbrains.kotlin:kotlin-android-extensions:1.4.32)'
2021-06-06T09:17:17.571-0500 [DEBUG] [org.gradle.internal.operations.DefaultBuildOperationRunner] Build operation 'Resolve kotlin-android-extensions-1.4.32.jar (org.jetbrains.kotlin:kotlin-android-extensions:1.4.32)' completed
2021-06-06T09:17:17.571-0500 [DEBUG] [org.gradle.internal.operations.DefaultBuildOperationRunner] Completing Build operation 'Resolve kotlin-annotation-processing-gradle-1.4.32.jar (org.jetbrains.kotlin:kotlin-annotation-processing-gradle:1.4.32)'
2021-06-06T09:17:17.571-0500 [DEBUG] [org.gradle.internal.operations.DefaultBuildOperationRunner] Build operation 'Resolve kotlin-reflect-1.4.32.jar (org.jetbrains.kotlin:kotlin-reflect:1.4.32)' started
2021-06-06T09:17:17.571-0500 [DEBUG] [org.gradle.internal.operations.DefaultBuildOperationRunner] Completing Build operation 'Resolve kotlin-scripting-compiler-embeddable-1.4.32.jar (org.jetbrains.kotlin:kotlin-scripting-compiler-embeddable:1.4.32)'
2021-06-06T09:17:17.572-0500 [DEBUG] [org.gradle.internal.operations.DefaultBuildOperationRunner] Build operation 'Resolve kotlin-scripting-compiler-embeddable-1.4.32.jar (org.jetbrains.kotlin:kotlin-scripting-compiler-embeddable:1.4.32)' completed
2021-06-06T09:17:17.571-0500 [DEBUG] [org.gradle.internal.operations.DefaultBuildOperationRunner] Build operation 'Resolve kotlin-stdlib-jdk7-1.4.31.jar (org.jetbrains.kotlin:kotlin-stdlib-jdk7:1.4.31)' started
2021-06-06T09:17:17.572-0500 [DEBUG] [org.gradle.internal.operations.DefaultBuildOperationRunner] Build operation 'Resolve kotlin-util-io-1.4.32.jar (org.jetbrains.kotlin:kotlin-util-io:1.4.32)' started
2021-06-06T09:17:17.579-0500 [DEBUG] [org.gradle.internal.operations.DefaultBuildOperationRunner] Completing Build operation 'Resolve protobuf-java-3.10.0.jar (com.google.protobuf:protobuf-java:3.10.0)'
2021-06-06T09:17:17.579-0500 [DEBUG] [org.gradle.internal.operations.DefaultBuildOperationRunner] Build operation 'Resolve protobuf-java-3.10.0.jar (com.google.protobuf:protobuf-java:3.10.0)' completed
2021-06-06T09:17:17.579-0500 [DEBUG] [org.gradle.internal.operations.DefaultBuildOperationRunner] Build operation 'Resolve kotlin-scripting-jvm-1.4.32.jar (org.jetbrains.kotlin:kotlin-scripting-jvm:1.4.32)' started
2021-06-06T09:17:17.579-0500 [DEBUG] [org.gradle.internal.operations.DefaultBuildOperationRunner] Completing Build operation 'Resolve kotlin-scripting-compiler-impl-embeddable-1.4.32.jar (org.jetbrains.kotlin:kotlin-scripting-compiler-impl-embeddable:1.4.32)'
2021-06-06T09:17:17.579-0500 [DEBUG] [org.gradle.internal.operations.DefaultBuildOperationRunner] Build operation 'Resolve kotlin-scripting-compiler-impl-embeddable-1.4.32.jar (org.jetbrains.kotlin:kotlin-scripting-compiler-impl-embeddable:1.4.32)' completed
2021-06-06T09:17:17.579-0500 [DEBUG] [org.gradle.internal.operations.DefaultBuildOperationRunner] Build operation 'Resolve kotlin-scripting-common-1.4.32.jar (org.jetbrains.kotlin:kotlin-scripting-common:1.4.32)' started
2021-06-06T09:17:17.582-0500 [DEBUG] [org.gradle.internal.operations.DefaultBuildOperationRunner] Build operation 'Download https://repo.maven.apache.org/maven2/org/jetbrains/kotlin/kotlin-scripting-jvm/1.4.32/kotlin-scripting-jvm-1.4.32.jar' started
2021-06-06T09:17:17.582-0500 [DEBUG] [org.gradle.internal.operations.DefaultBuildOperationRunner] Build operation 'Download https://repo.maven.apache.org/maven2/org/jetbrains/kotlin/kotlin-util-io/1.4.32/kotlin-util-io-1.4.32.jar' started
2021-06-06T09:17:17.582-0500 [DEBUG] [org.gradle.internal.operations.DefaultBuildOperationRunner] Build operation 'Download https://repo.maven.apache.org/maven2/org/jetbrains/kotlin/kotlin-reflect/1.4.32/kotlin-reflect-1.4.32.jar' started
2021-06-06T09:17:17.582-0500 [DEBUG] [org.gradle.internal.operations.DefaultBuildOperationRunner] Build operation 'Download https://repo.maven.apache.org/maven2/org/jetbrains/kotlin/kotlin-daemon-client/1.4.32/kotlin-daemon-client-1.4.32.jar' started
2021-06-06T09:17:17.582-0500 [DEBUG] [org.gradle.internal.operations.DefaultBuildOperationRunner] Build operation 'Download https://repo.maven.apache.org/maven2/org/jetbrains/kotlin/kotlin-stdlib-jdk7/1.4.31/kotlin-stdlib-jdk7-1.4.31.jar' started
2021-06-06T09:17:17.583-0500 [DEBUG] [org.gradle.internal.operations.DefaultBuildOperationRunner] Build operation 'Download https://repo.maven.apache.org/maven2/org/jetbrains/kotlin/kotlin-scripting-common/1.4.32/kotlin-scripting-common-1.4.32.jar' started
2021-06-06T09:17:17.633-0500 [DEBUG] [org.gradle.internal.operations.DefaultBuildOperationRunner] Completing Build operation 'Download https://repo.maven.apache.org/maven2/org/jetbrains/kotlin/kotlin-stdlib-jdk7/1.4.31/kotlin-stdlib-jdk7-1.4.31.jar'
2021-06-06T09:17:17.633-0500 [DEBUG] [org.gradle.internal.operations.DefaultBuildOperationRunner] Completing Build operation 'Download https://repo.maven.apache.org/maven2/org/jetbrains/kotlin/kotlin-util-io/1.4.32/kotlin-util-io-1.4.32.jar'
2021-06-06T09:17:17.647-0500 [DEBUG] [org.gradle.internal.operations.DefaultBuildOperationRunner] Completing Build operation 'Resolve kotlin-stdlib-jdk7-1.4.31.jar (org.jetbrains.kotlin:kotlin-stdlib-jdk7:1.4.31)'
2021-06-06T09:17:17.648-0500 [DEBUG] [org.gradle.internal.operations.DefaultBuildOperationRunner] Build operation 'Resolve kotlinx-coroutines-core-1.3.8.jar (org.jetbrains.kotlinx:kotlinx-coroutines-core:1.3.8)' started
2021-06-06T09:17:17.648-0500 [DEBUG] [org.gradle.internal.operations.DefaultBuildOperationRunner] Completing Build operation 'Resolve kotlin-util-io-1.4.32.jar (org.jetbrains.kotlin:kotlin-util-io:1.4.32)'
2021-06-06T09:17:17.648-0500 [DEBUG] [org.gradle.internal.operations.DefaultBuildOperationRunner] Build operation 'Resolve kotlin-util-io-1.4.32.jar (org.jetbrains.kotlin:kotlin-util-io:1.4.32)' completed
2021-06-06T09:17:17.648-0500 [DEBUG] [org.gradle.internal.operations.DefaultBuildOperationRunner] Build operation 'Resolve kotlin-stdlib-1.4.32.jar (org.jetbrains.kotlin:kotlin-stdlib:1.4.32)' started
2021-06-06T09:17:17.650-0500 [DEBUG] [org.gradle.internal.operations.DefaultBuildOperationRunner] Build operation 'Download https://repo.maven.apache.org/maven2/org/jetbrains/kotlinx/kotlinx-coroutines-core/1.3.8/kotlinx-coroutines-core-1.3.8.jar' started
2021-06-06T09:17:17.650-0500 [DEBUG] [org.gradle.internal.operations.DefaultBuildOperationRunner] Build operation 'Download https://repo.maven.apache.org/maven2/org/jetbrains/kotlin/kotlin-stdlib/1.4.32/kotlin-stdlib-1.4.32.jar' started
2021-06-06T09:17:17.667-0500 [DEBUG] [org.gradle.internal.operations.DefaultBuildOperationRunner] Completing Build operation 'Download https://repo.maven.apache.org/maven2/org/jetbrains/kotlin/kotlin-scripting-jvm/1.4.32/kotlin-scripting-jvm-1.4.32.jar'
2021-06-06T09:17:17.676-0500 [DEBUG] [org.gradle.internal.operations.DefaultBuildOperationRunner] Completing Build operation 'Resolve kotlin-scripting-jvm-1.4.32.jar (org.jetbrains.kotlin:kotlin-scripting-jvm:1.4.32)'
2021-06-06T09:17:17.676-0500 [DEBUG] [org.gradle.internal.operations.DefaultBuildOperationRunner] Build operation 'Resolve kotlin-scripting-jvm-1.4.32.jar (org.jetbrains.kotlin:kotlin-scripting-jvm:1.4.32)' completed
2021-06-06T09:17:17.676-0500 [DEBUG] [org.gradle.internal.operations.DefaultBuildOperationRunner] Build operation 'Resolve gson-2.8.6.jar (com.google.code.gson:gson:2.8.6)' started
2021-06-06T09:17:17.678-0500 [DEBUG] [org.gradle.internal.operations.DefaultBuildOperationRunner] Build operation 'Download https://repo.maven.apache.org/maven2/com/google/code/gson/gson/2.8.6/gson-2.8.6.jar' started
2021-06-06T09:17:17.706-0500 [DEBUG] [org.gradle.internal.operations.DefaultBuildOperationRunner] Completing Build operation 'Download https://repo.maven.apache.org/maven2/org/jetbrains/kotlin/kotlin-scripting-common/1.4.32/kotlin-scripting-common-1.4.32.jar'
2021-06-06T09:17:17.717-0500 [DEBUG] [org.gradle.internal.operations.DefaultBuildOperationRunner] Completing Build operation 'Resolve kotlin-scripting-common-1.4.32.jar (org.jetbrains.kotlin:kotlin-scripting-common:1.4.32)'
2021-06-06T09:17:17.717-0500 [DEBUG] [org.gradle.internal.operations.DefaultBuildOperationRunner] Build operation 'Resolve kotlin-scripting-common-1.4.32.jar (org.jetbrains.kotlin:kotlin-scripting-common:1.4.32)' completed
2021-06-06T09:17:17.717-0500 [DEBUG] [org.gradle.internal.operations.DefaultBuildOperationRunner] Build operation 'Resolve gradle-download-task-4.0.2.jar (de.undercouch:gradle-download-task:4.0.2)' started
2021-06-06T09:17:17.719-0500 [DEBUG] [org.gradle.internal.operations.DefaultBuildOperationRunner] Build operation 'Download https://repo.maven.apache.org/maven2/de/undercouch/gradle-download-task/4.0.2/gradle-download-task-4.0.2.jar' started
2021-06-06T09:17:17.837-0500 [DEBUG] [org.gradle.internal.operations.DefaultBuildOperationRunner] Completing Build operation 'Download https://repo.maven.apache.org/maven2/com/google/code/gson/gson/2.8.6/gson-2.8.6.jar'
2021-06-06T09:17:17.849-0500 [DEBUG] [org.gradle.internal.operations.DefaultBuildOperationRunner] Completing Build operation 'Resolve gson-2.8.6.jar (com.google.code.gson:gson:2.8.6)'
2021-06-06T09:17:17.849-0500 [DEBUG] [org.gradle.internal.operations.DefaultBuildOperationRunner] Build operation 'Resolve gson-2.8.6.jar (com.google.code.gson:gson:2.8.6)' completed
2021-06-06T09:17:17.849-0500 [DEBUG] [org.gradle.internal.operations.DefaultBuildOperationRunner] Build operation 'Resolve semver4j-0.16.4.jar (com.github.gundy:semver4j:0.16.4)' started
2021-06-06T09:17:17.852-0500 [DEBUG] [org.gradle.internal.operations.DefaultBuildOperationRunner] Build operation 'Download https://repo.maven.apache.org/maven2/com/github/gundy/semver4j/0.16.4/semver4j-0.16.4.jar' started
2021-06-06T09:17:17.858-0500 [DEBUG] [org.gradle.internal.operations.DefaultBuildOperationRunner] Completing Build operation 'Download https://repo.maven.apache.org/maven2/org/jetbrains/kotlin/kotlin-daemon-client/1.4.32/kotlin-daemon-client-1.4.32.jar'
2021-06-06T09:17:17.863-0500 [DEBUG] [org.gradle.internal.operations.DefaultBuildOperationRunner] Completing Build operation 'Download https://repo.maven.apache.org/maven2/org/jetbrains/kotlinx/kotlinx-coroutines-core/1.3.8/kotlinx-coroutines-core-1.3.8.jar'
2021-06-06T09:17:17.906-0500 [DEBUG] [org.gradle.internal.operations.DefaultBuildOperationRunner] Completing Build operation 'Resolve kotlin-daemon-client-1.4.32.jar (org.jetbrains.kotlin:kotlin-daemon-client:1.4.32)'
2021-06-06T09:17:17.906-0500 [DEBUG] [org.gradle.internal.operations.DefaultBuildOperationRunner] Build operation 'Resolve kotlin-daemon-client-1.4.32.jar (org.jetbrains.kotlin:kotlin-daemon-client:1.4.32)' completed
2021-06-06T09:17:17.906-0500 [DEBUG] [org.gradle.internal.operations.DefaultBuildOperationRunner] Build operation 'Resolve apkzlib-4.2.1.jar (com.android.tools.build:apkzlib:4.2.1)' started
2021-06-06T09:17:17.907-0500 [DEBUG] [org.gradle.internal.operations.DefaultBuildOperationRunner] Completing Build operation 'Resolve kotlinx-coroutines-core-1.3.8.jar (org.jetbrains.kotlinx:kotlinx-coroutines-core:1.3.8)'
2021-06-06T09:17:17.907-0500 [DEBUG] [org.gradle.internal.operations.DefaultBuildOperationRunner] Build operation 'Resolve jimfs-1.1.jar (com.google.jimfs:jimfs:1.1)' started
2021-06-06T09:17:17.910-0500 [DEBUG] [org.gradle.internal.operations.DefaultBuildOperationRunner] Build operation 'Download https://dl.google.com/dl/android/maven2/com/android/tools/build/apkzlib/4.2.1/apkzlib-4.2.1.jar' started
2021-06-06T09:17:17.911-0500 [DEBUG] [org.gradle.internal.operations.DefaultBuildOperationRunner] Build operation 'Download https://repo.maven.apache.org/maven2/com/google/jimfs/jimfs/1.1/jimfs-1.1.jar' started
2021-06-06T09:17:17.916-0500 [DEBUG] [org.gradle.internal.operations.DefaultBuildOperationRunner] Completing Build operation 'Download https://repo.maven.apache.org/maven2/com/github/gundy/semver4j/0.16.4/semver4j-0.16.4.jar'
2021-06-06T09:17:17.927-0500 [DEBUG] [org.gradle.internal.operations.DefaultBuildOperationRunner] Completing Build operation 'Resolve semver4j-0.16.4.jar (com.github.gundy:semver4j:0.16.4)'
2021-06-06T09:17:17.927-0500 [DEBUG] [org.gradle.internal.operations.DefaultBuildOperationRunner] Build operation 'Resolve semver4j-0.16.4.jar (com.github.gundy:semver4j:0.16.4)' completed
2021-06-06T09:17:17.927-0500 [DEBUG] [org.gradle.internal.operations.DefaultBuildOperationRunner] Build operation 'Resolve guava-28.1-jre.jar (com.google.guava:guava:28.1-jre)' started
2021-06-06T09:17:17.932-0500 [DEBUG] [org.gradle.internal.operations.DefaultBuildOperationRunner] Build operation 'Download https://repo.maven.apache.org/maven2/com/google/guava/guava/28.1-jre/guava-28.1-jre.jar' started
2021-06-06T09:17:17.951-0500 [DEBUG] [org.gradle.internal.operations.DefaultBuildOperationRunner] Completing Build operation 'Download https://repo.maven.apache.org/maven2/org/jetbrains/kotlin/kotlin-stdlib/1.4.32/kotlin-stdlib-1.4.32.jar'
2021-06-06T09:17:17.975-0500 [DEBUG] [org.gradle.internal.operations.DefaultBuildOperationRunner] Completing Build operation 'Resolve kotlin-stdlib-1.4.32.jar (org.jetbrains.kotlin:kotlin-stdlib:1.4.32)'
2021-06-06T09:17:17.975-0500 [DEBUG] [org.gradle.internal.operations.DefaultBuildOperationRunner] Build operation 'Resolve kotlin-stdlib-1.4.32.jar (org.jetbrains.kotlin:kotlin-stdlib:1.4.32)' completed
2021-06-06T09:17:17.975-0500 [DEBUG] [org.gradle.internal.operations.DefaultBuildOperationRunner] Build operation 'Resolve checker-qual-2.8.1.jar (org.checkerframework:checker-qual:2.8.1)' started
2021-06-06T09:17:17.978-0500 [DEBUG] [org.gradle.internal.operations.DefaultBuildOperationRunner] Build operation 'Download https://repo.maven.apache.org/maven2/org/checkerframework/checker-qual/2.8.1/checker-qual-2.8.1.jar' started
2021-06-06T09:17:17.982-0500 [DEBUG] [org.gradle.internal.operations.DefaultBuildOperationRunner] Completing Build operation 'Download https://repo.maven.apache.org/maven2/com/google/jimfs/jimfs/1.1/jimfs-1.1.jar'
2021-06-06T09:17:17.991-0500 [DEBUG] [org.gradle.internal.operations.DefaultBuildOperationRunner] Completing Build operation 'Resolve jimfs-1.1.jar (com.google.jimfs:jimfs:1.1)'
2021-06-06T09:17:17.991-0500 [DEBUG] [org.gradle.internal.operations.DefaultBuildOperationRunner] Build operation 'Resolve signflinger-4.2.1.jar (com.android:signflinger:4.2.1)' started
2021-06-06T09:17:17.995-0500 [DEBUG] [org.gradle.internal.operations.DefaultBuildOperationRunner] Build operation 'Download https://dl.google.com/dl/android/maven2/com/android/signflinger/4.2.1/signflinger-4.2.1.jar' started
2021-06-06T09:17:18.005-0500 [DEBUG] [org.gradle.internal.operations.DefaultBuildOperationRunner] Completing Build operation 'Download https://dl.google.com/dl/android/maven2/com/android/tools/build/apkzlib/4.2.1/apkzlib-4.2.1.jar'
2021-06-06T09:17:18.018-0500 [DEBUG] [org.gradle.internal.operations.DefaultBuildOperationRunner] Completing Build operation 'Resolve apkzlib-4.2.1.jar (com.android.tools.build:apkzlib:4.2.1)'
2021-06-06T09:17:18.018-0500 [DEBUG] [org.gradle.internal.operations.DefaultBuildOperationRunner] Build operation 'Resolve apkzlib-4.2.1.jar (com.android.tools.build:apkzlib:4.2.1)' completed
2021-06-06T09:17:18.018-0500 [DEBUG] [org.gradle.internal.operations.DefaultBuildOperationRunner] Build operation 'Resolve zipflinger-4.2.1.jar (com.android:zipflinger:4.2.1)' started
2021-06-06T09:17:18.020-0500 [DEBUG] [org.gradle.internal.operations.DefaultBuildOperationRunner] Build operation 'Download https://dl.google.com/dl/android/maven2/com/android/zipflinger/4.2.1/zipflinger-4.2.1.jar' started
2021-06-06T09:17:18.048-0500 [DEBUG] [org.gradle.internal.operations.DefaultBuildOperationRunner] Completing Build operation 'Download https://repo.maven.apache.org/maven2/org/checkerframework/checker-qual/2.8.1/checker-qual-2.8.1.jar'
2021-06-06T09:17:18.058-0500 [DEBUG] [org.gradle.internal.operations.DefaultBuildOperationRunner] Completing Build operation 'Resolve checker-qual-2.8.1.jar (org.checkerframework:checker-qual:2.8.1)'
2021-06-06T09:17:18.058-0500 [DEBUG] [org.gradle.internal.operations.DefaultBuildOperationRunner] Build operation 'Resolve checker-qual-2.8.1.jar (org.checkerframework:checker-qual:2.8.1)' completed
2021-06-06T09:17:18.058-0500 [DEBUG] [org.gradle.internal.operations.DefaultBuildOperationRunner] Build operation 'Resolve apksig-4.2.1.jar (com.android.tools.build:apksig:4.2.1)' started
2021-06-06T09:17:18.062-0500 [DEBUG] [org.gradle.internal.operations.DefaultBuildOperationRunner] Build operation 'Download https://dl.google.com/dl/android/maven2/com/android/tools/build/apksig/4.2.1/apksig-4.2.1.jar' started
2021-06-06T09:17:18.068-0500 [DEBUG] [org.gradle.internal.operations.DefaultBuildOperationRunner] Completing Build operation 'Download https://dl.google.com/dl/android/maven2/com/android/signflinger/4.2.1/signflinger-4.2.1.jar'
2021-06-06T09:17:18.076-0500 [DEBUG] [org.gradle.internal.operations.DefaultBuildOperationRunner] Completing Build operation 'Resolve signflinger-4.2.1.jar (com.android:signflinger:4.2.1)'
2021-06-06T09:17:18.076-0500 [DEBUG] [org.gradle.internal.operations.DefaultBuildOperationRunner] Build operation 'Resolve javawriter-2.5.0.jar (com.squareup:javawriter:2.5.0)' started
2021-06-06T09:17:18.081-0500 [DEBUG] [org.gradle.internal.operations.DefaultBuildOperationRunner] Build operation 'Download https://repo.maven.apache.org/maven2/com/squareup/javawriter/2.5.0/javawriter-2.5.0.jar' started
2021-06-06T09:17:18.090-0500 [DEBUG] [org.gradle.internal.operations.DefaultBuildOperationRunner] Completing Build operation 'Download https://dl.google.com/dl/android/maven2/com/android/zipflinger/4.2.1/zipflinger-4.2.1.jar'
2021-06-06T09:17:18.100-0500 [DEBUG] [org.gradle.internal.operations.DefaultBuildOperationRunner] Completing Build operation 'Resolve zipflinger-4.2.1.jar (com.android:zipflinger:4.2.1)'
2021-06-06T09:17:18.100-0500 [DEBUG] [org.gradle.internal.operations.DefaultBuildOperationRunner] Build operation 'Resolve zipflinger-4.2.1.jar (com.android:zipflinger:4.2.1)' completed
2021-06-06T09:17:18.100-0500 [DEBUG] [org.gradle.internal.operations.DefaultBuildOperationRunner] Build operation 'Resolve bcpkix-jdk15on-1.56.jar (org.bouncycastle:bcpkix-jdk15on:1.56)' started
2021-06-06T09:17:18.103-0500 [DEBUG] [org.gradle.internal.operations.DefaultBuildOperationRunner] Build operation 'Download https://repo.maven.apache.org/maven2/org/bouncycastle/bcpkix-jdk15on/1.56/bcpkix-jdk15on-1.56.jar' started
2021-06-06T09:17:18.108-0500 [DEBUG] [org.gradle.internal.operations.DefaultBuildOperationRunner] Completing Build operation 'Download https://repo.maven.apache.org/maven2/de/undercouch/gradle-download-task/4.0.2/gradle-download-task-4.0.2.jar'
2021-06-06T09:17:18.128-0500 [DEBUG] [org.gradle.internal.operations.DefaultBuildOperationRunner] Completing Build operation 'Download https://repo.maven.apache.org/maven2/com/squareup/javawriter/2.5.0/javawriter-2.5.0.jar'
2021-06-06T09:17:18.152-0500 [DEBUG] [org.gradle.internal.operations.DefaultBuildOperationRunner] Completing Build operation 'Resolve gradle-download-task-4.0.2.jar (de.undercouch:gradle-download-task:4.0.2)'
2021-06-06T09:17:18.152-0500 [DEBUG] [org.gradle.internal.operations.DefaultBuildOperationRunner] Build operation 'Resolve gradle-download-task-4.0.2.jar (de.undercouch:gradle-download-task:4.0.2)' completed
2021-06-06T09:17:18.152-0500 [DEBUG] [org.gradle.internal.operations.DefaultBuildOperationRunner] Completing Build operation 'Resolve javawriter-2.5.0.jar (com.squareup:javawriter:2.5.0)'
2021-06-06T09:17:18.152-0500 [DEBUG] [org.gradle.internal.operations.DefaultBuildOperationRunner] Build operation 'Resolve bcprov-jdk15on-1.56.jar (org.bouncycastle:bcprov-jdk15on:1.56)' started
2021-06-06T09:17:18.153-0500 [DEBUG] [org.gradle.internal.operations.DefaultBuildOperationRunner] Build operation 'Resolve dagger-2.28.3.jar (com.google.dagger:dagger:2.28.3)' started
2021-06-06T09:17:18.156-0500 [DEBUG] [org.gradle.internal.operations.DefaultBuildOperationRunner] Build operation 'Download https://repo.maven.apache.org/maven2/com/google/dagger/dagger/2.28.3/dagger-2.28.3.jar' started
2021-06-06T09:17:18.161-0500 [DEBUG] [org.gradle.internal.operations.DefaultBuildOperationRunner] Build operation 'Download https://repo.maven.apache.org/maven2/org/bouncycastle/bcprov-jdk15on/1.56/bcprov-jdk15on-1.56.jar' started
2021-06-06T09:17:18.204-0500 [DEBUG] [org.gradle.internal.operations.DefaultBuildOperationRunner] Completing Build operation 'Download https://repo.maven.apache.org/maven2/org/bouncycastle/bcpkix-jdk15on/1.56/bcpkix-jdk15on-1.56.jar'
2021-06-06T09:17:18.219-0500 [DEBUG] [org.gradle.internal.operations.DefaultBuildOperationRunner] Completing Build operation 'Resolve bcpkix-jdk15on-1.56.jar (org.bouncycastle:bcpkix-jdk15on:1.56)'
2021-06-06T09:17:18.219-0500 [DEBUG] [org.gradle.internal.operations.DefaultBuildOperationRunner] Build operation 'Resolve bcpkix-jdk15on-1.56.jar (org.bouncycastle:bcpkix-jdk15on:1.56)' completed
2021-06-06T09:17:18.219-0500 [DEBUG] [org.gradle.internal.operations.DefaultBuildOperationRunner] Build operation 'Resolve javax.inject-1.jar (javax.inject:javax.inject:1)' started
2021-06-06T09:17:18.221-0500 [DEBUG] [org.gradle.internal.operations.DefaultBuildOperationRunner] Completing Build operation 'Download https://repo.maven.apache.org/maven2/com/google/dagger/dagger/2.28.3/dagger-2.28.3.jar'
2021-06-06T09:17:18.222-0500 [DEBUG] [org.gradle.internal.operations.DefaultBuildOperationRunner] Build operation 'Metadata of https://repo.maven.apache.org/maven2/javax/inject/javax.inject/1/javax.inject-1.jar' started
2021-06-06T09:17:18.231-0500 [DEBUG] [org.gradle.internal.operations.DefaultBuildOperationRunner] Completing Build operation 'Resolve dagger-2.28.3.jar (com.google.dagger:dagger:2.28.3)'
2021-06-06T09:17:18.232-0500 [DEBUG] [org.gradle.internal.operations.DefaultBuildOperationRunner] Build operation 'Resolve fastutil-8.4.0.jar (it.unimi.dsi:fastutil:8.4.0)' started
2021-06-06T09:17:18.236-0500 [DEBUG] [org.gradle.internal.operations.DefaultBuildOperationRunner] Build operation 'Download https://repo.maven.apache.org/maven2/it/unimi/dsi/fastutil/8.4.0/fastutil-8.4.0.jar' started
2021-06-06T09:17:18.260-0500 [DEBUG] [org.gradle.internal.operations.DefaultBuildOperationRunner] Completing Build operation 'Download https://dl.google.com/dl/android/maven2/com/android/tools/build/apksig/4.2.1/apksig-4.2.1.jar'
2021-06-06T09:17:18.271-0500 [DEBUG] [org.gradle.internal.operations.DefaultBuildOperationRunner] Completing Build operation 'Resolve apksig-4.2.1.jar (com.android.tools.build:apksig:4.2.1)'
2021-06-06T09:17:18.271-0500 [DEBUG] [org.gradle.internal.operations.DefaultBuildOperationRunner] Build operation 'Resolve apksig-4.2.1.jar (com.android.tools.build:apksig:4.2.1)' completed
2021-06-06T09:17:18.271-0500 [DEBUG] [org.gradle.internal.operations.DefaultBuildOperationRunner] Build operation 'Resolve json-simple-1.1.jar (com.googlecode.json-simple:json-simple:1.1)' started
2021-06-06T09:17:18.274-0500 [DEBUG] [org.gradle.internal.operations.DefaultBuildOperationRunner] Build operation 'Download https://repo.maven.apache.org/maven2/com/googlecode/json-simple/json-simple/1.1/json-simple-1.1.jar' started
2021-06-06T09:17:18.275-0500 [DEBUG] [org.gradle.internal.operations.DefaultBuildOperationRunner] Completing Build operation 'Metadata of https://repo.maven.apache.org/maven2/javax/inject/javax.inject/1/javax.inject-1.jar'
2021-06-06T09:17:18.287-0500 [DEBUG] [org.gradle.internal.operations.DefaultBuildOperationRunner] Completing Build operation 'Resolve javax.inject-1.jar (javax.inject:javax.inject:1)'
2021-06-06T09:17:18.287-0500 [DEBUG] [org.gradle.internal.operations.DefaultBuildOperationRunner] Build operation 'Resolve javax.inject-1.jar (javax.inject:javax.inject:1)' completed
2021-06-06T09:17:18.287-0500 [DEBUG] [org.gradle.internal.operations.DefaultBuildOperationRunner] Build operation 'Resolve annotations-27.2.1.jar (com.android.tools:annotations:27.2.1)' started
2021-06-06T09:17:18.290-0500 [DEBUG] [org.gradle.internal.operations.DefaultBuildOperationRunner] Build operation 'Download https://dl.google.com/dl/android/maven2/com/android/tools/annotations/27.2.1/annotations-27.2.1.jar' started
2021-06-06T09:17:18.339-0500 [DEBUG] [org.gradle.internal.operations.DefaultBuildOperationRunner] Completing Build operation 'Download https://repo.maven.apache.org/maven2/org/jetbrains/kotlin/kotlin-reflect/1.4.32/kotlin-reflect-1.4.32.jar'
2021-06-06T09:17:18.341-0500 [DEBUG] [org.gradle.internal.operations.DefaultBuildOperationRunner] Completing Build operation 'Download https://repo.maven.apache.org/maven2/com/googlecode/json-simple/json-simple/1.1/json-simple-1.1.jar'
2021-06-06T09:17:18.382-0500 [DEBUG] [org.gradle.internal.operations.DefaultBuildOperationRunner] Completing Build operation 'Resolve kotlin-reflect-1.4.32.jar (org.jetbrains.kotlin:kotlin-reflect:1.4.32)'
2021-06-06T09:17:18.382-0500 [DEBUG] [org.gradle.internal.operations.DefaultBuildOperationRunner] Build operation 'Resolve kotlin-reflect-1.4.32.jar (org.jetbrains.kotlin:kotlin-reflect:1.4.32)' completed
2021-06-06T09:17:18.382-0500 [DEBUG] [org.gradle.internal.operations.DefaultBuildOperationRunner] Build operation 'Resolve httpmime-4.5.6.jar (org.apache.httpcomponents:httpmime:4.5.6)' started
2021-06-06T09:17:18.383-0500 [DEBUG] [org.gradle.internal.operations.DefaultBuildOperationRunner] Completing Build operation 'Resolve json-simple-1.1.jar (com.googlecode.json-simple:json-simple:1.1)'
2021-06-06T09:17:18.383-0500 [DEBUG] [org.gradle.internal.operations.DefaultBuildOperationRunner] Build operation 'Resolve json-simple-1.1.jar (com.googlecode.json-simple:json-simple:1.1)' completed
2021-06-06T09:17:18.383-0500 [DEBUG] [org.gradle.internal.operations.DefaultBuildOperationRunner] Build operation 'Resolve httpclient-4.5.6.jar (org.apache.httpcomponents:httpclient:4.5.6)' started
2021-06-06T09:17:18.385-0500 [DEBUG] [org.gradle.internal.operations.DefaultBuildOperationRunner] Build operation 'Download https://repo.maven.apache.org/maven2/org/apache/httpcomponents/httpmime/4.5.6/httpmime-4.5.6.jar' started
2021-06-06T09:17:18.386-0500 [DEBUG] [org.gradle.internal.operations.DefaultBuildOperationRunner] Build operation 'Download https://repo.maven.apache.org/maven2/org/apache/httpcomponents/httpclient/4.5.6/httpclient-4.5.6.jar' started
2021-06-06T09:17:18.391-0500 [DEBUG] [org.gradle.internal.operations.DefaultBuildOperationRunner] Completing Build operation 'Download https://dl.google.com/dl/android/maven2/com/android/tools/annotations/27.2.1/annotations-27.2.1.jar'
2021-06-06T09:17:18.397-0500 [DEBUG] [org.gradle.internal.operations.DefaultBuildOperationRunner] Completing Build operation 'Resolve annotations-27.2.1.jar (com.android.tools:annotations:27.2.1)'
2021-06-06T09:17:18.397-0500 [DEBUG] [org.gradle.internal.operations.DefaultBuildOperationRunner] Build operation 'Resolve annotations-27.2.1.jar (com.android.tools:annotations:27.2.1)' completed
2021-06-06T09:17:18.397-0500 [DEBUG] [org.gradle.internal.operations.DefaultBuildOperationRunner] Build operation 'Resolve httpcore-4.4.10.jar (org.apache.httpcomponents:httpcore:4.4.10)' started
2021-06-06T09:17:18.400-0500 [DEBUG] [org.gradle.internal.operations.DefaultBuildOperationRunner] Build operation 'Download https://repo.maven.apache.org/maven2/org/apache/httpcomponents/httpcore/4.4.10/httpcore-4.4.10.jar' started
2021-06-06T09:17:18.469-0500 [DEBUG] [org.gradle.internal.operations.DefaultBuildOperationRunner] Completing Build operation 'Download https://repo.maven.apache.org/maven2/org/apache/httpcomponents/httpmime/4.5.6/httpmime-4.5.6.jar'
2021-06-06T09:17:18.476-0500 [DEBUG] [org.gradle.internal.operations.DefaultBuildOperationRunner] Completing Build operation 'Resolve httpmime-4.5.6.jar (org.apache.httpcomponents:httpmime:4.5.6)'
2021-06-06T09:17:18.476-0500 [DEBUG] [org.gradle.internal.operations.DefaultBuildOperationRunner] Build operation 'Resolve httpmime-4.5.6.jar (org.apache.httpcomponents:httpmime:4.5.6)' completed
2021-06-06T09:17:18.476-0500 [DEBUG] [org.gradle.internal.operations.DefaultBuildOperationRunner] Build operation 'Resolve databinding-common-4.2.1.jar (androidx.databinding:databinding-common:4.2.1)' started
2021-06-06T09:17:18.478-0500 [DEBUG] [org.gradle.internal.operations.DefaultBuildOperationRunner] Build operation 'Download https://dl.google.com/dl/android/maven2/androidx/databinding/databinding-common/4.2.1/databinding-common-4.2.1.jar' started
2021-06-06T09:17:18.603-0500 [DEBUG] [org.gradle.internal.operations.DefaultBuildOperationRunner] Completing Build operation 'Download https://dl.google.com/dl/android/maven2/androidx/databinding/databinding-common/4.2.1/databinding-common-4.2.1.jar'
2021-06-06T09:17:18.609-0500 [DEBUG] [org.gradle.internal.operations.DefaultBuildOperationRunner] Completing Build operation 'Resolve databinding-common-4.2.1.jar (androidx.databinding:databinding-common:4.2.1)'
2021-06-06T09:17:18.609-0500 [DEBUG] [org.gradle.internal.operations.DefaultBuildOperationRunner] Build operation 'Resolve databinding-common-4.2.1.jar (androidx.databinding:databinding-common:4.2.1)' completed
2021-06-06T09:17:18.609-0500 [DEBUG] [org.gradle.internal.operations.DefaultBuildOperationRunner] Build operation 'Resolve baseLibrary-4.2.1.jar (com.android.databinding:baseLibrary:4.2.1)' started
2021-06-06T09:17:18.610-0500 [DEBUG] [org.gradle.internal.operations.DefaultBuildOperationRunner] Build operation 'Download https://dl.google.com/dl/android/maven2/com/android/databinding/baseLibrary/4.2.1/baseLibrary-4.2.1.jar' started
2021-06-06T09:17:18.627-0500 [DEBUG] [org.gradle.internal.operations.DefaultBuildOperationRunner] Completing Build operation 'Download https://repo.maven.apache.org/maven2/org/apache/httpcomponents/httpcore/4.4.10/httpcore-4.4.10.jar'
2021-06-06T09:17:18.635-0500 [DEBUG] [org.gradle.internal.operations.DefaultBuildOperationRunner] Completing Build operation 'Resolve httpcore-4.4.10.jar (org.apache.httpcomponents:httpcore:4.4.10)'
2021-06-06T09:17:18.636-0500 [DEBUG] [org.gradle.internal.operations.DefaultBuildOperationRunner] Build operation 'Resolve httpcore-4.4.10.jar (org.apache.httpcomponents:httpcore:4.4.10)' completed
2021-06-06T09:17:18.636-0500 [DEBUG] [org.gradle.internal.operations.DefaultBuildOperationRunner] Build operation 'Resolve antlr4-4.5.3.jar (org.antlr:antlr4:4.5.3)' started
2021-06-06T09:17:18.637-0500 [DEBUG] [org.gradle.internal.operations.DefaultBuildOperationRunner] Build operation 'Download https://repo.maven.apache.org/maven2/org/antlr/antlr4/4.5.3/antlr4-4.5.3.jar' started
2021-06-06T09:17:16.622-0500 [LIFECYCLE] [org.gradle.internal.logging.progress.ProgressLoggerFactory] 
2021-06-06T09:17:16.622-0500 [LIFECYCLE] [org.gradle.internal.logging.progress.ProgressLoggerFactory] > Configure project :
2021-06-06T09:17:16.367-0500 [DEBUG] [org.gradle.internal.operations.DefaultBuildOperationRunner] Build operation 'Resolve builder-model-4.2.1.jar (com.android.tools.build:builder-model:4.2.1)' completed
2021-06-06T09:17:16.367-0500 [DEBUG] [org.gradle.api.internal.artifacts.repositories.resolver.DefaultExternalResourceArtifactResolver] Loading https://dl.google.com/dl/android/maven2/com/android/tools/analytics-library/tracker/27.2.1/tracker-27.2.1.jar
2021-06-06T09:17:16.367-0500 [DEBUG] [org.gradle.internal.resource.transfer.DefaultCacheAwareExternalResourceAccessor] Constructing external resource: https://dl.google.com/dl/android/maven2/com/android/tools/analytics-library/tracker/27.2.1/tracker-27.2.1.jar
2021-06-06T09:17:16.370-0500 [DEBUG] [org.gradle.api.internal.artifacts.repositories.resolver.DefaultExternalResourceArtifactResolver] Loading https://dl.google.com/dl/android/maven2/com/android/tools/ddms/ddmlib/27.2.1/ddmlib-27.2.1.jar
2021-06-06T09:17:16.370-0500 [DEBUG] [org.gradle.api.internal.artifacts.repositories.resolver.DefaultExternalResourceArtifactResolver] Loading https://dl.google.com/dl/android/maven2/com/android/tools/build/builder-test-api/4.2.1/builder-test-api-4.2.1.jar
2021-06-06T09:17:16.370-0500 [DEBUG] [org.gradle.internal.resource.transfer.DefaultCacheAwareExternalResourceAccessor] Constructing external resource: https://dl.google.com/dl/android/maven2/com/android/tools/build/builder-test-api/4.2.1/builder-test-api-4.2.1.jar
2021-06-06T09:17:16.370-0500 [DEBUG] [org.gradle.internal.resource.transfer.DefaultCacheAwareExternalResourceAccessor] Constructing external resource: https://dl.google.com/dl/android/maven2/com/android/tools/ddms/ddmlib/27.2.1/ddmlib-27.2.1.jar
2021-06-06T09:17:16.370-0500 [DEBUG] [org.gradle.internal.resource.transport.http.HttpResourceAccessor] Constructing external resource: https://dl.google.com/dl/android/maven2/com/android/tools/analytics-library/tracker/27.2.1/tracker-27.2.1.jar
2021-06-06T09:17:16.370-0500 [DEBUG] [org.gradle.internal.resource.transport.http.HttpClientHelper] Performing HTTP GET: https://dl.google.com/dl/android/maven2/com/android/tools/analytics-library/tracker/27.2.1/tracker-27.2.1.jar
2021-06-06T09:17:16.371-0500 [DEBUG] [org.apache.http.client.protocol.RequestAddCookies] CookieSpec selected: default
2021-06-06T09:17:16.371-0500 [DEBUG] [org.apache.http.client.protocol.RequestAuthCache] Auth cache not set in the context
2021-06-06T09:17:16.371-0500 [DEBUG] [org.apache.http.impl.conn.PoolingHttpClientConnectionManager] Connection request: [route: {s}->https://dl.google.com:443][total kept alive: 3; route allocated: 8 of 20; total allocated: 8 of 20]
2021-06-06T09:17:16.371-0500 [DEBUG] [org.apache.http.impl.conn.PoolingHttpClientConnectionManager] Connection leased: [id: 4][route: {s}->https://dl.google.com:443][total kept alive: 2; route allocated: 8 of 20; total allocated: 8 of 20]
2021-06-06T09:17:16.371-0500 [DEBUG] [org.apache.http.impl.conn.DefaultManagedHttpClientConnection] http-outgoing-4: set socket timeout to 30000
2021-06-06T09:17:16.371-0500 [DEBUG] [org.apache.http.impl.conn.DefaultManagedHttpClientConnection] http-outgoing-4: set socket timeout to 30000
2021-06-06T09:17:16.371-0500 [DEBUG] [org.apache.http.impl.execchain.MainClientExec] Executing request GET /dl/android/maven2/com/android/tools/analytics-library/tracker/27.2.1/tracker-27.2.1.jar HTTP/1.1
2021-06-06T09:17:16.372-0500 [DEBUG] [org.apache.http.impl.execchain.MainClientExec] Target auth state: UNCHALLENGED
2021-06-06T09:17:16.372-0500 [DEBUG] [org.apache.http.impl.execchain.MainClientExec] Proxy auth state: UNCHALLENGED
2021-06-06T09:17:16.376-0500 [DEBUG] [org.gradle.internal.resource.transport.http.HttpResourceAccessor] Constructing external resource: https://dl.google.com/dl/android/maven2/com/android/tools/ddms/ddmlib/27.2.1/ddmlib-27.2.1.jar
2021-06-06T09:17:16.377-0500 [DEBUG] [org.gradle.internal.resource.transport.http.HttpClientHelper] Performing HTTP GET: https://dl.google.com/dl/android/maven2/com/android/tools/ddms/ddmlib/27.2.1/ddmlib-27.2.1.jar
2021-06-06T09:17:16.377-0500 [DEBUG] [org.apache.http.client.protocol.RequestAddCookies] CookieSpec selected: default
2021-06-06T09:17:16.377-0500 [DEBUG] [org.apache.http.client.protocol.RequestAuthCache] Auth cache not set in the context
2021-06-06T09:17:16.380-0500 [DEBUG] [org.apache.http.impl.conn.PoolingHttpClientConnectionManager] Connection request: [route: {s}->https://dl.google.com:443][total kept alive: 2; route allocated: 8 of 20; total allocated: 8 of 20]
2021-06-06T09:17:16.381-0500 [DEBUG] [org.gradle.internal.resource.transport.http.HttpResourceAccessor] Constructing external resource: https://dl.google.com/dl/android/maven2/com/android/tools/build/builder-test-api/4.2.1/builder-test-api-4.2.1.jar
2021-06-06T09:17:16.381-0500 [DEBUG] [org.apache.http.impl.conn.PoolingHttpClientConnectionManager] Connection leased: [id: 1][route: {s}->https://dl.google.com:443][total kept alive: 1; route allocated: 8 of 20; total allocated: 8 of 20]
2021-06-06T09:17:16.382-0500 [DEBUG] [org.gradle.internal.resource.transport.http.HttpClientHelper] Performing HTTP GET: https://dl.google.com/dl/android/maven2/com/android/tools/build/builder-test-api/4.2.1/builder-test-api-4.2.1.jar
2021-06-06T09:17:16.396-0500 [DEBUG] [org.apache.http.impl.conn.DefaultManagedHttpClientConnection] http-outgoing-1: set socket timeout to 30000
2021-06-06T09:17:16.396-0500 [DEBUG] [org.apache.http.impl.conn.DefaultManagedHttpClientConnection] http-outgoing-1: set socket timeout to 30000
2021-06-06T09:17:16.396-0500 [DEBUG] [org.apache.http.impl.execchain.MainClientExec] Executing request GET /dl/android/maven2/com/android/tools/ddms/ddmlib/27.2.1/ddmlib-27.2.1.jar HTTP/1.1
2021-06-06T09:17:16.397-0500 [DEBUG] [org.apache.http.impl.execchain.MainClientExec] Target auth state: UNCHALLENGED
2021-06-06T09:17:16.397-0500 [DEBUG] [org.apache.http.impl.execchain.MainClientExec] Proxy auth state: UNCHALLENGED
2021-06-06T09:17:16.396-0500 [DEBUG] [org.apache.http.client.protocol.RequestAddCookies] CookieSpec selected: default
2021-06-06T09:17:16.398-0500 [DEBUG] [org.apache.http.client.protocol.RequestAuthCache] Auth cache not set in the context
2021-06-06T09:17:16.399-0500 [DEBUG] [org.apache.http.impl.conn.PoolingHttpClientConnectionManager] Connection request: [route: {s}->https://dl.google.com:443][total kept alive: 1; route allocated: 8 of 20; total allocated: 8 of 20]
2021-06-06T09:17:16.399-0500 [DEBUG] [org.apache.http.impl.conn.PoolingHttpClientConnectionManager] Connection [id: 7][route: {s}->https://dl.google.com:443] can be kept alive indefinitely
2021-06-06T09:17:16.399-0500 [DEBUG] [org.apache.http.impl.conn.DefaultManagedHttpClientConnection] http-outgoing-7: set socket timeout to 0
2021-06-06T09:17:16.399-0500 [DEBUG] [org.apache.http.impl.conn.PoolingHttpClientConnectionManager] Connection released: [id: 7][route: {s}->https://dl.google.com:443][total kept alive: 1; route allocated: 8 of 20; total allocated: 8 of 20]
2021-06-06T09:17:16.400-0500 [DEBUG] [org.gradle.internal.operations.DefaultBuildOperationRunner] Build operation 'Download https://dl.google.com/dl/android/maven2/com/android/tools/build/aapt2-proto/4.2.1-7147631/aapt2-proto-4.2.1-7147631.jar' completed
2021-06-06T09:17:16.400-0500 [DEBUG] [org.apache.http.impl.conn.PoolingHttpClientConnectionManager] Connection leased: [id: 6][route: {s}->https://dl.google.com:443][total kept alive: 1; route allocated: 8 of 20; total allocated: 8 of 20]
2021-06-06T09:17:16.400-0500 [DEBUG] [org.apache.http.impl.conn.DefaultManagedHttpClientConnection] http-outgoing-6: set socket timeout to 30000
2021-06-06T09:17:16.400-0500 [DEBUG] [org.apache.http.impl.conn.DefaultManagedHttpClientConnection] http-outgoing-6: set socket timeout to 30000
2021-06-06T09:17:16.400-0500 [DEBUG] [org.apache.http.impl.execchain.MainClientExec] Executing request GET /dl/android/maven2/com/android/tools/build/builder-test-api/4.2.1/builder-test-api-4.2.1.jar HTTP/1.1
2021-06-06T09:17:16.400-0500 [DEBUG] [org.apache.http.impl.execchain.MainClientExec] Target auth state: UNCHALLENGED
2021-06-06T09:17:16.401-0500 [DEBUG] [org.apache.http.impl.execchain.MainClientExec] Proxy auth state: UNCHALLENGED
2021-06-06T09:17:16.415-0500 [DEBUG] [org.gradle.api.internal.artifacts.ivyservice.ivyresolve.CachingModuleComponentRepository] Downloaded artifact 'org.gradle.internal.component.external.model.UrlBackedArtifactMetadata@7d5367e4' from resolver: Google
2021-06-06T09:17:16.416-0500 [DEBUG] [org.gradle.api.internal.artifacts.repositories.resolver.DefaultExternalResourceArtifactResolver] Loading https://dl.google.com/dl/android/maven2/com/android/tools/sdklib/27.2.1/sdklib-27.2.1.jar
2021-06-06T09:17:16.416-0500 [DEBUG] [org.gradle.internal.resource.transfer.DefaultCacheAwareExternalResourceAccessor] Constructing external resource: https://dl.google.com/dl/android/maven2/com/android/tools/sdklib/27.2.1/sdklib-27.2.1.jar
2021-06-06T09:17:16.418-0500 [DEBUG] [org.gradle.internal.resource.transport.http.HttpResourceAccessor] Constructing external resource: https://dl.google.com/dl/android/maven2/com/android/tools/sdklib/27.2.1/sdklib-27.2.1.jar
2021-06-06T09:17:16.419-0500 [DEBUG] [org.gradle.internal.resource.transport.http.HttpClientHelper] Performing HTTP GET: https://dl.google.com/dl/android/maven2/com/android/tools/sdklib/27.2.1/sdklib-27.2.1.jar
2021-06-06T09:17:16.419-0500 [DEBUG] [org.apache.http.client.protocol.RequestAddCookies] CookieSpec selected: default
2021-06-06T09:17:16.419-0500 [DEBUG] [org.apache.http.client.protocol.RequestAuthCache] Auth cache not set in the context
2021-06-06T09:17:16.419-0500 [DEBUG] [org.apache.http.impl.conn.PoolingHttpClientConnectionManager] Connection request: [route: {s}->https://dl.google.com:443][total kept alive: 1; route allocated: 8 of 20; total allocated: 8 of 20]
2021-06-06T09:17:16.419-0500 [DEBUG] [org.apache.http.impl.conn.PoolingHttpClientConnectionManager] Connection leased: [id: 7][route: {s}->https://dl.google.com:443][total kept alive: 0; route allocated: 8 of 20; total allocated: 8 of 20]
2021-06-06T09:17:16.419-0500 [DEBUG] [org.apache.http.impl.conn.DefaultManagedHttpClientConnection] http-outgoing-7: set socket timeout to 30000
2021-06-06T09:17:16.420-0500 [DEBUG] [org.apache.http.impl.conn.DefaultManagedHttpClientConnection] http-outgoing-7: set socket timeout to 30000
2021-06-06T09:17:16.420-0500 [DEBUG] [org.apache.http.impl.execchain.MainClientExec] Executing request GET /dl/android/maven2/com/android/tools/sdklib/27.2.1/sdklib-27.2.1.jar HTTP/1.1
2021-06-06T09:17:16.420-0500 [DEBUG] [org.apache.http.impl.execchain.MainClientExec] Target auth state: UNCHALLENGED
2021-06-06T09:17:16.420-0500 [DEBUG] [org.apache.http.impl.execchain.MainClientExec] Proxy auth state: UNCHALLENGED
2021-06-06T09:17:16.423-0500 [DEBUG] [org.apache.http.impl.execchain.MainClientExec] Connection can be kept alive indefinitely
2021-06-06T09:17:16.423-0500 [DEBUG] [org.gradle.internal.resource.transport.http.HttpResponseResource] Attempting to download resource https://dl.google.com/dl/android/maven2/com/android/tools/analytics-library/tracker/27.2.1/tracker-27.2.1.jar.
2021-06-06T09:17:16.425-0500 [INFO] [org.gradle.internal.resource.transfer.DefaultCacheAwareExternalResourceAccessor] Downloading https://dl.google.com/dl/android/maven2/com/android/tools/analytics-library/tracker/27.2.1/tracker-27.2.1.jar to C:\Users\gathi\AppData\Local\Temp\gradle_download16744033530031401513bin
2021-06-06T09:17:16.438-0500 [DEBUG] [org.apache.http.impl.conn.PoolingHttpClientConnectionManager] Connection [id: 4][route: {s}->https://dl.google.com:443] can be kept alive indefinitely
2021-06-06T09:17:16.438-0500 [DEBUG] [org.apache.http.impl.conn.DefaultManagedHttpClientConnection] http-outgoing-4: set socket timeout to 0
2021-06-06T09:17:16.438-0500 [DEBUG] [org.apache.http.impl.conn.PoolingHttpClientConnectionManager] Connection released: [id: 4][route: {s}->https://dl.google.com:443][total kept alive: 1; route allocated: 8 of 20; total allocated: 8 of 20]
2021-06-06T09:17:16.439-0500 [DEBUG] [org.gradle.internal.operations.DefaultBuildOperationRunner] Build operation 'Download https://dl.google.com/dl/android/maven2/com/android/tools/analytics-library/tracker/27.2.1/tracker-27.2.1.jar' completed
2021-06-06T09:17:16.446-0500 [DEBUG] [org.apache.http.impl.execchain.MainClientExec] Connection can be kept alive indefinitely
2021-06-06T09:17:16.446-0500 [DEBUG] [org.gradle.internal.resource.transport.http.HttpResponseResource] Attempting to download resource https://dl.google.com/dl/android/maven2/com/android/tools/build/builder-test-api/4.2.1/builder-test-api-4.2.1.jar.
2021-06-06T09:17:16.448-0500 [DEBUG] [org.gradle.api.internal.artifacts.ivyservice.ivyresolve.CachingModuleComponentRepository] Downloaded artifact 'org.gradle.internal.component.external.model.UrlBackedArtifactMetadata@33569bf6' from resolver: Google
2021-06-06T09:17:16.448-0500 [INFO] [org.gradle.internal.resource.transfer.DefaultCacheAwareExternalResourceAccessor] Downloading https://dl.google.com/dl/android/maven2/com/android/tools/build/builder-test-api/4.2.1/builder-test-api-4.2.1.jar to C:\Users\gathi\AppData\Local\Temp\gradle_download12821163975587495717bin
2021-06-06T09:17:16.448-0500 [DEBUG] [org.gradle.internal.operations.DefaultBuildOperationRunner] Build operation 'Resolve tracker-27.2.1.jar (com.android.tools.analytics-library:tracker:27.2.1)' completed
2021-06-06T09:17:16.449-0500 [DEBUG] [org.gradle.api.internal.artifacts.repositories.resolver.DefaultExternalResourceArtifactResolver] Loading https://dl.google.com/dl/android/maven2/com/android/tools/layoutlib/layoutlib-api/27.2.1/layoutlib-api-27.2.1.jar
2021-06-06T09:17:16.449-0500 [DEBUG] [org.gradle.internal.resource.transfer.DefaultCacheAwareExternalResourceAccessor] Constructing external resource: https://dl.google.com/dl/android/maven2/com/android/tools/layoutlib/layoutlib-api/27.2.1/layoutlib-api-27.2.1.jar
2021-06-06T09:17:16.452-0500 [DEBUG] [org.gradle.internal.resource.transport.http.HttpResourceAccessor] Constructing external resource: https://dl.google.com/dl/android/maven2/com/android/tools/layoutlib/layoutlib-api/27.2.1/layoutlib-api-27.2.1.jar
2021-06-06T09:17:16.452-0500 [DEBUG] [org.gradle.internal.resource.transport.http.HttpClientHelper] Performing HTTP GET: https://dl.google.com/dl/android/maven2/com/android/tools/layoutlib/layoutlib-api/27.2.1/layoutlib-api-27.2.1.jar
2021-06-06T09:17:16.452-0500 [DEBUG] [org.apache.http.client.protocol.RequestAddCookies] CookieSpec selected: default
2021-06-06T09:17:16.452-0500 [DEBUG] [org.apache.http.client.protocol.RequestAuthCache] Auth cache not set in the context
2021-06-06T09:17:16.452-0500 [DEBUG] [org.apache.http.impl.conn.PoolingHttpClientConnectionManager] Connection request: [route: {s}->https://dl.google.com:443][total kept alive: 1; route allocated: 8 of 20; total allocated: 8 of 20]
2021-06-06T09:17:16.453-0500 [DEBUG] [org.apache.http.impl.conn.PoolingHttpClientConnectionManager] Connection leased: [id: 4][route: {s}->https://dl.google.com:443][total kept alive: 0; route allocated: 8 of 20; total allocated: 8 of 20]
2021-06-06T09:17:16.453-0500 [DEBUG] [org.apache.http.impl.conn.DefaultManagedHttpClientConnection] http-outgoing-4: set socket timeout to 30000
2021-06-06T09:17:16.453-0500 [DEBUG] [org.apache.http.impl.conn.DefaultManagedHttpClientConnection] http-outgoing-4: set socket timeout to 30000
2021-06-06T09:17:16.453-0500 [DEBUG] [org.apache.http.impl.execchain.MainClientExec] Executing request GET /dl/android/maven2/com/android/tools/layoutlib/layoutlib-api/27.2.1/layoutlib-api-27.2.1.jar HTTP/1.1
2021-06-06T09:17:16.453-0500 [DEBUG] [org.apache.http.impl.execchain.MainClientExec] Target auth state: UNCHALLENGED
2021-06-06T09:17:16.453-0500 [DEBUG] [org.apache.http.impl.execchain.MainClientExec] Proxy auth state: UNCHALLENGED
2021-06-06T09:17:16.454-0500 [DEBUG] [org.apache.http.impl.conn.PoolingHttpClientConnectionManager] Connection [id: 6][route: {s}->https://dl.google.com:443] can be kept alive indefinitely
2021-06-06T09:17:16.454-0500 [DEBUG] [org.apache.http.impl.conn.DefaultManagedHttpClientConnection] http-outgoing-6: set socket timeout to 0
2021-06-06T09:17:16.454-0500 [DEBUG] [org.apache.http.impl.conn.PoolingHttpClientConnectionManager] Connection released: [id: 6][route: {s}->https://dl.google.com:443][total kept alive: 1; route allocated: 8 of 20; total allocated: 8 of 20]
2021-06-06T09:17:16.455-0500 [DEBUG] [org.gradle.internal.operations.DefaultBuildOperationRunner] Build operation 'Download https://dl.google.com/dl/android/maven2/com/android/tools/build/builder-test-api/4.2.1/builder-test-api-4.2.1.jar' completed
2021-06-06T09:17:16.468-0500 [DEBUG] [org.apache.http.impl.execchain.MainClientExec] Connection can be kept alive indefinitely
2021-06-06T09:17:16.468-0500 [DEBUG] [org.gradle.internal.resource.transport.http.HttpResponseResource] Attempting to download resource https://dl.google.com/dl/android/maven2/com/android/tools/ddms/ddmlib/27.2.1/ddmlib-27.2.1.jar.
2021-06-06T09:17:16.470-0500 [INFO] [org.gradle.internal.resource.transfer.DefaultCacheAwareExternalResourceAccessor] Downloading https://dl.google.com/dl/android/maven2/com/android/tools/ddms/ddmlib/27.2.1/ddmlib-27.2.1.jar to C:\Users\gathi\AppData\Local\Temp\gradle_download13681115041142961401bin
2021-06-06T09:17:16.477-0500 [DEBUG] [org.apache.http.impl.execchain.MainClientExec] Connection can be kept alive indefinitely
2021-06-06T09:17:16.477-0500 [DEBUG] [org.gradle.internal.resource.transport.http.HttpResponseResource] Attempting to download resource https://dl.google.com/dl/android/maven2/com/android/tools/sdklib/27.2.1/sdklib-27.2.1.jar.
2021-06-06T09:17:16.479-0500 [INFO] [org.gradle.internal.resource.transfer.DefaultCacheAwareExternalResourceAccessor] Downloading https://dl.google.com/dl/android/maven2/com/android/tools/sdklib/27.2.1/sdklib-27.2.1.jar to C:\Users\gathi\AppData\Local\Temp\gradle_download380570030282104836bin
2021-06-06T09:17:16.479-0500 [DEBUG] [org.gradle.api.internal.artifacts.ivyservice.ivyresolve.CachingModuleComponentRepository] Downloaded artifact 'org.gradle.internal.component.external.model.UrlBackedArtifactMetadata@296585d9' from resolver: Google
2021-06-06T09:17:16.480-0500 [DEBUG] [org.gradle.api.internal.artifacts.repositories.resolver.DefaultExternalResourceArtifactResolver] Loading https://dl.google.com/dl/android/maven2/com/android/tools/dvlib/27.2.1/dvlib-27.2.1.jar
2021-06-06T09:17:16.481-0500 [DEBUG] [org.gradle.internal.resource.transfer.DefaultCacheAwareExternalResourceAccessor] Constructing external resource: https://dl.google.com/dl/android/maven2/com/android/tools/dvlib/27.2.1/dvlib-27.2.1.jar
2021-06-06T09:17:16.483-0500 [DEBUG] [org.gradle.internal.resource.transport.http.HttpResourceAccessor] Constructing external resource: https://dl.google.com/dl/android/maven2/com/android/tools/dvlib/27.2.1/dvlib-27.2.1.jar
2021-06-06T09:17:16.483-0500 [DEBUG] [org.gradle.internal.resource.transport.http.HttpClientHelper] Performing HTTP GET: https://dl.google.com/dl/android/maven2/com/android/tools/dvlib/27.2.1/dvlib-27.2.1.jar
2021-06-06T09:17:16.483-0500 [DEBUG] [org.apache.http.client.protocol.RequestAddCookies] CookieSpec selected: default
2021-06-06T09:17:16.484-0500 [DEBUG] [org.apache.http.client.protocol.RequestAuthCache] Auth cache not set in the context
2021-06-06T09:17:16.484-0500 [DEBUG] [org.apache.http.impl.conn.PoolingHttpClientConnectionManager] Connection request: [route: {s}->https://dl.google.com:443][total kept alive: 1; route allocated: 8 of 20; total allocated: 8 of 20]
2021-06-06T09:17:16.484-0500 [DEBUG] [org.apache.http.impl.conn.PoolingHttpClientConnectionManager] Connection leased: [id: 6][route: {s}->https://dl.google.com:443][total kept alive: 0; route allocated: 8 of 20; total allocated: 8 of 20]
2021-06-06T09:17:16.484-0500 [DEBUG] [org.apache.http.impl.conn.DefaultManagedHttpClientConnection] http-outgoing-6: set socket timeout to 30000
2021-06-06T09:17:16.484-0500 [DEBUG] [org.apache.http.impl.conn.DefaultManagedHttpClientConnection] http-outgoing-6: set socket timeout to 30000
2021-06-06T09:17:16.484-0500 [DEBUG] [org.apache.http.impl.execchain.MainClientExec] Executing request GET /dl/android/maven2/com/android/tools/dvlib/27.2.1/dvlib-27.2.1.jar HTTP/1.1
2021-06-06T09:17:16.484-0500 [DEBUG] [org.apache.http.impl.execchain.MainClientExec] Target auth state: UNCHALLENGED
2021-06-06T09:17:16.484-0500 [DEBUG] [org.apache.http.impl.execchain.MainClientExec] Proxy auth state: UNCHALLENGED
2021-06-06T09:17:16.500-0500 [DEBUG] [org.apache.http.impl.execchain.MainClientExec] Connection can be kept alive indefinitely
2021-06-06T09:17:16.500-0500 [DEBUG] [org.gradle.internal.resource.transport.http.HttpResponseResource] Attempting to download resource https://dl.google.com/dl/android/maven2/com/android/tools/layoutlib/layoutlib-api/27.2.1/layoutlib-api-27.2.1.jar.
2021-06-06T09:17:16.502-0500 [INFO] [org.gradle.internal.resource.transfer.DefaultCacheAwareExternalResourceAccessor] Downloading https://dl.google.com/dl/android/maven2/com/android/tools/layoutlib/layoutlib-api/27.2.1/layoutlib-api-27.2.1.jar to C:\Users\gathi\AppData\Local\Temp\gradle_download11228405249080095843bin
2021-06-06T09:17:16.530-0500 [DEBUG] [org.apache.http.impl.conn.PoolingHttpClientConnectionManager] Connection [id: 4][route: {s}->https://dl.google.com:443] can be kept alive indefinitely
2021-06-06T09:17:16.530-0500 [DEBUG] [org.apache.http.impl.conn.DefaultManagedHttpClientConnection] http-outgoing-4: set socket timeout to 0
2021-06-06T09:17:16.530-0500 [DEBUG] [org.apache.http.impl.conn.PoolingHttpClientConnectionManager] Connection released: [id: 4][route: {s}->https://dl.google.com:443][total kept alive: 1; route allocated: 8 of 20; total allocated: 8 of 20]
2021-06-06T09:17:16.531-0500 [DEBUG] [org.gradle.internal.operations.DefaultBuildOperationRunner] Build operation 'Download https://dl.google.com/dl/android/maven2/com/android/tools/layoutlib/layoutlib-api/27.2.1/layoutlib-api-27.2.1.jar' completed
2021-06-06T09:17:16.539-0500 [DEBUG] [org.gradle.api.internal.artifacts.ivyservice.ivyresolve.CachingModuleComponentRepository] Downloaded artifact 'org.gradle.internal.component.external.model.UrlBackedArtifactMetadata@6797b6c9' from resolver: Google
2021-06-06T09:17:16.540-0500 [DEBUG] [org.gradle.internal.operations.DefaultBuildOperationRunner] Build operation 'Resolve layoutlib-api-27.2.1.jar (com.android.tools.layoutlib:layoutlib-api:27.2.1)' completed
2021-06-06T09:17:16.540-0500 [DEBUG] [org.gradle.api.internal.artifacts.repositories.resolver.DefaultExternalResourceArtifactResolver] Loading https://dl.google.com/dl/android/maven2/com/android/tools/repository/27.2.1/repository-27.2.1.jar
2021-06-06T09:17:16.540-0500 [DEBUG] [org.gradle.internal.resource.transfer.DefaultCacheAwareExternalResourceAccessor] Constructing external resource: https://dl.google.com/dl/android/maven2/com/android/tools/repository/27.2.1/repository-27.2.1.jar
2021-06-06T09:17:16.543-0500 [DEBUG] [org.gradle.internal.resource.transport.http.HttpResourceAccessor] Constructing external resource: https://dl.google.com/dl/android/maven2/com/android/tools/repository/27.2.1/repository-27.2.1.jar
2021-06-06T09:17:16.543-0500 [DEBUG] [org.gradle.internal.resource.transport.http.HttpClientHelper] Performing HTTP GET: https://dl.google.com/dl/android/maven2/com/android/tools/repository/27.2.1/repository-27.2.1.jar
2021-06-06T09:17:16.543-0500 [DEBUG] [org.apache.http.client.protocol.RequestAddCookies] CookieSpec selected: default
2021-06-06T09:17:16.543-0500 [DEBUG] [org.apache.http.client.protocol.RequestAuthCache] Auth cache not set in the context
2021-06-06T09:17:16.543-0500 [DEBUG] [org.apache.http.impl.conn.PoolingHttpClientConnectionManager] Connection request: [route: {s}->https://dl.google.com:443][total kept alive: 1; route allocated: 8 of 20; total allocated: 8 of 20]
2021-06-06T09:17:16.543-0500 [DEBUG] [org.apache.http.impl.conn.PoolingHttpClientConnectionManager] Connection leased: [id: 4][route: {s}->https://dl.google.com:443][total kept alive: 0; route allocated: 8 of 20; total allocated: 8 of 20]
2021-06-06T09:17:16.543-0500 [DEBUG] [org.apache.http.impl.conn.DefaultManagedHttpClientConnection] http-outgoing-4: set socket timeout to 30000
2021-06-06T09:17:16.544-0500 [DEBUG] [org.apache.http.impl.conn.DefaultManagedHttpClientConnection] http-outgoing-4: set socket timeout to 30000
2021-06-06T09:17:16.544-0500 [DEBUG] [org.apache.http.impl.execchain.MainClientExec] Executing request GET /dl/android/maven2/com/android/tools/repository/27.2.1/repository-27.2.1.jar HTTP/1.1
2021-06-06T09:17:16.544-0500 [DEBUG] [org.apache.http.impl.execchain.MainClientExec] Target auth state: UNCHALLENGED
2021-06-06T09:17:16.544-0500 [DEBUG] [org.apache.http.impl.execchain.MainClientExec] Proxy auth state: UNCHALLENGED
2021-06-06T09:17:16.562-0500 [DEBUG] [org.apache.http.impl.execchain.MainClientExec] Connection can be kept alive indefinitely
2021-06-06T09:17:16.562-0500 [DEBUG] [org.gradle.internal.resource.transport.http.HttpResponseResource] Attempting to download resource https://dl.google.com/dl/android/maven2/com/android/tools/dvlib/27.2.1/dvlib-27.2.1.jar.
2021-06-06T09:17:16.564-0500 [INFO] [org.gradle.internal.resource.transfer.DefaultCacheAwareExternalResourceAccessor] Downloading https://dl.google.com/dl/android/maven2/com/android/tools/dvlib/27.2.1/dvlib-27.2.1.jar to C:\Users\gathi\AppData\Local\Temp\gradle_download15281008510483007023bin
2021-06-06T09:17:16.592-0500 [DEBUG] [org.apache.http.impl.conn.PoolingHttpClientConnectionManager] Connection [id: 1][route: {s}->https://dl.google.com:443] can be kept alive indefinitely
2021-06-06T09:17:16.592-0500 [DEBUG] [org.apache.http.impl.conn.DefaultManagedHttpClientConnection] http-outgoing-1: set socket timeout to 0
2021-06-06T09:17:16.592-0500 [DEBUG] [org.apache.http.impl.conn.PoolingHttpClientConnectionManager] Connection released: [id: 1][route: {s}->https://dl.google.com:443][total kept alive: 1; route allocated: 8 of 20; total allocated: 8 of 20]
2021-06-06T09:17:16.593-0500 [DEBUG] [org.gradle.internal.operations.DefaultBuildOperationRunner] Build operation 'Download https://dl.google.com/dl/android/maven2/com/android/tools/ddms/ddmlib/27.2.1/ddmlib-27.2.1.jar' completed
2021-06-06T09:17:16.608-0500 [DEBUG] [org.gradle.api.internal.artifacts.ivyservice.ivyresolve.CachingModuleComponentRepository] Downloaded artifact 'org.gradle.internal.component.external.model.UrlBackedArtifactMetadata@23778439' from resolver: Google
2021-06-06T09:17:16.609-0500 [DEBUG] [org.gradle.api.internal.artifacts.repositories.resolver.DefaultExternalResourceArtifactResolver] Loading https://dl.google.com/dl/android/maven2/com/android/tools/analytics-library/shared/27.2.1/shared-27.2.1.jar
2021-06-06T09:17:16.609-0500 [DEBUG] [org.gradle.internal.resource.transfer.DefaultCacheAwareExternalResourceAccessor] Constructing external resource: https://dl.google.com/dl/android/maven2/com/android/tools/analytics-library/shared/27.2.1/shared-27.2.1.jar
2021-06-06T09:17:16.611-0500 [DEBUG] [org.gradle.internal.resource.transport.http.HttpResourceAccessor] Constructing external resource: https://dl.google.com/dl/android/maven2/com/android/tools/analytics-library/shared/27.2.1/shared-27.2.1.jar
2021-06-06T09:17:16.611-0500 [DEBUG] [org.gradle.internal.resource.transport.http.HttpClientHelper] Performing HTTP GET: https://dl.google.com/dl/android/maven2/com/android/tools/analytics-library/shared/27.2.1/shared-27.2.1.jar
2021-06-06T09:17:16.611-0500 [DEBUG] [org.apache.http.client.protocol.RequestAddCookies] CookieSpec selected: default
2021-06-06T09:17:16.611-0500 [DEBUG] [org.apache.http.client.protocol.RequestAuthCache] Auth cache not set in the context
2021-06-06T09:17:16.612-0500 [DEBUG] [org.apache.http.impl.conn.PoolingHttpClientConnectionManager] Connection request: [route: {s}->https://dl.google.com:443][total kept alive: 1; route allocated: 8 of 20; total allocated: 8 of 20]
2021-06-06T09:17:16.612-0500 [DEBUG] [org.apache.http.impl.conn.PoolingHttpClientConnectionManager] Connection leased: [id: 1][route: {s}->https://dl.google.com:443][total kept alive: 0; route allocated: 8 of 20; total allocated: 8 of 20]
2021-06-06T09:17:16.612-0500 [DEBUG] [org.apache.http.impl.conn.DefaultManagedHttpClientConnection] http-outgoing-1: set socket timeout to 30000
2021-06-06T09:17:16.612-0500 [DEBUG] [org.apache.http.impl.conn.DefaultManagedHttpClientConnection] http-outgoing-1: set socket timeout to 30000
2021-06-06T09:17:16.612-0500 [DEBUG] [org.apache.http.impl.execchain.MainClientExec] Executing request GET /dl/android/maven2/com/android/tools/analytics-library/shared/27.2.1/shared-27.2.1.jar HTTP/1.1
2021-06-06T09:17:16.612-0500 [DEBUG] [org.apache.http.impl.execchain.MainClientExec] Target auth state: UNCHALLENGED
2021-06-06T09:17:16.612-0500 [DEBUG] [org.apache.http.impl.execchain.MainClientExec] Proxy auth state: UNCHALLENGED
2021-06-06T09:17:16.638-0500 [DEBUG] [org.apache.http.impl.conn.PoolingHttpClientConnectionManager] Connection [id: 6][route: {s}->https://dl.google.com:443] can be kept alive indefinitely
2021-06-06T09:17:16.639-0500 [DEBUG] [org.apache.http.impl.conn.DefaultManagedHttpClientConnection] http-outgoing-6: set socket timeout to 0
2021-06-06T09:17:16.639-0500 [DEBUG] [org.apache.http.impl.conn.PoolingHttpClientConnectionManager] Connection released: [id: 6][route: {s}->https://dl.google.com:443][total kept alive: 1; route allocated: 8 of 20; total allocated: 8 of 20]
2021-06-06T09:17:16.639-0500 [DEBUG] [org.gradle.internal.operations.DefaultBuildOperationRunner] Build operation 'Download https://dl.google.com/dl/android/maven2/com/android/tools/dvlib/27.2.1/dvlib-27.2.1.jar' completed
2021-06-06T09:17:16.649-0500 [DEBUG] [org.gradle.api.internal.artifacts.ivyservice.ivyresolve.CachingModuleComponentRepository] Downloaded artifact 'org.gradle.internal.component.external.model.UrlBackedArtifactMetadata@2e4d1ca3' from resolver: Google
2021-06-06T09:17:16.650-0500 [DEBUG] [org.gradle.api.internal.artifacts.repositories.resolver.DefaultExternalResourceArtifactResolver] Loading https://dl.google.com/dl/android/maven2/com/android/tools/common/27.2.1/common-27.2.1.jar
2021-06-06T09:17:16.650-0500 [DEBUG] [org.gradle.internal.resource.transfer.DefaultCacheAwareExternalResourceAccessor] Constructing external resource: https://dl.google.com/dl/android/maven2/com/android/tools/common/27.2.1/common-27.2.1.jar
2021-06-06T09:17:16.652-0500 [DEBUG] [org.gradle.internal.resource.transport.http.HttpResourceAccessor] Constructing external resource: https://dl.google.com/dl/android/maven2/com/android/tools/common/27.2.1/common-27.2.1.jar
2021-06-06T09:17:16.653-0500 [DEBUG] [org.gradle.internal.resource.transport.http.HttpClientHelper] Performing HTTP GET: https://dl.google.com/dl/android/maven2/com/android/tools/common/27.2.1/common-27.2.1.jar
2021-06-06T09:17:16.653-0500 [DEBUG] [org.apache.http.client.protocol.RequestAddCookies] CookieSpec selected: default
2021-06-06T09:17:16.653-0500 [DEBUG] [org.apache.http.client.protocol.RequestAuthCache] Auth cache not set in the context
2021-06-06T09:17:16.653-0500 [DEBUG] [org.apache.http.impl.conn.PoolingHttpClientConnectionManager] Connection request: [route: {s}->https://dl.google.com:443][total kept alive: 1; route allocated: 8 of 20; total allocated: 8 of 20]
2021-06-06T09:17:16.653-0500 [DEBUG] [org.apache.http.impl.conn.PoolingHttpClientConnectionManager] Connection leased: [id: 6][route: {s}->https://dl.google.com:443][total kept alive: 0; route allocated: 8 of 20; total allocated: 8 of 20]
2021-06-06T09:17:16.653-0500 [DEBUG] [org.apache.http.impl.conn.DefaultManagedHttpClientConnection] http-outgoing-6: set socket timeout to 30000
2021-06-06T09:17:16.654-0500 [DEBUG] [org.apache.http.impl.conn.DefaultManagedHttpClientConnection] http-outgoing-6: set socket timeout to 30000
2021-06-06T09:17:16.654-0500 [DEBUG] [org.apache.http.impl.execchain.MainClientExec] Executing request GET /dl/android/maven2/com/android/tools/common/27.2.1/common-27.2.1.jar HTTP/1.1
2021-06-06T09:17:16.654-0500 [DEBUG] [org.apache.http.impl.execchain.MainClientExec] Target auth state: UNCHALLENGED
2021-06-06T09:17:16.654-0500 [DEBUG] [org.apache.http.impl.execchain.MainClientExec] Proxy auth state: UNCHALLENGED
2021-06-06T09:17:16.667-0500 [DEBUG] [org.apache.http.impl.execchain.MainClientExec] Connection can be kept alive indefinitely
2021-06-06T09:17:16.669-0500 [DEBUG] [org.gradle.internal.resource.transport.http.HttpResponseResource] Attempting to download resource https://dl.google.com/dl/android/maven2/com/android/tools/repository/27.2.1/repository-27.2.1.jar.
2021-06-06T09:17:16.671-0500 [INFO] [org.gradle.internal.resource.transfer.DefaultCacheAwareExternalResourceAccessor] Downloading https://dl.google.com/dl/android/maven2/com/android/tools/repository/27.2.1/repository-27.2.1.jar to C:\Users\gathi\AppData\Local\Temp\gradle_download12702385377146375169bin
2021-06-06T09:17:16.686-0500 [DEBUG] [org.apache.http.impl.execchain.MainClientExec] Connection can be kept alive indefinitely
2021-06-06T09:17:16.686-0500 [DEBUG] [org.gradle.internal.resource.transport.http.HttpResponseResource] Attempting to download resource https://dl.google.com/dl/android/maven2/com/android/tools/analytics-library/shared/27.2.1/shared-27.2.1.jar.
2021-06-06T09:17:16.688-0500 [INFO] [org.gradle.internal.resource.transfer.DefaultCacheAwareExternalResourceAccessor] Downloading https://dl.google.com/dl/android/maven2/com/android/tools/analytics-library/shared/27.2.1/shared-27.2.1.jar to C:\Users\gathi\AppData\Local\Temp\gradle_download18353573208854481517bin
2021-06-06T09:17:16.708-0500 [DEBUG] [org.apache.http.impl.conn.PoolingHttpClientConnectionManager] Connection [id: 1][route: {s}->https://dl.google.com:443] can be kept alive indefinitely
2021-06-06T09:17:16.708-0500 [DEBUG] [org.apache.http.impl.conn.DefaultManagedHttpClientConnection] http-outgoing-1: set socket timeout to 0
2021-06-06T09:17:16.708-0500 [DEBUG] [org.apache.http.impl.conn.PoolingHttpClientConnectionManager] Connection released: [id: 1][route: {s}->https://dl.google.com:443][total kept alive: 1; route allocated: 8 of 20; total allocated: 8 of 20]
2021-06-06T09:17:16.708-0500 [DEBUG] [org.gradle.internal.operations.DefaultBuildOperationRunner] Build operation 'Download https://dl.google.com/dl/android/maven2/com/android/tools/analytics-library/shared/27.2.1/shared-27.2.1.jar' completed
2021-06-06T09:17:16.710-0500 [DEBUG] [org.apache.http.impl.conn.PoolingHttpClientConnectionManager] Connection [id: 4][route: {s}->https://dl.google.com:443] can be kept alive indefinitely
2021-06-06T09:17:16.710-0500 [DEBUG] [org.apache.http.impl.conn.DefaultManagedHttpClientConnection] http-outgoing-4: set socket timeout to 0
2021-06-06T09:17:16.710-0500 [DEBUG] [org.apache.http.impl.conn.PoolingHttpClientConnectionManager] Connection released: [id: 4][route: {s}->https://dl.google.com:443][total kept alive: 2; route allocated: 8 of 20; total allocated: 8 of 20]
2021-06-06T09:17:16.710-0500 [DEBUG] [org.gradle.internal.operations.DefaultBuildOperationRunner] Build operation 'Download https://dl.google.com/dl/android/maven2/com/android/tools/repository/27.2.1/repository-27.2.1.jar' completed
2021-06-06T09:17:16.718-0500 [DEBUG] [org.gradle.api.internal.artifacts.ivyservice.ivyresolve.CachingModuleComponentRepository] Downloaded artifact 'org.gradle.internal.component.external.model.UrlBackedArtifactMetadata@ff14bad' from resolver: Google
2021-06-06T09:17:16.726-0500 [DEBUG] [org.apache.http.impl.execchain.MainClientExec] Connection can be kept alive indefinitely
2021-06-06T09:17:16.726-0500 [DEBUG] [org.gradle.api.internal.artifacts.ivyservice.ivyresolve.CachingModuleComponentRepository] Downloaded artifact 'org.gradle.internal.component.external.model.UrlBackedArtifactMetadata@4ec9b7f' from resolver: Google
2021-06-06T09:17:16.726-0500 [DEBUG] [org.gradle.internal.operations.DefaultBuildOperationRunner] Build operation 'Resolve repository-27.2.1.jar (com.android.tools:repository:27.2.1)' completed
2021-06-06T09:17:16.727-0500 [DEBUG] [org.gradle.internal.resource.transport.http.HttpResponseResource] Attempting to download resource https://dl.google.com/dl/android/maven2/com/android/tools/common/27.2.1/common-27.2.1.jar.
2021-06-06T09:17:16.726-0500 [DEBUG] [org.gradle.api.internal.artifacts.repositories.resolver.DefaultExternalResourceArtifactResolver] Loading https://repo.maven.apache.org/maven2/org/jetbrains/kotlin/kotlin-stdlib-jdk8/1.4.31/kotlin-stdlib-jdk8-1.4.31.jar
2021-06-06T09:17:16.727-0500 [DEBUG] [org.gradle.internal.resource.transfer.DefaultCacheAwareExternalResourceAccessor] Constructing external resource: https://repo.maven.apache.org/maven2/org/jetbrains/kotlin/kotlin-stdlib-jdk8/1.4.31/kotlin-stdlib-jdk8-1.4.31.jar
2021-06-06T09:17:16.727-0500 [DEBUG] [org.gradle.api.internal.artifacts.repositories.resolver.DefaultExternalResourceArtifactResolver] Loading https://dl.google.com/dl/android/maven2/com/android/tools/build/transform-api/2.0.0-deprecated-use-gradle-api/transform-api-2.0.0-deprecated-use-gradle-api.jar
2021-06-06T09:17:16.728-0500 [DEBUG] [org.gradle.internal.resource.transfer.DefaultCacheAwareExternalResourceAccessor] Constructing external resource: https://dl.google.com/dl/android/maven2/com/android/tools/build/transform-api/2.0.0-deprecated-use-gradle-api/transform-api-2.0.0-deprecated-use-gradle-api.jar
2021-06-06T09:17:16.729-0500 [INFO] [org.gradle.internal.resource.transfer.DefaultCacheAwareExternalResourceAccessor] Downloading https://dl.google.com/dl/android/maven2/com/android/tools/common/27.2.1/common-27.2.1.jar to C:\Users\gathi\AppData\Local\Temp\gradle_download9964934247252474947bin
2021-06-06T09:17:16.730-0500 [DEBUG] [org.gradle.internal.resource.transport.http.HttpResourceAccessor] Constructing external resource: https://repo.maven.apache.org/maven2/org/jetbrains/kotlin/kotlin-stdlib-jdk8/1.4.31/kotlin-stdlib-jdk8-1.4.31.jar
2021-06-06T09:17:16.730-0500 [DEBUG] [org.gradle.internal.resource.transport.http.HttpClientHelper] Performing HTTP GET: https://repo.maven.apache.org/maven2/org/jetbrains/kotlin/kotlin-stdlib-jdk8/1.4.31/kotlin-stdlib-jdk8-1.4.31.jar
2021-06-06T09:17:16.730-0500 [DEBUG] [org.gradle.internal.resource.transport.http.HttpResourceAccessor] Constructing external resource: https://dl.google.com/dl/android/maven2/com/android/tools/build/transform-api/2.0.0-deprecated-use-gradle-api/transform-api-2.0.0-deprecated-use-gradle-api.jar
2021-06-06T09:17:16.730-0500 [DEBUG] [org.apache.http.client.protocol.RequestAddCookies] CookieSpec selected: default
2021-06-06T09:17:16.730-0500 [DEBUG] [org.gradle.internal.resource.transport.http.HttpClientHelper] Performing HTTP GET: https://dl.google.com/dl/android/maven2/com/android/tools/build/transform-api/2.0.0-deprecated-use-gradle-api/transform-api-2.0.0-deprecated-use-gradle-api.jar
2021-06-06T09:17:16.731-0500 [DEBUG] [org.apache.http.client.protocol.RequestAuthCache] Auth cache not set in the context
2021-06-06T09:17:16.731-0500 [DEBUG] [org.apache.http.client.protocol.RequestAddCookies] CookieSpec selected: default
2021-06-06T09:17:16.731-0500 [DEBUG] [org.apache.http.impl.conn.PoolingHttpClientConnectionManager] Connection request: [route: {s}->https://repo.maven.apache.org:443][total kept alive: 8; route allocated: 8 of 20; total allocated: 8 of 20]
2021-06-06T09:17:16.731-0500 [DEBUG] [org.apache.http.client.protocol.RequestAuthCache] Auth cache not set in the context
2021-06-06T09:17:16.731-0500 [DEBUG] [org.apache.http.impl.conn.PoolingHttpClientConnectionManager] Connection request: [route: {s}->https://dl.google.com:443][total kept alive: 2; route allocated: 8 of 20; total allocated: 8 of 20]
2021-06-06T09:17:16.731-0500 [DEBUG] [org.apache.http.impl.conn.PoolingHttpClientConnectionManager] Connection leased: [id: 12][route: {s}->https://repo.maven.apache.org:443][total kept alive: 7; route allocated: 8 of 20; total allocated: 8 of 20]
2021-06-06T09:17:16.731-0500 [DEBUG] [org.apache.http.impl.conn.PoolingHttpClientConnectionManager] Connection leased: [id: 4][route: {s}->https://dl.google.com:443][total kept alive: 1; route allocated: 8 of 20; total allocated: 8 of 20]
2021-06-06T09:17:16.732-0500 [DEBUG] [org.apache.http.impl.conn.DefaultManagedHttpClientConnection] http-outgoing-4: set socket timeout to 30000
2021-06-06T09:17:16.732-0500 [DEBUG] [org.apache.http.impl.conn.DefaultManagedHttpClientConnection] http-outgoing-4: set socket timeout to 30000
2021-06-06T09:17:16.732-0500 [DEBUG] [org.apache.http.impl.execchain.MainClientExec] Executing request GET /dl/android/maven2/com/android/tools/build/transform-api/2.0.0-deprecated-use-gradle-api/transform-api-2.0.0-deprecated-use-gradle-api.jar HTTP/1.1
2021-06-06T09:17:16.732-0500 [DEBUG] [org.apache.http.impl.execchain.MainClientExec] Target auth state: UNCHALLENGED
2021-06-06T09:17:16.732-0500 [DEBUG] [org.apache.http.impl.execchain.MainClientExec] Proxy auth state: UNCHALLENGED
2021-06-06T09:17:16.732-0500 [DEBUG] [org.apache.http.impl.conn.DefaultManagedHttpClientConnection] http-outgoing-12: set socket timeout to 30000
2021-06-06T09:17:16.732-0500 [DEBUG] [org.apache.http.impl.conn.DefaultManagedHttpClientConnection] http-outgoing-12: set socket timeout to 30000
2021-06-06T09:17:16.732-0500 [DEBUG] [org.apache.http.impl.execchain.MainClientExec] Executing request GET /maven2/org/jetbrains/kotlin/kotlin-stdlib-jdk8/1.4.31/kotlin-stdlib-jdk8-1.4.31.jar HTTP/1.1
2021-06-06T09:17:16.733-0500 [DEBUG] [org.apache.http.impl.execchain.MainClientExec] Target auth state: UNCHALLENGED
2021-06-06T09:17:16.733-0500 [DEBUG] [org.apache.http.impl.execchain.MainClientExec] Proxy auth state: UNCHALLENGED
2021-06-06T09:17:16.778-0500 [DEBUG] [org.apache.http.impl.execchain.MainClientExec] Connection can be kept alive indefinitely
2021-06-06T09:17:16.779-0500 [DEBUG] [org.gradle.internal.resource.transport.http.HttpResponseResource] Attempting to download resource https://repo.maven.apache.org/maven2/org/jetbrains/kotlin/kotlin-stdlib-jdk8/1.4.31/kotlin-stdlib-jdk8-1.4.31.jar.
2021-06-06T09:17:16.780-0500 [INFO] [org.gradle.internal.resource.transfer.DefaultCacheAwareExternalResourceAccessor] Downloading https://repo.maven.apache.org/maven2/org/jetbrains/kotlin/kotlin-stdlib-jdk8/1.4.31/kotlin-stdlib-jdk8-1.4.31.jar to C:\Users\gathi\AppData\Local\Temp\gradle_download4107669847228650795bin
2021-06-06T09:17:16.788-0500 [DEBUG] [org.apache.http.impl.conn.PoolingHttpClientConnectionManager] Connection [id: 12][route: {s}->https://repo.maven.apache.org:443] can be kept alive indefinitely
2021-06-06T09:17:16.788-0500 [DEBUG] [org.apache.http.impl.conn.DefaultManagedHttpClientConnection] http-outgoing-12: set socket timeout to 0
2021-06-06T09:17:16.788-0500 [DEBUG] [org.apache.http.impl.conn.PoolingHttpClientConnectionManager] Connection released: [id: 12][route: {s}->https://repo.maven.apache.org:443][total kept alive: 8; route allocated: 8 of 20; total allocated: 8 of 20]
2021-06-06T09:17:16.789-0500 [DEBUG] [org.gradle.internal.operations.DefaultBuildOperationRunner] Build operation 'Download https://repo.maven.apache.org/maven2/org/jetbrains/kotlin/kotlin-stdlib-jdk8/1.4.31/kotlin-stdlib-jdk8-1.4.31.jar' completed
2021-06-06T09:17:16.796-0500 [DEBUG] [org.gradle.api.internal.artifacts.ivyservice.ivyresolve.CachingModuleComponentRepository] Downloaded artifact 'kotlin-stdlib-jdk8-1.4.31.jar (org.jetbrains.kotlin:kotlin-stdlib-jdk8:1.4.31)' from resolver: MavenRepo
2021-06-06T09:17:16.797-0500 [DEBUG] [org.gradle.api.internal.artifacts.repositories.resolver.DefaultExternalResourceArtifactResolver] Loading https://dl.google.com/dl/android/maven2/com/android/tools/build/jetifier/jetifier-processor/1.0.0-beta09/jetifier-processor-1.0.0-beta09.jar
2021-06-06T09:17:16.797-0500 [DEBUG] [org.gradle.internal.resource.transfer.DefaultCacheAwareExternalResourceAccessor] Constructing external resource: https://dl.google.com/dl/android/maven2/com/android/tools/build/jetifier/jetifier-processor/1.0.0-beta09/jetifier-processor-1.0.0-beta09.jar
2021-06-06T09:17:16.799-0500 [DEBUG] [org.gradle.internal.resource.transport.http.HttpResourceAccessor] Constructing external resource: https://dl.google.com/dl/android/maven2/com/android/tools/build/jetifier/jetifier-processor/1.0.0-beta09/jetifier-processor-1.0.0-beta09.jar
2021-06-06T09:17:16.799-0500 [DEBUG] [org.gradle.internal.resource.transport.http.HttpClientHelper] Performing HTTP GET: https://dl.google.com/dl/android/maven2/com/android/tools/build/jetifier/jetifier-processor/1.0.0-beta09/jetifier-processor-1.0.0-beta09.jar
2021-06-06T09:17:16.799-0500 [DEBUG] [org.apache.http.client.protocol.RequestAddCookies] CookieSpec selected: default
2021-06-06T09:17:16.800-0500 [DEBUG] [org.apache.http.client.protocol.RequestAuthCache] Auth cache not set in the context
2021-06-06T09:17:16.800-0500 [DEBUG] [org.apache.http.impl.conn.PoolingHttpClientConnectionManager] Connection request: [route: {s}->https://dl.google.com:443][total kept alive: 1; route allocated: 8 of 20; total allocated: 8 of 20]
2021-06-06T09:17:16.800-0500 [DEBUG] [org.apache.http.impl.conn.PoolingHttpClientConnectionManager] Connection leased: [id: 1][route: {s}->https://dl.google.com:443][total kept alive: 0; route allocated: 8 of 20; total allocated: 8 of 20]
2021-06-06T09:17:16.800-0500 [DEBUG] [org.apache.http.impl.conn.DefaultManagedHttpClientConnection] http-outgoing-1: set socket timeout to 30000
2021-06-06T09:17:16.800-0500 [DEBUG] [org.apache.http.impl.conn.DefaultManagedHttpClientConnection] http-outgoing-1: set socket timeout to 30000
2021-06-06T09:17:16.800-0500 [DEBUG] [org.apache.http.impl.execchain.MainClientExec] Executing request GET /dl/android/maven2/com/android/tools/build/jetifier/jetifier-processor/1.0.0-beta09/jetifier-processor-1.0.0-beta09.jar HTTP/1.1
2021-06-06T09:17:16.800-0500 [DEBUG] [org.apache.http.impl.execchain.MainClientExec] Target auth state: UNCHALLENGED
2021-06-06T09:17:16.800-0500 [DEBUG] [org.apache.http.impl.execchain.MainClientExec] Proxy auth state: UNCHALLENGED
2021-06-06T09:17:16.808-0500 [DEBUG] [org.apache.http.impl.execchain.MainClientExec] Connection can be kept alive indefinitely
2021-06-06T09:17:16.809-0500 [DEBUG] [org.gradle.internal.resource.transport.http.HttpResponseResource] Attempting to download resource https://dl.google.com/dl/android/maven2/com/android/tools/build/transform-api/2.0.0-deprecated-use-gradle-api/transform-api-2.0.0-deprecated-use-gradle-api.jar.
2021-06-06T09:17:16.810-0500 [INFO] [org.gradle.internal.resource.transfer.DefaultCacheAwareExternalResourceAccessor] Downloading https://dl.google.com/dl/android/maven2/com/android/tools/build/transform-api/2.0.0-deprecated-use-gradle-api/transform-api-2.0.0-deprecated-use-gradle-api.jar to C:\Users\gathi\AppData\Local\Temp\gradle_download2756327489044349813bin
2021-06-06T09:17:16.811-0500 [DEBUG] [org.apache.http.impl.conn.PoolingHttpClientConnectionManager] Connection [id: 4][route: {s}->https://dl.google.com:443] can be kept alive indefinitely
2021-06-06T09:17:16.811-0500 [DEBUG] [org.apache.http.impl.conn.DefaultManagedHttpClientConnection] http-outgoing-4: set socket timeout to 0
2021-06-06T09:17:16.811-0500 [DEBUG] [org.apache.http.impl.conn.PoolingHttpClientConnectionManager] Connection released: [id: 4][route: {s}->https://dl.google.com:443][total kept alive: 1; route allocated: 8 of 20; total allocated: 8 of 20]
2021-06-06T09:17:16.812-0500 [DEBUG] [org.gradle.internal.operations.DefaultBuildOperationRunner] Build operation 'Download https://dl.google.com/dl/android/maven2/com/android/tools/build/transform-api/2.0.0-deprecated-use-gradle-api/transform-api-2.0.0-deprecated-use-gradle-api.jar' completed
2021-06-06T09:17:16.819-0500 [DEBUG] [org.gradle.api.internal.artifacts.ivyservice.ivyresolve.CachingModuleComponentRepository] Downloaded artifact 'transform-api-2.0.0-deprecated-use-gradle-api.jar (com.android.tools.build:transform-api:2.0.0-deprecated-use-gradle-api)' from resolver: Google
2021-06-06T09:17:16.819-0500 [DEBUG] [org.gradle.internal.operations.DefaultBuildOperationRunner] Build operation 'Resolve transform-api-2.0.0-deprecated-use-gradle-api.jar (com.android.tools.build:transform-api:2.0.0-deprecated-use-gradle-api)' completed
2021-06-06T09:17:16.820-0500 [DEBUG] [org.gradle.api.internal.artifacts.repositories.resolver.DefaultExternalResourceArtifactResolver] Loading https://repo.maven.apache.org/maven2/org/ow2/asm/asm-commons/7.0/asm-commons-7.0.jar
2021-06-06T09:17:16.820-0500 [DEBUG] [org.gradle.internal.resource.transfer.DefaultCacheAwareExternalResourceAccessor] Constructing external resource: https://repo.maven.apache.org/maven2/org/ow2/asm/asm-commons/7.0/asm-commons-7.0.jar
2021-06-06T09:17:16.823-0500 [DEBUG] [org.gradle.internal.resource.transport.http.HttpResourceAccessor] Constructing external resource metadata: https://repo.maven.apache.org/maven2/org/ow2/asm/asm-commons/7.0/asm-commons-7.0.jar
2021-06-06T09:17:16.823-0500 [DEBUG] [org.gradle.internal.resource.transport.http.HttpClientHelper] Performing HTTP HEAD: https://repo.maven.apache.org/maven2/org/ow2/asm/asm-commons/7.0/asm-commons-7.0.jar
2021-06-06T09:17:16.823-0500 [DEBUG] [org.apache.http.client.protocol.RequestAddCookies] CookieSpec selected: default
2021-06-06T09:17:16.823-0500 [DEBUG] [org.apache.http.client.protocol.RequestAuthCache] Auth cache not set in the context
2021-06-06T09:17:16.823-0500 [DEBUG] [org.apache.http.impl.conn.PoolingHttpClientConnectionManager] Connection request: [route: {s}->https://repo.maven.apache.org:443][total kept alive: 8; route allocated: 8 of 20; total allocated: 8 of 20]
2021-06-06T09:17:16.823-0500 [DEBUG] [org.apache.http.impl.conn.PoolingHttpClientConnectionManager] Connection leased: [id: 12][route: {s}->https://repo.maven.apache.org:443][total kept alive: 7; route allocated: 8 of 20; total allocated: 8 of 20]
2021-06-06T09:17:16.824-0500 [DEBUG] [org.apache.http.impl.conn.DefaultManagedHttpClientConnection] http-outgoing-12: set socket timeout to 30000
2021-06-06T09:17:16.824-0500 [DEBUG] [org.apache.http.impl.conn.DefaultManagedHttpClientConnection] http-outgoing-12: set socket timeout to 30000
2021-06-06T09:17:16.824-0500 [DEBUG] [org.apache.http.impl.execchain.MainClientExec] Executing request HEAD /maven2/org/ow2/asm/asm-commons/7.0/asm-commons-7.0.jar HTTP/1.1
2021-06-06T09:17:16.824-0500 [DEBUG] [org.apache.http.impl.execchain.MainClientExec] Target auth state: UNCHALLENGED
2021-06-06T09:17:16.824-0500 [DEBUG] [org.apache.http.impl.execchain.MainClientExec] Proxy auth state: UNCHALLENGED
2021-06-06T09:17:16.855-0500 [DEBUG] [org.apache.http.impl.conn.PoolingHttpClientConnectionManager] Connection [id: 7][route: {s}->https://dl.google.com:443] can be kept alive indefinitely
2021-06-06T09:17:16.855-0500 [DEBUG] [org.apache.http.impl.conn.DefaultManagedHttpClientConnection] http-outgoing-7: set socket timeout to 0
2021-06-06T09:17:16.855-0500 [DEBUG] [org.apache.http.impl.conn.PoolingHttpClientConnectionManager] Connection released: [id: 7][route: {s}->https://dl.google.com:443][total kept alive: 2; route allocated: 8 of 20; total allocated: 8 of 20]
2021-06-06T09:17:16.856-0500 [DEBUG] [org.gradle.internal.operations.DefaultBuildOperationRunner] Build operation 'Download https://dl.google.com/dl/android/maven2/com/android/tools/sdklib/27.2.1/sdklib-27.2.1.jar' completed
2021-06-06T09:17:16.883-0500 [DEBUG] [org.apache.http.impl.execchain.MainClientExec] Connection can be kept alive indefinitely
2021-06-06T09:17:16.883-0500 [DEBUG] [org.apache.http.impl.conn.PoolingHttpClientConnectionManager] Connection [id: 12][route: {s}->https://repo.maven.apache.org:443] can be kept alive indefinitely
2021-06-06T09:17:16.883-0500 [DEBUG] [org.apache.http.impl.conn.DefaultManagedHttpClientConnection] http-outgoing-12: set socket timeout to 0
2021-06-06T09:17:16.883-0500 [DEBUG] [org.apache.http.impl.conn.PoolingHttpClientConnectionManager] Connection released: [id: 12][route: {s}->https://repo.maven.apache.org:443][total kept alive: 8; route allocated: 8 of 20; total allocated: 8 of 20]
2021-06-06T09:17:16.884-0500 [DEBUG] [org.gradle.internal.operations.DefaultBuildOperationRunner] Build operation 'Metadata of https://repo.maven.apache.org/maven2/org/ow2/asm/asm-commons/7.0/asm-commons-7.0.jar' completed
2021-06-06T09:17:16.885-0500 [DEBUG] [org.apache.http.impl.execchain.MainClientExec] Connection can be kept alive indefinitely
2021-06-06T09:17:16.886-0500 [DEBUG] [org.gradle.internal.resource.transport.http.HttpResponseResource] Attempting to download resource https://dl.google.com/dl/android/maven2/com/android/tools/build/jetifier/jetifier-processor/1.0.0-beta09/jetifier-processor-1.0.0-beta09.jar.
2021-06-06T09:17:16.887-0500 [INFO] [org.gradle.internal.resource.transfer.DefaultCacheAwareExternalResourceAccessor] Found locally available resource with matching checksum: [https://repo.maven.apache.org/maven2/org/ow2/asm/asm-commons/7.0/asm-commons-7.0.jar, C:\Users\gathi\.m2\repository\org\ow2\asm\asm-commons\7.0\asm-commons-7.0.jar]
2021-06-06T09:17:16.887-0500 [INFO] [org.gradle.internal.resource.transfer.DefaultCacheAwareExternalResourceAccessor] Downloading https://dl.google.com/dl/android/maven2/com/android/tools/build/jetifier/jetifier-processor/1.0.0-beta09/jetifier-processor-1.0.0-beta09.jar to C:\Users\gathi\AppData\Local\Temp\gradle_download12487369884627309015bin
2021-06-06T09:17:16.890-0500 [DEBUG] [org.apache.http.impl.conn.PoolingHttpClientConnectionManager] Connection [id: 8][route: {s}->https://dl.google.com:443] can be kept alive indefinitely
2021-06-06T09:17:16.890-0500 [DEBUG] [org.apache.http.impl.conn.DefaultManagedHttpClientConnection] http-outgoing-8: set socket timeout to 0
2021-06-06T09:17:16.890-0500 [DEBUG] [org.apache.http.impl.conn.PoolingHttpClientConnectionManager] Connection released: [id: 8][route: {s}->https://dl.google.com:443][total kept alive: 3; route allocated: 8 of 20; total allocated: 8 of 20]
2021-06-06T09:17:16.891-0500 [DEBUG] [org.gradle.internal.operations.DefaultBuildOperationRunner] Build operation 'Download https://dl.google.com/dl/android/maven2/com/android/tools/build/bundletool/1.1.0/bundletool-1.1.0.jar' completed
2021-06-06T09:17:16.898-0500 [DEBUG] [org.gradle.api.internal.artifacts.ivyservice.ivyresolve.CachingModuleComponentRepository] Downloaded artifact 'org.gradle.internal.component.external.model.UrlBackedArtifactMetadata@2003cfbe' from resolver: Google
2021-06-06T09:17:16.916-0500 [DEBUG] [org.apache.http.impl.conn.PoolingHttpClientConnectionManager] Connection [id: 1][route: {s}->https://dl.google.com:443] can be kept alive indefinitely
2021-06-06T09:17:16.917-0500 [DEBUG] [org.apache.http.impl.conn.DefaultManagedHttpClientConnection] http-outgoing-1: set socket timeout to 0
2021-06-06T09:17:16.917-0500 [DEBUG] [org.apache.http.impl.conn.PoolingHttpClientConnectionManager] Connection released: [id: 1][route: {s}->https://dl.google.com:443][total kept alive: 4; route allocated: 8 of 20; total allocated: 8 of 20]
2021-06-06T09:17:16.917-0500 [DEBUG] [org.gradle.internal.operations.DefaultBuildOperationRunner] Build operation 'Download https://dl.google.com/dl/android/maven2/com/android/tools/build/jetifier/jetifier-processor/1.0.0-beta09/jetifier-processor-1.0.0-beta09.jar' completed
2021-06-06T09:17:16.932-0500 [DEBUG] [org.apache.http.impl.conn.PoolingHttpClientConnectionManager] Connection [id: 6][route: {s}->https://dl.google.com:443] can be kept alive indefinitely
2021-06-06T09:17:16.932-0500 [DEBUG] [org.apache.http.impl.conn.DefaultManagedHttpClientConnection] http-outgoing-6: set socket timeout to 0
2021-06-06T09:17:16.932-0500 [DEBUG] [org.apache.http.impl.conn.PoolingHttpClientConnectionManager] Connection released: [id: 6][route: {s}->https://dl.google.com:443][total kept alive: 5; route allocated: 8 of 20; total allocated: 8 of 20]
2021-06-06T09:17:16.933-0500 [DEBUG] [org.gradle.internal.operations.DefaultBuildOperationRunner] Build operation 'Download https://dl.google.com/dl/android/maven2/com/android/tools/common/27.2.1/common-27.2.1.jar' completed
2021-06-06T09:17:16.978-0500 [DEBUG] [org.apache.http.impl.conn.PoolingHttpClientConnectionManager] Connection [id: 5][route: {s}->https://dl.google.com:443] can be kept alive indefinitely
2021-06-06T09:17:16.978-0500 [DEBUG] [org.apache.http.impl.conn.DefaultManagedHttpClientConnection] http-outgoing-5: set socket timeout to 0
2021-06-06T09:17:16.978-0500 [DEBUG] [org.apache.http.impl.conn.PoolingHttpClientConnectionManager] Connection released: [id: 5][route: {s}->https://dl.google.com:443][total kept alive: 6; route allocated: 8 of 20; total allocated: 8 of 20]
2021-06-06T09:17:16.978-0500 [DEBUG] [org.gradle.internal.operations.DefaultBuildOperationRunner] Build operation 'Download https://dl.google.com/dl/android/maven2/com/android/tools/sdk-common/27.2.1/sdk-common-27.2.1.jar' completed
2021-06-06T09:17:17.002-0500 [DEBUG] [org.gradle.api.internal.artifacts.ivyservice.ivyresolve.CachingModuleComponentRepository] Downloaded artifact 'bundletool-1.1.0.jar (com.android.tools.build:bundletool:1.1.0)' from resolver: Google
2021-06-06T09:17:17.008-0500 [DEBUG] [org.gradle.api.internal.artifacts.ivyservice.ivyresolve.CachingModuleComponentRepository] Downloaded artifact 'asm-commons-7.0.jar (org.ow2.asm:asm-commons:7.0)' from resolver: MavenRepo
2021-06-06T09:17:17.016-0500 [DEBUG] [org.gradle.api.internal.artifacts.ivyservice.ivyresolve.CachingModuleComponentRepository] Downloaded artifact 'jetifier-processor-1.0.0-beta09.jar (com.android.tools.build.jetifier:jetifier-processor:1.0.0-beta09)' from resolver: Google
2021-06-06T09:17:17.022-0500 [DEBUG] [org.apache.http.impl.conn.PoolingHttpClientConnectionManager] Connection [id: 3][route: {s}->https://dl.google.com:443] can be kept alive indefinitely
2021-06-06T09:17:17.022-0500 [DEBUG] [org.apache.http.impl.conn.DefaultManagedHttpClientConnection] http-outgoing-3: set socket timeout to 0
2021-06-06T09:17:17.022-0500 [DEBUG] [org.apache.http.impl.conn.PoolingHttpClientConnectionManager] Connection released: [id: 3][route: {s}->https://dl.google.com:443][total kept alive: 7; route allocated: 8 of 20; total allocated: 8 of 20]
2021-06-06T09:17:17.023-0500 [DEBUG] [org.gradle.internal.operations.DefaultBuildOperationRunner] Build operation 'Download https://dl.google.com/dl/android/maven2/com/android/tools/build/gradle/4.2.1/gradle-4.2.1.jar' completed
2021-06-06T09:17:17.025-0500 [DEBUG] [org.gradle.api.internal.artifacts.ivyservice.ivyresolve.CachingModuleComponentRepository] Downloaded artifact 'org.gradle.internal.component.external.model.UrlBackedArtifactMetadata@3acf3b5f' from resolver: Google
2021-06-06T09:17:17.048-0500 [DEBUG] [org.gradle.api.internal.artifacts.ivyservice.ivyresolve.CachingModuleComponentRepository] Downloaded artifact 'org.gradle.internal.component.external.model.UrlBackedArtifactMetadata@7a494d64' from resolver: Google
2021-06-06T09:17:17.049-0500 [DEBUG] [org.gradle.api.internal.artifacts.repositories.resolver.DefaultExternalResourceArtifactResolver] Loading https://repo.maven.apache.org/maven2/org/ow2/asm/asm-util/7.0/asm-util-7.0.jar
2021-06-06T09:17:17.049-0500 [DEBUG] [org.gradle.internal.resource.transfer.DefaultCacheAwareExternalResourceAccessor] Constructing external resource: https://repo.maven.apache.org/maven2/org/ow2/asm/asm-util/7.0/asm-util-7.0.jar
2021-06-06T09:17:17.124-0500 [DEBUG] [org.gradle.api.internal.artifacts.ivyservice.ivyresolve.CachingModuleComponentRepository] Downloaded artifact 'org.gradle.internal.component.external.model.UrlBackedArtifactMetadata@110ccd7b' from resolver: Google
2021-06-06T09:17:17.124-0500 [DEBUG] [org.gradle.api.internal.artifacts.repositories.resolver.DefaultExternalResourceArtifactResolver] Loading https://repo.maven.apache.org/maven2/org/ow2/asm/asm-analysis/7.0/asm-analysis-7.0.jar
2021-06-06T09:17:17.125-0500 [DEBUG] [org.gradle.internal.resource.transfer.DefaultCacheAwareExternalResourceAccessor] Constructing external resource: https://repo.maven.apache.org/maven2/org/ow2/asm/asm-analysis/7.0/asm-analysis-7.0.jar
2021-06-06T09:17:17.124-0500 [DEBUG] [org.gradle.api.internal.artifacts.repositories.resolver.DefaultExternalResourceArtifactResolver] Loading https://repo.maven.apache.org/maven2/org/ow2/asm/asm-tree/7.0/asm-tree-7.0.jar
2021-06-06T09:17:17.124-0500 [DEBUG] [org.gradle.api.internal.artifacts.repositories.resolver.DefaultExternalResourceArtifactResolver] Loading https://repo.maven.apache.org/maven2/org/ow2/asm/asm/7.0/asm-7.0.jar
2021-06-06T09:17:17.125-0500 [DEBUG] [org.gradle.api.internal.artifacts.repositories.resolver.DefaultExternalResourceArtifactResolver] Loading https://repo.maven.apache.org/maven2/net/sf/jopt-simple/jopt-simple/4.9/jopt-simple-4.9.jar
2021-06-06T09:17:17.125-0500 [DEBUG] [org.gradle.internal.resource.transfer.DefaultCacheAwareExternalResourceAccessor] Constructing external resource: https://repo.maven.apache.org/maven2/org/ow2/asm/asm-tree/7.0/asm-tree-7.0.jar
2021-06-06T09:17:17.125-0500 [DEBUG] [org.gradle.api.internal.artifacts.repositories.resolver.DefaultExternalResourceArtifactResolver] Loading https://repo.maven.apache.org/maven2/net/sf/proguard/proguard-gradle/6.0.3/proguard-gradle-6.0.3.jar
2021-06-06T09:17:17.125-0500 [DEBUG] [org.gradle.internal.resource.transfer.DefaultCacheAwareExternalResourceAccessor] Constructing external resource: https://repo.maven.apache.org/maven2/net/sf/jopt-simple/jopt-simple/4.9/jopt-simple-4.9.jar
2021-06-06T09:17:17.125-0500 [DEBUG] [org.gradle.internal.resource.transfer.DefaultCacheAwareExternalResourceAccessor] Constructing external resource: https://repo.maven.apache.org/maven2/org/ow2/asm/asm/7.0/asm-7.0.jar
2021-06-06T09:17:17.126-0500 [DEBUG] [org.gradle.internal.resource.transfer.DefaultCacheAwareExternalResourceAccessor] Constructing external resource: https://repo.maven.apache.org/maven2/net/sf/proguard/proguard-gradle/6.0.3/proguard-gradle-6.0.3.jar
2021-06-06T09:17:17.125-0500 [DEBUG] [org.gradle.internal.operations.DefaultBuildOperationRunner] Build operation 'Resolve asm-commons-7.0.jar (org.ow2.asm:asm-commons:7.0)' completed
2021-06-06T09:17:17.126-0500 [DEBUG] [org.gradle.api.internal.artifacts.repositories.resolver.DefaultExternalResourceArtifactResolver] Loading https://dl.google.com/dl/android/maven2/com/android/tools/build/jetifier/jetifier-core/1.0.0-beta09/jetifier-core-1.0.0-beta09.jar
2021-06-06T09:17:17.126-0500 [DEBUG] [org.gradle.internal.resource.transfer.DefaultCacheAwareExternalResourceAccessor] Constructing external resource: https://dl.google.com/dl/android/maven2/com/android/tools/build/jetifier/jetifier-core/1.0.0-beta09/jetifier-core-1.0.0-beta09.jar
2021-06-06T09:17:17.127-0500 [DEBUG] [org.gradle.internal.resource.transport.http.HttpResourceAccessor] Constructing external resource: https://repo.maven.apache.org/maven2/org/ow2/asm/asm-util/7.0/asm-util-7.0.jar
2021-06-06T09:17:17.127-0500 [DEBUG] [org.gradle.internal.resource.transport.http.HttpClientHelper] Performing HTTP GET: https://repo.maven.apache.org/maven2/org/ow2/asm/asm-util/7.0/asm-util-7.0.jar
2021-06-06T09:17:17.127-0500 [DEBUG] [org.apache.http.client.protocol.RequestAddCookies] CookieSpec selected: default
2021-06-06T09:17:17.127-0500 [DEBUG] [org.apache.http.client.protocol.RequestAuthCache] Auth cache not set in the context
2021-06-06T09:17:17.127-0500 [DEBUG] [org.gradle.internal.resource.transport.http.HttpResourceAccessor] Constructing external resource metadata: https://repo.maven.apache.org/maven2/org/ow2/asm/asm-tree/7.0/asm-tree-7.0.jar
2021-06-06T09:17:17.127-0500 [DEBUG] [org.gradle.internal.resource.transport.http.HttpResourceAccessor] Constructing external resource metadata: https://repo.maven.apache.org/maven2/org/ow2/asm/asm-analysis/7.0/asm-analysis-7.0.jar
2021-06-06T09:17:17.128-0500 [DEBUG] [org.gradle.internal.resource.transport.http.HttpResourceAccessor] Constructing external resource: https://repo.maven.apache.org/maven2/net/sf/jopt-simple/jopt-simple/4.9/jopt-simple-4.9.jar
2021-06-06T09:17:17.128-0500 [DEBUG] [org.gradle.internal.resource.transport.http.HttpClientHelper] Performing HTTP HEAD: https://repo.maven.apache.org/maven2/org/ow2/asm/asm-analysis/7.0/asm-analysis-7.0.jar
2021-06-06T09:17:17.128-0500 [DEBUG] [org.gradle.internal.resource.transport.http.HttpClientHelper] Performing HTTP HEAD: https://repo.maven.apache.org/maven2/org/ow2/asm/asm-tree/7.0/asm-tree-7.0.jar
2021-06-06T09:17:17.128-0500 [DEBUG] [org.gradle.internal.resource.transport.http.HttpResourceAccessor] Constructing external resource: https://repo.maven.apache.org/maven2/net/sf/proguard/proguard-gradle/6.0.3/proguard-gradle-6.0.3.jar
2021-06-06T09:17:17.128-0500 [DEBUG] [org.apache.http.client.protocol.RequestAddCookies] CookieSpec selected: default
2021-06-06T09:17:17.128-0500 [DEBUG] [org.apache.http.impl.conn.PoolingHttpClientConnectionManager] Connection request: [route: {s}->https://repo.maven.apache.org:443][total kept alive: 8; route allocated: 8 of 20; total allocated: 8 of 20]
2021-06-06T09:17:17.128-0500 [DEBUG] [org.apache.http.client.protocol.RequestAuthCache] Auth cache not set in the context
2021-06-06T09:17:17.129-0500 [DEBUG] [org.apache.http.impl.conn.PoolingHttpClientConnectionManager] Connection request: [route: {s}->https://repo.maven.apache.org:443][total kept alive: 7; route allocated: 8 of 20; total allocated: 8 of 20]
2021-06-06T09:17:17.128-0500 [DEBUG] [org.gradle.internal.resource.transport.http.HttpClientHelper] Performing HTTP GET: https://repo.maven.apache.org/maven2/net/sf/proguard/proguard-gradle/6.0.3/proguard-gradle-6.0.3.jar
2021-06-06T09:17:17.129-0500 [DEBUG] [org.apache.http.client.protocol.RequestAddCookies] CookieSpec selected: default
2021-06-06T09:17:17.128-0500 [DEBUG] [org.apache.http.client.protocol.RequestAddCookies] CookieSpec selected: default
2021-06-06T09:17:17.128-0500 [DEBUG] [org.gradle.internal.resource.transport.http.HttpClientHelper] Performing HTTP GET: https://repo.maven.apache.org/maven2/net/sf/jopt-simple/jopt-simple/4.9/jopt-simple-4.9.jar
2021-06-06T09:17:17.129-0500 [DEBUG] [org.gradle.internal.resource.transport.http.HttpResourceAccessor] Constructing external resource: https://dl.google.com/dl/android/maven2/com/android/tools/build/jetifier/jetifier-core/1.0.0-beta09/jetifier-core-1.0.0-beta09.jar
2021-06-06T09:17:17.129-0500 [DEBUG] [org.apache.http.client.protocol.RequestAuthCache] Auth cache not set in the context
2021-06-06T09:17:17.129-0500 [DEBUG] [org.apache.http.client.protocol.RequestAuthCache] Auth cache not set in the context
2021-06-06T09:17:17.129-0500 [DEBUG] [org.apache.http.impl.conn.PoolingHttpClientConnectionManager] Connection leased: [id: 13][route: {s}->https://repo.maven.apache.org:443][total kept alive: 6; route allocated: 8 of 20; total allocated: 8 of 20]
2021-06-06T09:17:17.130-0500 [DEBUG] [org.apache.http.impl.conn.DefaultManagedHttpClientConnection] http-outgoing-13: set socket timeout to 30000
2021-06-06T09:17:17.129-0500 [DEBUG] [org.apache.http.impl.conn.PoolingHttpClientConnectionManager] Connection leased: [id: 12][route: {s}->https://repo.maven.apache.org:443][total kept alive: 7; route allocated: 8 of 20; total allocated: 8 of 20]
2021-06-06T09:17:17.130-0500 [DEBUG] [org.apache.http.impl.conn.DefaultManagedHttpClientConnection] http-outgoing-12: set socket timeout to 30000
2021-06-06T09:17:17.130-0500 [DEBUG] [org.apache.http.impl.conn.DefaultManagedHttpClientConnection] http-outgoing-13: set socket timeout to 30000
2021-06-06T09:17:17.130-0500 [DEBUG] [org.gradle.internal.resource.transport.http.HttpResourceAccessor] Constructing external resource metadata: https://repo.maven.apache.org/maven2/org/ow2/asm/asm/7.0/asm-7.0.jar
2021-06-06T09:17:17.130-0500 [DEBUG] [org.apache.http.impl.conn.PoolingHttpClientConnectionManager] Connection request: [route: {s}->https://repo.maven.apache.org:443][total kept alive: 6; route allocated: 8 of 20; total allocated: 8 of 20]
2021-06-06T09:17:17.130-0500 [DEBUG] [org.apache.http.impl.conn.PoolingHttpClientConnectionManager] Connection request: [route: {s}->https://repo.maven.apache.org:443][total kept alive: 6; route allocated: 8 of 20; total allocated: 8 of 20]
2021-06-06T09:17:17.130-0500 [DEBUG] [org.gradle.internal.resource.transport.http.HttpClientHelper] Performing HTTP GET: https://dl.google.com/dl/android/maven2/com/android/tools/build/jetifier/jetifier-core/1.0.0-beta09/jetifier-core-1.0.0-beta09.jar
2021-06-06T09:17:17.130-0500 [DEBUG] [org.apache.http.client.protocol.RequestAddCookies] CookieSpec selected: default
2021-06-06T09:17:17.130-0500 [DEBUG] [org.apache.http.impl.conn.PoolingHttpClientConnectionManager] Connection leased: [id: 15][route: {s}->https://repo.maven.apache.org:443][total kept alive: 5; route allocated: 8 of 20; total allocated: 8 of 20]
2021-06-06T09:17:17.130-0500 [DEBUG] [org.gradle.internal.resource.transport.http.HttpClientHelper] Performing HTTP HEAD: https://repo.maven.apache.org/maven2/org/ow2/asm/asm/7.0/asm-7.0.jar
2021-06-06T09:17:17.130-0500 [DEBUG] [org.apache.http.impl.execchain.MainClientExec] Executing request HEAD /maven2/org/ow2/asm/asm-tree/7.0/asm-tree-7.0.jar HTTP/1.1
2021-06-06T09:17:17.131-0500 [DEBUG] [org.apache.http.impl.execchain.MainClientExec] Target auth state: UNCHALLENGED
2021-06-06T09:17:17.131-0500 [DEBUG] [org.apache.http.impl.execchain.MainClientExec] Proxy auth state: UNCHALLENGED
2021-06-06T09:17:17.130-0500 [DEBUG] [org.apache.http.impl.conn.DefaultManagedHttpClientConnection] http-outgoing-12: set socket timeout to 30000
2021-06-06T09:17:17.131-0500 [DEBUG] [org.apache.http.impl.execchain.MainClientExec] Executing request GET /maven2/org/ow2/asm/asm-util/7.0/asm-util-7.0.jar HTTP/1.1
2021-06-06T09:17:17.131-0500 [DEBUG] [org.apache.http.impl.execchain.MainClientExec] Target auth state: UNCHALLENGED
2021-06-06T09:17:17.131-0500 [DEBUG] [org.apache.http.impl.execchain.MainClientExec] Proxy auth state: UNCHALLENGED
2021-06-06T09:17:17.131-0500 [DEBUG] [org.apache.http.client.protocol.RequestAddCookies] CookieSpec selected: default
2021-06-06T09:17:17.131-0500 [DEBUG] [org.apache.http.impl.conn.DefaultManagedHttpClientConnection] http-outgoing-15: set socket timeout to 30000
2021-06-06T09:17:17.131-0500 [DEBUG] [org.apache.http.client.protocol.RequestAuthCache] Auth cache not set in the context
2021-06-06T09:17:17.131-0500 [DEBUG] [org.apache.http.client.protocol.RequestAddCookies] CookieSpec selected: default
2021-06-06T09:17:17.132-0500 [DEBUG] [org.apache.http.impl.conn.PoolingHttpClientConnectionManager] Connection request: [route: {s}->https://repo.maven.apache.org:443][total kept alive: 4; route allocated: 8 of 20; total allocated: 8 of 20]
2021-06-06T09:17:17.132-0500 [DEBUG] [org.apache.http.impl.conn.DefaultManagedHttpClientConnection] http-outgoing-15: set socket timeout to 30000
2021-06-06T09:17:17.132-0500 [DEBUG] [org.apache.http.client.protocol.RequestAuthCache] Auth cache not set in the context
2021-06-06T09:17:17.132-0500 [DEBUG] [org.apache.http.impl.conn.PoolingHttpClientConnectionManager] Connection leased: [id: 11][route: {s}->https://repo.maven.apache.org:443][total kept alive: 4; route allocated: 8 of 20; total allocated: 8 of 20]
2021-06-06T09:17:17.132-0500 [DEBUG] [org.apache.http.impl.conn.DefaultManagedHttpClientConnection] http-outgoing-11: set socket timeout to 30000
2021-06-06T09:17:17.132-0500 [DEBUG] [org.apache.http.impl.conn.DefaultManagedHttpClientConnection] http-outgoing-11: set socket timeout to 30000
2021-06-06T09:17:17.132-0500 [DEBUG] [org.apache.http.impl.execchain.MainClientExec] Executing request HEAD /maven2/org/ow2/asm/asm-analysis/7.0/asm-analysis-7.0.jar HTTP/1.1
2021-06-06T09:17:17.132-0500 [DEBUG] [org.apache.http.impl.execchain.MainClientExec] Target auth state: UNCHALLENGED
2021-06-06T09:17:17.132-0500 [DEBUG] [org.apache.http.impl.execchain.MainClientExec] Proxy auth state: UNCHALLENGED
2021-06-06T09:17:17.132-0500 [DEBUG] [org.apache.http.impl.conn.PoolingHttpClientConnectionManager] Connection request: [route: {s}->https://repo.maven.apache.org:443][total kept alive: 3; route allocated: 8 of 20; total allocated: 8 of 20]
2021-06-06T09:17:17.132-0500 [DEBUG] [org.apache.http.impl.execchain.MainClientExec] Executing request GET /maven2/net/sf/proguard/proguard-gradle/6.0.3/proguard-gradle-6.0.3.jar HTTP/1.1
2021-06-06T09:17:17.133-0500 [DEBUG] [org.apache.http.impl.execchain.MainClientExec] Target auth state: UNCHALLENGED
2021-06-06T09:17:17.133-0500 [DEBUG] [org.apache.http.impl.execchain.MainClientExec] Proxy auth state: UNCHALLENGED
2021-06-06T09:17:17.132-0500 [DEBUG] [org.apache.http.client.protocol.RequestAuthCache] Auth cache not set in the context
2021-06-06T09:17:17.133-0500 [DEBUG] [org.apache.http.impl.conn.PoolingHttpClientConnectionManager] Connection request: [route: {s}->https://dl.google.com:443][total kept alive: 7; route allocated: 8 of 20; total allocated: 8 of 20]
2021-06-06T09:17:17.133-0500 [DEBUG] [org.apache.http.impl.conn.PoolingHttpClientConnectionManager] Connection leased: [id: 3][route: {s}->https://dl.google.com:443][total kept alive: 6; route allocated: 8 of 20; total allocated: 8 of 20]
2021-06-06T09:17:17.133-0500 [DEBUG] [org.apache.http.impl.conn.DefaultManagedHttpClientConnection] http-outgoing-3: set socket timeout to 30000
2021-06-06T09:17:17.133-0500 [DEBUG] [org.apache.http.impl.conn.PoolingHttpClientConnectionManager] Connection leased: [id: 10][route: {s}->https://repo.maven.apache.org:443][total kept alive: 2; route allocated: 8 of 20; total allocated: 8 of 20]
2021-06-06T09:17:17.133-0500 [DEBUG] [org.apache.http.impl.conn.DefaultManagedHttpClientConnection] http-outgoing-10: set socket timeout to 30000
2021-06-06T09:17:17.133-0500 [DEBUG] [org.apache.http.impl.conn.DefaultManagedHttpClientConnection] http-outgoing-10: set socket timeout to 30000
2021-06-06T09:17:17.133-0500 [DEBUG] [org.apache.http.impl.execchain.MainClientExec] Executing request GET /maven2/net/sf/jopt-simple/jopt-simple/4.9/jopt-simple-4.9.jar HTTP/1.1
2021-06-06T09:17:17.134-0500 [DEBUG] [org.apache.http.impl.execchain.MainClientExec] Target auth state: UNCHALLENGED
2021-06-06T09:17:17.134-0500 [DEBUG] [org.apache.http.impl.execchain.MainClientExec] Proxy auth state: UNCHALLENGED
2021-06-06T09:17:17.133-0500 [DEBUG] [org.apache.http.impl.conn.DefaultManagedHttpClientConnection] http-outgoing-3: set socket timeout to 30000
2021-06-06T09:17:17.134-0500 [DEBUG] [org.apache.http.impl.execchain.MainClientExec] Executing request GET /dl/android/maven2/com/android/tools/build/jetifier/jetifier-core/1.0.0-beta09/jetifier-core-1.0.0-beta09.jar HTTP/1.1
2021-06-06T09:17:17.134-0500 [DEBUG] [org.apache.http.impl.execchain.MainClientExec] Target auth state: UNCHALLENGED
2021-06-06T09:17:17.134-0500 [DEBUG] [org.apache.http.impl.execchain.MainClientExec] Proxy auth state: UNCHALLENGED
2021-06-06T09:17:17.134-0500 [DEBUG] [org.apache.http.impl.conn.PoolingHttpClientConnectionManager] Connection leased: [id: 14][route: {s}->https://repo.maven.apache.org:443][total kept alive: 2; route allocated: 8 of 20; total allocated: 8 of 20]
2021-06-06T09:17:17.134-0500 [DEBUG] [org.apache.http.impl.conn.DefaultManagedHttpClientConnection] http-outgoing-14: set socket timeout to 30000
2021-06-06T09:17:17.134-0500 [DEBUG] [org.apache.http.impl.conn.DefaultManagedHttpClientConnection] http-outgoing-14: set socket timeout to 30000
2021-06-06T09:17:17.134-0500 [DEBUG] [org.apache.http.impl.execchain.MainClientExec] Executing request HEAD /maven2/org/ow2/asm/asm/7.0/asm-7.0.jar HTTP/1.1
2021-06-06T09:17:17.134-0500 [DEBUG] [org.apache.http.impl.execchain.MainClientExec] Target auth state: UNCHALLENGED
2021-06-06T09:17:17.134-0500 [DEBUG] [org.apache.http.impl.execchain.MainClientExec] Proxy auth state: UNCHALLENGED
2021-06-06T09:17:17.151-0500 [DEBUG] [org.apache.http.impl.execchain.MainClientExec] Connection can be kept alive indefinitely
2021-06-06T09:17:17.151-0500 [DEBUG] [org.apache.http.impl.execchain.MainClientExec] Connection can be kept alive indefinitely
2021-06-06T09:17:17.151-0500 [DEBUG] [org.apache.http.impl.execchain.MainClientExec] Connection can be kept alive indefinitely
2021-06-06T09:17:17.151-0500 [DEBUG] [org.apache.http.impl.execchain.MainClientExec] Connection can be kept alive indefinitely
2021-06-06T09:17:17.151-0500 [DEBUG] [org.apache.http.impl.execchain.MainClientExec] Connection can be kept alive indefinitely
2021-06-06T09:17:17.152-0500 [DEBUG] [org.apache.http.impl.conn.PoolingHttpClientConnectionManager] Connection [id: 14][route: {s}->https://repo.maven.apache.org:443] can be kept alive indefinitely
2021-06-06T09:17:17.152-0500 [DEBUG] [org.apache.http.impl.conn.DefaultManagedHttpClientConnection] http-outgoing-14: set socket timeout to 0
2021-06-06T09:17:17.152-0500 [DEBUG] [org.apache.http.impl.conn.PoolingHttpClientConnectionManager] Connection released: [id: 14][route: {s}->https://repo.maven.apache.org:443][total kept alive: 3; route allocated: 8 of 20; total allocated: 8 of 20]
2021-06-06T09:17:17.151-0500 [DEBUG] [org.apache.http.impl.conn.PoolingHttpClientConnectionManager] Connection [id: 13][route: {s}->https://repo.maven.apache.org:443] can be kept alive indefinitely
2021-06-06T09:17:17.152-0500 [DEBUG] [org.apache.http.impl.conn.DefaultManagedHttpClientConnection] http-outgoing-13: set socket timeout to 0
2021-06-06T09:17:17.152-0500 [DEBUG] [org.apache.http.impl.conn.PoolingHttpClientConnectionManager] Connection released: [id: 13][route: {s}->https://repo.maven.apache.org:443][total kept alive: 4; route allocated: 8 of 20; total allocated: 8 of 20]
2021-06-06T09:17:17.152-0500 [DEBUG] [org.gradle.internal.resource.transport.http.HttpResponseResource] Attempting to download resource https://repo.maven.apache.org/maven2/org/ow2/asm/asm-util/7.0/asm-util-7.0.jar.
2021-06-06T09:17:17.152-0500 [DEBUG] [org.gradle.internal.resource.transport.http.HttpResponseResource] Attempting to download resource https://repo.maven.apache.org/maven2/net/sf/jopt-simple/jopt-simple/4.9/jopt-simple-4.9.jar.
2021-06-06T09:17:17.152-0500 [DEBUG] [org.apache.http.impl.conn.PoolingHttpClientConnectionManager] Connection [id: 11][route: {s}->https://repo.maven.apache.org:443] can be kept alive indefinitely
2021-06-06T09:17:17.152-0500 [DEBUG] [org.apache.http.impl.conn.DefaultManagedHttpClientConnection] http-outgoing-11: set socket timeout to 0
2021-06-06T09:17:17.153-0500 [DEBUG] [org.apache.http.impl.conn.PoolingHttpClientConnectionManager] Connection released: [id: 11][route: {s}->https://repo.maven.apache.org:443][total kept alive: 5; route allocated: 8 of 20; total allocated: 8 of 20]
2021-06-06T09:17:17.153-0500 [DEBUG] [org.gradle.internal.operations.DefaultBuildOperationRunner] Build operation 'Metadata of https://repo.maven.apache.org/maven2/org/ow2/asm/asm/7.0/asm-7.0.jar' completed
2021-06-06T09:17:17.153-0500 [DEBUG] [org.gradle.internal.operations.DefaultBuildOperationRunner] Build operation 'Metadata of https://repo.maven.apache.org/maven2/org/ow2/asm/asm-tree/7.0/asm-tree-7.0.jar' completed
2021-06-06T09:17:17.153-0500 [DEBUG] [org.apache.http.impl.execchain.MainClientExec] Connection can be kept alive indefinitely
2021-06-06T09:17:17.153-0500 [DEBUG] [org.gradle.internal.operations.DefaultBuildOperationRunner] Build operation 'Metadata of https://repo.maven.apache.org/maven2/org/ow2/asm/asm-analysis/7.0/asm-analysis-7.0.jar' completed
2021-06-06T09:17:17.153-0500 [DEBUG] [org.gradle.internal.resource.transport.http.HttpResponseResource] Attempting to download resource https://repo.maven.apache.org/maven2/net/sf/proguard/proguard-gradle/6.0.3/proguard-gradle-6.0.3.jar.
2021-06-06T09:17:17.154-0500 [INFO] [org.gradle.internal.resource.transfer.DefaultCacheAwareExternalResourceAccessor] Downloading https://repo.maven.apache.org/maven2/org/ow2/asm/asm-util/7.0/asm-util-7.0.jar to C:\Users\gathi\AppData\Local\Temp\gradle_download16431798792975510642bin
2021-06-06T09:17:17.154-0500 [INFO] [org.gradle.internal.resource.transfer.DefaultCacheAwareExternalResourceAccessor] Downloading https://repo.maven.apache.org/maven2/net/sf/jopt-simple/jopt-simple/4.9/jopt-simple-4.9.jar to C:\Users\gathi\AppData\Local\Temp\gradle_download11607114170503338219bin
2021-06-06T09:17:17.155-0500 [INFO] [org.gradle.internal.resource.transfer.DefaultCacheAwareExternalResourceAccessor] Found locally available resource with matching checksum: [https://repo.maven.apache.org/maven2/org/ow2/asm/asm-tree/7.0/asm-tree-7.0.jar, C:\Users\gathi\.m2\repository\org\ow2\asm\asm-tree\7.0\asm-tree-7.0.jar]
2021-06-06T09:17:17.155-0500 [INFO] [org.gradle.internal.resource.transfer.DefaultCacheAwareExternalResourceAccessor] Found locally available resource with matching checksum: [https://repo.maven.apache.org/maven2/org/ow2/asm/asm-analysis/7.0/asm-analysis-7.0.jar, C:\Users\gathi\.m2\repository\org\ow2\asm\asm-analysis\7.0\asm-analysis-7.0.jar]
2021-06-06T09:17:17.156-0500 [INFO] [org.gradle.internal.resource.transfer.DefaultCacheAwareExternalResourceAccessor] Downloading https://repo.maven.apache.org/maven2/net/sf/proguard/proguard-gradle/6.0.3/proguard-gradle-6.0.3.jar to C:\Users\gathi\AppData\Local\Temp\gradle_download11975595142391898603bin
2021-06-06T09:17:17.156-0500 [INFO] [org.gradle.internal.resource.transfer.DefaultCacheAwareExternalResourceAccessor] Found locally available resource with matching checksum: [https://repo.maven.apache.org/maven2/org/ow2/asm/asm/7.0/asm-7.0.jar, C:\Users\gathi\.m2\repository\org\ow2\asm\asm\7.0\asm-7.0.jar]
2021-06-06T09:17:17.157-0500 [DEBUG] [org.apache.http.impl.conn.PoolingHttpClientConnectionManager] Connection [id: 15][route: {s}->https://repo.maven.apache.org:443] can be kept alive indefinitely
2021-06-06T09:17:17.157-0500 [DEBUG] [org.apache.http.impl.conn.DefaultManagedHttpClientConnection] http-outgoing-15: set socket timeout to 0
2021-06-06T09:17:17.157-0500 [DEBUG] [org.apache.http.impl.conn.PoolingHttpClientConnectionManager] Connection released: [id: 15][route: {s}->https://repo.maven.apache.org:443][total kept alive: 6; route allocated: 8 of 20; total allocated: 8 of 20]
2021-06-06T09:17:17.158-0500 [DEBUG] [org.gradle.internal.operations.DefaultBuildOperationRunner] Build operation 'Download https://repo.maven.apache.org/maven2/net/sf/proguard/proguard-gradle/6.0.3/proguard-gradle-6.0.3.jar' completed
2021-06-06T09:17:17.158-0500 [DEBUG] [org.apache.http.impl.conn.PoolingHttpClientConnectionManager] Connection [id: 12][route: {s}->https://repo.maven.apache.org:443] can be kept alive indefinitely
2021-06-06T09:17:17.158-0500 [DEBUG] [org.apache.http.impl.conn.DefaultManagedHttpClientConnection] http-outgoing-12: set socket timeout to 0
2021-06-06T09:17:17.158-0500 [DEBUG] [org.apache.http.impl.conn.PoolingHttpClientConnectionManager] Connection released: [id: 12][route: {s}->https://repo.maven.apache.org:443][total kept alive: 7; route allocated: 8 of 20; total allocated: 8 of 20]
2021-06-06T09:17:17.159-0500 [DEBUG] [org.gradle.internal.operations.DefaultBuildOperationRunner] Build operation 'Download https://repo.maven.apache.org/maven2/org/ow2/asm/asm-util/7.0/asm-util-7.0.jar' completed
2021-06-06T09:17:17.164-0500 [DEBUG] [org.apache.http.impl.conn.PoolingHttpClientConnectionManager] Connection [id: 10][route: {s}->https://repo.maven.apache.org:443] can be kept alive indefinitely
2021-06-06T09:17:17.164-0500 [DEBUG] [org.apache.http.impl.conn.DefaultManagedHttpClientConnection] http-outgoing-10: set socket timeout to 0
2021-06-06T09:17:17.164-0500 [DEBUG] [org.apache.http.impl.conn.PoolingHttpClientConnectionManager] Connection released: [id: 10][route: {s}->https://repo.maven.apache.org:443][total kept alive: 8; route allocated: 8 of 20; total allocated: 8 of 20]
2021-06-06T09:17:17.164-0500 [DEBUG] [org.gradle.internal.operations.DefaultBuildOperationRunner] Build operation 'Download https://repo.maven.apache.org/maven2/net/sf/jopt-simple/jopt-simple/4.9/jopt-simple-4.9.jar' completed
2021-06-06T09:17:17.168-0500 [DEBUG] [org.gradle.api.internal.artifacts.ivyservice.ivyresolve.CachingModuleComponentRepository] Downloaded artifact 'proguard-gradle-6.0.3.jar (net.sf.proguard:proguard-gradle:6.0.3)' from resolver: MavenRepo
2021-06-06T09:17:17.173-0500 [DEBUG] [org.gradle.api.internal.artifacts.ivyservice.ivyresolve.CachingModuleComponentRepository] Downloaded artifact 'asm-util-7.0.jar (org.ow2.asm:asm-util:7.0)' from resolver: MavenRepo
2021-06-06T09:17:17.178-0500 [DEBUG] [org.gradle.api.internal.artifacts.ivyservice.ivyresolve.CachingModuleComponentRepository] Downloaded artifact 'asm-analysis-7.0.jar (org.ow2.asm:asm-analysis:7.0)' from resolver: MavenRepo
2021-06-06T09:17:17.178-0500 [DEBUG] [org.apache.http.impl.execchain.MainClientExec] Connection can be kept alive indefinitely
2021-06-06T09:17:17.178-0500 [DEBUG] [org.gradle.internal.resource.transport.http.HttpResponseResource] Attempting to download resource https://dl.google.com/dl/android/maven2/com/android/tools/build/jetifier/jetifier-core/1.0.0-beta09/jetifier-core-1.0.0-beta09.jar.
2021-06-06T09:17:17.180-0500 [INFO] [org.gradle.internal.resource.transfer.DefaultCacheAwareExternalResourceAccessor] Downloading https://dl.google.com/dl/android/maven2/com/android/tools/build/jetifier/jetifier-core/1.0.0-beta09/jetifier-core-1.0.0-beta09.jar to C:\Users\gathi\AppData\Local\Temp\gradle_download11749596846483725814bin
2021-06-06T09:17:17.183-0500 [DEBUG] [org.gradle.api.internal.artifacts.ivyservice.ivyresolve.CachingModuleComponentRepository] Downloaded artifact 'jopt-simple-4.9.jar (net.sf.jopt-simple:jopt-simple:4.9)' from resolver: MavenRepo
2021-06-06T09:17:17.189-0500 [DEBUG] [org.gradle.api.internal.artifacts.ivyservice.ivyresolve.CachingModuleComponentRepository] Downloaded artifact 'asm-tree-7.0.jar (org.ow2.asm:asm-tree:7.0)' from resolver: MavenRepo
2021-06-06T09:17:17.189-0500 [DEBUG] [org.apache.http.impl.conn.PoolingHttpClientConnectionManager] Connection [id: 3][route: {s}->https://dl.google.com:443] can be kept alive indefinitely
2021-06-06T09:17:17.189-0500 [DEBUG] [org.apache.http.impl.conn.DefaultManagedHttpClientConnection] http-outgoing-3: set socket timeout to 0
2021-06-06T09:17:17.189-0500 [DEBUG] [org.apache.http.impl.conn.PoolingHttpClientConnectionManager] Connection released: [id: 3][route: {s}->https://dl.google.com:443][total kept alive: 7; route allocated: 8 of 20; total allocated: 8 of 20]
2021-06-06T09:17:17.190-0500 [DEBUG] [org.gradle.internal.operations.DefaultBuildOperationRunner] Build operation 'Download https://dl.google.com/dl/android/maven2/com/android/tools/build/jetifier/jetifier-core/1.0.0-beta09/jetifier-core-1.0.0-beta09.jar' completed
2021-06-06T09:17:17.193-0500 [DEBUG] [org.gradle.api.internal.artifacts.ivyservice.ivyresolve.CachingModuleComponentRepository] Downloaded artifact 'asm-7.0.jar (org.ow2.asm:asm:7.0)' from resolver: MavenRepo
2021-06-06T09:17:17.199-0500 [DEBUG] [org.gradle.api.internal.artifacts.ivyservice.ivyresolve.CachingModuleComponentRepository] Downloaded artifact 'jetifier-core-1.0.0-beta09.jar (com.android.tools.build.jetifier:jetifier-core:1.0.0-beta09)' from resolver: Google
2021-06-06T09:17:17.200-0500 [DEBUG] [org.gradle.api.internal.artifacts.repositories.resolver.DefaultExternalResourceArtifactResolver] Loading https://repo.maven.apache.org/maven2/com/google/protobuf/protobuf-java-util/3.10.0/protobuf-java-util-3.10.0.jar
2021-06-06T09:17:17.200-0500 [DEBUG] [org.gradle.api.internal.artifacts.repositories.resolver.DefaultExternalResourceArtifactResolver] Loading https://repo.maven.apache.org/maven2/com/squareup/javapoet/1.10.0/javapoet-1.10.0.jar
2021-06-06T09:17:17.200-0500 [DEBUG] [org.gradle.api.internal.artifacts.repositories.resolver.DefaultExternalResourceArtifactResolver] Loading https://repo.maven.apache.org/maven2/com/google/crypto/tink/tink/1.3.0-rc2/tink-1.3.0-rc2.jar
2021-06-06T09:17:17.201-0500 [DEBUG] [org.gradle.api.internal.artifacts.repositories.resolver.DefaultExternalResourceArtifactResolver] Loading https://dl.google.com/dl/android/maven2/com/android/tools/analytics-library/protos/27.2.1/protos-27.2.1.jar
2021-06-06T09:17:17.201-0500 [DEBUG] [org.gradle.internal.resource.transfer.DefaultCacheAwareExternalResourceAccessor] Constructing external resource: https://repo.maven.apache.org/maven2/com/squareup/javapoet/1.10.0/javapoet-1.10.0.jar
2021-06-06T09:17:17.201-0500 [DEBUG] [org.gradle.internal.resource.transfer.DefaultCacheAwareExternalResourceAccessor] Constructing external resource: https://repo.maven.apache.org/maven2/com/google/protobuf/protobuf-java-util/3.10.0/protobuf-java-util-3.10.0.jar
2021-06-06T09:17:17.202-0500 [DEBUG] [org.gradle.internal.operations.DefaultBuildOperationRunner] Build operation 'Resolve jetifier-core-1.0.0-beta09.jar (com.android.tools.build.jetifier:jetifier-core:1.0.0-beta09)' completed
2021-06-06T09:17:17.201-0500 [DEBUG] [org.gradle.internal.resource.transfer.DefaultCacheAwareExternalResourceAccessor] Constructing external resource: https://dl.google.com/dl/android/maven2/com/android/tools/analytics-library/protos/27.2.1/protos-27.2.1.jar
2021-06-06T09:17:17.201-0500 [DEBUG] [org.gradle.internal.resource.transfer.DefaultCacheAwareExternalResourceAccessor] Constructing external resource: https://repo.maven.apache.org/maven2/com/google/crypto/tink/tink/1.3.0-rc2/tink-1.3.0-rc2.jar
2021-06-06T09:17:17.202-0500 [DEBUG] [org.gradle.api.internal.artifacts.repositories.resolver.DefaultExternalResourceArtifactResolver] Loading https://dl.google.com/dl/android/maven2/com/google/testing/platform/core-proto/0.0.8-alpha01/core-proto-0.0.8-alpha01.jar
2021-06-06T09:17:17.202-0500 [DEBUG] [org.gradle.internal.resource.transfer.DefaultCacheAwareExternalResourceAccessor] Constructing external resource: https://dl.google.com/dl/android/maven2/com/google/testing/platform/core-proto/0.0.8-alpha01/core-proto-0.0.8-alpha01.jar
2021-06-06T09:17:17.202-0500 [DEBUG] [org.gradle.api.internal.artifacts.repositories.resolver.DefaultExternalResourceArtifactResolver] Loading https://repo.maven.apache.org/maven2/com/google/protobuf/protobuf-java/3.10.0/protobuf-java-3.10.0.jar
2021-06-06T09:17:17.203-0500 [DEBUG] [org.gradle.internal.resource.transfer.DefaultCacheAwareExternalResourceAccessor] Constructing external resource: https://repo.maven.apache.org/maven2/com/google/protobuf/protobuf-java/3.10.0/protobuf-java-3.10.0.jar
2021-06-06T09:17:17.203-0500 [DEBUG] [org.gradle.internal.resource.transport.http.HttpResourceAccessor] Constructing external resource: https://repo.maven.apache.org/maven2/com/squareup/javapoet/1.10.0/javapoet-1.10.0.jar
2021-06-06T09:17:17.203-0500 [DEBUG] [org.gradle.api.internal.artifacts.repositories.resolver.DefaultExternalResourceArtifactResolver] Loading https://repo.maven.apache.org/maven2/org/jetbrains/kotlin/kotlin-gradle-plugin-api/1.4.32/kotlin-gradle-plugin-api-1.4.32.jar
2021-06-06T09:17:17.203-0500 [DEBUG] [org.gradle.internal.resource.transport.http.HttpClientHelper] Performing HTTP GET: https://repo.maven.apache.org/maven2/com/squareup/javapoet/1.10.0/javapoet-1.10.0.jar
2021-06-06T09:17:17.204-0500 [DEBUG] [org.gradle.internal.resource.transport.http.HttpResourceAccessor] Constructing external resource: https://repo.maven.apache.org/maven2/com/google/protobuf/protobuf-java-util/3.10.0/protobuf-java-util-3.10.0.jar
2021-06-06T09:17:17.204-0500 [DEBUG] [org.gradle.internal.resource.transport.http.HttpClientHelper] Performing HTTP GET: https://repo.maven.apache.org/maven2/com/google/protobuf/protobuf-java-util/3.10.0/protobuf-java-util-3.10.0.jar
2021-06-06T09:17:17.203-0500 [DEBUG] [org.gradle.internal.resource.transfer.DefaultCacheAwareExternalResourceAccessor] Constructing external resource: https://repo.maven.apache.org/maven2/org/jetbrains/kotlin/kotlin-gradle-plugin-api/1.4.32/kotlin-gradle-plugin-api-1.4.32.jar
2021-06-06T09:17:17.204-0500 [DEBUG] [org.gradle.internal.resource.transport.http.HttpResourceAccessor] Constructing external resource: https://repo.maven.apache.org/maven2/com/google/crypto/tink/tink/1.3.0-rc2/tink-1.3.0-rc2.jar
2021-06-06T09:17:17.204-0500 [DEBUG] [org.apache.http.client.protocol.RequestAddCookies] CookieSpec selected: default
2021-06-06T09:17:17.204-0500 [DEBUG] [org.gradle.internal.resource.transport.http.HttpClientHelper] Performing HTTP GET: https://repo.maven.apache.org/maven2/com/google/crypto/tink/tink/1.3.0-rc2/tink-1.3.0-rc2.jar
2021-06-06T09:17:17.205-0500 [DEBUG] [org.apache.http.client.protocol.RequestAddCookies] CookieSpec selected: default
2021-06-06T09:17:17.204-0500 [DEBUG] [org.apache.http.client.protocol.RequestAddCookies] CookieSpec selected: default
2021-06-06T09:17:17.205-0500 [DEBUG] [org.apache.http.client.protocol.RequestAuthCache] Auth cache not set in the context
2021-06-06T09:17:17.205-0500 [DEBUG] [org.gradle.internal.resource.transport.http.HttpResourceAccessor] Constructing external resource: https://dl.google.com/dl/android/maven2/com/google/testing/platform/core-proto/0.0.8-alpha01/core-proto-0.0.8-alpha01.jar
2021-06-06T09:17:17.204-0500 [DEBUG] [org.apache.http.client.protocol.RequestAuthCache] Auth cache not set in the context
2021-06-06T09:17:17.205-0500 [DEBUG] [org.apache.http.impl.conn.PoolingHttpClientConnectionManager] Connection request: [route: {s}->https://repo.maven.apache.org:443][total kept alive: 8; route allocated: 8 of 20; total allocated: 8 of 20]
2021-06-06T09:17:17.205-0500 [DEBUG] [org.gradle.internal.resource.transport.http.HttpClientHelper] Performing HTTP GET: https://dl.google.com/dl/android/maven2/com/google/testing/platform/core-proto/0.0.8-alpha01/core-proto-0.0.8-alpha01.jar
2021-06-06T09:17:17.205-0500 [DEBUG] [org.gradle.internal.resource.transport.http.HttpResourceAccessor] Constructing external resource: https://dl.google.com/dl/android/maven2/com/android/tools/analytics-library/protos/27.2.1/protos-27.2.1.jar
2021-06-06T09:17:17.206-0500 [DEBUG] [org.apache.http.client.protocol.RequestAddCookies] CookieSpec selected: default
2021-06-06T09:17:17.205-0500 [DEBUG] [org.apache.http.impl.conn.PoolingHttpClientConnectionManager] Connection request: [route: {s}->https://repo.maven.apache.org:443][total kept alive: 8; route allocated: 8 of 20; total allocated: 8 of 20]
2021-06-06T09:17:17.205-0500 [DEBUG] [org.apache.http.client.protocol.RequestAuthCache] Auth cache not set in the context
2021-06-06T09:17:17.206-0500 [DEBUG] [org.apache.http.impl.conn.PoolingHttpClientConnectionManager] Connection request: [route: {s}->https://repo.maven.apache.org:443][total kept alive: 6; route allocated: 8 of 20; total allocated: 8 of 20]
2021-06-06T09:17:17.206-0500 [DEBUG] [org.apache.http.impl.conn.PoolingHttpClientConnectionManager] Connection leased: [id: 12][route: {s}->https://repo.maven.apache.org:443][total kept alive: 6; route allocated: 8 of 20; total allocated: 8 of 20]
2021-06-06T09:17:17.206-0500 [DEBUG] [org.apache.http.impl.conn.PoolingHttpClientConnectionManager] Connection leased: [id: 15][route: {s}->https://repo.maven.apache.org:443][total kept alive: 5; route allocated: 8 of 20; total allocated: 8 of 20]
2021-06-06T09:17:17.207-0500 [DEBUG] [org.apache.http.impl.conn.DefaultManagedHttpClientConnection] http-outgoing-15: set socket timeout to 30000
2021-06-06T09:17:17.206-0500 [DEBUG] [org.apache.http.client.protocol.RequestAuthCache] Auth cache not set in the context
2021-06-06T09:17:17.206-0500 [DEBUG] [org.gradle.internal.resource.transport.http.HttpClientHelper] Performing HTTP GET: https://dl.google.com/dl/android/maven2/com/android/tools/analytics-library/protos/27.2.1/protos-27.2.1.jar
2021-06-06T09:17:17.205-0500 [DEBUG] [org.apache.http.impl.conn.PoolingHttpClientConnectionManager] Connection leased: [id: 10][route: {s}->https://repo.maven.apache.org:443][total kept alive: 7; route allocated: 8 of 20; total allocated: 8 of 20]
2021-06-06T09:17:17.207-0500 [DEBUG] [org.apache.http.impl.conn.DefaultManagedHttpClientConnection] http-outgoing-10: set socket timeout to 30000
2021-06-06T09:17:17.207-0500 [DEBUG] [org.apache.http.impl.conn.DefaultManagedHttpClientConnection] http-outgoing-10: set socket timeout to 30000
2021-06-06T09:17:17.207-0500 [DEBUG] [org.apache.http.client.protocol.RequestAddCookies] CookieSpec selected: default
2021-06-06T09:17:17.207-0500 [DEBUG] [org.apache.http.impl.conn.PoolingHttpClientConnectionManager] Connection request: [route: {s}->https://dl.google.com:443][total kept alive: 7; route allocated: 8 of 20; total allocated: 8 of 20]
2021-06-06T09:17:17.207-0500 [DEBUG] [org.apache.http.impl.conn.DefaultManagedHttpClientConnection] http-outgoing-15: set socket timeout to 30000
2021-06-06T09:17:17.206-0500 [DEBUG] [org.apache.http.impl.conn.DefaultManagedHttpClientConnection] http-outgoing-12: set socket timeout to 30000
2021-06-06T09:17:17.208-0500 [DEBUG] [org.apache.http.impl.conn.DefaultManagedHttpClientConnection] http-outgoing-12: set socket timeout to 30000
2021-06-06T09:17:17.208-0500 [DEBUG] [org.apache.http.impl.execchain.MainClientExec] Executing request GET /maven2/com/google/crypto/tink/tink/1.3.0-rc2/tink-1.3.0-rc2.jar HTTP/1.1
2021-06-06T09:17:17.208-0500 [DEBUG] [org.apache.http.impl.execchain.MainClientExec] Target auth state: UNCHALLENGED
2021-06-06T09:17:17.208-0500 [DEBUG] [org.apache.http.impl.execchain.MainClientExec] Proxy auth state: UNCHALLENGED
2021-06-06T09:17:17.206-0500 [DEBUG] [org.gradle.internal.resource.transport.http.HttpResourceAccessor] Constructing external resource: https://repo.maven.apache.org/maven2/com/google/protobuf/protobuf-java/3.10.0/protobuf-java-3.10.0.jar
2021-06-06T09:17:17.208-0500 [DEBUG] [org.apache.http.impl.execchain.MainClientExec] Executing request GET /maven2/com/google/protobuf/protobuf-java-util/3.10.0/protobuf-java-util-3.10.0.jar HTTP/1.1
2021-06-06T09:17:17.208-0500 [DEBUG] [org.apache.http.impl.execchain.MainClientExec] Target auth state: UNCHALLENGED
2021-06-06T09:17:17.209-0500 [DEBUG] [org.apache.http.impl.execchain.MainClientExec] Proxy auth state: UNCHALLENGED
2021-06-06T09:17:17.208-0500 [DEBUG] [org.apache.http.impl.conn.PoolingHttpClientConnectionManager] Connection leased: [id: 3][route: {s}->https://dl.google.com:443][total kept alive: 6; route allocated: 8 of 20; total allocated: 8 of 20]
2021-06-06T09:17:17.207-0500 [DEBUG] [org.apache.http.client.protocol.RequestAuthCache] Auth cache not set in the context
2021-06-06T09:17:17.207-0500 [DEBUG] [org.apache.http.impl.execchain.MainClientExec] Executing request GET /maven2/com/squareup/javapoet/1.10.0/javapoet-1.10.0.jar HTTP/1.1
2021-06-06T09:17:17.209-0500 [DEBUG] [org.apache.http.impl.execchain.MainClientExec] Target auth state: UNCHALLENGED
2021-06-06T09:17:17.209-0500 [DEBUG] [org.apache.http.impl.execchain.MainClientExec] Proxy auth state: UNCHALLENGED
2021-06-06T09:17:17.207-0500 [DEBUG] [org.gradle.internal.resource.transport.http.HttpResourceAccessor] Constructing external resource: https://repo.maven.apache.org/maven2/org/jetbrains/kotlin/kotlin-gradle-plugin-api/1.4.32/kotlin-gradle-plugin-api-1.4.32.jar
2021-06-06T09:17:17.209-0500 [DEBUG] [org.apache.http.impl.conn.PoolingHttpClientConnectionManager] Connection request: [route: {s}->https://dl.google.com:443][total kept alive: 6; route allocated: 8 of 20; total allocated: 8 of 20]
2021-06-06T09:17:17.209-0500 [DEBUG] [org.apache.http.impl.conn.DefaultManagedHttpClientConnection] http-outgoing-3: set socket timeout to 30000
2021-06-06T09:17:17.209-0500 [DEBUG] [org.apache.http.impl.conn.DefaultManagedHttpClientConnection] http-outgoing-3: set socket timeout to 30000
2021-06-06T09:17:17.210-0500 [DEBUG] [org.apache.http.impl.execchain.MainClientExec] Executing request GET /dl/android/maven2/com/google/testing/platform/core-proto/0.0.8-alpha01/core-proto-0.0.8-alpha01.jar HTTP/1.1
2021-06-06T09:17:17.210-0500 [DEBUG] [org.apache.http.impl.execchain.MainClientExec] Target auth state: UNCHALLENGED
2021-06-06T09:17:17.210-0500 [DEBUG] [org.apache.http.impl.execchain.MainClientExec] Proxy auth state: UNCHALLENGED
2021-06-06T09:17:17.208-0500 [DEBUG] [org.gradle.internal.resource.transport.http.HttpClientHelper] Performing HTTP GET: https://repo.maven.apache.org/maven2/com/google/protobuf/protobuf-java/3.10.0/protobuf-java-3.10.0.jar
2021-06-06T09:17:17.209-0500 [DEBUG] [org.apache.http.impl.conn.PoolingHttpClientConnectionManager] Connection leased: [id: 5][route: {s}->https://dl.google.com:443][total kept alive: 5; route allocated: 8 of 20; total allocated: 8 of 20]
2021-06-06T09:17:17.209-0500 [DEBUG] [org.gradle.internal.resource.transport.http.HttpClientHelper] Performing HTTP GET: https://repo.maven.apache.org/maven2/org/jetbrains/kotlin/kotlin-gradle-plugin-api/1.4.32/kotlin-gradle-plugin-api-1.4.32.jar
2021-06-06T09:17:17.213-0500 [DEBUG] [org.apache.http.impl.conn.DefaultManagedHttpClientConnection] http-outgoing-5: set socket timeout to 30000
2021-06-06T09:17:17.213-0500 [DEBUG] [org.apache.http.client.protocol.RequestAddCookies] CookieSpec selected: default
2021-06-06T09:17:17.213-0500 [DEBUG] [org.apache.http.client.protocol.RequestAddCookies] CookieSpec selected: default
2021-06-06T09:17:17.213-0500 [DEBUG] [org.apache.http.impl.conn.DefaultManagedHttpClientConnection] http-outgoing-5: set socket timeout to 30000
2021-06-06T09:17:17.213-0500 [DEBUG] [org.apache.http.client.protocol.RequestAuthCache] Auth cache not set in the context
2021-06-06T09:17:17.213-0500 [DEBUG] [org.apache.http.impl.conn.PoolingHttpClientConnectionManager] Connection request: [route: {s}->https://repo.maven.apache.org:443][total kept alive: 5; route allocated: 8 of 20; total allocated: 8 of 20]
2021-06-06T09:17:17.213-0500 [DEBUG] [org.apache.http.client.protocol.RequestAuthCache] Auth cache not set in the context
2021-06-06T09:17:17.214-0500 [DEBUG] [org.apache.http.impl.conn.PoolingHttpClientConnectionManager] Connection leased: [id: 11][route: {s}->https://repo.maven.apache.org:443][total kept alive: 4; route allocated: 8 of 20; total allocated: 8 of 20]
2021-06-06T09:17:17.214-0500 [DEBUG] [org.apache.http.impl.conn.DefaultManagedHttpClientConnection] http-outgoing-11: set socket timeout to 30000
2021-06-06T09:17:17.213-0500 [DEBUG] [org.apache.http.impl.execchain.MainClientExec] Executing request GET /dl/android/maven2/com/android/tools/analytics-library/protos/27.2.1/protos-27.2.1.jar HTTP/1.1
2021-06-06T09:17:17.214-0500 [DEBUG] [org.apache.http.impl.execchain.MainClientExec] Target auth state: UNCHALLENGED
2021-06-06T09:17:17.214-0500 [DEBUG] [org.apache.http.impl.execchain.MainClientExec] Proxy auth state: UNCHALLENGED
2021-06-06T09:17:17.214-0500 [DEBUG] [org.apache.http.impl.conn.DefaultManagedHttpClientConnection] http-outgoing-11: set socket timeout to 30000
2021-06-06T09:17:17.214-0500 [DEBUG] [org.apache.http.impl.conn.PoolingHttpClientConnectionManager] Connection request: [route: {s}->https://repo.maven.apache.org:443][total kept alive: 4; route allocated: 8 of 20; total allocated: 8 of 20]
2021-06-06T09:17:17.214-0500 [DEBUG] [org.apache.http.impl.execchain.MainClientExec] Executing request GET /maven2/org/jetbrains/kotlin/kotlin-gradle-plugin-api/1.4.32/kotlin-gradle-plugin-api-1.4.32.jar HTTP/1.1
2021-06-06T09:17:17.215-0500 [DEBUG] [org.apache.http.impl.execchain.MainClientExec] Target auth state: UNCHALLENGED
2021-06-06T09:17:17.215-0500 [DEBUG] [org.apache.http.impl.execchain.MainClientExec] Proxy auth state: UNCHALLENGED
2021-06-06T09:17:17.214-0500 [DEBUG] [org.apache.http.impl.conn.PoolingHttpClientConnectionManager] Connection leased: [id: 13][route: {s}->https://repo.maven.apache.org:443][total kept alive: 3; route allocated: 8 of 20; total allocated: 8 of 20]
2021-06-06T09:17:17.215-0500 [DEBUG] [org.apache.http.impl.conn.DefaultManagedHttpClientConnection] http-outgoing-13: set socket timeout to 30000
2021-06-06T09:17:17.215-0500 [DEBUG] [org.apache.http.impl.conn.DefaultManagedHttpClientConnection] http-outgoing-13: set socket timeout to 30000
2021-06-06T09:17:17.215-0500 [DEBUG] [org.apache.http.impl.execchain.MainClientExec] Executing request GET /maven2/com/google/protobuf/protobuf-java/3.10.0/protobuf-java-3.10.0.jar HTTP/1.1
2021-06-06T09:17:17.215-0500 [DEBUG] [org.apache.http.impl.execchain.MainClientExec] Target auth state: UNCHALLENGED
2021-06-06T09:17:17.215-0500 [DEBUG] [org.apache.http.impl.execchain.MainClientExec] Proxy auth state: UNCHALLENGED
2021-06-06T09:17:17.228-0500 [DEBUG] [org.apache.http.impl.execchain.MainClientExec] Connection can be kept alive indefinitely
2021-06-06T09:17:17.228-0500 [DEBUG] [org.apache.http.impl.execchain.MainClientExec] Connection can be kept alive indefinitely
2021-06-06T09:17:17.229-0500 [DEBUG] [org.gradle.internal.resource.transport.http.HttpResponseResource] Attempting to download resource https://repo.maven.apache.org/maven2/com/squareup/javapoet/1.10.0/javapoet-1.10.0.jar.
2021-06-06T09:17:17.229-0500 [DEBUG] [org.gradle.internal.resource.transport.http.HttpResponseResource] Attempting to download resource https://repo.maven.apache.org/maven2/com/google/protobuf/protobuf-java-util/3.10.0/protobuf-java-util-3.10.0.jar.
2021-06-06T09:17:17.230-0500 [INFO] [org.gradle.internal.resource.transfer.DefaultCacheAwareExternalResourceAccessor] Downloading https://repo.maven.apache.org/maven2/com/squareup/javapoet/1.10.0/javapoet-1.10.0.jar to C:\Users\gathi\AppData\Local\Temp\gradle_download14521443159636321020bin
2021-06-06T09:17:17.230-0500 [INFO] [org.gradle.internal.resource.transfer.DefaultCacheAwareExternalResourceAccessor] Downloading https://repo.maven.apache.org/maven2/com/google/protobuf/protobuf-java-util/3.10.0/protobuf-java-util-3.10.0.jar to C:\Users\gathi\AppData\Local\Temp\gradle_download8792985809008309048bin
2021-06-06T09:17:17.238-0500 [DEBUG] [org.apache.http.impl.execchain.MainClientExec] Connection can be kept alive indefinitely
2021-06-06T09:17:17.238-0500 [DEBUG] [org.gradle.internal.resource.transport.http.HttpResponseResource] Attempting to download resource https://repo.maven.apache.org/maven2/com/google/crypto/tink/tink/1.3.0-rc2/tink-1.3.0-rc2.jar.
2021-06-06T09:17:17.240-0500 [DEBUG] [org.apache.http.impl.conn.PoolingHttpClientConnectionManager] Connection [id: 10][route: {s}->https://repo.maven.apache.org:443] can be kept alive indefinitely
2021-06-06T09:17:17.240-0500 [DEBUG] [org.apache.http.impl.conn.DefaultManagedHttpClientConnection] http-outgoing-10: set socket timeout to 0
2021-06-06T09:17:17.240-0500 [DEBUG] [org.apache.http.impl.conn.PoolingHttpClientConnectionManager] Connection released: [id: 10][route: {s}->https://repo.maven.apache.org:443][total kept alive: 4; route allocated: 8 of 20; total allocated: 8 of 20]
2021-06-06T09:17:17.240-0500 [INFO] [org.gradle.internal.resource.transfer.DefaultCacheAwareExternalResourceAccessor] Downloading https://repo.maven.apache.org/maven2/com/google/crypto/tink/tink/1.3.0-rc2/tink-1.3.0-rc2.jar to C:\Users\gathi\AppData\Local\Temp\gradle_download13256108483094773377bin
2021-06-06T09:17:17.240-0500 [DEBUG] [org.gradle.internal.operations.DefaultBuildOperationRunner] Build operation 'Download https://repo.maven.apache.org/maven2/com/squareup/javapoet/1.10.0/javapoet-1.10.0.jar' completed
2021-06-06T09:17:17.241-0500 [DEBUG] [org.apache.http.impl.execchain.MainClientExec] Connection can be kept alive indefinitely
2021-06-06T09:17:17.242-0500 [DEBUG] [org.gradle.internal.resource.transport.http.HttpResponseResource] Attempting to download resource https://repo.maven.apache.org/maven2/org/jetbrains/kotlin/kotlin-gradle-plugin-api/1.4.32/kotlin-gradle-plugin-api-1.4.32.jar.
2021-06-06T09:17:17.243-0500 [INFO] [org.gradle.internal.resource.transfer.DefaultCacheAwareExternalResourceAccessor] Downloading https://repo.maven.apache.org/maven2/org/jetbrains/kotlin/kotlin-gradle-plugin-api/1.4.32/kotlin-gradle-plugin-api-1.4.32.jar to C:\Users\gathi\AppData\Local\Temp\gradle_download8056743897275383984bin
2021-06-06T09:17:17.244-0500 [DEBUG] [org.apache.http.impl.conn.PoolingHttpClientConnectionManager] Connection [id: 15][route: {s}->https://repo.maven.apache.org:443] can be kept alive indefinitely
2021-06-06T09:17:17.244-0500 [DEBUG] [org.apache.http.impl.conn.DefaultManagedHttpClientConnection] http-outgoing-15: set socket timeout to 0
2021-06-06T09:17:17.244-0500 [DEBUG] [org.apache.http.impl.conn.PoolingHttpClientConnectionManager] Connection released: [id: 15][route: {s}->https://repo.maven.apache.org:443][total kept alive: 5; route allocated: 8 of 20; total allocated: 8 of 20]
2021-06-06T09:17:17.245-0500 [DEBUG] [org.gradle.internal.operations.DefaultBuildOperationRunner] Build operation 'Download https://repo.maven.apache.org/maven2/com/google/protobuf/protobuf-java-util/3.10.0/protobuf-java-util-3.10.0.jar' completed
2021-06-06T09:17:17.246-0500 [DEBUG] [org.apache.http.impl.execchain.MainClientExec] Connection can be kept alive indefinitely
2021-06-06T09:17:17.246-0500 [DEBUG] [org.gradle.internal.resource.transport.http.HttpResponseResource] Attempting to download resource https://repo.maven.apache.org/maven2/com/google/protobuf/protobuf-java/3.10.0/protobuf-java-3.10.0.jar.
2021-06-06T09:17:17.246-0500 [DEBUG] [org.gradle.api.internal.artifacts.ivyservice.ivyresolve.CachingModuleComponentRepository] Downloaded artifact 'javapoet-1.10.0.jar (com.squareup:javapoet:1.10.0)' from resolver: MavenRepo
2021-06-06T09:17:17.248-0500 [INFO] [org.gradle.internal.resource.transfer.DefaultCacheAwareExternalResourceAccessor] Downloading https://repo.maven.apache.org/maven2/com/google/protobuf/protobuf-java/3.10.0/protobuf-java-3.10.0.jar to C:\Users\gathi\AppData\Local\Temp\gradle_download2684989102544633181bin
2021-06-06T09:17:17.251-0500 [DEBUG] [org.gradle.api.internal.artifacts.ivyservice.ivyresolve.CachingModuleComponentRepository] Downloaded artifact 'protobuf-java-util-3.10.0.jar (com.google.protobuf:protobuf-java-util:3.10.0)' from resolver: MavenRepo
2021-06-06T09:17:17.252-0500 [DEBUG] [org.gradle.api.internal.artifacts.repositories.resolver.DefaultExternalResourceArtifactResolver] Loading https://repo.maven.apache.org/maven2/org/jetbrains/kotlin/kotlin-gradle-plugin-model/1.4.32/kotlin-gradle-plugin-model-1.4.32.jar
2021-06-06T09:17:17.252-0500 [DEBUG] [org.gradle.internal.resource.transfer.DefaultCacheAwareExternalResourceAccessor] Constructing external resource: https://repo.maven.apache.org/maven2/org/jetbrains/kotlin/kotlin-gradle-plugin-model/1.4.32/kotlin-gradle-plugin-model-1.4.32.jar
2021-06-06T09:17:17.252-0500 [DEBUG] [org.gradle.api.internal.artifacts.repositories.resolver.DefaultExternalResourceArtifactResolver] Loading https://repo.maven.apache.org/maven2/org/jetbrains/kotlin/kotlin-util-klib/1.4.32/kotlin-util-klib-1.4.32.jar
2021-06-06T09:17:17.252-0500 [DEBUG] [org.gradle.internal.resource.transfer.DefaultCacheAwareExternalResourceAccessor] Constructing external resource: https://repo.maven.apache.org/maven2/org/jetbrains/kotlin/kotlin-util-klib/1.4.32/kotlin-util-klib-1.4.32.jar
2021-06-06T09:17:17.254-0500 [DEBUG] [org.gradle.internal.resource.transport.http.HttpResourceAccessor] Constructing external resource: https://repo.maven.apache.org/maven2/org/jetbrains/kotlin/kotlin-gradle-plugin-model/1.4.32/kotlin-gradle-plugin-model-1.4.32.jar
2021-06-06T09:17:17.254-0500 [DEBUG] [org.gradle.internal.resource.transport.http.HttpResourceAccessor] Constructing external resource: https://repo.maven.apache.org/maven2/org/jetbrains/kotlin/kotlin-util-klib/1.4.32/kotlin-util-klib-1.4.32.jar
2021-06-06T09:17:17.255-0500 [DEBUG] [org.gradle.internal.resource.transport.http.HttpClientHelper] Performing HTTP GET: https://repo.maven.apache.org/maven2/org/jetbrains/kotlin/kotlin-gradle-plugin-model/1.4.32/kotlin-gradle-plugin-model-1.4.32.jar
2021-06-06T09:17:17.255-0500 [DEBUG] [org.gradle.internal.resource.transport.http.HttpClientHelper] Performing HTTP GET: https://repo.maven.apache.org/maven2/org/jetbrains/kotlin/kotlin-util-klib/1.4.32/kotlin-util-klib-1.4.32.jar
2021-06-06T09:17:17.255-0500 [DEBUG] [org.apache.http.client.protocol.RequestAddCookies] CookieSpec selected: default
2021-06-06T09:17:17.255-0500 [DEBUG] [org.apache.http.client.protocol.RequestAddCookies] CookieSpec selected: default
2021-06-06T09:17:17.255-0500 [DEBUG] [org.apache.http.client.protocol.RequestAuthCache] Auth cache not set in the context
2021-06-06T09:17:17.255-0500 [DEBUG] [org.apache.http.impl.conn.PoolingHttpClientConnectionManager] Connection request: [route: {s}->https://repo.maven.apache.org:443][total kept alive: 5; route allocated: 8 of 20; total allocated: 8 of 20]
2021-06-06T09:17:17.255-0500 [DEBUG] [org.apache.http.client.protocol.RequestAuthCache] Auth cache not set in the context
2021-06-06T09:17:17.256-0500 [DEBUG] [org.apache.http.impl.conn.PoolingHttpClientConnectionManager] Connection leased: [id: 15][route: {s}->https://repo.maven.apache.org:443][total kept alive: 4; route allocated: 8 of 20; total allocated: 8 of 20]
2021-06-06T09:17:17.256-0500 [DEBUG] [org.apache.http.impl.conn.DefaultManagedHttpClientConnection] http-outgoing-15: set socket timeout to 30000
2021-06-06T09:17:17.256-0500 [DEBUG] [org.apache.http.impl.conn.DefaultManagedHttpClientConnection] http-outgoing-15: set socket timeout to 30000
2021-06-06T09:17:17.256-0500 [DEBUG] [org.apache.http.impl.execchain.MainClientExec] Executing request GET /maven2/org/jetbrains/kotlin/kotlin-gradle-plugin-model/1.4.32/kotlin-gradle-plugin-model-1.4.32.jar HTTP/1.1
2021-06-06T09:17:17.256-0500 [DEBUG] [org.apache.http.impl.execchain.MainClientExec] Target auth state: UNCHALLENGED
2021-06-06T09:17:17.256-0500 [DEBUG] [org.apache.http.impl.execchain.MainClientExec] Proxy auth state: UNCHALLENGED
2021-06-06T09:17:17.256-0500 [DEBUG] [org.apache.http.impl.conn.PoolingHttpClientConnectionManager] Connection request: [route: {s}->https://repo.maven.apache.org:443][total kept alive: 4; route allocated: 8 of 20; total allocated: 8 of 20]
2021-06-06T09:17:17.257-0500 [DEBUG] [org.apache.http.impl.conn.PoolingHttpClientConnectionManager] Connection leased: [id: 10][route: {s}->https://repo.maven.apache.org:443][total kept alive: 3; route allocated: 8 of 20; total allocated: 8 of 20]
2021-06-06T09:17:17.257-0500 [DEBUG] [org.apache.http.impl.conn.DefaultManagedHttpClientConnection] http-outgoing-10: set socket timeout to 30000
2021-06-06T09:17:17.257-0500 [DEBUG] [org.apache.http.impl.conn.DefaultManagedHttpClientConnection] http-outgoing-10: set socket timeout to 30000
2021-06-06T09:17:17.257-0500 [DEBUG] [org.apache.http.impl.execchain.MainClientExec] Executing request GET /maven2/org/jetbrains/kotlin/kotlin-util-klib/1.4.32/kotlin-util-klib-1.4.32.jar HTTP/1.1
2021-06-06T09:17:17.257-0500 [DEBUG] [org.apache.http.impl.execchain.MainClientExec] Target auth state: UNCHALLENGED
2021-06-06T09:17:17.257-0500 [DEBUG] [org.apache.http.impl.execchain.MainClientExec] Proxy auth state: UNCHALLENGED
2021-06-06T09:17:17.262-0500 [DEBUG] [org.apache.http.impl.conn.PoolingHttpClientConnectionManager] Connection [id: 11][route: {s}->https://repo.maven.apache.org:443] can be kept alive indefinitely
2021-06-06T09:17:17.262-0500 [DEBUG] [org.apache.http.impl.conn.DefaultManagedHttpClientConnection] http-outgoing-11: set socket timeout to 0
2021-06-06T09:17:17.262-0500 [DEBUG] [org.apache.http.impl.conn.PoolingHttpClientConnectionManager] Connection released: [id: 11][route: {s}->https://repo.maven.apache.org:443][total kept alive: 4; route allocated: 8 of 20; total allocated: 8 of 20]
2021-06-06T09:17:17.262-0500 [DEBUG] [org.gradle.internal.operations.DefaultBuildOperationRunner] Build operation 'Download https://repo.maven.apache.org/maven2/org/jetbrains/kotlin/kotlin-gradle-plugin-api/1.4.32/kotlin-gradle-plugin-api-1.4.32.jar' completed
2021-06-06T09:17:17.268-0500 [DEBUG] [org.gradle.api.internal.artifacts.ivyservice.ivyresolve.CachingModuleComponentRepository] Downloaded artifact 'kotlin-gradle-plugin-api-1.4.32.jar (org.jetbrains.kotlin:kotlin-gradle-plugin-api:1.4.32)' from resolver: MavenRepo
2021-06-06T09:17:17.268-0500 [DEBUG] [org.gradle.internal.operations.DefaultBuildOperationRunner] Build operation 'Resolve kotlin-gradle-plugin-api-1.4.32.jar (org.jetbrains.kotlin:kotlin-gradle-plugin-api:1.4.32)' completed
2021-06-06T09:17:17.268-0500 [DEBUG] [org.gradle.api.internal.artifacts.repositories.resolver.DefaultExternalResourceArtifactResolver] Loading https://repo.maven.apache.org/maven2/org/jetbrains/kotlin/kotlin-annotation-processing-gradle/1.4.32/kotlin-annotation-processing-gradle-1.4.32.jar
2021-06-06T09:17:17.268-0500 [DEBUG] [org.gradle.internal.resource.transfer.DefaultCacheAwareExternalResourceAccessor] Constructing external resource: https://repo.maven.apache.org/maven2/org/jetbrains/kotlin/kotlin-annotation-processing-gradle/1.4.32/kotlin-annotation-processing-gradle-1.4.32.jar
2021-06-06T09:17:17.270-0500 [DEBUG] [org.gradle.internal.resource.transport.http.HttpResourceAccessor] Constructing external resource: https://repo.maven.apache.org/maven2/org/jetbrains/kotlin/kotlin-annotation-processing-gradle/1.4.32/kotlin-annotation-processing-gradle-1.4.32.jar
2021-06-06T09:17:17.270-0500 [DEBUG] [org.gradle.internal.resource.transport.http.HttpClientHelper] Performing HTTP GET: https://repo.maven.apache.org/maven2/org/jetbrains/kotlin/kotlin-annotation-processing-gradle/1.4.32/kotlin-annotation-processing-gradle-1.4.32.jar
2021-06-06T09:17:17.270-0500 [DEBUG] [org.apache.http.client.protocol.RequestAddCookies] CookieSpec selected: default
2021-06-06T09:17:17.270-0500 [DEBUG] [org.apache.http.client.protocol.RequestAuthCache] Auth cache not set in the context
2021-06-06T09:17:17.271-0500 [DEBUG] [org.apache.http.impl.conn.PoolingHttpClientConnectionManager] Connection request: [route: {s}->https://repo.maven.apache.org:443][total kept alive: 4; route allocated: 8 of 20; total allocated: 8 of 20]
2021-06-06T09:17:17.271-0500 [DEBUG] [org.apache.http.impl.conn.PoolingHttpClientConnectionManager] Connection leased: [id: 11][route: {s}->https://repo.maven.apache.org:443][total kept alive: 3; route allocated: 8 of 20; total allocated: 8 of 20]
2021-06-06T09:17:17.271-0500 [DEBUG] [org.apache.http.impl.conn.DefaultManagedHttpClientConnection] http-outgoing-11: set socket timeout to 30000
2021-06-06T09:17:17.271-0500 [DEBUG] [org.apache.http.impl.conn.DefaultManagedHttpClientConnection] http-outgoing-11: set socket timeout to 30000
2021-06-06T09:17:17.271-0500 [DEBUG] [org.apache.http.impl.execchain.MainClientExec] Executing request GET /maven2/org/jetbrains/kotlin/kotlin-annotation-processing-gradle/1.4.32/kotlin-annotation-processing-gradle-1.4.32.jar HTTP/1.1
2021-06-06T09:17:17.271-0500 [DEBUG] [org.apache.http.impl.execchain.MainClientExec] Target auth state: UNCHALLENGED
2021-06-06T09:17:17.271-0500 [DEBUG] [org.apache.http.impl.execchain.MainClientExec] Proxy auth state: UNCHALLENGED
2021-06-06T09:17:17.271-0500 [DEBUG] [org.apache.http.impl.execchain.MainClientExec] Connection can be kept alive indefinitely
2021-06-06T09:17:17.271-0500 [DEBUG] [org.gradle.internal.resource.transport.http.HttpResponseResource] Attempting to download resource https://dl.google.com/dl/android/maven2/com/google/testing/platform/core-proto/0.0.8-alpha01/core-proto-0.0.8-alpha01.jar.
2021-06-06T09:17:17.273-0500 [INFO] [org.gradle.internal.resource.transfer.DefaultCacheAwareExternalResourceAccessor] Downloading https://dl.google.com/dl/android/maven2/com/google/testing/platform/core-proto/0.0.8-alpha01/core-proto-0.0.8-alpha01.jar to C:\Users\gathi\AppData\Local\Temp\gradle_download9429072315421668868bin
2021-06-06T09:17:17.293-0500 [DEBUG] [org.apache.http.impl.execchain.MainClientExec] Connection can be kept alive indefinitely
2021-06-06T09:17:17.293-0500 [DEBUG] [org.gradle.internal.resource.transport.http.HttpResponseResource] Attempting to download resource https://dl.google.com/dl/android/maven2/com/android/tools/analytics-library/protos/27.2.1/protos-27.2.1.jar.
2021-06-06T09:17:17.295-0500 [INFO] [org.gradle.internal.resource.transfer.DefaultCacheAwareExternalResourceAccessor] Downloading https://dl.google.com/dl/android/maven2/com/android/tools/analytics-library/protos/27.2.1/protos-27.2.1.jar to C:\Users\gathi\AppData\Local\Temp\gradle_download975004178969814782bin
2021-06-06T09:17:17.309-0500 [DEBUG] [org.apache.http.impl.execchain.MainClientExec] Connection can be kept alive indefinitely
2021-06-06T09:17:17.309-0500 [DEBUG] [org.gradle.internal.resource.transport.http.HttpResponseResource] Attempting to download resource https://repo.maven.apache.org/maven2/org/jetbrains/kotlin/kotlin-gradle-plugin-model/1.4.32/kotlin-gradle-plugin-model-1.4.32.jar.
2021-06-06T09:17:17.311-0500 [INFO] [org.gradle.internal.resource.transfer.DefaultCacheAwareExternalResourceAccessor] Downloading https://repo.maven.apache.org/maven2/org/jetbrains/kotlin/kotlin-gradle-plugin-model/1.4.32/kotlin-gradle-plugin-model-1.4.32.jar to C:\Users\gathi\AppData\Local\Temp\gradle_download5876776308762165279bin
2021-06-06T09:17:17.311-0500 [DEBUG] [org.apache.http.impl.execchain.MainClientExec] Connection can be kept alive indefinitely
2021-06-06T09:17:17.311-0500 [DEBUG] [org.gradle.internal.resource.transport.http.HttpResponseResource] Attempting to download resource https://repo.maven.apache.org/maven2/org/jetbrains/kotlin/kotlin-util-klib/1.4.32/kotlin-util-klib-1.4.32.jar.
2021-06-06T09:17:17.312-0500 [DEBUG] [org.apache.http.impl.conn.PoolingHttpClientConnectionManager] Connection [id: 15][route: {s}->https://repo.maven.apache.org:443] can be kept alive indefinitely
2021-06-06T09:17:17.312-0500 [DEBUG] [org.apache.http.impl.conn.DefaultManagedHttpClientConnection] http-outgoing-15: set socket timeout to 0
2021-06-06T09:17:17.312-0500 [DEBUG] [org.apache.http.impl.conn.PoolingHttpClientConnectionManager] Connection released: [id: 15][route: {s}->https://repo.maven.apache.org:443][total kept alive: 4; route allocated: 8 of 20; total allocated: 8 of 20]
2021-06-06T09:17:17.312-0500 [DEBUG] [org.gradle.internal.operations.DefaultBuildOperationRunner] Build operation 'Download https://repo.maven.apache.org/maven2/org/jetbrains/kotlin/kotlin-gradle-plugin-model/1.4.32/kotlin-gradle-plugin-model-1.4.32.jar' completed
2021-06-06T09:17:17.313-0500 [INFO] [org.gradle.internal.resource.transfer.DefaultCacheAwareExternalResourceAccessor] Downloading https://repo.maven.apache.org/maven2/org/jetbrains/kotlin/kotlin-util-klib/1.4.32/kotlin-util-klib-1.4.32.jar to C:\Users\gathi\AppData\Local\Temp\gradle_download2394490765546462791bin
2021-06-06T09:17:17.317-0500 [DEBUG] [org.gradle.api.internal.artifacts.ivyservice.ivyresolve.CachingModuleComponentRepository] Downloaded artifact 'kotlin-gradle-plugin-model-1.4.32.jar (org.jetbrains.kotlin:kotlin-gradle-plugin-model:1.4.32)' from resolver: MavenRepo
2021-06-06T09:17:17.318-0500 [DEBUG] [org.gradle.api.internal.artifacts.repositories.resolver.DefaultExternalResourceArtifactResolver] Loading https://repo.maven.apache.org/maven2/org/jetbrains/kotlin/kotlin-android-extensions/1.4.32/kotlin-android-extensions-1.4.32.jar
2021-06-06T09:17:17.318-0500 [DEBUG] [org.gradle.internal.resource.transfer.DefaultCacheAwareExternalResourceAccessor] Constructing external resource: https://repo.maven.apache.org/maven2/org/jetbrains/kotlin/kotlin-android-extensions/1.4.32/kotlin-android-extensions-1.4.32.jar
2021-06-06T09:17:17.319-0500 [DEBUG] [org.gradle.internal.resource.transport.http.HttpResourceAccessor] Constructing external resource: https://repo.maven.apache.org/maven2/org/jetbrains/kotlin/kotlin-android-extensions/1.4.32/kotlin-android-extensions-1.4.32.jar
2021-06-06T09:17:17.319-0500 [DEBUG] [org.gradle.internal.resource.transport.http.HttpClientHelper] Performing HTTP GET: https://repo.maven.apache.org/maven2/org/jetbrains/kotlin/kotlin-android-extensions/1.4.32/kotlin-android-extensions-1.4.32.jar
2021-06-06T09:17:17.320-0500 [DEBUG] [org.apache.http.client.protocol.RequestAddCookies] CookieSpec selected: default
2021-06-06T09:17:17.320-0500 [DEBUG] [org.apache.http.client.protocol.RequestAuthCache] Auth cache not set in the context
2021-06-06T09:17:17.320-0500 [DEBUG] [org.apache.http.impl.conn.PoolingHttpClientConnectionManager] Connection request: [route: {s}->https://repo.maven.apache.org:443][total kept alive: 4; route allocated: 8 of 20; total allocated: 8 of 20]
2021-06-06T09:17:17.320-0500 [DEBUG] [org.apache.http.impl.conn.PoolingHttpClientConnectionManager] Connection leased: [id: 15][route: {s}->https://repo.maven.apache.org:443][total kept alive: 3; route allocated: 8 of 20; total allocated: 8 of 20]
2021-06-06T09:17:17.320-0500 [DEBUG] [org.apache.http.impl.conn.DefaultManagedHttpClientConnection] http-outgoing-15: set socket timeout to 30000
2021-06-06T09:17:17.320-0500 [DEBUG] [org.apache.http.impl.conn.DefaultManagedHttpClientConnection] http-outgoing-15: set socket timeout to 30000
2021-06-06T09:17:17.320-0500 [DEBUG] [org.apache.http.impl.execchain.MainClientExec] Executing request GET /maven2/org/jetbrains/kotlin/kotlin-android-extensions/1.4.32/kotlin-android-extensions-1.4.32.jar HTTP/1.1
2021-06-06T09:17:17.320-0500 [DEBUG] [org.apache.http.impl.execchain.MainClientExec] Target auth state: UNCHALLENGED
2021-06-06T09:17:17.320-0500 [DEBUG] [org.apache.http.impl.execchain.MainClientExec] Proxy auth state: UNCHALLENGED
2021-06-06T09:17:17.326-0500 [DEBUG] [org.apache.http.impl.conn.PoolingHttpClientConnectionManager] Connection [id: 12][route: {s}->https://repo.maven.apache.org:443] can be kept alive indefinitely
2021-06-06T09:17:17.326-0500 [DEBUG] [org.apache.http.impl.conn.DefaultManagedHttpClientConnection] http-outgoing-12: set socket timeout to 0
2021-06-06T09:17:17.326-0500 [DEBUG] [org.apache.http.impl.conn.PoolingHttpClientConnectionManager] Connection released: [id: 12][route: {s}->https://repo.maven.apache.org:443][total kept alive: 4; route allocated: 8 of 20; total allocated: 8 of 20]
2021-06-06T09:17:17.326-0500 [DEBUG] [org.gradle.internal.operations.DefaultBuildOperationRunner] Build operation 'Download https://repo.maven.apache.org/maven2/com/google/crypto/tink/tink/1.3.0-rc2/tink-1.3.0-rc2.jar' completed
2021-06-06T09:17:17.339-0500 [DEBUG] [org.gradle.api.internal.artifacts.ivyservice.ivyresolve.CachingModuleComponentRepository] Downloaded artifact 'tink-1.3.0-rc2.jar (com.google.crypto.tink:tink:1.3.0-rc2)' from resolver: MavenRepo
2021-06-06T09:17:17.339-0500 [DEBUG] [org.gradle.api.internal.artifacts.repositories.resolver.DefaultExternalResourceArtifactResolver] Loading https://repo.maven.apache.org/maven2/org/jetbrains/kotlin/kotlin-compiler-runner/1.4.32/kotlin-compiler-runner-1.4.32.jar
2021-06-06T09:17:17.339-0500 [DEBUG] [org.gradle.internal.resource.transfer.DefaultCacheAwareExternalResourceAccessor] Constructing external resource: https://repo.maven.apache.org/maven2/org/jetbrains/kotlin/kotlin-compiler-runner/1.4.32/kotlin-compiler-runner-1.4.32.jar
2021-06-06T09:17:17.341-0500 [DEBUG] [org.gradle.internal.resource.transport.http.HttpResourceAccessor] Constructing external resource: https://repo.maven.apache.org/maven2/org/jetbrains/kotlin/kotlin-compiler-runner/1.4.32/kotlin-compiler-runner-1.4.32.jar
2021-06-06T09:17:17.341-0500 [DEBUG] [org.gradle.internal.resource.transport.http.HttpClientHelper] Performing HTTP GET: https://repo.maven.apache.org/maven2/org/jetbrains/kotlin/kotlin-compiler-runner/1.4.32/kotlin-compiler-runner-1.4.32.jar
2021-06-06T09:17:17.341-0500 [DEBUG] [org.apache.http.client.protocol.RequestAddCookies] CookieSpec selected: default
2021-06-06T09:17:17.341-0500 [DEBUG] [org.apache.http.client.protocol.RequestAuthCache] Auth cache not set in the context
2021-06-06T09:17:17.341-0500 [DEBUG] [org.apache.http.impl.conn.PoolingHttpClientConnectionManager] Connection request: [route: {s}->https://repo.maven.apache.org:443][total kept alive: 4; route allocated: 8 of 20; total allocated: 8 of 20]
2021-06-06T09:17:17.341-0500 [DEBUG] [org.apache.http.impl.conn.PoolingHttpClientConnectionManager] Connection leased: [id: 12][route: {s}->https://repo.maven.apache.org:443][total kept alive: 3; route allocated: 8 of 20; total allocated: 8 of 20]
2021-06-06T09:17:17.341-0500 [DEBUG] [org.apache.http.impl.conn.DefaultManagedHttpClientConnection] http-outgoing-12: set socket timeout to 30000
2021-06-06T09:17:17.341-0500 [DEBUG] [org.apache.http.impl.conn.DefaultManagedHttpClientConnection] http-outgoing-12: set socket timeout to 30000
2021-06-06T09:17:17.341-0500 [DEBUG] [org.apache.http.impl.execchain.MainClientExec] Executing request GET /maven2/org/jetbrains/kotlin/kotlin-compiler-runner/1.4.32/kotlin-compiler-runner-1.4.32.jar HTTP/1.1
2021-06-06T09:17:17.341-0500 [DEBUG] [org.apache.http.impl.execchain.MainClientExec] Target auth state: UNCHALLENGED
2021-06-06T09:17:17.341-0500 [DEBUG] [org.apache.http.impl.execchain.MainClientExec] Proxy auth state: UNCHALLENGED
2021-06-06T09:17:17.342-0500 [DEBUG] [org.apache.http.impl.execchain.MainClientExec] Connection can be kept alive indefinitely
2021-06-06T09:17:17.343-0500 [DEBUG] [org.gradle.internal.resource.transport.http.HttpResponseResource] Attempting to download resource https://repo.maven.apache.org/maven2/org/jetbrains/kotlin/kotlin-annotation-processing-gradle/1.4.32/kotlin-annotation-processing-gradle-1.4.32.jar.
2021-06-06T09:17:17.344-0500 [INFO] [org.gradle.internal.resource.transfer.DefaultCacheAwareExternalResourceAccessor] Downloading https://repo.maven.apache.org/maven2/org/jetbrains/kotlin/kotlin-annotation-processing-gradle/1.4.32/kotlin-annotation-processing-gradle-1.4.32.jar to C:\Users\gathi\AppData\Local\Temp\gradle_download7823502302712331899bin
2021-06-06T09:17:17.370-0500 [DEBUG] [org.apache.http.impl.execchain.MainClientExec] Connection can be kept alive indefinitely
2021-06-06T09:17:17.370-0500 [DEBUG] [org.gradle.internal.resource.transport.http.HttpResponseResource] Attempting to download resource https://repo.maven.apache.org/maven2/org/jetbrains/kotlin/kotlin-android-extensions/1.4.32/kotlin-android-extensions-1.4.32.jar.
2021-06-06T09:17:17.371-0500 [INFO] [org.gradle.internal.resource.transfer.DefaultCacheAwareExternalResourceAccessor] Downloading https://repo.maven.apache.org/maven2/org/jetbrains/kotlin/kotlin-android-extensions/1.4.32/kotlin-android-extensions-1.4.32.jar to C:\Users\gathi\AppData\Local\Temp\gradle_download1613373847263582388bin
2021-06-06T09:17:17.372-0500 [DEBUG] [org.apache.http.impl.conn.PoolingHttpClientConnectionManager] Connection [id: 10][route: {s}->https://repo.maven.apache.org:443] can be kept alive indefinitely
2021-06-06T09:17:17.372-0500 [DEBUG] [org.apache.http.impl.conn.DefaultManagedHttpClientConnection] http-outgoing-10: set socket timeout to 0
2021-06-06T09:17:17.372-0500 [DEBUG] [org.apache.http.impl.conn.PoolingHttpClientConnectionManager] Connection released: [id: 10][route: {s}->https://repo.maven.apache.org:443][total kept alive: 4; route allocated: 8 of 20; total allocated: 8 of 20]
2021-06-06T09:17:17.373-0500 [DEBUG] [org.gradle.internal.operations.DefaultBuildOperationRunner] Build operation 'Download https://repo.maven.apache.org/maven2/org/jetbrains/kotlin/kotlin-util-klib/1.4.32/kotlin-util-klib-1.4.32.jar' completed
2021-06-06T09:17:17.379-0500 [DEBUG] [org.gradle.api.internal.artifacts.ivyservice.ivyresolve.CachingModuleComponentRepository] Downloaded artifact 'kotlin-util-klib-1.4.32.jar (org.jetbrains.kotlin:kotlin-util-klib:1.4.32)' from resolver: MavenRepo
2021-06-06T09:17:17.380-0500 [DEBUG] [org.gradle.api.internal.artifacts.repositories.resolver.DefaultExternalResourceArtifactResolver] Loading https://repo.maven.apache.org/maven2/org/jetbrains/kotlin/kotlin-compiler-embeddable/1.4.32/kotlin-compiler-embeddable-1.4.32.jar
2021-06-06T09:17:17.380-0500 [DEBUG] [org.gradle.internal.resource.transfer.DefaultCacheAwareExternalResourceAccessor] Constructing external resource: https://repo.maven.apache.org/maven2/org/jetbrains/kotlin/kotlin-compiler-embeddable/1.4.32/kotlin-compiler-embeddable-1.4.32.jar
2021-06-06T09:17:17.381-0500 [DEBUG] [org.gradle.internal.resource.transport.http.HttpResourceAccessor] Constructing external resource: https://repo.maven.apache.org/maven2/org/jetbrains/kotlin/kotlin-compiler-embeddable/1.4.32/kotlin-compiler-embeddable-1.4.32.jar
2021-06-06T09:17:17.381-0500 [DEBUG] [org.gradle.internal.resource.transport.http.HttpClientHelper] Performing HTTP GET: https://repo.maven.apache.org/maven2/org/jetbrains/kotlin/kotlin-compiler-embeddable/1.4.32/kotlin-compiler-embeddable-1.4.32.jar
2021-06-06T09:17:17.381-0500 [DEBUG] [org.apache.http.client.protocol.RequestAddCookies] CookieSpec selected: default
2021-06-06T09:17:17.382-0500 [DEBUG] [org.apache.http.client.protocol.RequestAuthCache] Auth cache not set in the context
2021-06-06T09:17:17.382-0500 [DEBUG] [org.apache.http.impl.conn.PoolingHttpClientConnectionManager] Connection request: [route: {s}->https://repo.maven.apache.org:443][total kept alive: 4; route allocated: 8 of 20; total allocated: 8 of 20]
2021-06-06T09:17:17.382-0500 [DEBUG] [org.apache.http.impl.conn.PoolingHttpClientConnectionManager] Connection leased: [id: 10][route: {s}->https://repo.maven.apache.org:443][total kept alive: 3; route allocated: 8 of 20; total allocated: 8 of 20]
2021-06-06T09:17:17.382-0500 [DEBUG] [org.apache.http.impl.conn.DefaultManagedHttpClientConnection] http-outgoing-10: set socket timeout to 30000
2021-06-06T09:17:17.382-0500 [DEBUG] [org.apache.http.impl.conn.DefaultManagedHttpClientConnection] http-outgoing-10: set socket timeout to 30000
2021-06-06T09:17:17.382-0500 [DEBUG] [org.apache.http.impl.execchain.MainClientExec] Executing request GET /maven2/org/jetbrains/kotlin/kotlin-compiler-embeddable/1.4.32/kotlin-compiler-embeddable-1.4.32.jar HTTP/1.1
2021-06-06T09:17:17.382-0500 [DEBUG] [org.apache.http.impl.execchain.MainClientExec] Target auth state: UNCHALLENGED
2021-06-06T09:17:17.382-0500 [DEBUG] [org.apache.http.impl.execchain.MainClientExec] Proxy auth state: UNCHALLENGED
2021-06-06T09:17:17.391-0500 [DEBUG] [org.apache.http.impl.execchain.MainClientExec] Connection can be kept alive indefinitely
2021-06-06T09:17:17.391-0500 [DEBUG] [org.gradle.internal.resource.transport.http.HttpResponseResource] Attempting to download resource https://repo.maven.apache.org/maven2/org/jetbrains/kotlin/kotlin-compiler-runner/1.4.32/kotlin-compiler-runner-1.4.32.jar.
2021-06-06T09:17:17.392-0500 [INFO] [org.gradle.internal.resource.transfer.DefaultCacheAwareExternalResourceAccessor] Downloading https://repo.maven.apache.org/maven2/org/jetbrains/kotlin/kotlin-compiler-runner/1.4.32/kotlin-compiler-runner-1.4.32.jar to C:\Users\gathi\AppData\Local\Temp\gradle_download17980573256792425243bin
2021-06-06T09:17:17.394-0500 [DEBUG] [org.apache.http.impl.conn.PoolingHttpClientConnectionManager] Connection [id: 12][route: {s}->https://repo.maven.apache.org:443] can be kept alive indefinitely
2021-06-06T09:17:17.394-0500 [DEBUG] [org.apache.http.impl.conn.DefaultManagedHttpClientConnection] http-outgoing-12: set socket timeout to 0
2021-06-06T09:17:17.394-0500 [DEBUG] [org.apache.http.impl.conn.PoolingHttpClientConnectionManager] Connection released: [id: 12][route: {s}->https://repo.maven.apache.org:443][total kept alive: 4; route allocated: 8 of 20; total allocated: 8 of 20]
2021-06-06T09:17:17.394-0500 [DEBUG] [org.gradle.internal.operations.DefaultBuildOperationRunner] Build operation 'Download https://repo.maven.apache.org/maven2/org/jetbrains/kotlin/kotlin-compiler-runner/1.4.32/kotlin-compiler-runner-1.4.32.jar' completed
2021-06-06T09:17:17.399-0500 [DEBUG] [org.gradle.api.internal.artifacts.ivyservice.ivyresolve.CachingModuleComponentRepository] Downloaded artifact 'kotlin-compiler-runner-1.4.32.jar (org.jetbrains.kotlin:kotlin-compiler-runner:1.4.32)' from resolver: MavenRepo
2021-06-06T09:17:17.400-0500 [DEBUG] [org.gradle.api.internal.artifacts.repositories.resolver.DefaultExternalResourceArtifactResolver] Loading https://repo.maven.apache.org/maven2/org/jetbrains/kotlin/kotlin-scripting-compiler-embeddable/1.4.32/kotlin-scripting-compiler-embeddable-1.4.32.jar
2021-06-06T09:17:17.400-0500 [DEBUG] [org.gradle.internal.resource.transfer.DefaultCacheAwareExternalResourceAccessor] Constructing external resource: https://repo.maven.apache.org/maven2/org/jetbrains/kotlin/kotlin-scripting-compiler-embeddable/1.4.32/kotlin-scripting-compiler-embeddable-1.4.32.jar
2021-06-06T09:17:17.401-0500 [DEBUG] [org.gradle.internal.resource.transport.http.HttpResourceAccessor] Constructing external resource: https://repo.maven.apache.org/maven2/org/jetbrains/kotlin/kotlin-scripting-compiler-embeddable/1.4.32/kotlin-scripting-compiler-embeddable-1.4.32.jar
2021-06-06T09:17:17.401-0500 [DEBUG] [org.gradle.internal.resource.transport.http.HttpClientHelper] Performing HTTP GET: https://repo.maven.apache.org/maven2/org/jetbrains/kotlin/kotlin-scripting-compiler-embeddable/1.4.32/kotlin-scripting-compiler-embeddable-1.4.32.jar
2021-06-06T09:17:17.401-0500 [DEBUG] [org.apache.http.client.protocol.RequestAddCookies] CookieSpec selected: default
2021-06-06T09:17:17.401-0500 [DEBUG] [org.apache.http.client.protocol.RequestAuthCache] Auth cache not set in the context
2021-06-06T09:17:17.401-0500 [DEBUG] [org.apache.http.impl.conn.PoolingHttpClientConnectionManager] Connection request: [route: {s}->https://repo.maven.apache.org:443][total kept alive: 4; route allocated: 8 of 20; total allocated: 8 of 20]
2021-06-06T09:17:17.401-0500 [DEBUG] [org.apache.http.impl.conn.PoolingHttpClientConnectionManager] Connection leased: [id: 12][route: {s}->https://repo.maven.apache.org:443][total kept alive: 3; route allocated: 8 of 20; total allocated: 8 of 20]
2021-06-06T09:17:17.401-0500 [DEBUG] [org.apache.http.impl.conn.DefaultManagedHttpClientConnection] http-outgoing-12: set socket timeout to 30000
2021-06-06T09:17:17.401-0500 [DEBUG] [org.apache.http.impl.conn.DefaultManagedHttpClientConnection] http-outgoing-12: set socket timeout to 30000
2021-06-06T09:17:17.402-0500 [DEBUG] [org.apache.http.impl.execchain.MainClientExec] Executing request GET /maven2/org/jetbrains/kotlin/kotlin-scripting-compiler-embeddable/1.4.32/kotlin-scripting-compiler-embeddable-1.4.32.jar HTTP/1.1
2021-06-06T09:17:17.402-0500 [DEBUG] [org.apache.http.impl.execchain.MainClientExec] Target auth state: UNCHALLENGED
2021-06-06T09:17:17.402-0500 [DEBUG] [org.apache.http.impl.execchain.MainClientExec] Proxy auth state: UNCHALLENGED
2021-06-06T09:17:17.406-0500 [DEBUG] [org.apache.http.impl.conn.PoolingHttpClientConnectionManager] Connection [id: 3][route: {s}->https://dl.google.com:443] can be kept alive indefinitely
2021-06-06T09:17:17.406-0500 [DEBUG] [org.apache.http.impl.conn.DefaultManagedHttpClientConnection] http-outgoing-3: set socket timeout to 0
2021-06-06T09:17:17.406-0500 [DEBUG] [org.apache.http.impl.conn.PoolingHttpClientConnectionManager] Connection released: [id: 3][route: {s}->https://dl.google.com:443][total kept alive: 6; route allocated: 8 of 20; total allocated: 8 of 20]
2021-06-06T09:17:17.407-0500 [DEBUG] [org.gradle.internal.operations.DefaultBuildOperationRunner] Build operation 'Download https://dl.google.com/dl/android/maven2/com/google/testing/platform/core-proto/0.0.8-alpha01/core-proto-0.0.8-alpha01.jar' completed
2021-06-06T09:17:17.420-0500 [DEBUG] [org.gradle.api.internal.artifacts.ivyservice.ivyresolve.CachingModuleComponentRepository] Downloaded artifact 'core-proto-0.0.8-alpha01.jar (com.google.testing.platform:core-proto:0.0.8-alpha01)' from resolver: Google
2021-06-06T09:17:17.421-0500 [DEBUG] [org.gradle.api.internal.artifacts.repositories.resolver.DefaultExternalResourceArtifactResolver] Loading https://repo.maven.apache.org/maven2/org/jetbrains/kotlin/kotlin-scripting-compiler-impl-embeddable/1.4.32/kotlin-scripting-compiler-impl-embeddable-1.4.32.jar
2021-06-06T09:17:17.421-0500 [DEBUG] [org.gradle.internal.resource.transfer.DefaultCacheAwareExternalResourceAccessor] Constructing external resource: https://repo.maven.apache.org/maven2/org/jetbrains/kotlin/kotlin-scripting-compiler-impl-embeddable/1.4.32/kotlin-scripting-compiler-impl-embeddable-1.4.32.jar
2021-06-06T09:17:17.422-0500 [DEBUG] [org.apache.http.impl.execchain.MainClientExec] Connection can be kept alive indefinitely
2021-06-06T09:17:17.422-0500 [DEBUG] [org.gradle.internal.resource.transport.http.HttpResponseResource] Attempting to download resource https://repo.maven.apache.org/maven2/org/jetbrains/kotlin/kotlin-compiler-embeddable/1.4.32/kotlin-compiler-embeddable-1.4.32.jar.
2021-06-06T09:17:17.423-0500 [DEBUG] [org.apache.http.impl.conn.PoolingHttpClientConnectionManager] Connection [id: 0][route: {s}->https://dl.google.com:443] can be kept alive indefinitely
2021-06-06T09:17:17.423-0500 [DEBUG] [org.apache.http.impl.conn.DefaultManagedHttpClientConnection] http-outgoing-0: set socket timeout to 0
2021-06-06T09:17:17.423-0500 [DEBUG] [org.apache.http.impl.conn.PoolingHttpClientConnectionManager] Connection released: [id: 0][route: {s}->https://dl.google.com:443][total kept alive: 7; route allocated: 8 of 20; total allocated: 8 of 20]
2021-06-06T09:17:17.423-0500 [DEBUG] [org.gradle.internal.resource.transport.http.HttpResourceAccessor] Constructing external resource: https://repo.maven.apache.org/maven2/org/jetbrains/kotlin/kotlin-scripting-compiler-impl-embeddable/1.4.32/kotlin-scripting-compiler-impl-embeddable-1.4.32.jar
2021-06-06T09:17:17.423-0500 [DEBUG] [org.gradle.internal.resource.transport.http.HttpClientHelper] Performing HTTP GET: https://repo.maven.apache.org/maven2/org/jetbrains/kotlin/kotlin-scripting-compiler-impl-embeddable/1.4.32/kotlin-scripting-compiler-impl-embeddable-1.4.32.jar
2021-06-06T09:17:17.424-0500 [DEBUG] [org.gradle.internal.operations.DefaultBuildOperationRunner] Build operation 'Download https://dl.google.com/dl/android/maven2/com/android/tools/build/builder/4.2.1/builder-4.2.1.jar' completed
2021-06-06T09:17:17.423-0500 [DEBUG] [org.apache.http.client.protocol.RequestAddCookies] CookieSpec selected: default
2021-06-06T09:17:17.424-0500 [DEBUG] [org.apache.http.client.protocol.RequestAuthCache] Auth cache not set in the context
2021-06-06T09:17:17.424-0500 [DEBUG] [org.apache.http.impl.conn.PoolingHttpClientConnectionManager] Connection request: [route: {s}->https://repo.maven.apache.org:443][total kept alive: 3; route allocated: 8 of 20; total allocated: 8 of 20]
2021-06-06T09:17:17.424-0500 [DEBUG] [org.apache.http.impl.conn.PoolingHttpClientConnectionManager] Connection leased: [id: 14][route: {s}->https://repo.maven.apache.org:443][total kept alive: 2; route allocated: 8 of 20; total allocated: 8 of 20]
2021-06-06T09:17:17.424-0500 [DEBUG] [org.apache.http.impl.conn.DefaultManagedHttpClientConnection] http-outgoing-14: set socket timeout to 30000
2021-06-06T09:17:17.424-0500 [DEBUG] [org.apache.http.impl.conn.DefaultManagedHttpClientConnection] http-outgoing-14: set socket timeout to 30000
2021-06-06T09:17:17.424-0500 [DEBUG] [org.apache.http.impl.execchain.MainClientExec] Executing request GET /maven2/org/jetbrains/kotlin/kotlin-scripting-compiler-impl-embeddable/1.4.32/kotlin-scripting-compiler-impl-embeddable-1.4.32.jar HTTP/1.1
2021-06-06T09:17:17.424-0500 [DEBUG] [org.apache.http.impl.execchain.MainClientExec] Target auth state: UNCHALLENGED
2021-06-06T09:17:17.425-0500 [DEBUG] [org.apache.http.impl.execchain.MainClientExec] Proxy auth state: UNCHALLENGED
2021-06-06T09:17:17.429-0500 [INFO] [org.gradle.internal.resource.transfer.DefaultCacheAwareExternalResourceAccessor] Downloading https://repo.maven.apache.org/maven2/org/jetbrains/kotlin/kotlin-compiler-embeddable/1.4.32/kotlin-compiler-embeddable-1.4.32.jar to C:\Users\gathi\AppData\Local\Temp\gradle_download13777098289280526790bin
2021-06-06T09:17:17.444-0500 [DEBUG] [org.apache.http.impl.execchain.MainClientExec] Connection can be kept alive indefinitely
2021-06-06T09:17:17.445-0500 [DEBUG] [org.gradle.internal.resource.transport.http.HttpResponseResource] Attempting to download resource https://repo.maven.apache.org/maven2/org/jetbrains/kotlin/kotlin-scripting-compiler-embeddable/1.4.32/kotlin-scripting-compiler-embeddable-1.4.32.jar.
2021-06-06T09:17:17.446-0500 [INFO] [org.gradle.internal.resource.transfer.DefaultCacheAwareExternalResourceAccessor] Downloading https://repo.maven.apache.org/maven2/org/jetbrains/kotlin/kotlin-scripting-compiler-embeddable/1.4.32/kotlin-scripting-compiler-embeddable-1.4.32.jar to C:\Users\gathi\AppData\Local\Temp\gradle_download17923150669755543857bin
2021-06-06T09:17:17.471-0500 [DEBUG] [org.apache.http.impl.conn.PoolingHttpClientConnectionManager] Connection [id: 11][route: {s}->https://repo.maven.apache.org:443] can be kept alive indefinitely
2021-06-06T09:17:17.471-0500 [DEBUG] [org.apache.http.impl.conn.DefaultManagedHttpClientConnection] http-outgoing-11: set socket timeout to 0
2021-06-06T09:17:17.471-0500 [DEBUG] [org.apache.http.impl.conn.PoolingHttpClientConnectionManager] Connection released: [id: 11][route: {s}->https://repo.maven.apache.org:443][total kept alive: 3; route allocated: 8 of 20; total allocated: 8 of 20]
2021-06-06T09:17:17.471-0500 [DEBUG] [org.gradle.internal.operations.DefaultBuildOperationRunner] Build operation 'Download https://repo.maven.apache.org/maven2/org/jetbrains/kotlin/kotlin-annotation-processing-gradle/1.4.32/kotlin-annotation-processing-gradle-1.4.32.jar' completed
2021-06-06T09:17:17.472-0500 [DEBUG] [org.apache.http.impl.execchain.MainClientExec] Connection can be kept alive indefinitely
2021-06-06T09:17:17.472-0500 [DEBUG] [org.gradle.internal.resource.transport.http.HttpResponseResource] Attempting to download resource https://repo.maven.apache.org/maven2/org/jetbrains/kotlin/kotlin-scripting-compiler-impl-embeddable/1.4.32/kotlin-scripting-compiler-impl-embeddable-1.4.32.jar.
2021-06-06T09:17:17.474-0500 [INFO] [org.gradle.internal.resource.transfer.DefaultCacheAwareExternalResourceAccessor] Downloading https://repo.maven.apache.org/maven2/org/jetbrains/kotlin/kotlin-scripting-compiler-impl-embeddable/1.4.32/kotlin-scripting-compiler-impl-embeddable-1.4.32.jar to C:\Users\gathi\AppData\Local\Temp\gradle_download15965548454409739235bin
2021-06-06T09:17:17.482-0500 [DEBUG] [org.apache.http.impl.conn.PoolingHttpClientConnectionManager] Connection [id: 12][route: {s}->https://repo.maven.apache.org:443] can be kept alive indefinitely
2021-06-06T09:17:17.482-0500 [DEBUG] [org.apache.http.impl.conn.DefaultManagedHttpClientConnection] http-outgoing-12: set socket timeout to 0
2021-06-06T09:17:17.482-0500 [DEBUG] [org.apache.http.impl.conn.PoolingHttpClientConnectionManager] Connection released: [id: 12][route: {s}->https://repo.maven.apache.org:443][total kept alive: 4; route allocated: 8 of 20; total allocated: 8 of 20]
2021-06-06T09:17:17.483-0500 [DEBUG] [org.gradle.internal.operations.DefaultBuildOperationRunner] Build operation 'Download https://repo.maven.apache.org/maven2/org/jetbrains/kotlin/kotlin-scripting-compiler-embeddable/1.4.32/kotlin-scripting-compiler-embeddable-1.4.32.jar' completed
2021-06-06T09:17:17.501-0500 [DEBUG] [org.apache.http.impl.conn.PoolingHttpClientConnectionManager] Connection [id: 13][route: {s}->https://repo.maven.apache.org:443] can be kept alive indefinitely
2021-06-06T09:17:17.501-0500 [DEBUG] [org.apache.http.impl.conn.DefaultManagedHttpClientConnection] http-outgoing-13: set socket timeout to 0
2021-06-06T09:17:17.501-0500 [DEBUG] [org.apache.http.impl.conn.PoolingHttpClientConnectionManager] Connection released: [id: 13][route: {s}->https://repo.maven.apache.org:443][total kept alive: 5; route allocated: 8 of 20; total allocated: 8 of 20]
2021-06-06T09:17:17.501-0500 [DEBUG] [org.apache.http.impl.conn.PoolingHttpClientConnectionManager] Connection [id: 15][route: {s}->https://repo.maven.apache.org:443] can be kept alive indefinitely
2021-06-06T09:17:17.501-0500 [DEBUG] [org.apache.http.impl.conn.DefaultManagedHttpClientConnection] http-outgoing-15: set socket timeout to 0
2021-06-06T09:17:17.501-0500 [DEBUG] [org.apache.http.impl.conn.PoolingHttpClientConnectionManager] Connection released: [id: 15][route: {s}->https://repo.maven.apache.org:443][total kept alive: 6; route allocated: 8 of 20; total allocated: 8 of 20]
2021-06-06T09:17:17.502-0500 [DEBUG] [org.gradle.internal.operations.DefaultBuildOperationRunner] Build operation 'Download https://repo.maven.apache.org/maven2/com/google/protobuf/protobuf-java/3.10.0/protobuf-java-3.10.0.jar' completed
2021-06-06T09:17:17.502-0500 [DEBUG] [org.gradle.internal.operations.DefaultBuildOperationRunner] Build operation 'Download https://repo.maven.apache.org/maven2/org/jetbrains/kotlin/kotlin-android-extensions/1.4.32/kotlin-android-extensions-1.4.32.jar' completed
2021-06-06T09:17:17.527-0500 [DEBUG] [org.gradle.api.internal.artifacts.ivyservice.ivyresolve.CachingModuleComponentRepository] Downloaded artifact 'org.gradle.internal.component.external.model.UrlBackedArtifactMetadata@67ed9207' from resolver: Google
2021-06-06T09:17:17.536-0500 [DEBUG] [org.gradle.api.internal.artifacts.ivyservice.ivyresolve.CachingModuleComponentRepository] Downloaded artifact 'kotlin-annotation-processing-gradle-1.4.32.jar (org.jetbrains.kotlin:kotlin-annotation-processing-gradle:1.4.32)' from resolver: MavenRepo
2021-06-06T09:17:17.543-0500 [DEBUG] [org.gradle.api.internal.artifacts.ivyservice.ivyresolve.CachingModuleComponentRepository] Downloaded artifact 'kotlin-scripting-compiler-embeddable-1.4.32.jar (org.jetbrains.kotlin:kotlin-scripting-compiler-embeddable:1.4.32)' from resolver: MavenRepo
2021-06-06T09:17:17.559-0500 [DEBUG] [org.apache.http.impl.conn.PoolingHttpClientConnectionManager] Connection [id: 14][route: {s}->https://repo.maven.apache.org:443] can be kept alive indefinitely
2021-06-06T09:17:17.559-0500 [DEBUG] [org.apache.http.impl.conn.DefaultManagedHttpClientConnection] http-outgoing-14: set socket timeout to 0
2021-06-06T09:17:17.559-0500 [DEBUG] [org.apache.http.impl.conn.PoolingHttpClientConnectionManager] Connection released: [id: 14][route: {s}->https://repo.maven.apache.org:443][total kept alive: 7; route allocated: 8 of 20; total allocated: 8 of 20]
2021-06-06T09:17:17.560-0500 [DEBUG] [org.gradle.internal.operations.DefaultBuildOperationRunner] Build operation 'Download https://repo.maven.apache.org/maven2/org/jetbrains/kotlin/kotlin-scripting-compiler-impl-embeddable/1.4.32/kotlin-scripting-compiler-impl-embeddable-1.4.32.jar' completed
2021-06-06T09:17:17.562-0500 [DEBUG] [org.gradle.api.internal.artifacts.ivyservice.ivyresolve.CachingModuleComponentRepository] Downloaded artifact 'protobuf-java-3.10.0.jar (com.google.protobuf:protobuf-java:3.10.0)' from resolver: MavenRepo
2021-06-06T09:17:17.571-0500 [DEBUG] [org.gradle.api.internal.artifacts.ivyservice.ivyresolve.CachingModuleComponentRepository] Downloaded artifact 'kotlin-android-extensions-1.4.32.jar (org.jetbrains.kotlin:kotlin-android-extensions:1.4.32)' from resolver: MavenRepo
2021-06-06T09:17:17.571-0500 [DEBUG] [org.gradle.internal.operations.DefaultBuildOperationRunner] Build operation 'Resolve kotlin-annotation-processing-gradle-1.4.32.jar (org.jetbrains.kotlin:kotlin-annotation-processing-gradle:1.4.32)' completed
2021-06-06T09:17:17.578-0500 [DEBUG] [org.gradle.api.internal.artifacts.ivyservice.ivyresolve.CachingModuleComponentRepository] Downloaded artifact 'kotlin-scripting-compiler-impl-embeddable-1.4.32.jar (org.jetbrains.kotlin:kotlin-scripting-compiler-impl-embeddable:1.4.32)' from resolver: MavenRepo
2021-06-06T09:17:17.579-0500 [DEBUG] [org.gradle.api.internal.artifacts.repositories.resolver.DefaultExternalResourceArtifactResolver] Loading https://repo.maven.apache.org/maven2/org/jetbrains/kotlin/kotlin-reflect/1.4.32/kotlin-reflect-1.4.32.jar
2021-06-06T09:17:17.579-0500 [DEBUG] [org.gradle.api.internal.artifacts.repositories.resolver.DefaultExternalResourceArtifactResolver] Loading https://repo.maven.apache.org/maven2/org/jetbrains/kotlin/kotlin-util-io/1.4.32/kotlin-util-io-1.4.32.jar
2021-06-06T09:17:17.579-0500 [DEBUG] [org.gradle.api.internal.artifacts.repositories.resolver.DefaultExternalResourceArtifactResolver] Loading https://repo.maven.apache.org/maven2/org/jetbrains/kotlin/kotlin-daemon-client/1.4.32/kotlin-daemon-client-1.4.32.jar
2021-06-06T09:17:17.579-0500 [DEBUG] [org.gradle.api.internal.artifacts.repositories.resolver.DefaultExternalResourceArtifactResolver] Loading https://repo.maven.apache.org/maven2/org/jetbrains/kotlin/kotlin-scripting-jvm/1.4.32/kotlin-scripting-jvm-1.4.32.jar
2021-06-06T09:17:17.579-0500 [DEBUG] [org.gradle.api.internal.artifacts.repositories.resolver.DefaultExternalResourceArtifactResolver] Loading https://repo.maven.apache.org/maven2/org/jetbrains/kotlin/kotlin-stdlib-jdk7/1.4.31/kotlin-stdlib-jdk7-1.4.31.jar
2021-06-06T09:17:17.580-0500 [DEBUG] [org.gradle.internal.resource.transfer.DefaultCacheAwareExternalResourceAccessor] Constructing external resource: https://repo.maven.apache.org/maven2/org/jetbrains/kotlin/kotlin-scripting-jvm/1.4.32/kotlin-scripting-jvm-1.4.32.jar
2021-06-06T09:17:17.579-0500 [DEBUG] [org.gradle.internal.resource.transfer.DefaultCacheAwareExternalResourceAccessor] Constructing external resource: https://repo.maven.apache.org/maven2/org/jetbrains/kotlin/kotlin-daemon-client/1.4.32/kotlin-daemon-client-1.4.32.jar
2021-06-06T09:17:17.579-0500 [DEBUG] [org.gradle.internal.resource.transfer.DefaultCacheAwareExternalResourceAccessor] Constructing external resource: https://repo.maven.apache.org/maven2/org/jetbrains/kotlin/kotlin-util-io/1.4.32/kotlin-util-io-1.4.32.jar
2021-06-06T09:17:17.579-0500 [DEBUG] [org.gradle.internal.resource.transfer.DefaultCacheAwareExternalResourceAccessor] Constructing external resource: https://repo.maven.apache.org/maven2/org/jetbrains/kotlin/kotlin-reflect/1.4.32/kotlin-reflect-1.4.32.jar
2021-06-06T09:17:17.580-0500 [DEBUG] [org.gradle.internal.resource.transfer.DefaultCacheAwareExternalResourceAccessor] Constructing external resource: https://repo.maven.apache.org/maven2/org/jetbrains/kotlin/kotlin-stdlib-jdk7/1.4.31/kotlin-stdlib-jdk7-1.4.31.jar
2021-06-06T09:17:17.580-0500 [DEBUG] [org.gradle.api.internal.artifacts.repositories.resolver.DefaultExternalResourceArtifactResolver] Loading https://repo.maven.apache.org/maven2/org/jetbrains/kotlin/kotlin-scripting-common/1.4.32/kotlin-scripting-common-1.4.32.jar
2021-06-06T09:17:17.580-0500 [DEBUG] [org.gradle.internal.resource.transfer.DefaultCacheAwareExternalResourceAccessor] Constructing external resource: https://repo.maven.apache.org/maven2/org/jetbrains/kotlin/kotlin-scripting-common/1.4.32/kotlin-scripting-common-1.4.32.jar
2021-06-06T09:17:17.582-0500 [DEBUG] [org.gradle.internal.resource.transport.http.HttpResourceAccessor] Constructing external resource: https://repo.maven.apache.org/maven2/org/jetbrains/kotlin/kotlin-scripting-jvm/1.4.32/kotlin-scripting-jvm-1.4.32.jar
2021-06-06T09:17:17.582-0500 [DEBUG] [org.gradle.internal.resource.transport.http.HttpClientHelper] Performing HTTP GET: https://repo.maven.apache.org/maven2/org/jetbrains/kotlin/kotlin-scripting-jvm/1.4.32/kotlin-scripting-jvm-1.4.32.jar
2021-06-06T09:17:17.582-0500 [DEBUG] [org.gradle.internal.resource.transport.http.HttpResourceAccessor] Constructing external resource: https://repo.maven.apache.org/maven2/org/jetbrains/kotlin/kotlin-util-io/1.4.32/kotlin-util-io-1.4.32.jar
2021-06-06T09:17:17.582-0500 [DEBUG] [org.gradle.internal.resource.transport.http.HttpResourceAccessor] Constructing external resource: https://repo.maven.apache.org/maven2/org/jetbrains/kotlin/kotlin-reflect/1.4.32/kotlin-reflect-1.4.32.jar
2021-06-06T09:17:17.582-0500 [DEBUG] [org.apache.http.client.protocol.RequestAddCookies] CookieSpec selected: default
2021-06-06T09:17:17.582-0500 [DEBUG] [org.gradle.internal.resource.transport.http.HttpClientHelper] Performing HTTP GET: https://repo.maven.apache.org/maven2/org/jetbrains/kotlin/kotlin-util-io/1.4.32/kotlin-util-io-1.4.32.jar
2021-06-06T09:17:17.583-0500 [DEBUG] [org.apache.http.client.protocol.RequestAuthCache] Auth cache not set in the context
2021-06-06T09:17:17.583-0500 [DEBUG] [org.apache.http.client.protocol.RequestAddCookies] CookieSpec selected: default
2021-06-06T09:17:17.582-0500 [DEBUG] [org.gradle.internal.resource.transport.http.HttpClientHelper] Performing HTTP GET: https://repo.maven.apache.org/maven2/org/jetbrains/kotlin/kotlin-reflect/1.4.32/kotlin-reflect-1.4.32.jar
2021-06-06T09:17:17.583-0500 [DEBUG] [org.gradle.internal.resource.transport.http.HttpResourceAccessor] Constructing external resource: https://repo.maven.apache.org/maven2/org/jetbrains/kotlin/kotlin-stdlib-jdk7/1.4.31/kotlin-stdlib-jdk7-1.4.31.jar
2021-06-06T09:17:17.583-0500 [DEBUG] [org.gradle.internal.resource.transport.http.HttpResourceAccessor] Constructing external resource: https://repo.maven.apache.org/maven2/org/jetbrains/kotlin/kotlin-daemon-client/1.4.32/kotlin-daemon-client-1.4.32.jar
2021-06-06T09:17:17.583-0500 [DEBUG] [org.apache.http.client.protocol.RequestAddCookies] CookieSpec selected: default
2021-06-06T09:17:17.583-0500 [DEBUG] [org.apache.http.client.protocol.RequestAuthCache] Auth cache not set in the context
2021-06-06T09:17:17.584-0500 [DEBUG] [org.apache.http.client.protocol.RequestAuthCache] Auth cache not set in the context
2021-06-06T09:17:17.583-0500 [DEBUG] [org.apache.http.impl.conn.PoolingHttpClientConnectionManager] Connection request: [route: {s}->https://repo.maven.apache.org:443][total kept alive: 7; route allocated: 8 of 20; total allocated: 8 of 20]
2021-06-06T09:17:17.584-0500 [DEBUG] [org.apache.http.impl.conn.PoolingHttpClientConnectionManager] Connection request: [route: {s}->https://repo.maven.apache.org:443][total kept alive: 7; route allocated: 8 of 20; total allocated: 8 of 20]
2021-06-06T09:17:17.584-0500 [DEBUG] [org.apache.http.impl.conn.PoolingHttpClientConnectionManager] Connection request: [route: {s}->https://repo.maven.apache.org:443][total kept alive: 7; route allocated: 8 of 20; total allocated: 8 of 20]
2021-06-06T09:17:17.584-0500 [DEBUG] [org.gradle.internal.resource.transport.http.HttpClientHelper] Performing HTTP GET: https://repo.maven.apache.org/maven2/org/jetbrains/kotlin/kotlin-daemon-client/1.4.32/kotlin-daemon-client-1.4.32.jar
2021-06-06T09:17:17.583-0500 [DEBUG] [org.gradle.internal.resource.transport.http.HttpClientHelper] Performing HTTP GET: https://repo.maven.apache.org/maven2/org/jetbrains/kotlin/kotlin-stdlib-jdk7/1.4.31/kotlin-stdlib-jdk7-1.4.31.jar
2021-06-06T09:17:17.585-0500 [DEBUG] [org.gradle.internal.resource.transport.http.HttpResourceAccessor] Constructing external resource: https://repo.maven.apache.org/maven2/org/jetbrains/kotlin/kotlin-scripting-common/1.4.32/kotlin-scripting-common-1.4.32.jar
2021-06-06T09:17:17.584-0500 [DEBUG] [org.apache.http.client.protocol.RequestAddCookies] CookieSpec selected: default
2021-06-06T09:17:17.584-0500 [DEBUG] [org.apache.http.client.protocol.RequestAddCookies] CookieSpec selected: default
2021-06-06T09:17:17.584-0500 [DEBUG] [org.apache.http.impl.conn.PoolingHttpClientConnectionManager] Connection leased: [id: 13][route: {s}->https://repo.maven.apache.org:443][total kept alive: 4; route allocated: 8 of 20; total allocated: 8 of 20]
2021-06-06T09:17:17.584-0500 [DEBUG] [org.apache.http.impl.conn.PoolingHttpClientConnectionManager] Connection leased: [id: 15][route: {s}->https://repo.maven.apache.org:443][total kept alive: 5; route allocated: 8 of 20; total allocated: 8 of 20]
2021-06-06T09:17:17.584-0500 [DEBUG] [org.apache.http.impl.conn.PoolingHttpClientConnectionManager] Connection leased: [id: 14][route: {s}->https://repo.maven.apache.org:443][total kept alive: 6; route allocated: 8 of 20; total allocated: 8 of 20]
2021-06-06T09:17:17.585-0500 [DEBUG] [org.apache.http.impl.conn.DefaultManagedHttpClientConnection] http-outgoing-15: set socket timeout to 30000
2021-06-06T09:17:17.585-0500 [DEBUG] [org.apache.http.impl.conn.DefaultManagedHttpClientConnection] http-outgoing-13: set socket timeout to 30000
2021-06-06T09:17:17.585-0500 [DEBUG] [org.apache.http.client.protocol.RequestAuthCache] Auth cache not set in the context
2021-06-06T09:17:17.585-0500 [DEBUG] [org.apache.http.client.protocol.RequestAuthCache] Auth cache not set in the context
2021-06-06T09:17:17.585-0500 [DEBUG] [org.gradle.internal.resource.transport.http.HttpClientHelper] Performing HTTP GET: https://repo.maven.apache.org/maven2/org/jetbrains/kotlin/kotlin-scripting-common/1.4.32/kotlin-scripting-common-1.4.32.jar
2021-06-06T09:17:17.586-0500 [DEBUG] [org.apache.http.impl.conn.PoolingHttpClientConnectionManager] Connection request: [route: {s}->https://repo.maven.apache.org:443][total kept alive: 4; route allocated: 8 of 20; total allocated: 8 of 20]
2021-06-06T09:17:17.585-0500 [DEBUG] [org.apache.http.impl.conn.PoolingHttpClientConnectionManager] Connection request: [route: {s}->https://repo.maven.apache.org:443][total kept alive: 4; route allocated: 8 of 20; total allocated: 8 of 20]
2021-06-06T09:17:17.585-0500 [DEBUG] [org.apache.http.impl.conn.DefaultManagedHttpClientConnection] http-outgoing-13: set socket timeout to 30000
2021-06-06T09:17:17.585-0500 [DEBUG] [org.apache.http.impl.conn.DefaultManagedHttpClientConnection] http-outgoing-15: set socket timeout to 30000
2021-06-06T09:17:17.585-0500 [DEBUG] [org.apache.http.impl.conn.DefaultManagedHttpClientConnection] http-outgoing-14: set socket timeout to 30000
2021-06-06T09:17:17.586-0500 [DEBUG] [org.apache.http.impl.execchain.MainClientExec] Executing request GET /maven2/org/jetbrains/kotlin/kotlin-reflect/1.4.32/kotlin-reflect-1.4.32.jar HTTP/1.1
2021-06-06T09:17:17.586-0500 [DEBUG] [org.apache.http.impl.execchain.MainClientExec] Target auth state: UNCHALLENGED
2021-06-06T09:17:17.586-0500 [DEBUG] [org.apache.http.impl.execchain.MainClientExec] Executing request GET /maven2/org/jetbrains/kotlin/kotlin-util-io/1.4.32/kotlin-util-io-1.4.32.jar HTTP/1.1
2021-06-06T09:17:17.586-0500 [DEBUG] [org.apache.http.impl.conn.PoolingHttpClientConnectionManager] Connection leased: [id: 11][route: {s}->https://repo.maven.apache.org:443][total kept alive: 2; route allocated: 8 of 20; total allocated: 8 of 20]
2021-06-06T09:17:17.586-0500 [DEBUG] [org.apache.http.impl.conn.PoolingHttpClientConnectionManager] Connection leased: [id: 12][route: {s}->https://repo.maven.apache.org:443][total kept alive: 3; route allocated: 8 of 20; total allocated: 8 of 20]
2021-06-06T09:17:17.586-0500 [DEBUG] [org.apache.http.client.protocol.RequestAddCookies] CookieSpec selected: default
2021-06-06T09:17:17.587-0500 [DEBUG] [org.apache.http.impl.conn.DefaultManagedHttpClientConnection] http-outgoing-12: set socket timeout to 30000
2021-06-06T09:17:17.586-0500 [DEBUG] [org.apache.http.impl.conn.DefaultManagedHttpClientConnection] http-outgoing-11: set socket timeout to 30000
2021-06-06T09:17:17.586-0500 [DEBUG] [org.apache.http.impl.execchain.MainClientExec] Target auth state: UNCHALLENGED
2021-06-06T09:17:17.587-0500 [DEBUG] [org.apache.http.impl.execchain.MainClientExec] Proxy auth state: UNCHALLENGED
2021-06-06T09:17:17.586-0500 [DEBUG] [org.apache.http.impl.execchain.MainClientExec] Proxy auth state: UNCHALLENGED
2021-06-06T09:17:17.586-0500 [DEBUG] [org.apache.http.impl.conn.DefaultManagedHttpClientConnection] http-outgoing-14: set socket timeout to 30000
2021-06-06T09:17:17.587-0500 [DEBUG] [org.apache.http.impl.conn.DefaultManagedHttpClientConnection] http-outgoing-11: set socket timeout to 30000
2021-06-06T09:17:17.587-0500 [DEBUG] [org.apache.http.impl.conn.DefaultManagedHttpClientConnection] http-outgoing-12: set socket timeout to 30000
2021-06-06T09:17:17.587-0500 [DEBUG] [org.apache.http.client.protocol.RequestAuthCache] Auth cache not set in the context
2021-06-06T09:17:17.587-0500 [DEBUG] [org.apache.http.impl.execchain.MainClientExec] Executing request GET /maven2/org/jetbrains/kotlin/kotlin-stdlib-jdk7/1.4.31/kotlin-stdlib-jdk7-1.4.31.jar HTTP/1.1
2021-06-06T09:17:17.588-0500 [DEBUG] [org.apache.http.impl.execchain.MainClientExec] Target auth state: UNCHALLENGED
2021-06-06T09:17:17.588-0500 [DEBUG] [org.apache.http.impl.execchain.MainClientExec] Proxy auth state: UNCHALLENGED
2021-06-06T09:17:17.587-0500 [DEBUG] [org.apache.http.impl.execchain.MainClientExec] Executing request GET /maven2/org/jetbrains/kotlin/kotlin-daemon-client/1.4.32/kotlin-daemon-client-1.4.32.jar HTTP/1.1
2021-06-06T09:17:17.588-0500 [DEBUG] [org.apache.http.impl.execchain.MainClientExec] Target auth state: UNCHALLENGED
2021-06-06T09:17:17.588-0500 [DEBUG] [org.apache.http.impl.execchain.MainClientExec] Proxy auth state: UNCHALLENGED
2021-06-06T09:17:17.587-0500 [DEBUG] [org.apache.http.impl.execchain.MainClientExec] Executing request GET /maven2/org/jetbrains/kotlin/kotlin-scripting-jvm/1.4.32/kotlin-scripting-jvm-1.4.32.jar HTTP/1.1
2021-06-06T09:17:17.588-0500 [DEBUG] [org.apache.http.impl.conn.PoolingHttpClientConnectionManager] Connection request: [route: {s}->https://repo.maven.apache.org:443][total kept alive: 2; route allocated: 8 of 20; total allocated: 8 of 20]
2021-06-06T09:17:17.588-0500 [DEBUG] [org.apache.http.impl.execchain.MainClientExec] Target auth state: UNCHALLENGED
2021-06-06T09:17:17.588-0500 [DEBUG] [org.apache.http.impl.execchain.MainClientExec] Proxy auth state: UNCHALLENGED
2021-06-06T09:17:17.589-0500 [DEBUG] [org.apache.http.impl.conn.PoolingHttpClientConnectionManager] Connection leased: [id: 2][route: {s}->https://repo.maven.apache.org:443][total kept alive: 1; route allocated: 8 of 20; total allocated: 8 of 20]
2021-06-06T09:17:17.589-0500 [DEBUG] [org.apache.http.impl.conn.DefaultManagedHttpClientConnection] http-outgoing-2: set socket timeout to 30000
2021-06-06T09:17:17.590-0500 [DEBUG] [org.apache.http.impl.conn.DefaultManagedHttpClientConnection] http-outgoing-2: set socket timeout to 30000
2021-06-06T09:17:17.590-0500 [DEBUG] [org.apache.http.impl.execchain.MainClientExec] Executing request GET /maven2/org/jetbrains/kotlin/kotlin-scripting-common/1.4.32/kotlin-scripting-common-1.4.32.jar HTTP/1.1
2021-06-06T09:17:17.590-0500 [DEBUG] [org.apache.http.impl.execchain.MainClientExec] Target auth state: UNCHALLENGED
2021-06-06T09:17:17.590-0500 [DEBUG] [org.apache.http.impl.execchain.MainClientExec] Proxy auth state: UNCHALLENGED
2021-06-06T09:17:17.625-0500 [DEBUG] [org.apache.http.impl.execchain.MainClientExec] Connection can be kept alive indefinitely
2021-06-06T09:17:17.625-0500 [DEBUG] [org.apache.http.impl.execchain.MainClientExec] Connection can be kept alive indefinitely
2021-06-06T09:17:17.625-0500 [DEBUG] [org.apache.http.impl.execchain.MainClientExec] Connection can be kept alive indefinitely
2021-06-06T09:17:17.625-0500 [DEBUG] [org.gradle.internal.resource.transport.http.HttpResponseResource] Attempting to download resource https://repo.maven.apache.org/maven2/org/jetbrains/kotlin/kotlin-reflect/1.4.32/kotlin-reflect-1.4.32.jar.
2021-06-06T09:17:17.626-0500 [DEBUG] [org.gradle.internal.resource.transport.http.HttpResponseResource] Attempting to download resource https://repo.maven.apache.org/maven2/org/jetbrains/kotlin/kotlin-scripting-common/1.4.32/kotlin-scripting-common-1.4.32.jar.
2021-06-06T09:17:17.625-0500 [DEBUG] [org.apache.http.impl.execchain.MainClientExec] Connection can be kept alive indefinitely
2021-06-06T09:17:17.627-0500 [DEBUG] [org.apache.http.impl.execchain.MainClientExec] Connection can be kept alive indefinitely
2021-06-06T09:17:17.627-0500 [DEBUG] [org.gradle.internal.resource.transport.http.HttpResponseResource] Attempting to download resource https://repo.maven.apache.org/maven2/org/jetbrains/kotlin/kotlin-scripting-jvm/1.4.32/kotlin-scripting-jvm-1.4.32.jar.
2021-06-06T09:17:17.627-0500 [DEBUG] [org.gradle.internal.resource.transport.http.HttpResponseResource] Attempting to download resource https://repo.maven.apache.org/maven2/org/jetbrains/kotlin/kotlin-util-io/1.4.32/kotlin-util-io-1.4.32.jar.
2021-06-06T09:17:17.627-0500 [DEBUG] [org.gradle.internal.resource.transport.http.HttpResponseResource] Attempting to download resource https://repo.maven.apache.org/maven2/org/jetbrains/kotlin/kotlin-stdlib-jdk7/1.4.31/kotlin-stdlib-jdk7-1.4.31.jar.
2021-06-06T09:17:17.627-0500 [INFO] [org.gradle.internal.resource.transfer.DefaultCacheAwareExternalResourceAccessor] Downloading https://repo.maven.apache.org/maven2/org/jetbrains/kotlin/kotlin-reflect/1.4.32/kotlin-reflect-1.4.32.jar to C:\Users\gathi\AppData\Local\Temp\gradle_download10966884270083189269bin
2021-06-06T09:17:17.627-0500 [DEBUG] [org.apache.http.impl.execchain.MainClientExec] Connection can be kept alive indefinitely
2021-06-06T09:17:17.628-0500 [DEBUG] [org.gradle.internal.resource.transport.http.HttpResponseResource] Attempting to download resource https://repo.maven.apache.org/maven2/org/jetbrains/kotlin/kotlin-daemon-client/1.4.32/kotlin-daemon-client-1.4.32.jar.
2021-06-06T09:17:17.628-0500 [INFO] [org.gradle.internal.resource.transfer.DefaultCacheAwareExternalResourceAccessor] Downloading https://repo.maven.apache.org/maven2/org/jetbrains/kotlin/kotlin-scripting-common/1.4.32/kotlin-scripting-common-1.4.32.jar to C:\Users\gathi\AppData\Local\Temp\gradle_download15800496244538805455bin
2021-06-06T09:17:17.630-0500 [INFO] [org.gradle.internal.resource.transfer.DefaultCacheAwareExternalResourceAccessor] Downloading https://repo.maven.apache.org/maven2/org/jetbrains/kotlin/kotlin-stdlib-jdk7/1.4.31/kotlin-stdlib-jdk7-1.4.31.jar to C:\Users\gathi\AppData\Local\Temp\gradle_download5557185378548149242bin
2021-06-06T09:17:17.630-0500 [INFO] [org.gradle.internal.resource.transfer.DefaultCacheAwareExternalResourceAccessor] Downloading https://repo.maven.apache.org/maven2/org/jetbrains/kotlin/kotlin-util-io/1.4.32/kotlin-util-io-1.4.32.jar to C:\Users\gathi\AppData\Local\Temp\gradle_download14879517968072923132bin
2021-06-06T09:17:17.630-0500 [INFO] [org.gradle.internal.resource.transfer.DefaultCacheAwareExternalResourceAccessor] Downloading https://repo.maven.apache.org/maven2/org/jetbrains/kotlin/kotlin-scripting-jvm/1.4.32/kotlin-scripting-jvm-1.4.32.jar to C:\Users\gathi\AppData\Local\Temp\gradle_download9634099487612613039bin
2021-06-06T09:17:17.631-0500 [INFO] [org.gradle.internal.resource.transfer.DefaultCacheAwareExternalResourceAccessor] Downloading https://repo.maven.apache.org/maven2/org/jetbrains/kotlin/kotlin-daemon-client/1.4.32/kotlin-daemon-client-1.4.32.jar to C:\Users\gathi\AppData\Local\Temp\gradle_download15787746544046504924bin
2021-06-06T09:17:17.632-0500 [DEBUG] [org.apache.http.impl.conn.PoolingHttpClientConnectionManager] Connection [id: 12][route: {s}->https://repo.maven.apache.org:443] can be kept alive indefinitely
2021-06-06T09:17:17.632-0500 [DEBUG] [org.apache.http.impl.conn.DefaultManagedHttpClientConnection] http-outgoing-12: set socket timeout to 0
2021-06-06T09:17:17.632-0500 [DEBUG] [org.apache.http.impl.conn.PoolingHttpClientConnectionManager] Connection released: [id: 12][route: {s}->https://repo.maven.apache.org:443][total kept alive: 2; route allocated: 8 of 20; total allocated: 8 of 20]
2021-06-06T09:17:17.632-0500 [DEBUG] [org.apache.http.impl.conn.PoolingHttpClientConnectionManager] Connection [id: 13][route: {s}->https://repo.maven.apache.org:443] can be kept alive indefinitely
2021-06-06T09:17:17.633-0500 [DEBUG] [org.apache.http.impl.conn.DefaultManagedHttpClientConnection] http-outgoing-13: set socket timeout to 0
2021-06-06T09:17:17.633-0500 [DEBUG] [org.apache.http.impl.conn.PoolingHttpClientConnectionManager] Connection released: [id: 13][route: {s}->https://repo.maven.apache.org:443][total kept alive: 3; route allocated: 8 of 20; total allocated: 8 of 20]
2021-06-06T09:17:17.633-0500 [DEBUG] [org.gradle.internal.operations.DefaultBuildOperationRunner] Build operation 'Download https://repo.maven.apache.org/maven2/org/jetbrains/kotlin/kotlin-stdlib-jdk7/1.4.31/kotlin-stdlib-jdk7-1.4.31.jar' completed
2021-06-06T09:17:17.633-0500 [DEBUG] [org.gradle.internal.operations.DefaultBuildOperationRunner] Build operation 'Download https://repo.maven.apache.org/maven2/org/jetbrains/kotlin/kotlin-util-io/1.4.32/kotlin-util-io-1.4.32.jar' completed
2021-06-06T09:17:17.640-0500 [DEBUG] [org.gradle.api.internal.artifacts.ivyservice.ivyresolve.CachingModuleComponentRepository] Downloaded artifact 'kotlin-stdlib-jdk7-1.4.31.jar (org.jetbrains.kotlin:kotlin-stdlib-jdk7:1.4.31)' from resolver: MavenRepo
2021-06-06T09:17:17.647-0500 [DEBUG] [org.gradle.api.internal.artifacts.ivyservice.ivyresolve.CachingModuleComponentRepository] Downloaded artifact 'kotlin-util-io-1.4.32.jar (org.jetbrains.kotlin:kotlin-util-io:1.4.32)' from resolver: MavenRepo
2021-06-06T09:17:17.647-0500 [DEBUG] [org.gradle.internal.operations.DefaultBuildOperationRunner] Build operation 'Resolve kotlin-stdlib-jdk7-1.4.31.jar (org.jetbrains.kotlin:kotlin-stdlib-jdk7:1.4.31)' completed
2021-06-06T09:17:17.648-0500 [DEBUG] [org.gradle.api.internal.artifacts.repositories.resolver.DefaultExternalResourceArtifactResolver] Loading https://repo.maven.apache.org/maven2/org/jetbrains/kotlinx/kotlinx-coroutines-core/1.3.8/kotlinx-coroutines-core-1.3.8.jar
2021-06-06T09:17:17.648-0500 [DEBUG] [org.gradle.internal.resource.transfer.DefaultCacheAwareExternalResourceAccessor] Constructing external resource: https://repo.maven.apache.org/maven2/org/jetbrains/kotlinx/kotlinx-coroutines-core/1.3.8/kotlinx-coroutines-core-1.3.8.jar
2021-06-06T09:17:17.648-0500 [DEBUG] [org.gradle.api.internal.artifacts.repositories.resolver.DefaultExternalResourceArtifactResolver] Loading https://repo.maven.apache.org/maven2/org/jetbrains/kotlin/kotlin-stdlib/1.4.32/kotlin-stdlib-1.4.32.jar
2021-06-06T09:17:17.648-0500 [DEBUG] [org.gradle.internal.resource.transfer.DefaultCacheAwareExternalResourceAccessor] Constructing external resource: https://repo.maven.apache.org/maven2/org/jetbrains/kotlin/kotlin-stdlib/1.4.32/kotlin-stdlib-1.4.32.jar
2021-06-06T09:17:17.650-0500 [DEBUG] [org.gradle.internal.resource.transport.http.HttpResourceAccessor] Constructing external resource: https://repo.maven.apache.org/maven2/org/jetbrains/kotlinx/kotlinx-coroutines-core/1.3.8/kotlinx-coroutines-core-1.3.8.jar
2021-06-06T09:17:17.651-0500 [DEBUG] [org.gradle.internal.resource.transport.http.HttpClientHelper] Performing HTTP GET: https://repo.maven.apache.org/maven2/org/jetbrains/kotlinx/kotlinx-coroutines-core/1.3.8/kotlinx-coroutines-core-1.3.8.jar
2021-06-06T09:17:17.651-0500 [DEBUG] [org.gradle.internal.resource.transport.http.HttpResourceAccessor] Constructing external resource: https://repo.maven.apache.org/maven2/org/jetbrains/kotlin/kotlin-stdlib/1.4.32/kotlin-stdlib-1.4.32.jar
2021-06-06T09:17:17.651-0500 [DEBUG] [org.gradle.internal.resource.transport.http.HttpClientHelper] Performing HTTP GET: https://repo.maven.apache.org/maven2/org/jetbrains/kotlin/kotlin-stdlib/1.4.32/kotlin-stdlib-1.4.32.jar
2021-06-06T09:17:17.651-0500 [DEBUG] [org.apache.http.client.protocol.RequestAddCookies] CookieSpec selected: default
2021-06-06T09:17:17.651-0500 [DEBUG] [org.apache.http.client.protocol.RequestAddCookies] CookieSpec selected: default
2021-06-06T09:17:17.651-0500 [DEBUG] [org.apache.http.client.protocol.RequestAuthCache] Auth cache not set in the context
2021-06-06T09:17:17.651-0500 [DEBUG] [org.apache.http.client.protocol.RequestAuthCache] Auth cache not set in the context
2021-06-06T09:17:17.651-0500 [DEBUG] [org.apache.http.impl.conn.PoolingHttpClientConnectionManager] Connection request: [route: {s}->https://repo.maven.apache.org:443][total kept alive: 3; route allocated: 8 of 20; total allocated: 8 of 20]
2021-06-06T09:17:17.651-0500 [DEBUG] [org.apache.http.impl.conn.PoolingHttpClientConnectionManager] Connection request: [route: {s}->https://repo.maven.apache.org:443][total kept alive: 3; route allocated: 8 of 20; total allocated: 8 of 20]
2021-06-06T09:17:17.652-0500 [DEBUG] [org.apache.http.impl.conn.PoolingHttpClientConnectionManager] Connection leased: [id: 13][route: {s}->https://repo.maven.apache.org:443][total kept alive: 2; route allocated: 8 of 20; total allocated: 8 of 20]
2021-06-06T09:17:17.652-0500 [DEBUG] [org.apache.http.impl.conn.PoolingHttpClientConnectionManager] Connection leased: [id: 12][route: {s}->https://repo.maven.apache.org:443][total kept alive: 1; route allocated: 8 of 20; total allocated: 8 of 20]
2021-06-06T09:17:17.652-0500 [DEBUG] [org.apache.http.impl.conn.DefaultManagedHttpClientConnection] http-outgoing-13: set socket timeout to 30000
2021-06-06T09:17:17.652-0500 [DEBUG] [org.apache.http.impl.conn.DefaultManagedHttpClientConnection] http-outgoing-12: set socket timeout to 30000
2021-06-06T09:17:17.652-0500 [DEBUG] [org.apache.http.impl.conn.DefaultManagedHttpClientConnection] http-outgoing-13: set socket timeout to 30000
2021-06-06T09:17:17.652-0500 [DEBUG] [org.apache.http.impl.conn.DefaultManagedHttpClientConnection] http-outgoing-12: set socket timeout to 30000
2021-06-06T09:17:17.652-0500 [DEBUG] [org.apache.http.impl.execchain.MainClientExec] Executing request GET /maven2/org/jetbrains/kotlinx/kotlinx-coroutines-core/1.3.8/kotlinx-coroutines-core-1.3.8.jar HTTP/1.1
2021-06-06T09:17:17.652-0500 [DEBUG] [org.apache.http.impl.execchain.MainClientExec] Target auth state: UNCHALLENGED
2021-06-06T09:17:17.652-0500 [DEBUG] [org.apache.http.impl.execchain.MainClientExec] Proxy auth state: UNCHALLENGED
2021-06-06T09:17:17.652-0500 [DEBUG] [org.apache.http.impl.execchain.MainClientExec] Executing request GET /maven2/org/jetbrains/kotlin/kotlin-stdlib/1.4.32/kotlin-stdlib-1.4.32.jar HTTP/1.1
2021-06-06T09:17:17.653-0500 [DEBUG] [org.apache.http.impl.execchain.MainClientExec] Target auth state: UNCHALLENGED
2021-06-06T09:17:17.653-0500 [DEBUG] [org.apache.http.impl.execchain.MainClientExec] Proxy auth state: UNCHALLENGED
2021-06-06T09:17:17.666-0500 [DEBUG] [org.apache.http.impl.conn.PoolingHttpClientConnectionManager] Connection [id: 14][route: {s}->https://repo.maven.apache.org:443] can be kept alive indefinitely
2021-06-06T09:17:17.666-0500 [DEBUG] [org.apache.http.impl.conn.DefaultManagedHttpClientConnection] http-outgoing-14: set socket timeout to 0
2021-06-06T09:17:17.667-0500 [DEBUG] [org.apache.http.impl.conn.PoolingHttpClientConnectionManager] Connection released: [id: 14][route: {s}->https://repo.maven.apache.org:443][total kept alive: 2; route allocated: 8 of 20; total allocated: 8 of 20]
2021-06-06T09:17:17.667-0500 [DEBUG] [org.gradle.internal.operations.DefaultBuildOperationRunner] Build operation 'Download https://repo.maven.apache.org/maven2/org/jetbrains/kotlin/kotlin-scripting-jvm/1.4.32/kotlin-scripting-jvm-1.4.32.jar' completed
2021-06-06T09:17:17.675-0500 [DEBUG] [org.gradle.api.internal.artifacts.ivyservice.ivyresolve.CachingModuleComponentRepository] Downloaded artifact 'kotlin-scripting-jvm-1.4.32.jar (org.jetbrains.kotlin:kotlin-scripting-jvm:1.4.32)' from resolver: MavenRepo
2021-06-06T09:17:17.676-0500 [DEBUG] [org.gradle.api.internal.artifacts.repositories.resolver.DefaultExternalResourceArtifactResolver] Loading https://repo.maven.apache.org/maven2/com/google/code/gson/gson/2.8.6/gson-2.8.6.jar
2021-06-06T09:17:17.676-0500 [DEBUG] [org.gradle.internal.resource.transfer.DefaultCacheAwareExternalResourceAccessor] Constructing external resource: https://repo.maven.apache.org/maven2/com/google/code/gson/gson/2.8.6/gson-2.8.6.jar
2021-06-06T09:17:17.678-0500 [DEBUG] [org.gradle.internal.resource.transport.http.HttpResourceAccessor] Constructing external resource: https://repo.maven.apache.org/maven2/com/google/code/gson/gson/2.8.6/gson-2.8.6.jar
2021-06-06T09:17:17.679-0500 [DEBUG] [org.gradle.internal.resource.transport.http.HttpClientHelper] Performing HTTP GET: https://repo.maven.apache.org/maven2/com/google/code/gson/gson/2.8.6/gson-2.8.6.jar
2021-06-06T09:17:17.679-0500 [DEBUG] [org.apache.http.client.protocol.RequestAddCookies] CookieSpec selected: default
2021-06-06T09:17:17.679-0500 [DEBUG] [org.apache.http.client.protocol.RequestAuthCache] Auth cache not set in the context
2021-06-06T09:17:17.679-0500 [DEBUG] [org.apache.http.impl.conn.PoolingHttpClientConnectionManager] Connection request: [route: {s}->https://repo.maven.apache.org:443][total kept alive: 2; route allocated: 8 of 20; total allocated: 8 of 20]
2021-06-06T09:17:17.679-0500 [DEBUG] [org.apache.http.impl.conn.PoolingHttpClientConnectionManager] Connection leased: [id: 14][route: {s}->https://repo.maven.apache.org:443][total kept alive: 1; route allocated: 8 of 20; total allocated: 8 of 20]
2021-06-06T09:17:17.679-0500 [DEBUG] [org.apache.http.impl.conn.DefaultManagedHttpClientConnection] http-outgoing-14: set socket timeout to 30000
2021-06-06T09:17:17.680-0500 [DEBUG] [org.apache.http.impl.conn.DefaultManagedHttpClientConnection] http-outgoing-14: set socket timeout to 30000
2021-06-06T09:17:17.680-0500 [DEBUG] [org.apache.http.impl.execchain.MainClientExec] Executing request GET /maven2/com/google/code/gson/gson/2.8.6/gson-2.8.6.jar HTTP/1.1
2021-06-06T09:17:17.680-0500 [DEBUG] [org.apache.http.impl.execchain.MainClientExec] Target auth state: UNCHALLENGED
2021-06-06T09:17:17.680-0500 [DEBUG] [org.apache.http.impl.execchain.MainClientExec] Proxy auth state: UNCHALLENGED
2021-06-06T09:17:17.702-0500 [DEBUG] [org.apache.http.impl.execchain.MainClientExec] Connection can be kept alive indefinitely
2021-06-06T09:17:17.703-0500 [DEBUG] [org.gradle.internal.resource.transport.http.HttpResponseResource] Attempting to download resource https://repo.maven.apache.org/maven2/org/jetbrains/kotlin/kotlin-stdlib/1.4.32/kotlin-stdlib-1.4.32.jar.
2021-06-06T09:17:17.704-0500 [INFO] [org.gradle.internal.resource.transfer.DefaultCacheAwareExternalResourceAccessor] Downloading https://repo.maven.apache.org/maven2/org/jetbrains/kotlin/kotlin-stdlib/1.4.32/kotlin-stdlib-1.4.32.jar to C:\Users\gathi\AppData\Local\Temp\gradle_download7246377517839423598bin
2021-06-06T09:17:17.706-0500 [DEBUG] [org.apache.http.impl.conn.PoolingHttpClientConnectionManager] Connection [id: 2][route: {s}->https://repo.maven.apache.org:443] can be kept alive indefinitely
2021-06-06T09:17:17.706-0500 [DEBUG] [org.apache.http.impl.conn.DefaultManagedHttpClientConnection] http-outgoing-2: set socket timeout to 0
2021-06-06T09:17:17.706-0500 [DEBUG] [org.apache.http.impl.conn.PoolingHttpClientConnectionManager] Connection released: [id: 2][route: {s}->https://repo.maven.apache.org:443][total kept alive: 2; route allocated: 8 of 20; total allocated: 8 of 20]
2021-06-06T09:17:17.707-0500 [DEBUG] [org.gradle.internal.operations.DefaultBuildOperationRunner] Build operation 'Download https://repo.maven.apache.org/maven2/org/jetbrains/kotlin/kotlin-scripting-common/1.4.32/kotlin-scripting-common-1.4.32.jar' completed
2021-06-06T09:17:17.716-0500 [DEBUG] [org.gradle.api.internal.artifacts.ivyservice.ivyresolve.CachingModuleComponentRepository] Downloaded artifact 'kotlin-scripting-common-1.4.32.jar (org.jetbrains.kotlin:kotlin-scripting-common:1.4.32)' from resolver: MavenRepo
2021-06-06T09:17:17.717-0500 [DEBUG] [org.apache.http.impl.execchain.MainClientExec] Connection can be kept alive indefinitely
2021-06-06T09:17:17.717-0500 [DEBUG] [org.gradle.api.internal.artifacts.repositories.resolver.DefaultExternalResourceArtifactResolver] Loading https://repo.maven.apache.org/maven2/de/undercouch/gradle-download-task/4.0.2/gradle-download-task-4.0.2.jar
2021-06-06T09:17:17.718-0500 [DEBUG] [org.gradle.internal.resource.transfer.DefaultCacheAwareExternalResourceAccessor] Constructing external resource: https://repo.maven.apache.org/maven2/de/undercouch/gradle-download-task/4.0.2/gradle-download-task-4.0.2.jar
2021-06-06T09:17:17.718-0500 [DEBUG] [org.gradle.internal.resource.transport.http.HttpResponseResource] Attempting to download resource https://repo.maven.apache.org/maven2/org/jetbrains/kotlinx/kotlinx-coroutines-core/1.3.8/kotlinx-coroutines-core-1.3.8.jar.
2021-06-06T09:17:17.720-0500 [DEBUG] [org.gradle.internal.resource.transport.http.HttpResourceAccessor] Constructing external resource: https://repo.maven.apache.org/maven2/de/undercouch/gradle-download-task/4.0.2/gradle-download-task-4.0.2.jar
2021-06-06T09:17:17.720-0500 [DEBUG] [org.gradle.internal.resource.transport.http.HttpClientHelper] Performing HTTP GET: https://repo.maven.apache.org/maven2/de/undercouch/gradle-download-task/4.0.2/gradle-download-task-4.0.2.jar
2021-06-06T09:17:17.720-0500 [DEBUG] [org.apache.http.client.protocol.RequestAddCookies] CookieSpec selected: default
2021-06-06T09:17:17.720-0500 [DEBUG] [org.apache.http.client.protocol.RequestAuthCache] Auth cache not set in the context
2021-06-06T09:17:17.720-0500 [DEBUG] [org.apache.http.impl.conn.PoolingHttpClientConnectionManager] Connection request: [route: {s}->https://repo.maven.apache.org:443][total kept alive: 2; route allocated: 8 of 20; total allocated: 8 of 20]
2021-06-06T09:17:17.720-0500 [DEBUG] [org.apache.http.impl.conn.PoolingHttpClientConnectionManager] Connection leased: [id: 2][route: {s}->https://repo.maven.apache.org:443][total kept alive: 1; route allocated: 8 of 20; total allocated: 8 of 20]
2021-06-06T09:17:17.720-0500 [DEBUG] [org.apache.http.impl.conn.DefaultManagedHttpClientConnection] http-outgoing-2: set socket timeout to 30000
2021-06-06T09:17:17.720-0500 [DEBUG] [org.apache.http.impl.conn.DefaultManagedHttpClientConnection] http-outgoing-2: set socket timeout to 30000
2021-06-06T09:17:17.721-0500 [DEBUG] [org.apache.http.impl.execchain.MainClientExec] Executing request GET /maven2/de/undercouch/gradle-download-task/4.0.2/gradle-download-task-4.0.2.jar HTTP/1.1
2021-06-06T09:17:17.721-0500 [DEBUG] [org.apache.http.impl.execchain.MainClientExec] Target auth state: UNCHALLENGED
2021-06-06T09:17:17.721-0500 [DEBUG] [org.apache.http.impl.execchain.MainClientExec] Proxy auth state: UNCHALLENGED
2021-06-06T09:17:17.723-0500 [INFO] [org.gradle.internal.resource.transfer.DefaultCacheAwareExternalResourceAccessor] Downloading https://repo.maven.apache.org/maven2/org/jetbrains/kotlinx/kotlinx-coroutines-core/1.3.8/kotlinx-coroutines-core-1.3.8.jar to C:\Users\gathi\AppData\Local\Temp\gradle_download1868832820088857651bin
2021-06-06T09:17:17.736-0500 [DEBUG] [org.apache.http.impl.execchain.MainClientExec] Connection can be kept alive indefinitely
2021-06-06T09:17:17.737-0500 [DEBUG] [org.gradle.internal.resource.transport.http.HttpResponseResource] Attempting to download resource https://repo.maven.apache.org/maven2/com/google/code/gson/gson/2.8.6/gson-2.8.6.jar.
2021-06-06T09:17:17.739-0500 [INFO] [org.gradle.internal.resource.transfer.DefaultCacheAwareExternalResourceAccessor] Downloading https://repo.maven.apache.org/maven2/com/google/code/gson/gson/2.8.6/gson-2.8.6.jar to C:\Users\gathi\AppData\Local\Temp\gradle_download4082756761720879124bin
2021-06-06T09:17:17.786-0500 [DEBUG] [org.apache.http.impl.execchain.MainClientExec] Connection can be kept alive indefinitely
2021-06-06T09:17:17.786-0500 [DEBUG] [org.gradle.internal.resource.transport.http.HttpResponseResource] Attempting to download resource https://repo.maven.apache.org/maven2/de/undercouch/gradle-download-task/4.0.2/gradle-download-task-4.0.2.jar.
2021-06-06T09:17:17.788-0500 [INFO] [org.gradle.internal.resource.transfer.DefaultCacheAwareExternalResourceAccessor] Downloading https://repo.maven.apache.org/maven2/de/undercouch/gradle-download-task/4.0.2/gradle-download-task-4.0.2.jar to C:\Users\gathi\AppData\Local\Temp\gradle_download12235490175860632001bin
2021-06-06T09:17:17.836-0500 [DEBUG] [org.apache.http.impl.conn.PoolingHttpClientConnectionManager] Connection [id: 14][route: {s}->https://repo.maven.apache.org:443] can be kept alive indefinitely
2021-06-06T09:17:17.836-0500 [DEBUG] [org.apache.http.impl.conn.DefaultManagedHttpClientConnection] http-outgoing-14: set socket timeout to 0
2021-06-06T09:17:17.836-0500 [DEBUG] [org.apache.http.impl.conn.PoolingHttpClientConnectionManager] Connection released: [id: 14][route: {s}->https://repo.maven.apache.org:443][total kept alive: 2; route allocated: 8 of 20; total allocated: 8 of 20]
2021-06-06T09:17:17.837-0500 [DEBUG] [org.gradle.internal.operations.DefaultBuildOperationRunner] Build operation 'Download https://repo.maven.apache.org/maven2/com/google/code/gson/gson/2.8.6/gson-2.8.6.jar' completed
2021-06-06T09:17:17.849-0500 [DEBUG] [org.gradle.api.internal.artifacts.ivyservice.ivyresolve.CachingModuleComponentRepository] Downloaded artifact 'gson-2.8.6.jar (com.google.code.gson:gson:2.8.6)' from resolver: MavenRepo
2021-06-06T09:17:17.850-0500 [DEBUG] [org.gradle.api.internal.artifacts.repositories.resolver.DefaultExternalResourceArtifactResolver] Loading https://repo.maven.apache.org/maven2/com/github/gundy/semver4j/0.16.4/semver4j-0.16.4.jar
2021-06-06T09:17:17.850-0500 [DEBUG] [org.gradle.internal.resource.transfer.DefaultCacheAwareExternalResourceAccessor] Constructing external resource: https://repo.maven.apache.org/maven2/com/github/gundy/semver4j/0.16.4/semver4j-0.16.4.jar
2021-06-06T09:17:17.852-0500 [DEBUG] [org.gradle.internal.resource.transport.http.HttpResourceAccessor] Constructing external resource: https://repo.maven.apache.org/maven2/com/github/gundy/semver4j/0.16.4/semver4j-0.16.4.jar
2021-06-06T09:17:17.852-0500 [DEBUG] [org.gradle.internal.resource.transport.http.HttpClientHelper] Performing HTTP GET: https://repo.maven.apache.org/maven2/com/github/gundy/semver4j/0.16.4/semver4j-0.16.4.jar
2021-06-06T09:17:17.852-0500 [DEBUG] [org.apache.http.client.protocol.RequestAddCookies] CookieSpec selected: default
2021-06-06T09:17:17.852-0500 [DEBUG] [org.apache.http.client.protocol.RequestAuthCache] Auth cache not set in the context
2021-06-06T09:17:17.852-0500 [DEBUG] [org.apache.http.impl.conn.PoolingHttpClientConnectionManager] Connection request: [route: {s}->https://repo.maven.apache.org:443][total kept alive: 2; route allocated: 8 of 20; total allocated: 8 of 20]
2021-06-06T09:17:17.852-0500 [DEBUG] [org.apache.http.impl.conn.PoolingHttpClientConnectionManager] Connection leased: [id: 14][route: {s}->https://repo.maven.apache.org:443][total kept alive: 1; route allocated: 8 of 20; total allocated: 8 of 20]
2021-06-06T09:17:17.852-0500 [DEBUG] [org.apache.http.impl.conn.DefaultManagedHttpClientConnection] http-outgoing-14: set socket timeout to 30000
2021-06-06T09:17:17.853-0500 [DEBUG] [org.apache.http.impl.conn.DefaultManagedHttpClientConnection] http-outgoing-14: set socket timeout to 30000
2021-06-06T09:17:17.853-0500 [DEBUG] [org.apache.http.impl.execchain.MainClientExec] Executing request GET /maven2/com/github/gundy/semver4j/0.16.4/semver4j-0.16.4.jar HTTP/1.1
2021-06-06T09:17:17.853-0500 [DEBUG] [org.apache.http.impl.execchain.MainClientExec] Target auth state: UNCHALLENGED
2021-06-06T09:17:17.853-0500 [DEBUG] [org.apache.http.impl.execchain.MainClientExec] Proxy auth state: UNCHALLENGED
2021-06-06T09:17:17.857-0500 [DEBUG] [org.apache.http.impl.conn.PoolingHttpClientConnectionManager] Connection [id: 11][route: {s}->https://repo.maven.apache.org:443] can be kept alive indefinitely
2021-06-06T09:17:17.857-0500 [DEBUG] [org.apache.http.impl.conn.DefaultManagedHttpClientConnection] http-outgoing-11: set socket timeout to 0
2021-06-06T09:17:17.858-0500 [DEBUG] [org.apache.http.impl.conn.PoolingHttpClientConnectionManager] Connection released: [id: 11][route: {s}->https://repo.maven.apache.org:443][total kept alive: 2; route allocated: 8 of 20; total allocated: 8 of 20]
2021-06-06T09:17:17.859-0500 [DEBUG] [org.gradle.internal.operations.DefaultBuildOperationRunner] Build operation 'Download https://repo.maven.apache.org/maven2/org/jetbrains/kotlin/kotlin-daemon-client/1.4.32/kotlin-daemon-client-1.4.32.jar' completed
2021-06-06T09:17:17.862-0500 [DEBUG] [org.apache.http.impl.conn.PoolingHttpClientConnectionManager] Connection [id: 12][route: {s}->https://repo.maven.apache.org:443] can be kept alive indefinitely
2021-06-06T09:17:17.862-0500 [DEBUG] [org.apache.http.impl.conn.DefaultManagedHttpClientConnection] http-outgoing-12: set socket timeout to 0
2021-06-06T09:17:17.862-0500 [DEBUG] [org.apache.http.impl.conn.PoolingHttpClientConnectionManager] Connection released: [id: 12][route: {s}->https://repo.maven.apache.org:443][total kept alive: 3; route allocated: 8 of 20; total allocated: 8 of 20]
2021-06-06T09:17:17.863-0500 [DEBUG] [org.gradle.internal.operations.DefaultBuildOperationRunner] Build operation 'Download https://repo.maven.apache.org/maven2/org/jetbrains/kotlinx/kotlinx-coroutines-core/1.3.8/kotlinx-coroutines-core-1.3.8.jar' completed
2021-06-06T09:17:17.878-0500 [DEBUG] [org.gradle.api.internal.artifacts.ivyservice.ivyresolve.CachingModuleComponentRepository] Downloaded artifact 'kotlin-daemon-client-1.4.32.jar (org.jetbrains.kotlin:kotlin-daemon-client:1.4.32)' from resolver: MavenRepo
2021-06-06T09:17:17.888-0500 [DEBUG] [org.apache.http.impl.execchain.MainClientExec] Connection can be kept alive indefinitely
2021-06-06T09:17:17.889-0500 [DEBUG] [org.gradle.internal.resource.transport.http.HttpResponseResource] Attempting to download resource https://repo.maven.apache.org/maven2/com/github/gundy/semver4j/0.16.4/semver4j-0.16.4.jar.
2021-06-06T09:17:17.891-0500 [INFO] [org.gradle.internal.resource.transfer.DefaultCacheAwareExternalResourceAccessor] Downloading https://repo.maven.apache.org/maven2/com/github/gundy/semver4j/0.16.4/semver4j-0.16.4.jar to C:\Users\gathi\AppData\Local\Temp\gradle_download4323969500529579761bin
2021-06-06T09:17:17.906-0500 [DEBUG] [org.gradle.api.internal.artifacts.ivyservice.ivyresolve.CachingModuleComponentRepository] Downloaded artifact 'kotlinx-coroutines-core-1.3.8.jar (org.jetbrains.kotlinx:kotlinx-coroutines-core:1.3.8)' from resolver: MavenRepo
2021-06-06T09:17:17.907-0500 [DEBUG] [org.gradle.internal.operations.DefaultBuildOperationRunner] Build operation 'Resolve kotlinx-coroutines-core-1.3.8.jar (org.jetbrains.kotlinx:kotlinx-coroutines-core:1.3.8)' completed
2021-06-06T09:17:17.907-0500 [DEBUG] [org.gradle.api.internal.artifacts.repositories.resolver.DefaultExternalResourceArtifactResolver] Loading https://dl.google.com/dl/android/maven2/com/android/tools/build/apkzlib/4.2.1/apkzlib-4.2.1.jar
2021-06-06T09:17:17.907-0500 [DEBUG] [org.gradle.internal.resource.transfer.DefaultCacheAwareExternalResourceAccessor] Constructing external resource: https://dl.google.com/dl/android/maven2/com/android/tools/build/apkzlib/4.2.1/apkzlib-4.2.1.jar
2021-06-06T09:17:17.908-0500 [DEBUG] [org.gradle.api.internal.artifacts.repositories.resolver.DefaultExternalResourceArtifactResolver] Loading https://repo.maven.apache.org/maven2/com/google/jimfs/jimfs/1.1/jimfs-1.1.jar
2021-06-06T09:17:17.908-0500 [DEBUG] [org.gradle.internal.resource.transfer.DefaultCacheAwareExternalResourceAccessor] Constructing external resource: https://repo.maven.apache.org/maven2/com/google/jimfs/jimfs/1.1/jimfs-1.1.jar
2021-06-06T09:17:17.911-0500 [DEBUG] [org.gradle.internal.resource.transport.http.HttpResourceAccessor] Constructing external resource: https://dl.google.com/dl/android/maven2/com/android/tools/build/apkzlib/4.2.1/apkzlib-4.2.1.jar
2021-06-06T09:17:17.911-0500 [DEBUG] [org.gradle.internal.resource.transport.http.HttpResourceAccessor] Constructing external resource: https://repo.maven.apache.org/maven2/com/google/jimfs/jimfs/1.1/jimfs-1.1.jar
2021-06-06T09:17:17.911-0500 [DEBUG] [org.gradle.internal.resource.transport.http.HttpClientHelper] Performing HTTP GET: https://dl.google.com/dl/android/maven2/com/android/tools/build/apkzlib/4.2.1/apkzlib-4.2.1.jar
2021-06-06T09:17:17.911-0500 [DEBUG] [org.gradle.internal.resource.transport.http.HttpClientHelper] Performing HTTP GET: https://repo.maven.apache.org/maven2/com/google/jimfs/jimfs/1.1/jimfs-1.1.jar
2021-06-06T09:17:17.912-0500 [DEBUG] [org.apache.http.client.protocol.RequestAddCookies] CookieSpec selected: default
2021-06-06T09:17:17.912-0500 [DEBUG] [org.apache.http.client.protocol.RequestAddCookies] CookieSpec selected: default
2021-06-06T09:17:17.912-0500 [DEBUG] [org.apache.http.client.protocol.RequestAuthCache] Auth cache not set in the context
2021-06-06T09:17:17.912-0500 [DEBUG] [org.apache.http.impl.conn.PoolingHttpClientConnectionManager] Connection request: [route: {s}->https://repo.maven.apache.org:443][total kept alive: 3; route allocated: 8 of 20; total allocated: 8 of 20]
2021-06-06T09:17:17.912-0500 [DEBUG] [org.apache.http.client.protocol.RequestAuthCache] Auth cache not set in the context
2021-06-06T09:17:17.912-0500 [DEBUG] [org.apache.http.impl.conn.PoolingHttpClientConnectionManager] Connection leased: [id: 12][route: {s}->https://repo.maven.apache.org:443][total kept alive: 2; route allocated: 8 of 20; total allocated: 8 of 20]
2021-06-06T09:17:17.912-0500 [DEBUG] [org.apache.http.impl.conn.PoolingHttpClientConnectionManager] Connection request: [route: {s}->https://dl.google.com:443][total kept alive: 7; route allocated: 8 of 20; total allocated: 8 of 20]
2021-06-06T09:17:17.912-0500 [DEBUG] [org.apache.http.impl.conn.DefaultManagedHttpClientConnection] http-outgoing-12: set socket timeout to 30000
2021-06-06T09:17:17.913-0500 [DEBUG] [org.apache.http.impl.conn.DefaultManagedHttpClientConnection] http-outgoing-12: set socket timeout to 30000
2021-06-06T09:17:17.913-0500 [DEBUG] [org.apache.http.impl.conn.PoolingHttpClientConnectionManager] Connection leased: [id: 0][route: {s}->https://dl.google.com:443][total kept alive: 6; route allocated: 8 of 20; total allocated: 8 of 20]
2021-06-06T09:17:17.913-0500 [DEBUG] [org.apache.http.impl.conn.DefaultManagedHttpClientConnection] http-outgoing-0: set socket timeout to 30000
2021-06-06T09:17:17.913-0500 [DEBUG] [org.apache.http.impl.conn.DefaultManagedHttpClientConnection] http-outgoing-0: set socket timeout to 30000
2021-06-06T09:17:17.913-0500 [DEBUG] [org.apache.http.impl.execchain.MainClientExec] Executing request GET /maven2/com/google/jimfs/jimfs/1.1/jimfs-1.1.jar HTTP/1.1
2021-06-06T09:17:17.913-0500 [DEBUG] [org.apache.http.impl.execchain.MainClientExec] Target auth state: UNCHALLENGED
2021-06-06T09:17:17.913-0500 [DEBUG] [org.apache.http.impl.execchain.MainClientExec] Proxy auth state: UNCHALLENGED
2021-06-06T09:17:17.913-0500 [DEBUG] [org.apache.http.impl.execchain.MainClientExec] Executing request GET /dl/android/maven2/com/android/tools/build/apkzlib/4.2.1/apkzlib-4.2.1.jar HTTP/1.1
2021-06-06T09:17:17.914-0500 [DEBUG] [org.apache.http.impl.execchain.MainClientExec] Target auth state: UNCHALLENGED
2021-06-06T09:17:17.914-0500 [DEBUG] [org.apache.http.impl.execchain.MainClientExec] Proxy auth state: UNCHALLENGED
2021-06-06T09:17:17.915-0500 [DEBUG] [org.apache.http.impl.conn.PoolingHttpClientConnectionManager] Connection [id: 14][route: {s}->https://repo.maven.apache.org:443] can be kept alive indefinitely
2021-06-06T09:17:17.915-0500 [DEBUG] [org.apache.http.impl.conn.DefaultManagedHttpClientConnection] http-outgoing-14: set socket timeout to 0
2021-06-06T09:17:17.915-0500 [DEBUG] [org.apache.http.impl.conn.PoolingHttpClientConnectionManager] Connection released: [id: 14][route: {s}->https://repo.maven.apache.org:443][total kept alive: 3; route allocated: 8 of 20; total allocated: 8 of 20]
2021-06-06T09:17:17.916-0500 [DEBUG] [org.gradle.internal.operations.DefaultBuildOperationRunner] Build operation 'Download https://repo.maven.apache.org/maven2/com/github/gundy/semver4j/0.16.4/semver4j-0.16.4.jar' completed
2021-06-06T09:17:17.925-0500 [DEBUG] [org.gradle.api.internal.artifacts.ivyservice.ivyresolve.CachingModuleComponentRepository] Downloaded artifact 'semver4j-0.16.4.jar (com.github.gundy:semver4j:0.16.4)' from resolver: MavenRepo
2021-06-06T09:17:17.928-0500 [DEBUG] [org.gradle.api.internal.artifacts.repositories.resolver.DefaultExternalResourceArtifactResolver] Loading https://repo.maven.apache.org/maven2/com/google/guava/guava/28.1-jre/guava-28.1-jre.jar
2021-06-06T09:17:17.928-0500 [DEBUG] [org.gradle.internal.resource.transfer.DefaultCacheAwareExternalResourceAccessor] Constructing external resource: https://repo.maven.apache.org/maven2/com/google/guava/guava/28.1-jre/guava-28.1-jre.jar
2021-06-06T09:17:17.932-0500 [DEBUG] [org.gradle.internal.resource.transport.http.HttpResourceAccessor] Constructing external resource: https://repo.maven.apache.org/maven2/com/google/guava/guava/28.1-jre/guava-28.1-jre.jar
2021-06-06T09:17:17.932-0500 [DEBUG] [org.gradle.internal.resource.transport.http.HttpClientHelper] Performing HTTP GET: https://repo.maven.apache.org/maven2/com/google/guava/guava/28.1-jre/guava-28.1-jre.jar
2021-06-06T09:17:17.933-0500 [DEBUG] [org.apache.http.client.protocol.RequestAddCookies] CookieSpec selected: default
2021-06-06T09:17:17.933-0500 [DEBUG] [org.apache.http.client.protocol.RequestAuthCache] Auth cache not set in the context
2021-06-06T09:17:17.933-0500 [DEBUG] [org.apache.http.impl.conn.PoolingHttpClientConnectionManager] Connection request: [route: {s}->https://repo.maven.apache.org:443][total kept alive: 3; route allocated: 8 of 20; total allocated: 8 of 20]
2021-06-06T09:17:17.933-0500 [DEBUG] [org.apache.http.impl.conn.PoolingHttpClientConnectionManager] Connection leased: [id: 14][route: {s}->https://repo.maven.apache.org:443][total kept alive: 2; route allocated: 8 of 20; total allocated: 8 of 20]
2021-06-06T09:17:17.933-0500 [DEBUG] [org.apache.http.impl.conn.DefaultManagedHttpClientConnection] http-outgoing-14: set socket timeout to 30000
2021-06-06T09:17:17.933-0500 [DEBUG] [org.apache.http.impl.conn.DefaultManagedHttpClientConnection] http-outgoing-14: set socket timeout to 30000
2021-06-06T09:17:17.933-0500 [DEBUG] [org.apache.http.impl.execchain.MainClientExec] Executing request GET /maven2/com/google/guava/guava/28.1-jre/guava-28.1-jre.jar HTTP/1.1
2021-06-06T09:17:17.937-0500 [DEBUG] [org.apache.http.impl.execchain.MainClientExec] Target auth state: UNCHALLENGED
2021-06-06T09:17:17.937-0500 [DEBUG] [org.apache.http.impl.execchain.MainClientExec] Proxy auth state: UNCHALLENGED
2021-06-06T09:17:17.950-0500 [DEBUG] [org.apache.http.impl.execchain.MainClientExec] Connection can be kept alive indefinitely
2021-06-06T09:17:17.950-0500 [DEBUG] [org.gradle.internal.resource.transport.http.HttpResponseResource] Attempting to download resource https://repo.maven.apache.org/maven2/com/google/jimfs/jimfs/1.1/jimfs-1.1.jar.
2021-06-06T09:17:17.951-0500 [DEBUG] [org.apache.http.impl.conn.PoolingHttpClientConnectionManager] Connection [id: 13][route: {s}->https://repo.maven.apache.org:443] can be kept alive indefinitely
2021-06-06T09:17:17.951-0500 [DEBUG] [org.apache.http.impl.conn.DefaultManagedHttpClientConnection] http-outgoing-13: set socket timeout to 0
2021-06-06T09:17:17.951-0500 [DEBUG] [org.apache.http.impl.conn.PoolingHttpClientConnectionManager] Connection released: [id: 13][route: {s}->https://repo.maven.apache.org:443][total kept alive: 3; route allocated: 8 of 20; total allocated: 8 of 20]
2021-06-06T09:17:17.951-0500 [DEBUG] [org.gradle.internal.operations.DefaultBuildOperationRunner] Build operation 'Download https://repo.maven.apache.org/maven2/org/jetbrains/kotlin/kotlin-stdlib/1.4.32/kotlin-stdlib-1.4.32.jar' completed
2021-06-06T09:17:17.952-0500 [INFO] [org.gradle.internal.resource.transfer.DefaultCacheAwareExternalResourceAccessor] Downloading https://repo.maven.apache.org/maven2/com/google/jimfs/jimfs/1.1/jimfs-1.1.jar to C:\Users\gathi\AppData\Local\Temp\gradle_download2476670765738702058bin
2021-06-06T09:17:17.974-0500 [DEBUG] [org.gradle.api.internal.artifacts.ivyservice.ivyresolve.CachingModuleComponentRepository] Downloaded artifact 'kotlin-stdlib-1.4.32.jar (org.jetbrains.kotlin:kotlin-stdlib:1.4.32)' from resolver: MavenRepo
2021-06-06T09:17:17.975-0500 [DEBUG] [org.gradle.api.internal.artifacts.repositories.resolver.DefaultExternalResourceArtifactResolver] Loading https://repo.maven.apache.org/maven2/org/checkerframework/checker-qual/2.8.1/checker-qual-2.8.1.jar
2021-06-06T09:17:17.976-0500 [DEBUG] [org.gradle.internal.resource.transfer.DefaultCacheAwareExternalResourceAccessor] Constructing external resource: https://repo.maven.apache.org/maven2/org/checkerframework/checker-qual/2.8.1/checker-qual-2.8.1.jar
2021-06-06T09:17:17.978-0500 [DEBUG] [org.gradle.internal.resource.transport.http.HttpResourceAccessor] Constructing external resource: https://repo.maven.apache.org/maven2/org/checkerframework/checker-qual/2.8.1/checker-qual-2.8.1.jar
2021-06-06T09:17:17.978-0500 [DEBUG] [org.gradle.internal.resource.transport.http.HttpClientHelper] Performing HTTP GET: https://repo.maven.apache.org/maven2/org/checkerframework/checker-qual/2.8.1/checker-qual-2.8.1.jar
2021-06-06T09:17:17.978-0500 [DEBUG] [org.apache.http.client.protocol.RequestAddCookies] CookieSpec selected: default
2021-06-06T09:17:17.979-0500 [DEBUG] [org.apache.http.client.protocol.RequestAuthCache] Auth cache not set in the context
2021-06-06T09:17:17.979-0500 [DEBUG] [org.apache.http.impl.conn.PoolingHttpClientConnectionManager] Connection request: [route: {s}->https://repo.maven.apache.org:443][total kept alive: 3; route allocated: 8 of 20; total allocated: 8 of 20]
2021-06-06T09:17:17.979-0500 [DEBUG] [org.apache.http.impl.conn.PoolingHttpClientConnectionManager] Connection leased: [id: 13][route: {s}->https://repo.maven.apache.org:443][total kept alive: 2; route allocated: 8 of 20; total allocated: 8 of 20]
2021-06-06T09:17:17.979-0500 [DEBUG] [org.apache.http.impl.conn.DefaultManagedHttpClientConnection] http-outgoing-13: set socket timeout to 30000
2021-06-06T09:17:17.979-0500 [DEBUG] [org.apache.http.impl.conn.DefaultManagedHttpClientConnection] http-outgoing-13: set socket timeout to 30000
2021-06-06T09:17:17.979-0500 [DEBUG] [org.apache.http.impl.execchain.MainClientExec] Executing request GET /maven2/org/checkerframework/checker-qual/2.8.1/checker-qual-2.8.1.jar HTTP/1.1
2021-06-06T09:17:17.979-0500 [DEBUG] [org.apache.http.impl.execchain.MainClientExec] Target auth state: UNCHALLENGED
2021-06-06T09:17:17.979-0500 [DEBUG] [org.apache.http.impl.execchain.MainClientExec] Proxy auth state: UNCHALLENGED
2021-06-06T09:17:17.981-0500 [DEBUG] [org.apache.http.impl.conn.PoolingHttpClientConnectionManager] Connection [id: 12][route: {s}->https://repo.maven.apache.org:443] can be kept alive indefinitely
2021-06-06T09:17:17.981-0500 [DEBUG] [org.apache.http.impl.conn.DefaultManagedHttpClientConnection] http-outgoing-12: set socket timeout to 0
2021-06-06T09:17:17.981-0500 [DEBUG] [org.apache.http.impl.conn.PoolingHttpClientConnectionManager] Connection released: [id: 12][route: {s}->https://repo.maven.apache.org:443][total kept alive: 3; route allocated: 8 of 20; total allocated: 8 of 20]
2021-06-06T09:17:17.982-0500 [DEBUG] [org.gradle.internal.operations.DefaultBuildOperationRunner] Build operation 'Download https://repo.maven.apache.org/maven2/com/google/jimfs/jimfs/1.1/jimfs-1.1.jar' completed
2021-06-06T09:17:17.982-0500 [DEBUG] [org.apache.http.impl.execchain.MainClientExec] Connection can be kept alive indefinitely
2021-06-06T09:17:17.982-0500 [DEBUG] [org.gradle.internal.resource.transport.http.HttpResponseResource] Attempting to download resource https://dl.google.com/dl/android/maven2/com/android/tools/build/apkzlib/4.2.1/apkzlib-4.2.1.jar.
2021-06-06T09:17:17.988-0500 [INFO] [org.gradle.internal.resource.transfer.DefaultCacheAwareExternalResourceAccessor] Downloading https://dl.google.com/dl/android/maven2/com/android/tools/build/apkzlib/4.2.1/apkzlib-4.2.1.jar to C:\Users\gathi\AppData\Local\Temp\gradle_download18170744586565232271bin
2021-06-06T09:17:17.991-0500 [DEBUG] [org.gradle.api.internal.artifacts.ivyservice.ivyresolve.CachingModuleComponentRepository] Downloaded artifact 'jimfs-1.1.jar (com.google.jimfs:jimfs:1.1)' from resolver: MavenRepo
2021-06-06T09:17:17.991-0500 [DEBUG] [org.gradle.internal.operations.DefaultBuildOperationRunner] Build operation 'Resolve jimfs-1.1.jar (com.google.jimfs:jimfs:1.1)' completed
2021-06-06T09:17:17.992-0500 [DEBUG] [org.gradle.api.internal.artifacts.repositories.resolver.DefaultExternalResourceArtifactResolver] Loading https://dl.google.com/dl/android/maven2/com/android/signflinger/4.2.1/signflinger-4.2.1.jar
2021-06-06T09:17:17.992-0500 [DEBUG] [org.gradle.internal.resource.transfer.DefaultCacheAwareExternalResourceAccessor] Constructing external resource: https://dl.google.com/dl/android/maven2/com/android/signflinger/4.2.1/signflinger-4.2.1.jar
2021-06-06T09:17:17.995-0500 [DEBUG] [org.gradle.internal.resource.transport.http.HttpResourceAccessor] Constructing external resource: https://dl.google.com/dl/android/maven2/com/android/signflinger/4.2.1/signflinger-4.2.1.jar
2021-06-06T09:17:17.996-0500 [DEBUG] [org.gradle.internal.resource.transport.http.HttpClientHelper] Performing HTTP GET: https://dl.google.com/dl/android/maven2/com/android/signflinger/4.2.1/signflinger-4.2.1.jar
2021-06-06T09:17:17.997-0500 [DEBUG] [org.apache.http.client.protocol.RequestAddCookies] CookieSpec selected: default
2021-06-06T09:17:17.997-0500 [DEBUG] [org.apache.http.client.protocol.RequestAuthCache] Auth cache not set in the context
2021-06-06T09:17:17.997-0500 [DEBUG] [org.apache.http.impl.conn.PoolingHttpClientConnectionManager] Connection request: [route: {s}->https://dl.google.com:443][total kept alive: 6; route allocated: 8 of 20; total allocated: 8 of 20]
2021-06-06T09:17:17.998-0500 [DEBUG] [org.apache.http.impl.conn.PoolingHttpClientConnectionManager] Connection leased: [id: 3][route: {s}->https://dl.google.com:443][total kept alive: 5; route allocated: 8 of 20; total allocated: 8 of 20]
2021-06-06T09:17:17.998-0500 [DEBUG] [org.apache.http.impl.conn.DefaultManagedHttpClientConnection] http-outgoing-3: set socket timeout to 30000
2021-06-06T09:17:17.998-0500 [DEBUG] [org.apache.http.impl.conn.DefaultManagedHttpClientConnection] http-outgoing-3: set socket timeout to 30000
2021-06-06T09:17:17.998-0500 [DEBUG] [org.apache.http.impl.execchain.MainClientExec] Executing request GET /dl/android/maven2/com/android/signflinger/4.2.1/signflinger-4.2.1.jar HTTP/1.1
2021-06-06T09:17:17.998-0500 [DEBUG] [org.apache.http.impl.execchain.MainClientExec] Target auth state: UNCHALLENGED
2021-06-06T09:17:17.998-0500 [DEBUG] [org.apache.http.impl.execchain.MainClientExec] Proxy auth state: UNCHALLENGED
2021-06-06T09:17:17.999-0500 [DEBUG] [org.apache.http.impl.execchain.MainClientExec] Connection can be kept alive indefinitely
2021-06-06T09:17:18.000-0500 [DEBUG] [org.gradle.internal.resource.transport.http.HttpResponseResource] Attempting to download resource https://repo.maven.apache.org/maven2/com/google/guava/guava/28.1-jre/guava-28.1-jre.jar.
2021-06-06T09:17:18.005-0500 [DEBUG] [org.apache.http.impl.conn.PoolingHttpClientConnectionManager] Connection [id: 0][route: {s}->https://dl.google.com:443] can be kept alive indefinitely
2021-06-06T09:17:18.005-0500 [DEBUG] [org.apache.http.impl.conn.DefaultManagedHttpClientConnection] http-outgoing-0: set socket timeout to 0
2021-06-06T09:17:18.005-0500 [DEBUG] [org.apache.http.impl.conn.PoolingHttpClientConnectionManager] Connection released: [id: 0][route: {s}->https://dl.google.com:443][total kept alive: 6; route allocated: 8 of 20; total allocated: 8 of 20]
2021-06-06T09:17:18.005-0500 [INFO] [org.gradle.internal.resource.transfer.DefaultCacheAwareExternalResourceAccessor] Downloading https://repo.maven.apache.org/maven2/com/google/guava/guava/28.1-jre/guava-28.1-jre.jar to C:\Users\gathi\AppData\Local\Temp\gradle_download15950661459020759232bin
2021-06-06T09:17:18.006-0500 [DEBUG] [org.gradle.internal.operations.DefaultBuildOperationRunner] Build operation 'Download https://dl.google.com/dl/android/maven2/com/android/tools/build/apkzlib/4.2.1/apkzlib-4.2.1.jar' completed
2021-06-06T09:17:18.014-0500 [DEBUG] [org.apache.http.impl.execchain.MainClientExec] Connection can be kept alive indefinitely
2021-06-06T09:17:18.015-0500 [DEBUG] [org.gradle.internal.resource.transport.http.HttpResponseResource] Attempting to download resource https://repo.maven.apache.org/maven2/org/checkerframework/checker-qual/2.8.1/checker-qual-2.8.1.jar.
2021-06-06T09:17:18.017-0500 [INFO] [org.gradle.internal.resource.transfer.DefaultCacheAwareExternalResourceAccessor] Downloading https://repo.maven.apache.org/maven2/org/checkerframework/checker-qual/2.8.1/checker-qual-2.8.1.jar to C:\Users\gathi\AppData\Local\Temp\gradle_download6746614104633653221bin
2021-06-06T09:17:18.017-0500 [DEBUG] [org.gradle.api.internal.artifacts.ivyservice.ivyresolve.CachingModuleComponentRepository] Downloaded artifact 'org.gradle.internal.component.external.model.UrlBackedArtifactMetadata@338b07d7' from resolver: Google
2021-06-06T09:17:18.018-0500 [DEBUG] [org.gradle.api.internal.artifacts.repositories.resolver.DefaultExternalResourceArtifactResolver] Loading https://dl.google.com/dl/android/maven2/com/android/zipflinger/4.2.1/zipflinger-4.2.1.jar
2021-06-06T09:17:18.018-0500 [DEBUG] [org.gradle.internal.resource.transfer.DefaultCacheAwareExternalResourceAccessor] Constructing external resource: https://dl.google.com/dl/android/maven2/com/android/zipflinger/4.2.1/zipflinger-4.2.1.jar
2021-06-06T09:17:18.021-0500 [DEBUG] [org.gradle.internal.resource.transport.http.HttpResourceAccessor] Constructing external resource: https://dl.google.com/dl/android/maven2/com/android/zipflinger/4.2.1/zipflinger-4.2.1.jar
2021-06-06T09:17:18.021-0500 [DEBUG] [org.gradle.internal.resource.transport.http.HttpClientHelper] Performing HTTP GET: https://dl.google.com/dl/android/maven2/com/android/zipflinger/4.2.1/zipflinger-4.2.1.jar
2021-06-06T09:17:18.021-0500 [DEBUG] [org.apache.http.client.protocol.RequestAddCookies] CookieSpec selected: default
2021-06-06T09:17:18.021-0500 [DEBUG] [org.apache.http.client.protocol.RequestAuthCache] Auth cache not set in the context
2021-06-06T09:17:18.021-0500 [DEBUG] [org.apache.http.impl.conn.PoolingHttpClientConnectionManager] Connection request: [route: {s}->https://dl.google.com:443][total kept alive: 6; route allocated: 8 of 20; total allocated: 8 of 20]
2021-06-06T09:17:18.021-0500 [DEBUG] [org.apache.http.impl.conn.PoolingHttpClientConnectionManager] Connection leased: [id: 0][route: {s}->https://dl.google.com:443][total kept alive: 5; route allocated: 8 of 20; total allocated: 8 of 20]
2021-06-06T09:17:18.021-0500 [DEBUG] [org.apache.http.impl.conn.DefaultManagedHttpClientConnection] http-outgoing-0: set socket timeout to 30000
2021-06-06T09:17:18.022-0500 [DEBUG] [org.apache.http.impl.conn.DefaultManagedHttpClientConnection] http-outgoing-0: set socket timeout to 30000
2021-06-06T09:17:18.022-0500 [DEBUG] [org.apache.http.impl.execchain.MainClientExec] Executing request GET /dl/android/maven2/com/android/zipflinger/4.2.1/zipflinger-4.2.1.jar HTTP/1.1
2021-06-06T09:17:18.022-0500 [DEBUG] [org.apache.http.impl.execchain.MainClientExec] Target auth state: UNCHALLENGED
2021-06-06T09:17:18.022-0500 [DEBUG] [org.apache.http.impl.execchain.MainClientExec] Proxy auth state: UNCHALLENGED
2021-06-06T09:17:18.047-0500 [DEBUG] [org.apache.http.impl.conn.PoolingHttpClientConnectionManager] Connection [id: 13][route: {s}->https://repo.maven.apache.org:443] can be kept alive indefinitely
2021-06-06T09:17:18.047-0500 [DEBUG] [org.apache.http.impl.conn.DefaultManagedHttpClientConnection] http-outgoing-13: set socket timeout to 0
2021-06-06T09:17:18.047-0500 [DEBUG] [org.apache.http.impl.conn.PoolingHttpClientConnectionManager] Connection released: [id: 13][route: {s}->https://repo.maven.apache.org:443][total kept alive: 4; route allocated: 8 of 20; total allocated: 8 of 20]
2021-06-06T09:17:18.048-0500 [DEBUG] [org.gradle.internal.operations.DefaultBuildOperationRunner] Build operation 'Download https://repo.maven.apache.org/maven2/org/checkerframework/checker-qual/2.8.1/checker-qual-2.8.1.jar' completed
2021-06-06T09:17:18.057-0500 [DEBUG] [org.gradle.api.internal.artifacts.ivyservice.ivyresolve.CachingModuleComponentRepository] Downloaded artifact 'checker-qual-2.8.1.jar (org.checkerframework:checker-qual:2.8.1)' from resolver: MavenRepo
2021-06-06T09:17:18.058-0500 [DEBUG] [org.gradle.api.internal.artifacts.repositories.resolver.DefaultExternalResourceArtifactResolver] Loading https://dl.google.com/dl/android/maven2/com/android/tools/build/apksig/4.2.1/apksig-4.2.1.jar
2021-06-06T09:17:18.058-0500 [DEBUG] [org.gradle.internal.resource.transfer.DefaultCacheAwareExternalResourceAccessor] Constructing external resource: https://dl.google.com/dl/android/maven2/com/android/tools/build/apksig/4.2.1/apksig-4.2.1.jar
2021-06-06T09:17:18.062-0500 [DEBUG] [org.gradle.internal.resource.transport.http.HttpResourceAccessor] Constructing external resource: https://dl.google.com/dl/android/maven2/com/android/tools/build/apksig/4.2.1/apksig-4.2.1.jar
2021-06-06T09:17:18.063-0500 [DEBUG] [org.gradle.internal.resource.transport.http.HttpClientHelper] Performing HTTP GET: https://dl.google.com/dl/android/maven2/com/android/tools/build/apksig/4.2.1/apksig-4.2.1.jar
2021-06-06T09:17:18.063-0500 [DEBUG] [org.apache.http.client.protocol.RequestAddCookies] CookieSpec selected: default
2021-06-06T09:17:18.064-0500 [DEBUG] [org.apache.http.client.protocol.RequestAuthCache] Auth cache not set in the context
2021-06-06T09:17:18.064-0500 [DEBUG] [org.apache.http.impl.conn.PoolingHttpClientConnectionManager] Connection request: [route: {s}->https://dl.google.com:443][total kept alive: 5; route allocated: 8 of 20; total allocated: 8 of 20]
2021-06-06T09:17:18.064-0500 [DEBUG] [org.apache.http.impl.conn.PoolingHttpClientConnectionManager] Connection leased: [id: 6][route: {s}->https://dl.google.com:443][total kept alive: 4; route allocated: 8 of 20; total allocated: 8 of 20]
2021-06-06T09:17:18.064-0500 [DEBUG] [org.apache.http.impl.conn.DefaultManagedHttpClientConnection] http-outgoing-6: set socket timeout to 30000
2021-06-06T09:17:18.064-0500 [DEBUG] [org.apache.http.impl.execchain.MainClientExec] Connection can be kept alive indefinitely
2021-06-06T09:17:18.064-0500 [DEBUG] [org.apache.http.impl.conn.DefaultManagedHttpClientConnection] http-outgoing-6: set socket timeout to 30000
2021-06-06T09:17:18.065-0500 [DEBUG] [org.apache.http.impl.execchain.MainClientExec] Executing request GET /dl/android/maven2/com/android/tools/build/apksig/4.2.1/apksig-4.2.1.jar HTTP/1.1
2021-06-06T09:17:18.065-0500 [DEBUG] [org.apache.http.impl.execchain.MainClientExec] Target auth state: UNCHALLENGED
2021-06-06T09:17:18.065-0500 [DEBUG] [org.apache.http.impl.execchain.MainClientExec] Proxy auth state: UNCHALLENGED
2021-06-06T09:17:18.065-0500 [DEBUG] [org.gradle.internal.resource.transport.http.HttpResponseResource] Attempting to download resource https://dl.google.com/dl/android/maven2/com/android/signflinger/4.2.1/signflinger-4.2.1.jar.
2021-06-06T09:17:18.067-0500 [INFO] [org.gradle.internal.resource.transfer.DefaultCacheAwareExternalResourceAccessor] Downloading https://dl.google.com/dl/android/maven2/com/android/signflinger/4.2.1/signflinger-4.2.1.jar to C:\Users\gathi\AppData\Local\Temp\gradle_download2224351657767308568bin
2021-06-06T09:17:18.068-0500 [DEBUG] [org.apache.http.impl.conn.PoolingHttpClientConnectionManager] Connection [id: 3][route: {s}->https://dl.google.com:443] can be kept alive indefinitely
2021-06-06T09:17:18.068-0500 [DEBUG] [org.apache.http.impl.conn.DefaultManagedHttpClientConnection] http-outgoing-3: set socket timeout to 0
2021-06-06T09:17:18.068-0500 [DEBUG] [org.apache.http.impl.conn.PoolingHttpClientConnectionManager] Connection released: [id: 3][route: {s}->https://dl.google.com:443][total kept alive: 5; route allocated: 8 of 20; total allocated: 8 of 20]
2021-06-06T09:17:18.069-0500 [DEBUG] [org.gradle.internal.operations.DefaultBuildOperationRunner] Build operation 'Download https://dl.google.com/dl/android/maven2/com/android/signflinger/4.2.1/signflinger-4.2.1.jar' completed
2021-06-06T09:17:18.076-0500 [DEBUG] [org.gradle.api.internal.artifacts.ivyservice.ivyresolve.CachingModuleComponentRepository] Downloaded artifact 'org.gradle.internal.component.external.model.UrlBackedArtifactMetadata@5962a132' from resolver: Google
2021-06-06T09:17:18.076-0500 [DEBUG] [org.gradle.internal.operations.DefaultBuildOperationRunner] Build operation 'Resolve signflinger-4.2.1.jar (com.android:signflinger:4.2.1)' completed
2021-06-06T09:17:18.077-0500 [DEBUG] [org.gradle.api.internal.artifacts.repositories.resolver.DefaultExternalResourceArtifactResolver] Loading https://repo.maven.apache.org/maven2/com/squareup/javawriter/2.5.0/javawriter-2.5.0.jar
2021-06-06T09:17:18.077-0500 [DEBUG] [org.gradle.internal.resource.transfer.DefaultCacheAwareExternalResourceAccessor] Constructing external resource: https://repo.maven.apache.org/maven2/com/squareup/javawriter/2.5.0/javawriter-2.5.0.jar
2021-06-06T09:17:18.082-0500 [DEBUG] [org.gradle.internal.resource.transport.http.HttpResourceAccessor] Constructing external resource: https://repo.maven.apache.org/maven2/com/squareup/javawriter/2.5.0/javawriter-2.5.0.jar
2021-06-06T09:17:18.082-0500 [DEBUG] [org.gradle.internal.resource.transport.http.HttpClientHelper] Performing HTTP GET: https://repo.maven.apache.org/maven2/com/squareup/javawriter/2.5.0/javawriter-2.5.0.jar
2021-06-06T09:17:18.082-0500 [DEBUG] [org.apache.http.client.protocol.RequestAddCookies] CookieSpec selected: default
2021-06-06T09:17:18.082-0500 [DEBUG] [org.apache.http.client.protocol.RequestAuthCache] Auth cache not set in the context
2021-06-06T09:17:18.082-0500 [DEBUG] [org.apache.http.impl.conn.PoolingHttpClientConnectionManager] Connection request: [route: {s}->https://repo.maven.apache.org:443][total kept alive: 4; route allocated: 8 of 20; total allocated: 8 of 20]
2021-06-06T09:17:18.083-0500 [DEBUG] [org.apache.http.impl.conn.PoolingHttpClientConnectionManager] Connection leased: [id: 13][route: {s}->https://repo.maven.apache.org:443][total kept alive: 3; route allocated: 8 of 20; total allocated: 8 of 20]
2021-06-06T09:17:18.083-0500 [DEBUG] [org.apache.http.impl.conn.DefaultManagedHttpClientConnection] http-outgoing-13: set socket timeout to 30000
2021-06-06T09:17:18.083-0500 [DEBUG] [org.apache.http.impl.conn.DefaultManagedHttpClientConnection] http-outgoing-13: set socket timeout to 30000
2021-06-06T09:17:18.083-0500 [DEBUG] [org.apache.http.impl.execchain.MainClientExec] Executing request GET /maven2/com/squareup/javawriter/2.5.0/javawriter-2.5.0.jar HTTP/1.1
2021-06-06T09:17:18.083-0500 [DEBUG] [org.apache.http.impl.execchain.MainClientExec] Target auth state: UNCHALLENGED
2021-06-06T09:17:18.083-0500 [DEBUG] [org.apache.http.impl.execchain.MainClientExec] Proxy auth state: UNCHALLENGED
2021-06-06T09:17:18.085-0500 [DEBUG] [org.apache.http.impl.execchain.MainClientExec] Connection can be kept alive indefinitely
2021-06-06T09:17:18.086-0500 [DEBUG] [org.gradle.internal.resource.transport.http.HttpResponseResource] Attempting to download resource https://dl.google.com/dl/android/maven2/com/android/zipflinger/4.2.1/zipflinger-4.2.1.jar.
2021-06-06T09:17:18.088-0500 [INFO] [org.gradle.internal.resource.transfer.DefaultCacheAwareExternalResourceAccessor] Downloading https://dl.google.com/dl/android/maven2/com/android/zipflinger/4.2.1/zipflinger-4.2.1.jar to C:\Users\gathi\AppData\Local\Temp\gradle_download8125698634334199950bin
2021-06-06T09:17:18.089-0500 [DEBUG] [org.apache.http.impl.conn.PoolingHttpClientConnectionManager] Connection [id: 0][route: {s}->https://dl.google.com:443] can be kept alive indefinitely
2021-06-06T09:17:18.089-0500 [DEBUG] [org.apache.http.impl.conn.DefaultManagedHttpClientConnection] http-outgoing-0: set socket timeout to 0
2021-06-06T09:17:18.089-0500 [DEBUG] [org.apache.http.impl.conn.PoolingHttpClientConnectionManager] Connection released: [id: 0][route: {s}->https://dl.google.com:443][total kept alive: 6; route allocated: 8 of 20; total allocated: 8 of 20]
2021-06-06T09:17:18.090-0500 [DEBUG] [org.gradle.internal.operations.DefaultBuildOperationRunner] Build operation 'Download https://dl.google.com/dl/android/maven2/com/android/zipflinger/4.2.1/zipflinger-4.2.1.jar' completed
2021-06-06T09:17:18.099-0500 [DEBUG] [org.gradle.api.internal.artifacts.ivyservice.ivyresolve.CachingModuleComponentRepository] Downloaded artifact 'org.gradle.internal.component.external.model.UrlBackedArtifactMetadata@ff3df93' from resolver: Google
2021-06-06T09:17:18.100-0500 [DEBUG] [org.gradle.api.internal.artifacts.repositories.resolver.DefaultExternalResourceArtifactResolver] Loading https://repo.maven.apache.org/maven2/org/bouncycastle/bcpkix-jdk15on/1.56/bcpkix-jdk15on-1.56.jar
2021-06-06T09:17:18.101-0500 [DEBUG] [org.gradle.internal.resource.transfer.DefaultCacheAwareExternalResourceAccessor] Constructing external resource: https://repo.maven.apache.org/maven2/org/bouncycastle/bcpkix-jdk15on/1.56/bcpkix-jdk15on-1.56.jar
2021-06-06T09:17:18.103-0500 [DEBUG] [org.gradle.internal.resource.transport.http.HttpResourceAccessor] Constructing external resource: https://repo.maven.apache.org/maven2/org/bouncycastle/bcpkix-jdk15on/1.56/bcpkix-jdk15on-1.56.jar
2021-06-06T09:17:18.103-0500 [DEBUG] [org.gradle.internal.resource.transport.http.HttpClientHelper] Performing HTTP GET: https://repo.maven.apache.org/maven2/org/bouncycastle/bcpkix-jdk15on/1.56/bcpkix-jdk15on-1.56.jar
2021-06-06T09:17:18.103-0500 [DEBUG] [org.apache.http.client.protocol.RequestAddCookies] CookieSpec selected: default
2021-06-06T09:17:18.103-0500 [DEBUG] [org.apache.http.client.protocol.RequestAuthCache] Auth cache not set in the context
2021-06-06T09:17:18.103-0500 [DEBUG] [org.apache.http.impl.conn.PoolingHttpClientConnectionManager] Connection request: [route: {s}->https://repo.maven.apache.org:443][total kept alive: 3; route allocated: 8 of 20; total allocated: 8 of 20]
2021-06-06T09:17:18.104-0500 [DEBUG] [org.apache.http.impl.conn.PoolingHttpClientConnectionManager] Connection leased: [id: 12][route: {s}->https://repo.maven.apache.org:443][total kept alive: 2; route allocated: 8 of 20; total allocated: 8 of 20]
2021-06-06T09:17:18.104-0500 [DEBUG] [org.apache.http.impl.conn.DefaultManagedHttpClientConnection] http-outgoing-12: set socket timeout to 30000
2021-06-06T09:17:18.104-0500 [DEBUG] [org.apache.http.impl.conn.DefaultManagedHttpClientConnection] http-outgoing-12: set socket timeout to 30000
2021-06-06T09:17:18.104-0500 [DEBUG] [org.apache.http.impl.execchain.MainClientExec] Executing request GET /maven2/org/bouncycastle/bcpkix-jdk15on/1.56/bcpkix-jdk15on-1.56.jar HTTP/1.1
2021-06-06T09:17:18.104-0500 [DEBUG] [org.apache.http.impl.execchain.MainClientExec] Target auth state: UNCHALLENGED
2021-06-06T09:17:18.104-0500 [DEBUG] [org.apache.http.impl.execchain.MainClientExec] Proxy auth state: UNCHALLENGED
2021-06-06T09:17:18.107-0500 [DEBUG] [org.apache.http.impl.conn.PoolingHttpClientConnectionManager] Connection [id: 2][route: {s}->https://repo.maven.apache.org:443] can be kept alive indefinitely
2021-06-06T09:17:18.108-0500 [DEBUG] [org.apache.http.impl.conn.DefaultManagedHttpClientConnection] http-outgoing-2: set socket timeout to 0
2021-06-06T09:17:18.108-0500 [DEBUG] [org.apache.http.impl.conn.PoolingHttpClientConnectionManager] Connection released: [id: 2][route: {s}->https://repo.maven.apache.org:443][total kept alive: 3; route allocated: 8 of 20; total allocated: 8 of 20]
2021-06-06T09:17:18.109-0500 [DEBUG] [org.gradle.internal.operations.DefaultBuildOperationRunner] Build operation 'Download https://repo.maven.apache.org/maven2/de/undercouch/gradle-download-task/4.0.2/gradle-download-task-4.0.2.jar' completed
2021-06-06T09:17:18.123-0500 [DEBUG] [org.apache.http.impl.execchain.MainClientExec] Connection can be kept alive indefinitely
2021-06-06T09:17:18.123-0500 [DEBUG] [org.gradle.internal.resource.transport.http.HttpResponseResource] Attempting to download resource https://repo.maven.apache.org/maven2/com/squareup/javawriter/2.5.0/javawriter-2.5.0.jar.
2021-06-06T09:17:18.123-0500 [DEBUG] [org.apache.http.impl.execchain.MainClientExec] Connection can be kept alive indefinitely
2021-06-06T09:17:18.124-0500 [DEBUG] [org.gradle.internal.resource.transport.http.HttpResponseResource] Attempting to download resource https://dl.google.com/dl/android/maven2/com/android/tools/build/apksig/4.2.1/apksig-4.2.1.jar.
2021-06-06T09:17:18.125-0500 [INFO] [org.gradle.internal.resource.transfer.DefaultCacheAwareExternalResourceAccessor] Downloading https://repo.maven.apache.org/maven2/com/squareup/javawriter/2.5.0/javawriter-2.5.0.jar to C:\Users\gathi\AppData\Local\Temp\gradle_download4557553141933100238bin
2021-06-06T09:17:18.126-0500 [INFO] [org.gradle.internal.resource.transfer.DefaultCacheAwareExternalResourceAccessor] Downloading https://dl.google.com/dl/android/maven2/com/android/tools/build/apksig/4.2.1/apksig-4.2.1.jar to C:\Users\gathi\AppData\Local\Temp\gradle_download15054669296187749447bin
2021-06-06T09:17:18.127-0500 [DEBUG] [org.apache.http.impl.conn.PoolingHttpClientConnectionManager] Connection [id: 13][route: {s}->https://repo.maven.apache.org:443] can be kept alive indefinitely
2021-06-06T09:17:18.127-0500 [DEBUG] [org.apache.http.impl.conn.DefaultManagedHttpClientConnection] http-outgoing-13: set socket timeout to 0
2021-06-06T09:17:18.127-0500 [DEBUG] [org.apache.http.impl.conn.PoolingHttpClientConnectionManager] Connection released: [id: 13][route: {s}->https://repo.maven.apache.org:443][total kept alive: 4; route allocated: 8 of 20; total allocated: 8 of 20]
2021-06-06T09:17:18.128-0500 [DEBUG] [org.gradle.internal.operations.DefaultBuildOperationRunner] Build operation 'Download https://repo.maven.apache.org/maven2/com/squareup/javawriter/2.5.0/javawriter-2.5.0.jar' completed
2021-06-06T09:17:18.137-0500 [DEBUG] [org.gradle.api.internal.artifacts.ivyservice.ivyresolve.CachingModuleComponentRepository] Downloaded artifact 'gradle-download-task-4.0.2.jar (de.undercouch:gradle-download-task:4.0.2)' from resolver: MavenRepo
2021-06-06T09:17:18.147-0500 [DEBUG] [org.apache.http.impl.execchain.MainClientExec] Connection can be kept alive indefinitely
2021-06-06T09:17:18.148-0500 [DEBUG] [org.gradle.internal.resource.transport.http.HttpResponseResource] Attempting to download resource https://repo.maven.apache.org/maven2/org/bouncycastle/bcpkix-jdk15on/1.56/bcpkix-jdk15on-1.56.jar.
2021-06-06T09:17:18.149-0500 [DEBUG] [org.gradle.api.internal.artifacts.ivyservice.ivyresolve.CachingModuleComponentRepository] Downloaded artifact 'javawriter-2.5.0.jar (com.squareup:javawriter:2.5.0)' from resolver: MavenRepo
2021-06-06T09:17:18.150-0500 [INFO] [org.gradle.internal.resource.transfer.DefaultCacheAwareExternalResourceAccessor] Downloading https://repo.maven.apache.org/maven2/org/bouncycastle/bcpkix-jdk15on/1.56/bcpkix-jdk15on-1.56.jar to C:\Users\gathi\AppData\Local\Temp\gradle_download11933848647457847308bin
2021-06-06T09:17:18.152-0500 [DEBUG] [org.gradle.internal.operations.DefaultBuildOperationRunner] Build operation 'Resolve javawriter-2.5.0.jar (com.squareup:javawriter:2.5.0)' completed
2021-06-06T09:17:18.153-0500 [DEBUG] [org.gradle.api.internal.artifacts.repositories.resolver.DefaultExternalResourceArtifactResolver] Loading https://repo.maven.apache.org/maven2/com/google/dagger/dagger/2.28.3/dagger-2.28.3.jar
2021-06-06T09:17:18.153-0500 [DEBUG] [org.gradle.internal.resource.transfer.DefaultCacheAwareExternalResourceAccessor] Constructing external resource: https://repo.maven.apache.org/maven2/com/google/dagger/dagger/2.28.3/dagger-2.28.3.jar
2021-06-06T09:17:18.154-0500 [DEBUG] [org.gradle.api.internal.artifacts.repositories.resolver.DefaultExternalResourceArtifactResolver] Loading https://repo.maven.apache.org/maven2/org/bouncycastle/bcprov-jdk15on/1.56/bcprov-jdk15on-1.56.jar
2021-06-06T09:17:18.154-0500 [DEBUG] [org.gradle.internal.resource.transfer.DefaultCacheAwareExternalResourceAccessor] Constructing external resource: https://repo.maven.apache.org/maven2/org/bouncycastle/bcprov-jdk15on/1.56/bcprov-jdk15on-1.56.jar
2021-06-06T09:17:18.156-0500 [DEBUG] [org.gradle.internal.resource.transport.http.HttpResourceAccessor] Constructing external resource: https://repo.maven.apache.org/maven2/com/google/dagger/dagger/2.28.3/dagger-2.28.3.jar
2021-06-06T09:17:18.156-0500 [DEBUG] [org.gradle.internal.resource.transport.http.HttpClientHelper] Performing HTTP GET: https://repo.maven.apache.org/maven2/com/google/dagger/dagger/2.28.3/dagger-2.28.3.jar
2021-06-06T09:17:18.156-0500 [DEBUG] [org.apache.http.client.protocol.RequestAddCookies] CookieSpec selected: default
2021-06-06T09:17:18.156-0500 [DEBUG] [org.apache.http.client.protocol.RequestAuthCache] Auth cache not set in the context
2021-06-06T09:17:18.157-0500 [DEBUG] [org.apache.http.impl.conn.PoolingHttpClientConnectionManager] Connection request: [route: {s}->https://repo.maven.apache.org:443][total kept alive: 4; route allocated: 8 of 20; total allocated: 8 of 20]
2021-06-06T09:17:18.157-0500 [DEBUG] [org.apache.http.impl.conn.PoolingHttpClientConnectionManager] Connection leased: [id: 13][route: {s}->https://repo.maven.apache.org:443][total kept alive: 3; route allocated: 8 of 20; total allocated: 8 of 20]
2021-06-06T09:17:18.157-0500 [DEBUG] [org.apache.http.impl.conn.DefaultManagedHttpClientConnection] http-outgoing-13: set socket timeout to 30000
2021-06-06T09:17:18.157-0500 [DEBUG] [org.apache.http.impl.conn.DefaultManagedHttpClientConnection] http-outgoing-13: set socket timeout to 30000
2021-06-06T09:17:18.157-0500 [DEBUG] [org.apache.http.impl.execchain.MainClientExec] Executing request GET /maven2/com/google/dagger/dagger/2.28.3/dagger-2.28.3.jar HTTP/1.1
2021-06-06T09:17:18.157-0500 [DEBUG] [org.apache.http.impl.execchain.MainClientExec] Target auth state: UNCHALLENGED
2021-06-06T09:17:18.157-0500 [DEBUG] [org.apache.http.impl.execchain.MainClientExec] Proxy auth state: UNCHALLENGED
2021-06-06T09:17:18.162-0500 [DEBUG] [org.gradle.internal.resource.transport.http.HttpResourceAccessor] Constructing external resource: https://repo.maven.apache.org/maven2/org/bouncycastle/bcprov-jdk15on/1.56/bcprov-jdk15on-1.56.jar
2021-06-06T09:17:18.162-0500 [DEBUG] [org.gradle.internal.resource.transport.http.HttpClientHelper] Performing HTTP GET: https://repo.maven.apache.org/maven2/org/bouncycastle/bcprov-jdk15on/1.56/bcprov-jdk15on-1.56.jar
2021-06-06T09:17:18.163-0500 [DEBUG] [org.apache.http.client.protocol.RequestAddCookies] CookieSpec selected: default
2021-06-06T09:17:18.163-0500 [DEBUG] [org.apache.http.client.protocol.RequestAuthCache] Auth cache not set in the context
2021-06-06T09:17:18.164-0500 [DEBUG] [org.apache.http.impl.conn.PoolingHttpClientConnectionManager] Connection request: [route: {s}->https://repo.maven.apache.org:443][total kept alive: 3; route allocated: 8 of 20; total allocated: 8 of 20]
2021-06-06T09:17:18.165-0500 [DEBUG] [org.apache.http.impl.conn.PoolingHttpClientConnectionManager] Connection leased: [id: 2][route: {s}->https://repo.maven.apache.org:443][total kept alive: 2; route allocated: 8 of 20; total allocated: 8 of 20]
2021-06-06T09:17:18.165-0500 [DEBUG] [org.apache.http.impl.conn.DefaultManagedHttpClientConnection] http-outgoing-2: set socket timeout to 30000
2021-06-06T09:17:18.165-0500 [DEBUG] [org.apache.http.impl.conn.DefaultManagedHttpClientConnection] http-outgoing-2: set socket timeout to 30000
2021-06-06T09:17:18.165-0500 [DEBUG] [org.apache.http.impl.execchain.MainClientExec] Executing request GET /maven2/org/bouncycastle/bcprov-jdk15on/1.56/bcprov-jdk15on-1.56.jar HTTP/1.1
2021-06-06T09:17:18.165-0500 [DEBUG] [org.apache.http.impl.execchain.MainClientExec] Target auth state: UNCHALLENGED
2021-06-06T09:17:18.165-0500 [DEBUG] [org.apache.http.impl.execchain.MainClientExec] Proxy auth state: UNCHALLENGED
2021-06-06T09:17:18.203-0500 [DEBUG] [org.apache.http.impl.conn.PoolingHttpClientConnectionManager] Connection [id: 12][route: {s}->https://repo.maven.apache.org:443] can be kept alive indefinitely
2021-06-06T09:17:18.204-0500 [DEBUG] [org.apache.http.impl.conn.DefaultManagedHttpClientConnection] http-outgoing-12: set socket timeout to 0
2021-06-06T09:17:18.204-0500 [DEBUG] [org.apache.http.impl.conn.PoolingHttpClientConnectionManager] Connection released: [id: 12][route: {s}->https://repo.maven.apache.org:443][total kept alive: 3; route allocated: 8 of 20; total allocated: 8 of 20]
2021-06-06T09:17:18.204-0500 [DEBUG] [org.gradle.internal.operations.DefaultBuildOperationRunner] Build operation 'Download https://repo.maven.apache.org/maven2/org/bouncycastle/bcpkix-jdk15on/1.56/bcpkix-jdk15on-1.56.jar' completed
2021-06-06T09:17:18.215-0500 [DEBUG] [org.apache.http.impl.execchain.MainClientExec] Connection can be kept alive indefinitely
2021-06-06T09:17:18.216-0500 [DEBUG] [org.gradle.internal.resource.transport.http.HttpResponseResource] Attempting to download resource https://repo.maven.apache.org/maven2/com/google/dagger/dagger/2.28.3/dagger-2.28.3.jar.
2021-06-06T09:17:18.217-0500 [INFO] [org.gradle.internal.resource.transfer.DefaultCacheAwareExternalResourceAccessor] Downloading https://repo.maven.apache.org/maven2/com/google/dagger/dagger/2.28.3/dagger-2.28.3.jar to C:\Users\gathi\AppData\Local\Temp\gradle_download15200521685131458678bin
2021-06-06T09:17:18.218-0500 [DEBUG] [org.gradle.api.internal.artifacts.ivyservice.ivyresolve.CachingModuleComponentRepository] Downloaded artifact 'bcpkix-jdk15on-1.56.jar (org.bouncycastle:bcpkix-jdk15on:1.56)' from resolver: MavenRepo
2021-06-06T09:17:18.219-0500 [DEBUG] [org.gradle.api.internal.artifacts.repositories.resolver.DefaultExternalResourceArtifactResolver] Loading https://repo.maven.apache.org/maven2/javax/inject/javax.inject/1/javax.inject-1.jar
2021-06-06T09:17:18.220-0500 [DEBUG] [org.gradle.internal.resource.transfer.DefaultCacheAwareExternalResourceAccessor] Constructing external resource: https://repo.maven.apache.org/maven2/javax/inject/javax.inject/1/javax.inject-1.jar
2021-06-06T09:17:18.220-0500 [DEBUG] [org.apache.http.impl.conn.PoolingHttpClientConnectionManager] Connection [id: 13][route: {s}->https://repo.maven.apache.org:443] can be kept alive indefinitely
2021-06-06T09:17:18.220-0500 [DEBUG] [org.apache.http.impl.conn.DefaultManagedHttpClientConnection] http-outgoing-13: set socket timeout to 0
2021-06-06T09:17:18.220-0500 [DEBUG] [org.apache.http.impl.conn.PoolingHttpClientConnectionManager] Connection released: [id: 13][route: {s}->https://repo.maven.apache.org:443][total kept alive: 4; route allocated: 8 of 20; total allocated: 8 of 20]
2021-06-06T09:17:18.221-0500 [DEBUG] [org.gradle.internal.operations.DefaultBuildOperationRunner] Build operation 'Download https://repo.maven.apache.org/maven2/com/google/dagger/dagger/2.28.3/dagger-2.28.3.jar' completed
2021-06-06T09:17:18.222-0500 [DEBUG] [org.gradle.internal.resource.transport.http.HttpResourceAccessor] Constructing external resource metadata: https://repo.maven.apache.org/maven2/javax/inject/javax.inject/1/javax.inject-1.jar
2021-06-06T09:17:18.223-0500 [DEBUG] [org.gradle.internal.resource.transport.http.HttpClientHelper] Performing HTTP HEAD: https://repo.maven.apache.org/maven2/javax/inject/javax.inject/1/javax.inject-1.jar
2021-06-06T09:17:18.223-0500 [DEBUG] [org.apache.http.client.protocol.RequestAddCookies] CookieSpec selected: default
2021-06-06T09:17:18.223-0500 [DEBUG] [org.apache.http.client.protocol.RequestAuthCache] Auth cache not set in the context
2021-06-06T09:17:18.223-0500 [DEBUG] [org.apache.http.impl.conn.PoolingHttpClientConnectionManager] Connection request: [route: {s}->https://repo.maven.apache.org:443][total kept alive: 4; route allocated: 8 of 20; total allocated: 8 of 20]
2021-06-06T09:17:18.223-0500 [DEBUG] [org.apache.http.impl.conn.PoolingHttpClientConnectionManager] Connection leased: [id: 13][route: {s}->https://repo.maven.apache.org:443][total kept alive: 3; route allocated: 8 of 20; total allocated: 8 of 20]
2021-06-06T09:17:18.223-0500 [DEBUG] [org.apache.http.impl.conn.DefaultManagedHttpClientConnection] http-outgoing-13: set socket timeout to 30000
2021-06-06T09:17:18.223-0500 [DEBUG] [org.apache.http.impl.conn.DefaultManagedHttpClientConnection] http-outgoing-13: set socket timeout to 30000
2021-06-06T09:17:18.223-0500 [DEBUG] [org.apache.http.impl.execchain.MainClientExec] Executing request HEAD /maven2/javax/inject/javax.inject/1/javax.inject-1.jar HTTP/1.1
2021-06-06T09:17:18.224-0500 [DEBUG] [org.apache.http.impl.execchain.MainClientExec] Target auth state: UNCHALLENGED
2021-06-06T09:17:18.224-0500 [DEBUG] [org.apache.http.impl.execchain.MainClientExec] Proxy auth state: UNCHALLENGED
2021-06-06T09:17:18.230-0500 [DEBUG] [org.gradle.api.internal.artifacts.ivyservice.ivyresolve.CachingModuleComponentRepository] Downloaded artifact 'dagger-2.28.3.jar (com.google.dagger:dagger:2.28.3)' from resolver: MavenRepo
2021-06-06T09:17:18.231-0500 [DEBUG] [org.apache.http.impl.execchain.MainClientExec] Connection can be kept alive indefinitely
2021-06-06T09:17:18.231-0500 [DEBUG] [org.gradle.internal.operations.DefaultBuildOperationRunner] Build operation 'Resolve dagger-2.28.3.jar (com.google.dagger:dagger:2.28.3)' completed
2021-06-06T09:17:18.232-0500 [DEBUG] [org.gradle.internal.resource.transport.http.HttpResponseResource] Attempting to download resource https://repo.maven.apache.org/maven2/org/bouncycastle/bcprov-jdk15on/1.56/bcprov-jdk15on-1.56.jar.
2021-06-06T09:17:18.233-0500 [INFO] [org.gradle.internal.resource.transfer.DefaultCacheAwareExternalResourceAccessor] Downloading https://repo.maven.apache.org/maven2/org/bouncycastle/bcprov-jdk15on/1.56/bcprov-jdk15on-1.56.jar to C:\Users\gathi\AppData\Local\Temp\gradle_download14509408956014031771bin
2021-06-06T09:17:18.233-0500 [DEBUG] [org.gradle.api.internal.artifacts.repositories.resolver.DefaultExternalResourceArtifactResolver] Loading https://repo.maven.apache.org/maven2/it/unimi/dsi/fastutil/8.4.0/fastutil-8.4.0.jar
2021-06-06T09:17:18.234-0500 [DEBUG] [org.gradle.internal.resource.transfer.DefaultCacheAwareExternalResourceAccessor] Constructing external resource: https://repo.maven.apache.org/maven2/it/unimi/dsi/fastutil/8.4.0/fastutil-8.4.0.jar
2021-06-06T09:17:18.236-0500 [DEBUG] [org.gradle.internal.resource.transport.http.HttpResourceAccessor] Constructing external resource: https://repo.maven.apache.org/maven2/it/unimi/dsi/fastutil/8.4.0/fastutil-8.4.0.jar
2021-06-06T09:17:18.236-0500 [DEBUG] [org.gradle.internal.resource.transport.http.HttpClientHelper] Performing HTTP GET: https://repo.maven.apache.org/maven2/it/unimi/dsi/fastutil/8.4.0/fastutil-8.4.0.jar
2021-06-06T09:17:18.236-0500 [DEBUG] [org.apache.http.client.protocol.RequestAddCookies] CookieSpec selected: default
2021-06-06T09:17:18.236-0500 [DEBUG] [org.apache.http.client.protocol.RequestAuthCache] Auth cache not set in the context
2021-06-06T09:17:18.237-0500 [DEBUG] [org.apache.http.impl.conn.PoolingHttpClientConnectionManager] Connection request: [route: {s}->https://repo.maven.apache.org:443][total kept alive: 3; route allocated: 8 of 20; total allocated: 8 of 20]
2021-06-06T09:17:18.237-0500 [DEBUG] [org.apache.http.impl.conn.PoolingHttpClientConnectionManager] Connection leased: [id: 12][route: {s}->https://repo.maven.apache.org:443][total kept alive: 2; route allocated: 8 of 20; total allocated: 8 of 20]
2021-06-06T09:17:18.237-0500 [DEBUG] [org.apache.http.impl.conn.DefaultManagedHttpClientConnection] http-outgoing-12: set socket timeout to 30000
2021-06-06T09:17:18.237-0500 [DEBUG] [org.apache.http.impl.conn.DefaultManagedHttpClientConnection] http-outgoing-12: set socket timeout to 30000
2021-06-06T09:17:18.237-0500 [DEBUG] [org.apache.http.impl.execchain.MainClientExec] Executing request GET /maven2/it/unimi/dsi/fastutil/8.4.0/fastutil-8.4.0.jar HTTP/1.1
2021-06-06T09:17:18.237-0500 [DEBUG] [org.apache.http.impl.execchain.MainClientExec] Target auth state: UNCHALLENGED
2021-06-06T09:17:18.237-0500 [DEBUG] [org.apache.http.impl.execchain.MainClientExec] Proxy auth state: UNCHALLENGED
2021-06-06T09:17:18.259-0500 [DEBUG] [org.apache.http.impl.conn.PoolingHttpClientConnectionManager] Connection [id: 6][route: {s}->https://dl.google.com:443] can be kept alive indefinitely
2021-06-06T09:17:18.259-0500 [DEBUG] [org.apache.http.impl.conn.DefaultManagedHttpClientConnection] http-outgoing-6: set socket timeout to 0
2021-06-06T09:17:18.260-0500 [DEBUG] [org.apache.http.impl.conn.PoolingHttpClientConnectionManager] Connection released: [id: 6][route: {s}->https://dl.google.com:443][total kept alive: 7; route allocated: 8 of 20; total allocated: 8 of 20]
2021-06-06T09:17:18.260-0500 [DEBUG] [org.gradle.internal.operations.DefaultBuildOperationRunner] Build operation 'Download https://dl.google.com/dl/android/maven2/com/android/tools/build/apksig/4.2.1/apksig-4.2.1.jar' completed
2021-06-06T09:17:18.270-0500 [DEBUG] [org.gradle.api.internal.artifacts.ivyservice.ivyresolve.CachingModuleComponentRepository] Downloaded artifact 'org.gradle.internal.component.external.model.UrlBackedArtifactMetadata@17f8438a' from resolver: Google
2021-06-06T09:17:18.271-0500 [DEBUG] [org.gradle.api.internal.artifacts.repositories.resolver.DefaultExternalResourceArtifactResolver] Loading https://repo.maven.apache.org/maven2/com/googlecode/json-simple/json-simple/1.1/json-simple-1.1.jar
2021-06-06T09:17:18.272-0500 [DEBUG] [org.gradle.internal.resource.transfer.DefaultCacheAwareExternalResourceAccessor] Constructing external resource: https://repo.maven.apache.org/maven2/com/googlecode/json-simple/json-simple/1.1/json-simple-1.1.jar
2021-06-06T09:17:18.274-0500 [DEBUG] [org.gradle.internal.resource.transport.http.HttpResourceAccessor] Constructing external resource: https://repo.maven.apache.org/maven2/com/googlecode/json-simple/json-simple/1.1/json-simple-1.1.jar
2021-06-06T09:17:18.274-0500 [DEBUG] [org.apache.http.impl.execchain.MainClientExec] Connection can be kept alive indefinitely
2021-06-06T09:17:18.274-0500 [DEBUG] [org.apache.http.impl.conn.PoolingHttpClientConnectionManager] Connection [id: 13][route: {s}->https://repo.maven.apache.org:443] can be kept alive indefinitely
2021-06-06T09:17:18.274-0500 [DEBUG] [org.apache.http.impl.conn.DefaultManagedHttpClientConnection] http-outgoing-13: set socket timeout to 0
2021-06-06T09:17:18.275-0500 [DEBUG] [org.apache.http.impl.conn.PoolingHttpClientConnectionManager] Connection released: [id: 13][route: {s}->https://repo.maven.apache.org:443][total kept alive: 3; route allocated: 8 of 20; total allocated: 8 of 20]
2021-06-06T09:17:18.274-0500 [DEBUG] [org.gradle.internal.resource.transport.http.HttpClientHelper] Performing HTTP GET: https://repo.maven.apache.org/maven2/com/googlecode/json-simple/json-simple/1.1/json-simple-1.1.jar
2021-06-06T09:17:18.275-0500 [DEBUG] [org.gradle.internal.operations.DefaultBuildOperationRunner] Build operation 'Metadata of https://repo.maven.apache.org/maven2/javax/inject/javax.inject/1/javax.inject-1.jar' completed
2021-06-06T09:17:18.275-0500 [DEBUG] [org.apache.http.client.protocol.RequestAddCookies] CookieSpec selected: default
2021-06-06T09:17:18.275-0500 [DEBUG] [org.apache.http.client.protocol.RequestAuthCache] Auth cache not set in the context
2021-06-06T09:17:18.275-0500 [DEBUG] [org.apache.http.impl.conn.PoolingHttpClientConnectionManager] Connection request: [route: {s}->https://repo.maven.apache.org:443][total kept alive: 3; route allocated: 8 of 20; total allocated: 8 of 20]
2021-06-06T09:17:18.276-0500 [DEBUG] [org.apache.http.impl.conn.PoolingHttpClientConnectionManager] Connection leased: [id: 13][route: {s}->https://repo.maven.apache.org:443][total kept alive: 2; route allocated: 8 of 20; total allocated: 8 of 20]
2021-06-06T09:17:18.276-0500 [DEBUG] [org.apache.http.impl.conn.DefaultManagedHttpClientConnection] http-outgoing-13: set socket timeout to 30000
2021-06-06T09:17:18.276-0500 [DEBUG] [org.apache.http.impl.conn.DefaultManagedHttpClientConnection] http-outgoing-13: set socket timeout to 30000
2021-06-06T09:17:18.276-0500 [DEBUG] [org.apache.http.impl.execchain.MainClientExec] Executing request GET /maven2/com/googlecode/json-simple/json-simple/1.1/json-simple-1.1.jar HTTP/1.1
2021-06-06T09:17:18.276-0500 [DEBUG] [org.apache.http.impl.execchain.MainClientExec] Target auth state: UNCHALLENGED
2021-06-06T09:17:18.276-0500 [DEBUG] [org.apache.http.impl.execchain.MainClientExec] Proxy auth state: UNCHALLENGED
2021-06-06T09:17:18.277-0500 [INFO] [org.gradle.internal.resource.transfer.DefaultCacheAwareExternalResourceAccessor] Found locally available resource with matching checksum: [https://repo.maven.apache.org/maven2/javax/inject/javax.inject/1/javax.inject-1.jar, C:\Users\gathi\.m2\repository\javax\inject\javax.inject\1\javax.inject-1.jar]
2021-06-06T09:17:18.286-0500 [DEBUG] [org.gradle.api.internal.artifacts.ivyservice.ivyresolve.CachingModuleComponentRepository] Downloaded artifact 'javax.inject-1.jar (javax.inject:javax.inject:1)' from resolver: MavenRepo
2021-06-06T09:17:18.287-0500 [DEBUG] [org.gradle.api.internal.artifacts.repositories.resolver.DefaultExternalResourceArtifactResolver] Loading https://dl.google.com/dl/android/maven2/com/android/tools/annotations/27.2.1/annotations-27.2.1.jar
2021-06-06T09:17:18.287-0500 [DEBUG] [org.gradle.internal.resource.transfer.DefaultCacheAwareExternalResourceAccessor] Constructing external resource: https://dl.google.com/dl/android/maven2/com/android/tools/annotations/27.2.1/annotations-27.2.1.jar
2021-06-06T09:17:18.290-0500 [DEBUG] [org.gradle.internal.resource.transport.http.HttpResourceAccessor] Constructing external resource: https://dl.google.com/dl/android/maven2/com/android/tools/annotations/27.2.1/annotations-27.2.1.jar
2021-06-06T09:17:18.290-0500 [DEBUG] [org.gradle.internal.resource.transport.http.HttpClientHelper] Performing HTTP GET: https://dl.google.com/dl/android/maven2/com/android/tools/annotations/27.2.1/annotations-27.2.1.jar
2021-06-06T09:17:18.290-0500 [DEBUG] [org.apache.http.client.protocol.RequestAddCookies] CookieSpec selected: default
2021-06-06T09:17:18.290-0500 [DEBUG] [org.apache.http.client.protocol.RequestAuthCache] Auth cache not set in the context
2021-06-06T09:17:18.291-0500 [DEBUG] [org.apache.http.impl.conn.PoolingHttpClientConnectionManager] Connection request: [route: {s}->https://dl.google.com:443][total kept alive: 7; route allocated: 8 of 20; total allocated: 8 of 20]
2021-06-06T09:17:18.291-0500 [DEBUG] [org.apache.http.impl.conn.PoolingHttpClientConnectionManager] Connection leased: [id: 6][route: {s}->https://dl.google.com:443][total kept alive: 6; route allocated: 8 of 20; total allocated: 8 of 20]
2021-06-06T09:17:18.291-0500 [DEBUG] [org.apache.http.impl.conn.DefaultManagedHttpClientConnection] http-outgoing-6: set socket timeout to 30000
2021-06-06T09:17:18.291-0500 [DEBUG] [org.apache.http.impl.conn.DefaultManagedHttpClientConnection] http-outgoing-6: set socket timeout to 30000
2021-06-06T09:17:18.291-0500 [DEBUG] [org.apache.http.impl.execchain.MainClientExec] Executing request GET /dl/android/maven2/com/android/tools/annotations/27.2.1/annotations-27.2.1.jar HTTP/1.1
2021-06-06T09:17:18.291-0500 [DEBUG] [org.apache.http.impl.execchain.MainClientExec] Target auth state: UNCHALLENGED
2021-06-06T09:17:18.291-0500 [DEBUG] [org.apache.http.impl.execchain.MainClientExec] Proxy auth state: UNCHALLENGED
2021-06-06T09:17:18.306-0500 [DEBUG] [org.apache.http.impl.execchain.MainClientExec] Connection can be kept alive indefinitely
2021-06-06T09:17:18.307-0500 [DEBUG] [org.gradle.internal.resource.transport.http.HttpResponseResource] Attempting to download resource https://repo.maven.apache.org/maven2/it/unimi/dsi/fastutil/8.4.0/fastutil-8.4.0.jar.
2021-06-06T09:17:18.308-0500 [INFO] [org.gradle.internal.resource.transfer.DefaultCacheAwareExternalResourceAccessor] Downloading https://repo.maven.apache.org/maven2/it/unimi/dsi/fastutil/8.4.0/fastutil-8.4.0.jar to C:\Users\gathi\AppData\Local\Temp\gradle_download225816646631990539bin
2021-06-06T09:17:18.336-0500 [DEBUG] [org.apache.http.impl.execchain.MainClientExec] Connection can be kept alive indefinitely
2021-06-06T09:17:18.337-0500 [DEBUG] [org.gradle.internal.resource.transport.http.HttpResponseResource] Attempting to download resource https://repo.maven.apache.org/maven2/com/googlecode/json-simple/json-simple/1.1/json-simple-1.1.jar.
2021-06-06T09:17:18.339-0500 [DEBUG] [org.apache.http.impl.conn.PoolingHttpClientConnectionManager] Connection [id: 15][route: {s}->https://repo.maven.apache.org:443] can be kept alive indefinitely
2021-06-06T09:17:18.339-0500 [DEBUG] [org.apache.http.impl.conn.DefaultManagedHttpClientConnection] http-outgoing-15: set socket timeout to 0
2021-06-06T09:17:18.339-0500 [DEBUG] [org.apache.http.impl.conn.PoolingHttpClientConnectionManager] Connection released: [id: 15][route: {s}->https://repo.maven.apache.org:443][total kept alive: 3; route allocated: 8 of 20; total allocated: 8 of 20]
2021-06-06T09:17:18.339-0500 [INFO] [org.gradle.internal.resource.transfer.DefaultCacheAwareExternalResourceAccessor] Downloading https://repo.maven.apache.org/maven2/com/googlecode/json-simple/json-simple/1.1/json-simple-1.1.jar to C:\Users\gathi\AppData\Local\Temp\gradle_download9468035151017459653bin
2021-06-06T09:17:18.339-0500 [DEBUG] [org.gradle.internal.operations.DefaultBuildOperationRunner] Build operation 'Download https://repo.maven.apache.org/maven2/org/jetbrains/kotlin/kotlin-reflect/1.4.32/kotlin-reflect-1.4.32.jar' completed
2021-06-06T09:17:18.340-0500 [DEBUG] [org.apache.http.impl.conn.PoolingHttpClientConnectionManager] Connection [id: 13][route: {s}->https://repo.maven.apache.org:443] can be kept alive indefinitely
2021-06-06T09:17:18.340-0500 [DEBUG] [org.apache.http.impl.conn.DefaultManagedHttpClientConnection] http-outgoing-13: set socket timeout to 0
2021-06-06T09:17:18.341-0500 [DEBUG] [org.apache.http.impl.conn.PoolingHttpClientConnectionManager] Connection released: [id: 13][route: {s}->https://repo.maven.apache.org:443][total kept alive: 4; route allocated: 8 of 20; total allocated: 8 of 20]
2021-06-06T09:17:18.341-0500 [DEBUG] [org.gradle.internal.operations.DefaultBuildOperationRunner] Build operation 'Download https://repo.maven.apache.org/maven2/com/googlecode/json-simple/json-simple/1.1/json-simple-1.1.jar' completed
2021-06-06T09:17:18.376-0500 [DEBUG] [org.gradle.api.internal.artifacts.ivyservice.ivyresolve.CachingModuleComponentRepository] Downloaded artifact 'kotlin-reflect-1.4.32.jar (org.jetbrains.kotlin:kotlin-reflect:1.4.32)' from resolver: MavenRepo
2021-06-06T09:17:18.382-0500 [DEBUG] [org.gradle.api.internal.artifacts.ivyservice.ivyresolve.CachingModuleComponentRepository] Downloaded artifact 'json-simple-1.1.jar (com.googlecode.json-simple:json-simple:1.1)' from resolver: MavenRepo
2021-06-06T09:17:18.383-0500 [DEBUG] [org.gradle.api.internal.artifacts.repositories.resolver.DefaultExternalResourceArtifactResolver] Loading https://repo.maven.apache.org/maven2/org/apache/httpcomponents/httpmime/4.5.6/httpmime-4.5.6.jar
2021-06-06T09:17:18.383-0500 [DEBUG] [org.gradle.internal.resource.transfer.DefaultCacheAwareExternalResourceAccessor] Constructing external resource: https://repo.maven.apache.org/maven2/org/apache/httpcomponents/httpmime/4.5.6/httpmime-4.5.6.jar
2021-06-06T09:17:18.383-0500 [DEBUG] [org.gradle.api.internal.artifacts.repositories.resolver.DefaultExternalResourceArtifactResolver] Loading https://repo.maven.apache.org/maven2/org/apache/httpcomponents/httpclient/4.5.6/httpclient-4.5.6.jar
2021-06-06T09:17:18.383-0500 [DEBUG] [org.gradle.internal.resource.transfer.DefaultCacheAwareExternalResourceAccessor] Constructing external resource: https://repo.maven.apache.org/maven2/org/apache/httpcomponents/httpclient/4.5.6/httpclient-4.5.6.jar
2021-06-06T09:17:18.385-0500 [DEBUG] [org.gradle.internal.resource.transport.http.HttpResourceAccessor] Constructing external resource: https://repo.maven.apache.org/maven2/org/apache/httpcomponents/httpmime/4.5.6/httpmime-4.5.6.jar
2021-06-06T09:17:18.386-0500 [DEBUG] [org.gradle.internal.resource.transport.http.HttpClientHelper] Performing HTTP GET: https://repo.maven.apache.org/maven2/org/apache/httpcomponents/httpmime/4.5.6/httpmime-4.5.6.jar
2021-06-06T09:17:18.386-0500 [DEBUG] [org.apache.http.client.protocol.RequestAddCookies] CookieSpec selected: default
2021-06-06T09:17:18.386-0500 [DEBUG] [org.gradle.internal.resource.transport.http.HttpResourceAccessor] Constructing external resource: https://repo.maven.apache.org/maven2/org/apache/httpcomponents/httpclient/4.5.6/httpclient-4.5.6.jar
2021-06-06T09:17:18.386-0500 [DEBUG] [org.apache.http.client.protocol.RequestAuthCache] Auth cache not set in the context
2021-06-06T09:17:18.386-0500 [DEBUG] [org.gradle.internal.resource.transport.http.HttpClientHelper] Performing HTTP GET: https://repo.maven.apache.org/maven2/org/apache/httpcomponents/httpclient/4.5.6/httpclient-4.5.6.jar
2021-06-06T09:17:18.386-0500 [DEBUG] [org.apache.http.impl.conn.PoolingHttpClientConnectionManager] Connection request: [route: {s}->https://repo.maven.apache.org:443][total kept alive: 4; route allocated: 8 of 20; total allocated: 8 of 20]
2021-06-06T09:17:18.386-0500 [DEBUG] [org.apache.http.impl.conn.PoolingHttpClientConnectionManager] Connection leased: [id: 13][route: {s}->https://repo.maven.apache.org:443][total kept alive: 3; route allocated: 8 of 20; total allocated: 8 of 20]
2021-06-06T09:17:18.386-0500 [DEBUG] [org.apache.http.client.protocol.RequestAddCookies] CookieSpec selected: default
2021-06-06T09:17:18.386-0500 [DEBUG] [org.apache.http.impl.execchain.MainClientExec] Connection can be kept alive indefinitely
2021-06-06T09:17:18.387-0500 [DEBUG] [org.apache.http.client.protocol.RequestAuthCache] Auth cache not set in the context
2021-06-06T09:17:18.387-0500 [DEBUG] [org.apache.http.impl.conn.DefaultManagedHttpClientConnection] http-outgoing-13: set socket timeout to 30000
2021-06-06T09:17:18.387-0500 [DEBUG] [org.apache.http.impl.conn.PoolingHttpClientConnectionManager] Connection request: [route: {s}->https://repo.maven.apache.org:443][total kept alive: 3; route allocated: 8 of 20; total allocated: 8 of 20]
2021-06-06T09:17:18.387-0500 [DEBUG] [org.apache.http.impl.conn.PoolingHttpClientConnectionManager] Connection leased: [id: 15][route: {s}->https://repo.maven.apache.org:443][total kept alive: 2; route allocated: 8 of 20; total allocated: 8 of 20]
2021-06-06T09:17:18.387-0500 [DEBUG] [org.apache.http.impl.conn.DefaultManagedHttpClientConnection] http-outgoing-15: set socket timeout to 30000
2021-06-06T09:17:18.388-0500 [DEBUG] [org.apache.http.impl.conn.DefaultManagedHttpClientConnection] http-outgoing-15: set socket timeout to 30000
2021-06-06T09:17:18.388-0500 [DEBUG] [org.apache.http.impl.execchain.MainClientExec] Executing request GET /maven2/org/apache/httpcomponents/httpclient/4.5.6/httpclient-4.5.6.jar HTTP/1.1
2021-06-06T09:17:18.388-0500 [DEBUG] [org.apache.http.impl.execchain.MainClientExec] Target auth state: UNCHALLENGED
2021-06-06T09:17:18.387-0500 [DEBUG] [org.gradle.internal.resource.transport.http.HttpResponseResource] Attempting to download resource https://dl.google.com/dl/android/maven2/com/android/tools/annotations/27.2.1/annotations-27.2.1.jar.
2021-06-06T09:17:18.387-0500 [DEBUG] [org.apache.http.impl.conn.DefaultManagedHttpClientConnection] http-outgoing-13: set socket timeout to 30000
2021-06-06T09:17:18.388-0500 [DEBUG] [org.apache.http.impl.execchain.MainClientExec] Executing request GET /maven2/org/apache/httpcomponents/httpmime/4.5.6/httpmime-4.5.6.jar HTTP/1.1
2021-06-06T09:17:18.388-0500 [DEBUG] [org.apache.http.impl.execchain.MainClientExec] Target auth state: UNCHALLENGED
2021-06-06T09:17:18.388-0500 [DEBUG] [org.apache.http.impl.execchain.MainClientExec] Proxy auth state: UNCHALLENGED
2021-06-06T09:17:18.388-0500 [DEBUG] [org.apache.http.impl.execchain.MainClientExec] Proxy auth state: UNCHALLENGED
2021-06-06T09:17:18.390-0500 [INFO] [org.gradle.internal.resource.transfer.DefaultCacheAwareExternalResourceAccessor] Downloading https://dl.google.com/dl/android/maven2/com/android/tools/annotations/27.2.1/annotations-27.2.1.jar to C:\Users\gathi\AppData\Local\Temp\gradle_download13221011409772772315bin
2021-06-06T09:17:18.391-0500 [DEBUG] [org.apache.http.impl.conn.PoolingHttpClientConnectionManager] Connection [id: 6][route: {s}->https://dl.google.com:443] can be kept alive indefinitely
2021-06-06T09:17:18.391-0500 [DEBUG] [org.apache.http.impl.conn.DefaultManagedHttpClientConnection] http-outgoing-6: set socket timeout to 0
2021-06-06T09:17:18.391-0500 [DEBUG] [org.apache.http.impl.conn.PoolingHttpClientConnectionManager] Connection released: [id: 6][route: {s}->https://dl.google.com:443][total kept alive: 7; route allocated: 8 of 20; total allocated: 8 of 20]
2021-06-06T09:17:18.391-0500 [DEBUG] [org.gradle.internal.operations.DefaultBuildOperationRunner] Build operation 'Download https://dl.google.com/dl/android/maven2/com/android/tools/annotations/27.2.1/annotations-27.2.1.jar' completed
2021-06-06T09:17:18.397-0500 [DEBUG] [org.gradle.api.internal.artifacts.ivyservice.ivyresolve.CachingModuleComponentRepository] Downloaded artifact 'org.gradle.internal.component.external.model.UrlBackedArtifactMetadata@213462b4' from resolver: Google
2021-06-06T09:17:18.398-0500 [DEBUG] [org.gradle.api.internal.artifacts.repositories.resolver.DefaultExternalResourceArtifactResolver] Loading https://repo.maven.apache.org/maven2/org/apache/httpcomponents/httpcore/4.4.10/httpcore-4.4.10.jar
2021-06-06T09:17:18.398-0500 [DEBUG] [org.gradle.internal.resource.transfer.DefaultCacheAwareExternalResourceAccessor] Constructing external resource: https://repo.maven.apache.org/maven2/org/apache/httpcomponents/httpcore/4.4.10/httpcore-4.4.10.jar
2021-06-06T09:17:18.400-0500 [DEBUG] [org.gradle.internal.resource.transport.http.HttpResourceAccessor] Constructing external resource: https://repo.maven.apache.org/maven2/org/apache/httpcomponents/httpcore/4.4.10/httpcore-4.4.10.jar
2021-06-06T09:17:18.401-0500 [DEBUG] [org.gradle.internal.resource.transport.http.HttpClientHelper] Performing HTTP GET: https://repo.maven.apache.org/maven2/org/apache/httpcomponents/httpcore/4.4.10/httpcore-4.4.10.jar
2021-06-06T09:17:18.401-0500 [DEBUG] [org.apache.http.client.protocol.RequestAddCookies] CookieSpec selected: default
2021-06-06T09:17:18.401-0500 [DEBUG] [org.apache.http.client.protocol.RequestAuthCache] Auth cache not set in the context
2021-06-06T09:17:18.401-0500 [DEBUG] [org.apache.http.impl.conn.PoolingHttpClientConnectionManager] Connection request: [route: {s}->https://repo.maven.apache.org:443][total kept alive: 2; route allocated: 8 of 20; total allocated: 8 of 20]
2021-06-06T09:17:18.401-0500 [DEBUG] [org.apache.http.impl.conn.PoolingHttpClientConnectionManager] Connection leased: [id: 11][route: {s}->https://repo.maven.apache.org:443][total kept alive: 1; route allocated: 8 of 20; total allocated: 8 of 20]
2021-06-06T09:17:18.402-0500 [DEBUG] [org.apache.http.impl.conn.DefaultManagedHttpClientConnection] http-outgoing-11: set socket timeout to 30000
2021-06-06T09:17:18.402-0500 [DEBUG] [org.apache.http.impl.conn.DefaultManagedHttpClientConnection] http-outgoing-11: set socket timeout to 30000
2021-06-06T09:17:18.402-0500 [DEBUG] [org.apache.http.impl.execchain.MainClientExec] Executing request GET /maven2/org/apache/httpcomponents/httpcore/4.4.10/httpcore-4.4.10.jar HTTP/1.1
2021-06-06T09:17:18.402-0500 [DEBUG] [org.apache.http.impl.execchain.MainClientExec] Target auth state: UNCHALLENGED
2021-06-06T09:17:18.402-0500 [DEBUG] [org.apache.http.impl.execchain.MainClientExec] Proxy auth state: UNCHALLENGED
2021-06-06T09:17:18.461-0500 [DEBUG] [org.apache.http.impl.execchain.MainClientExec] Connection can be kept alive indefinitely
2021-06-06T09:17:18.461-0500 [DEBUG] [org.gradle.internal.resource.transport.http.HttpResponseResource] Attempting to download resource https://repo.maven.apache.org/maven2/org/apache/httpcomponents/httpmime/4.5.6/httpmime-4.5.6.jar.
2021-06-06T09:17:18.463-0500 [INFO] [org.gradle.internal.resource.transfer.DefaultCacheAwareExternalResourceAccessor] Downloading https://repo.maven.apache.org/maven2/org/apache/httpcomponents/httpmime/4.5.6/httpmime-4.5.6.jar to C:\Users\gathi\AppData\Local\Temp\gradle_download2211900168331947235bin
2021-06-06T09:17:18.466-0500 [DEBUG] [org.apache.http.impl.execchain.MainClientExec] Connection can be kept alive indefinitely
2021-06-06T09:17:18.466-0500 [DEBUG] [org.gradle.internal.resource.transport.http.HttpResponseResource] Attempting to download resource https://repo.maven.apache.org/maven2/org/apache/httpcomponents/httpclient/4.5.6/httpclient-4.5.6.jar.
2021-06-06T09:17:18.468-0500 [INFO] [org.gradle.internal.resource.transfer.DefaultCacheAwareExternalResourceAccessor] Downloading https://repo.maven.apache.org/maven2/org/apache/httpcomponents/httpclient/4.5.6/httpclient-4.5.6.jar to C:\Users\gathi\AppData\Local\Temp\gradle_download11875538553657670595bin
2021-06-06T09:17:18.469-0500 [DEBUG] [org.apache.http.impl.conn.PoolingHttpClientConnectionManager] Connection [id: 13][route: {s}->https://repo.maven.apache.org:443] can be kept alive indefinitely
2021-06-06T09:17:18.469-0500 [DEBUG] [org.apache.http.impl.conn.DefaultManagedHttpClientConnection] http-outgoing-13: set socket timeout to 0
2021-06-06T09:17:18.469-0500 [DEBUG] [org.apache.http.impl.conn.PoolingHttpClientConnectionManager] Connection released: [id: 13][route: {s}->https://repo.maven.apache.org:443][total kept alive: 2; route allocated: 8 of 20; total allocated: 8 of 20]
2021-06-06T09:17:18.470-0500 [DEBUG] [org.gradle.internal.operations.DefaultBuildOperationRunner] Build operation 'Download https://repo.maven.apache.org/maven2/org/apache/httpcomponents/httpmime/4.5.6/httpmime-4.5.6.jar' completed
2021-06-06T09:17:18.475-0500 [DEBUG] [org.gradle.api.internal.artifacts.ivyservice.ivyresolve.CachingModuleComponentRepository] Downloaded artifact 'httpmime-4.5.6.jar (org.apache.httpcomponents:httpmime:4.5.6)' from resolver: MavenRepo
2021-06-06T09:17:18.476-0500 [DEBUG] [org.gradle.api.internal.artifacts.repositories.resolver.DefaultExternalResourceArtifactResolver] Loading https://dl.google.com/dl/android/maven2/androidx/databinding/databinding-common/4.2.1/databinding-common-4.2.1.jar
2021-06-06T09:17:18.476-0500 [DEBUG] [org.gradle.internal.resource.transfer.DefaultCacheAwareExternalResourceAccessor] Constructing external resource: https://dl.google.com/dl/android/maven2/androidx/databinding/databinding-common/4.2.1/databinding-common-4.2.1.jar
2021-06-06T09:17:18.478-0500 [DEBUG] [org.gradle.internal.resource.transport.http.HttpResourceAccessor] Constructing external resource: https://dl.google.com/dl/android/maven2/androidx/databinding/databinding-common/4.2.1/databinding-common-4.2.1.jar
2021-06-06T09:17:18.478-0500 [DEBUG] [org.gradle.internal.resource.transport.http.HttpClientHelper] Performing HTTP GET: https://dl.google.com/dl/android/maven2/androidx/databinding/databinding-common/4.2.1/databinding-common-4.2.1.jar
2021-06-06T09:17:18.478-0500 [DEBUG] [org.apache.http.client.protocol.RequestAddCookies] CookieSpec selected: default
2021-06-06T09:17:18.478-0500 [DEBUG] [org.apache.http.client.protocol.RequestAuthCache] Auth cache not set in the context
2021-06-06T09:17:18.479-0500 [DEBUG] [org.apache.http.impl.conn.PoolingHttpClientConnectionManager] Connection request: [route: {s}->https://dl.google.com:443][total kept alive: 7; route allocated: 8 of 20; total allocated: 8 of 20]
2021-06-06T09:17:18.479-0500 [DEBUG] [org.apache.http.impl.conn.PoolingHttpClientConnectionManager] Connection leased: [id: 6][route: {s}->https://dl.google.com:443][total kept alive: 6; route allocated: 8 of 20; total allocated: 8 of 20]
2021-06-06T09:17:18.479-0500 [DEBUG] [org.apache.http.impl.conn.DefaultManagedHttpClientConnection] http-outgoing-6: set socket timeout to 30000
2021-06-06T09:17:18.479-0500 [DEBUG] [org.apache.http.impl.conn.DefaultManagedHttpClientConnection] http-outgoing-6: set socket timeout to 30000
2021-06-06T09:17:18.479-0500 [DEBUG] [org.apache.http.impl.execchain.MainClientExec] Executing request GET /dl/android/maven2/androidx/databinding/databinding-common/4.2.1/databinding-common-4.2.1.jar HTTP/1.1
2021-06-06T09:17:18.479-0500 [DEBUG] [org.apache.http.impl.execchain.MainClientExec] Target auth state: UNCHALLENGED
2021-06-06T09:17:18.479-0500 [DEBUG] [org.apache.http.impl.execchain.MainClientExec] Proxy auth state: UNCHALLENGED
2021-06-06T09:17:18.481-0500 [DEBUG] [org.apache.http.impl.execchain.MainClientExec] Connection can be kept alive indefinitely
2021-06-06T09:17:18.481-0500 [DEBUG] [org.gradle.internal.resource.transport.http.HttpResponseResource] Attempting to download resource https://repo.maven.apache.org/maven2/org/apache/httpcomponents/httpcore/4.4.10/httpcore-4.4.10.jar.
2021-06-06T09:17:18.483-0500 [INFO] [org.gradle.internal.resource.transfer.DefaultCacheAwareExternalResourceAccessor] Downloading https://repo.maven.apache.org/maven2/org/apache/httpcomponents/httpcore/4.4.10/httpcore-4.4.10.jar to C:\Users\gathi\AppData\Local\Temp\gradle_download3234877349712767647bin
2021-06-06T09:17:18.597-0500 [DEBUG] [org.apache.http.impl.execchain.MainClientExec] Connection can be kept alive indefinitely
2021-06-06T09:17:18.597-0500 [DEBUG] [org.gradle.internal.resource.transport.http.HttpResponseResource] Attempting to download resource https://dl.google.com/dl/android/maven2/androidx/databinding/databinding-common/4.2.1/databinding-common-4.2.1.jar.
2021-06-06T09:17:18.601-0500 [INFO] [org.gradle.internal.resource.transfer.DefaultCacheAwareExternalResourceAccessor] Downloading https://dl.google.com/dl/android/maven2/androidx/databinding/databinding-common/4.2.1/databinding-common-4.2.1.jar to C:\Users\gathi\AppData\Local\Temp\gradle_download15771793778912028213bin
2021-06-06T09:17:18.602-0500 [DEBUG] [org.apache.http.impl.conn.PoolingHttpClientConnectionManager] Connection [id: 6][route: {s}->https://dl.google.com:443] can be kept alive indefinitely
2021-06-06T09:17:18.603-0500 [DEBUG] [org.apache.http.impl.conn.DefaultManagedHttpClientConnection] http-outgoing-6: set socket timeout to 0
2021-06-06T09:17:18.603-0500 [DEBUG] [org.apache.http.impl.conn.PoolingHttpClientConnectionManager] Connection released: [id: 6][route: {s}->https://dl.google.com:443][total kept alive: 7; route allocated: 8 of 20; total allocated: 8 of 20]
2021-06-06T09:17:18.603-0500 [DEBUG] [org.gradle.internal.operations.DefaultBuildOperationRunner] Build operation 'Download https://dl.google.com/dl/android/maven2/androidx/databinding/databinding-common/4.2.1/databinding-common-4.2.1.jar' completed
2021-06-06T09:17:18.608-0500 [DEBUG] [org.gradle.api.internal.artifacts.ivyservice.ivyresolve.CachingModuleComponentRepository] Downloaded artifact 'org.gradle.internal.component.external.model.UrlBackedArtifactMetadata@2a520931' from resolver: Google
2021-06-06T09:17:18.609-0500 [DEBUG] [org.gradle.api.internal.artifacts.repositories.resolver.DefaultExternalResourceArtifactResolver] Loading https://dl.google.com/dl/android/maven2/com/android/databinding/baseLibrary/4.2.1/baseLibrary-4.2.1.jar
2021-06-06T09:17:18.609-0500 [DEBUG] [org.gradle.internal.resource.transfer.DefaultCacheAwareExternalResourceAccessor] Constructing external resource: https://dl.google.com/dl/android/maven2/com/android/databinding/baseLibrary/4.2.1/baseLibrary-4.2.1.jar
2021-06-06T09:17:18.610-0500 [DEBUG] [org.gradle.internal.resource.transport.http.HttpResourceAccessor] Constructing external resource: https://dl.google.com/dl/android/maven2/com/android/databinding/baseLibrary/4.2.1/baseLibrary-4.2.1.jar
2021-06-06T09:17:18.610-0500 [DEBUG] [org.gradle.internal.resource.transport.http.HttpClientHelper] Performing HTTP GET: https://dl.google.com/dl/android/maven2/com/android/databinding/baseLibrary/4.2.1/baseLibrary-4.2.1.jar
2021-06-06T09:17:18.611-0500 [DEBUG] [org.apache.http.client.protocol.RequestAddCookies] CookieSpec selected: default
2021-06-06T09:17:18.611-0500 [DEBUG] [org.apache.http.client.protocol.RequestAuthCache] Auth cache not set in the context
2021-06-06T09:17:18.611-0500 [DEBUG] [org.apache.http.impl.conn.PoolingHttpClientConnectionManager] Connection request: [route: {s}->https://dl.google.com:443][total kept alive: 7; route allocated: 8 of 20; total allocated: 8 of 20]
2021-06-06T09:17:18.611-0500 [DEBUG] [org.apache.http.impl.conn.PoolingHttpClientConnectionManager] Connection leased: [id: 6][route: {s}->https://dl.google.com:443][total kept alive: 6; route allocated: 8 of 20; total allocated: 8 of 20]
2021-06-06T09:17:18.611-0500 [DEBUG] [org.apache.http.impl.conn.DefaultManagedHttpClientConnection] http-outgoing-6: set socket timeout to 30000
2021-06-06T09:17:18.611-0500 [DEBUG] [org.apache.http.impl.conn.DefaultManagedHttpClientConnection] http-outgoing-6: set socket timeout to 30000
2021-06-06T09:17:18.611-0500 [DEBUG] [org.apache.http.impl.execchain.MainClientExec] Executing request GET /dl/android/maven2/com/android/databinding/baseLibrary/4.2.1/baseLibrary-4.2.1.jar HTTP/1.1
2021-06-06T09:17:18.611-0500 [DEBUG] [org.apache.http.impl.execchain.MainClientExec] Target auth state: UNCHALLENGED
2021-06-06T09:17:18.611-0500 [DEBUG] [org.apache.http.impl.execchain.MainClientExec] Proxy auth state: UNCHALLENGED
2021-06-06T09:17:18.627-0500 [DEBUG] [org.apache.http.impl.conn.PoolingHttpClientConnectionManager] Connection [id: 11][route: {s}->https://repo.maven.apache.org:443] can be kept alive indefinitely
2021-06-06T09:17:18.627-0500 [DEBUG] [org.apache.http.impl.conn.DefaultManagedHttpClientConnection] http-outgoing-11: set socket timeout to 0
2021-06-06T09:17:18.627-0500 [DEBUG] [org.apache.http.impl.conn.PoolingHttpClientConnectionManager] Connection released: [id: 11][route: {s}->https://repo.maven.apache.org:443][total kept alive: 3; route allocated: 8 of 20; total allocated: 8 of 20]
2021-06-06T09:17:18.627-0500 [DEBUG] [org.gradle.internal.operations.DefaultBuildOperationRunner] Build operation 'Download https://repo.maven.apache.org/maven2/org/apache/httpcomponents/httpcore/4.4.10/httpcore-4.4.10.jar' completed
2021-06-06T09:17:18.635-0500 [DEBUG] [org.gradle.api.internal.artifacts.ivyservice.ivyresolve.CachingModuleComponentRepository] Downloaded artifact 'httpcore-4.4.10.jar (org.apache.httpcomponents:httpcore:4.4.10)' from resolver: MavenRepo
2021-06-06T09:17:18.636-0500 [DEBUG] [org.gradle.api.internal.artifacts.repositories.resolver.DefaultExternalResourceArtifactResolver] Loading https://repo.maven.apache.org/maven2/org/antlr/antlr4/4.5.3/antlr4-4.5.3.jar
2021-06-06T09:17:18.636-0500 [DEBUG] [org.gradle.internal.resource.transfer.DefaultCacheAwareExternalResourceAccessor] Constructing external resource: https://repo.maven.apache.org/maven2/org/antlr/antlr4/4.5.3/antlr4-4.5.3.jar
2021-06-06T09:17:18.637-0500 [DEBUG] [org.gradle.internal.resource.transport.http.HttpResourceAccessor] Constructing external resource: https://repo.maven.apache.org/maven2/org/antlr/antlr4/4.5.3/antlr4-4.5.3.jar
2021-06-06T09:17:18.638-0500 [DEBUG] [org.gradle.internal.resource.transport.http.HttpClientHelper] Performing HTTP GET: https://repo.maven.apache.org/maven2/org/antlr/antlr4/4.5.3/antlr4-4.5.3.jar
2021-06-06T09:17:18.638-0500 [DEBUG] [org.apache.http.client.protocol.RequestAddCookies] CookieSpec selected: default
2021-06-06T09:17:18.638-0500 [DEBUG] [org.apache.http.client.protocol.RequestAuthCache] Auth cache not set in the context
2021-06-06T09:17:18.638-0500 [DEBUG] [org.apache.http.impl.conn.PoolingHttpClientConnectionManager] Connection request: [route: {s}->https://repo.maven.apache.org:443][total kept alive: 3; route allocated: 8 of 20; total allocated: 8 of 20]
2021-06-06T09:17:18.638-0500 [DEBUG] [org.apache.http.impl.conn.PoolingHttpClientConnectionManager] Connection leased: [id: 11][route: {s}->https://repo.maven.apache.org:443][total kept alive: 2; route allocated: 8 of 20; total allocated: 8 of 20]
2021-06-06T09:17:18.638-0500 [DEBUG] [org.apache.http.impl.conn.DefaultManagedHttpClientConnection] http-outgoing-11: set socket timeout to 30000
2021-06-06T09:17:18.638-0500 [DEBUG] [org.apache.http.impl.conn.DefaultManagedHttpClientConnection] http-outgoing-11: set socket timeout to 30000
2021-06-06T09:17:18.638-0500 [DEBUG] [org.apache.http.impl.execchain.MainClientExec] Executing request GET /maven2/org/antlr/antlr4/4.5.3/antlr4-4.5.3.jar HTTP/1.1
2021-06-06T09:17:18.639-0500 [DEBUG] [org.apache.http.impl.execchain.MainClientExec] Target auth state: UNCHALLENGED
2021-06-06T09:17:18.639-0500 [DEBUG] [org.apache.http.impl.execchain.MainClientExec] Proxy auth state: UNCHALLENGED
2021-06-06T09:17:18.687-0500 [DEBUG] [org.apache.http.impl.conn.PoolingHttpClientConnectionManager] Connection [id: 15][route: {s}->https://repo.maven.apache.org:443] can be kept alive indefinitely
2021-06-06T09:17:18.687-0500 [DEBUG] [org.apache.http.impl.conn.DefaultManagedHttpClientConnection] http-outgoing-15: set socket timeout to 0
2021-06-06T09:17:18.688-0500 [DEBUG] [org.apache.http.impl.conn.PoolingHttpClientConnectionManager] Connection released: [id: 15][route: {s}->https://repo.maven.apache.org:443][total kept alive: 3; route allocated: 8 of 20; total allocated: 8 of 20]
2021-06-06T09:17:18.688-0500 [LIFECYCLE] [org.gradle.internal.operations.DefaultBuildOperationRunner] 
2021-06-06T09:17:18.688-0500 [DEBUG] [org.gradle.internal.operations.DefaultBuildOperationRunner] Completing Build operation 'Download https://repo.maven.apache.org/maven2/org/apache/httpcomponents/httpclient/4.5.6/httpclient-4.5.6.jar'
2021-06-06T09:17:18.698-0500 [DEBUG] [org.gradle.internal.operations.DefaultBuildOperationRunner] Completing Build operation 'Resolve httpclient-4.5.6.jar (org.apache.httpcomponents:httpclient:4.5.6)'
2021-06-06T09:17:18.699-0500 [DEBUG] [org.gradle.internal.operations.DefaultBuildOperationRunner] Build operation 'Resolve httpclient-4.5.6.jar (org.apache.httpcomponents:httpclient:4.5.6)' completed
2021-06-06T09:17:18.699-0500 [DEBUG] [org.gradle.internal.operations.DefaultBuildOperationRunner] Build operation 'Resolve commons-io-2.4.jar (commons-io:commons-io:2.4)' started
2021-06-06T09:17:18.700-0500 [DEBUG] [org.gradle.internal.operations.DefaultBuildOperationRunner] Build operation 'Download https://repo.maven.apache.org/maven2/commons-io/commons-io/2.4/commons-io-2.4.jar' started
2021-06-06T09:17:18.725-0500 [DEBUG] [org.gradle.internal.operations.DefaultBuildOperationRunner] Completing Build operation 'Download https://dl.google.com/dl/android/maven2/com/android/databinding/baseLibrary/4.2.1/baseLibrary-4.2.1.jar'
2021-06-06T09:17:18.730-0500 [DEBUG] [org.gradle.internal.operations.DefaultBuildOperationRunner] Completing Build operation 'Resolve baseLibrary-4.2.1.jar (com.android.databinding:baseLibrary:4.2.1)'
2021-06-06T09:17:18.730-0500 [DEBUG] [org.gradle.internal.operations.DefaultBuildOperationRunner] Build operation 'Resolve baseLibrary-4.2.1.jar (com.android.databinding:baseLibrary:4.2.1)' completed
2021-06-06T09:17:18.730-0500 [DEBUG] [org.gradle.internal.operations.DefaultBuildOperationRunner] Build operation 'Resolve juniversalchardet-1.0.3.jar (com.googlecode.juniversalchardet:juniversalchardet:1.0.3)' started
2021-06-06T09:17:18.731-0500 [DEBUG] [org.gradle.internal.operations.DefaultBuildOperationRunner] Build operation 'Download https://repo.maven.apache.org/maven2/com/googlecode/juniversalchardet/juniversalchardet/1.0.3/juniversalchardet-1.0.3.jar' started
2021-06-06T09:17:18.848-0500 [DEBUG] [org.gradle.internal.operations.DefaultBuildOperationRunner] Completing Build operation 'Download https://repo.maven.apache.org/maven2/com/google/guava/guava/28.1-jre/guava-28.1-jre.jar'
2021-06-06T09:17:18.850-0500 [DEBUG] [org.gradle.internal.operations.DefaultBuildOperationRunner] Completing Build operation 'Download https://repo.maven.apache.org/maven2/commons-io/commons-io/2.4/commons-io-2.4.jar'
2021-06-06T09:17:18.873-0500 [DEBUG] [org.gradle.internal.operations.DefaultBuildOperationRunner] Completing Build operation 'Download https://repo.maven.apache.org/maven2/com/googlecode/juniversalchardet/juniversalchardet/1.0.3/juniversalchardet-1.0.3.jar'
2021-06-06T09:17:18.889-0500 [DEBUG] [org.gradle.internal.operations.DefaultBuildOperationRunner] Completing Build operation 'Resolve guava-28.1-jre.jar (com.google.guava:guava:28.1-jre)'
2021-06-06T09:17:18.889-0500 [DEBUG] [org.gradle.internal.operations.DefaultBuildOperationRunner] Build operation 'Resolve guava-28.1-jre.jar (com.google.guava:guava:28.1-jre)' completed
2021-06-06T09:17:18.889-0500 [DEBUG] [org.gradle.internal.operations.DefaultBuildOperationRunner] Build operation 'Resolve jaxb-runtime-2.3.2.jar (org.glassfish.jaxb:jaxb-runtime:2.3.2)' started
2021-06-06T09:17:18.889-0500 [DEBUG] [org.gradle.internal.operations.DefaultBuildOperationRunner] Completing Build operation 'Resolve commons-io-2.4.jar (commons-io:commons-io:2.4)'
2021-06-06T09:17:18.889-0500 [DEBUG] [org.gradle.internal.operations.DefaultBuildOperationRunner] Build operation 'Resolve commons-io-2.4.jar (commons-io:commons-io:2.4)' completed
2021-06-06T09:17:18.889-0500 [DEBUG] [org.gradle.internal.operations.DefaultBuildOperationRunner] Build operation 'Resolve proguard-base-6.0.3.jar (net.sf.proguard:proguard-base:6.0.3)' started
2021-06-06T09:17:18.889-0500 [DEBUG] [org.gradle.internal.operations.DefaultBuildOperationRunner] Completing Build operation 'Resolve juniversalchardet-1.0.3.jar (com.googlecode.juniversalchardet:juniversalchardet:1.0.3)'
2021-06-06T09:17:18.890-0500 [DEBUG] [org.gradle.internal.operations.DefaultBuildOperationRunner] Build operation 'Resolve juniversalchardet-1.0.3.jar (com.googlecode.juniversalchardet:juniversalchardet:1.0.3)' completed
2021-06-06T09:17:18.890-0500 [DEBUG] [org.gradle.internal.operations.DefaultBuildOperationRunner] Build operation 'Resolve auto-value-annotations-1.6.2.jar (com.google.auto.value:auto-value-annotations:1.6.2)' started
2021-06-06T09:17:18.892-0500 [DEBUG] [org.gradle.internal.operations.DefaultBuildOperationRunner] Build operation 'Download https://repo.maven.apache.org/maven2/net/sf/proguard/proguard-base/6.0.3/proguard-base-6.0.3.jar' started
2021-06-06T09:17:18.892-0500 [DEBUG] [org.gradle.internal.operations.DefaultBuildOperationRunner] Build operation 'Download https://repo.maven.apache.org/maven2/org/glassfish/jaxb/jaxb-runtime/2.3.2/jaxb-runtime-2.3.2.jar' started
2021-06-06T09:17:18.892-0500 [DEBUG] [org.gradle.internal.operations.DefaultBuildOperationRunner] Build operation 'Download https://repo.maven.apache.org/maven2/com/google/auto/value/auto-value-annotations/1.6.2/auto-value-annotations-1.6.2.jar' started
2021-06-06T09:17:18.968-0500 [DEBUG] [org.gradle.internal.operations.DefaultBuildOperationRunner] Completing Build operation 'Download https://repo.maven.apache.org/maven2/org/bouncycastle/bcprov-jdk15on/1.56/bcprov-jdk15on-1.56.jar'
2021-06-06T09:17:18.979-0500 [DEBUG] [org.gradle.internal.operations.DefaultBuildOperationRunner] Completing Build operation 'Download https://repo.maven.apache.org/maven2/com/google/auto/value/auto-value-annotations/1.6.2/auto-value-annotations-1.6.2.jar'
2021-06-06T09:17:19.014-0500 [DEBUG] [org.gradle.internal.operations.DefaultBuildOperationRunner] Completing Build operation 'Resolve bcprov-jdk15on-1.56.jar (org.bouncycastle:bcprov-jdk15on:1.56)'
2021-06-06T09:17:19.014-0500 [DEBUG] [org.gradle.internal.operations.DefaultBuildOperationRunner] Build operation 'Resolve bcprov-jdk15on-1.56.jar (org.bouncycastle:bcprov-jdk15on:1.56)' completed
2021-06-06T09:17:19.014-0500 [DEBUG] [org.gradle.internal.operations.DefaultBuildOperationRunner] Build operation 'Resolve error_prone_annotations-2.3.2.jar (com.google.errorprone:error_prone_annotations:2.3.2)' started
2021-06-06T09:17:19.014-0500 [DEBUG] [org.gradle.internal.operations.DefaultBuildOperationRunner] Completing Build operation 'Resolve auto-value-annotations-1.6.2.jar (com.google.auto.value:auto-value-annotations:1.6.2)'
2021-06-06T09:17:19.014-0500 [DEBUG] [org.gradle.internal.operations.DefaultBuildOperationRunner] Build operation 'Resolve auto-value-annotations-1.6.2.jar (com.google.auto.value:auto-value-annotations:1.6.2)' completed
2021-06-06T09:17:19.014-0500 [DEBUG] [org.gradle.internal.operations.DefaultBuildOperationRunner] Build operation 'Resolve jdom2-2.0.6.jar (org.jdom:jdom2:2.0.6)' started
2021-06-06T09:17:19.016-0500 [DEBUG] [org.gradle.internal.operations.DefaultBuildOperationRunner] Build operation 'Download https://repo.maven.apache.org/maven2/com/google/errorprone/error_prone_annotations/2.3.2/error_prone_annotations-2.3.2.jar' started
2021-06-06T09:17:19.017-0500 [DEBUG] [org.gradle.internal.operations.DefaultBuildOperationRunner] Build operation 'Metadata of https://repo.maven.apache.org/maven2/org/jdom/jdom2/2.0.6/jdom2-2.0.6.jar' started
2021-06-06T09:17:19.120-0500 [DEBUG] [org.gradle.internal.operations.DefaultBuildOperationRunner] Completing Build operation 'Metadata of https://repo.maven.apache.org/maven2/org/jdom/jdom2/2.0.6/jdom2-2.0.6.jar'
2021-06-06T09:17:19.122-0500 [DEBUG] [org.gradle.internal.operations.DefaultBuildOperationRunner] Completing Build operation 'Download https://repo.maven.apache.org/maven2/com/google/errorprone/error_prone_annotations/2.3.2/error_prone_annotations-2.3.2.jar'
2021-06-06T09:17:19.129-0500 [DEBUG] [org.gradle.internal.operations.DefaultBuildOperationRunner] Completing Build operation 'Resolve error_prone_annotations-2.3.2.jar (com.google.errorprone:error_prone_annotations:2.3.2)'
2021-06-06T09:17:19.129-0500 [DEBUG] [org.gradle.internal.operations.DefaultBuildOperationRunner] Build operation 'Resolve error_prone_annotations-2.3.2.jar (com.google.errorprone:error_prone_annotations:2.3.2)' completed
2021-06-06T09:17:19.129-0500 [DEBUG] [org.gradle.internal.operations.DefaultBuildOperationRunner] Build operation 'Resolve json-20180813.jar (org.json:json:20180813)' started
2021-06-06T09:17:19.132-0500 [DEBUG] [org.gradle.internal.operations.DefaultBuildOperationRunner] Build operation 'Download https://repo.maven.apache.org/maven2/org/json/json/20180813/json-20180813.jar' started
2021-06-06T09:17:19.141-0500 [DEBUG] [org.gradle.internal.operations.DefaultBuildOperationRunner] Completing Build operation 'Resolve jdom2-2.0.6.jar (org.jdom:jdom2:2.0.6)'
2021-06-06T09:17:19.142-0500 [DEBUG] [org.gradle.internal.operations.DefaultBuildOperationRunner] Build operation 'Resolve jdom2-2.0.6.jar (org.jdom:jdom2:2.0.6)' completed
2021-06-06T09:17:19.142-0500 [DEBUG] [org.gradle.internal.operations.DefaultBuildOperationRunner] Build operation 'Resolve kotlin-stdlib-common-1.4.32.jar (org.jetbrains.kotlin:kotlin-stdlib-common:1.4.32)' started
2021-06-06T09:17:19.144-0500 [DEBUG] [org.gradle.internal.operations.DefaultBuildOperationRunner] Build operation 'Download https://repo.maven.apache.org/maven2/org/jetbrains/kotlin/kotlin-stdlib-common/1.4.32/kotlin-stdlib-common-1.4.32.jar' started
2021-06-06T09:17:19.264-0500 [DEBUG] [org.gradle.internal.operations.DefaultBuildOperationRunner] Completing Build operation 'Download https://repo.maven.apache.org/maven2/org/json/json/20180813/json-20180813.jar'
2021-06-06T09:17:19.271-0500 [DEBUG] [org.gradle.internal.operations.DefaultBuildOperationRunner] Completing Build operation 'Resolve json-20180813.jar (org.json:json:20180813)'
2021-06-06T09:17:19.271-0500 [DEBUG] [org.gradle.internal.operations.DefaultBuildOperationRunner] Build operation 'Resolve json-20180813.jar (org.json:json:20180813)' completed
2021-06-06T09:17:19.271-0500 [DEBUG] [org.gradle.internal.operations.DefaultBuildOperationRunner] Build operation 'Resolve annotations-13.0.jar (org.jetbrains:annotations:13.0)' started
2021-06-06T09:17:19.273-0500 [DEBUG] [org.gradle.internal.operations.DefaultBuildOperationRunner] Build operation 'Download https://repo.maven.apache.org/maven2/org/jetbrains/annotations/13.0/annotations-13.0.jar' started
2021-06-06T09:17:19.295-0500 [DEBUG] [org.gradle.internal.operations.DefaultBuildOperationRunner] Completing Build operation 'Download https://repo.maven.apache.org/maven2/org/jetbrains/kotlin/kotlin-stdlib-common/1.4.32/kotlin-stdlib-common-1.4.32.jar'
2021-06-06T09:17:19.306-0500 [DEBUG] [org.gradle.internal.operations.DefaultBuildOperationRunner] Completing Build operation 'Resolve kotlin-stdlib-common-1.4.32.jar (org.jetbrains.kotlin:kotlin-stdlib-common:1.4.32)'
2021-06-06T09:17:19.306-0500 [DEBUG] [org.gradle.internal.operations.DefaultBuildOperationRunner] Build operation 'Resolve kotlin-stdlib-common-1.4.32.jar (org.jetbrains.kotlin:kotlin-stdlib-common:1.4.32)' completed
2021-06-06T09:17:19.307-0500 [DEBUG] [org.gradle.internal.operations.DefaultBuildOperationRunner] Build operation 'Resolve antlr4-runtime-4.5.2-1.jar (org.antlr:antlr4-runtime:4.5.2-1)' started
2021-06-06T09:17:19.309-0500 [DEBUG] [org.gradle.internal.operations.DefaultBuildOperationRunner] Build operation 'Download https://repo.maven.apache.org/maven2/org/antlr/antlr4-runtime/4.5.2-1/antlr4-runtime-4.5.2-1.jar' started
2021-06-06T09:17:19.342-0500 [DEBUG] [org.gradle.internal.operations.DefaultBuildOperationRunner] Completing Build operation 'Download https://repo.maven.apache.org/maven2/org/glassfish/jaxb/jaxb-runtime/2.3.2/jaxb-runtime-2.3.2.jar'
2021-06-06T09:17:19.357-0500 [DEBUG] [org.gradle.internal.operations.DefaultBuildOperationRunner] Completing Build operation 'Download https://repo.maven.apache.org/maven2/org/antlr/antlr4/4.5.3/antlr4-4.5.3.jar'
2021-06-06T09:17:19.362-0500 [DEBUG] [org.gradle.internal.operations.DefaultBuildOperationRunner] Completing Build operation 'Download https://repo.maven.apache.org/maven2/net/sf/proguard/proguard-base/6.0.3/proguard-base-6.0.3.jar'
2021-06-06T09:17:19.386-0500 [DEBUG] [org.gradle.internal.operations.DefaultBuildOperationRunner] Completing Build operation 'Download https://repo.maven.apache.org/maven2/org/jetbrains/annotations/13.0/annotations-13.0.jar'
2021-06-06T09:17:19.439-0500 [DEBUG] [org.gradle.internal.operations.DefaultBuildOperationRunner] Completing Build operation 'Resolve jaxb-runtime-2.3.2.jar (org.glassfish.jaxb:jaxb-runtime:2.3.2)'
2021-06-06T09:17:19.439-0500 [DEBUG] [org.gradle.internal.operations.DefaultBuildOperationRunner] Build operation 'Resolve jaxb-runtime-2.3.2.jar (org.glassfish.jaxb:jaxb-runtime:2.3.2)' completed
2021-06-06T09:17:19.439-0500 [DEBUG] [org.gradle.internal.operations.DefaultBuildOperationRunner] Build operation 'Resolve kotlin-script-runtime-1.4.32.jar (org.jetbrains.kotlin:kotlin-script-runtime:1.4.32)' started
2021-06-06T09:17:19.449-0500 [DEBUG] [org.gradle.internal.operations.DefaultBuildOperationRunner] Completing Build operation 'Download https://repo.maven.apache.org/maven2/org/antlr/antlr4-runtime/4.5.2-1/antlr4-runtime-4.5.2-1.jar'
2021-06-06T09:17:19.450-0500 [DEBUG] [org.gradle.internal.operations.DefaultBuildOperationRunner] Completing Build operation 'Resolve proguard-base-6.0.3.jar (net.sf.proguard:proguard-base:6.0.3)'
2021-06-06T09:17:19.450-0500 [DEBUG] [org.gradle.internal.operations.DefaultBuildOperationRunner] Build operation 'Resolve proguard-base-6.0.3.jar (net.sf.proguard:proguard-base:6.0.3)' completed
2021-06-06T09:17:19.450-0500 [DEBUG] [org.gradle.internal.operations.DefaultBuildOperationRunner] Build operation 'Resolve kotlin-daemon-embeddable-1.4.32.jar (org.jetbrains.kotlin:kotlin-daemon-embeddable:1.4.32)' started
2021-06-06T09:17:19.451-0500 [DEBUG] [org.gradle.internal.operations.DefaultBuildOperationRunner] Completing Build operation 'Resolve annotations-13.0.jar (org.jetbrains:annotations:13.0)'
2021-06-06T09:17:19.451-0500 [DEBUG] [org.gradle.internal.operations.DefaultBuildOperationRunner] Build operation 'Resolve annotations-13.0.jar (org.jetbrains:annotations:13.0)' completed
2021-06-06T09:17:19.451-0500 [DEBUG] [org.gradle.internal.operations.DefaultBuildOperationRunner] Build operation 'Resolve trove4j-1.0.20181211.jar (org.jetbrains.intellij.deps:trove4j:1.0.20181211)' started
2021-06-06T09:17:19.454-0500 [DEBUG] [org.gradle.internal.operations.DefaultBuildOperationRunner] Completing Build operation 'Resolve antlr4-4.5.3.jar (org.antlr:antlr4:4.5.3)'
2021-06-06T09:17:19.454-0500 [DEBUG] [org.gradle.internal.operations.DefaultBuildOperationRunner] Build operation 'Resolve antlr4-4.5.3.jar (org.antlr:antlr4:4.5.3)' completed
2021-06-06T09:17:19.454-0500 [DEBUG] [org.gradle.internal.operations.DefaultBuildOperationRunner] Build operation 'Resolve kotlin-build-common-1.4.32.jar (org.jetbrains.kotlin:kotlin-build-common:1.4.32)' started
2021-06-06T09:17:19.454-0500 [DEBUG] [org.gradle.internal.operations.DefaultBuildOperationRunner] Build operation 'Download https://repo.maven.apache.org/maven2/org/jetbrains/kotlin/kotlin-script-runtime/1.4.32/kotlin-script-runtime-1.4.32.jar' started
2021-06-06T09:17:19.455-0500 [DEBUG] [org.gradle.internal.operations.DefaultBuildOperationRunner] Build operation 'Download https://repo.maven.apache.org/maven2/org/jetbrains/kotlin/kotlin-daemon-embeddable/1.4.32/kotlin-daemon-embeddable-1.4.32.jar' started
2021-06-06T09:17:19.465-0500 [DEBUG] [org.gradle.internal.operations.DefaultBuildOperationRunner] Completing Build operation 'Resolve antlr4-runtime-4.5.2-1.jar (org.antlr:antlr4-runtime:4.5.2-1)'
2021-06-06T09:17:19.465-0500 [DEBUG] [org.gradle.internal.operations.DefaultBuildOperationRunner] Build operation 'Resolve antlr4-runtime-4.5.2-1.jar (org.antlr:antlr4-runtime:4.5.2-1)' completed
2021-06-06T09:17:19.465-0500 [DEBUG] [org.gradle.internal.operations.DefaultBuildOperationRunner] Build operation 'Resolve commons-compress-1.12.jar (org.apache.commons:commons-compress:1.12)' started
2021-06-06T09:17:19.466-0500 [DEBUG] [org.gradle.internal.operations.DefaultBuildOperationRunner] Build operation 'Download https://repo.maven.apache.org/maven2/org/jetbrains/intellij/deps/trove4j/1.0.20181211/trove4j-1.0.20181211.jar' started
2021-06-06T09:17:19.468-0500 [DEBUG] [org.gradle.internal.operations.DefaultBuildOperationRunner] Build operation 'Download https://repo.maven.apache.org/maven2/org/apache/commons/commons-compress/1.12/commons-compress-1.12.jar' started
2021-06-06T09:17:19.470-0500 [DEBUG] [org.gradle.internal.operations.DefaultBuildOperationRunner] Build operation 'Download https://repo.maven.apache.org/maven2/org/jetbrains/kotlin/kotlin-build-common/1.4.32/kotlin-build-common-1.4.32.jar' started
2021-06-06T09:17:19.548-0500 [DEBUG] [org.gradle.internal.operations.DefaultBuildOperationRunner] Completing Build operation 'Download https://repo.maven.apache.org/maven2/org/jetbrains/kotlin/kotlin-script-runtime/1.4.32/kotlin-script-runtime-1.4.32.jar'
2021-06-06T09:17:19.556-0500 [DEBUG] [org.gradle.internal.operations.DefaultBuildOperationRunner] Completing Build operation 'Resolve kotlin-script-runtime-1.4.32.jar (org.jetbrains.kotlin:kotlin-script-runtime:1.4.32)'
2021-06-06T09:17:19.556-0500 [DEBUG] [org.gradle.internal.operations.DefaultBuildOperationRunner] Build operation 'Resolve kotlin-script-runtime-1.4.32.jar (org.jetbrains.kotlin:kotlin-script-runtime:1.4.32)' completed
2021-06-06T09:17:19.556-0500 [DEBUG] [org.gradle.internal.operations.DefaultBuildOperationRunner] Build operation 'Resolve xercesImpl-2.12.0.jar (xerces:xercesImpl:2.12.0)' started
2021-06-06T09:17:19.559-0500 [DEBUG] [org.gradle.internal.operations.DefaultBuildOperationRunner] Build operation 'Download https://repo.maven.apache.org/maven2/xerces/xercesImpl/2.12.0/xercesImpl-2.12.0.jar' started
2021-06-06T09:17:19.757-0500 [DEBUG] [org.gradle.internal.operations.DefaultBuildOperationRunner] Completing Build operation 'Download https://repo.maven.apache.org/maven2/org/jetbrains/kotlin/kotlin-build-common/1.4.32/kotlin-build-common-1.4.32.jar'
2021-06-06T09:17:19.770-0500 [DEBUG] [org.gradle.internal.operations.DefaultBuildOperationRunner] Completing Build operation 'Download https://repo.maven.apache.org/maven2/org/jetbrains/intellij/deps/trove4j/1.0.20181211/trove4j-1.0.20181211.jar'
2021-06-06T09:17:19.770-0500 [DEBUG] [org.gradle.internal.operations.DefaultBuildOperationRunner] Completing Build operation 'Resolve kotlin-build-common-1.4.32.jar (org.jetbrains.kotlin:kotlin-build-common:1.4.32)'
2021-06-06T09:17:19.770-0500 [DEBUG] [org.gradle.internal.operations.DefaultBuildOperationRunner] Build operation 'Resolve kotlin-build-common-1.4.32.jar (org.jetbrains.kotlin:kotlin-build-common:1.4.32)' completed
2021-06-06T09:17:19.770-0500 [DEBUG] [org.gradle.internal.operations.DefaultBuildOperationRunner] Build operation 'Resolve kxml2-2.3.0.jar (net.sf.kxml:kxml2:2.3.0)' started
2021-06-06T09:17:19.783-0500 [DEBUG] [org.gradle.internal.operations.DefaultBuildOperationRunner] Completing Build operation 'Resolve trove4j-1.0.20181211.jar (org.jetbrains.intellij.deps:trove4j:1.0.20181211)'
2021-06-06T09:17:19.783-0500 [DEBUG] [org.gradle.internal.operations.DefaultBuildOperationRunner] Build operation 'Resolve trove4j-1.0.20181211.jar (org.jetbrains.intellij.deps:trove4j:1.0.20181211)' completed
2021-06-06T09:17:19.783-0500 [DEBUG] [org.gradle.internal.operations.DefaultBuildOperationRunner] Build operation 'Resolve jsr305-3.0.2.jar (com.google.code.findbugs:jsr305:3.0.2)' started
2021-06-06T09:17:19.785-0500 [DEBUG] [org.gradle.internal.operations.DefaultBuildOperationRunner] Build operation 'Download https://repo.maven.apache.org/maven2/net/sf/kxml/kxml2/2.3.0/kxml2-2.3.0.jar' started
2021-06-06T09:17:19.786-0500 [DEBUG] [org.gradle.internal.operations.DefaultBuildOperationRunner] Build operation 'Download https://repo.maven.apache.org/maven2/com/google/code/findbugs/jsr305/3.0.2/jsr305-3.0.2.jar' started
2021-06-06T09:17:19.788-0500 [DEBUG] [org.gradle.internal.operations.DefaultBuildOperationRunner] Completing Build operation 'Download https://repo.maven.apache.org/maven2/org/apache/commons/commons-compress/1.12/commons-compress-1.12.jar'
2021-06-06T09:17:19.800-0500 [DEBUG] [org.gradle.internal.operations.DefaultBuildOperationRunner] Completing Build operation 'Resolve commons-compress-1.12.jar (org.apache.commons:commons-compress:1.12)'
2021-06-06T09:17:19.800-0500 [DEBUG] [org.gradle.internal.operations.DefaultBuildOperationRunner] Build operation 'Resolve commons-compress-1.12.jar (org.apache.commons:commons-compress:1.12)' completed
2021-06-06T09:17:19.800-0500 [DEBUG] [org.gradle.internal.operations.DefaultBuildOperationRunner] Build operation 'Resolve failureaccess-1.0.1.jar (com.google.guava:failureaccess:1.0.1)' started
2021-06-06T09:17:19.802-0500 [DEBUG] [org.gradle.internal.operations.DefaultBuildOperationRunner] Build operation 'Download https://repo.maven.apache.org/maven2/com/google/guava/failureaccess/1.0.1/failureaccess-1.0.1.jar' started
2021-06-06T09:17:19.815-0500 [DEBUG] [org.gradle.internal.operations.DefaultBuildOperationRunner] Completing Build operation 'Download https://repo.maven.apache.org/maven2/org/jetbrains/kotlin/kotlin-daemon-embeddable/1.4.32/kotlin-daemon-embeddable-1.4.32.jar'
2021-06-06T09:17:19.829-0500 [DEBUG] [org.gradle.internal.operations.DefaultBuildOperationRunner] Completing Build operation 'Resolve kotlin-daemon-embeddable-1.4.32.jar (org.jetbrains.kotlin:kotlin-daemon-embeddable:1.4.32)'
2021-06-06T09:17:19.829-0500 [DEBUG] [org.gradle.internal.operations.DefaultBuildOperationRunner] Build operation 'Resolve kotlin-daemon-embeddable-1.4.32.jar (org.jetbrains.kotlin:kotlin-daemon-embeddable:1.4.32)' completed
2021-06-06T09:17:19.829-0500 [DEBUG] [org.gradle.internal.operations.DefaultBuildOperationRunner] Build operation 'Resolve listenablefuture-9999.0-empty-to-avoid-conflict-with-guava.jar (com.google.guava:listenablefuture:9999.0-empty-to-avoid-conflict-with-guava)' started
2021-06-06T09:17:19.831-0500 [DEBUG] [org.gradle.internal.operations.DefaultBuildOperationRunner] Build operation 'Download https://repo.maven.apache.org/maven2/com/google/guava/listenablefuture/9999.0-empty-to-avoid-conflict-with-guava/listenablefuture-9999.0-empty-to-avoid-conflict-with-guava.jar' started
2021-06-06T09:17:19.901-0500 [DEBUG] [org.gradle.internal.operations.DefaultBuildOperationRunner] Completing Build operation 'Download https://repo.maven.apache.org/maven2/com/google/code/findbugs/jsr305/3.0.2/jsr305-3.0.2.jar'
2021-06-06T09:17:19.904-0500 [DEBUG] [org.gradle.internal.operations.DefaultBuildOperationRunner] Completing Build operation 'Download https://repo.maven.apache.org/maven2/net/sf/kxml/kxml2/2.3.0/kxml2-2.3.0.jar'
2021-06-06T09:17:19.909-0500 [DEBUG] [org.gradle.internal.operations.DefaultBuildOperationRunner] Completing Build operation 'Download https://repo.maven.apache.org/maven2/com/google/guava/failureaccess/1.0.1/failureaccess-1.0.1.jar'
2021-06-06T09:17:19.913-0500 [DEBUG] [org.gradle.internal.operations.DefaultBuildOperationRunner] Completing Build operation 'Resolve jsr305-3.0.2.jar (com.google.code.findbugs:jsr305:3.0.2)'
2021-06-06T09:17:19.913-0500 [DEBUG] [org.gradle.internal.operations.DefaultBuildOperationRunner] Build operation 'Resolve jsr305-3.0.2.jar (com.google.code.findbugs:jsr305:3.0.2)' completed
2021-06-06T09:17:19.913-0500 [DEBUG] [org.gradle.internal.operations.DefaultBuildOperationRunner] Build operation 'Resolve j2objc-annotations-1.3.jar (com.google.j2objc:j2objc-annotations:1.3)' started
2021-06-06T09:17:19.919-0500 [DEBUG] [org.gradle.internal.operations.DefaultBuildOperationRunner] Completing Build operation 'Resolve kxml2-2.3.0.jar (net.sf.kxml:kxml2:2.3.0)'
2021-06-06T09:17:19.919-0500 [DEBUG] [org.gradle.internal.operations.DefaultBuildOperationRunner] Build operation 'Resolve kxml2-2.3.0.jar (net.sf.kxml:kxml2:2.3.0)' completed
2021-06-06T09:17:19.919-0500 [DEBUG] [org.gradle.internal.operations.DefaultBuildOperationRunner] Completing Build operation 'Resolve failureaccess-1.0.1.jar (com.google.guava:failureaccess:1.0.1)'
2021-06-06T09:17:19.919-0500 [DEBUG] [org.gradle.internal.operations.DefaultBuildOperationRunner] Build operation 'Resolve failureaccess-1.0.1.jar (com.google.guava:failureaccess:1.0.1)' completed
2021-06-06T09:17:19.919-0500 [DEBUG] [org.gradle.internal.operations.DefaultBuildOperationRunner] Build operation 'Resolve commons-logging-1.2.jar (commons-logging:commons-logging:1.2)' started
2021-06-06T09:17:19.919-0500 [DEBUG] [org.gradle.internal.operations.DefaultBuildOperationRunner] Build operation 'Resolve animal-sniffer-annotations-1.18.jar (org.codehaus.mojo:animal-sniffer-annotations:1.18)' started
2021-06-06T09:17:19.921-0500 [DEBUG] [org.gradle.internal.operations.DefaultBuildOperationRunner] Build operation 'Download https://repo.maven.apache.org/maven2/com/google/j2objc/j2objc-annotations/1.3/j2objc-annotations-1.3.jar' started
2021-06-06T09:17:19.921-0500 [DEBUG] [org.gradle.internal.operations.DefaultBuildOperationRunner] Build operation 'Download https://repo.maven.apache.org/maven2/commons-logging/commons-logging/1.2/commons-logging-1.2.jar' started
2021-06-06T09:17:19.922-0500 [DEBUG] [org.gradle.internal.operations.DefaultBuildOperationRunner] Build operation 'Download https://repo.maven.apache.org/maven2/org/codehaus/mojo/animal-sniffer-annotations/1.18/animal-sniffer-annotations-1.18.jar' started
2021-06-06T09:17:19.926-0500 [DEBUG] [org.gradle.internal.operations.DefaultBuildOperationRunner] Completing Build operation 'Download https://repo.maven.apache.org/maven2/it/unimi/dsi/fastutil/8.4.0/fastutil-8.4.0.jar'
2021-06-06T09:17:19.928-0500 [DEBUG] [org.gradle.internal.operations.DefaultBuildOperationRunner] Completing Build operation 'Download https://repo.maven.apache.org/maven2/com/google/guava/listenablefuture/9999.0-empty-to-avoid-conflict-with-guava/listenablefuture-9999.0-empty-to-avoid-conflict-with-guava.jar'
2021-06-06T09:17:19.967-0500 [DEBUG] [org.gradle.internal.operations.DefaultBuildOperationRunner] Completing Build operation 'Download https://repo.maven.apache.org/maven2/xerces/xercesImpl/2.12.0/xercesImpl-2.12.0.jar'
2021-06-06T09:17:19.982-0500 [DEBUG] [org.gradle.internal.operations.DefaultBuildOperationRunner] Completing Build operation 'Download https://repo.maven.apache.org/maven2/com/google/j2objc/j2objc-annotations/1.3/j2objc-annotations-1.3.jar'
2021-06-06T09:17:19.984-0500 [DEBUG] [org.gradle.internal.operations.DefaultBuildOperationRunner] Completing Build operation 'Download https://repo.maven.apache.org/maven2/org/codehaus/mojo/animal-sniffer-annotations/1.18/animal-sniffer-annotations-1.18.jar'
2021-06-06T09:17:20.010-0500 [DEBUG] [org.gradle.internal.operations.DefaultBuildOperationRunner] Completing Build operation 'Download https://repo.maven.apache.org/maven2/commons-logging/commons-logging/1.2/commons-logging-1.2.jar'
2021-06-06T09:17:20.144-0500 [DEBUG] [org.gradle.internal.operations.DefaultBuildOperationRunner] Completing Build operation 'Resolve fastutil-8.4.0.jar (it.unimi.dsi:fastutil:8.4.0)'
2021-06-06T09:17:20.144-0500 [DEBUG] [org.gradle.internal.operations.DefaultBuildOperationRunner] Build operation 'Resolve commons-codec-1.10.jar (commons-codec:commons-codec:1.10)' started
2021-06-06T09:17:20.150-0500 [DEBUG] [org.gradle.internal.operations.DefaultBuildOperationRunner] Completing Build operation 'Resolve animal-sniffer-annotations-1.18.jar (org.codehaus.mojo:animal-sniffer-annotations:1.18)'
2021-06-06T09:17:20.150-0500 [DEBUG] [org.gradle.internal.operations.DefaultBuildOperationRunner] Build operation 'Resolve animal-sniffer-annotations-1.18.jar (org.codehaus.mojo:animal-sniffer-annotations:1.18)' completed
2021-06-06T09:17:20.150-0500 [DEBUG] [org.gradle.internal.operations.DefaultBuildOperationRunner] Completing Build operation 'Resolve commons-logging-1.2.jar (commons-logging:commons-logging:1.2)'
2021-06-06T09:17:20.151-0500 [DEBUG] [org.gradle.internal.operations.DefaultBuildOperationRunner] Build operation 'Resolve commons-logging-1.2.jar (commons-logging:commons-logging:1.2)' completed
2021-06-06T09:17:20.150-0500 [DEBUG] [org.gradle.internal.operations.DefaultBuildOperationRunner] Build operation 'Resolve stax-ex-1.8.1.jar (org.jvnet.staxex:stax-ex:1.8.1)' started
2021-06-06T09:17:20.151-0500 [DEBUG] [org.gradle.internal.operations.DefaultBuildOperationRunner] Completing Build operation 'Resolve listenablefuture-9999.0-empty-to-avoid-conflict-with-guava.jar (com.google.guava:listenablefuture:9999.0-empty-to-avoid-conflict-with-guava)'
2021-06-06T09:17:20.151-0500 [DEBUG] [org.gradle.internal.operations.DefaultBuildOperationRunner] Build operation 'Resolve listenablefuture-9999.0-empty-to-avoid-conflict-with-guava.jar (com.google.guava:listenablefuture:9999.0-empty-to-avoid-conflict-with-guava)' completed
2021-06-06T09:17:20.151-0500 [DEBUG] [org.gradle.internal.operations.DefaultBuildOperationRunner] Build operation 'Resolve jakarta.xml.bind-api-2.3.2.jar (jakarta.xml.bind:jakarta.xml.bind-api:2.3.2)' started
2021-06-06T09:17:20.151-0500 [DEBUG] [org.gradle.internal.operations.DefaultBuildOperationRunner] Build operation 'Resolve txw2-2.3.2.jar (org.glassfish.jaxb:txw2:2.3.2)' started
2021-06-06T09:17:20.151-0500 [DEBUG] [org.gradle.internal.operations.DefaultBuildOperationRunner] Completing Build operation 'Resolve j2objc-annotations-1.3.jar (com.google.j2objc:j2objc-annotations:1.3)'
2021-06-06T09:17:20.151-0500 [DEBUG] [org.gradle.internal.operations.DefaultBuildOperationRunner] Build operation 'Resolve j2objc-annotations-1.3.jar (com.google.j2objc:j2objc-annotations:1.3)' completed
2021-06-06T09:17:20.151-0500 [DEBUG] [org.gradle.internal.operations.DefaultBuildOperationRunner] Build operation 'Resolve istack-commons-runtime-3.0.8.jar (com.sun.istack:istack-commons-runtime:3.0.8)' started
2021-06-06T09:17:20.151-0500 [DEBUG] [org.gradle.internal.operations.DefaultBuildOperationRunner] Completing Build operation 'Resolve xercesImpl-2.12.0.jar (xerces:xercesImpl:2.12.0)'
2021-06-06T09:17:20.152-0500 [DEBUG] [org.gradle.internal.operations.DefaultBuildOperationRunner] Build operation 'Resolve xercesImpl-2.12.0.jar (xerces:xercesImpl:2.12.0)' completed
2021-06-06T09:17:20.152-0500 [DEBUG] [org.gradle.internal.operations.DefaultBuildOperationRunner] Build operation 'Resolve FastInfoset-1.2.16.jar (com.sun.xml.fastinfoset:FastInfoset:1.2.16)' started
2021-06-06T09:17:20.155-0500 [DEBUG] [org.gradle.internal.operations.DefaultBuildOperationRunner] Build operation 'Download https://repo.maven.apache.org/maven2/jakarta/xml/bind/jakarta.xml.bind-api/2.3.2/jakarta.xml.bind-api-2.3.2.jar' started
2021-06-06T09:17:20.154-0500 [DEBUG] [org.gradle.internal.operations.DefaultBuildOperationRunner] Build operation 'Download https://repo.maven.apache.org/maven2/org/glassfish/jaxb/txw2/2.3.2/txw2-2.3.2.jar' started
2021-06-06T09:17:20.155-0500 [DEBUG] [org.gradle.internal.operations.DefaultBuildOperationRunner] Build operation 'Download https://repo.maven.apache.org/maven2/org/jvnet/staxex/stax-ex/1.8.1/stax-ex-1.8.1.jar' started
2021-06-06T09:17:20.156-0500 [DEBUG] [org.gradle.internal.operations.DefaultBuildOperationRunner] Build operation 'Download https://repo.maven.apache.org/maven2/com/sun/istack/istack-commons-runtime/3.0.8/istack-commons-runtime-3.0.8.jar' started
2021-06-06T09:17:20.156-0500 [DEBUG] [org.gradle.internal.operations.DefaultBuildOperationRunner] Build operation 'Download https://repo.maven.apache.org/maven2/com/sun/xml/fastinfoset/FastInfoset/1.2.16/FastInfoset-1.2.16.jar' started
2021-06-06T09:17:20.157-0500 [DEBUG] [org.gradle.internal.operations.DefaultBuildOperationRunner] Build operation 'Download https://repo.maven.apache.org/maven2/commons-codec/commons-codec/1.10/commons-codec-1.10.jar' started
2021-06-06T09:17:20.229-0500 [DEBUG] [org.gradle.internal.operations.DefaultBuildOperationRunner] Completing Build operation 'Download https://repo.maven.apache.org/maven2/com/sun/istack/istack-commons-runtime/3.0.8/istack-commons-runtime-3.0.8.jar'
2021-06-06T09:17:20.231-0500 [DEBUG] [org.gradle.internal.operations.DefaultBuildOperationRunner] Completing Build operation 'Download https://repo.maven.apache.org/maven2/org/jvnet/staxex/stax-ex/1.8.1/stax-ex-1.8.1.jar'
2021-06-06T09:17:20.244-0500 [DEBUG] [org.gradle.internal.operations.DefaultBuildOperationRunner] Completing Build operation 'Resolve istack-commons-runtime-3.0.8.jar (com.sun.istack:istack-commons-runtime:3.0.8)'
2021-06-06T09:17:20.244-0500 [DEBUG] [org.gradle.internal.operations.DefaultBuildOperationRunner] Build operation 'Resolve istack-commons-runtime-3.0.8.jar (com.sun.istack:istack-commons-runtime:3.0.8)' completed
2021-06-06T09:17:20.244-0500 [DEBUG] [org.gradle.internal.operations.DefaultBuildOperationRunner] Completing Build operation 'Resolve stax-ex-1.8.1.jar (org.jvnet.staxex:stax-ex:1.8.1)'
2021-06-06T09:17:20.244-0500 [DEBUG] [org.gradle.internal.operations.DefaultBuildOperationRunner] Build operation 'Resolve stax-ex-1.8.1.jar (org.jvnet.staxex:stax-ex:1.8.1)' completed
2021-06-06T09:17:20.244-0500 [DEBUG] [org.gradle.internal.operations.DefaultBuildOperationRunner] Build operation 'Resolve jakarta.activation-api-1.2.1.jar (jakarta.activation:jakarta.activation-api:1.2.1)' started
2021-06-06T09:17:20.244-0500 [DEBUG] [org.gradle.internal.operations.DefaultBuildOperationRunner] Build operation 'Resolve javax.activation-1.2.0.jar (com.sun.activation:javax.activation:1.2.0)' started
2021-06-06T09:17:20.246-0500 [DEBUG] [org.gradle.internal.operations.DefaultBuildOperationRunner] Completing Build operation 'Download https://repo.maven.apache.org/maven2/org/glassfish/jaxb/txw2/2.3.2/txw2-2.3.2.jar'
2021-06-06T09:17:20.246-0500 [DEBUG] [org.gradle.internal.operations.DefaultBuildOperationRunner] Completing Build operation 'Download https://repo.maven.apache.org/maven2/jakarta/xml/bind/jakarta.xml.bind-api/2.3.2/jakarta.xml.bind-api-2.3.2.jar'
2021-06-06T09:17:20.246-0500 [DEBUG] [org.gradle.internal.operations.DefaultBuildOperationRunner] Build operation 'Download https://repo.maven.apache.org/maven2/jakarta/activation/jakarta.activation-api/1.2.1/jakarta.activation-api-1.2.1.jar' started
2021-06-06T09:17:20.247-0500 [DEBUG] [org.gradle.internal.operations.DefaultBuildOperationRunner] Build operation 'Download https://repo.maven.apache.org/maven2/com/sun/activation/javax.activation/1.2.0/javax.activation-1.2.0.jar' started
2021-06-06T09:17:20.261-0500 [DEBUG] [org.gradle.internal.operations.DefaultBuildOperationRunner] Completing Build operation 'Resolve txw2-2.3.2.jar (org.glassfish.jaxb:txw2:2.3.2)'
2021-06-06T09:17:20.261-0500 [DEBUG] [org.gradle.internal.operations.DefaultBuildOperationRunner] Build operation 'Resolve txw2-2.3.2.jar (org.glassfish.jaxb:txw2:2.3.2)' completed
2021-06-06T09:17:20.261-0500 [DEBUG] [org.gradle.internal.operations.DefaultBuildOperationRunner] Build operation 'Resolve jna-platform-5.6.0.jar (net.java.dev.jna:jna-platform:5.6.0)' started
2021-06-06T09:17:20.261-0500 [DEBUG] [org.gradle.internal.operations.DefaultBuildOperationRunner] Completing Build operation 'Resolve jakarta.xml.bind-api-2.3.2.jar (jakarta.xml.bind:jakarta.xml.bind-api:2.3.2)'
2021-06-06T09:17:20.261-0500 [DEBUG] [org.gradle.internal.operations.DefaultBuildOperationRunner] Build operation 'Resolve jakarta.xml.bind-api-2.3.2.jar (jakarta.xml.bind:jakarta.xml.bind-api:2.3.2)' completed
2021-06-06T09:17:20.261-0500 [DEBUG] [org.gradle.internal.operations.DefaultBuildOperationRunner] Build operation 'Resolve xml-apis-1.4.01.jar (xml-apis:xml-apis:1.4.01)' started
2021-06-06T09:17:20.264-0500 [DEBUG] [org.gradle.internal.operations.DefaultBuildOperationRunner] Build operation 'Download https://repo.maven.apache.org/maven2/xml-apis/xml-apis/1.4.01/xml-apis-1.4.01.jar' started
2021-06-06T09:17:20.264-0500 [DEBUG] [org.gradle.internal.operations.DefaultBuildOperationRunner] Build operation 'Download https://repo.maven.apache.org/maven2/net/java/dev/jna/jna-platform/5.6.0/jna-platform-5.6.0.jar' started
2021-06-06T09:17:20.272-0500 [DEBUG] [org.gradle.internal.operations.DefaultBuildOperationRunner] Completing Build operation 'Download https://repo.maven.apache.org/maven2/com/sun/xml/fastinfoset/FastInfoset/1.2.16/FastInfoset-1.2.16.jar'
2021-06-06T09:17:20.281-0500 [DEBUG] [org.gradle.internal.operations.DefaultBuildOperationRunner] Completing Build operation 'Resolve FastInfoset-1.2.16.jar (com.sun.xml.fastinfoset:FastInfoset:1.2.16)'
2021-06-06T09:17:20.281-0500 [DEBUG] [org.gradle.internal.operations.DefaultBuildOperationRunner] Build operation 'Resolve FastInfoset-1.2.16.jar (com.sun.xml.fastinfoset:FastInfoset:1.2.16)' completed
2021-06-06T09:17:20.281-0500 [DEBUG] [org.gradle.internal.operations.DefaultBuildOperationRunner] Build operation 'Resolve jna-5.6.0.jar (net.java.dev.jna:jna:5.6.0)' started
2021-06-06T09:17:20.283-0500 [DEBUG] [org.gradle.internal.operations.DefaultBuildOperationRunner] Build operation 'Download https://repo.maven.apache.org/maven2/net/java/dev/jna/jna/5.6.0/jna-5.6.0.jar' started
2021-06-06T09:17:20.308-0500 [DEBUG] [org.gradle.internal.operations.DefaultBuildOperationRunner] Completing Build operation 'Download https://repo.maven.apache.org/maven2/commons-codec/commons-codec/1.10/commons-codec-1.10.jar'
2021-06-06T09:17:20.317-0500 [DEBUG] [org.gradle.internal.operations.DefaultBuildOperationRunner] Completing Build operation 'Resolve commons-codec-1.10.jar (commons-codec:commons-codec:1.10)'
2021-06-06T09:17:20.318-0500 [DEBUG] [org.gradle.internal.work.DefaultWorkerLeaseService] Worker lease root.1.93.101 started (8 worker(s) in use).
2021-06-06T09:17:20.318-0500 [DEBUG] [org.gradle.internal.resources.AbstractTrackedResourceLock] Build operations Thread 6: acquired lock on root.1.93.101
2021-06-06T09:17:20.318-0500 [DEBUG] [org.gradle.internal.operations.DefaultBuildOperationRunner] Build operation 'Resolve manifest-merger-27.2.1.jar (com.android.tools.build:manifest-merger:27.2.1)' started
2021-06-06T09:17:20.321-0500 [DEBUG] [org.gradle.internal.operations.DefaultBuildOperationRunner] Build operation 'Download https://dl.google.com/dl/android/maven2/com/android/tools/build/manifest-merger/27.2.1/manifest-merger-27.2.1.jar' started
2021-06-06T09:17:20.335-0500 [DEBUG] [org.gradle.internal.operations.DefaultBuildOperationRunner] Completing Build operation 'Download https://repo.maven.apache.org/maven2/com/sun/activation/javax.activation/1.2.0/javax.activation-1.2.0.jar'
2021-06-06T09:17:20.336-0500 [DEBUG] [org.gradle.internal.operations.DefaultBuildOperationRunner] Completing Build operation 'Download https://repo.maven.apache.org/maven2/jakarta/activation/jakarta.activation-api/1.2.1/jakarta.activation-api-1.2.1.jar'
2021-06-06T09:17:20.350-0500 [DEBUG] [org.gradle.internal.operations.DefaultBuildOperationRunner] Completing Build operation 'Download https://repo.maven.apache.org/maven2/xml-apis/xml-apis/1.4.01/xml-apis-1.4.01.jar'
2021-06-06T09:17:20.357-0500 [DEBUG] [org.gradle.internal.operations.DefaultBuildOperationRunner] Completing Build operation 'Resolve javax.activation-1.2.0.jar (com.sun.activation:javax.activation:1.2.0)'
2021-06-06T09:17:20.358-0500 [DEBUG] [org.gradle.internal.operations.DefaultBuildOperationRunner] Build operation 'Resolve javax.activation-1.2.0.jar (com.sun.activation:javax.activation:1.2.0)' completed
2021-06-06T09:17:20.358-0500 [DEBUG] [org.gradle.internal.work.DefaultWorkerLeaseService] Worker lease root.1.93.95 completed (7 worker(s) in use)
2021-06-06T09:17:20.358-0500 [DEBUG] [org.gradle.internal.resources.AbstractTrackedResourceLock] Build operations Thread 4: released lock on root.1.93.95
2021-06-06T09:17:20.368-0500 [DEBUG] [org.gradle.internal.operations.DefaultBuildOperationRunner] Completing Build operation 'Resolve jakarta.activation-api-1.2.1.jar (jakarta.activation:jakarta.activation-api:1.2.1)'
2021-06-06T09:17:20.368-0500 [DEBUG] [org.gradle.internal.operations.DefaultBuildOperationRunner] Build operation 'Resolve jakarta.activation-api-1.2.1.jar (jakarta.activation:jakarta.activation-api:1.2.1)' completed
2021-06-06T09:17:20.368-0500 [DEBUG] [org.gradle.internal.work.DefaultWorkerLeaseService] Worker lease root.1.93.98 completed (6 worker(s) in use)
2021-06-06T09:17:20.368-0500 [DEBUG] [org.gradle.internal.resources.AbstractTrackedResourceLock] Build operations Thread 8: released lock on root.1.93.98
2021-06-06T09:17:20.368-0500 [DEBUG] [org.gradle.internal.operations.DefaultBuildOperationRunner] Completing Build operation 'Resolve xml-apis-1.4.01.jar (xml-apis:xml-apis:1.4.01)'
2021-06-06T09:17:20.368-0500 [DEBUG] [org.gradle.internal.operations.DefaultBuildOperationRunner] Build operation 'Resolve xml-apis-1.4.01.jar (xml-apis:xml-apis:1.4.01)' completed
2021-06-06T09:17:20.368-0500 [DEBUG] [org.gradle.internal.work.DefaultWorkerLeaseService] Worker lease root.1.93.96 completed (5 worker(s) in use)
2021-06-06T09:17:20.369-0500 [DEBUG] [org.gradle.internal.resources.AbstractTrackedResourceLock] Build operations Thread 3: released lock on root.1.93.96
2021-06-06T09:17:20.541-0500 [DEBUG] [org.gradle.internal.operations.DefaultBuildOperationRunner] Completing Build operation 'Download https://dl.google.com/dl/android/maven2/com/android/tools/build/manifest-merger/27.2.1/manifest-merger-27.2.1.jar'
2021-06-06T09:17:20.551-0500 [DEBUG] [org.gradle.internal.operations.DefaultBuildOperationRunner] Completing Build operation 'Resolve manifest-merger-27.2.1.jar (com.android.tools.build:manifest-merger:27.2.1)'
2021-06-06T09:17:20.551-0500 [DEBUG] [org.gradle.internal.operations.DefaultBuildOperationRunner] Build operation 'Resolve manifest-merger-27.2.1.jar (com.android.tools.build:manifest-merger:27.2.1)' completed
2021-06-06T09:17:20.551-0500 [DEBUG] [org.gradle.internal.work.DefaultWorkerLeaseService] Worker lease root.1.93.101 completed (4 worker(s) in use)
2021-06-06T09:17:20.551-0500 [DEBUG] [org.gradle.internal.resources.AbstractTrackedResourceLock] Build operations Thread 6: released lock on root.1.93.101
2021-06-06T09:17:20.596-0500 [DEBUG] [org.gradle.internal.operations.DefaultBuildOperationRunner] Completing Build operation 'Download https://repo.maven.apache.org/maven2/net/java/dev/jna/jna/5.6.0/jna-5.6.0.jar'
2021-06-06T09:17:20.618-0500 [DEBUG] [org.gradle.internal.operations.DefaultBuildOperationRunner] Completing Build operation 'Resolve jna-5.6.0.jar (net.java.dev.jna:jna:5.6.0)'
2021-06-06T09:17:20.619-0500 [DEBUG] [org.gradle.internal.operations.DefaultBuildOperationRunner] Build operation 'Resolve jna-5.6.0.jar (net.java.dev.jna:jna:5.6.0)' completed
2021-06-06T09:17:20.619-0500 [DEBUG] [org.gradle.internal.work.DefaultWorkerLeaseService] Worker lease root.1.93.94 completed (3 worker(s) in use)
2021-06-06T09:17:20.619-0500 [DEBUG] [org.gradle.internal.resources.AbstractTrackedResourceLock] Build operations Thread 5: released lock on root.1.93.94
2021-06-06T09:17:18.674-0500 [LIFECYCLE] [org.gradle.internal.logging.progress.ProgressLoggerFactory] 
2021-06-06T09:17:18.674-0500 [LIFECYCLE] [org.gradle.internal.logging.progress.ProgressLoggerFactory] > Configure project :
2021-06-06T09:17:18.688-0500 [DEBUG] [org.gradle.internal.operations.DefaultBuildOperationRunner] Build operation 'Download https://repo.maven.apache.org/maven2/org/apache/httpcomponents/httpclient/4.5.6/httpclient-4.5.6.jar' completed
2021-06-06T09:17:18.698-0500 [DEBUG] [org.gradle.api.internal.artifacts.ivyservice.ivyresolve.CachingModuleComponentRepository] Downloaded artifact 'httpclient-4.5.6.jar (org.apache.httpcomponents:httpclient:4.5.6)' from resolver: MavenRepo
2021-06-06T09:17:18.699-0500 [DEBUG] [org.gradle.api.internal.artifacts.repositories.resolver.DefaultExternalResourceArtifactResolver] Loading https://repo.maven.apache.org/maven2/commons-io/commons-io/2.4/commons-io-2.4.jar
2021-06-06T09:17:18.699-0500 [DEBUG] [org.gradle.internal.resource.transfer.DefaultCacheAwareExternalResourceAccessor] Constructing external resource: https://repo.maven.apache.org/maven2/commons-io/commons-io/2.4/commons-io-2.4.jar
2021-06-06T09:17:18.700-0500 [DEBUG] [org.gradle.internal.resource.transport.http.HttpResourceAccessor] Constructing external resource: https://repo.maven.apache.org/maven2/commons-io/commons-io/2.4/commons-io-2.4.jar
2021-06-06T09:17:18.700-0500 [DEBUG] [org.gradle.internal.resource.transport.http.HttpClientHelper] Performing HTTP GET: https://repo.maven.apache.org/maven2/commons-io/commons-io/2.4/commons-io-2.4.jar
2021-06-06T09:17:18.700-0500 [DEBUG] [org.apache.http.client.protocol.RequestAddCookies] CookieSpec selected: default
2021-06-06T09:17:18.701-0500 [DEBUG] [org.apache.http.client.protocol.RequestAuthCache] Auth cache not set in the context
2021-06-06T09:17:18.701-0500 [DEBUG] [org.apache.http.impl.conn.PoolingHttpClientConnectionManager] Connection request: [route: {s}->https://repo.maven.apache.org:443][total kept alive: 3; route allocated: 8 of 20; total allocated: 8 of 20]
2021-06-06T09:17:18.701-0500 [DEBUG] [org.apache.http.impl.conn.PoolingHttpClientConnectionManager] Connection leased: [id: 15][route: {s}->https://repo.maven.apache.org:443][total kept alive: 2; route allocated: 8 of 20; total allocated: 8 of 20]
2021-06-06T09:17:18.701-0500 [DEBUG] [org.apache.http.impl.conn.DefaultManagedHttpClientConnection] http-outgoing-15: set socket timeout to 30000
2021-06-06T09:17:18.701-0500 [DEBUG] [org.apache.http.impl.conn.DefaultManagedHttpClientConnection] http-outgoing-15: set socket timeout to 30000
2021-06-06T09:17:18.701-0500 [DEBUG] [org.apache.http.impl.execchain.MainClientExec] Executing request GET /maven2/commons-io/commons-io/2.4/commons-io-2.4.jar HTTP/1.1
2021-06-06T09:17:18.701-0500 [DEBUG] [org.apache.http.impl.execchain.MainClientExec] Target auth state: UNCHALLENGED
2021-06-06T09:17:18.701-0500 [DEBUG] [org.apache.http.impl.execchain.MainClientExec] Proxy auth state: UNCHALLENGED
2021-06-06T09:17:18.722-0500 [DEBUG] [org.apache.http.impl.execchain.MainClientExec] Connection can be kept alive indefinitely
2021-06-06T09:17:18.722-0500 [DEBUG] [org.gradle.internal.resource.transport.http.HttpResponseResource] Attempting to download resource https://dl.google.com/dl/android/maven2/com/android/databinding/baseLibrary/4.2.1/baseLibrary-4.2.1.jar.
2021-06-06T09:17:18.723-0500 [INFO] [org.gradle.internal.resource.transfer.DefaultCacheAwareExternalResourceAccessor] Downloading https://dl.google.com/dl/android/maven2/com/android/databinding/baseLibrary/4.2.1/baseLibrary-4.2.1.jar to C:\Users\gathi\AppData\Local\Temp\gradle_download7414964291443835864bin
2021-06-06T09:17:18.724-0500 [DEBUG] [org.apache.http.impl.conn.PoolingHttpClientConnectionManager] Connection [id: 6][route: {s}->https://dl.google.com:443] can be kept alive indefinitely
2021-06-06T09:17:18.724-0500 [DEBUG] [org.apache.http.impl.conn.DefaultManagedHttpClientConnection] http-outgoing-6: set socket timeout to 0
2021-06-06T09:17:18.725-0500 [DEBUG] [org.apache.http.impl.conn.PoolingHttpClientConnectionManager] Connection released: [id: 6][route: {s}->https://dl.google.com:443][total kept alive: 7; route allocated: 8 of 20; total allocated: 8 of 20]
2021-06-06T09:17:18.725-0500 [DEBUG] [org.gradle.internal.operations.DefaultBuildOperationRunner] Build operation 'Download https://dl.google.com/dl/android/maven2/com/android/databinding/baseLibrary/4.2.1/baseLibrary-4.2.1.jar' completed
2021-06-06T09:17:18.729-0500 [DEBUG] [org.apache.http.impl.execchain.MainClientExec] Connection can be kept alive indefinitely
2021-06-06T09:17:18.729-0500 [DEBUG] [org.gradle.internal.resource.transport.http.HttpResponseResource] Attempting to download resource https://repo.maven.apache.org/maven2/org/antlr/antlr4/4.5.3/antlr4-4.5.3.jar.
2021-06-06T09:17:18.730-0500 [DEBUG] [org.gradle.api.internal.artifacts.ivyservice.ivyresolve.CachingModuleComponentRepository] Downloaded artifact 'org.gradle.internal.component.external.model.UrlBackedArtifactMetadata@3d85b439' from resolver: Google
2021-06-06T09:17:18.730-0500 [DEBUG] [org.gradle.api.internal.artifacts.repositories.resolver.DefaultExternalResourceArtifactResolver] Loading https://repo.maven.apache.org/maven2/com/googlecode/juniversalchardet/juniversalchardet/1.0.3/juniversalchardet-1.0.3.jar
2021-06-06T09:17:18.730-0500 [DEBUG] [org.gradle.internal.resource.transfer.DefaultCacheAwareExternalResourceAccessor] Constructing external resource: https://repo.maven.apache.org/maven2/com/googlecode/juniversalchardet/juniversalchardet/1.0.3/juniversalchardet-1.0.3.jar
2021-06-06T09:17:18.731-0500 [INFO] [org.gradle.internal.resource.transfer.DefaultCacheAwareExternalResourceAccessor] Downloading https://repo.maven.apache.org/maven2/org/antlr/antlr4/4.5.3/antlr4-4.5.3.jar to C:\Users\gathi\AppData\Local\Temp\gradle_download17267170962810829233bin
2021-06-06T09:17:18.731-0500 [DEBUG] [org.gradle.internal.resource.transport.http.HttpResourceAccessor] Constructing external resource: https://repo.maven.apache.org/maven2/com/googlecode/juniversalchardet/juniversalchardet/1.0.3/juniversalchardet-1.0.3.jar
2021-06-06T09:17:18.731-0500 [DEBUG] [org.gradle.internal.resource.transport.http.HttpClientHelper] Performing HTTP GET: https://repo.maven.apache.org/maven2/com/googlecode/juniversalchardet/juniversalchardet/1.0.3/juniversalchardet-1.0.3.jar
2021-06-06T09:17:18.732-0500 [DEBUG] [org.apache.http.client.protocol.RequestAddCookies] CookieSpec selected: default
2021-06-06T09:17:18.732-0500 [DEBUG] [org.apache.http.client.protocol.RequestAuthCache] Auth cache not set in the context
2021-06-06T09:17:18.732-0500 [DEBUG] [org.apache.http.impl.conn.PoolingHttpClientConnectionManager] Connection request: [route: {s}->https://repo.maven.apache.org:443][total kept alive: 2; route allocated: 8 of 20; total allocated: 8 of 20]
2021-06-06T09:17:18.732-0500 [DEBUG] [org.apache.http.impl.conn.PoolingHttpClientConnectionManager] Connection leased: [id: 13][route: {s}->https://repo.maven.apache.org:443][total kept alive: 1; route allocated: 8 of 20; total allocated: 8 of 20]
2021-06-06T09:17:18.732-0500 [DEBUG] [org.apache.http.impl.conn.DefaultManagedHttpClientConnection] http-outgoing-13: set socket timeout to 30000
2021-06-06T09:17:18.732-0500 [DEBUG] [org.apache.http.impl.conn.DefaultManagedHttpClientConnection] http-outgoing-13: set socket timeout to 30000
2021-06-06T09:17:18.732-0500 [DEBUG] [org.apache.http.impl.execchain.MainClientExec] Executing request GET /maven2/com/googlecode/juniversalchardet/juniversalchardet/1.0.3/juniversalchardet-1.0.3.jar HTTP/1.1
2021-06-06T09:17:18.732-0500 [DEBUG] [org.apache.http.impl.execchain.MainClientExec] Target auth state: UNCHALLENGED
2021-06-06T09:17:18.732-0500 [DEBUG] [org.apache.http.impl.execchain.MainClientExec] Proxy auth state: UNCHALLENGED
2021-06-06T09:17:18.787-0500 [DEBUG] [org.apache.http.impl.execchain.MainClientExec] Connection can be kept alive indefinitely
2021-06-06T09:17:18.787-0500 [DEBUG] [org.gradle.internal.resource.transport.http.HttpResponseResource] Attempting to download resource https://repo.maven.apache.org/maven2/commons-io/commons-io/2.4/commons-io-2.4.jar.
2021-06-06T09:17:18.788-0500 [INFO] [org.gradle.internal.resource.transfer.DefaultCacheAwareExternalResourceAccessor] Downloading https://repo.maven.apache.org/maven2/commons-io/commons-io/2.4/commons-io-2.4.jar to C:\Users\gathi\AppData\Local\Temp\gradle_download5431832887838198954bin
2021-06-06T09:17:18.829-0500 [DEBUG] [org.apache.http.impl.execchain.MainClientExec] Connection can be kept alive indefinitely
2021-06-06T09:17:18.829-0500 [DEBUG] [org.gradle.internal.resource.transport.http.HttpResponseResource] Attempting to download resource https://repo.maven.apache.org/maven2/com/googlecode/juniversalchardet/juniversalchardet/1.0.3/juniversalchardet-1.0.3.jar.
2021-06-06T09:17:18.831-0500 [INFO] [org.gradle.internal.resource.transfer.DefaultCacheAwareExternalResourceAccessor] Downloading https://repo.maven.apache.org/maven2/com/googlecode/juniversalchardet/juniversalchardet/1.0.3/juniversalchardet-1.0.3.jar to C:\Users\gathi\AppData\Local\Temp\gradle_download17948791882993423049bin
2021-06-06T09:17:18.847-0500 [DEBUG] [org.apache.http.impl.conn.PoolingHttpClientConnectionManager] Connection [id: 14][route: {s}->https://repo.maven.apache.org:443] can be kept alive indefinitely
2021-06-06T09:17:18.847-0500 [DEBUG] [org.apache.http.impl.conn.DefaultManagedHttpClientConnection] http-outgoing-14: set socket timeout to 0
2021-06-06T09:17:18.848-0500 [DEBUG] [org.apache.http.impl.conn.PoolingHttpClientConnectionManager] Connection released: [id: 14][route: {s}->https://repo.maven.apache.org:443][total kept alive: 2; route allocated: 8 of 20; total allocated: 8 of 20]
2021-06-06T09:17:18.848-0500 [DEBUG] [org.gradle.internal.operations.DefaultBuildOperationRunner] Build operation 'Download https://repo.maven.apache.org/maven2/com/google/guava/guava/28.1-jre/guava-28.1-jre.jar' completed
2021-06-06T09:17:18.850-0500 [DEBUG] [org.apache.http.impl.conn.PoolingHttpClientConnectionManager] Connection [id: 15][route: {s}->https://repo.maven.apache.org:443] can be kept alive indefinitely
2021-06-06T09:17:18.850-0500 [DEBUG] [org.apache.http.impl.conn.DefaultManagedHttpClientConnection] http-outgoing-15: set socket timeout to 0
2021-06-06T09:17:18.850-0500 [DEBUG] [org.apache.http.impl.conn.PoolingHttpClientConnectionManager] Connection released: [id: 15][route: {s}->https://repo.maven.apache.org:443][total kept alive: 3; route allocated: 8 of 20; total allocated: 8 of 20]
2021-06-06T09:17:18.850-0500 [DEBUG] [org.gradle.internal.operations.DefaultBuildOperationRunner] Build operation 'Download https://repo.maven.apache.org/maven2/commons-io/commons-io/2.4/commons-io-2.4.jar' completed
2021-06-06T09:17:18.873-0500 [DEBUG] [org.apache.http.impl.conn.PoolingHttpClientConnectionManager] Connection [id: 13][route: {s}->https://repo.maven.apache.org:443] can be kept alive indefinitely
2021-06-06T09:17:18.873-0500 [DEBUG] [org.apache.http.impl.conn.DefaultManagedHttpClientConnection] http-outgoing-13: set socket timeout to 0
2021-06-06T09:17:18.873-0500 [DEBUG] [org.apache.http.impl.conn.PoolingHttpClientConnectionManager] Connection released: [id: 13][route: {s}->https://repo.maven.apache.org:443][total kept alive: 4; route allocated: 8 of 20; total allocated: 8 of 20]
2021-06-06T09:17:18.873-0500 [DEBUG] [org.gradle.internal.operations.DefaultBuildOperationRunner] Build operation 'Download https://repo.maven.apache.org/maven2/com/googlecode/juniversalchardet/juniversalchardet/1.0.3/juniversalchardet-1.0.3.jar' completed
2021-06-06T09:17:18.876-0500 [DEBUG] [org.gradle.api.internal.artifacts.ivyservice.ivyresolve.CachingModuleComponentRepository] Downloaded artifact 'guava-28.1-jre.jar (com.google.guava:guava:28.1-jre)' from resolver: MavenRepo
2021-06-06T09:17:18.882-0500 [DEBUG] [org.gradle.api.internal.artifacts.ivyservice.ivyresolve.CachingModuleComponentRepository] Downloaded artifact 'commons-io-2.4.jar (commons-io:commons-io:2.4)' from resolver: MavenRepo
2021-06-06T09:17:18.889-0500 [DEBUG] [org.gradle.api.internal.artifacts.ivyservice.ivyresolve.CachingModuleComponentRepository] Downloaded artifact 'juniversalchardet-1.0.3.jar (com.googlecode.juniversalchardet:juniversalchardet:1.0.3)' from resolver: MavenRepo
2021-06-06T09:17:18.890-0500 [DEBUG] [org.gradle.api.internal.artifacts.repositories.resolver.DefaultExternalResourceArtifactResolver] Loading https://repo.maven.apache.org/maven2/net/sf/proguard/proguard-base/6.0.3/proguard-base-6.0.3.jar
2021-06-06T09:17:18.889-0500 [DEBUG] [org.gradle.api.internal.artifacts.repositories.resolver.DefaultExternalResourceArtifactResolver] Loading https://repo.maven.apache.org/maven2/org/glassfish/jaxb/jaxb-runtime/2.3.2/jaxb-runtime-2.3.2.jar
2021-06-06T09:17:18.890-0500 [DEBUG] [org.gradle.internal.resource.transfer.DefaultCacheAwareExternalResourceAccessor] Constructing external resource: https://repo.maven.apache.org/maven2/net/sf/proguard/proguard-base/6.0.3/proguard-base-6.0.3.jar
2021-06-06T09:17:18.890-0500 [DEBUG] [org.gradle.internal.resource.transfer.DefaultCacheAwareExternalResourceAccessor] Constructing external resource: https://repo.maven.apache.org/maven2/org/glassfish/jaxb/jaxb-runtime/2.3.2/jaxb-runtime-2.3.2.jar
2021-06-06T09:17:18.890-0500 [DEBUG] [org.gradle.api.internal.artifacts.repositories.resolver.DefaultExternalResourceArtifactResolver] Loading https://repo.maven.apache.org/maven2/com/google/auto/value/auto-value-annotations/1.6.2/auto-value-annotations-1.6.2.jar
2021-06-06T09:17:18.890-0500 [DEBUG] [org.gradle.internal.resource.transfer.DefaultCacheAwareExternalResourceAccessor] Constructing external resource: https://repo.maven.apache.org/maven2/com/google/auto/value/auto-value-annotations/1.6.2/auto-value-annotations-1.6.2.jar
2021-06-06T09:17:18.892-0500 [DEBUG] [org.gradle.internal.resource.transport.http.HttpResourceAccessor] Constructing external resource: https://repo.maven.apache.org/maven2/com/google/auto/value/auto-value-annotations/1.6.2/auto-value-annotations-1.6.2.jar
2021-06-06T09:17:18.892-0500 [DEBUG] [org.gradle.internal.resource.transport.http.HttpResourceAccessor] Constructing external resource: https://repo.maven.apache.org/maven2/net/sf/proguard/proguard-base/6.0.3/proguard-base-6.0.3.jar
2021-06-06T09:17:18.892-0500 [DEBUG] [org.gradle.internal.resource.transport.http.HttpClientHelper] Performing HTTP GET: https://repo.maven.apache.org/maven2/com/google/auto/value/auto-value-annotations/1.6.2/auto-value-annotations-1.6.2.jar
2021-06-06T09:17:18.892-0500 [DEBUG] [org.gradle.internal.resource.transport.http.HttpResourceAccessor] Constructing external resource: https://repo.maven.apache.org/maven2/org/glassfish/jaxb/jaxb-runtime/2.3.2/jaxb-runtime-2.3.2.jar
2021-06-06T09:17:18.893-0500 [DEBUG] [org.apache.http.client.protocol.RequestAddCookies] CookieSpec selected: default
2021-06-06T09:17:18.893-0500 [DEBUG] [org.gradle.internal.resource.transport.http.HttpClientHelper] Performing HTTP GET: https://repo.maven.apache.org/maven2/net/sf/proguard/proguard-base/6.0.3/proguard-base-6.0.3.jar
2021-06-06T09:17:18.893-0500 [DEBUG] [org.apache.http.client.protocol.RequestAuthCache] Auth cache not set in the context
2021-06-06T09:17:18.893-0500 [DEBUG] [org.gradle.internal.resource.transport.http.HttpClientHelper] Performing HTTP GET: https://repo.maven.apache.org/maven2/org/glassfish/jaxb/jaxb-runtime/2.3.2/jaxb-runtime-2.3.2.jar
2021-06-06T09:17:18.893-0500 [DEBUG] [org.apache.http.client.protocol.RequestAddCookies] CookieSpec selected: default
2021-06-06T09:17:18.893-0500 [DEBUG] [org.apache.http.client.protocol.RequestAddCookies] CookieSpec selected: default
2021-06-06T09:17:18.893-0500 [DEBUG] [org.apache.http.impl.conn.PoolingHttpClientConnectionManager] Connection request: [route: {s}->https://repo.maven.apache.org:443][total kept alive: 4; route allocated: 8 of 20; total allocated: 8 of 20]
2021-06-06T09:17:18.893-0500 [DEBUG] [org.apache.http.client.protocol.RequestAuthCache] Auth cache not set in the context
2021-06-06T09:17:18.893-0500 [DEBUG] [org.apache.http.client.protocol.RequestAuthCache] Auth cache not set in the context
2021-06-06T09:17:18.894-0500 [DEBUG] [org.apache.http.impl.conn.PoolingHttpClientConnectionManager] Connection request: [route: {s}->https://repo.maven.apache.org:443][total kept alive: 3; route allocated: 8 of 20; total allocated: 8 of 20]
2021-06-06T09:17:18.894-0500 [DEBUG] [org.apache.http.impl.conn.PoolingHttpClientConnectionManager] Connection request: [route: {s}->https://repo.maven.apache.org:443][total kept alive: 3; route allocated: 8 of 20; total allocated: 8 of 20]
2021-06-06T09:17:18.893-0500 [DEBUG] [org.apache.http.impl.conn.PoolingHttpClientConnectionManager] Connection leased: [id: 13][route: {s}->https://repo.maven.apache.org:443][total kept alive: 3; route allocated: 8 of 20; total allocated: 8 of 20]
2021-06-06T09:17:18.894-0500 [DEBUG] [org.apache.http.impl.conn.PoolingHttpClientConnectionManager] Connection leased: [id: 14][route: {s}->https://repo.maven.apache.org:443][total kept alive: 1; route allocated: 8 of 20; total allocated: 8 of 20]
2021-06-06T09:17:18.894-0500 [DEBUG] [org.apache.http.impl.conn.PoolingHttpClientConnectionManager] Connection leased: [id: 15][route: {s}->https://repo.maven.apache.org:443][total kept alive: 2; route allocated: 8 of 20; total allocated: 8 of 20]
2021-06-06T09:17:18.894-0500 [DEBUG] [org.apache.http.impl.conn.DefaultManagedHttpClientConnection] http-outgoing-15: set socket timeout to 30000
2021-06-06T09:17:18.894-0500 [DEBUG] [org.apache.http.impl.conn.DefaultManagedHttpClientConnection] http-outgoing-14: set socket timeout to 30000
2021-06-06T09:17:18.894-0500 [DEBUG] [org.apache.http.impl.conn.DefaultManagedHttpClientConnection] http-outgoing-13: set socket timeout to 30000
2021-06-06T09:17:18.895-0500 [DEBUG] [org.apache.http.impl.conn.DefaultManagedHttpClientConnection] http-outgoing-14: set socket timeout to 30000
2021-06-06T09:17:18.894-0500 [DEBUG] [org.apache.http.impl.conn.DefaultManagedHttpClientConnection] http-outgoing-15: set socket timeout to 30000
2021-06-06T09:17:18.895-0500 [DEBUG] [org.apache.http.impl.execchain.MainClientExec] Executing request GET /maven2/org/glassfish/jaxb/jaxb-runtime/2.3.2/jaxb-runtime-2.3.2.jar HTTP/1.1
2021-06-06T09:17:18.895-0500 [DEBUG] [org.apache.http.impl.execchain.MainClientExec] Target auth state: UNCHALLENGED
2021-06-06T09:17:18.895-0500 [DEBUG] [org.apache.http.impl.execchain.MainClientExec] Proxy auth state: UNCHALLENGED
2021-06-06T09:17:18.895-0500 [DEBUG] [org.apache.http.impl.conn.DefaultManagedHttpClientConnection] http-outgoing-13: set socket timeout to 30000
2021-06-06T09:17:18.895-0500 [DEBUG] [org.apache.http.impl.execchain.MainClientExec] Executing request GET /maven2/com/google/auto/value/auto-value-annotations/1.6.2/auto-value-annotations-1.6.2.jar HTTP/1.1
2021-06-06T09:17:18.895-0500 [DEBUG] [org.apache.http.impl.execchain.MainClientExec] Target auth state: UNCHALLENGED
2021-06-06T09:17:18.895-0500 [DEBUG] [org.apache.http.impl.execchain.MainClientExec] Proxy auth state: UNCHALLENGED
2021-06-06T09:17:18.895-0500 [DEBUG] [org.apache.http.impl.execchain.MainClientExec] Executing request GET /maven2/net/sf/proguard/proguard-base/6.0.3/proguard-base-6.0.3.jar HTTP/1.1
2021-06-06T09:17:18.896-0500 [DEBUG] [org.apache.http.impl.execchain.MainClientExec] Target auth state: UNCHALLENGED
2021-06-06T09:17:18.896-0500 [DEBUG] [org.apache.http.impl.execchain.MainClientExec] Proxy auth state: UNCHALLENGED
2021-06-06T09:17:18.967-0500 [DEBUG] [org.apache.http.impl.conn.PoolingHttpClientConnectionManager] Connection [id: 2][route: {s}->https://repo.maven.apache.org:443] can be kept alive indefinitely
2021-06-06T09:17:18.967-0500 [DEBUG] [org.apache.http.impl.conn.DefaultManagedHttpClientConnection] http-outgoing-2: set socket timeout to 0
2021-06-06T09:17:18.967-0500 [DEBUG] [org.apache.http.impl.conn.PoolingHttpClientConnectionManager] Connection released: [id: 2][route: {s}->https://repo.maven.apache.org:443][total kept alive: 2; route allocated: 8 of 20; total allocated: 8 of 20]
2021-06-06T09:17:18.968-0500 [DEBUG] [org.gradle.internal.operations.DefaultBuildOperationRunner] Build operation 'Download https://repo.maven.apache.org/maven2/org/bouncycastle/bcprov-jdk15on/1.56/bcprov-jdk15on-1.56.jar' completed
2021-06-06T09:17:18.976-0500 [DEBUG] [org.apache.http.impl.execchain.MainClientExec] Connection can be kept alive indefinitely
2021-06-06T09:17:18.976-0500 [DEBUG] [org.gradle.internal.resource.transport.http.HttpResponseResource] Attempting to download resource https://repo.maven.apache.org/maven2/com/google/auto/value/auto-value-annotations/1.6.2/auto-value-annotations-1.6.2.jar.
2021-06-06T09:17:18.977-0500 [INFO] [org.gradle.internal.resource.transfer.DefaultCacheAwareExternalResourceAccessor] Downloading https://repo.maven.apache.org/maven2/com/google/auto/value/auto-value-annotations/1.6.2/auto-value-annotations-1.6.2.jar to C:\Users\gathi\AppData\Local\Temp\gradle_download2688705914424363043bin
2021-06-06T09:17:18.978-0500 [DEBUG] [org.apache.http.impl.conn.PoolingHttpClientConnectionManager] Connection [id: 13][route: {s}->https://repo.maven.apache.org:443] can be kept alive indefinitely
2021-06-06T09:17:18.978-0500 [DEBUG] [org.apache.http.impl.conn.DefaultManagedHttpClientConnection] http-outgoing-13: set socket timeout to 0
2021-06-06T09:17:18.979-0500 [DEBUG] [org.apache.http.impl.conn.PoolingHttpClientConnectionManager] Connection released: [id: 13][route: {s}->https://repo.maven.apache.org:443][total kept alive: 3; route allocated: 8 of 20; total allocated: 8 of 20]
2021-06-06T09:17:18.979-0500 [DEBUG] [org.gradle.internal.operations.DefaultBuildOperationRunner] Build operation 'Download https://repo.maven.apache.org/maven2/com/google/auto/value/auto-value-annotations/1.6.2/auto-value-annotations-1.6.2.jar' completed
2021-06-06T09:17:18.979-0500 [DEBUG] [org.apache.http.impl.execchain.MainClientExec] Connection can be kept alive indefinitely
2021-06-06T09:17:18.980-0500 [DEBUG] [org.gradle.internal.resource.transport.http.HttpResponseResource] Attempting to download resource https://repo.maven.apache.org/maven2/org/glassfish/jaxb/jaxb-runtime/2.3.2/jaxb-runtime-2.3.2.jar.
2021-06-06T09:17:18.981-0500 [INFO] [org.gradle.internal.resource.transfer.DefaultCacheAwareExternalResourceAccessor] Downloading https://repo.maven.apache.org/maven2/org/glassfish/jaxb/jaxb-runtime/2.3.2/jaxb-runtime-2.3.2.jar to C:\Users\gathi\AppData\Local\Temp\gradle_download15240199344287574555bin
2021-06-06T09:17:18.981-0500 [DEBUG] [org.apache.http.impl.execchain.MainClientExec] Connection can be kept alive indefinitely
2021-06-06T09:17:18.982-0500 [DEBUG] [org.gradle.internal.resource.transport.http.HttpResponseResource] Attempting to download resource https://repo.maven.apache.org/maven2/net/sf/proguard/proguard-base/6.0.3/proguard-base-6.0.3.jar.
2021-06-06T09:17:18.983-0500 [INFO] [org.gradle.internal.resource.transfer.DefaultCacheAwareExternalResourceAccessor] Downloading https://repo.maven.apache.org/maven2/net/sf/proguard/proguard-base/6.0.3/proguard-base-6.0.3.jar to C:\Users\gathi\AppData\Local\Temp\gradle_download10503981204627818514bin
2021-06-06T09:17:19.009-0500 [DEBUG] [org.gradle.api.internal.artifacts.ivyservice.ivyresolve.CachingModuleComponentRepository] Downloaded artifact 'bcprov-jdk15on-1.56.jar (org.bouncycastle:bcprov-jdk15on:1.56)' from resolver: MavenRepo
2021-06-06T09:17:19.014-0500 [DEBUG] [org.gradle.api.internal.artifacts.ivyservice.ivyresolve.CachingModuleComponentRepository] Downloaded artifact 'auto-value-annotations-1.6.2.jar (com.google.auto.value:auto-value-annotations:1.6.2)' from resolver: MavenRepo
2021-06-06T09:17:19.014-0500 [DEBUG] [org.gradle.api.internal.artifacts.repositories.resolver.DefaultExternalResourceArtifactResolver] Loading https://repo.maven.apache.org/maven2/com/google/errorprone/error_prone_annotations/2.3.2/error_prone_annotations-2.3.2.jar
2021-06-06T09:17:19.014-0500 [DEBUG] [org.gradle.internal.resource.transfer.DefaultCacheAwareExternalResourceAccessor] Constructing external resource: https://repo.maven.apache.org/maven2/com/google/errorprone/error_prone_annotations/2.3.2/error_prone_annotations-2.3.2.jar
2021-06-06T09:17:19.015-0500 [DEBUG] [org.gradle.api.internal.artifacts.repositories.resolver.DefaultExternalResourceArtifactResolver] Loading https://repo.maven.apache.org/maven2/org/jdom/jdom2/2.0.6/jdom2-2.0.6.jar
2021-06-06T09:17:19.015-0500 [DEBUG] [org.gradle.internal.resource.transfer.DefaultCacheAwareExternalResourceAccessor] Constructing external resource: https://repo.maven.apache.org/maven2/org/jdom/jdom2/2.0.6/jdom2-2.0.6.jar
2021-06-06T09:17:19.017-0500 [DEBUG] [org.gradle.internal.resource.transport.http.HttpResourceAccessor] Constructing external resource: https://repo.maven.apache.org/maven2/com/google/errorprone/error_prone_annotations/2.3.2/error_prone_annotations-2.3.2.jar
2021-06-06T09:17:19.017-0500 [DEBUG] [org.gradle.internal.resource.transport.http.HttpClientHelper] Performing HTTP GET: https://repo.maven.apache.org/maven2/com/google/errorprone/error_prone_annotations/2.3.2/error_prone_annotations-2.3.2.jar
2021-06-06T09:17:19.017-0500 [DEBUG] [org.gradle.internal.resource.transport.http.HttpResourceAccessor] Constructing external resource metadata: https://repo.maven.apache.org/maven2/org/jdom/jdom2/2.0.6/jdom2-2.0.6.jar
2021-06-06T09:17:19.017-0500 [DEBUG] [org.apache.http.client.protocol.RequestAddCookies] CookieSpec selected: default
2021-06-06T09:17:19.017-0500 [DEBUG] [org.gradle.internal.resource.transport.http.HttpClientHelper] Performing HTTP HEAD: https://repo.maven.apache.org/maven2/org/jdom/jdom2/2.0.6/jdom2-2.0.6.jar
2021-06-06T09:17:19.017-0500 [DEBUG] [org.apache.http.client.protocol.RequestAuthCache] Auth cache not set in the context
2021-06-06T09:17:19.017-0500 [DEBUG] [org.apache.http.client.protocol.RequestAddCookies] CookieSpec selected: default
2021-06-06T09:17:19.017-0500 [DEBUG] [org.apache.http.impl.conn.PoolingHttpClientConnectionManager] Connection request: [route: {s}->https://repo.maven.apache.org:443][total kept alive: 3; route allocated: 8 of 20; total allocated: 8 of 20]
2021-06-06T09:17:19.017-0500 [DEBUG] [org.apache.http.client.protocol.RequestAuthCache] Auth cache not set in the context
2021-06-06T09:17:19.017-0500 [DEBUG] [org.apache.http.impl.conn.PoolingHttpClientConnectionManager] Connection leased: [id: 13][route: {s}->https://repo.maven.apache.org:443][total kept alive: 2; route allocated: 8 of 20; total allocated: 8 of 20]
2021-06-06T09:17:19.018-0500 [DEBUG] [org.apache.http.impl.conn.PoolingHttpClientConnectionManager] Connection request: [route: {s}->https://repo.maven.apache.org:443][total kept alive: 2; route allocated: 8 of 20; total allocated: 8 of 20]
2021-06-06T09:17:19.018-0500 [DEBUG] [org.apache.http.impl.conn.DefaultManagedHttpClientConnection] http-outgoing-13: set socket timeout to 30000
2021-06-06T09:17:19.018-0500 [DEBUG] [org.apache.http.impl.conn.PoolingHttpClientConnectionManager] Connection leased: [id: 2][route: {s}->https://repo.maven.apache.org:443][total kept alive: 1; route allocated: 8 of 20; total allocated: 8 of 20]
2021-06-06T09:17:19.018-0500 [DEBUG] [org.apache.http.impl.conn.DefaultManagedHttpClientConnection] http-outgoing-2: set socket timeout to 30000
2021-06-06T09:17:19.018-0500 [DEBUG] [org.apache.http.impl.conn.DefaultManagedHttpClientConnection] http-outgoing-2: set socket timeout to 30000
2021-06-06T09:17:19.018-0500 [DEBUG] [org.apache.http.impl.execchain.MainClientExec] Executing request HEAD /maven2/org/jdom/jdom2/2.0.6/jdom2-2.0.6.jar HTTP/1.1
2021-06-06T09:17:19.018-0500 [DEBUG] [org.apache.http.impl.execchain.MainClientExec] Target auth state: UNCHALLENGED
2021-06-06T09:17:19.018-0500 [DEBUG] [org.apache.http.impl.execchain.MainClientExec] Proxy auth state: UNCHALLENGED
2021-06-06T09:17:19.018-0500 [DEBUG] [org.apache.http.impl.conn.DefaultManagedHttpClientConnection] http-outgoing-13: set socket timeout to 30000
2021-06-06T09:17:19.018-0500 [DEBUG] [org.apache.http.impl.execchain.MainClientExec] Executing request GET /maven2/com/google/errorprone/error_prone_annotations/2.3.2/error_prone_annotations-2.3.2.jar HTTP/1.1
2021-06-06T09:17:19.018-0500 [DEBUG] [org.apache.http.impl.execchain.MainClientExec] Target auth state: UNCHALLENGED
2021-06-06T09:17:19.018-0500 [DEBUG] [org.apache.http.impl.execchain.MainClientExec] Proxy auth state: UNCHALLENGED
2021-06-06T09:17:19.117-0500 [DEBUG] [org.apache.http.impl.execchain.MainClientExec] Connection can be kept alive indefinitely
2021-06-06T09:17:19.118-0500 [DEBUG] [org.gradle.internal.resource.transport.http.HttpResponseResource] Attempting to download resource https://repo.maven.apache.org/maven2/com/google/errorprone/error_prone_annotations/2.3.2/error_prone_annotations-2.3.2.jar.
2021-06-06T09:17:19.119-0500 [DEBUG] [org.apache.http.impl.execchain.MainClientExec] Connection can be kept alive indefinitely
2021-06-06T09:17:19.119-0500 [DEBUG] [org.apache.http.impl.conn.PoolingHttpClientConnectionManager] Connection [id: 2][route: {s}->https://repo.maven.apache.org:443] can be kept alive indefinitely
2021-06-06T09:17:19.119-0500 [INFO] [org.gradle.internal.resource.transfer.DefaultCacheAwareExternalResourceAccessor] Downloading https://repo.maven.apache.org/maven2/com/google/errorprone/error_prone_annotations/2.3.2/error_prone_annotations-2.3.2.jar to C:\Users\gathi\AppData\Local\Temp\gradle_download17606784964390953278bin
2021-06-06T09:17:19.119-0500 [DEBUG] [org.apache.http.impl.conn.DefaultManagedHttpClientConnection] http-outgoing-2: set socket timeout to 0
2021-06-06T09:17:19.119-0500 [DEBUG] [org.apache.http.impl.conn.PoolingHttpClientConnectionManager] Connection released: [id: 2][route: {s}->https://repo.maven.apache.org:443][total kept alive: 2; route allocated: 8 of 20; total allocated: 8 of 20]
2021-06-06T09:17:19.120-0500 [DEBUG] [org.gradle.internal.operations.DefaultBuildOperationRunner] Build operation 'Metadata of https://repo.maven.apache.org/maven2/org/jdom/jdom2/2.0.6/jdom2-2.0.6.jar' completed
2021-06-06T09:17:19.122-0500 [DEBUG] [org.apache.http.impl.conn.PoolingHttpClientConnectionManager] Connection [id: 13][route: {s}->https://repo.maven.apache.org:443] can be kept alive indefinitely
2021-06-06T09:17:19.122-0500 [DEBUG] [org.apache.http.impl.conn.DefaultManagedHttpClientConnection] http-outgoing-13: set socket timeout to 0
2021-06-06T09:17:19.122-0500 [DEBUG] [org.apache.http.impl.conn.PoolingHttpClientConnectionManager] Connection released: [id: 13][route: {s}->https://repo.maven.apache.org:443][total kept alive: 3; route allocated: 8 of 20; total allocated: 8 of 20]
2021-06-06T09:17:19.122-0500 [DEBUG] [org.gradle.internal.operations.DefaultBuildOperationRunner] Build operation 'Download https://repo.maven.apache.org/maven2/com/google/errorprone/error_prone_annotations/2.3.2/error_prone_annotations-2.3.2.jar' completed
2021-06-06T09:17:19.125-0500 [INFO] [org.gradle.internal.resource.transfer.DefaultCacheAwareExternalResourceAccessor] Found locally available resource with matching checksum: [https://repo.maven.apache.org/maven2/org/jdom/jdom2/2.0.6/jdom2-2.0.6.jar, C:\Users\gathi\.m2\repository\org\jdom\jdom2\2.0.6\jdom2-2.0.6.jar]
2021-06-06T09:17:19.129-0500 [DEBUG] [org.gradle.api.internal.artifacts.ivyservice.ivyresolve.CachingModuleComponentRepository] Downloaded artifact 'error_prone_annotations-2.3.2.jar (com.google.errorprone:error_prone_annotations:2.3.2)' from resolver: MavenRepo
2021-06-06T09:17:19.130-0500 [DEBUG] [org.gradle.api.internal.artifacts.repositories.resolver.DefaultExternalResourceArtifactResolver] Loading https://repo.maven.apache.org/maven2/org/json/json/20180813/json-20180813.jar
2021-06-06T09:17:19.130-0500 [DEBUG] [org.gradle.internal.resource.transfer.DefaultCacheAwareExternalResourceAccessor] Constructing external resource: https://repo.maven.apache.org/maven2/org/json/json/20180813/json-20180813.jar
2021-06-06T09:17:19.132-0500 [DEBUG] [org.gradle.internal.resource.transport.http.HttpResourceAccessor] Constructing external resource: https://repo.maven.apache.org/maven2/org/json/json/20180813/json-20180813.jar
2021-06-06T09:17:19.132-0500 [DEBUG] [org.gradle.internal.resource.transport.http.HttpClientHelper] Performing HTTP GET: https://repo.maven.apache.org/maven2/org/json/json/20180813/json-20180813.jar
2021-06-06T09:17:19.132-0500 [DEBUG] [org.apache.http.client.protocol.RequestAddCookies] CookieSpec selected: default
2021-06-06T09:17:19.132-0500 [DEBUG] [org.apache.http.client.protocol.RequestAuthCache] Auth cache not set in the context
2021-06-06T09:17:19.132-0500 [DEBUG] [org.apache.http.impl.conn.PoolingHttpClientConnectionManager] Connection request: [route: {s}->https://repo.maven.apache.org:443][total kept alive: 3; route allocated: 8 of 20; total allocated: 8 of 20]
2021-06-06T09:17:19.132-0500 [DEBUG] [org.apache.http.impl.conn.PoolingHttpClientConnectionManager] Connection leased: [id: 13][route: {s}->https://repo.maven.apache.org:443][total kept alive: 2; route allocated: 8 of 20; total allocated: 8 of 20]
2021-06-06T09:17:19.132-0500 [DEBUG] [org.apache.http.impl.conn.DefaultManagedHttpClientConnection] http-outgoing-13: set socket timeout to 30000
2021-06-06T09:17:19.133-0500 [DEBUG] [org.apache.http.impl.conn.DefaultManagedHttpClientConnection] http-outgoing-13: set socket timeout to 30000
2021-06-06T09:17:19.133-0500 [DEBUG] [org.apache.http.impl.execchain.MainClientExec] Executing request GET /maven2/org/json/json/20180813/json-20180813.jar HTTP/1.1
2021-06-06T09:17:19.133-0500 [DEBUG] [org.apache.http.impl.execchain.MainClientExec] Target auth state: UNCHALLENGED
2021-06-06T09:17:19.133-0500 [DEBUG] [org.apache.http.impl.execchain.MainClientExec] Proxy auth state: UNCHALLENGED
2021-06-06T09:17:19.141-0500 [DEBUG] [org.gradle.api.internal.artifacts.ivyservice.ivyresolve.CachingModuleComponentRepository] Downloaded artifact 'jdom2-2.0.6.jar (org.jdom:jdom2:2.0.6)' from resolver: MavenRepo
2021-06-06T09:17:19.142-0500 [DEBUG] [org.gradle.api.internal.artifacts.repositories.resolver.DefaultExternalResourceArtifactResolver] Loading https://repo.maven.apache.org/maven2/org/jetbrains/kotlin/kotlin-stdlib-common/1.4.32/kotlin-stdlib-common-1.4.32.jar
2021-06-06T09:17:19.142-0500 [DEBUG] [org.gradle.internal.resource.transfer.DefaultCacheAwareExternalResourceAccessor] Constructing external resource: https://repo.maven.apache.org/maven2/org/jetbrains/kotlin/kotlin-stdlib-common/1.4.32/kotlin-stdlib-common-1.4.32.jar
2021-06-06T09:17:19.145-0500 [DEBUG] [org.gradle.internal.resource.transport.http.HttpResourceAccessor] Constructing external resource: https://repo.maven.apache.org/maven2/org/jetbrains/kotlin/kotlin-stdlib-common/1.4.32/kotlin-stdlib-common-1.4.32.jar
2021-06-06T09:17:19.145-0500 [DEBUG] [org.gradle.internal.resource.transport.http.HttpClientHelper] Performing HTTP GET: https://repo.maven.apache.org/maven2/org/jetbrains/kotlin/kotlin-stdlib-common/1.4.32/kotlin-stdlib-common-1.4.32.jar
2021-06-06T09:17:19.146-0500 [DEBUG] [org.apache.http.client.protocol.RequestAddCookies] CookieSpec selected: default
2021-06-06T09:17:19.146-0500 [DEBUG] [org.apache.http.client.protocol.RequestAuthCache] Auth cache not set in the context
2021-06-06T09:17:19.146-0500 [DEBUG] [org.apache.http.impl.conn.PoolingHttpClientConnectionManager] Connection request: [route: {s}->https://repo.maven.apache.org:443][total kept alive: 2; route allocated: 8 of 20; total allocated: 8 of 20]
2021-06-06T09:17:19.146-0500 [DEBUG] [org.apache.http.impl.conn.PoolingHttpClientConnectionManager] Connection leased: [id: 2][route: {s}->https://repo.maven.apache.org:443][total kept alive: 1; route allocated: 8 of 20; total allocated: 8 of 20]
2021-06-06T09:17:19.147-0500 [DEBUG] [org.apache.http.impl.conn.DefaultManagedHttpClientConnection] http-outgoing-2: set socket timeout to 30000
2021-06-06T09:17:19.147-0500 [DEBUG] [org.apache.http.impl.conn.DefaultManagedHttpClientConnection] http-outgoing-2: set socket timeout to 30000
2021-06-06T09:17:19.147-0500 [DEBUG] [org.apache.http.impl.execchain.MainClientExec] Executing request GET /maven2/org/jetbrains/kotlin/kotlin-stdlib-common/1.4.32/kotlin-stdlib-common-1.4.32.jar HTTP/1.1
2021-06-06T09:17:19.147-0500 [DEBUG] [org.apache.http.impl.execchain.MainClientExec] Target auth state: UNCHALLENGED
2021-06-06T09:17:19.147-0500 [DEBUG] [org.apache.http.impl.execchain.MainClientExec] Proxy auth state: UNCHALLENGED
2021-06-06T09:17:19.235-0500 [DEBUG] [org.apache.http.impl.execchain.MainClientExec] Connection can be kept alive indefinitely
2021-06-06T09:17:19.236-0500 [DEBUG] [org.gradle.internal.resource.transport.http.HttpResponseResource] Attempting to download resource https://repo.maven.apache.org/maven2/org/json/json/20180813/json-20180813.jar.
2021-06-06T09:17:19.237-0500 [INFO] [org.gradle.internal.resource.transfer.DefaultCacheAwareExternalResourceAccessor] Downloading https://repo.maven.apache.org/maven2/org/json/json/20180813/json-20180813.jar to C:\Users\gathi\AppData\Local\Temp\gradle_download2693879280546478333bin
2021-06-06T09:17:19.261-0500 [DEBUG] [org.apache.http.impl.execchain.MainClientExec] Connection can be kept alive indefinitely
2021-06-06T09:17:19.261-0500 [DEBUG] [org.apache.http.impl.conn.PoolingHttpClientConnectionManager] Connection [id: 13][route: {s}->https://repo.maven.apache.org:443] can be kept alive indefinitely
2021-06-06T09:17:19.262-0500 [DEBUG] [org.apache.http.impl.conn.DefaultManagedHttpClientConnection] http-outgoing-13: set socket timeout to 0
2021-06-06T09:17:19.262-0500 [DEBUG] [org.gradle.internal.resource.transport.http.HttpResponseResource] Attempting to download resource https://repo.maven.apache.org/maven2/org/jetbrains/kotlin/kotlin-stdlib-common/1.4.32/kotlin-stdlib-common-1.4.32.jar.
2021-06-06T09:17:19.262-0500 [DEBUG] [org.apache.http.impl.conn.PoolingHttpClientConnectionManager] Connection released: [id: 13][route: {s}->https://repo.maven.apache.org:443][total kept alive: 2; route allocated: 8 of 20; total allocated: 8 of 20]
2021-06-06T09:17:19.264-0500 [DEBUG] [org.gradle.internal.operations.DefaultBuildOperationRunner] Build operation 'Download https://repo.maven.apache.org/maven2/org/json/json/20180813/json-20180813.jar' completed
2021-06-06T09:17:19.265-0500 [INFO] [org.gradle.internal.resource.transfer.DefaultCacheAwareExternalResourceAccessor] Downloading https://repo.maven.apache.org/maven2/org/jetbrains/kotlin/kotlin-stdlib-common/1.4.32/kotlin-stdlib-common-1.4.32.jar to C:\Users\gathi\AppData\Local\Temp\gradle_download392262678146003446bin
2021-06-06T09:17:19.270-0500 [DEBUG] [org.gradle.api.internal.artifacts.ivyservice.ivyresolve.CachingModuleComponentRepository] Downloaded artifact 'json-20180813.jar (org.json:json:20180813)' from resolver: MavenRepo
2021-06-06T09:17:19.271-0500 [DEBUG] [org.gradle.api.internal.artifacts.repositories.resolver.DefaultExternalResourceArtifactResolver] Loading https://repo.maven.apache.org/maven2/org/jetbrains/annotations/13.0/annotations-13.0.jar
2021-06-06T09:17:19.271-0500 [DEBUG] [org.gradle.internal.resource.transfer.DefaultCacheAwareExternalResourceAccessor] Constructing external resource: https://repo.maven.apache.org/maven2/org/jetbrains/annotations/13.0/annotations-13.0.jar
2021-06-06T09:17:19.274-0500 [DEBUG] [org.gradle.internal.resource.transport.http.HttpResourceAccessor] Constructing external resource: https://repo.maven.apache.org/maven2/org/jetbrains/annotations/13.0/annotations-13.0.jar
2021-06-06T09:17:19.274-0500 [DEBUG] [org.gradle.internal.resource.transport.http.HttpClientHelper] Performing HTTP GET: https://repo.maven.apache.org/maven2/org/jetbrains/annotations/13.0/annotations-13.0.jar
2021-06-06T09:17:19.274-0500 [DEBUG] [org.apache.http.client.protocol.RequestAddCookies] CookieSpec selected: default
2021-06-06T09:17:19.274-0500 [DEBUG] [org.apache.http.client.protocol.RequestAuthCache] Auth cache not set in the context
2021-06-06T09:17:19.274-0500 [DEBUG] [org.apache.http.impl.conn.PoolingHttpClientConnectionManager] Connection request: [route: {s}->https://repo.maven.apache.org:443][total kept alive: 2; route allocated: 8 of 20; total allocated: 8 of 20]
2021-06-06T09:17:19.274-0500 [DEBUG] [org.apache.http.impl.conn.PoolingHttpClientConnectionManager] Connection leased: [id: 13][route: {s}->https://repo.maven.apache.org:443][total kept alive: 1; route allocated: 8 of 20; total allocated: 8 of 20]
2021-06-06T09:17:19.274-0500 [DEBUG] [org.apache.http.impl.conn.DefaultManagedHttpClientConnection] http-outgoing-13: set socket timeout to 30000
2021-06-06T09:17:19.275-0500 [DEBUG] [org.apache.http.impl.conn.DefaultManagedHttpClientConnection] http-outgoing-13: set socket timeout to 30000
2021-06-06T09:17:19.275-0500 [DEBUG] [org.apache.http.impl.execchain.MainClientExec] Executing request GET /maven2/org/jetbrains/annotations/13.0/annotations-13.0.jar HTTP/1.1
2021-06-06T09:17:19.275-0500 [DEBUG] [org.apache.http.impl.execchain.MainClientExec] Target auth state: UNCHALLENGED
2021-06-06T09:17:19.275-0500 [DEBUG] [org.apache.http.impl.execchain.MainClientExec] Proxy auth state: UNCHALLENGED
2021-06-06T09:17:19.294-0500 [DEBUG] [org.apache.http.impl.conn.PoolingHttpClientConnectionManager] Connection [id: 2][route: {s}->https://repo.maven.apache.org:443] can be kept alive indefinitely
2021-06-06T09:17:19.294-0500 [DEBUG] [org.apache.http.impl.conn.DefaultManagedHttpClientConnection] http-outgoing-2: set socket timeout to 0
2021-06-06T09:17:19.294-0500 [DEBUG] [org.apache.http.impl.conn.PoolingHttpClientConnectionManager] Connection released: [id: 2][route: {s}->https://repo.maven.apache.org:443][total kept alive: 2; route allocated: 8 of 20; total allocated: 8 of 20]
2021-06-06T09:17:19.295-0500 [DEBUG] [org.gradle.internal.operations.DefaultBuildOperationRunner] Build operation 'Download https://repo.maven.apache.org/maven2/org/jetbrains/kotlin/kotlin-stdlib-common/1.4.32/kotlin-stdlib-common-1.4.32.jar' completed
2021-06-06T09:17:19.306-0500 [DEBUG] [org.gradle.api.internal.artifacts.ivyservice.ivyresolve.CachingModuleComponentRepository] Downloaded artifact 'kotlin-stdlib-common-1.4.32.jar (org.jetbrains.kotlin:kotlin-stdlib-common:1.4.32)' from resolver: MavenRepo
2021-06-06T09:17:19.307-0500 [DEBUG] [org.gradle.api.internal.artifacts.repositories.resolver.DefaultExternalResourceArtifactResolver] Loading https://repo.maven.apache.org/maven2/org/antlr/antlr4-runtime/4.5.2-1/antlr4-runtime-4.5.2-1.jar
2021-06-06T09:17:19.307-0500 [DEBUG] [org.gradle.internal.resource.transfer.DefaultCacheAwareExternalResourceAccessor] Constructing external resource: https://repo.maven.apache.org/maven2/org/antlr/antlr4-runtime/4.5.2-1/antlr4-runtime-4.5.2-1.jar
2021-06-06T09:17:19.309-0500 [DEBUG] [org.gradle.internal.resource.transport.http.HttpResourceAccessor] Constructing external resource: https://repo.maven.apache.org/maven2/org/antlr/antlr4-runtime/4.5.2-1/antlr4-runtime-4.5.2-1.jar
2021-06-06T09:17:19.309-0500 [DEBUG] [org.gradle.internal.resource.transport.http.HttpClientHelper] Performing HTTP GET: https://repo.maven.apache.org/maven2/org/antlr/antlr4-runtime/4.5.2-1/antlr4-runtime-4.5.2-1.jar
2021-06-06T09:17:19.310-0500 [DEBUG] [org.apache.http.client.protocol.RequestAddCookies] CookieSpec selected: default
2021-06-06T09:17:19.310-0500 [DEBUG] [org.apache.http.client.protocol.RequestAuthCache] Auth cache not set in the context
2021-06-06T09:17:19.310-0500 [DEBUG] [org.apache.http.impl.conn.PoolingHttpClientConnectionManager] Connection request: [route: {s}->https://repo.maven.apache.org:443][total kept alive: 2; route allocated: 8 of 20; total allocated: 8 of 20]
2021-06-06T09:17:19.311-0500 [DEBUG] [org.apache.http.impl.conn.PoolingHttpClientConnectionManager] Connection leased: [id: 2][route: {s}->https://repo.maven.apache.org:443][total kept alive: 1; route allocated: 8 of 20; total allocated: 8 of 20]
2021-06-06T09:17:19.311-0500 [DEBUG] [org.apache.http.impl.conn.DefaultManagedHttpClientConnection] http-outgoing-2: set socket timeout to 30000
2021-06-06T09:17:19.311-0500 [DEBUG] [org.apache.http.impl.conn.DefaultManagedHttpClientConnection] http-outgoing-2: set socket timeout to 30000
2021-06-06T09:17:19.311-0500 [DEBUG] [org.apache.http.impl.execchain.MainClientExec] Executing request GET /maven2/org/antlr/antlr4-runtime/4.5.2-1/antlr4-runtime-4.5.2-1.jar HTTP/1.1
2021-06-06T09:17:19.311-0500 [DEBUG] [org.apache.http.impl.execchain.MainClientExec] Target auth state: UNCHALLENGED
2021-06-06T09:17:19.311-0500 [DEBUG] [org.apache.http.impl.execchain.MainClientExec] Proxy auth state: UNCHALLENGED
2021-06-06T09:17:19.340-0500 [DEBUG] [org.apache.http.impl.conn.PoolingHttpClientConnectionManager] Connection [id: 14][route: {s}->https://repo.maven.apache.org:443] can be kept alive indefinitely
2021-06-06T09:17:19.341-0500 [DEBUG] [org.apache.http.impl.conn.DefaultManagedHttpClientConnection] http-outgoing-14: set socket timeout to 0
2021-06-06T09:17:19.341-0500 [DEBUG] [org.apache.http.impl.conn.PoolingHttpClientConnectionManager] Connection released: [id: 14][route: {s}->https://repo.maven.apache.org:443][total kept alive: 2; route allocated: 8 of 20; total allocated: 8 of 20]
2021-06-06T09:17:19.342-0500 [DEBUG] [org.gradle.internal.operations.DefaultBuildOperationRunner] Build operation 'Download https://repo.maven.apache.org/maven2/org/glassfish/jaxb/jaxb-runtime/2.3.2/jaxb-runtime-2.3.2.jar' completed
2021-06-06T09:17:19.356-0500 [DEBUG] [org.apache.http.impl.conn.PoolingHttpClientConnectionManager] Connection [id: 11][route: {s}->https://repo.maven.apache.org:443] can be kept alive indefinitely
2021-06-06T09:17:19.356-0500 [DEBUG] [org.apache.http.impl.conn.DefaultManagedHttpClientConnection] http-outgoing-11: set socket timeout to 0
2021-06-06T09:17:19.356-0500 [DEBUG] [org.apache.http.impl.conn.PoolingHttpClientConnectionManager] Connection released: [id: 11][route: {s}->https://repo.maven.apache.org:443][total kept alive: 3; route allocated: 8 of 20; total allocated: 8 of 20]
2021-06-06T09:17:19.357-0500 [DEBUG] [org.gradle.internal.operations.DefaultBuildOperationRunner] Build operation 'Download https://repo.maven.apache.org/maven2/org/antlr/antlr4/4.5.3/antlr4-4.5.3.jar' completed
2021-06-06T09:17:19.357-0500 [DEBUG] [org.apache.http.impl.conn.PoolingHttpClientConnectionManager] Connection [id: 15][route: {s}->https://repo.maven.apache.org:443] can be kept alive indefinitely
2021-06-06T09:17:19.357-0500 [DEBUG] [org.apache.http.impl.conn.DefaultManagedHttpClientConnection] http-outgoing-15: set socket timeout to 0
2021-06-06T09:17:19.357-0500 [DEBUG] [org.apache.http.impl.conn.PoolingHttpClientConnectionManager] Connection released: [id: 15][route: {s}->https://repo.maven.apache.org:443][total kept alive: 4; route allocated: 8 of 20; total allocated: 8 of 20]
2021-06-06T09:17:19.362-0500 [DEBUG] [org.gradle.internal.operations.DefaultBuildOperationRunner] Build operation 'Download https://repo.maven.apache.org/maven2/net/sf/proguard/proguard-base/6.0.3/proguard-base-6.0.3.jar' completed
2021-06-06T09:17:19.364-0500 [DEBUG] [org.gradle.api.internal.artifacts.ivyservice.ivyresolve.CachingModuleComponentRepository] Downloaded artifact 'jaxb-runtime-2.3.2.jar (org.glassfish.jaxb:jaxb-runtime:2.3.2)' from resolver: MavenRepo
2021-06-06T09:17:19.383-0500 [DEBUG] [org.apache.http.impl.execchain.MainClientExec] Connection can be kept alive indefinitely
2021-06-06T09:17:19.383-0500 [DEBUG] [org.gradle.internal.resource.transport.http.HttpResponseResource] Attempting to download resource https://repo.maven.apache.org/maven2/org/jetbrains/annotations/13.0/annotations-13.0.jar.
2021-06-06T09:17:19.385-0500 [INFO] [org.gradle.internal.resource.transfer.DefaultCacheAwareExternalResourceAccessor] Downloading https://repo.maven.apache.org/maven2/org/jetbrains/annotations/13.0/annotations-13.0.jar to C:\Users\gathi\AppData\Local\Temp\gradle_download8806146408982729930bin
2021-06-06T09:17:19.386-0500 [DEBUG] [org.apache.http.impl.conn.PoolingHttpClientConnectionManager] Connection [id: 13][route: {s}->https://repo.maven.apache.org:443] can be kept alive indefinitely
2021-06-06T09:17:19.386-0500 [DEBUG] [org.apache.http.impl.conn.DefaultManagedHttpClientConnection] http-outgoing-13: set socket timeout to 0
2021-06-06T09:17:19.386-0500 [DEBUG] [org.apache.http.impl.conn.PoolingHttpClientConnectionManager] Connection released: [id: 13][route: {s}->https://repo.maven.apache.org:443][total kept alive: 5; route allocated: 8 of 20; total allocated: 8 of 20]
2021-06-06T09:17:19.386-0500 [DEBUG] [org.gradle.internal.operations.DefaultBuildOperationRunner] Build operation 'Download https://repo.maven.apache.org/maven2/org/jetbrains/annotations/13.0/annotations-13.0.jar' completed
2021-06-06T09:17:19.398-0500 [DEBUG] [org.gradle.api.internal.artifacts.ivyservice.ivyresolve.CachingModuleComponentRepository] Downloaded artifact 'antlr4-4.5.3.jar (org.antlr:antlr4:4.5.3)' from resolver: MavenRepo
2021-06-06T09:17:19.403-0500 [DEBUG] [org.apache.http.impl.execchain.MainClientExec] Connection can be kept alive indefinitely
2021-06-06T09:17:19.403-0500 [DEBUG] [org.gradle.internal.resource.transport.http.HttpResponseResource] Attempting to download resource https://repo.maven.apache.org/maven2/org/antlr/antlr4-runtime/4.5.2-1/antlr4-runtime-4.5.2-1.jar.
2021-06-06T09:17:19.405-0500 [INFO] [org.gradle.internal.resource.transfer.DefaultCacheAwareExternalResourceAccessor] Downloading https://repo.maven.apache.org/maven2/org/antlr/antlr4-runtime/4.5.2-1/antlr4-runtime-4.5.2-1.jar to C:\Users\gathi\AppData\Local\Temp\gradle_download13783818265566758779bin
2021-06-06T09:17:19.437-0500 [DEBUG] [org.gradle.api.internal.artifacts.ivyservice.ivyresolve.CachingModuleComponentRepository] Downloaded artifact 'proguard-base-6.0.3.jar (net.sf.proguard:proguard-base:6.0.3)' from resolver: MavenRepo
2021-06-06T09:17:19.449-0500 [DEBUG] [org.apache.http.impl.conn.PoolingHttpClientConnectionManager] Connection [id: 2][route: {s}->https://repo.maven.apache.org:443] can be kept alive indefinitely
2021-06-06T09:17:19.449-0500 [DEBUG] [org.apache.http.impl.conn.DefaultManagedHttpClientConnection] http-outgoing-2: set socket timeout to 0
2021-06-06T09:17:19.449-0500 [DEBUG] [org.apache.http.impl.conn.PoolingHttpClientConnectionManager] Connection released: [id: 2][route: {s}->https://repo.maven.apache.org:443][total kept alive: 6; route allocated: 8 of 20; total allocated: 8 of 20]
2021-06-06T09:17:19.450-0500 [DEBUG] [org.gradle.internal.operations.DefaultBuildOperationRunner] Build operation 'Download https://repo.maven.apache.org/maven2/org/antlr/antlr4-runtime/4.5.2-1/antlr4-runtime-4.5.2-1.jar' completed
2021-06-06T09:17:19.450-0500 [DEBUG] [org.gradle.api.internal.artifacts.ivyservice.ivyresolve.CachingModuleComponentRepository] Downloaded artifact 'annotations-13.0.jar (org.jetbrains:annotations:13.0)' from resolver: MavenRepo
2021-06-06T09:17:19.452-0500 [DEBUG] [org.gradle.api.internal.artifacts.repositories.resolver.DefaultExternalResourceArtifactResolver] Loading https://repo.maven.apache.org/maven2/org/jetbrains/intellij/deps/trove4j/1.0.20181211/trove4j-1.0.20181211.jar
2021-06-06T09:17:19.452-0500 [DEBUG] [org.gradle.internal.resource.transfer.DefaultCacheAwareExternalResourceAccessor] Constructing external resource: https://repo.maven.apache.org/maven2/org/jetbrains/intellij/deps/trove4j/1.0.20181211/trove4j-1.0.20181211.jar
2021-06-06T09:17:19.452-0500 [DEBUG] [org.gradle.api.internal.artifacts.repositories.resolver.DefaultExternalResourceArtifactResolver] Loading https://repo.maven.apache.org/maven2/org/jetbrains/kotlin/kotlin-script-runtime/1.4.32/kotlin-script-runtime-1.4.32.jar
2021-06-06T09:17:19.452-0500 [DEBUG] [org.gradle.internal.resource.transfer.DefaultCacheAwareExternalResourceAccessor] Constructing external resource: https://repo.maven.apache.org/maven2/org/jetbrains/kotlin/kotlin-script-runtime/1.4.32/kotlin-script-runtime-1.4.32.jar
2021-06-06T09:17:19.453-0500 [DEBUG] [org.gradle.api.internal.artifacts.repositories.resolver.DefaultExternalResourceArtifactResolver] Loading https://repo.maven.apache.org/maven2/org/jetbrains/kotlin/kotlin-daemon-embeddable/1.4.32/kotlin-daemon-embeddable-1.4.32.jar
2021-06-06T09:17:19.453-0500 [DEBUG] [org.gradle.internal.resource.transfer.DefaultCacheAwareExternalResourceAccessor] Constructing external resource: https://repo.maven.apache.org/maven2/org/jetbrains/kotlin/kotlin-daemon-embeddable/1.4.32/kotlin-daemon-embeddable-1.4.32.jar
2021-06-06T09:17:19.455-0500 [DEBUG] [org.gradle.internal.resource.transport.http.HttpResourceAccessor] Constructing external resource: https://repo.maven.apache.org/maven2/org/jetbrains/kotlin/kotlin-script-runtime/1.4.32/kotlin-script-runtime-1.4.32.jar
2021-06-06T09:17:19.455-0500 [DEBUG] [org.gradle.internal.resource.transport.http.HttpClientHelper] Performing HTTP GET: https://repo.maven.apache.org/maven2/org/jetbrains/kotlin/kotlin-script-runtime/1.4.32/kotlin-script-runtime-1.4.32.jar
2021-06-06T09:17:19.455-0500 [DEBUG] [org.apache.http.client.protocol.RequestAddCookies] CookieSpec selected: default
2021-06-06T09:17:19.455-0500 [DEBUG] [org.apache.http.client.protocol.RequestAuthCache] Auth cache not set in the context
2021-06-06T09:17:19.455-0500 [DEBUG] [org.apache.http.impl.conn.PoolingHttpClientConnectionManager] Connection request: [route: {s}->https://repo.maven.apache.org:443][total kept alive: 6; route allocated: 8 of 20; total allocated: 8 of 20]
2021-06-06T09:17:19.455-0500 [DEBUG] [org.apache.http.impl.conn.PoolingHttpClientConnectionManager] Connection leased: [id: 2][route: {s}->https://repo.maven.apache.org:443][total kept alive: 5; route allocated: 8 of 20; total allocated: 8 of 20]
2021-06-06T09:17:19.455-0500 [DEBUG] [org.apache.http.impl.conn.DefaultManagedHttpClientConnection] http-outgoing-2: set socket timeout to 30000
2021-06-06T09:17:19.456-0500 [DEBUG] [org.apache.http.impl.conn.DefaultManagedHttpClientConnection] http-outgoing-2: set socket timeout to 30000
2021-06-06T09:17:19.456-0500 [DEBUG] [org.apache.http.impl.execchain.MainClientExec] Executing request GET /maven2/org/jetbrains/kotlin/kotlin-script-runtime/1.4.32/kotlin-script-runtime-1.4.32.jar HTTP/1.1
2021-06-06T09:17:19.456-0500 [DEBUG] [org.apache.http.impl.execchain.MainClientExec] Target auth state: UNCHALLENGED
2021-06-06T09:17:19.456-0500 [DEBUG] [org.apache.http.impl.execchain.MainClientExec] Proxy auth state: UNCHALLENGED
2021-06-06T09:17:19.457-0500 [DEBUG] [org.gradle.internal.resource.transport.http.HttpResourceAccessor] Constructing external resource: https://repo.maven.apache.org/maven2/org/jetbrains/kotlin/kotlin-daemon-embeddable/1.4.32/kotlin-daemon-embeddable-1.4.32.jar
2021-06-06T09:17:19.458-0500 [DEBUG] [org.gradle.internal.resource.transport.http.HttpClientHelper] Performing HTTP GET: https://repo.maven.apache.org/maven2/org/jetbrains/kotlin/kotlin-daemon-embeddable/1.4.32/kotlin-daemon-embeddable-1.4.32.jar
2021-06-06T09:17:19.458-0500 [DEBUG] [org.apache.http.client.protocol.RequestAddCookies] CookieSpec selected: default
2021-06-06T09:17:19.459-0500 [DEBUG] [org.apache.http.client.protocol.RequestAuthCache] Auth cache not set in the context
2021-06-06T09:17:19.460-0500 [DEBUG] [org.apache.http.impl.conn.PoolingHttpClientConnectionManager] Connection request: [route: {s}->https://repo.maven.apache.org:443][total kept alive: 5; route allocated: 8 of 20; total allocated: 8 of 20]
2021-06-06T09:17:19.460-0500 [DEBUG] [org.apache.http.impl.conn.PoolingHttpClientConnectionManager] Connection leased: [id: 13][route: {s}->https://repo.maven.apache.org:443][total kept alive: 4; route allocated: 8 of 20; total allocated: 8 of 20]
2021-06-06T09:17:19.461-0500 [DEBUG] [org.apache.http.impl.conn.DefaultManagedHttpClientConnection] http-outgoing-13: set socket timeout to 30000
2021-06-06T09:17:19.461-0500 [DEBUG] [org.apache.http.impl.conn.DefaultManagedHttpClientConnection] http-outgoing-13: set socket timeout to 30000
2021-06-06T09:17:19.461-0500 [DEBUG] [org.apache.http.impl.execchain.MainClientExec] Executing request GET /maven2/org/jetbrains/kotlin/kotlin-daemon-embeddable/1.4.32/kotlin-daemon-embeddable-1.4.32.jar HTTP/1.1
2021-06-06T09:17:19.461-0500 [DEBUG] [org.apache.http.impl.execchain.MainClientExec] Target auth state: UNCHALLENGED
2021-06-06T09:17:19.461-0500 [DEBUG] [org.apache.http.impl.execchain.MainClientExec] Proxy auth state: UNCHALLENGED
2021-06-06T09:17:19.464-0500 [DEBUG] [org.gradle.api.internal.artifacts.ivyservice.ivyresolve.CachingModuleComponentRepository] Downloaded artifact 'antlr4-runtime-4.5.2-1.jar (org.antlr:antlr4-runtime:4.5.2-1)' from resolver: MavenRepo
2021-06-06T09:17:19.465-0500 [DEBUG] [org.gradle.api.internal.artifacts.repositories.resolver.DefaultExternalResourceArtifactResolver] Loading https://repo.maven.apache.org/maven2/org/jetbrains/kotlin/kotlin-build-common/1.4.32/kotlin-build-common-1.4.32.jar
2021-06-06T09:17:19.465-0500 [DEBUG] [org.gradle.internal.resource.transfer.DefaultCacheAwareExternalResourceAccessor] Constructing external resource: https://repo.maven.apache.org/maven2/org/jetbrains/kotlin/kotlin-build-common/1.4.32/kotlin-build-common-1.4.32.jar
2021-06-06T09:17:19.466-0500 [DEBUG] [org.gradle.api.internal.artifacts.repositories.resolver.DefaultExternalResourceArtifactResolver] Loading https://repo.maven.apache.org/maven2/org/apache/commons/commons-compress/1.12/commons-compress-1.12.jar
2021-06-06T09:17:19.466-0500 [DEBUG] [org.gradle.internal.resource.transfer.DefaultCacheAwareExternalResourceAccessor] Constructing external resource: https://repo.maven.apache.org/maven2/org/apache/commons/commons-compress/1.12/commons-compress-1.12.jar
2021-06-06T09:17:19.466-0500 [DEBUG] [org.gradle.internal.resource.transport.http.HttpResourceAccessor] Constructing external resource: https://repo.maven.apache.org/maven2/org/jetbrains/intellij/deps/trove4j/1.0.20181211/trove4j-1.0.20181211.jar
2021-06-06T09:17:19.467-0500 [DEBUG] [org.gradle.internal.resource.transport.http.HttpClientHelper] Performing HTTP GET: https://repo.maven.apache.org/maven2/org/jetbrains/intellij/deps/trove4j/1.0.20181211/trove4j-1.0.20181211.jar
2021-06-06T09:17:19.467-0500 [DEBUG] [org.apache.http.client.protocol.RequestAddCookies] CookieSpec selected: default
2021-06-06T09:17:19.467-0500 [DEBUG] [org.apache.http.client.protocol.RequestAuthCache] Auth cache not set in the context
2021-06-06T09:17:19.467-0500 [DEBUG] [org.apache.http.impl.conn.PoolingHttpClientConnectionManager] Connection request: [route: {s}->https://repo.maven.apache.org:443][total kept alive: 4; route allocated: 8 of 20; total allocated: 8 of 20]
2021-06-06T09:17:19.467-0500 [DEBUG] [org.apache.http.impl.conn.PoolingHttpClientConnectionManager] Connection leased: [id: 15][route: {s}->https://repo.maven.apache.org:443][total kept alive: 3; route allocated: 8 of 20; total allocated: 8 of 20]
2021-06-06T09:17:19.467-0500 [DEBUG] [org.apache.http.impl.conn.DefaultManagedHttpClientConnection] http-outgoing-15: set socket timeout to 30000
2021-06-06T09:17:19.467-0500 [DEBUG] [org.apache.http.impl.conn.DefaultManagedHttpClientConnection] http-outgoing-15: set socket timeout to 30000
2021-06-06T09:17:19.468-0500 [DEBUG] [org.apache.http.impl.execchain.MainClientExec] Executing request GET /maven2/org/jetbrains/intellij/deps/trove4j/1.0.20181211/trove4j-1.0.20181211.jar HTTP/1.1
2021-06-06T09:17:19.468-0500 [DEBUG] [org.apache.http.impl.execchain.MainClientExec] Target auth state: UNCHALLENGED
2021-06-06T09:17:19.469-0500 [DEBUG] [org.gradle.internal.resource.transport.http.HttpResourceAccessor] Constructing external resource: https://repo.maven.apache.org/maven2/org/apache/commons/commons-compress/1.12/commons-compress-1.12.jar
2021-06-06T09:17:19.468-0500 [DEBUG] [org.apache.http.impl.execchain.MainClientExec] Proxy auth state: UNCHALLENGED
2021-06-06T09:17:19.469-0500 [DEBUG] [org.gradle.internal.resource.transport.http.HttpClientHelper] Performing HTTP GET: https://repo.maven.apache.org/maven2/org/apache/commons/commons-compress/1.12/commons-compress-1.12.jar
2021-06-06T09:17:19.469-0500 [DEBUG] [org.apache.http.client.protocol.RequestAddCookies] CookieSpec selected: default
2021-06-06T09:17:19.469-0500 [DEBUG] [org.apache.http.client.protocol.RequestAuthCache] Auth cache not set in the context
2021-06-06T09:17:19.469-0500 [DEBUG] [org.apache.http.impl.conn.PoolingHttpClientConnectionManager] Connection request: [route: {s}->https://repo.maven.apache.org:443][total kept alive: 3; route allocated: 8 of 20; total allocated: 8 of 20]
2021-06-06T09:17:19.469-0500 [DEBUG] [org.apache.http.impl.conn.PoolingHttpClientConnectionManager] Connection leased: [id: 11][route: {s}->https://repo.maven.apache.org:443][total kept alive: 2; route allocated: 8 of 20; total allocated: 8 of 20]
2021-06-06T09:17:19.470-0500 [DEBUG] [org.apache.http.impl.conn.DefaultManagedHttpClientConnection] http-outgoing-11: set socket timeout to 30000
2021-06-06T09:17:19.470-0500 [DEBUG] [org.apache.http.impl.conn.DefaultManagedHttpClientConnection] http-outgoing-11: set socket timeout to 30000
2021-06-06T09:17:19.470-0500 [DEBUG] [org.apache.http.impl.execchain.MainClientExec] Executing request GET /maven2/org/apache/commons/commons-compress/1.12/commons-compress-1.12.jar HTTP/1.1
2021-06-06T09:17:19.470-0500 [DEBUG] [org.apache.http.impl.execchain.MainClientExec] Target auth state: UNCHALLENGED
2021-06-06T09:17:19.470-0500 [DEBUG] [org.apache.http.impl.execchain.MainClientExec] Proxy auth state: UNCHALLENGED
2021-06-06T09:17:19.470-0500 [DEBUG] [org.gradle.internal.resource.transport.http.HttpResourceAccessor] Constructing external resource: https://repo.maven.apache.org/maven2/org/jetbrains/kotlin/kotlin-build-common/1.4.32/kotlin-build-common-1.4.32.jar
2021-06-06T09:17:19.470-0500 [DEBUG] [org.gradle.internal.resource.transport.http.HttpClientHelper] Performing HTTP GET: https://repo.maven.apache.org/maven2/org/jetbrains/kotlin/kotlin-build-common/1.4.32/kotlin-build-common-1.4.32.jar
2021-06-06T09:17:19.471-0500 [DEBUG] [org.apache.http.client.protocol.RequestAddCookies] CookieSpec selected: default
2021-06-06T09:17:19.471-0500 [DEBUG] [org.apache.http.client.protocol.RequestAuthCache] Auth cache not set in the context
2021-06-06T09:17:19.471-0500 [DEBUG] [org.apache.http.impl.conn.PoolingHttpClientConnectionManager] Connection request: [route: {s}->https://repo.maven.apache.org:443][total kept alive: 2; route allocated: 8 of 20; total allocated: 8 of 20]
2021-06-06T09:17:19.471-0500 [DEBUG] [org.apache.http.impl.conn.PoolingHttpClientConnectionManager] Connection leased: [id: 14][route: {s}->https://repo.maven.apache.org:443][total kept alive: 1; route allocated: 8 of 20; total allocated: 8 of 20]
2021-06-06T09:17:19.471-0500 [DEBUG] [org.apache.http.impl.conn.DefaultManagedHttpClientConnection] http-outgoing-14: set socket timeout to 30000
2021-06-06T09:17:19.471-0500 [DEBUG] [org.apache.http.impl.conn.DefaultManagedHttpClientConnection] http-outgoing-14: set socket timeout to 30000
2021-06-06T09:17:19.471-0500 [DEBUG] [org.apache.http.impl.execchain.MainClientExec] Executing request GET /maven2/org/jetbrains/kotlin/kotlin-build-common/1.4.32/kotlin-build-common-1.4.32.jar HTTP/1.1
2021-06-06T09:17:19.472-0500 [DEBUG] [org.apache.http.impl.execchain.MainClientExec] Target auth state: UNCHALLENGED
2021-06-06T09:17:19.472-0500 [DEBUG] [org.apache.http.impl.execchain.MainClientExec] Proxy auth state: UNCHALLENGED
2021-06-06T09:17:19.542-0500 [DEBUG] [org.apache.http.impl.execchain.MainClientExec] Connection can be kept alive indefinitely
2021-06-06T09:17:19.543-0500 [DEBUG] [org.gradle.internal.resource.transport.http.HttpResponseResource] Attempting to download resource https://repo.maven.apache.org/maven2/org/jetbrains/kotlin/kotlin-script-runtime/1.4.32/kotlin-script-runtime-1.4.32.jar.
2021-06-06T09:17:19.544-0500 [DEBUG] [org.apache.http.impl.execchain.MainClientExec] Connection can be kept alive indefinitely
2021-06-06T09:17:19.544-0500 [DEBUG] [org.gradle.internal.resource.transport.http.HttpResponseResource] Attempting to download resource https://repo.maven.apache.org/maven2/org/jetbrains/kotlin/kotlin-daemon-embeddable/1.4.32/kotlin-daemon-embeddable-1.4.32.jar.
2021-06-06T09:17:19.545-0500 [INFO] [org.gradle.internal.resource.transfer.DefaultCacheAwareExternalResourceAccessor] Downloading https://repo.maven.apache.org/maven2/org/jetbrains/kotlin/kotlin-script-runtime/1.4.32/kotlin-script-runtime-1.4.32.jar to C:\Users\gathi\AppData\Local\Temp\gradle_download3395929397185562039bin
2021-06-06T09:17:19.547-0500 [INFO] [org.gradle.internal.resource.transfer.DefaultCacheAwareExternalResourceAccessor] Downloading https://repo.maven.apache.org/maven2/org/jetbrains/kotlin/kotlin-daemon-embeddable/1.4.32/kotlin-daemon-embeddable-1.4.32.jar to C:\Users\gathi\AppData\Local\Temp\gradle_download17922401718711591882bin
2021-06-06T09:17:19.547-0500 [DEBUG] [org.apache.http.impl.conn.PoolingHttpClientConnectionManager] Connection [id: 2][route: {s}->https://repo.maven.apache.org:443] can be kept alive indefinitely
2021-06-06T09:17:19.548-0500 [DEBUG] [org.apache.http.impl.conn.DefaultManagedHttpClientConnection] http-outgoing-2: set socket timeout to 0
2021-06-06T09:17:19.548-0500 [DEBUG] [org.apache.http.impl.conn.PoolingHttpClientConnectionManager] Connection released: [id: 2][route: {s}->https://repo.maven.apache.org:443][total kept alive: 2; route allocated: 8 of 20; total allocated: 8 of 20]
2021-06-06T09:17:19.548-0500 [DEBUG] [org.gradle.internal.operations.DefaultBuildOperationRunner] Build operation 'Download https://repo.maven.apache.org/maven2/org/jetbrains/kotlin/kotlin-script-runtime/1.4.32/kotlin-script-runtime-1.4.32.jar' completed
2021-06-06T09:17:19.550-0500 [DEBUG] [org.apache.http.impl.execchain.MainClientExec] Connection can be kept alive indefinitely
2021-06-06T09:17:19.550-0500 [DEBUG] [org.apache.http.impl.execchain.MainClientExec] Connection can be kept alive indefinitely
2021-06-06T09:17:19.550-0500 [DEBUG] [org.gradle.internal.resource.transport.http.HttpResponseResource] Attempting to download resource https://repo.maven.apache.org/maven2/org/jetbrains/intellij/deps/trove4j/1.0.20181211/trove4j-1.0.20181211.jar.
2021-06-06T09:17:19.551-0500 [DEBUG] [org.gradle.internal.resource.transport.http.HttpResponseResource] Attempting to download resource https://repo.maven.apache.org/maven2/org/apache/commons/commons-compress/1.12/commons-compress-1.12.jar.
2021-06-06T09:17:19.552-0500 [INFO] [org.gradle.internal.resource.transfer.DefaultCacheAwareExternalResourceAccessor] Downloading https://repo.maven.apache.org/maven2/org/apache/commons/commons-compress/1.12/commons-compress-1.12.jar to C:\Users\gathi\AppData\Local\Temp\gradle_download3088470320765352852bin
2021-06-06T09:17:19.554-0500 [INFO] [org.gradle.internal.resource.transfer.DefaultCacheAwareExternalResourceAccessor] Downloading https://repo.maven.apache.org/maven2/org/jetbrains/intellij/deps/trove4j/1.0.20181211/trove4j-1.0.20181211.jar to C:\Users\gathi\AppData\Local\Temp\gradle_download12147761569352314975bin
2021-06-06T09:17:19.555-0500 [DEBUG] [org.gradle.api.internal.artifacts.ivyservice.ivyresolve.CachingModuleComponentRepository] Downloaded artifact 'kotlin-script-runtime-1.4.32.jar (org.jetbrains.kotlin:kotlin-script-runtime:1.4.32)' from resolver: MavenRepo
2021-06-06T09:17:19.556-0500 [DEBUG] [org.gradle.api.internal.artifacts.repositories.resolver.DefaultExternalResourceArtifactResolver] Loading https://repo.maven.apache.org/maven2/xerces/xercesImpl/2.12.0/xercesImpl-2.12.0.jar
2021-06-06T09:17:19.556-0500 [DEBUG] [org.gradle.internal.resource.transfer.DefaultCacheAwareExternalResourceAccessor] Constructing external resource: https://repo.maven.apache.org/maven2/xerces/xercesImpl/2.12.0/xercesImpl-2.12.0.jar
2021-06-06T09:17:19.559-0500 [DEBUG] [org.gradle.internal.resource.transport.http.HttpResourceAccessor] Constructing external resource: https://repo.maven.apache.org/maven2/xerces/xercesImpl/2.12.0/xercesImpl-2.12.0.jar
2021-06-06T09:17:19.560-0500 [DEBUG] [org.gradle.internal.resource.transport.http.HttpClientHelper] Performing HTTP GET: https://repo.maven.apache.org/maven2/xerces/xercesImpl/2.12.0/xercesImpl-2.12.0.jar
2021-06-06T09:17:19.560-0500 [DEBUG] [org.apache.http.client.protocol.RequestAddCookies] CookieSpec selected: default
2021-06-06T09:17:19.560-0500 [DEBUG] [org.apache.http.client.protocol.RequestAuthCache] Auth cache not set in the context
2021-06-06T09:17:19.561-0500 [DEBUG] [org.apache.http.impl.conn.PoolingHttpClientConnectionManager] Connection request: [route: {s}->https://repo.maven.apache.org:443][total kept alive: 2; route allocated: 8 of 20; total allocated: 8 of 20]
2021-06-06T09:17:19.561-0500 [DEBUG] [org.apache.http.impl.conn.PoolingHttpClientConnectionManager] Connection leased: [id: 2][route: {s}->https://repo.maven.apache.org:443][total kept alive: 1; route allocated: 8 of 20; total allocated: 8 of 20]
2021-06-06T09:17:19.561-0500 [DEBUG] [org.apache.http.impl.conn.DefaultManagedHttpClientConnection] http-outgoing-2: set socket timeout to 30000
2021-06-06T09:17:19.561-0500 [DEBUG] [org.apache.http.impl.conn.DefaultManagedHttpClientConnection] http-outgoing-2: set socket timeout to 30000
2021-06-06T09:17:19.561-0500 [DEBUG] [org.apache.http.impl.execchain.MainClientExec] Executing request GET /maven2/xerces/xercesImpl/2.12.0/xercesImpl-2.12.0.jar HTTP/1.1
2021-06-06T09:17:19.561-0500 [DEBUG] [org.apache.http.impl.execchain.MainClientExec] Target auth state: UNCHALLENGED
2021-06-06T09:17:19.561-0500 [DEBUG] [org.apache.http.impl.execchain.MainClientExec] Proxy auth state: UNCHALLENGED
2021-06-06T09:17:19.576-0500 [DEBUG] [org.apache.http.impl.execchain.MainClientExec] Connection can be kept alive indefinitely
2021-06-06T09:17:19.577-0500 [DEBUG] [org.gradle.internal.resource.transport.http.HttpResponseResource] Attempting to download resource https://repo.maven.apache.org/maven2/org/jetbrains/kotlin/kotlin-build-common/1.4.32/kotlin-build-common-1.4.32.jar.
2021-06-06T09:17:19.580-0500 [INFO] [org.gradle.internal.resource.transfer.DefaultCacheAwareExternalResourceAccessor] Downloading https://repo.maven.apache.org/maven2/org/jetbrains/kotlin/kotlin-build-common/1.4.32/kotlin-build-common-1.4.32.jar to C:\Users\gathi\AppData\Local\Temp\gradle_download16833872504329539151bin
2021-06-06T09:17:19.691-0500 [DEBUG] [org.apache.http.impl.execchain.MainClientExec] Connection can be kept alive indefinitely
2021-06-06T09:17:19.691-0500 [DEBUG] [org.gradle.internal.resource.transport.http.HttpResponseResource] Attempting to download resource https://repo.maven.apache.org/maven2/xerces/xercesImpl/2.12.0/xercesImpl-2.12.0.jar.
2021-06-06T09:17:19.693-0500 [INFO] [org.gradle.internal.resource.transfer.DefaultCacheAwareExternalResourceAccessor] Downloading https://repo.maven.apache.org/maven2/xerces/xercesImpl/2.12.0/xercesImpl-2.12.0.jar to C:\Users\gathi\AppData\Local\Temp\gradle_download1651843044738334437bin
2021-06-06T09:17:19.757-0500 [DEBUG] [org.apache.http.impl.conn.PoolingHttpClientConnectionManager] Connection [id: 14][route: {s}->https://repo.maven.apache.org:443] can be kept alive indefinitely
2021-06-06T09:17:19.757-0500 [DEBUG] [org.apache.http.impl.conn.DefaultManagedHttpClientConnection] http-outgoing-14: set socket timeout to 0
2021-06-06T09:17:19.757-0500 [DEBUG] [org.apache.http.impl.conn.PoolingHttpClientConnectionManager] Connection released: [id: 14][route: {s}->https://repo.maven.apache.org:443][total kept alive: 2; route allocated: 8 of 20; total allocated: 8 of 20]
2021-06-06T09:17:19.758-0500 [DEBUG] [org.gradle.internal.operations.DefaultBuildOperationRunner] Build operation 'Download https://repo.maven.apache.org/maven2/org/jetbrains/kotlin/kotlin-build-common/1.4.32/kotlin-build-common-1.4.32.jar' completed
2021-06-06T09:17:19.769-0500 [DEBUG] [org.apache.http.impl.conn.PoolingHttpClientConnectionManager] Connection [id: 15][route: {s}->https://repo.maven.apache.org:443] can be kept alive indefinitely
2021-06-06T09:17:19.769-0500 [DEBUG] [org.apache.http.impl.conn.DefaultManagedHttpClientConnection] http-outgoing-15: set socket timeout to 0
2021-06-06T09:17:19.769-0500 [DEBUG] [org.apache.http.impl.conn.PoolingHttpClientConnectionManager] Connection released: [id: 15][route: {s}->https://repo.maven.apache.org:443][total kept alive: 3; route allocated: 8 of 20; total allocated: 8 of 20]
2021-06-06T09:17:19.769-0500 [DEBUG] [org.gradle.api.internal.artifacts.ivyservice.ivyresolve.CachingModuleComponentRepository] Downloaded artifact 'kotlin-build-common-1.4.32.jar (org.jetbrains.kotlin:kotlin-build-common:1.4.32)' from resolver: MavenRepo
2021-06-06T09:17:19.770-0500 [DEBUG] [org.gradle.internal.operations.DefaultBuildOperationRunner] Build operation 'Download https://repo.maven.apache.org/maven2/org/jetbrains/intellij/deps/trove4j/1.0.20181211/trove4j-1.0.20181211.jar' completed
2021-06-06T09:17:19.782-0500 [DEBUG] [org.gradle.api.internal.artifacts.repositories.resolver.DefaultExternalResourceArtifactResolver] Loading https://repo.maven.apache.org/maven2/net/sf/kxml/kxml2/2.3.0/kxml2-2.3.0.jar
2021-06-06T09:17:19.782-0500 [DEBUG] [org.gradle.api.internal.artifacts.ivyservice.ivyresolve.CachingModuleComponentRepository] Downloaded artifact 'trove4j-1.0.20181211.jar (org.jetbrains.intellij.deps:trove4j:1.0.20181211)' from resolver: MavenRepo
2021-06-06T09:17:19.782-0500 [DEBUG] [org.gradle.internal.resource.transfer.DefaultCacheAwareExternalResourceAccessor] Constructing external resource: https://repo.maven.apache.org/maven2/net/sf/kxml/kxml2/2.3.0/kxml2-2.3.0.jar
2021-06-06T09:17:19.783-0500 [DEBUG] [org.gradle.api.internal.artifacts.repositories.resolver.DefaultExternalResourceArtifactResolver] Loading https://repo.maven.apache.org/maven2/com/google/code/findbugs/jsr305/3.0.2/jsr305-3.0.2.jar
2021-06-06T09:17:19.783-0500 [DEBUG] [org.gradle.internal.resource.transfer.DefaultCacheAwareExternalResourceAccessor] Constructing external resource: https://repo.maven.apache.org/maven2/com/google/code/findbugs/jsr305/3.0.2/jsr305-3.0.2.jar
2021-06-06T09:17:19.785-0500 [DEBUG] [org.gradle.internal.resource.transport.http.HttpResourceAccessor] Constructing external resource: https://repo.maven.apache.org/maven2/net/sf/kxml/kxml2/2.3.0/kxml2-2.3.0.jar
2021-06-06T09:17:19.785-0500 [DEBUG] [org.gradle.internal.resource.transport.http.HttpClientHelper] Performing HTTP GET: https://repo.maven.apache.org/maven2/net/sf/kxml/kxml2/2.3.0/kxml2-2.3.0.jar
2021-06-06T09:17:19.785-0500 [DEBUG] [org.apache.http.client.protocol.RequestAddCookies] CookieSpec selected: default
2021-06-06T09:17:19.785-0500 [DEBUG] [org.apache.http.client.protocol.RequestAuthCache] Auth cache not set in the context
2021-06-06T09:17:19.785-0500 [DEBUG] [org.apache.http.impl.conn.PoolingHttpClientConnectionManager] Connection request: [route: {s}->https://repo.maven.apache.org:443][total kept alive: 3; route allocated: 8 of 20; total allocated: 8 of 20]
2021-06-06T09:17:19.786-0500 [DEBUG] [org.apache.http.impl.conn.PoolingHttpClientConnectionManager] Connection leased: [id: 15][route: {s}->https://repo.maven.apache.org:443][total kept alive: 2; route allocated: 8 of 20; total allocated: 8 of 20]
2021-06-06T09:17:19.786-0500 [DEBUG] [org.apache.http.impl.conn.DefaultManagedHttpClientConnection] http-outgoing-15: set socket timeout to 30000
2021-06-06T09:17:19.786-0500 [DEBUG] [org.apache.http.impl.conn.DefaultManagedHttpClientConnection] http-outgoing-15: set socket timeout to 30000
2021-06-06T09:17:19.786-0500 [DEBUG] [org.apache.http.impl.execchain.MainClientExec] Executing request GET /maven2/net/sf/kxml/kxml2/2.3.0/kxml2-2.3.0.jar HTTP/1.1
2021-06-06T09:17:19.786-0500 [DEBUG] [org.apache.http.impl.execchain.MainClientExec] Target auth state: UNCHALLENGED
2021-06-06T09:17:19.786-0500 [DEBUG] [org.apache.http.impl.execchain.MainClientExec] Proxy auth state: UNCHALLENGED
2021-06-06T09:17:19.786-0500 [DEBUG] [org.gradle.internal.resource.transport.http.HttpResourceAccessor] Constructing external resource: https://repo.maven.apache.org/maven2/com/google/code/findbugs/jsr305/3.0.2/jsr305-3.0.2.jar
2021-06-06T09:17:19.786-0500 [DEBUG] [org.gradle.internal.resource.transport.http.HttpClientHelper] Performing HTTP GET: https://repo.maven.apache.org/maven2/com/google/code/findbugs/jsr305/3.0.2/jsr305-3.0.2.jar
2021-06-06T09:17:19.787-0500 [DEBUG] [org.apache.http.client.protocol.RequestAddCookies] CookieSpec selected: default
2021-06-06T09:17:19.787-0500 [DEBUG] [org.apache.http.client.protocol.RequestAuthCache] Auth cache not set in the context
2021-06-06T09:17:19.787-0500 [DEBUG] [org.apache.http.impl.conn.PoolingHttpClientConnectionManager] Connection request: [route: {s}->https://repo.maven.apache.org:443][total kept alive: 2; route allocated: 8 of 20; total allocated: 8 of 20]
2021-06-06T09:17:19.787-0500 [DEBUG] [org.apache.http.impl.conn.PoolingHttpClientConnectionManager] Connection leased: [id: 14][route: {s}->https://repo.maven.apache.org:443][total kept alive: 1; route allocated: 8 of 20; total allocated: 8 of 20]
2021-06-06T09:17:19.787-0500 [DEBUG] [org.apache.http.impl.conn.DefaultManagedHttpClientConnection] http-outgoing-14: set socket timeout to 30000
2021-06-06T09:17:19.787-0500 [DEBUG] [org.apache.http.impl.conn.DefaultManagedHttpClientConnection] http-outgoing-14: set socket timeout to 30000
2021-06-06T09:17:19.787-0500 [DEBUG] [org.apache.http.impl.execchain.MainClientExec] Executing request GET /maven2/com/google/code/findbugs/jsr305/3.0.2/jsr305-3.0.2.jar HTTP/1.1
2021-06-06T09:17:19.787-0500 [DEBUG] [org.apache.http.impl.execchain.MainClientExec] Target auth state: UNCHALLENGED
2021-06-06T09:17:19.787-0500 [DEBUG] [org.apache.http.impl.execchain.MainClientExec] Proxy auth state: UNCHALLENGED
2021-06-06T09:17:19.788-0500 [DEBUG] [org.apache.http.impl.conn.PoolingHttpClientConnectionManager] Connection [id: 11][route: {s}->https://repo.maven.apache.org:443] can be kept alive indefinitely
2021-06-06T09:17:19.788-0500 [DEBUG] [org.apache.http.impl.conn.DefaultManagedHttpClientConnection] http-outgoing-11: set socket timeout to 0
2021-06-06T09:17:19.788-0500 [DEBUG] [org.apache.http.impl.conn.PoolingHttpClientConnectionManager] Connection released: [id: 11][route: {s}->https://repo.maven.apache.org:443][total kept alive: 2; route allocated: 8 of 20; total allocated: 8 of 20]
2021-06-06T09:17:19.789-0500 [DEBUG] [org.gradle.internal.operations.DefaultBuildOperationRunner] Build operation 'Download https://repo.maven.apache.org/maven2/org/apache/commons/commons-compress/1.12/commons-compress-1.12.jar' completed
2021-06-06T09:17:19.800-0500 [DEBUG] [org.gradle.api.internal.artifacts.ivyservice.ivyresolve.CachingModuleComponentRepository] Downloaded artifact 'commons-compress-1.12.jar (org.apache.commons:commons-compress:1.12)' from resolver: MavenRepo
2021-06-06T09:17:19.800-0500 [DEBUG] [org.gradle.api.internal.artifacts.repositories.resolver.DefaultExternalResourceArtifactResolver] Loading https://repo.maven.apache.org/maven2/com/google/guava/failureaccess/1.0.1/failureaccess-1.0.1.jar
2021-06-06T09:17:19.800-0500 [DEBUG] [org.gradle.internal.resource.transfer.DefaultCacheAwareExternalResourceAccessor] Constructing external resource: https://repo.maven.apache.org/maven2/com/google/guava/failureaccess/1.0.1/failureaccess-1.0.1.jar
2021-06-06T09:17:19.802-0500 [DEBUG] [org.gradle.internal.resource.transport.http.HttpResourceAccessor] Constructing external resource: https://repo.maven.apache.org/maven2/com/google/guava/failureaccess/1.0.1/failureaccess-1.0.1.jar
2021-06-06T09:17:19.802-0500 [DEBUG] [org.gradle.internal.resource.transport.http.HttpClientHelper] Performing HTTP GET: https://repo.maven.apache.org/maven2/com/google/guava/failureaccess/1.0.1/failureaccess-1.0.1.jar
2021-06-06T09:17:19.802-0500 [DEBUG] [org.apache.http.client.protocol.RequestAddCookies] CookieSpec selected: default
2021-06-06T09:17:19.802-0500 [DEBUG] [org.apache.http.client.protocol.RequestAuthCache] Auth cache not set in the context
2021-06-06T09:17:19.802-0500 [DEBUG] [org.apache.http.impl.conn.PoolingHttpClientConnectionManager] Connection request: [route: {s}->https://repo.maven.apache.org:443][total kept alive: 2; route allocated: 8 of 20; total allocated: 8 of 20]
2021-06-06T09:17:19.802-0500 [DEBUG] [org.apache.http.impl.conn.PoolingHttpClientConnectionManager] Connection leased: [id: 11][route: {s}->https://repo.maven.apache.org:443][total kept alive: 1; route allocated: 8 of 20; total allocated: 8 of 20]
2021-06-06T09:17:19.802-0500 [DEBUG] [org.apache.http.impl.conn.DefaultManagedHttpClientConnection] http-outgoing-11: set socket timeout to 30000
2021-06-06T09:17:19.802-0500 [DEBUG] [org.apache.http.impl.conn.DefaultManagedHttpClientConnection] http-outgoing-11: set socket timeout to 30000
2021-06-06T09:17:19.803-0500 [DEBUG] [org.apache.http.impl.execchain.MainClientExec] Executing request GET /maven2/com/google/guava/failureaccess/1.0.1/failureaccess-1.0.1.jar HTTP/1.1
2021-06-06T09:17:19.803-0500 [DEBUG] [org.apache.http.impl.execchain.MainClientExec] Target auth state: UNCHALLENGED
2021-06-06T09:17:19.803-0500 [DEBUG] [org.apache.http.impl.execchain.MainClientExec] Proxy auth state: UNCHALLENGED
2021-06-06T09:17:19.814-0500 [DEBUG] [org.apache.http.impl.conn.PoolingHttpClientConnectionManager] Connection [id: 13][route: {s}->https://repo.maven.apache.org:443] can be kept alive indefinitely
2021-06-06T09:17:19.814-0500 [DEBUG] [org.apache.http.impl.conn.DefaultManagedHttpClientConnection] http-outgoing-13: set socket timeout to 0
2021-06-06T09:17:19.814-0500 [DEBUG] [org.apache.http.impl.conn.PoolingHttpClientConnectionManager] Connection released: [id: 13][route: {s}->https://repo.maven.apache.org:443][total kept alive: 2; route allocated: 8 of 20; total allocated: 8 of 20]
2021-06-06T09:17:19.815-0500 [DEBUG] [org.gradle.internal.operations.DefaultBuildOperationRunner] Build operation 'Download https://repo.maven.apache.org/maven2/org/jetbrains/kotlin/kotlin-daemon-embeddable/1.4.32/kotlin-daemon-embeddable-1.4.32.jar' completed
2021-06-06T09:17:19.828-0500 [DEBUG] [org.gradle.api.internal.artifacts.ivyservice.ivyresolve.CachingModuleComponentRepository] Downloaded artifact 'kotlin-daemon-embeddable-1.4.32.jar (org.jetbrains.kotlin:kotlin-daemon-embeddable:1.4.32)' from resolver: MavenRepo
2021-06-06T09:17:19.829-0500 [DEBUG] [org.gradle.api.internal.artifacts.repositories.resolver.DefaultExternalResourceArtifactResolver] Loading https://repo.maven.apache.org/maven2/com/google/guava/listenablefuture/9999.0-empty-to-avoid-conflict-with-guava/listenablefuture-9999.0-empty-to-avoid-conflict-with-guava.jar
2021-06-06T09:17:19.829-0500 [DEBUG] [org.gradle.internal.resource.transfer.DefaultCacheAwareExternalResourceAccessor] Constructing external resource: https://repo.maven.apache.org/maven2/com/google/guava/listenablefuture/9999.0-empty-to-avoid-conflict-with-guava/listenablefuture-9999.0-empty-to-avoid-conflict-with-guava.jar
2021-06-06T09:17:19.831-0500 [DEBUG] [org.gradle.internal.resource.transport.http.HttpResourceAccessor] Constructing external resource: https://repo.maven.apache.org/maven2/com/google/guava/listenablefuture/9999.0-empty-to-avoid-conflict-with-guava/listenablefuture-9999.0-empty-to-avoid-conflict-with-guava.jar
2021-06-06T09:17:19.831-0500 [DEBUG] [org.gradle.internal.resource.transport.http.HttpClientHelper] Performing HTTP GET: https://repo.maven.apache.org/maven2/com/google/guava/listenablefuture/9999.0-empty-to-avoid-conflict-with-guava/listenablefuture-9999.0-empty-to-avoid-conflict-with-guava.jar
2021-06-06T09:17:19.831-0500 [DEBUG] [org.apache.http.client.protocol.RequestAddCookies] CookieSpec selected: default
2021-06-06T09:17:19.831-0500 [DEBUG] [org.apache.http.client.protocol.RequestAuthCache] Auth cache not set in the context
2021-06-06T09:17:19.831-0500 [DEBUG] [org.apache.http.impl.conn.PoolingHttpClientConnectionManager] Connection request: [route: {s}->https://repo.maven.apache.org:443][total kept alive: 2; route allocated: 8 of 20; total allocated: 8 of 20]
2021-06-06T09:17:19.831-0500 [DEBUG] [org.apache.http.impl.conn.PoolingHttpClientConnectionManager] Connection leased: [id: 13][route: {s}->https://repo.maven.apache.org:443][total kept alive: 1; route allocated: 8 of 20; total allocated: 8 of 20]
2021-06-06T09:17:19.832-0500 [DEBUG] [org.apache.http.impl.conn.DefaultManagedHttpClientConnection] http-outgoing-13: set socket timeout to 30000
2021-06-06T09:17:19.832-0500 [DEBUG] [org.apache.http.impl.conn.DefaultManagedHttpClientConnection] http-outgoing-13: set socket timeout to 30000
2021-06-06T09:17:19.832-0500 [DEBUG] [org.apache.http.impl.execchain.MainClientExec] Executing request GET /maven2/com/google/guava/listenablefuture/9999.0-empty-to-avoid-conflict-with-guava/listenablefuture-9999.0-empty-to-avoid-conflict-with-guava.jar HTTP/1.1
2021-06-06T09:17:19.832-0500 [DEBUG] [org.apache.http.impl.execchain.MainClientExec] Target auth state: UNCHALLENGED
2021-06-06T09:17:19.832-0500 [DEBUG] [org.apache.http.impl.execchain.MainClientExec] Proxy auth state: UNCHALLENGED
2021-06-06T09:17:19.891-0500 [DEBUG] [org.apache.http.impl.execchain.MainClientExec] Connection can be kept alive indefinitely
2021-06-06T09:17:19.892-0500 [DEBUG] [org.gradle.internal.resource.transport.http.HttpResponseResource] Attempting to download resource https://repo.maven.apache.org/maven2/net/sf/kxml/kxml2/2.3.0/kxml2-2.3.0.jar.
2021-06-06T09:17:19.894-0500 [INFO] [org.gradle.internal.resource.transfer.DefaultCacheAwareExternalResourceAccessor] Downloading https://repo.maven.apache.org/maven2/net/sf/kxml/kxml2/2.3.0/kxml2-2.3.0.jar to C:\Users\gathi\AppData\Local\Temp\gradle_download5071285025150729636bin
2021-06-06T09:17:19.896-0500 [DEBUG] [org.apache.http.impl.execchain.MainClientExec] Connection can be kept alive indefinitely
2021-06-06T09:17:19.896-0500 [DEBUG] [org.gradle.internal.resource.transport.http.HttpResponseResource] Attempting to download resource https://repo.maven.apache.org/maven2/com/google/code/findbugs/jsr305/3.0.2/jsr305-3.0.2.jar.
2021-06-06T09:17:19.898-0500 [INFO] [org.gradle.internal.resource.transfer.DefaultCacheAwareExternalResourceAccessor] Downloading https://repo.maven.apache.org/maven2/com/google/code/findbugs/jsr305/3.0.2/jsr305-3.0.2.jar to C:\Users\gathi\AppData\Local\Temp\gradle_download5709750280051852327bin
2021-06-06T09:17:19.901-0500 [DEBUG] [org.apache.http.impl.conn.PoolingHttpClientConnectionManager] Connection [id: 14][route: {s}->https://repo.maven.apache.org:443] can be kept alive indefinitely
2021-06-06T09:17:19.901-0500 [DEBUG] [org.apache.http.impl.conn.DefaultManagedHttpClientConnection] http-outgoing-14: set socket timeout to 0
2021-06-06T09:17:19.901-0500 [DEBUG] [org.apache.http.impl.conn.PoolingHttpClientConnectionManager] Connection released: [id: 14][route: {s}->https://repo.maven.apache.org:443][total kept alive: 2; route allocated: 8 of 20; total allocated: 8 of 20]
2021-06-06T09:17:19.901-0500 [DEBUG] [org.gradle.internal.operations.DefaultBuildOperationRunner] Build operation 'Download https://repo.maven.apache.org/maven2/com/google/code/findbugs/jsr305/3.0.2/jsr305-3.0.2.jar' completed
2021-06-06T09:17:19.904-0500 [DEBUG] [org.apache.http.impl.conn.PoolingHttpClientConnectionManager] Connection [id: 15][route: {s}->https://repo.maven.apache.org:443] can be kept alive indefinitely
2021-06-06T09:17:19.904-0500 [DEBUG] [org.apache.http.impl.conn.DefaultManagedHttpClientConnection] http-outgoing-15: set socket timeout to 0
2021-06-06T09:17:19.904-0500 [DEBUG] [org.apache.http.impl.conn.PoolingHttpClientConnectionManager] Connection released: [id: 15][route: {s}->https://repo.maven.apache.org:443][total kept alive: 3; route allocated: 8 of 20; total allocated: 8 of 20]
2021-06-06T09:17:19.904-0500 [DEBUG] [org.gradle.internal.operations.DefaultBuildOperationRunner] Build operation 'Download https://repo.maven.apache.org/maven2/net/sf/kxml/kxml2/2.3.0/kxml2-2.3.0.jar' completed
2021-06-06T09:17:19.906-0500 [DEBUG] [org.apache.http.impl.execchain.MainClientExec] Connection can be kept alive indefinitely
2021-06-06T09:17:19.906-0500 [DEBUG] [org.gradle.internal.resource.transport.http.HttpResponseResource] Attempting to download resource https://repo.maven.apache.org/maven2/com/google/guava/failureaccess/1.0.1/failureaccess-1.0.1.jar.
2021-06-06T09:17:19.907-0500 [DEBUG] [org.gradle.api.internal.artifacts.ivyservice.ivyresolve.CachingModuleComponentRepository] Downloaded artifact 'jsr305-3.0.2.jar (com.google.code.findbugs:jsr305:3.0.2)' from resolver: MavenRepo
2021-06-06T09:17:19.908-0500 [INFO] [org.gradle.internal.resource.transfer.DefaultCacheAwareExternalResourceAccessor] Downloading https://repo.maven.apache.org/maven2/com/google/guava/failureaccess/1.0.1/failureaccess-1.0.1.jar to C:\Users\gathi\AppData\Local\Temp\gradle_download10636570232065026164bin
2021-06-06T09:17:19.909-0500 [DEBUG] [org.apache.http.impl.conn.PoolingHttpClientConnectionManager] Connection [id: 11][route: {s}->https://repo.maven.apache.org:443] can be kept alive indefinitely
2021-06-06T09:17:19.909-0500 [DEBUG] [org.apache.http.impl.conn.DefaultManagedHttpClientConnection] http-outgoing-11: set socket timeout to 0
2021-06-06T09:17:19.909-0500 [DEBUG] [org.apache.http.impl.conn.PoolingHttpClientConnectionManager] Connection released: [id: 11][route: {s}->https://repo.maven.apache.org:443][total kept alive: 4; route allocated: 8 of 20; total allocated: 8 of 20]
2021-06-06T09:17:19.910-0500 [DEBUG] [org.gradle.internal.operations.DefaultBuildOperationRunner] Build operation 'Download https://repo.maven.apache.org/maven2/com/google/guava/failureaccess/1.0.1/failureaccess-1.0.1.jar' completed
2021-06-06T09:17:19.913-0500 [DEBUG] [org.gradle.api.internal.artifacts.ivyservice.ivyresolve.CachingModuleComponentRepository] Downloaded artifact 'kxml2-2.3.0.jar (net.sf.kxml:kxml2:2.3.0)' from resolver: MavenRepo
2021-06-06T09:17:19.918-0500 [DEBUG] [org.gradle.api.internal.artifacts.ivyservice.ivyresolve.CachingModuleComponentRepository] Downloaded artifact 'failureaccess-1.0.1.jar (com.google.guava:failureaccess:1.0.1)' from resolver: MavenRepo
2021-06-06T09:17:19.919-0500 [DEBUG] [org.gradle.api.internal.artifacts.repositories.resolver.DefaultExternalResourceArtifactResolver] Loading https://repo.maven.apache.org/maven2/com/google/j2objc/j2objc-annotations/1.3/j2objc-annotations-1.3.jar
2021-06-06T09:17:19.919-0500 [DEBUG] [org.gradle.internal.resource.transfer.DefaultCacheAwareExternalResourceAccessor] Constructing external resource: https://repo.maven.apache.org/maven2/com/google/j2objc/j2objc-annotations/1.3/j2objc-annotations-1.3.jar
2021-06-06T09:17:19.919-0500 [DEBUG] [org.gradle.api.internal.artifacts.repositories.resolver.DefaultExternalResourceArtifactResolver] Loading https://repo.maven.apache.org/maven2/commons-logging/commons-logging/1.2/commons-logging-1.2.jar
2021-06-06T09:17:19.920-0500 [DEBUG] [org.gradle.internal.resource.transfer.DefaultCacheAwareExternalResourceAccessor] Constructing external resource: https://repo.maven.apache.org/maven2/commons-logging/commons-logging/1.2/commons-logging-1.2.jar
2021-06-06T09:17:19.920-0500 [DEBUG] [org.gradle.api.internal.artifacts.repositories.resolver.DefaultExternalResourceArtifactResolver] Loading https://repo.maven.apache.org/maven2/org/codehaus/mojo/animal-sniffer-annotations/1.18/animal-sniffer-annotations-1.18.jar
2021-06-06T09:17:19.920-0500 [DEBUG] [org.gradle.internal.resource.transfer.DefaultCacheAwareExternalResourceAccessor] Constructing external resource: https://repo.maven.apache.org/maven2/org/codehaus/mojo/animal-sniffer-annotations/1.18/animal-sniffer-annotations-1.18.jar
2021-06-06T09:17:19.921-0500 [DEBUG] [org.gradle.internal.resource.transport.http.HttpResourceAccessor] Constructing external resource: https://repo.maven.apache.org/maven2/com/google/j2objc/j2objc-annotations/1.3/j2objc-annotations-1.3.jar
2021-06-06T09:17:19.921-0500 [DEBUG] [org.gradle.internal.resource.transport.http.HttpClientHelper] Performing HTTP GET: https://repo.maven.apache.org/maven2/com/google/j2objc/j2objc-annotations/1.3/j2objc-annotations-1.3.jar
2021-06-06T09:17:19.921-0500 [DEBUG] [org.apache.http.client.protocol.RequestAddCookies] CookieSpec selected: default
2021-06-06T09:17:19.922-0500 [DEBUG] [org.apache.http.client.protocol.RequestAuthCache] Auth cache not set in the context
2021-06-06T09:17:19.922-0500 [DEBUG] [org.apache.http.impl.conn.PoolingHttpClientConnectionManager] Connection request: [route: {s}->https://repo.maven.apache.org:443][total kept alive: 4; route allocated: 8 of 20; total allocated: 8 of 20]
2021-06-06T09:17:19.922-0500 [DEBUG] [org.gradle.internal.resource.transport.http.HttpResourceAccessor] Constructing external resource: https://repo.maven.apache.org/maven2/org/codehaus/mojo/animal-sniffer-annotations/1.18/animal-sniffer-annotations-1.18.jar
2021-06-06T09:17:19.922-0500 [DEBUG] [org.gradle.internal.resource.transport.http.HttpClientHelper] Performing HTTP GET: https://repo.maven.apache.org/maven2/org/codehaus/mojo/animal-sniffer-annotations/1.18/animal-sniffer-annotations-1.18.jar
2021-06-06T09:17:19.922-0500 [DEBUG] [org.apache.http.impl.conn.PoolingHttpClientConnectionManager] Connection leased: [id: 11][route: {s}->https://repo.maven.apache.org:443][total kept alive: 3; route allocated: 8 of 20; total allocated: 8 of 20]
2021-06-06T09:17:19.922-0500 [DEBUG] [org.apache.http.impl.conn.DefaultManagedHttpClientConnection] http-outgoing-11: set socket timeout to 30000
2021-06-06T09:17:19.922-0500 [DEBUG] [org.apache.http.impl.conn.DefaultManagedHttpClientConnection] http-outgoing-11: set socket timeout to 30000
2021-06-06T09:17:19.922-0500 [DEBUG] [org.apache.http.impl.execchain.MainClientExec] Executing request GET /maven2/com/google/j2objc/j2objc-annotations/1.3/j2objc-annotations-1.3.jar HTTP/1.1
2021-06-06T09:17:19.923-0500 [DEBUG] [org.apache.http.impl.execchain.MainClientExec] Target auth state: UNCHALLENGED
2021-06-06T09:17:19.923-0500 [DEBUG] [org.apache.http.impl.execchain.MainClientExec] Proxy auth state: UNCHALLENGED
2021-06-06T09:17:19.922-0500 [DEBUG] [org.apache.http.client.protocol.RequestAddCookies] CookieSpec selected: default
2021-06-06T09:17:19.922-0500 [DEBUG] [org.gradle.internal.resource.transport.http.HttpResourceAccessor] Constructing external resource: https://repo.maven.apache.org/maven2/commons-logging/commons-logging/1.2/commons-logging-1.2.jar
2021-06-06T09:17:19.923-0500 [DEBUG] [org.apache.http.client.protocol.RequestAuthCache] Auth cache not set in the context
2021-06-06T09:17:19.923-0500 [DEBUG] [org.apache.http.impl.conn.PoolingHttpClientConnectionManager] Connection request: [route: {s}->https://repo.maven.apache.org:443][total kept alive: 3; route allocated: 8 of 20; total allocated: 8 of 20]
2021-06-06T09:17:19.923-0500 [DEBUG] [org.apache.http.impl.conn.PoolingHttpClientConnectionManager] Connection leased: [id: 15][route: {s}->https://repo.maven.apache.org:443][total kept alive: 2; route allocated: 8 of 20; total allocated: 8 of 20]
2021-06-06T09:17:19.923-0500 [DEBUG] [org.apache.http.impl.conn.DefaultManagedHttpClientConnection] http-outgoing-15: set socket timeout to 30000
2021-06-06T09:17:19.924-0500 [DEBUG] [org.apache.http.impl.conn.DefaultManagedHttpClientConnection] http-outgoing-15: set socket timeout to 30000
2021-06-06T09:17:19.924-0500 [DEBUG] [org.apache.http.impl.execchain.MainClientExec] Executing request GET /maven2/org/codehaus/mojo/animal-sniffer-annotations/1.18/animal-sniffer-annotations-1.18.jar HTTP/1.1
2021-06-06T09:17:19.924-0500 [DEBUG] [org.apache.http.impl.execchain.MainClientExec] Target auth state: UNCHALLENGED
2021-06-06T09:17:19.924-0500 [DEBUG] [org.apache.http.impl.execchain.MainClientExec] Proxy auth state: UNCHALLENGED
2021-06-06T09:17:19.923-0500 [DEBUG] [org.gradle.internal.resource.transport.http.HttpClientHelper] Performing HTTP GET: https://repo.maven.apache.org/maven2/commons-logging/commons-logging/1.2/commons-logging-1.2.jar
2021-06-06T09:17:19.924-0500 [DEBUG] [org.apache.http.impl.execchain.MainClientExec] Connection can be kept alive indefinitely
2021-06-06T09:17:19.924-0500 [DEBUG] [org.apache.http.client.protocol.RequestAddCookies] CookieSpec selected: default
2021-06-06T09:17:19.924-0500 [DEBUG] [org.apache.http.client.protocol.RequestAuthCache] Auth cache not set in the context
2021-06-06T09:17:19.924-0500 [DEBUG] [org.apache.http.impl.conn.PoolingHttpClientConnectionManager] Connection request: [route: {s}->https://repo.maven.apache.org:443][total kept alive: 2; route allocated: 8 of 20; total allocated: 8 of 20]
2021-06-06T09:17:19.924-0500 [DEBUG] [org.apache.http.impl.conn.PoolingHttpClientConnectionManager] Connection leased: [id: 14][route: {s}->https://repo.maven.apache.org:443][total kept alive: 1; route allocated: 8 of 20; total allocated: 8 of 20]
2021-06-06T09:17:19.925-0500 [DEBUG] [org.apache.http.impl.conn.DefaultManagedHttpClientConnection] http-outgoing-14: set socket timeout to 30000
2021-06-06T09:17:19.925-0500 [DEBUG] [org.apache.http.impl.conn.DefaultManagedHttpClientConnection] http-outgoing-14: set socket timeout to 30000
2021-06-06T09:17:19.925-0500 [DEBUG] [org.apache.http.impl.execchain.MainClientExec] Executing request GET /maven2/commons-logging/commons-logging/1.2/commons-logging-1.2.jar HTTP/1.1
2021-06-06T09:17:19.925-0500 [DEBUG] [org.apache.http.impl.execchain.MainClientExec] Target auth state: UNCHALLENGED
2021-06-06T09:17:19.925-0500 [DEBUG] [org.apache.http.impl.execchain.MainClientExec] Proxy auth state: UNCHALLENGED
2021-06-06T09:17:19.924-0500 [DEBUG] [org.gradle.internal.resource.transport.http.HttpResponseResource] Attempting to download resource https://repo.maven.apache.org/maven2/com/google/guava/listenablefuture/9999.0-empty-to-avoid-conflict-with-guava/listenablefuture-9999.0-empty-to-avoid-conflict-with-guava.jar.
2021-06-06T09:17:19.925-0500 [DEBUG] [org.apache.http.impl.conn.PoolingHttpClientConnectionManager] Connection [id: 12][route: {s}->https://repo.maven.apache.org:443] can be kept alive indefinitely
2021-06-06T09:17:19.925-0500 [DEBUG] [org.apache.http.impl.conn.DefaultManagedHttpClientConnection] http-outgoing-12: set socket timeout to 0
2021-06-06T09:17:19.925-0500 [DEBUG] [org.apache.http.impl.conn.PoolingHttpClientConnectionManager] Connection released: [id: 12][route: {s}->https://repo.maven.apache.org:443][total kept alive: 2; route allocated: 8 of 20; total allocated: 8 of 20]
2021-06-06T09:17:19.926-0500 [DEBUG] [org.gradle.internal.operations.DefaultBuildOperationRunner] Build operation 'Download https://repo.maven.apache.org/maven2/it/unimi/dsi/fastutil/8.4.0/fastutil-8.4.0.jar' completed
2021-06-06T09:17:19.926-0500 [INFO] [org.gradle.internal.resource.transfer.DefaultCacheAwareExternalResourceAccessor] Downloading https://repo.maven.apache.org/maven2/com/google/guava/listenablefuture/9999.0-empty-to-avoid-conflict-with-guava/listenablefuture-9999.0-empty-to-avoid-conflict-with-guava.jar to C:\Users\gathi\AppData\Local\Temp\gradle_download8312420782596671308bin
2021-06-06T09:17:19.927-0500 [DEBUG] [org.apache.http.impl.conn.PoolingHttpClientConnectionManager] Connection [id: 13][route: {s}->https://repo.maven.apache.org:443] can be kept alive indefinitely
2021-06-06T09:17:19.927-0500 [DEBUG] [org.apache.http.impl.conn.DefaultManagedHttpClientConnection] http-outgoing-13: set socket timeout to 0
2021-06-06T09:17:19.927-0500 [DEBUG] [org.apache.http.impl.conn.PoolingHttpClientConnectionManager] Connection released: [id: 13][route: {s}->https://repo.maven.apache.org:443][total kept alive: 3; route allocated: 8 of 20; total allocated: 8 of 20]
2021-06-06T09:17:19.928-0500 [DEBUG] [org.gradle.internal.operations.DefaultBuildOperationRunner] Build operation 'Download https://repo.maven.apache.org/maven2/com/google/guava/listenablefuture/9999.0-empty-to-avoid-conflict-with-guava/listenablefuture-9999.0-empty-to-avoid-conflict-with-guava.jar' completed
2021-06-06T09:17:19.967-0500 [DEBUG] [org.apache.http.impl.conn.PoolingHttpClientConnectionManager] Connection [id: 2][route: {s}->https://repo.maven.apache.org:443] can be kept alive indefinitely
2021-06-06T09:17:19.967-0500 [DEBUG] [org.apache.http.impl.conn.DefaultManagedHttpClientConnection] http-outgoing-2: set socket timeout to 0
2021-06-06T09:17:19.967-0500 [DEBUG] [org.apache.http.impl.conn.PoolingHttpClientConnectionManager] Connection released: [id: 2][route: {s}->https://repo.maven.apache.org:443][total kept alive: 4; route allocated: 8 of 20; total allocated: 8 of 20]
2021-06-06T09:17:19.967-0500 [DEBUG] [org.gradle.internal.operations.DefaultBuildOperationRunner] Build operation 'Download https://repo.maven.apache.org/maven2/xerces/xercesImpl/2.12.0/xercesImpl-2.12.0.jar' completed
2021-06-06T09:17:19.978-0500 [DEBUG] [org.apache.http.impl.execchain.MainClientExec] Connection can be kept alive indefinitely
2021-06-06T09:17:19.978-0500 [DEBUG] [org.apache.http.impl.execchain.MainClientExec] Connection can be kept alive indefinitely
2021-06-06T09:17:19.979-0500 [DEBUG] [org.gradle.internal.resource.transport.http.HttpResponseResource] Attempting to download resource https://repo.maven.apache.org/maven2/commons-logging/commons-logging/1.2/commons-logging-1.2.jar.
2021-06-06T09:17:19.979-0500 [DEBUG] [org.gradle.internal.resource.transport.http.HttpResponseResource] Attempting to download resource https://repo.maven.apache.org/maven2/com/google/j2objc/j2objc-annotations/1.3/j2objc-annotations-1.3.jar.
2021-06-06T09:17:19.980-0500 [INFO] [org.gradle.internal.resource.transfer.DefaultCacheAwareExternalResourceAccessor] Downloading https://repo.maven.apache.org/maven2/commons-logging/commons-logging/1.2/commons-logging-1.2.jar to C:\Users\gathi\AppData\Local\Temp\gradle_download5542044205012955078bin
2021-06-06T09:17:19.980-0500 [INFO] [org.gradle.internal.resource.transfer.DefaultCacheAwareExternalResourceAccessor] Downloading https://repo.maven.apache.org/maven2/com/google/j2objc/j2objc-annotations/1.3/j2objc-annotations-1.3.jar to C:\Users\gathi\AppData\Local\Temp\gradle_download7242103365492374559bin
2021-06-06T09:17:19.980-0500 [DEBUG] [org.apache.http.impl.execchain.MainClientExec] Connection can be kept alive indefinitely
2021-06-06T09:17:19.981-0500 [DEBUG] [org.gradle.internal.resource.transport.http.HttpResponseResource] Attempting to download resource https://repo.maven.apache.org/maven2/org/codehaus/mojo/animal-sniffer-annotations/1.18/animal-sniffer-annotations-1.18.jar.
2021-06-06T09:17:19.981-0500 [DEBUG] [org.apache.http.impl.conn.PoolingHttpClientConnectionManager] Connection [id: 11][route: {s}->https://repo.maven.apache.org:443] can be kept alive indefinitely
2021-06-06T09:17:19.981-0500 [DEBUG] [org.apache.http.impl.conn.DefaultManagedHttpClientConnection] http-outgoing-11: set socket timeout to 0
2021-06-06T09:17:19.982-0500 [DEBUG] [org.apache.http.impl.conn.PoolingHttpClientConnectionManager] Connection released: [id: 11][route: {s}->https://repo.maven.apache.org:443][total kept alive: 5; route allocated: 8 of 20; total allocated: 8 of 20]
2021-06-06T09:17:19.982-0500 [DEBUG] [org.gradle.internal.operations.DefaultBuildOperationRunner] Build operation 'Download https://repo.maven.apache.org/maven2/com/google/j2objc/j2objc-annotations/1.3/j2objc-annotations-1.3.jar' completed
2021-06-06T09:17:19.983-0500 [INFO] [org.gradle.internal.resource.transfer.DefaultCacheAwareExternalResourceAccessor] Downloading https://repo.maven.apache.org/maven2/org/codehaus/mojo/animal-sniffer-annotations/1.18/animal-sniffer-annotations-1.18.jar to C:\Users\gathi\AppData\Local\Temp\gradle_download2672640871956481630bin
2021-06-06T09:17:19.983-0500 [DEBUG] [org.apache.http.impl.conn.PoolingHttpClientConnectionManager] Connection [id: 15][route: {s}->https://repo.maven.apache.org:443] can be kept alive indefinitely
2021-06-06T09:17:19.983-0500 [DEBUG] [org.apache.http.impl.conn.DefaultManagedHttpClientConnection] http-outgoing-15: set socket timeout to 0
2021-06-06T09:17:19.984-0500 [DEBUG] [org.apache.http.impl.conn.PoolingHttpClientConnectionManager] Connection released: [id: 15][route: {s}->https://repo.maven.apache.org:443][total kept alive: 6; route allocated: 8 of 20; total allocated: 8 of 20]
2021-06-06T09:17:19.984-0500 [DEBUG] [org.gradle.internal.operations.DefaultBuildOperationRunner] Build operation 'Download https://repo.maven.apache.org/maven2/org/codehaus/mojo/animal-sniffer-annotations/1.18/animal-sniffer-annotations-1.18.jar' completed
2021-06-06T09:17:20.010-0500 [DEBUG] [org.apache.http.impl.conn.PoolingHttpClientConnectionManager] Connection [id: 14][route: {s}->https://repo.maven.apache.org:443] can be kept alive indefinitely
2021-06-06T09:17:20.010-0500 [DEBUG] [org.apache.http.impl.conn.DefaultManagedHttpClientConnection] http-outgoing-14: set socket timeout to 0
2021-06-06T09:17:20.010-0500 [DEBUG] [org.apache.http.impl.conn.PoolingHttpClientConnectionManager] Connection released: [id: 14][route: {s}->https://repo.maven.apache.org:443][total kept alive: 7; route allocated: 8 of 20; total allocated: 8 of 20]
2021-06-06T09:17:20.011-0500 [DEBUG] [org.gradle.internal.operations.DefaultBuildOperationRunner] Build operation 'Download https://repo.maven.apache.org/maven2/commons-logging/commons-logging/1.2/commons-logging-1.2.jar' completed
2021-06-06T09:17:20.103-0500 [DEBUG] [org.gradle.api.internal.artifacts.ivyservice.ivyresolve.CachingModuleComponentRepository] Downloaded artifact 'fastutil-8.4.0.jar (it.unimi.dsi:fastutil:8.4.0)' from resolver: MavenRepo
2021-06-06T09:17:20.113-0500 [DEBUG] [org.gradle.api.internal.artifacts.ivyservice.ivyresolve.CachingModuleComponentRepository] Downloaded artifact 'listenablefuture-9999.0-empty-to-avoid-conflict-with-guava.jar (com.google.guava:listenablefuture:9999.0-empty-to-avoid-conflict-with-guava)' from resolver: MavenRepo
2021-06-06T09:17:20.133-0500 [DEBUG] [org.gradle.api.internal.artifacts.ivyservice.ivyresolve.CachingModuleComponentRepository] Downloaded artifact 'xercesImpl-2.12.0.jar (xerces:xercesImpl:2.12.0)' from resolver: MavenRepo
2021-06-06T09:17:20.138-0500 [DEBUG] [org.gradle.api.internal.artifacts.ivyservice.ivyresolve.CachingModuleComponentRepository] Downloaded artifact 'j2objc-annotations-1.3.jar (com.google.j2objc:j2objc-annotations:1.3)' from resolver: MavenRepo
2021-06-06T09:17:20.144-0500 [DEBUG] [org.gradle.api.internal.artifacts.ivyservice.ivyresolve.CachingModuleComponentRepository] Downloaded artifact 'animal-sniffer-annotations-1.18.jar (org.codehaus.mojo:animal-sniffer-annotations:1.18)' from resolver: MavenRepo
2021-06-06T09:17:20.144-0500 [DEBUG] [org.gradle.internal.operations.DefaultBuildOperationRunner] Build operation 'Resolve fastutil-8.4.0.jar (it.unimi.dsi:fastutil:8.4.0)' completed
2021-06-06T09:17:20.150-0500 [DEBUG] [org.gradle.api.internal.artifacts.ivyservice.ivyresolve.CachingModuleComponentRepository] Downloaded artifact 'commons-logging-1.2.jar (commons-logging:commons-logging:1.2)' from resolver: MavenRepo
2021-06-06T09:17:20.152-0500 [DEBUG] [org.gradle.api.internal.artifacts.repositories.resolver.DefaultExternalResourceArtifactResolver] Loading https://repo.maven.apache.org/maven2/com/sun/istack/istack-commons-runtime/3.0.8/istack-commons-runtime-3.0.8.jar
2021-06-06T09:17:20.152-0500 [DEBUG] [org.gradle.api.internal.artifacts.repositories.resolver.DefaultExternalResourceArtifactResolver] Loading https://repo.maven.apache.org/maven2/jakarta/xml/bind/jakarta.xml.bind-api/2.3.2/jakarta.xml.bind-api-2.3.2.jar
2021-06-06T09:17:20.151-0500 [DEBUG] [org.gradle.api.internal.artifacts.repositories.resolver.DefaultExternalResourceArtifactResolver] Loading https://repo.maven.apache.org/maven2/org/jvnet/staxex/stax-ex/1.8.1/stax-ex-1.8.1.jar
2021-06-06T09:17:20.151-0500 [DEBUG] [org.gradle.api.internal.artifacts.repositories.resolver.DefaultExternalResourceArtifactResolver] Loading https://repo.maven.apache.org/maven2/commons-codec/commons-codec/1.10/commons-codec-1.10.jar
2021-06-06T09:17:20.151-0500 [DEBUG] [org.gradle.api.internal.artifacts.repositories.resolver.DefaultExternalResourceArtifactResolver] Loading https://repo.maven.apache.org/maven2/org/glassfish/jaxb/txw2/2.3.2/txw2-2.3.2.jar
2021-06-06T09:17:20.152-0500 [DEBUG] [org.gradle.internal.resource.transfer.DefaultCacheAwareExternalResourceAccessor] Constructing external resource: https://repo.maven.apache.org/maven2/org/glassfish/jaxb/txw2/2.3.2/txw2-2.3.2.jar
2021-06-06T09:17:20.152-0500 [DEBUG] [org.gradle.internal.resource.transfer.DefaultCacheAwareExternalResourceAccessor] Constructing external resource: https://repo.maven.apache.org/maven2/commons-codec/commons-codec/1.10/commons-codec-1.10.jar
2021-06-06T09:17:20.152-0500 [DEBUG] [org.gradle.internal.resource.transfer.DefaultCacheAwareExternalResourceAccessor] Constructing external resource: https://repo.maven.apache.org/maven2/org/jvnet/staxex/stax-ex/1.8.1/stax-ex-1.8.1.jar
2021-06-06T09:17:20.152-0500 [DEBUG] [org.gradle.internal.resource.transfer.DefaultCacheAwareExternalResourceAccessor] Constructing external resource: https://repo.maven.apache.org/maven2/jakarta/xml/bind/jakarta.xml.bind-api/2.3.2/jakarta.xml.bind-api-2.3.2.jar
2021-06-06T09:17:20.152-0500 [DEBUG] [org.gradle.internal.resource.transfer.DefaultCacheAwareExternalResourceAccessor] Constructing external resource: https://repo.maven.apache.org/maven2/com/sun/istack/istack-commons-runtime/3.0.8/istack-commons-runtime-3.0.8.jar
2021-06-06T09:17:20.154-0500 [DEBUG] [org.gradle.api.internal.artifacts.repositories.resolver.DefaultExternalResourceArtifactResolver] Loading https://repo.maven.apache.org/maven2/com/sun/xml/fastinfoset/FastInfoset/1.2.16/FastInfoset-1.2.16.jar
2021-06-06T09:17:20.154-0500 [DEBUG] [org.gradle.internal.resource.transfer.DefaultCacheAwareExternalResourceAccessor] Constructing external resource: https://repo.maven.apache.org/maven2/com/sun/xml/fastinfoset/FastInfoset/1.2.16/FastInfoset-1.2.16.jar
2021-06-06T09:17:20.155-0500 [DEBUG] [org.gradle.internal.resource.transport.http.HttpResourceAccessor] Constructing external resource: https://repo.maven.apache.org/maven2/org/glassfish/jaxb/txw2/2.3.2/txw2-2.3.2.jar
2021-06-06T09:17:20.155-0500 [DEBUG] [org.gradle.internal.resource.transport.http.HttpClientHelper] Performing HTTP GET: https://repo.maven.apache.org/maven2/org/glassfish/jaxb/txw2/2.3.2/txw2-2.3.2.jar
2021-06-06T09:17:20.155-0500 [DEBUG] [org.gradle.internal.resource.transport.http.HttpResourceAccessor] Constructing external resource: https://repo.maven.apache.org/maven2/jakarta/xml/bind/jakarta.xml.bind-api/2.3.2/jakarta.xml.bind-api-2.3.2.jar
2021-06-06T09:17:20.155-0500 [DEBUG] [org.gradle.internal.resource.transport.http.HttpClientHelper] Performing HTTP GET: https://repo.maven.apache.org/maven2/jakarta/xml/bind/jakarta.xml.bind-api/2.3.2/jakarta.xml.bind-api-2.3.2.jar
2021-06-06T09:17:20.155-0500 [DEBUG] [org.gradle.internal.resource.transport.http.HttpResourceAccessor] Constructing external resource: https://repo.maven.apache.org/maven2/org/jvnet/staxex/stax-ex/1.8.1/stax-ex-1.8.1.jar
2021-06-06T09:17:20.156-0500 [DEBUG] [org.apache.http.client.protocol.RequestAddCookies] CookieSpec selected: default
2021-06-06T09:17:20.155-0500 [DEBUG] [org.apache.http.client.protocol.RequestAddCookies] CookieSpec selected: default
2021-06-06T09:17:20.156-0500 [DEBUG] [org.apache.http.client.protocol.RequestAuthCache] Auth cache not set in the context
2021-06-06T09:17:20.156-0500 [DEBUG] [org.gradle.internal.resource.transport.http.HttpClientHelper] Performing HTTP GET: https://repo.maven.apache.org/maven2/org/jvnet/staxex/stax-ex/1.8.1/stax-ex-1.8.1.jar
2021-06-06T09:17:20.156-0500 [DEBUG] [org.apache.http.impl.conn.PoolingHttpClientConnectionManager] Connection request: [route: {s}->https://repo.maven.apache.org:443][total kept alive: 7; route allocated: 8 of 20; total allocated: 8 of 20]
2021-06-06T09:17:20.156-0500 [DEBUG] [org.apache.http.client.protocol.RequestAuthCache] Auth cache not set in the context
2021-06-06T09:17:20.157-0500 [DEBUG] [org.apache.http.impl.conn.PoolingHttpClientConnectionManager] Connection leased: [id: 14][route: {s}->https://repo.maven.apache.org:443][total kept alive: 6; route allocated: 8 of 20; total allocated: 8 of 20]
2021-06-06T09:17:20.157-0500 [DEBUG] [org.apache.http.impl.conn.DefaultManagedHttpClientConnection] http-outgoing-14: set socket timeout to 30000
2021-06-06T09:17:20.156-0500 [DEBUG] [org.gradle.internal.resource.transport.http.HttpResourceAccessor] Constructing external resource: https://repo.maven.apache.org/maven2/com/sun/istack/istack-commons-runtime/3.0.8/istack-commons-runtime-3.0.8.jar
2021-06-06T09:17:20.156-0500 [DEBUG] [org.gradle.internal.resource.transport.http.HttpResourceAccessor] Constructing external resource: https://repo.maven.apache.org/maven2/com/sun/xml/fastinfoset/FastInfoset/1.2.16/FastInfoset-1.2.16.jar
2021-06-06T09:17:20.156-0500 [DEBUG] [org.apache.http.client.protocol.RequestAddCookies] CookieSpec selected: default
2021-06-06T09:17:20.157-0500 [DEBUG] [org.gradle.internal.resource.transport.http.HttpClientHelper] Performing HTTP GET: https://repo.maven.apache.org/maven2/com/sun/xml/fastinfoset/FastInfoset/1.2.16/FastInfoset-1.2.16.jar
2021-06-06T09:17:20.157-0500 [DEBUG] [org.gradle.internal.resource.transport.http.HttpClientHelper] Performing HTTP GET: https://repo.maven.apache.org/maven2/com/sun/istack/istack-commons-runtime/3.0.8/istack-commons-runtime-3.0.8.jar
2021-06-06T09:17:20.161-0500 [DEBUG] [org.apache.http.client.protocol.RequestAddCookies] CookieSpec selected: default
2021-06-06T09:17:20.157-0500 [DEBUG] [org.apache.http.impl.conn.DefaultManagedHttpClientConnection] http-outgoing-14: set socket timeout to 30000
2021-06-06T09:17:20.157-0500 [DEBUG] [org.gradle.internal.resource.transport.http.HttpResourceAccessor] Constructing external resource: https://repo.maven.apache.org/maven2/commons-codec/commons-codec/1.10/commons-codec-1.10.jar
2021-06-06T09:17:20.157-0500 [DEBUG] [org.apache.http.impl.conn.PoolingHttpClientConnectionManager] Connection request: [route: {s}->https://repo.maven.apache.org:443][total kept alive: 6; route allocated: 8 of 20; total allocated: 8 of 20]
2021-06-06T09:17:20.161-0500 [DEBUG] [org.gradle.internal.resource.transport.http.HttpClientHelper] Performing HTTP GET: https://repo.maven.apache.org/maven2/commons-codec/commons-codec/1.10/commons-codec-1.10.jar
2021-06-06T09:17:20.161-0500 [DEBUG] [org.apache.http.impl.execchain.MainClientExec] Executing request GET /maven2/jakarta/xml/bind/jakarta.xml.bind-api/2.3.2/jakarta.xml.bind-api-2.3.2.jar HTTP/1.1
2021-06-06T09:17:20.161-0500 [DEBUG] [org.apache.http.client.protocol.RequestAddCookies] CookieSpec selected: default
2021-06-06T09:17:20.161-0500 [DEBUG] [org.apache.http.client.protocol.RequestAuthCache] Auth cache not set in the context
2021-06-06T09:17:20.161-0500 [DEBUG] [org.apache.http.client.protocol.RequestAddCookies] CookieSpec selected: default
2021-06-06T09:17:20.162-0500 [DEBUG] [org.apache.http.client.protocol.RequestAuthCache] Auth cache not set in the context
2021-06-06T09:17:20.162-0500 [DEBUG] [org.apache.http.impl.conn.PoolingHttpClientConnectionManager] Connection request: [route: {s}->https://repo.maven.apache.org:443][total kept alive: 5; route allocated: 8 of 20; total allocated: 8 of 20]
2021-06-06T09:17:20.157-0500 [DEBUG] [org.apache.http.client.protocol.RequestAuthCache] Auth cache not set in the context
2021-06-06T09:17:20.162-0500 [DEBUG] [org.apache.http.impl.conn.PoolingHttpClientConnectionManager] Connection leased: [id: 11][route: {s}->https://repo.maven.apache.org:443][total kept alive: 4; route allocated: 8 of 20; total allocated: 8 of 20]
2021-06-06T09:17:20.162-0500 [DEBUG] [org.apache.http.impl.conn.DefaultManagedHttpClientConnection] http-outgoing-11: set socket timeout to 30000
2021-06-06T09:17:20.162-0500 [DEBUG] [org.apache.http.impl.conn.DefaultManagedHttpClientConnection] http-outgoing-11: set socket timeout to 30000
2021-06-06T09:17:20.162-0500 [DEBUG] [org.apache.http.impl.conn.PoolingHttpClientConnectionManager] Connection request: [route: {s}->https://repo.maven.apache.org:443][total kept alive: 5; route allocated: 8 of 20; total allocated: 8 of 20]
2021-06-06T09:17:20.162-0500 [DEBUG] [org.apache.http.client.protocol.RequestAuthCache] Auth cache not set in the context
2021-06-06T09:17:20.163-0500 [DEBUG] [org.apache.http.impl.conn.PoolingHttpClientConnectionManager] Connection request: [route: {s}->https://repo.maven.apache.org:443][total kept alive: 3; route allocated: 8 of 20; total allocated: 8 of 20]
2021-06-06T09:17:20.163-0500 [DEBUG] [org.apache.http.impl.conn.PoolingHttpClientConnectionManager] Connection leased: [id: 13][route: {s}->https://repo.maven.apache.org:443][total kept alive: 2; route allocated: 8 of 20; total allocated: 8 of 20]
2021-06-06T09:17:20.163-0500 [DEBUG] [org.apache.http.impl.conn.DefaultManagedHttpClientConnection] http-outgoing-13: set socket timeout to 30000
2021-06-06T09:17:20.163-0500 [DEBUG] [org.apache.http.impl.conn.DefaultManagedHttpClientConnection] http-outgoing-13: set socket timeout to 30000
2021-06-06T09:17:20.163-0500 [DEBUG] [org.apache.http.impl.execchain.MainClientExec] Executing request GET /maven2/commons-codec/commons-codec/1.10/commons-codec-1.10.jar HTTP/1.1
2021-06-06T09:17:20.163-0500 [DEBUG] [org.apache.http.impl.execchain.MainClientExec] Target auth state: UNCHALLENGED
2021-06-06T09:17:20.163-0500 [DEBUG] [org.apache.http.impl.execchain.MainClientExec] Proxy auth state: UNCHALLENGED
2021-06-06T09:17:20.161-0500 [DEBUG] [org.apache.http.impl.execchain.MainClientExec] Target auth state: UNCHALLENGED
2021-06-06T09:17:20.161-0500 [DEBUG] [org.apache.http.impl.conn.PoolingHttpClientConnectionManager] Connection leased: [id: 15][route: {s}->https://repo.maven.apache.org:443][total kept alive: 5; route allocated: 8 of 20; total allocated: 8 of 20]
2021-06-06T09:17:20.164-0500 [DEBUG] [org.apache.http.impl.conn.DefaultManagedHttpClientConnection] http-outgoing-15: set socket timeout to 30000
2021-06-06T09:17:20.165-0500 [DEBUG] [org.apache.http.impl.conn.DefaultManagedHttpClientConnection] http-outgoing-15: set socket timeout to 30000
2021-06-06T09:17:20.165-0500 [DEBUG] [org.apache.http.impl.execchain.MainClientExec] Executing request GET /maven2/org/glassfish/jaxb/txw2/2.3.2/txw2-2.3.2.jar HTTP/1.1
2021-06-06T09:17:20.165-0500 [DEBUG] [org.apache.http.impl.execchain.MainClientExec] Target auth state: UNCHALLENGED
2021-06-06T09:17:20.165-0500 [DEBUG] [org.apache.http.impl.execchain.MainClientExec] Proxy auth state: UNCHALLENGED
2021-06-06T09:17:20.164-0500 [DEBUG] [org.apache.http.impl.execchain.MainClientExec] Proxy auth state: UNCHALLENGED
2021-06-06T09:17:20.162-0500 [DEBUG] [org.apache.http.impl.conn.PoolingHttpClientConnectionManager] Connection leased: [id: 2][route: {s}->https://repo.maven.apache.org:443][total kept alive: 3; route allocated: 8 of 20; total allocated: 8 of 20]
2021-06-06T09:17:20.162-0500 [DEBUG] [org.apache.http.impl.execchain.MainClientExec] Executing request GET /maven2/com/sun/istack/istack-commons-runtime/3.0.8/istack-commons-runtime-3.0.8.jar HTTP/1.1
2021-06-06T09:17:20.166-0500 [DEBUG] [org.apache.http.impl.execchain.MainClientExec] Target auth state: UNCHALLENGED
2021-06-06T09:17:20.166-0500 [DEBUG] [org.apache.http.impl.execchain.MainClientExec] Proxy auth state: UNCHALLENGED
2021-06-06T09:17:20.162-0500 [DEBUG] [org.apache.http.impl.conn.PoolingHttpClientConnectionManager] Connection request: [route: {s}->https://repo.maven.apache.org:443][total kept alive: 4; route allocated: 8 of 20; total allocated: 8 of 20]
2021-06-06T09:17:20.165-0500 [DEBUG] [org.apache.http.impl.conn.DefaultManagedHttpClientConnection] http-outgoing-2: set socket timeout to 30000
2021-06-06T09:17:20.166-0500 [DEBUG] [org.apache.http.impl.conn.DefaultManagedHttpClientConnection] http-outgoing-2: set socket timeout to 30000
2021-06-06T09:17:20.166-0500 [DEBUG] [org.apache.http.impl.execchain.MainClientExec] Executing request GET /maven2/com/sun/xml/fastinfoset/FastInfoset/1.2.16/FastInfoset-1.2.16.jar HTTP/1.1
2021-06-06T09:17:20.166-0500 [DEBUG] [org.apache.http.impl.execchain.MainClientExec] Target auth state: UNCHALLENGED
2021-06-06T09:17:20.166-0500 [DEBUG] [org.apache.http.impl.execchain.MainClientExec] Proxy auth state: UNCHALLENGED
2021-06-06T09:17:20.166-0500 [DEBUG] [org.apache.http.impl.conn.PoolingHttpClientConnectionManager] Connection leased: [id: 12][route: {s}->https://repo.maven.apache.org:443][total kept alive: 1; route allocated: 8 of 20; total allocated: 8 of 20]
2021-06-06T09:17:20.166-0500 [DEBUG] [org.apache.http.impl.conn.DefaultManagedHttpClientConnection] http-outgoing-12: set socket timeout to 30000
2021-06-06T09:17:20.167-0500 [DEBUG] [org.apache.http.impl.conn.DefaultManagedHttpClientConnection] http-outgoing-12: set socket timeout to 30000
2021-06-06T09:17:20.167-0500 [DEBUG] [org.apache.http.impl.execchain.MainClientExec] Executing request GET /maven2/org/jvnet/staxex/stax-ex/1.8.1/stax-ex-1.8.1.jar HTTP/1.1
2021-06-06T09:17:20.167-0500 [DEBUG] [org.apache.http.impl.execchain.MainClientExec] Target auth state: UNCHALLENGED
2021-06-06T09:17:20.167-0500 [DEBUG] [org.apache.http.impl.execchain.MainClientExec] Proxy auth state: UNCHALLENGED
2021-06-06T09:17:20.204-0500 [DEBUG] [org.apache.http.impl.execchain.MainClientExec] Connection can be kept alive indefinitely
2021-06-06T09:17:20.204-0500 [DEBUG] [org.gradle.internal.resource.transport.http.HttpResponseResource] Attempting to download resource https://repo.maven.apache.org/maven2/commons-codec/commons-codec/1.10/commons-codec-1.10.jar.
2021-06-06T09:17:20.206-0500 [INFO] [org.gradle.internal.resource.transfer.DefaultCacheAwareExternalResourceAccessor] Downloading https://repo.maven.apache.org/maven2/commons-codec/commons-codec/1.10/commons-codec-1.10.jar to C:\Users\gathi\AppData\Local\Temp\gradle_download4361815960883286714bin
2021-06-06T09:17:20.210-0500 [DEBUG] [org.apache.http.impl.execchain.MainClientExec] Connection can be kept alive indefinitely
2021-06-06T09:17:20.210-0500 [DEBUG] [org.gradle.internal.resource.transport.http.HttpResponseResource] Attempting to download resource https://repo.maven.apache.org/maven2/com/sun/istack/istack-commons-runtime/3.0.8/istack-commons-runtime-3.0.8.jar.
2021-06-06T09:17:20.210-0500 [DEBUG] [org.apache.http.impl.execchain.MainClientExec] Connection can be kept alive indefinitely
2021-06-06T09:17:20.210-0500 [DEBUG] [org.apache.http.impl.execchain.MainClientExec] Connection can be kept alive indefinitely
2021-06-06T09:17:20.211-0500 [DEBUG] [org.gradle.internal.resource.transport.http.HttpResponseResource] Attempting to download resource https://repo.maven.apache.org/maven2/org/glassfish/jaxb/txw2/2.3.2/txw2-2.3.2.jar.
2021-06-06T09:17:20.211-0500 [DEBUG] [org.gradle.internal.resource.transport.http.HttpResponseResource] Attempting to download resource https://repo.maven.apache.org/maven2/jakarta/xml/bind/jakarta.xml.bind-api/2.3.2/jakarta.xml.bind-api-2.3.2.jar.
2021-06-06T09:17:20.212-0500 [DEBUG] [org.apache.http.impl.execchain.MainClientExec] Connection can be kept alive indefinitely
2021-06-06T09:17:20.213-0500 [DEBUG] [org.gradle.internal.resource.transport.http.HttpResponseResource] Attempting to download resource https://repo.maven.apache.org/maven2/com/sun/xml/fastinfoset/FastInfoset/1.2.16/FastInfoset-1.2.16.jar.
2021-06-06T09:17:20.213-0500 [INFO] [org.gradle.internal.resource.transfer.DefaultCacheAwareExternalResourceAccessor] Downloading https://repo.maven.apache.org/maven2/com/sun/istack/istack-commons-runtime/3.0.8/istack-commons-runtime-3.0.8.jar to C:\Users\gathi\AppData\Local\Temp\gradle_download9825418912970639865bin
2021-06-06T09:17:20.213-0500 [INFO] [org.gradle.internal.resource.transfer.DefaultCacheAwareExternalResourceAccessor] Downloading https://repo.maven.apache.org/maven2/org/glassfish/jaxb/txw2/2.3.2/txw2-2.3.2.jar to C:\Users\gathi\AppData\Local\Temp\gradle_download2191550909092780278bin
2021-06-06T09:17:20.214-0500 [INFO] [org.gradle.internal.resource.transfer.DefaultCacheAwareExternalResourceAccessor] Downloading https://repo.maven.apache.org/maven2/jakarta/xml/bind/jakarta.xml.bind-api/2.3.2/jakarta.xml.bind-api-2.3.2.jar to C:\Users\gathi\AppData\Local\Temp\gradle_download155844899206950224bin
2021-06-06T09:17:20.215-0500 [INFO] [org.gradle.internal.resource.transfer.DefaultCacheAwareExternalResourceAccessor] Downloading https://repo.maven.apache.org/maven2/com/sun/xml/fastinfoset/FastInfoset/1.2.16/FastInfoset-1.2.16.jar to C:\Users\gathi\AppData\Local\Temp\gradle_download9293729516873056687bin
2021-06-06T09:17:20.223-0500 [DEBUG] [org.apache.http.impl.execchain.MainClientExec] Connection can be kept alive indefinitely
2021-06-06T09:17:20.224-0500 [DEBUG] [org.gradle.internal.resource.transport.http.HttpResponseResource] Attempting to download resource https://repo.maven.apache.org/maven2/org/jvnet/staxex/stax-ex/1.8.1/stax-ex-1.8.1.jar.
2021-06-06T09:17:20.226-0500 [DEBUG] [org.apache.http.impl.conn.PoolingHttpClientConnectionManager] Connection [id: 11][route: {s}->https://repo.maven.apache.org:443] can be kept alive indefinitely
2021-06-06T09:17:20.227-0500 [DEBUG] [org.apache.http.impl.conn.DefaultManagedHttpClientConnection] http-outgoing-11: set socket timeout to 0
2021-06-06T09:17:20.227-0500 [DEBUG] [org.apache.http.impl.conn.PoolingHttpClientConnectionManager] Connection released: [id: 11][route: {s}->https://repo.maven.apache.org:443][total kept alive: 2; route allocated: 8 of 20; total allocated: 8 of 20]
2021-06-06T09:17:20.229-0500 [INFO] [org.gradle.internal.resource.transfer.DefaultCacheAwareExternalResourceAccessor] Downloading https://repo.maven.apache.org/maven2/org/jvnet/staxex/stax-ex/1.8.1/stax-ex-1.8.1.jar to C:\Users\gathi\AppData\Local\Temp\gradle_download13030093271210347101bin
2021-06-06T09:17:20.229-0500 [DEBUG] [org.gradle.internal.operations.DefaultBuildOperationRunner] Build operation 'Download https://repo.maven.apache.org/maven2/com/sun/istack/istack-commons-runtime/3.0.8/istack-commons-runtime-3.0.8.jar' completed
2021-06-06T09:17:20.230-0500 [DEBUG] [org.apache.http.impl.conn.PoolingHttpClientConnectionManager] Connection [id: 12][route: {s}->https://repo.maven.apache.org:443] can be kept alive indefinitely
2021-06-06T09:17:20.230-0500 [DEBUG] [org.apache.http.impl.conn.DefaultManagedHttpClientConnection] http-outgoing-12: set socket timeout to 0
2021-06-06T09:17:20.231-0500 [DEBUG] [org.apache.http.impl.conn.PoolingHttpClientConnectionManager] Connection released: [id: 12][route: {s}->https://repo.maven.apache.org:443][total kept alive: 3; route allocated: 8 of 20; total allocated: 8 of 20]
2021-06-06T09:17:20.231-0500 [DEBUG] [org.gradle.internal.operations.DefaultBuildOperationRunner] Build operation 'Download https://repo.maven.apache.org/maven2/org/jvnet/staxex/stax-ex/1.8.1/stax-ex-1.8.1.jar' completed
2021-06-06T09:17:20.236-0500 [DEBUG] [org.gradle.api.internal.artifacts.ivyservice.ivyresolve.CachingModuleComponentRepository] Downloaded artifact 'istack-commons-runtime-3.0.8.jar (com.sun.istack:istack-commons-runtime:3.0.8)' from resolver: MavenRepo
2021-06-06T09:17:20.243-0500 [DEBUG] [org.gradle.api.internal.artifacts.ivyservice.ivyresolve.CachingModuleComponentRepository] Downloaded artifact 'stax-ex-1.8.1.jar (org.jvnet.staxex:stax-ex:1.8.1)' from resolver: MavenRepo
2021-06-06T09:17:20.244-0500 [DEBUG] [org.gradle.api.internal.artifacts.repositories.resolver.DefaultExternalResourceArtifactResolver] Loading https://repo.maven.apache.org/maven2/jakarta/activation/jakarta.activation-api/1.2.1/jakarta.activation-api-1.2.1.jar
2021-06-06T09:17:20.244-0500 [DEBUG] [org.gradle.api.internal.artifacts.repositories.resolver.DefaultExternalResourceArtifactResolver] Loading https://repo.maven.apache.org/maven2/com/sun/activation/javax.activation/1.2.0/javax.activation-1.2.0.jar
2021-06-06T09:17:20.245-0500 [DEBUG] [org.gradle.internal.resource.transfer.DefaultCacheAwareExternalResourceAccessor] Constructing external resource: https://repo.maven.apache.org/maven2/jakarta/activation/jakarta.activation-api/1.2.1/jakarta.activation-api-1.2.1.jar
2021-06-06T09:17:20.245-0500 [DEBUG] [org.gradle.internal.resource.transfer.DefaultCacheAwareExternalResourceAccessor] Constructing external resource: https://repo.maven.apache.org/maven2/com/sun/activation/javax.activation/1.2.0/javax.activation-1.2.0.jar
2021-06-06T09:17:20.245-0500 [DEBUG] [org.apache.http.impl.conn.PoolingHttpClientConnectionManager] Connection [id: 14][route: {s}->https://repo.maven.apache.org:443] can be kept alive indefinitely
2021-06-06T09:17:20.245-0500 [DEBUG] [org.apache.http.impl.conn.PoolingHttpClientConnectionManager] Connection [id: 15][route: {s}->https://repo.maven.apache.org:443] can be kept alive indefinitely
2021-06-06T09:17:20.245-0500 [DEBUG] [org.apache.http.impl.conn.DefaultManagedHttpClientConnection] http-outgoing-15: set socket timeout to 0
2021-06-06T09:17:20.245-0500 [DEBUG] [org.apache.http.impl.conn.PoolingHttpClientConnectionManager] Connection released: [id: 15][route: {s}->https://repo.maven.apache.org:443][total kept alive: 4; route allocated: 8 of 20; total allocated: 8 of 20]
2021-06-06T09:17:20.245-0500 [DEBUG] [org.apache.http.impl.conn.DefaultManagedHttpClientConnection] http-outgoing-14: set socket timeout to 0
2021-06-06T09:17:20.246-0500 [DEBUG] [org.apache.http.impl.conn.PoolingHttpClientConnectionManager] Connection released: [id: 14][route: {s}->https://repo.maven.apache.org:443][total kept alive: 5; route allocated: 8 of 20; total allocated: 8 of 20]
2021-06-06T09:17:20.246-0500 [DEBUG] [org.gradle.internal.operations.DefaultBuildOperationRunner] Build operation 'Download https://repo.maven.apache.org/maven2/org/glassfish/jaxb/txw2/2.3.2/txw2-2.3.2.jar' completed
2021-06-06T09:17:20.246-0500 [DEBUG] [org.gradle.internal.operations.DefaultBuildOperationRunner] Build operation 'Download https://repo.maven.apache.org/maven2/jakarta/xml/bind/jakarta.xml.bind-api/2.3.2/jakarta.xml.bind-api-2.3.2.jar' completed
2021-06-06T09:17:20.247-0500 [DEBUG] [org.gradle.internal.resource.transport.http.HttpResourceAccessor] Constructing external resource: https://repo.maven.apache.org/maven2/jakarta/activation/jakarta.activation-api/1.2.1/jakarta.activation-api-1.2.1.jar
2021-06-06T09:17:20.247-0500 [DEBUG] [org.gradle.internal.resource.transport.http.HttpClientHelper] Performing HTTP GET: https://repo.maven.apache.org/maven2/jakarta/activation/jakarta.activation-api/1.2.1/jakarta.activation-api-1.2.1.jar
2021-06-06T09:17:20.247-0500 [DEBUG] [org.gradle.internal.resource.transport.http.HttpResourceAccessor] Constructing external resource: https://repo.maven.apache.org/maven2/com/sun/activation/javax.activation/1.2.0/javax.activation-1.2.0.jar
2021-06-06T09:17:20.247-0500 [DEBUG] [org.apache.http.client.protocol.RequestAddCookies] CookieSpec selected: default
2021-06-06T09:17:20.247-0500 [DEBUG] [org.gradle.internal.resource.transport.http.HttpClientHelper] Performing HTTP GET: https://repo.maven.apache.org/maven2/com/sun/activation/javax.activation/1.2.0/javax.activation-1.2.0.jar
2021-06-06T09:17:20.247-0500 [DEBUG] [org.apache.http.client.protocol.RequestAuthCache] Auth cache not set in the context
2021-06-06T09:17:20.247-0500 [DEBUG] [org.apache.http.client.protocol.RequestAddCookies] CookieSpec selected: default
2021-06-06T09:17:20.247-0500 [DEBUG] [org.apache.http.impl.conn.PoolingHttpClientConnectionManager] Connection request: [route: {s}->https://repo.maven.apache.org:443][total kept alive: 5; route allocated: 8 of 20; total allocated: 8 of 20]
2021-06-06T09:17:20.248-0500 [DEBUG] [org.apache.http.client.protocol.RequestAuthCache] Auth cache not set in the context
2021-06-06T09:17:20.248-0500 [DEBUG] [org.apache.http.impl.conn.PoolingHttpClientConnectionManager] Connection request: [route: {s}->https://repo.maven.apache.org:443][total kept alive: 4; route allocated: 8 of 20; total allocated: 8 of 20]
2021-06-06T09:17:20.248-0500 [DEBUG] [org.apache.http.impl.conn.PoolingHttpClientConnectionManager] Connection leased: [id: 15][route: {s}->https://repo.maven.apache.org:443][total kept alive: 3; route allocated: 8 of 20; total allocated: 8 of 20]
2021-06-06T09:17:20.248-0500 [DEBUG] [org.apache.http.impl.conn.DefaultManagedHttpClientConnection] http-outgoing-15: set socket timeout to 30000
2021-06-06T09:17:20.248-0500 [DEBUG] [org.apache.http.impl.conn.DefaultManagedHttpClientConnection] http-outgoing-15: set socket timeout to 30000
2021-06-06T09:17:20.248-0500 [DEBUG] [org.apache.http.impl.execchain.MainClientExec] Executing request GET /maven2/com/sun/activation/javax.activation/1.2.0/javax.activation-1.2.0.jar HTTP/1.1
2021-06-06T09:17:20.248-0500 [DEBUG] [org.apache.http.impl.execchain.MainClientExec] Target auth state: UNCHALLENGED
2021-06-06T09:17:20.248-0500 [DEBUG] [org.apache.http.impl.execchain.MainClientExec] Proxy auth state: UNCHALLENGED
2021-06-06T09:17:20.248-0500 [DEBUG] [org.apache.http.impl.conn.PoolingHttpClientConnectionManager] Connection leased: [id: 14][route: {s}->https://repo.maven.apache.org:443][total kept alive: 4; route allocated: 8 of 20; total allocated: 8 of 20]
2021-06-06T09:17:20.249-0500 [DEBUG] [org.apache.http.impl.conn.DefaultManagedHttpClientConnection] http-outgoing-14: set socket timeout to 30000
2021-06-06T09:17:20.249-0500 [DEBUG] [org.apache.http.impl.conn.DefaultManagedHttpClientConnection] http-outgoing-14: set socket timeout to 30000
2021-06-06T09:17:20.249-0500 [DEBUG] [org.apache.http.impl.execchain.MainClientExec] Executing request GET /maven2/jakarta/activation/jakarta.activation-api/1.2.1/jakarta.activation-api-1.2.1.jar HTTP/1.1
2021-06-06T09:17:20.249-0500 [DEBUG] [org.apache.http.impl.execchain.MainClientExec] Target auth state: UNCHALLENGED
2021-06-06T09:17:20.249-0500 [DEBUG] [org.apache.http.impl.execchain.MainClientExec] Proxy auth state: UNCHALLENGED
2021-06-06T09:17:20.253-0500 [DEBUG] [org.gradle.api.internal.artifacts.ivyservice.ivyresolve.CachingModuleComponentRepository] Downloaded artifact 'txw2-2.3.2.jar (org.glassfish.jaxb:txw2:2.3.2)' from resolver: MavenRepo
2021-06-06T09:17:20.261-0500 [DEBUG] [org.gradle.api.internal.artifacts.ivyservice.ivyresolve.CachingModuleComponentRepository] Downloaded artifact 'jakarta.xml.bind-api-2.3.2.jar (jakarta.xml.bind:jakarta.xml.bind-api:2.3.2)' from resolver: MavenRepo
2021-06-06T09:17:20.261-0500 [DEBUG] [org.gradle.api.internal.artifacts.repositories.resolver.DefaultExternalResourceArtifactResolver] Loading https://repo.maven.apache.org/maven2/net/java/dev/jna/jna-platform/5.6.0/jna-platform-5.6.0.jar
2021-06-06T09:17:20.261-0500 [DEBUG] [org.gradle.internal.resource.transfer.DefaultCacheAwareExternalResourceAccessor] Constructing external resource: https://repo.maven.apache.org/maven2/net/java/dev/jna/jna-platform/5.6.0/jna-platform-5.6.0.jar
2021-06-06T09:17:20.262-0500 [DEBUG] [org.gradle.api.internal.artifacts.repositories.resolver.DefaultExternalResourceArtifactResolver] Loading https://repo.maven.apache.org/maven2/xml-apis/xml-apis/1.4.01/xml-apis-1.4.01.jar
2021-06-06T09:17:20.262-0500 [DEBUG] [org.gradle.internal.resource.transfer.DefaultCacheAwareExternalResourceAccessor] Constructing external resource: https://repo.maven.apache.org/maven2/xml-apis/xml-apis/1.4.01/xml-apis-1.4.01.jar
2021-06-06T09:17:20.264-0500 [DEBUG] [org.gradle.internal.resource.transport.http.HttpResourceAccessor] Constructing external resource: https://repo.maven.apache.org/maven2/xml-apis/xml-apis/1.4.01/xml-apis-1.4.01.jar
2021-06-06T09:17:20.264-0500 [DEBUG] [org.gradle.internal.resource.transport.http.HttpResourceAccessor] Constructing external resource: https://repo.maven.apache.org/maven2/net/java/dev/jna/jna-platform/5.6.0/jna-platform-5.6.0.jar
2021-06-06T09:17:20.264-0500 [DEBUG] [org.gradle.internal.resource.transport.http.HttpClientHelper] Performing HTTP GET: https://repo.maven.apache.org/maven2/xml-apis/xml-apis/1.4.01/xml-apis-1.4.01.jar
2021-06-06T09:17:20.264-0500 [DEBUG] [org.gradle.internal.resource.transport.http.HttpClientHelper] Performing HTTP GET: https://repo.maven.apache.org/maven2/net/java/dev/jna/jna-platform/5.6.0/jna-platform-5.6.0.jar
2021-06-06T09:17:20.265-0500 [DEBUG] [org.apache.http.client.protocol.RequestAddCookies] CookieSpec selected: default
2021-06-06T09:17:20.265-0500 [DEBUG] [org.apache.http.client.protocol.RequestAddCookies] CookieSpec selected: default
2021-06-06T09:17:20.265-0500 [DEBUG] [org.apache.http.client.protocol.RequestAuthCache] Auth cache not set in the context
2021-06-06T09:17:20.265-0500 [DEBUG] [org.apache.http.impl.conn.PoolingHttpClientConnectionManager] Connection request: [route: {s}->https://repo.maven.apache.org:443][total kept alive: 3; route allocated: 8 of 20; total allocated: 8 of 20]
2021-06-06T09:17:20.265-0500 [DEBUG] [org.apache.http.client.protocol.RequestAuthCache] Auth cache not set in the context
2021-06-06T09:17:20.265-0500 [DEBUG] [org.apache.http.impl.conn.PoolingHttpClientConnectionManager] Connection leased: [id: 12][route: {s}->https://repo.maven.apache.org:443][total kept alive: 2; route allocated: 8 of 20; total allocated: 8 of 20]
2021-06-06T09:17:20.265-0500 [DEBUG] [org.apache.http.impl.conn.DefaultManagedHttpClientConnection] http-outgoing-12: set socket timeout to 30000
2021-06-06T09:17:20.266-0500 [DEBUG] [org.apache.http.impl.conn.DefaultManagedHttpClientConnection] http-outgoing-12: set socket timeout to 30000
2021-06-06T09:17:20.266-0500 [DEBUG] [org.apache.http.impl.execchain.MainClientExec] Executing request GET /maven2/xml-apis/xml-apis/1.4.01/xml-apis-1.4.01.jar HTTP/1.1
2021-06-06T09:17:20.266-0500 [DEBUG] [org.apache.http.impl.execchain.MainClientExec] Target auth state: UNCHALLENGED
2021-06-06T09:17:20.266-0500 [DEBUG] [org.apache.http.impl.execchain.MainClientExec] Proxy auth state: UNCHALLENGED
2021-06-06T09:17:20.265-0500 [DEBUG] [org.apache.http.impl.conn.PoolingHttpClientConnectionManager] Connection request: [route: {s}->https://repo.maven.apache.org:443][total kept alive: 2; route allocated: 8 of 20; total allocated: 8 of 20]
2021-06-06T09:17:20.266-0500 [DEBUG] [org.apache.http.impl.conn.PoolingHttpClientConnectionManager] Connection leased: [id: 11][route: {s}->https://repo.maven.apache.org:443][total kept alive: 1; route allocated: 8 of 20; total allocated: 8 of 20]
2021-06-06T09:17:20.266-0500 [DEBUG] [org.apache.http.impl.conn.DefaultManagedHttpClientConnection] http-outgoing-11: set socket timeout to 30000
2021-06-06T09:17:20.266-0500 [DEBUG] [org.apache.http.impl.conn.DefaultManagedHttpClientConnection] http-outgoing-11: set socket timeout to 30000
2021-06-06T09:17:20.266-0500 [DEBUG] [org.apache.http.impl.execchain.MainClientExec] Executing request GET /maven2/net/java/dev/jna/jna-platform/5.6.0/jna-platform-5.6.0.jar HTTP/1.1
2021-06-06T09:17:20.266-0500 [DEBUG] [org.apache.http.impl.execchain.MainClientExec] Target auth state: UNCHALLENGED
2021-06-06T09:17:20.267-0500 [DEBUG] [org.apache.http.impl.execchain.MainClientExec] Proxy auth state: UNCHALLENGED
2021-06-06T09:17:20.271-0500 [DEBUG] [org.apache.http.impl.conn.PoolingHttpClientConnectionManager] Connection [id: 2][route: {s}->https://repo.maven.apache.org:443] can be kept alive indefinitely
2021-06-06T09:17:20.271-0500 [DEBUG] [org.apache.http.impl.conn.DefaultManagedHttpClientConnection] http-outgoing-2: set socket timeout to 0
2021-06-06T09:17:20.272-0500 [DEBUG] [org.apache.http.impl.conn.PoolingHttpClientConnectionManager] Connection released: [id: 2][route: {s}->https://repo.maven.apache.org:443][total kept alive: 2; route allocated: 8 of 20; total allocated: 8 of 20]
2021-06-06T09:17:20.272-0500 [DEBUG] [org.gradle.internal.operations.DefaultBuildOperationRunner] Build operation 'Download https://repo.maven.apache.org/maven2/com/sun/xml/fastinfoset/FastInfoset/1.2.16/FastInfoset-1.2.16.jar' completed
2021-06-06T09:17:20.280-0500 [DEBUG] [org.gradle.api.internal.artifacts.ivyservice.ivyresolve.CachingModuleComponentRepository] Downloaded artifact 'FastInfoset-1.2.16.jar (com.sun.xml.fastinfoset:FastInfoset:1.2.16)' from resolver: MavenRepo
2021-06-06T09:17:20.281-0500 [DEBUG] [org.gradle.api.internal.artifacts.repositories.resolver.DefaultExternalResourceArtifactResolver] Loading https://repo.maven.apache.org/maven2/net/java/dev/jna/jna/5.6.0/jna-5.6.0.jar
2021-06-06T09:17:20.281-0500 [DEBUG] [org.gradle.internal.resource.transfer.DefaultCacheAwareExternalResourceAccessor] Constructing external resource: https://repo.maven.apache.org/maven2/net/java/dev/jna/jna/5.6.0/jna-5.6.0.jar
2021-06-06T09:17:20.284-0500 [DEBUG] [org.gradle.internal.resource.transport.http.HttpResourceAccessor] Constructing external resource: https://repo.maven.apache.org/maven2/net/java/dev/jna/jna/5.6.0/jna-5.6.0.jar
2021-06-06T09:17:20.284-0500 [DEBUG] [org.gradle.internal.resource.transport.http.HttpClientHelper] Performing HTTP GET: https://repo.maven.apache.org/maven2/net/java/dev/jna/jna/5.6.0/jna-5.6.0.jar
2021-06-06T09:17:20.284-0500 [DEBUG] [org.apache.http.client.protocol.RequestAddCookies] CookieSpec selected: default
2021-06-06T09:17:20.284-0500 [DEBUG] [org.apache.http.client.protocol.RequestAuthCache] Auth cache not set in the context
2021-06-06T09:17:20.284-0500 [DEBUG] [org.apache.http.impl.conn.PoolingHttpClientConnectionManager] Connection request: [route: {s}->https://repo.maven.apache.org:443][total kept alive: 2; route allocated: 8 of 20; total allocated: 8 of 20]
2021-06-06T09:17:20.284-0500 [DEBUG] [org.apache.http.impl.conn.PoolingHttpClientConnectionManager] Connection leased: [id: 2][route: {s}->https://repo.maven.apache.org:443][total kept alive: 1; route allocated: 8 of 20; total allocated: 8 of 20]
2021-06-06T09:17:20.285-0500 [DEBUG] [org.apache.http.impl.conn.DefaultManagedHttpClientConnection] http-outgoing-2: set socket timeout to 30000
2021-06-06T09:17:20.285-0500 [DEBUG] [org.apache.http.impl.conn.DefaultManagedHttpClientConnection] http-outgoing-2: set socket timeout to 30000
2021-06-06T09:17:20.285-0500 [DEBUG] [org.apache.http.impl.execchain.MainClientExec] Executing request GET /maven2/net/java/dev/jna/jna/5.6.0/jna-5.6.0.jar HTTP/1.1
2021-06-06T09:17:20.285-0500 [DEBUG] [org.apache.http.impl.execchain.MainClientExec] Target auth state: UNCHALLENGED
2021-06-06T09:17:20.285-0500 [DEBUG] [org.apache.http.impl.execchain.MainClientExec] Proxy auth state: UNCHALLENGED
2021-06-06T09:17:20.307-0500 [DEBUG] [org.apache.http.impl.conn.PoolingHttpClientConnectionManager] Connection [id: 13][route: {s}->https://repo.maven.apache.org:443] can be kept alive indefinitely
2021-06-06T09:17:20.307-0500 [DEBUG] [org.apache.http.impl.conn.DefaultManagedHttpClientConnection] http-outgoing-13: set socket timeout to 0
2021-06-06T09:17:20.308-0500 [DEBUG] [org.apache.http.impl.conn.PoolingHttpClientConnectionManager] Connection released: [id: 13][route: {s}->https://repo.maven.apache.org:443][total kept alive: 2; route allocated: 8 of 20; total allocated: 8 of 20]
2021-06-06T09:17:20.308-0500 [DEBUG] [org.gradle.internal.operations.DefaultBuildOperationRunner] Build operation 'Download https://repo.maven.apache.org/maven2/commons-codec/commons-codec/1.10/commons-codec-1.10.jar' completed
2021-06-06T09:17:20.317-0500 [DEBUG] [org.gradle.api.internal.artifacts.ivyservice.ivyresolve.CachingModuleComponentRepository] Downloaded artifact 'commons-codec-1.10.jar (commons-codec:commons-codec:1.10)' from resolver: MavenRepo
2021-06-06T09:17:20.317-0500 [DEBUG] [org.gradle.internal.operations.DefaultBuildOperationRunner] Build operation 'Resolve commons-codec-1.10.jar (commons-codec:commons-codec:1.10)' completed
2021-06-06T09:17:20.318-0500 [DEBUG] [org.gradle.internal.work.DefaultWorkerLeaseService] Worker lease root.1.93.102 completed (7 worker(s) in use)
2021-06-06T09:17:20.318-0500 [DEBUG] [org.gradle.internal.resources.AbstractTrackedResourceLock] Daemon worker: released lock on root.1.93.102
2021-06-06T09:17:20.318-0500 [DEBUG] [org.apache.http.impl.execchain.MainClientExec] Connection can be kept alive indefinitely
2021-06-06T09:17:20.318-0500 [DEBUG] [org.gradle.internal.resource.transport.http.HttpResponseResource] Attempting to download resource https://repo.maven.apache.org/maven2/com/sun/activation/javax.activation/1.2.0/javax.activation-1.2.0.jar.
2021-06-06T09:17:20.319-0500 [DEBUG] [org.gradle.api.internal.artifacts.repositories.resolver.DefaultExternalResourceArtifactResolver] Loading https://dl.google.com/dl/android/maven2/com/android/tools/build/manifest-merger/27.2.1/manifest-merger-27.2.1.jar
2021-06-06T09:17:20.319-0500 [DEBUG] [org.gradle.internal.resource.transfer.DefaultCacheAwareExternalResourceAccessor] Constructing external resource: https://dl.google.com/dl/android/maven2/com/android/tools/build/manifest-merger/27.2.1/manifest-merger-27.2.1.jar
2021-06-06T09:17:20.320-0500 [INFO] [org.gradle.internal.resource.transfer.DefaultCacheAwareExternalResourceAccessor] Downloading https://repo.maven.apache.org/maven2/com/sun/activation/javax.activation/1.2.0/javax.activation-1.2.0.jar to C:\Users\gathi\AppData\Local\Temp\gradle_download56258122069640105bin
2021-06-06T09:17:20.321-0500 [DEBUG] [org.apache.http.impl.execchain.MainClientExec] Connection can be kept alive indefinitely
2021-06-06T09:17:20.321-0500 [DEBUG] [org.gradle.internal.resource.transport.http.HttpResourceAccessor] Constructing external resource: https://dl.google.com/dl/android/maven2/com/android/tools/build/manifest-merger/27.2.1/manifest-merger-27.2.1.jar
2021-06-06T09:17:20.322-0500 [DEBUG] [org.gradle.internal.resource.transport.http.HttpClientHelper] Performing HTTP GET: https://dl.google.com/dl/android/maven2/com/android/tools/build/manifest-merger/27.2.1/manifest-merger-27.2.1.jar
2021-06-06T09:17:20.322-0500 [DEBUG] [org.gradle.internal.resource.transport.http.HttpResponseResource] Attempting to download resource https://repo.maven.apache.org/maven2/jakarta/activation/jakarta.activation-api/1.2.1/jakarta.activation-api-1.2.1.jar.
2021-06-06T09:17:20.322-0500 [DEBUG] [org.apache.http.client.protocol.RequestAddCookies] CookieSpec selected: default
2021-06-06T09:17:20.322-0500 [DEBUG] [org.apache.http.client.protocol.RequestAuthCache] Auth cache not set in the context
2021-06-06T09:17:20.322-0500 [DEBUG] [org.apache.http.impl.conn.PoolingHttpClientConnectionManager] Connection request: [route: {s}->https://dl.google.com:443][total kept alive: 7; route allocated: 8 of 20; total allocated: 8 of 20]
2021-06-06T09:17:20.322-0500 [DEBUG] [org.apache.http.impl.conn.PoolingHttpClientConnectionManager] Connection leased: [id: 6][route: {s}->https://dl.google.com:443][total kept alive: 6; route allocated: 8 of 20; total allocated: 8 of 20]
2021-06-06T09:17:20.322-0500 [DEBUG] [org.apache.http.impl.conn.DefaultManagedHttpClientConnection] http-outgoing-6: set socket timeout to 30000
2021-06-06T09:17:20.322-0500 [DEBUG] [org.apache.http.impl.conn.DefaultManagedHttpClientConnection] http-outgoing-6: set socket timeout to 30000
2021-06-06T09:17:20.323-0500 [DEBUG] [org.apache.http.impl.execchain.MainClientExec] Executing request GET /dl/android/maven2/com/android/tools/build/manifest-merger/27.2.1/manifest-merger-27.2.1.jar HTTP/1.1
2021-06-06T09:17:20.323-0500 [DEBUG] [org.apache.http.impl.execchain.MainClientExec] Target auth state: UNCHALLENGED
2021-06-06T09:17:20.323-0500 [DEBUG] [org.apache.http.impl.execchain.MainClientExec] Proxy auth state: UNCHALLENGED
2021-06-06T09:17:20.324-0500 [INFO] [org.gradle.internal.resource.transfer.DefaultCacheAwareExternalResourceAccessor] Downloading https://repo.maven.apache.org/maven2/jakarta/activation/jakarta.activation-api/1.2.1/jakarta.activation-api-1.2.1.jar to C:\Users\gathi\AppData\Local\Temp\gradle_download4715656962082837558bin
2021-06-06T09:17:20.335-0500 [DEBUG] [org.apache.http.impl.conn.PoolingHttpClientConnectionManager] Connection [id: 15][route: {s}->https://repo.maven.apache.org:443] can be kept alive indefinitely
2021-06-06T09:17:20.335-0500 [DEBUG] [org.apache.http.impl.conn.DefaultManagedHttpClientConnection] http-outgoing-15: set socket timeout to 0
2021-06-06T09:17:20.335-0500 [DEBUG] [org.apache.http.impl.conn.PoolingHttpClientConnectionManager] Connection released: [id: 15][route: {s}->https://repo.maven.apache.org:443][total kept alive: 3; route allocated: 8 of 20; total allocated: 8 of 20]
2021-06-06T09:17:20.335-0500 [DEBUG] [org.apache.http.impl.execchain.MainClientExec] Connection can be kept alive indefinitely
2021-06-06T09:17:20.336-0500 [DEBUG] [org.gradle.internal.operations.DefaultBuildOperationRunner] Build operation 'Download https://repo.maven.apache.org/maven2/com/sun/activation/javax.activation/1.2.0/javax.activation-1.2.0.jar' completed
2021-06-06T09:17:20.336-0500 [DEBUG] [org.gradle.internal.resource.transport.http.HttpResponseResource] Attempting to download resource https://repo.maven.apache.org/maven2/xml-apis/xml-apis/1.4.01/xml-apis-1.4.01.jar.
2021-06-06T09:17:20.336-0500 [DEBUG] [org.apache.http.impl.conn.PoolingHttpClientConnectionManager] Connection [id: 14][route: {s}->https://repo.maven.apache.org:443] can be kept alive indefinitely
2021-06-06T09:17:20.336-0500 [DEBUG] [org.apache.http.impl.conn.DefaultManagedHttpClientConnection] http-outgoing-14: set socket timeout to 0
2021-06-06T09:17:20.336-0500 [DEBUG] [org.apache.http.impl.conn.PoolingHttpClientConnectionManager] Connection released: [id: 14][route: {s}->https://repo.maven.apache.org:443][total kept alive: 4; route allocated: 8 of 20; total allocated: 8 of 20]
2021-06-06T09:17:20.336-0500 [DEBUG] [org.gradle.internal.operations.DefaultBuildOperationRunner] Build operation 'Download https://repo.maven.apache.org/maven2/jakarta/activation/jakarta.activation-api/1.2.1/jakarta.activation-api-1.2.1.jar' completed
2021-06-06T09:17:20.337-0500 [INFO] [org.gradle.internal.resource.transfer.DefaultCacheAwareExternalResourceAccessor] Downloading https://repo.maven.apache.org/maven2/xml-apis/xml-apis/1.4.01/xml-apis-1.4.01.jar to C:\Users\gathi\AppData\Local\Temp\gradle_download9011065704401983106bin
2021-06-06T09:17:20.343-0500 [DEBUG] [org.apache.http.impl.execchain.MainClientExec] Connection can be kept alive indefinitely
2021-06-06T09:17:20.344-0500 [DEBUG] [org.gradle.internal.resource.transport.http.HttpResponseResource] Attempting to download resource https://repo.maven.apache.org/maven2/net/java/dev/jna/jna-platform/5.6.0/jna-platform-5.6.0.jar.
2021-06-06T09:17:20.347-0500 [INFO] [org.gradle.internal.resource.transfer.DefaultCacheAwareExternalResourceAccessor] Downloading https://repo.maven.apache.org/maven2/net/java/dev/jna/jna-platform/5.6.0/jna-platform-5.6.0.jar to C:\Users\gathi\AppData\Local\Temp\gradle_download3587081198324391712bin
2021-06-06T09:17:20.349-0500 [DEBUG] [org.gradle.api.internal.artifacts.ivyservice.ivyresolve.CachingModuleComponentRepository] Downloaded artifact 'javax.activation-1.2.0.jar (com.sun.activation:javax.activation:1.2.0)' from resolver: MavenRepo
2021-06-06T09:17:20.350-0500 [DEBUG] [org.apache.http.impl.conn.PoolingHttpClientConnectionManager] Connection [id: 12][route: {s}->https://repo.maven.apache.org:443] can be kept alive indefinitely
2021-06-06T09:17:20.350-0500 [DEBUG] [org.apache.http.impl.conn.DefaultManagedHttpClientConnection] http-outgoing-12: set socket timeout to 0
2021-06-06T09:17:20.350-0500 [DEBUG] [org.apache.http.impl.conn.PoolingHttpClientConnectionManager] Connection released: [id: 12][route: {s}->https://repo.maven.apache.org:443][total kept alive: 5; route allocated: 8 of 20; total allocated: 8 of 20]
2021-06-06T09:17:20.351-0500 [DEBUG] [org.gradle.internal.operations.DefaultBuildOperationRunner] Build operation 'Download https://repo.maven.apache.org/maven2/xml-apis/xml-apis/1.4.01/xml-apis-1.4.01.jar' completed
2021-06-06T09:17:20.356-0500 [DEBUG] [org.gradle.api.internal.artifacts.ivyservice.ivyresolve.CachingModuleComponentRepository] Downloaded artifact 'jakarta.activation-api-1.2.1.jar (jakarta.activation:jakarta.activation-api:1.2.1)' from resolver: MavenRepo
2021-06-06T09:17:20.359-0500 [DEBUG] [org.apache.http.impl.execchain.MainClientExec] Connection can be kept alive indefinitely
2021-06-06T09:17:20.359-0500 [DEBUG] [org.gradle.internal.resource.transport.http.HttpResponseResource] Attempting to download resource https://repo.maven.apache.org/maven2/net/java/dev/jna/jna/5.6.0/jna-5.6.0.jar.
2021-06-06T09:17:20.361-0500 [INFO] [org.gradle.internal.resource.transfer.DefaultCacheAwareExternalResourceAccessor] Downloading https://repo.maven.apache.org/maven2/net/java/dev/jna/jna/5.6.0/jna-5.6.0.jar to C:\Users\gathi\AppData\Local\Temp\gradle_download15829381994336550755bin
2021-06-06T09:17:20.368-0500 [DEBUG] [org.gradle.api.internal.artifacts.ivyservice.ivyresolve.CachingModuleComponentRepository] Downloaded artifact 'xml-apis-1.4.01.jar (xml-apis:xml-apis:1.4.01)' from resolver: MavenRepo
2021-06-06T09:17:20.437-0500 [DEBUG] [org.apache.http.impl.execchain.MainClientExec] Connection can be kept alive indefinitely
2021-06-06T09:17:20.437-0500 [DEBUG] [org.gradle.internal.resource.transport.http.HttpResponseResource] Attempting to download resource https://dl.google.com/dl/android/maven2/com/android/tools/build/manifest-merger/27.2.1/manifest-merger-27.2.1.jar.
2021-06-06T09:17:20.439-0500 [INFO] [org.gradle.internal.resource.transfer.DefaultCacheAwareExternalResourceAccessor] Downloading https://dl.google.com/dl/android/maven2/com/android/tools/build/manifest-merger/27.2.1/manifest-merger-27.2.1.jar to C:\Users\gathi\AppData\Local\Temp\gradle_download17727084216841595152bin
2021-06-06T09:17:20.540-0500 [DEBUG] [org.apache.http.impl.conn.PoolingHttpClientConnectionManager] Connection [id: 6][route: {s}->https://dl.google.com:443] can be kept alive indefinitely
2021-06-06T09:17:20.540-0500 [DEBUG] [org.apache.http.impl.conn.DefaultManagedHttpClientConnection] http-outgoing-6: set socket timeout to 0
2021-06-06T09:17:20.540-0500 [DEBUG] [org.apache.http.impl.conn.PoolingHttpClientConnectionManager] Connection released: [id: 6][route: {s}->https://dl.google.com:443][total kept alive: 7; route allocated: 8 of 20; total allocated: 8 of 20]
2021-06-06T09:17:20.541-0500 [DEBUG] [org.gradle.internal.operations.DefaultBuildOperationRunner] Build operation 'Download https://dl.google.com/dl/android/maven2/com/android/tools/build/manifest-merger/27.2.1/manifest-merger-27.2.1.jar' completed
2021-06-06T09:17:20.550-0500 [DEBUG] [org.gradle.api.internal.artifacts.ivyservice.ivyresolve.CachingModuleComponentRepository] Downloaded artifact 'org.gradle.internal.component.external.model.UrlBackedArtifactMetadata@1ccb71a8' from resolver: Google
2021-06-06T09:17:20.595-0500 [DEBUG] [org.apache.http.impl.conn.PoolingHttpClientConnectionManager] Connection [id: 2][route: {s}->https://repo.maven.apache.org:443] can be kept alive indefinitely
2021-06-06T09:17:20.595-0500 [DEBUG] [org.apache.http.impl.conn.DefaultManagedHttpClientConnection] http-outgoing-2: set socket timeout to 0
2021-06-06T09:17:20.595-0500 [DEBUG] [org.apache.http.impl.conn.PoolingHttpClientConnectionManager] Connection released: [id: 2][route: {s}->https://repo.maven.apache.org:443][total kept alive: 6; route allocated: 8 of 20; total allocated: 8 of 20]
2021-06-06T09:17:20.596-0500 [DEBUG] [org.gradle.internal.operations.DefaultBuildOperationRunner] Build operation 'Download https://repo.maven.apache.org/maven2/net/java/dev/jna/jna/5.6.0/jna-5.6.0.jar' completed
2021-06-06T09:17:20.618-0500 [DEBUG] [org.gradle.api.internal.artifacts.ivyservice.ivyresolve.CachingModuleComponentRepository] Downloaded artifact 'jna-5.6.0.jar (net.java.dev.jna:jna:5.6.0)' from resolver: MavenRepo
2021-06-06T09:17:21.019-0500 [DEBUG] [org.apache.http.impl.conn.PoolingHttpClientConnectionManager] Connection [id: 11][route: {s}->https://repo.maven.apache.org:443] can be kept alive indefinitely
2021-06-06T09:17:21.020-0500 [DEBUG] [org.apache.http.impl.conn.DefaultManagedHttpClientConnection] http-outgoing-11: set socket timeout to 0
2021-06-06T09:17:21.020-0500 [DEBUG] [org.apache.http.impl.conn.PoolingHttpClientConnectionManager] Connection released: [id: 11][route: {s}->https://repo.maven.apache.org:443][total kept alive: 7; route allocated: 8 of 20; total allocated: 8 of 20]
2021-06-06T09:17:21.020-0500 [LIFECYCLE] [org.gradle.internal.operations.DefaultBuildOperationRunner] 
2021-06-06T09:17:21.020-0500 [DEBUG] [org.gradle.internal.operations.DefaultBuildOperationRunner] Completing Build operation 'Download https://repo.maven.apache.org/maven2/net/java/dev/jna/jna-platform/5.6.0/jna-platform-5.6.0.jar'
2021-06-06T09:17:21.021-0500 [DEBUG] [org.gradle.internal.operations.DefaultBuildOperationRunner] Completing Build operation 'Download https://repo.maven.apache.org/maven2/org/jetbrains/kotlin/kotlin-compiler-embeddable/1.4.32/kotlin-compiler-embeddable-1.4.32.jar'
2021-06-06T09:17:21.397-0500 [DEBUG] [org.gradle.internal.operations.DefaultBuildOperationRunner] Completing Build operation 'Resolve jna-platform-5.6.0.jar (net.java.dev.jna:jna-platform:5.6.0)'
2021-06-06T09:17:21.397-0500 [DEBUG] [org.gradle.internal.operations.DefaultBuildOperationRunner] Build operation 'Resolve jna-platform-5.6.0.jar (net.java.dev.jna:jna-platform:5.6.0)' completed
2021-06-06T09:17:21.397-0500 [DEBUG] [org.gradle.internal.work.DefaultWorkerLeaseService] Worker lease root.1.93.97 completed (2 worker(s) in use)
2021-06-06T09:17:21.397-0500 [DEBUG] [org.gradle.internal.resources.AbstractTrackedResourceLock] Build operations Thread 2: released lock on root.1.93.97
2021-06-06T09:17:21.398-0500 [DEBUG] [org.gradle.internal.operations.DefaultBuildOperationRunner] Completing Build operation 'Resolve kotlin-compiler-embeddable-1.4.32.jar (org.jetbrains.kotlin:kotlin-compiler-embeddable:1.4.32)'
2021-06-06T09:17:21.398-0500 [DEBUG] [org.gradle.internal.operations.DefaultBuildOperationRunner] Build operation 'Resolve kotlin-compiler-embeddable-1.4.32.jar (org.jetbrains.kotlin:kotlin-compiler-embeddable:1.4.32)' completed
2021-06-06T09:17:21.398-0500 [DEBUG] [org.gradle.internal.work.DefaultWorkerLeaseService] Worker lease root.1.93.99 completed (1 worker(s) in use)
2021-06-06T09:17:21.398-0500 [DEBUG] [org.gradle.internal.resources.AbstractTrackedResourceLock] Build operations Thread 7: released lock on root.1.93.99
2021-06-06T09:17:21.947-0500 [DEBUG] [org.gradle.cache.internal.DefaultFileLockManager] Waiting to acquire shared lock on daemon addresses registry.
2021-06-06T09:17:21.947-0500 [DEBUG] [org.gradle.cache.internal.DefaultFileLockManager] Lock acquired on daemon addresses registry.
2021-06-06T09:17:21.948-0500 [DEBUG] [org.gradle.cache.internal.DefaultFileLockManager] Releasing lock on daemon addresses registry.
2021-06-06T09:17:21.950-0500 [DEBUG] [org.gradle.cache.internal.DefaultFileLockManager] Waiting to acquire shared lock on daemon addresses registry.
2021-06-06T09:17:21.950-0500 [DEBUG] [org.gradle.cache.internal.DefaultFileLockManager] Lock acquired on daemon addresses registry.
2021-06-06T09:17:21.951-0500 [DEBUG] [org.gradle.cache.internal.DefaultFileLockManager] Releasing lock on daemon addresses registry.
2021-06-06T09:17:22.185-0500 [DEBUG] [org.gradle.internal.operations.DefaultBuildOperationRunner] Completing Build operation 'Download https://dl.google.com/dl/android/maven2/com/android/tools/analytics-library/protos/27.2.1/protos-27.2.1.jar'
2021-06-06T09:17:22.220-0500 [DEBUG] [org.gradle.internal.operations.DefaultBuildOperationRunner] Completing Build operation 'Resolve protos-27.2.1.jar (com.android.tools.analytics-library:protos:27.2.1)'
2021-06-06T09:17:22.220-0500 [DEBUG] [org.gradle.internal.operations.DefaultBuildOperationRunner] Build operation 'Resolve protos-27.2.1.jar (com.android.tools.analytics-library:protos:27.2.1)' completed
2021-06-06T09:17:22.220-0500 [DEBUG] [org.gradle.internal.work.DefaultWorkerLeaseService] Worker lease root.1.93.100 completed (1 worker(s) in use)
2021-06-06T09:17:22.220-0500 [DEBUG] [org.gradle.internal.resources.AbstractTrackedResourceLock] Build operations: released lock on root.1.93.100
2021-06-06T09:17:22.222-0500 [DEBUG] [org.gradle.internal.operations.DefaultBuildOperationRunner] Completing Build operation 'Resolve files of :classpath'
2021-06-06T09:17:22.243-0500 [DEBUG] [org.gradle.internal.operations.DefaultBuildOperationRunner] Build operation 'Resolve files of :classpath' started
2021-06-06T09:17:22.243-0500 [DEBUG] [org.gradle.internal.operations.DefaultBuildOperationRunner] Completing Build operation 'Resolve files of :classpath'
2021-06-06T09:17:22.569-0500 [DEBUG] [org.apache.http.impl.conn.PoolingHttpClientConnectionManager] Connection manager is shutting down
2021-06-06T09:17:22.581-0500 [DEBUG] [org.apache.http.impl.conn.DefaultManagedHttpClientConnection] http-outgoing-10: Close connection
2021-06-06T09:17:22.620-0500 [DEBUG] [org.apache.http.impl.conn.DefaultManagedHttpClientConnection] http-outgoing-11: Close connection
2021-06-06T09:17:22.621-0500 [DEBUG] [org.apache.http.impl.conn.DefaultManagedHttpClientConnection] http-outgoing-2: Close connection
2021-06-06T09:17:22.621-0500 [DEBUG] [org.apache.http.impl.conn.DefaultManagedHttpClientConnection] http-outgoing-12: Close connection
2021-06-06T09:17:22.621-0500 [DEBUG] [org.apache.http.impl.conn.DefaultManagedHttpClientConnection] http-outgoing-14: Close connection
2021-06-06T09:17:22.622-0500 [DEBUG] [org.apache.http.impl.conn.DefaultManagedHttpClientConnection] http-outgoing-15: Close connection
2021-06-06T09:17:22.622-0500 [DEBUG] [org.apache.http.impl.conn.DefaultManagedHttpClientConnection] http-outgoing-13: Close connection
2021-06-06T09:17:22.668-0500 [DEBUG] [org.apache.http.impl.conn.DefaultManagedHttpClientConnection] http-outgoing-9: Close connection
2021-06-06T09:17:22.668-0500 [DEBUG] [org.apache.http.impl.conn.PoolingHttpClientConnectionManager] Connection manager shut down
2021-06-06T09:17:22.668-0500 [DEBUG] [org.apache.http.impl.conn.PoolingHttpClientConnectionManager] Connection manager is shutting down
2021-06-06T09:17:22.669-0500 [DEBUG] [org.apache.http.impl.conn.DefaultManagedHttpClientConnection] http-outgoing-5: Close connection
2021-06-06T09:17:22.669-0500 [DEBUG] [org.apache.http.impl.conn.DefaultManagedHttpClientConnection] http-outgoing-6: Close connection
2021-06-06T09:17:22.670-0500 [DEBUG] [org.apache.http.impl.conn.DefaultManagedHttpClientConnection] http-outgoing-0: Close connection
2021-06-06T09:17:22.670-0500 [DEBUG] [org.apache.http.impl.conn.DefaultManagedHttpClientConnection] http-outgoing-3: Close connection
2021-06-06T09:17:22.671-0500 [DEBUG] [org.apache.http.impl.conn.DefaultManagedHttpClientConnection] http-outgoing-1: Close connection
2021-06-06T09:17:22.682-0500 [DEBUG] [org.apache.http.impl.conn.DefaultManagedHttpClientConnection] http-outgoing-8: Close connection
2021-06-06T09:17:22.686-0500 [DEBUG] [org.apache.http.impl.conn.DefaultManagedHttpClientConnection] http-outgoing-7: Close connection
2021-06-06T09:17:22.686-0500 [DEBUG] [org.apache.http.impl.conn.DefaultManagedHttpClientConnection] http-outgoing-4: Close connection
2021-06-06T09:17:22.687-0500 [DEBUG] [org.apache.http.impl.conn.PoolingHttpClientConnectionManager] Connection manager shut down
2021-06-06T09:17:20.977-0500 [LIFECYCLE] [org.gradle.internal.logging.progress.ProgressLoggerFactory] 
2021-06-06T09:17:20.977-0500 [LIFECYCLE] [org.gradle.internal.logging.progress.ProgressLoggerFactory] > Configure project :
2021-06-06T09:17:21.020-0500 [DEBUG] [org.gradle.internal.operations.DefaultBuildOperationRunner] Build operation 'Download https://repo.maven.apache.org/maven2/net/java/dev/jna/jna-platform/5.6.0/jna-platform-5.6.0.jar' completed
2021-06-06T09:17:21.020-0500 [DEBUG] [org.apache.http.impl.conn.PoolingHttpClientConnectionManager] Connection [id: 10][route: {s}->https://repo.maven.apache.org:443] can be kept alive indefinitely
2021-06-06T09:17:21.020-0500 [DEBUG] [org.apache.http.impl.conn.DefaultManagedHttpClientConnection] http-outgoing-10: set socket timeout to 0
2021-06-06T09:17:21.020-0500 [DEBUG] [org.apache.http.impl.conn.PoolingHttpClientConnectionManager] Connection released: [id: 10][route: {s}->https://repo.maven.apache.org:443][total kept alive: 8; route allocated: 8 of 20; total allocated: 8 of 20]
2021-06-06T09:17:21.021-0500 [DEBUG] [org.gradle.internal.operations.DefaultBuildOperationRunner] Build operation 'Download https://repo.maven.apache.org/maven2/org/jetbrains/kotlin/kotlin-compiler-embeddable/1.4.32/kotlin-compiler-embeddable-1.4.32.jar' completed
2021-06-06T09:17:21.047-0500 [DEBUG] [org.gradle.api.internal.artifacts.ivyservice.ivyresolve.CachingModuleComponentRepository] Downloaded artifact 'jna-platform-5.6.0.jar (net.java.dev.jna:jna-platform:5.6.0)' from resolver: MavenRepo
2021-06-06T09:17:21.397-0500 [DEBUG] [org.gradle.api.internal.artifacts.ivyservice.ivyresolve.CachingModuleComponentRepository] Downloaded artifact 'kotlin-compiler-embeddable-1.4.32.jar (org.jetbrains.kotlin:kotlin-compiler-embeddable:1.4.32)' from resolver: MavenRepo
2021-06-06T09:17:22.184-0500 [DEBUG] [org.apache.http.impl.conn.PoolingHttpClientConnectionManager] Connection [id: 5][route: {s}->https://dl.google.com:443] can be kept alive indefinitely
2021-06-06T09:17:22.184-0500 [DEBUG] [org.apache.http.impl.conn.DefaultManagedHttpClientConnection] http-outgoing-5: set socket timeout to 0
2021-06-06T09:17:22.185-0500 [DEBUG] [org.apache.http.impl.conn.PoolingHttpClientConnectionManager] Connection released: [id: 5][route: {s}->https://dl.google.com:443][total kept alive: 8; route allocated: 8 of 20; total allocated: 8 of 20]
2021-06-06T09:17:22.185-0500 [DEBUG] [org.gradle.internal.operations.DefaultBuildOperationRunner] Build operation 'Download https://dl.google.com/dl/android/maven2/com/android/tools/analytics-library/protos/27.2.1/protos-27.2.1.jar' completed
2021-06-06T09:17:22.219-0500 [DEBUG] [org.gradle.api.internal.artifacts.ivyservice.ivyresolve.CachingModuleComponentRepository] Downloaded artifact 'org.gradle.internal.component.external.model.UrlBackedArtifactMetadata@315e0bbd' from resolver: Google
2021-06-06T09:17:22.222-0500 [DEBUG] [org.gradle.internal.operations.DefaultBuildOperationRunner] Build operation 'Resolve files of :classpath' completed
2021-06-06T09:17:22.228-0500 [DEBUG] [org.gradle.internal.component.model.LoggingAttributeMatchingExplanationBuilder] Selected match com.android.tools.build:gradle:4.2.1 variant runtimeElements from candidates [com.android.tools.build:gradle:4.2.1 variant runtimeElements] for {org.gradle.category=library, org.gradle.dependency.bundling=external, org.gradle.jvm.version=14, org.gradle.libraryelements=jar, org.gradle.usage=java-runtime}
2021-06-06T09:17:22.228-0500 [DEBUG] [org.gradle.internal.component.model.LoggingAttributeMatchingExplanationBuilder] Selected match org.jetbrains.kotlin:kotlin-gradle-plugin:1.4.32 configuration runtime from candidates [org.jetbrains.kotlin:kotlin-gradle-plugin:1.4.32 configuration runtime] for {org.gradle.category=library, org.gradle.dependency.bundling=external, org.gradle.jvm.version=14, org.gradle.libraryelements=jar, org.gradle.usage=java-runtime}
2021-06-06T09:17:22.228-0500 [DEBUG] [org.gradle.internal.component.model.LoggingAttributeMatchingExplanationBuilder] Selected match org.tensorflow:tensorflow-lite-metadata:0.1.0-rc2 configuration runtime from candidates [org.tensorflow:tensorflow-lite-metadata:0.1.0-rc2 configuration runtime] for {org.gradle.category=library, org.gradle.dependency.bundling=external, org.gradle.jvm.version=14, org.gradle.libraryelements=jar, org.gradle.usage=java-runtime}
2021-06-06T09:17:22.228-0500 [DEBUG] [org.gradle.internal.component.model.LoggingAttributeMatchingExplanationBuilder] Selected match com.google.flatbuffers:flatbuffers-java:1.12.0 configuration runtime from candidates [com.google.flatbuffers:flatbuffers-java:1.12.0 configuration runtime] for {org.gradle.category=library, org.gradle.dependency.bundling=external, org.gradle.jvm.version=14, org.gradle.libraryelements=jar, org.gradle.usage=java-runtime}
2021-06-06T09:17:22.229-0500 [DEBUG] [org.gradle.internal.component.model.LoggingAttributeMatchingExplanationBuilder] Selected match com.android.tools.build:builder:4.2.1 variant runtimeElements from candidates [com.android.tools.build:builder:4.2.1 variant runtimeElements] for {org.gradle.category=library, org.gradle.dependency.bundling=external, org.gradle.jvm.version=14, org.gradle.libraryelements=jar, org.gradle.usage=java-runtime}
2021-06-06T09:17:22.229-0500 [DEBUG] [org.gradle.internal.component.model.LoggingAttributeMatchingExplanationBuilder] Selected match com.android.tools.build:aaptcompiler:4.2.1 variant runtimeElements from candidates [com.android.tools.build:aaptcompiler:4.2.1 variant runtimeElements] for {org.gradle.category=library, org.gradle.dependency.bundling=external, org.gradle.jvm.version=14, org.gradle.libraryelements=jar, org.gradle.usage=java-runtime}
2021-06-06T09:17:22.229-0500 [DEBUG] [org.gradle.internal.component.model.LoggingAttributeMatchingExplanationBuilder] Selected match com.android.tools.build:bundletool:1.1.0 configuration runtime from candidates [com.android.tools.build:bundletool:1.1.0 configuration runtime] for {org.gradle.category=library, org.gradle.dependency.bundling=external, org.gradle.jvm.version=14, org.gradle.libraryelements=jar, org.gradle.usage=java-runtime}
2021-06-06T09:17:22.229-0500 [DEBUG] [org.gradle.internal.component.model.LoggingAttributeMatchingExplanationBuilder] Selected match com.android.tools.build:manifest-merger:27.2.1 variant runtimeElements from candidates [com.android.tools.build:manifest-merger:27.2.1 variant runtimeElements] for {org.gradle.category=library, org.gradle.dependency.bundling=external, org.gradle.jvm.version=14, org.gradle.libraryelements=jar, org.gradle.usage=java-runtime}
2021-06-06T09:17:22.229-0500 [DEBUG] [org.gradle.internal.component.model.LoggingAttributeMatchingExplanationBuilder] Selected match com.android.tools.lint:lint-gradle-api:27.2.1 variant runtimeElements from candidates [com.android.tools.lint:lint-gradle-api:27.2.1 variant runtimeElements] for {org.gradle.category=library, org.gradle.dependency.bundling=external, org.gradle.jvm.version=14, org.gradle.libraryelements=jar, org.gradle.usage=java-runtime}
2021-06-06T09:17:22.229-0500 [DEBUG] [org.gradle.internal.component.model.LoggingAttributeMatchingExplanationBuilder] Selected match com.android.tools.lint:lint-model:27.2.1 variant runtimeElements from candidates [com.android.tools.lint:lint-model:27.2.1 variant runtimeElements] for {org.gradle.category=library, org.gradle.dependency.bundling=external, org.gradle.jvm.version=14, org.gradle.libraryelements=jar, org.gradle.usage=java-runtime}
2021-06-06T09:17:22.229-0500 [DEBUG] [org.gradle.internal.component.model.LoggingAttributeMatchingExplanationBuilder] Selected match com.android.tools:sdk-common:27.2.1 variant runtimeElements from candidates [com.android.tools:sdk-common:27.2.1 variant runtimeElements] for {org.gradle.category=library, org.gradle.dependency.bundling=external, org.gradle.jvm.version=14, org.gradle.libraryelements=jar, org.gradle.usage=java-runtime}
2021-06-06T09:17:22.230-0500 [DEBUG] [org.gradle.internal.component.model.LoggingAttributeMatchingExplanationBuilder] Selected match com.android.tools.build:aapt2-proto:4.2.1-7147631 variant runtimeElements from candidates [com.android.tools.build:aapt2-proto:4.2.1-7147631 variant runtimeElements] for {org.gradle.category=library, org.gradle.dependency.bundling=external, org.gradle.jvm.version=14, org.gradle.libraryelements=jar, org.gradle.usage=java-runtime}
2021-06-06T09:17:22.230-0500 [DEBUG] [org.gradle.internal.component.model.LoggingAttributeMatchingExplanationBuilder] Selected match com.android.tools.analytics-library:crash:27.2.1 variant runtimeElements from candidates [com.android.tools.analytics-library:crash:27.2.1 variant runtimeElements] for {org.gradle.category=library, org.gradle.dependency.bundling=external, org.gradle.jvm.version=14, org.gradle.libraryelements=jar, org.gradle.usage=java-runtime}
2021-06-06T09:17:22.230-0500 [DEBUG] [org.gradle.internal.component.model.LoggingAttributeMatchingExplanationBuilder] Selected match com.android.tools.build:gradle-api:4.2.1 variant runtimeElements from candidates [com.android.tools.build:gradle-api:4.2.1 variant runtimeElements] for {org.gradle.category=library, org.gradle.dependency.bundling=external, org.gradle.jvm.version=14, org.gradle.libraryelements=jar, org.gradle.usage=java-runtime}
2021-06-06T09:17:22.230-0500 [DEBUG] [org.gradle.internal.component.model.LoggingAttributeMatchingExplanationBuilder] Selected match androidx.databinding:databinding-compiler-common:4.2.1 variant runtimeElements from candidates [androidx.databinding:databinding-compiler-common:4.2.1 variant runtimeElements] for {org.gradle.category=library, org.gradle.dependency.bundling=external, org.gradle.jvm.version=14, org.gradle.libraryelements=jar, org.gradle.usage=java-runtime}
2021-06-06T09:17:22.230-0500 [DEBUG] [org.gradle.internal.component.model.LoggingAttributeMatchingExplanationBuilder] Selected match com.android.tools.build:builder-model:4.2.1 variant runtimeElements from candidates [com.android.tools.build:builder-model:4.2.1 variant runtimeElements] for {org.gradle.category=library, org.gradle.dependency.bundling=external, org.gradle.jvm.version=14, org.gradle.libraryelements=jar, org.gradle.usage=java-runtime}
2021-06-06T09:17:22.230-0500 [DEBUG] [org.gradle.internal.component.model.LoggingAttributeMatchingExplanationBuilder] Selected match com.android.tools.build:builder-test-api:4.2.1 variant runtimeElements from candidates [com.android.tools.build:builder-test-api:4.2.1 variant runtimeElements] for {org.gradle.category=library, org.gradle.dependency.bundling=external, org.gradle.jvm.version=14, org.gradle.libraryelements=jar, org.gradle.usage=java-runtime}
2021-06-06T09:17:22.230-0500 [DEBUG] [org.gradle.internal.component.model.LoggingAttributeMatchingExplanationBuilder] Selected match com.android.tools.ddms:ddmlib:27.2.1 variant runtimeElements from candidates [com.android.tools.ddms:ddmlib:27.2.1 variant runtimeElements] for {org.gradle.category=library, org.gradle.dependency.bundling=external, org.gradle.jvm.version=14, org.gradle.libraryelements=jar, org.gradle.usage=java-runtime}
2021-06-06T09:17:22.230-0500 [DEBUG] [org.gradle.internal.component.model.LoggingAttributeMatchingExplanationBuilder] Selected match com.android.tools.analytics-library:tracker:27.2.1 variant runtimeElements from candidates [com.android.tools.analytics-library:tracker:27.2.1 variant runtimeElements] for {org.gradle.category=library, org.gradle.dependency.bundling=external, org.gradle.jvm.version=14, org.gradle.libraryelements=jar, org.gradle.usage=java-runtime}
2021-06-06T09:17:22.231-0500 [DEBUG] [org.gradle.internal.component.model.LoggingAttributeMatchingExplanationBuilder] Selected match com.android.tools:sdklib:27.2.1 variant runtimeElements from candidates [com.android.tools:sdklib:27.2.1 variant runtimeElements] for {org.gradle.category=library, org.gradle.dependency.bundling=external, org.gradle.jvm.version=14, org.gradle.libraryelements=jar, org.gradle.usage=java-runtime}
2021-06-06T09:17:22.231-0500 [DEBUG] [org.gradle.internal.component.model.LoggingAttributeMatchingExplanationBuilder] Selected match com.android.tools.layoutlib:layoutlib-api:27.2.1 variant runtimeElements from candidates [com.android.tools.layoutlib:layoutlib-api:27.2.1 variant runtimeElements] for {org.gradle.category=library, org.gradle.dependency.bundling=external, org.gradle.jvm.version=14, org.gradle.libraryelements=jar, org.gradle.usage=java-runtime}
2021-06-06T09:17:22.231-0500 [DEBUG] [org.gradle.internal.component.model.LoggingAttributeMatchingExplanationBuilder] Selected match com.android.tools:dvlib:27.2.1 variant runtimeElements from candidates [com.android.tools:dvlib:27.2.1 variant runtimeElements] for {org.gradle.category=library, org.gradle.dependency.bundling=external, org.gradle.jvm.version=14, org.gradle.libraryelements=jar, org.gradle.usage=java-runtime}
2021-06-06T09:17:22.231-0500 [DEBUG] [org.gradle.internal.component.model.LoggingAttributeMatchingExplanationBuilder] Selected match com.android.tools:repository:27.2.1 variant runtimeElements from candidates [com.android.tools:repository:27.2.1 variant runtimeElements] for {org.gradle.category=library, org.gradle.dependency.bundling=external, org.gradle.jvm.version=14, org.gradle.libraryelements=jar, org.gradle.usage=java-runtime}
2021-06-06T09:17:22.231-0500 [DEBUG] [org.gradle.internal.component.model.LoggingAttributeMatchingExplanationBuilder] Selected match com.android.tools.analytics-library:shared:27.2.1 variant runtimeElements from candidates [com.android.tools.analytics-library:shared:27.2.1 variant runtimeElements] for {org.gradle.category=library, org.gradle.dependency.bundling=external, org.gradle.jvm.version=14, org.gradle.libraryelements=jar, org.gradle.usage=java-runtime}
2021-06-06T09:17:22.231-0500 [DEBUG] [org.gradle.internal.component.model.LoggingAttributeMatchingExplanationBuilder] Selected match com.android.tools:common:27.2.1 variant runtimeElements from candidates [com.android.tools:common:27.2.1 variant runtimeElements] for {org.gradle.category=library, org.gradle.dependency.bundling=external, org.gradle.jvm.version=14, org.gradle.libraryelements=jar, org.gradle.usage=java-runtime}
2021-06-06T09:17:22.231-0500 [DEBUG] [org.gradle.internal.component.model.LoggingAttributeMatchingExplanationBuilder] Selected match org.jetbrains.kotlin:kotlin-stdlib-jdk8:1.4.31 configuration runtime from candidates [org.jetbrains.kotlin:kotlin-stdlib-jdk8:1.4.31 configuration runtime] for {org.gradle.category=library, org.gradle.dependency.bundling=external, org.gradle.jvm.version=14, org.gradle.libraryelements=jar, org.gradle.usage=java-runtime}
2021-06-06T09:17:22.231-0500 [DEBUG] [org.gradle.internal.component.model.LoggingAttributeMatchingExplanationBuilder] Selected match com.android.tools.build:transform-api:2.0.0-deprecated-use-gradle-api configuration runtime from candidates [com.android.tools.build:transform-api:2.0.0-deprecated-use-gradle-api configuration runtime] for {org.gradle.category=library, org.gradle.dependency.bundling=external, org.gradle.jvm.version=14, org.gradle.libraryelements=jar, org.gradle.usage=java-runtime}
2021-06-06T09:17:22.231-0500 [DEBUG] [org.gradle.internal.component.model.LoggingAttributeMatchingExplanationBuilder] Selected match com.android.tools.build.jetifier:jetifier-processor:1.0.0-beta09 configuration runtime from candidates [com.android.tools.build.jetifier:jetifier-processor:1.0.0-beta09 configuration runtime] for {org.gradle.category=library, org.gradle.dependency.bundling=external, org.gradle.jvm.version=14, org.gradle.libraryelements=jar, org.gradle.usage=java-runtime}
2021-06-06T09:17:22.232-0500 [DEBUG] [org.gradle.internal.component.model.LoggingAttributeMatchingExplanationBuilder] Selected match org.ow2.asm:asm-commons:7.0 configuration runtime from candidates [org.ow2.asm:asm-commons:7.0 configuration runtime] for {org.gradle.category=library, org.gradle.dependency.bundling=external, org.gradle.jvm.version=14, org.gradle.libraryelements=jar, org.gradle.usage=java-runtime}
2021-06-06T09:17:22.232-0500 [DEBUG] [org.gradle.internal.component.model.LoggingAttributeMatchingExplanationBuilder] Selected match org.ow2.asm:asm-util:7.0 configuration runtime from candidates [org.ow2.asm:asm-util:7.0 configuration runtime] for {org.gradle.category=library, org.gradle.dependency.bundling=external, org.gradle.jvm.version=14, org.gradle.libraryelements=jar, org.gradle.usage=java-runtime}
2021-06-06T09:17:22.232-0500 [DEBUG] [org.gradle.internal.component.model.LoggingAttributeMatchingExplanationBuilder] Selected match org.ow2.asm:asm-analysis:7.0 configuration runtime from candidates [org.ow2.asm:asm-analysis:7.0 configuration runtime] for {org.gradle.category=library, org.gradle.dependency.bundling=external, org.gradle.jvm.version=14, org.gradle.libraryelements=jar, org.gradle.usage=java-runtime}
2021-06-06T09:17:22.232-0500 [DEBUG] [org.gradle.internal.component.model.LoggingAttributeMatchingExplanationBuilder] Selected match org.ow2.asm:asm-tree:7.0 configuration runtime from candidates [org.ow2.asm:asm-tree:7.0 configuration runtime] for {org.gradle.category=library, org.gradle.dependency.bundling=external, org.gradle.jvm.version=14, org.gradle.libraryelements=jar, org.gradle.usage=java-runtime}
2021-06-06T09:17:22.232-0500 [DEBUG] [org.gradle.internal.component.model.LoggingAttributeMatchingExplanationBuilder] Selected match org.ow2.asm:asm:7.0 configuration runtime from candidates [org.ow2.asm:asm:7.0 configuration runtime] for {org.gradle.category=library, org.gradle.dependency.bundling=external, org.gradle.jvm.version=14, org.gradle.libraryelements=jar, org.gradle.usage=java-runtime}
2021-06-06T09:17:22.232-0500 [DEBUG] [org.gradle.internal.component.model.LoggingAttributeMatchingExplanationBuilder] Selected match net.sf.jopt-simple:jopt-simple:4.9 configuration runtime from candidates [net.sf.jopt-simple:jopt-simple:4.9 configuration runtime] for {org.gradle.category=library, org.gradle.dependency.bundling=external, org.gradle.jvm.version=14, org.gradle.libraryelements=jar, org.gradle.usage=java-runtime}
2021-06-06T09:17:22.232-0500 [DEBUG] [org.gradle.internal.component.model.LoggingAttributeMatchingExplanationBuilder] Selected match net.sf.proguard:proguard-gradle:6.0.3 configuration runtime from candidates [net.sf.proguard:proguard-gradle:6.0.3 configuration runtime] for {org.gradle.category=library, org.gradle.dependency.bundling=external, org.gradle.jvm.version=14, org.gradle.libraryelements=jar, org.gradle.usage=java-runtime}
2021-06-06T09:17:22.232-0500 [DEBUG] [org.gradle.internal.component.model.LoggingAttributeMatchingExplanationBuilder] Selected match com.android.tools.build.jetifier:jetifier-core:1.0.0-beta09 configuration runtime from candidates [com.android.tools.build.jetifier:jetifier-core:1.0.0-beta09 configuration runtime] for {org.gradle.category=library, org.gradle.dependency.bundling=external, org.gradle.jvm.version=14, org.gradle.libraryelements=jar, org.gradle.usage=java-runtime}
2021-06-06T09:17:22.232-0500 [DEBUG] [org.gradle.internal.component.model.LoggingAttributeMatchingExplanationBuilder] Selected match com.squareup:javapoet:1.10.0 configuration runtime from candidates [com.squareup:javapoet:1.10.0 configuration runtime] for {org.gradle.category=library, org.gradle.dependency.bundling=external, org.gradle.jvm.version=14, org.gradle.libraryelements=jar, org.gradle.usage=java-runtime}
2021-06-06T09:17:22.233-0500 [DEBUG] [org.gradle.internal.component.model.LoggingAttributeMatchingExplanationBuilder] Selected match com.google.protobuf:protobuf-java-util:3.10.0 configuration runtime from candidates [com.google.protobuf:protobuf-java-util:3.10.0 configuration runtime] for {org.gradle.category=library, org.gradle.dependency.bundling=external, org.gradle.jvm.version=14, org.gradle.libraryelements=jar, org.gradle.usage=java-runtime}
2021-06-06T09:17:22.233-0500 [DEBUG] [org.gradle.internal.component.model.LoggingAttributeMatchingExplanationBuilder] Selected match com.google.crypto.tink:tink:1.3.0-rc2 configuration runtime from candidates [com.google.crypto.tink:tink:1.3.0-rc2 configuration runtime] for {org.gradle.category=library, org.gradle.dependency.bundling=external, org.gradle.jvm.version=14, org.gradle.libraryelements=jar, org.gradle.usage=java-runtime}
2021-06-06T09:17:22.233-0500 [DEBUG] [org.gradle.internal.component.model.LoggingAttributeMatchingExplanationBuilder] Selected match com.android.tools.analytics-library:protos:27.2.1 variant runtimeElements from candidates [com.android.tools.analytics-library:protos:27.2.1 variant runtimeElements] for {org.gradle.category=library, org.gradle.dependency.bundling=external, org.gradle.jvm.version=14, org.gradle.libraryelements=jar, org.gradle.usage=java-runtime}
2021-06-06T09:17:22.233-0500 [DEBUG] [org.gradle.internal.component.model.LoggingAttributeMatchingExplanationBuilder] Selected match com.google.protobuf:protobuf-java:3.10.0 configuration runtime from candidates [com.google.protobuf:protobuf-java:3.10.0 configuration runtime] for {org.gradle.category=library, org.gradle.dependency.bundling=external, org.gradle.jvm.version=14, org.gradle.libraryelements=jar, org.gradle.usage=java-runtime}
2021-06-06T09:17:22.233-0500 [DEBUG] [org.gradle.internal.component.model.LoggingAttributeMatchingExplanationBuilder] Selected match com.google.testing.platform:core-proto:0.0.8-alpha01 configuration runtime from candidates [com.google.testing.platform:core-proto:0.0.8-alpha01 configuration runtime] for {org.gradle.category=library, org.gradle.dependency.bundling=external, org.gradle.jvm.version=14, org.gradle.libraryelements=jar, org.gradle.usage=java-runtime}
2021-06-06T09:17:22.233-0500 [DEBUG] [org.gradle.internal.component.model.LoggingAttributeMatchingExplanationBuilder] Selected match org.jetbrains.kotlin:kotlin-gradle-plugin-api:1.4.32 configuration runtime from candidates [org.jetbrains.kotlin:kotlin-gradle-plugin-api:1.4.32 configuration runtime] for {org.gradle.category=library, org.gradle.dependency.bundling=external, org.gradle.jvm.version=14, org.gradle.libraryelements=jar, org.gradle.usage=java-runtime}
2021-06-06T09:17:22.233-0500 [DEBUG] [org.gradle.internal.component.model.LoggingAttributeMatchingExplanationBuilder] Selected match org.jetbrains.kotlin:kotlin-gradle-plugin-model:1.4.32 configuration runtime from candidates [org.jetbrains.kotlin:kotlin-gradle-plugin-model:1.4.32 configuration runtime] for {org.gradle.category=library, org.gradle.dependency.bundling=external, org.gradle.jvm.version=14, org.gradle.libraryelements=jar, org.gradle.usage=java-runtime}
2021-06-06T09:17:22.233-0500 [DEBUG] [org.gradle.internal.component.model.LoggingAttributeMatchingExplanationBuilder] Selected match org.jetbrains.kotlin:kotlin-util-klib:1.4.32 configuration runtime from candidates [org.jetbrains.kotlin:kotlin-util-klib:1.4.32 configuration runtime] for {org.gradle.category=library, org.gradle.dependency.bundling=external, org.gradle.jvm.version=14, org.gradle.libraryelements=jar, org.gradle.usage=java-runtime}
2021-06-06T09:17:22.234-0500 [DEBUG] [org.gradle.internal.component.model.LoggingAttributeMatchingExplanationBuilder] Selected match org.jetbrains.kotlin:kotlin-annotation-processing-gradle:1.4.32 configuration runtime from candidates [org.jetbrains.kotlin:kotlin-annotation-processing-gradle:1.4.32 configuration runtime] for {org.gradle.category=library, org.gradle.dependency.bundling=external, org.gradle.jvm.version=14, org.gradle.libraryelements=jar, org.gradle.usage=java-runtime}
2021-06-06T09:17:22.234-0500 [DEBUG] [org.gradle.internal.component.model.LoggingAttributeMatchingExplanationBuilder] Selected match org.jetbrains.kotlin:kotlin-android-extensions:1.4.32 configuration runtime from candidates [org.jetbrains.kotlin:kotlin-android-extensions:1.4.32 configuration runtime] for {org.gradle.category=library, org.gradle.dependency.bundling=external, org.gradle.jvm.version=14, org.gradle.libraryelements=jar, org.gradle.usage=java-runtime}
2021-06-06T09:17:22.234-0500 [DEBUG] [org.gradle.internal.component.model.LoggingAttributeMatchingExplanationBuilder] Selected match org.jetbrains.kotlin:kotlin-compiler-runner:1.4.32 configuration runtime from candidates [org.jetbrains.kotlin:kotlin-compiler-runner:1.4.32 configuration runtime] for {org.gradle.category=library, org.gradle.dependency.bundling=external, org.gradle.jvm.version=14, org.gradle.libraryelements=jar, org.gradle.usage=java-runtime}
2021-06-06T09:17:22.234-0500 [DEBUG] [org.gradle.internal.component.model.LoggingAttributeMatchingExplanationBuilder] Selected match org.jetbrains.kotlin:kotlin-compiler-embeddable:1.4.32 configuration runtime from candidates [org.jetbrains.kotlin:kotlin-compiler-embeddable:1.4.32 configuration runtime] for {org.gradle.category=library, org.gradle.dependency.bundling=external, org.gradle.jvm.version=14, org.gradle.libraryelements=jar, org.gradle.usage=java-runtime}
2021-06-06T09:17:22.234-0500 [DEBUG] [org.gradle.internal.component.model.LoggingAttributeMatchingExplanationBuilder] Selected match org.jetbrains.kotlin:kotlin-scripting-compiler-embeddable:1.4.32 configuration runtime from candidates [org.jetbrains.kotlin:kotlin-scripting-compiler-embeddable:1.4.32 configuration runtime] for {org.gradle.category=library, org.gradle.dependency.bundling=external, org.gradle.jvm.version=14, org.gradle.libraryelements=jar, org.gradle.usage=java-runtime}
2021-06-06T09:17:22.234-0500 [DEBUG] [org.gradle.internal.component.model.LoggingAttributeMatchingExplanationBuilder] Selected match org.jetbrains.kotlin:kotlin-scripting-compiler-impl-embeddable:1.4.32 configuration runtime from candidates [org.jetbrains.kotlin:kotlin-scripting-compiler-impl-embeddable:1.4.32 configuration runtime] for {org.gradle.category=library, org.gradle.dependency.bundling=external, org.gradle.jvm.version=14, org.gradle.libraryelements=jar, org.gradle.usage=java-runtime}
2021-06-06T09:17:22.234-0500 [DEBUG] [org.gradle.internal.component.model.LoggingAttributeMatchingExplanationBuilder] Selected match org.jetbrains.kotlin:kotlin-daemon-client:1.4.32 configuration runtime from candidates [org.jetbrains.kotlin:kotlin-daemon-client:1.4.32 configuration runtime] for {org.gradle.category=library, org.gradle.dependency.bundling=external, org.gradle.jvm.version=14, org.gradle.libraryelements=jar, org.gradle.usage=java-runtime}
2021-06-06T09:17:22.234-0500 [DEBUG] [org.gradle.internal.component.model.LoggingAttributeMatchingExplanationBuilder] Selected match org.jetbrains.kotlin:kotlin-reflect:1.4.32 configuration runtime from candidates [org.jetbrains.kotlin:kotlin-reflect:1.4.32 configuration runtime] for {org.gradle.category=library, org.gradle.dependency.bundling=external, org.gradle.jvm.version=14, org.gradle.libraryelements=jar, org.gradle.usage=java-runtime}
2021-06-06T09:17:22.234-0500 [DEBUG] [org.gradle.internal.component.model.LoggingAttributeMatchingExplanationBuilder] Selected match org.jetbrains.kotlin:kotlin-stdlib-jdk7:1.4.31 configuration runtime from candidates [org.jetbrains.kotlin:kotlin-stdlib-jdk7:1.4.31 configuration runtime] for {org.gradle.category=library, org.gradle.dependency.bundling=external, org.gradle.jvm.version=14, org.gradle.libraryelements=jar, org.gradle.usage=java-runtime}
2021-06-06T09:17:22.235-0500 [DEBUG] [org.gradle.internal.component.model.LoggingAttributeMatchingExplanationBuilder] Selected match org.jetbrains.kotlin:kotlin-util-io:1.4.32 configuration runtime from candidates [org.jetbrains.kotlin:kotlin-util-io:1.4.32 configuration runtime] for {org.gradle.category=library, org.gradle.dependency.bundling=external, org.gradle.jvm.version=14, org.gradle.libraryelements=jar, org.gradle.usage=java-runtime}
2021-06-06T09:17:22.235-0500 [DEBUG] [org.gradle.internal.component.model.LoggingAttributeMatchingExplanationBuilder] Selected match org.jetbrains.kotlin:kotlin-scripting-jvm:1.4.32 configuration runtime from candidates [org.jetbrains.kotlin:kotlin-scripting-jvm:1.4.32 configuration runtime] for {org.gradle.category=library, org.gradle.dependency.bundling=external, org.gradle.jvm.version=14, org.gradle.libraryelements=jar, org.gradle.usage=java-runtime}
2021-06-06T09:17:22.235-0500 [DEBUG] [org.gradle.internal.component.model.LoggingAttributeMatchingExplanationBuilder] Selected match org.jetbrains.kotlin:kotlin-scripting-common:1.4.32 configuration runtime from candidates [org.jetbrains.kotlin:kotlin-scripting-common:1.4.32 configuration runtime] for {org.gradle.category=library, org.gradle.dependency.bundling=external, org.gradle.jvm.version=14, org.gradle.libraryelements=jar, org.gradle.usage=java-runtime}
2021-06-06T09:17:22.235-0500 [DEBUG] [org.gradle.internal.component.model.LoggingAttributeMatchingExplanationBuilder] Selected match org.jetbrains.kotlinx:kotlinx-coroutines-core:1.3.8 configuration runtime from candidates [org.jetbrains.kotlinx:kotlinx-coroutines-core:1.3.8 configuration runtime] for {org.gradle.category=library, org.gradle.dependency.bundling=external, org.gradle.jvm.version=14, org.gradle.libraryelements=jar, org.gradle.usage=java-runtime}
2021-06-06T09:17:22.235-0500 [DEBUG] [org.gradle.internal.component.model.LoggingAttributeMatchingExplanationBuilder] Selected match org.jetbrains.kotlin:kotlin-stdlib:1.4.32 configuration runtime from candidates [org.jetbrains.kotlin:kotlin-stdlib:1.4.32 configuration runtime] for {org.gradle.category=library, org.gradle.dependency.bundling=external, org.gradle.jvm.version=14, org.gradle.libraryelements=jar, org.gradle.usage=java-runtime}
2021-06-06T09:17:22.235-0500 [DEBUG] [org.gradle.internal.component.model.LoggingAttributeMatchingExplanationBuilder] Selected match com.google.code.gson:gson:2.8.6 configuration runtime from candidates [com.google.code.gson:gson:2.8.6 configuration runtime] for {org.gradle.category=library, org.gradle.dependency.bundling=external, org.gradle.jvm.version=14, org.gradle.libraryelements=jar, org.gradle.usage=java-runtime}
2021-06-06T09:17:22.235-0500 [DEBUG] [org.gradle.internal.component.model.LoggingAttributeMatchingExplanationBuilder] Selected match de.undercouch:gradle-download-task:4.0.2 configuration runtime from candidates [de.undercouch:gradle-download-task:4.0.2 configuration runtime] for {org.gradle.category=library, org.gradle.dependency.bundling=external, org.gradle.jvm.version=14, org.gradle.libraryelements=jar, org.gradle.usage=java-runtime}
2021-06-06T09:17:22.235-0500 [DEBUG] [org.gradle.internal.component.model.LoggingAttributeMatchingExplanationBuilder] Selected match com.github.gundy:semver4j:0.16.4 configuration runtime from candidates [com.github.gundy:semver4j:0.16.4 configuration runtime] for {org.gradle.category=library, org.gradle.dependency.bundling=external, org.gradle.jvm.version=14, org.gradle.libraryelements=jar, org.gradle.usage=java-runtime}
2021-06-06T09:17:22.235-0500 [DEBUG] [org.gradle.internal.component.model.LoggingAttributeMatchingExplanationBuilder] Selected match com.android.tools.build:apkzlib:4.2.1 variant runtimeElements from candidates [com.android.tools.build:apkzlib:4.2.1 variant runtimeElements] for {org.gradle.category=library, org.gradle.dependency.bundling=external, org.gradle.jvm.version=14, org.gradle.libraryelements=jar, org.gradle.usage=java-runtime}
2021-06-06T09:17:22.236-0500 [DEBUG] [org.gradle.internal.component.model.LoggingAttributeMatchingExplanationBuilder] Selected match com.google.jimfs:jimfs:1.1 configuration runtime from candidates [com.google.jimfs:jimfs:1.1 configuration runtime] for {org.gradle.category=library, org.gradle.dependency.bundling=external, org.gradle.jvm.version=14, org.gradle.libraryelements=jar, org.gradle.usage=java-runtime}
2021-06-06T09:17:22.236-0500 [DEBUG] [org.gradle.internal.component.model.LoggingAttributeMatchingExplanationBuilder] Selected match com.google.guava:guava:28.1-jre configuration runtime from candidates [com.google.guava:guava:28.1-jre configuration runtime] for {org.gradle.category=library, org.gradle.dependency.bundling=external, org.gradle.jvm.version=14, org.gradle.libraryelements=jar, org.gradle.usage=java-runtime}
2021-06-06T09:17:22.236-0500 [DEBUG] [org.gradle.internal.component.model.LoggingAttributeMatchingExplanationBuilder] Selected match org.checkerframework:checker-qual:2.8.1 configuration runtime from candidates [org.checkerframework:checker-qual:2.8.1 configuration runtime] for {org.gradle.category=library, org.gradle.dependency.bundling=external, org.gradle.jvm.version=14, org.gradle.libraryelements=jar, org.gradle.usage=java-runtime}
2021-06-06T09:17:22.236-0500 [DEBUG] [org.gradle.internal.component.model.LoggingAttributeMatchingExplanationBuilder] Selected match com.android:signflinger:4.2.1 variant runtimeElements from candidates [com.android:signflinger:4.2.1 variant runtimeElements] for {org.gradle.category=library, org.gradle.dependency.bundling=external, org.gradle.jvm.version=14, org.gradle.libraryelements=jar, org.gradle.usage=java-runtime}
2021-06-06T09:17:22.236-0500 [DEBUG] [org.gradle.internal.component.model.LoggingAttributeMatchingExplanationBuilder] Selected match com.android:zipflinger:4.2.1 variant runtimeElements from candidates [com.android:zipflinger:4.2.1 variant runtimeElements] for {org.gradle.category=library, org.gradle.dependency.bundling=external, org.gradle.jvm.version=14, org.gradle.libraryelements=jar, org.gradle.usage=java-runtime}
2021-06-06T09:17:22.236-0500 [DEBUG] [org.gradle.internal.component.model.LoggingAttributeMatchingExplanationBuilder] Selected match com.android.tools.build:apksig:4.2.1 variant runtimeElements from candidates [com.android.tools.build:apksig:4.2.1 variant runtimeElements] for {org.gradle.category=library, org.gradle.dependency.bundling=external, org.gradle.jvm.version=14, org.gradle.libraryelements=jar, org.gradle.usage=java-runtime}
2021-06-06T09:17:22.236-0500 [DEBUG] [org.gradle.internal.component.model.LoggingAttributeMatchingExplanationBuilder] Selected match com.squareup:javawriter:2.5.0 configuration runtime from candidates [com.squareup:javawriter:2.5.0 configuration runtime] for {org.gradle.category=library, org.gradle.dependency.bundling=external, org.gradle.jvm.version=14, org.gradle.libraryelements=jar, org.gradle.usage=java-runtime}
2021-06-06T09:17:22.236-0500 [DEBUG] [org.gradle.internal.component.model.LoggingAttributeMatchingExplanationBuilder] Selected match org.bouncycastle:bcpkix-jdk15on:1.56 configuration runtime from candidates [org.bouncycastle:bcpkix-jdk15on:1.56 configuration runtime] for {org.gradle.category=library, org.gradle.dependency.bundling=external, org.gradle.jvm.version=14, org.gradle.libraryelements=jar, org.gradle.usage=java-runtime}
2021-06-06T09:17:22.236-0500 [DEBUG] [org.gradle.internal.component.model.LoggingAttributeMatchingExplanationBuilder] Selected match org.bouncycastle:bcprov-jdk15on:1.56 configuration runtime from candidates [org.bouncycastle:bcprov-jdk15on:1.56 configuration runtime] for {org.gradle.category=library, org.gradle.dependency.bundling=external, org.gradle.jvm.version=14, org.gradle.libraryelements=jar, org.gradle.usage=java-runtime}
2021-06-06T09:17:22.237-0500 [DEBUG] [org.gradle.internal.component.model.LoggingAttributeMatchingExplanationBuilder] Selected match com.google.dagger:dagger:2.28.3 configuration runtime from candidates [com.google.dagger:dagger:2.28.3 configuration runtime] for {org.gradle.category=library, org.gradle.dependency.bundling=external, org.gradle.jvm.version=14, org.gradle.libraryelements=jar, org.gradle.usage=java-runtime}
2021-06-06T09:17:22.237-0500 [DEBUG] [org.gradle.internal.component.model.LoggingAttributeMatchingExplanationBuilder] Selected match javax.inject:javax.inject:1 configuration runtime from candidates [javax.inject:javax.inject:1 configuration runtime] for {org.gradle.category=library, org.gradle.dependency.bundling=external, org.gradle.jvm.version=14, org.gradle.libraryelements=jar, org.gradle.usage=java-runtime}
2021-06-06T09:17:22.237-0500 [DEBUG] [org.gradle.internal.component.model.LoggingAttributeMatchingExplanationBuilder] Selected match it.unimi.dsi:fastutil:8.4.0 configuration runtime from candidates [it.unimi.dsi:fastutil:8.4.0 configuration runtime] for {org.gradle.category=library, org.gradle.dependency.bundling=external, org.gradle.jvm.version=14, org.gradle.libraryelements=jar, org.gradle.usage=java-runtime}
2021-06-06T09:17:22.237-0500 [DEBUG] [org.gradle.internal.component.model.LoggingAttributeMatchingExplanationBuilder] Selected match com.googlecode.json-simple:json-simple:1.1 configuration runtime from candidates [com.googlecode.json-simple:json-simple:1.1 configuration runtime] for {org.gradle.category=library, org.gradle.dependency.bundling=external, org.gradle.jvm.version=14, org.gradle.libraryelements=jar, org.gradle.usage=java-runtime}
2021-06-06T09:17:22.237-0500 [DEBUG] [org.gradle.internal.component.model.LoggingAttributeMatchingExplanationBuilder] Selected match com.android.tools:annotations:27.2.1 variant runtimeElements from candidates [com.android.tools:annotations:27.2.1 variant runtimeElements] for {org.gradle.category=library, org.gradle.dependency.bundling=external, org.gradle.jvm.version=14, org.gradle.libraryelements=jar, org.gradle.usage=java-runtime}
2021-06-06T09:17:22.237-0500 [DEBUG] [org.gradle.internal.component.model.LoggingAttributeMatchingExplanationBuilder] Selected match org.apache.httpcomponents:httpmime:4.5.6 configuration runtime from candidates [org.apache.httpcomponents:httpmime:4.5.6 configuration runtime] for {org.gradle.category=library, org.gradle.dependency.bundling=external, org.gradle.jvm.version=14, org.gradle.libraryelements=jar, org.gradle.usage=java-runtime}
2021-06-06T09:17:22.237-0500 [DEBUG] [org.gradle.internal.component.model.LoggingAttributeMatchingExplanationBuilder] Selected match org.apache.httpcomponents:httpclient:4.5.6 configuration runtime from candidates [org.apache.httpcomponents:httpclient:4.5.6 configuration runtime] for {org.gradle.category=library, org.gradle.dependency.bundling=external, org.gradle.jvm.version=14, org.gradle.libraryelements=jar, org.gradle.usage=java-runtime}
2021-06-06T09:17:22.238-0500 [DEBUG] [org.gradle.internal.component.model.LoggingAttributeMatchingExplanationBuilder] Selected match org.apache.httpcomponents:httpcore:4.4.10 configuration runtime from candidates [org.apache.httpcomponents:httpcore:4.4.10 configuration runtime] for {org.gradle.category=library, org.gradle.dependency.bundling=external, org.gradle.jvm.version=14, org.gradle.libraryelements=jar, org.gradle.usage=java-runtime}
2021-06-06T09:17:22.238-0500 [DEBUG] [org.gradle.internal.component.model.LoggingAttributeMatchingExplanationBuilder] Selected match androidx.databinding:databinding-common:4.2.1 variant runtimeElements from candidates [androidx.databinding:databinding-common:4.2.1 variant runtimeElements] for {org.gradle.category=library, org.gradle.dependency.bundling=external, org.gradle.jvm.version=14, org.gradle.libraryelements=jar, org.gradle.usage=java-runtime}
2021-06-06T09:17:22.238-0500 [DEBUG] [org.gradle.internal.component.model.LoggingAttributeMatchingExplanationBuilder] Selected match com.android.databinding:baseLibrary:4.2.1 variant runtimeElements from candidates [com.android.databinding:baseLibrary:4.2.1 variant runtimeElements] for {org.gradle.category=library, org.gradle.dependency.bundling=external, org.gradle.jvm.version=14, org.gradle.libraryelements=jar, org.gradle.usage=java-runtime}
2021-06-06T09:17:22.238-0500 [DEBUG] [org.gradle.internal.component.model.LoggingAttributeMatchingExplanationBuilder] Selected match org.antlr:antlr4:4.5.3 configuration runtime from candidates [org.antlr:antlr4:4.5.3 configuration runtime] for {org.gradle.category=library, org.gradle.dependency.bundling=external, org.gradle.jvm.version=14, org.gradle.libraryelements=jar, org.gradle.usage=java-runtime}
2021-06-06T09:17:22.238-0500 [DEBUG] [org.gradle.internal.component.model.LoggingAttributeMatchingExplanationBuilder] Selected match commons-io:commons-io:2.4 configuration runtime from candidates [commons-io:commons-io:2.4 configuration runtime] for {org.gradle.category=library, org.gradle.dependency.bundling=external, org.gradle.jvm.version=14, org.gradle.libraryelements=jar, org.gradle.usage=java-runtime}
2021-06-06T09:17:22.238-0500 [DEBUG] [org.gradle.internal.component.model.LoggingAttributeMatchingExplanationBuilder] Selected match com.googlecode.juniversalchardet:juniversalchardet:1.0.3 configuration runtime from candidates [com.googlecode.juniversalchardet:juniversalchardet:1.0.3 configuration runtime] for {org.gradle.category=library, org.gradle.dependency.bundling=external, org.gradle.jvm.version=14, org.gradle.libraryelements=jar, org.gradle.usage=java-runtime}
2021-06-06T09:17:22.238-0500 [DEBUG] [org.gradle.internal.component.model.LoggingAttributeMatchingExplanationBuilder] Selected match org.glassfish.jaxb:jaxb-runtime:2.3.2 configuration runtime from candidates [org.glassfish.jaxb:jaxb-runtime:2.3.2 configuration runtime] for {org.gradle.category=library, org.gradle.dependency.bundling=external, org.gradle.jvm.version=14, org.gradle.libraryelements=jar, org.gradle.usage=java-runtime}
2021-06-06T09:17:22.238-0500 [DEBUG] [org.gradle.internal.component.model.LoggingAttributeMatchingExplanationBuilder] Selected match net.sf.proguard:proguard-base:6.0.3 configuration runtime from candidates [net.sf.proguard:proguard-base:6.0.3 configuration runtime] for {org.gradle.category=library, org.gradle.dependency.bundling=external, org.gradle.jvm.version=14, org.gradle.libraryelements=jar, org.gradle.usage=java-runtime}
2021-06-06T09:17:22.239-0500 [DEBUG] [org.gradle.internal.component.model.LoggingAttributeMatchingExplanationBuilder] Selected match com.google.auto.value:auto-value-annotations:1.6.2 configuration runtime from candidates [com.google.auto.value:auto-value-annotations:1.6.2 configuration runtime] for {org.gradle.category=library, org.gradle.dependency.bundling=external, org.gradle.jvm.version=14, org.gradle.libraryelements=jar, org.gradle.usage=java-runtime}
2021-06-06T09:17:22.239-0500 [DEBUG] [org.gradle.internal.component.model.LoggingAttributeMatchingExplanationBuilder] Selected match com.google.errorprone:error_prone_annotations:2.3.2 configuration runtime from candidates [com.google.errorprone:error_prone_annotations:2.3.2 configuration runtime] for {org.gradle.category=library, org.gradle.dependency.bundling=external, org.gradle.jvm.version=14, org.gradle.libraryelements=jar, org.gradle.usage=java-runtime}
2021-06-06T09:17:22.239-0500 [DEBUG] [org.gradle.internal.component.model.LoggingAttributeMatchingExplanationBuilder] Selected match org.jdom:jdom2:2.0.6 configuration runtime from candidates [org.jdom:jdom2:2.0.6 configuration runtime] for {org.gradle.category=library, org.gradle.dependency.bundling=external, org.gradle.jvm.version=14, org.gradle.libraryelements=jar, org.gradle.usage=java-runtime}
2021-06-06T09:17:22.239-0500 [DEBUG] [org.gradle.internal.component.model.LoggingAttributeMatchingExplanationBuilder] Selected match org.json:json:20180813 configuration runtime from candidates [org.json:json:20180813 configuration runtime] for {org.gradle.category=library, org.gradle.dependency.bundling=external, org.gradle.jvm.version=14, org.gradle.libraryelements=jar, org.gradle.usage=java-runtime}
2021-06-06T09:17:22.239-0500 [DEBUG] [org.gradle.internal.component.model.LoggingAttributeMatchingExplanationBuilder] Selected match org.jetbrains.kotlin:kotlin-stdlib-common:1.4.32 configuration runtime from candidates [org.jetbrains.kotlin:kotlin-stdlib-common:1.4.32 configuration runtime] for {org.gradle.category=library, org.gradle.dependency.bundling=external, org.gradle.jvm.version=14, org.gradle.libraryelements=jar, org.gradle.usage=java-runtime}
2021-06-06T09:17:22.239-0500 [DEBUG] [org.gradle.internal.component.model.LoggingAttributeMatchingExplanationBuilder] Selected match org.jetbrains:annotations:13.0 configuration runtime from candidates [org.jetbrains:annotations:13.0 configuration runtime] for {org.gradle.category=library, org.gradle.dependency.bundling=external, org.gradle.jvm.version=14, org.gradle.libraryelements=jar, org.gradle.usage=java-runtime}
2021-06-06T09:17:22.239-0500 [DEBUG] [org.gradle.internal.component.model.LoggingAttributeMatchingExplanationBuilder] Selected match org.antlr:antlr4-runtime:4.5.2-1 configuration runtime from candidates [org.antlr:antlr4-runtime:4.5.2-1 configuration runtime] for {org.gradle.category=library, org.gradle.dependency.bundling=external, org.gradle.jvm.version=14, org.gradle.libraryelements=jar, org.gradle.usage=java-runtime}
2021-06-06T09:17:22.240-0500 [DEBUG] [org.gradle.internal.component.model.LoggingAttributeMatchingExplanationBuilder] Selected match org.jetbrains.kotlin:kotlin-script-runtime:1.4.32 configuration runtime from candidates [org.jetbrains.kotlin:kotlin-script-runtime:1.4.32 configuration runtime] for {org.gradle.category=library, org.gradle.dependency.bundling=external, org.gradle.jvm.version=14, org.gradle.libraryelements=jar, org.gradle.usage=java-runtime}
2021-06-06T09:17:22.240-0500 [DEBUG] [org.gradle.internal.component.model.LoggingAttributeMatchingExplanationBuilder] Selected match org.jetbrains.kotlin:kotlin-daemon-embeddable:1.4.32 configuration runtime from candidates [org.jetbrains.kotlin:kotlin-daemon-embeddable:1.4.32 configuration runtime] for {org.gradle.category=library, org.gradle.dependency.bundling=external, org.gradle.jvm.version=14, org.gradle.libraryelements=jar, org.gradle.usage=java-runtime}
2021-06-06T09:17:22.240-0500 [DEBUG] [org.gradle.internal.component.model.LoggingAttributeMatchingExplanationBuilder] Selected match org.jetbrains.intellij.deps:trove4j:1.0.20181211 configuration runtime from candidates [org.jetbrains.intellij.deps:trove4j:1.0.20181211 configuration runtime] for {org.gradle.category=library, org.gradle.dependency.bundling=external, org.gradle.jvm.version=14, org.gradle.libraryelements=jar, org.gradle.usage=java-runtime}
2021-06-06T09:17:22.240-0500 [DEBUG] [org.gradle.internal.component.model.LoggingAttributeMatchingExplanationBuilder] Selected match org.jetbrains.kotlin:kotlin-build-common:1.4.32 configuration runtime from candidates [org.jetbrains.kotlin:kotlin-build-common:1.4.32 configuration runtime] for {org.gradle.category=library, org.gradle.dependency.bundling=external, org.gradle.jvm.version=14, org.gradle.libraryelements=jar, org.gradle.usage=java-runtime}
2021-06-06T09:17:22.240-0500 [DEBUG] [org.gradle.internal.component.model.LoggingAttributeMatchingExplanationBuilder] Selected match org.apache.commons:commons-compress:1.12 configuration runtime from candidates [org.apache.commons:commons-compress:1.12 configuration runtime] for {org.gradle.category=library, org.gradle.dependency.bundling=external, org.gradle.jvm.version=14, org.gradle.libraryelements=jar, org.gradle.usage=java-runtime}
2021-06-06T09:17:22.241-0500 [DEBUG] [org.gradle.internal.component.model.LoggingAttributeMatchingExplanationBuilder] Selected match xerces:xercesImpl:2.12.0 configuration runtime from candidates [xerces:xercesImpl:2.12.0 configuration runtime] for {org.gradle.category=library, org.gradle.dependency.bundling=external, org.gradle.jvm.version=14, org.gradle.libraryelements=jar, org.gradle.usage=java-runtime}
2021-06-06T09:17:22.241-0500 [DEBUG] [org.gradle.internal.component.model.LoggingAttributeMatchingExplanationBuilder] Selected match net.sf.kxml:kxml2:2.3.0 configuration runtime from candidates [net.sf.kxml:kxml2:2.3.0 configuration runtime] for {org.gradle.category=library, org.gradle.dependency.bundling=external, org.gradle.jvm.version=14, org.gradle.libraryelements=jar, org.gradle.usage=java-runtime}
2021-06-06T09:17:22.241-0500 [DEBUG] [org.gradle.internal.component.model.LoggingAttributeMatchingExplanationBuilder] Selected match com.google.code.findbugs:jsr305:3.0.2 configuration runtime from candidates [com.google.code.findbugs:jsr305:3.0.2 configuration runtime] for {org.gradle.category=library, org.gradle.dependency.bundling=external, org.gradle.jvm.version=14, org.gradle.libraryelements=jar, org.gradle.usage=java-runtime}
2021-06-06T09:17:22.241-0500 [DEBUG] [org.gradle.internal.component.model.LoggingAttributeMatchingExplanationBuilder] Selected match com.google.guava:failureaccess:1.0.1 configuration runtime from candidates [com.google.guava:failureaccess:1.0.1 configuration runtime] for {org.gradle.category=library, org.gradle.dependency.bundling=external, org.gradle.jvm.version=14, org.gradle.libraryelements=jar, org.gradle.usage=java-runtime}
2021-06-06T09:17:22.241-0500 [DEBUG] [org.gradle.internal.component.model.LoggingAttributeMatchingExplanationBuilder] Selected match com.google.guava:listenablefuture:9999.0-empty-to-avoid-conflict-with-guava configuration runtime from candidates [com.google.guava:listenablefuture:9999.0-empty-to-avoid-conflict-with-guava configuration runtime] for {org.gradle.category=library, org.gradle.dependency.bundling=external, org.gradle.jvm.version=14, org.gradle.libraryelements=jar, org.gradle.usage=java-runtime}
2021-06-06T09:17:22.241-0500 [DEBUG] [org.gradle.internal.component.model.LoggingAttributeMatchingExplanationBuilder] Selected match com.google.j2objc:j2objc-annotations:1.3 configuration runtime from candidates [com.google.j2objc:j2objc-annotations:1.3 configuration runtime] for {org.gradle.category=library, org.gradle.dependency.bundling=external, org.gradle.jvm.version=14, org.gradle.libraryelements=jar, org.gradle.usage=java-runtime}
2021-06-06T09:17:22.242-0500 [DEBUG] [org.gradle.internal.component.model.LoggingAttributeMatchingExplanationBuilder] Selected match org.codehaus.mojo:animal-sniffer-annotations:1.18 configuration runtime from candidates [org.codehaus.mojo:animal-sniffer-annotations:1.18 configuration runtime] for {org.gradle.category=library, org.gradle.dependency.bundling=external, org.gradle.jvm.version=14, org.gradle.libraryelements=jar, org.gradle.usage=java-runtime}
2021-06-06T09:17:22.242-0500 [DEBUG] [org.gradle.internal.component.model.LoggingAttributeMatchingExplanationBuilder] Selected match commons-logging:commons-logging:1.2 configuration runtime from candidates [commons-logging:commons-logging:1.2 configuration runtime] for {org.gradle.category=library, org.gradle.dependency.bundling=external, org.gradle.jvm.version=14, org.gradle.libraryelements=jar, org.gradle.usage=java-runtime}
2021-06-06T09:17:22.242-0500 [DEBUG] [org.gradle.internal.component.model.LoggingAttributeMatchingExplanationBuilder] Selected match commons-codec:commons-codec:1.10 configuration runtime from candidates [commons-codec:commons-codec:1.10 configuration runtime] for {org.gradle.category=library, org.gradle.dependency.bundling=external, org.gradle.jvm.version=14, org.gradle.libraryelements=jar, org.gradle.usage=java-runtime}
2021-06-06T09:17:22.242-0500 [DEBUG] [org.gradle.internal.component.model.LoggingAttributeMatchingExplanationBuilder] Selected match org.jvnet.staxex:stax-ex:1.8.1 configuration runtime from candidates [org.jvnet.staxex:stax-ex:1.8.1 configuration runtime] for {org.gradle.category=library, org.gradle.dependency.bundling=external, org.gradle.jvm.version=14, org.gradle.libraryelements=jar, org.gradle.usage=java-runtime}
2021-06-06T09:17:22.242-0500 [DEBUG] [org.gradle.internal.component.model.LoggingAttributeMatchingExplanationBuilder] Selected match jakarta.xml.bind:jakarta.xml.bind-api:2.3.2 configuration runtime from candidates [jakarta.xml.bind:jakarta.xml.bind-api:2.3.2 configuration runtime] for {org.gradle.category=library, org.gradle.dependency.bundling=external, org.gradle.jvm.version=14, org.gradle.libraryelements=jar, org.gradle.usage=java-runtime}
2021-06-06T09:17:22.242-0500 [DEBUG] [org.gradle.internal.component.model.LoggingAttributeMatchingExplanationBuilder] Selected match org.glassfish.jaxb:txw2:2.3.2 configuration runtime from candidates [org.glassfish.jaxb:txw2:2.3.2 configuration runtime] for {org.gradle.category=library, org.gradle.dependency.bundling=external, org.gradle.jvm.version=14, org.gradle.libraryelements=jar, org.gradle.usage=java-runtime}
2021-06-06T09:17:22.242-0500 [DEBUG] [org.gradle.internal.component.model.LoggingAttributeMatchingExplanationBuilder] Selected match com.sun.istack:istack-commons-runtime:3.0.8 configuration runtime from candidates [com.sun.istack:istack-commons-runtime:3.0.8 configuration runtime] for {org.gradle.category=library, org.gradle.dependency.bundling=external, org.gradle.jvm.version=14, org.gradle.libraryelements=jar, org.gradle.usage=java-runtime}
2021-06-06T09:17:22.242-0500 [DEBUG] [org.gradle.internal.component.model.LoggingAttributeMatchingExplanationBuilder] Selected match com.sun.xml.fastinfoset:FastInfoset:1.2.16 configuration runtime from candidates [com.sun.xml.fastinfoset:FastInfoset:1.2.16 configuration runtime] for {org.gradle.category=library, org.gradle.dependency.bundling=external, org.gradle.jvm.version=14, org.gradle.libraryelements=jar, org.gradle.usage=java-runtime}
2021-06-06T09:17:22.242-0500 [DEBUG] [org.gradle.internal.component.model.LoggingAttributeMatchingExplanationBuilder] Selected match jakarta.activation:jakarta.activation-api:1.2.1 configuration runtime from candidates [jakarta.activation:jakarta.activation-api:1.2.1 configuration runtime] for {org.gradle.category=library, org.gradle.dependency.bundling=external, org.gradle.jvm.version=14, org.gradle.libraryelements=jar, org.gradle.usage=java-runtime}
2021-06-06T09:17:22.242-0500 [DEBUG] [org.gradle.internal.component.model.LoggingAttributeMatchingExplanationBuilder] Selected match com.sun.activation:javax.activation:1.2.0 configuration runtime from candidates [com.sun.activation:javax.activation:1.2.0 configuration runtime] for {org.gradle.category=library, org.gradle.dependency.bundling=external, org.gradle.jvm.version=14, org.gradle.libraryelements=jar, org.gradle.usage=java-runtime}
2021-06-06T09:17:22.242-0500 [DEBUG] [org.gradle.internal.component.model.LoggingAttributeMatchingExplanationBuilder] Selected match net.java.dev.jna:jna-platform:5.6.0 configuration runtime from candidates [net.java.dev.jna:jna-platform:5.6.0 configuration runtime] for {org.gradle.category=library, org.gradle.dependency.bundling=external, org.gradle.jvm.version=14, org.gradle.libraryelements=jar, org.gradle.usage=java-runtime}
2021-06-06T09:17:22.242-0500 [DEBUG] [org.gradle.internal.component.model.LoggingAttributeMatchingExplanationBuilder] Selected match xml-apis:xml-apis:1.4.01 configuration runtime from candidates [xml-apis:xml-apis:1.4.01 configuration runtime] for {org.gradle.category=library, org.gradle.dependency.bundling=external, org.gradle.jvm.version=14, org.gradle.libraryelements=jar, org.gradle.usage=java-runtime}
2021-06-06T09:17:22.242-0500 [DEBUG] [org.gradle.internal.component.model.LoggingAttributeMatchingExplanationBuilder] Selected match net.java.dev.jna:jna:5.6.0 configuration runtime from candidates [net.java.dev.jna:jna:5.6.0 configuration runtime] for {org.gradle.category=library, org.gradle.dependency.bundling=external, org.gradle.jvm.version=14, org.gradle.libraryelements=jar, org.gradle.usage=java-runtime}
2021-06-06T09:17:22.243-0500 [DEBUG] [org.gradle.internal.operations.DefaultBuildOperationRunner] Build operation 'Resolve files of :classpath' completed
2021-06-06T09:17:25.518-0500 [LIFECYCLE] [org.gradle.internal.classpath.InstrumentingClasspathFileTransformer] 
2021-06-06T09:17:25.518-0500 [DEBUG] [org.gradle.internal.classpath.InstrumentingClasspathFileTransformer] Signed archive 'bcpkix-jdk15on-1.56.jar'. Skipping instrumentation.
2021-06-06T09:17:25.865-0500 [DEBUG] [org.gradle.internal.classpath.InstrumentingClasspathFileTransformer] Signed archive 'bcprov-jdk15on-1.56.jar'. Skipping instrumentation.
2021-06-06T09:17:31.943-0500 [DEBUG] [org.gradle.cache.internal.DefaultFileLockManager] Waiting to acquire shared lock on daemon addresses registry.
2021-06-06T09:17:31.943-0500 [DEBUG] [org.gradle.cache.internal.DefaultFileLockManager] Lock acquired on daemon addresses registry.
2021-06-06T09:17:31.943-0500 [DEBUG] [org.gradle.cache.internal.DefaultFileLockManager] Releasing lock on daemon addresses registry.
2021-06-06T09:17:31.945-0500 [DEBUG] [org.gradle.cache.internal.DefaultFileLockManager] Waiting to acquire shared lock on daemon addresses registry.
2021-06-06T09:17:31.945-0500 [DEBUG] [org.gradle.cache.internal.DefaultFileLockManager] Lock acquired on daemon addresses registry.
2021-06-06T09:17:31.946-0500 [DEBUG] [org.gradle.cache.internal.DefaultFileLockManager] Releasing lock on daemon addresses registry.
2021-06-06T09:17:36.454-0500 [DEBUG] [org.gradle.cache.internal.btree.BTreePersistentIndexedCache] Opening cache resourceHashesCache.bin (C:\Users\gathi\.gradle\caches\6.8.3\fileHashes\resourceHashesCache.bin)
2021-06-06T09:17:41.943-0500 [DEBUG] [org.gradle.cache.internal.DefaultFileLockManager] Waiting to acquire shared lock on daemon addresses registry.
2021-06-06T09:17:41.944-0500 [DEBUG] [org.gradle.cache.internal.DefaultFileLockManager] Lock acquired on daemon addresses registry.
2021-06-06T09:17:41.944-0500 [DEBUG] [org.gradle.cache.internal.DefaultFileLockManager] Releasing lock on daemon addresses registry.
2021-06-06T09:17:41.946-0500 [DEBUG] [org.gradle.cache.internal.DefaultFileLockManager] Waiting to acquire shared lock on daemon addresses registry.
2021-06-06T09:17:41.946-0500 [DEBUG] [org.gradle.cache.internal.DefaultFileLockManager] Lock acquired on daemon addresses registry.
2021-06-06T09:17:41.947-0500 [DEBUG] [org.gradle.cache.internal.DefaultFileLockManager] Releasing lock on daemon addresses registry.
2021-06-06T09:17:42.319-0500 [DEBUG] [org.gradle.internal.operations.DefaultBuildOperationRunner] Build operation 'Compile build file 'build.gradle' (BODY)' started
2021-06-06T09:17:22.995-0500 [LIFECYCLE] [org.gradle.internal.logging.progress.ProgressLoggerFactory] 
2021-06-06T09:17:22.995-0500 [LIFECYCLE] [org.gradle.internal.logging.progress.ProgressLoggerFactory] > Configure project :
2021-06-06T09:17:42.317-0500 [DEBUG] [org.gradle.cache.internal.DefaultFileLockManager] Waiting to acquire shared lock on proj generic class cache for build file 'C:\Users\gathi\AndroidStudioProjects\ComposeDemo\build.gradle' (C:\Users\gathi\.gradle\caches\6.8.3\scripts\6k5yckghn05f99u11t592scb7).
2021-06-06T09:17:42.317-0500 [DEBUG] [org.gradle.cache.internal.DefaultFileLockManager] Lock acquired on proj generic class cache for build file 'C:\Users\gathi\AndroidStudioProjects\ComposeDemo\build.gradle' (C:\Users\gathi\.gradle\caches\6.8.3\scripts\6k5yckghn05f99u11t592scb7).
2021-06-06T09:17:42.318-0500 [DEBUG] [org.gradle.cache.internal.DefaultFileLockManager] Releasing lock on proj generic class cache for build file 'C:\Users\gathi\AndroidStudioProjects\ComposeDemo\build.gradle' (C:\Users\gathi\.gradle\caches\6.8.3\scripts\6k5yckghn05f99u11t592scb7).
2021-06-06T09:17:42.318-0500 [DEBUG] [org.gradle.cache.internal.DefaultFileLockManager] Waiting to acquire exclusive lock on proj generic class cache for build file 'C:\Users\gathi\AndroidStudioProjects\ComposeDemo\build.gradle' (C:\Users\gathi\.gradle\caches\6.8.3\scripts\6k5yckghn05f99u11t592scb7).
2021-06-06T09:17:42.319-0500 [DEBUG] [org.gradle.cache.internal.DefaultFileLockManager] Lock acquired on proj generic class cache for build file 'C:\Users\gathi\AndroidStudioProjects\ComposeDemo\build.gradle' (C:\Users\gathi\.gradle\caches\6.8.3\scripts\6k5yckghn05f99u11t592scb7).
2021-06-06T09:17:42.320-0500 [INFO] [org.gradle.groovy.scripts.internal.DefaultScriptCompilationHandler] Compiling build file 'C:\Users\gathi\AndroidStudioProjects\ComposeDemo\build.gradle' using BuildScriptTransformer.
2021-06-06T09:17:42.413-0500 [DEBUG] [org.gradle.groovy.scripts.internal.DefaultScriptCompilationHandler] Timing: Writing script to cache at C:\Users\gathi\.gradle\caches\6.8.3\scripts\6k5yckghn05f99u11t592scb7\proj took: 0.093 secs
2021-06-06T09:17:42.413-0500 [LIFECYCLE] [org.gradle.internal.operations.DefaultBuildOperationRunner] 
2021-06-06T09:17:42.413-0500 [DEBUG] [org.gradle.internal.operations.DefaultBuildOperationRunner] Completing Build operation 'Compile build file 'build.gradle' (BODY)'
2021-06-06T09:17:42.437-0500 [DEBUG] [org.gradle.internal.operations.DefaultBuildOperationRunner] Build operation 'Realize task :clean' started
2021-06-06T09:17:42.468-0500 [DEBUG] [org.gradle.internal.operations.DefaultBuildOperationRunner] Completing Build operation 'Realize task :clean'
2021-06-06T09:17:42.501-0500 [DEBUG] [org.gradle.internal.operations.DefaultBuildOperationRunner] Completing Build operation 'Apply build file 'build.gradle' to root project 'Compose Demo''
2021-06-06T09:17:42.503-0500 [DEBUG] [org.gradle.internal.operations.DefaultBuildOperationRunner] Build operation 'Notify afterEvaluate listeners of :' started
2021-06-06T09:17:42.505-0500 [DEBUG] [org.gradle.internal.operations.DefaultBuildOperationRunner] Completing Build operation 'Notify afterEvaluate listeners of :'
2021-06-06T09:17:42.385-0500 [LIFECYCLE] [org.gradle.internal.logging.progress.ProgressLoggerFactory] 
2021-06-06T09:17:42.385-0500 [LIFECYCLE] [org.gradle.internal.logging.progress.ProgressLoggerFactory] > Configure project :
2021-06-06T09:17:42.413-0500 [DEBUG] [org.gradle.internal.operations.DefaultBuildOperationRunner] Build operation 'Compile build file 'build.gradle' (BODY)' completed
2021-06-06T09:17:42.414-0500 [DEBUG] [org.gradle.cache.internal.DefaultFileLockManager] Releasing lock on proj generic class cache for build file 'C:\Users\gathi\AndroidStudioProjects\ComposeDemo\build.gradle' (C:\Users\gathi\.gradle\caches\6.8.3\scripts\6k5yckghn05f99u11t592scb7).
2021-06-06T09:17:42.416-0500 [DEBUG] [org.gradle.cache.internal.DefaultFileLockManager] Waiting to acquire shared lock on proj generic class cache for build file 'C:\Users\gathi\AndroidStudioProjects\ComposeDemo\build.gradle' (C:\Users\gathi\.gradle\caches\6.8.3\scripts\6k5yckghn05f99u11t592scb7).
2021-06-06T09:17:42.416-0500 [DEBUG] [org.gradle.cache.internal.DefaultFileLockManager] Lock acquired on proj generic class cache for build file 'C:\Users\gathi\AndroidStudioProjects\ComposeDemo\build.gradle' (C:\Users\gathi\.gradle\caches\6.8.3\scripts\6k5yckghn05f99u11t592scb7).
2021-06-06T09:17:42.428-0500 [DEBUG] [org.gradle.cache.internal.DefaultFileLockManager] Releasing lock on proj generic class cache for build file 'C:\Users\gathi\AndroidStudioProjects\ComposeDemo\build.gradle' (C:\Users\gathi\.gradle\caches\6.8.3\scripts\6k5yckghn05f99u11t592scb7).
2021-06-06T09:17:42.468-0500 [DEBUG] [org.gradle.internal.operations.DefaultBuildOperationRunner] Build operation 'Realize task :clean' completed
2021-06-06T09:17:42.501-0500 [DEBUG] [org.gradle.internal.operations.DefaultBuildOperationRunner] Build operation 'Apply build file 'build.gradle' to root project 'Compose Demo'' completed
2021-06-06T09:17:42.502-0500 [DEBUG] [org.gradle.configuration.project.BuildScriptProcessor] Timing: Running the build script took 36.304 secs
2021-06-06T09:17:42.505-0500 [DEBUG] [org.gradle.internal.operations.DefaultBuildOperationRunner] Build operation 'Notify afterEvaluate listeners of :' completed
2021-06-06T09:17:42.506-0500 [DEBUG] [org.gradle.internal.resources.AbstractTrackedResourceLock] Daemon worker: released lock on :
2021-06-06T09:17:42.506-0500 [DEBUG] [org.gradle.internal.operations.DefaultBuildOperationRunner] Completing Build operation 'Configure project :'
2021-06-06T09:17:42.507-0500 [DEBUG] [org.gradle.internal.operations.DefaultBuildOperationRunner] Build operation 'Configure project :' completed
2021-06-06T09:17:42.507-0500 [DEBUG] [org.gradle.internal.operations.DefaultBuildOperationRunner] Build operation 'Configure project :app' started
2021-06-06T09:17:42.507-0500 [DEBUG] [org.gradle.internal.operations.DefaultBuildOperationRunner] Build operation 'Notify beforeEvaluate listeners of :app' started
2021-06-06T09:17:42.507-0500 [DEBUG] [org.gradle.internal.operations.DefaultBuildOperationRunner] Completing Build operation 'Notify beforeEvaluate listeners of :app'
2021-06-06T09:17:42.508-0500 [DEBUG] [org.gradle.internal.operations.DefaultBuildOperationRunner] Build operation 'Apply plugin org.gradle.help-tasks to project ':app'' started
2021-06-06T09:17:42.508-0500 [DEBUG] [org.gradle.internal.operations.DefaultBuildOperationRunner] Build operation 'Register task :app:help' started
2021-06-06T09:17:42.509-0500 [DEBUG] [org.gradle.internal.operations.DefaultBuildOperationRunner] Completing Build operation 'Register task :app:help'
2021-06-06T09:17:42.509-0500 [DEBUG] [org.gradle.internal.operations.DefaultBuildOperationRunner] Build operation 'Register task :app:projects' started
2021-06-06T09:17:42.509-0500 [DEBUG] [org.gradle.internal.operations.DefaultBuildOperationRunner] Completing Build operation 'Register task :app:projects'
2021-06-06T09:17:42.509-0500 [DEBUG] [org.gradle.internal.operations.DefaultBuildOperationRunner] Build operation 'Register task :app:tasks' started
2021-06-06T09:17:42.509-0500 [DEBUG] [org.gradle.internal.operations.DefaultBuildOperationRunner] Completing Build operation 'Register task :app:tasks'
2021-06-06T09:17:42.509-0500 [DEBUG] [org.gradle.internal.operations.DefaultBuildOperationRunner] Build operation 'Register task :app:properties' started
2021-06-06T09:17:42.510-0500 [DEBUG] [org.gradle.internal.operations.DefaultBuildOperationRunner] Completing Build operation 'Register task :app:properties'
2021-06-06T09:17:42.510-0500 [DEBUG] [org.gradle.internal.operations.DefaultBuildOperationRunner] Build operation 'Register task :app:dependencyInsight' started
2021-06-06T09:17:42.510-0500 [DEBUG] [org.gradle.internal.operations.DefaultBuildOperationRunner] Completing Build operation 'Register task :app:dependencyInsight'
2021-06-06T09:17:42.510-0500 [DEBUG] [org.gradle.internal.operations.DefaultBuildOperationRunner] Build operation 'Register task :app:dependencies' started
2021-06-06T09:17:42.510-0500 [DEBUG] [org.gradle.internal.operations.DefaultBuildOperationRunner] Completing Build operation 'Register task :app:dependencies'
2021-06-06T09:17:42.510-0500 [DEBUG] [org.gradle.internal.operations.DefaultBuildOperationRunner] Build operation 'Register task :app:buildEnvironment' started
2021-06-06T09:17:42.510-0500 [DEBUG] [org.gradle.internal.operations.DefaultBuildOperationRunner] Completing Build operation 'Register task :app:buildEnvironment'
2021-06-06T09:17:42.510-0500 [DEBUG] [org.gradle.internal.operations.DefaultBuildOperationRunner] Build operation 'Register task :app:components' started
2021-06-06T09:17:42.510-0500 [DEBUG] [org.gradle.internal.operations.DefaultBuildOperationRunner] Completing Build operation 'Register task :app:components'
2021-06-06T09:17:42.510-0500 [DEBUG] [org.gradle.internal.operations.DefaultBuildOperationRunner] Build operation 'Register task :app:model' started
2021-06-06T09:17:42.510-0500 [DEBUG] [org.gradle.internal.operations.DefaultBuildOperationRunner] Completing Build operation 'Register task :app:model'
2021-06-06T09:17:42.511-0500 [DEBUG] [org.gradle.internal.operations.DefaultBuildOperationRunner] Build operation 'Register task :app:dependentComponents' started
2021-06-06T09:17:42.511-0500 [DEBUG] [org.gradle.internal.operations.DefaultBuildOperationRunner] Completing Build operation 'Register task :app:dependentComponents'
2021-06-06T09:17:42.511-0500 [DEBUG] [org.gradle.internal.operations.DefaultBuildOperationRunner] Build operation 'Register task :app:outgoingVariants' started
2021-06-06T09:17:42.511-0500 [DEBUG] [org.gradle.internal.operations.DefaultBuildOperationRunner] Completing Build operation 'Register task :app:outgoingVariants'
2021-06-06T09:17:42.511-0500 [DEBUG] [org.gradle.internal.operations.DefaultBuildOperationRunner] Completing Build operation 'Apply plugin org.gradle.help-tasks to project ':app''
2021-06-06T09:17:42.511-0500 [DEBUG] [org.gradle.internal.operations.DefaultBuildOperationRunner] Build operation 'Register task :app:javaToolchains' started
2021-06-06T09:17:42.511-0500 [DEBUG] [org.gradle.internal.operations.DefaultBuildOperationRunner] Completing Build operation 'Register task :app:javaToolchains'
2021-06-06T09:17:42.511-0500 [DEBUG] [org.gradle.internal.operations.DefaultBuildOperationRunner] Build operation 'Apply plugin org.gradle.build-init to project ':app'' started
2021-06-06T09:17:42.512-0500 [DEBUG] [org.gradle.internal.operations.DefaultBuildOperationRunner] Completing Build operation 'Apply plugin org.gradle.build-init to project ':app''
2021-06-06T09:17:42.512-0500 [DEBUG] [org.gradle.internal.operations.DefaultBuildOperationRunner] Build operation 'Apply plugin org.gradle.wrapper to project ':app'' started
2021-06-06T09:17:42.512-0500 [DEBUG] [org.gradle.internal.operations.DefaultBuildOperationRunner] Completing Build operation 'Apply plugin org.gradle.wrapper to project ':app''
2021-06-06T09:17:42.515-0500 [DEBUG] [org.gradle.internal.operations.DefaultBuildOperationRunner] Build operation 'Apply build file 'app\build.gradle' to project ':app'' started
2021-06-06T09:17:42.522-0500 [DEBUG] [org.gradle.internal.operations.DefaultBuildOperationRunner] Build operation 'Compile build file 'app\build.gradle' (CLASSPATH)' started
2021-06-06T09:17:42.559-0500 [DEBUG] [org.gradle.internal.operations.DefaultBuildOperationRunner] Completing Build operation 'Compile build file 'app\build.gradle' (CLASSPATH)'
2021-06-06T09:17:42.612-0500 [DEBUG] [org.gradle.internal.operations.DefaultBuildOperationRunner] Build operation 'Apply plugin com.android.application to project ':app'' started
2021-06-06T09:17:42.637-0500 [DEBUG] [org.gradle.internal.operations.DefaultBuildOperationRunner] Build operation 'Apply plugin com.android.internal.version-check to project ':app'' started
2021-06-06T09:17:42.669-0500 [DEBUG] [org.gradle.internal.operations.DefaultBuildOperationRunner] Completing Build operation 'Apply plugin com.android.internal.version-check to project ':app''
2021-06-06T09:17:42.675-0500 [DEBUG] [org.gradle.internal.operations.DefaultBuildOperationRunner] Build operation 'Apply plugin com.android.internal.application to project ':app'' started
2021-06-06T09:17:43.232-0500 [DEBUG] [org.gradle.internal.operations.DefaultBuildOperationRunner] Build operation 'Apply plugin com.android.build.gradle.api.AndroidBasePlugin to project ':app'' started
2021-06-06T09:17:43.233-0500 [DEBUG] [org.gradle.internal.operations.DefaultBuildOperationRunner] Completing Build operation 'Apply plugin com.android.build.gradle.api.AndroidBasePlugin to project ':app''
2021-06-06T09:17:43.359-0500 [DEBUG] [org.gradle.internal.operations.DefaultBuildOperationRunner] Build operation 'Apply plugin org.gradle.api.plugins.JavaBasePlugin to project ':app'' started
2021-06-06T09:17:43.387-0500 [DEBUG] [org.gradle.internal.operations.DefaultBuildOperationRunner] Build operation 'Apply plugin org.gradle.api.plugins.BasePlugin to project ':app'' started
2021-06-06T09:17:43.391-0500 [DEBUG] [org.gradle.internal.operations.DefaultBuildOperationRunner] Build operation 'Apply plugin org.gradle.language.base.plugins.LifecycleBasePlugin to project ':app'' started
2021-06-06T09:17:43.394-0500 [DEBUG] [org.gradle.internal.operations.DefaultBuildOperationRunner] Build operation 'Register task :app:clean' started
2021-06-06T09:17:43.394-0500 [DEBUG] [org.gradle.internal.operations.DefaultBuildOperationRunner] Completing Build operation 'Register task :app:clean'
2021-06-06T09:17:43.396-0500 [DEBUG] [org.gradle.internal.operations.DefaultBuildOperationRunner] Build operation 'Register task :app:assemble' started
2021-06-06T09:17:43.396-0500 [DEBUG] [org.gradle.internal.operations.DefaultBuildOperationRunner] Completing Build operation 'Register task :app:assemble'
2021-06-06T09:17:43.396-0500 [DEBUG] [org.gradle.internal.operations.DefaultBuildOperationRunner] Build operation 'Register task :app:check' started
2021-06-06T09:17:43.397-0500 [DEBUG] [org.gradle.internal.operations.DefaultBuildOperationRunner] Completing Build operation 'Register task :app:check'
2021-06-06T09:17:43.397-0500 [DEBUG] [org.gradle.internal.operations.DefaultBuildOperationRunner] Build operation 'Register task :app:build' started
2021-06-06T09:17:43.397-0500 [DEBUG] [org.gradle.internal.operations.DefaultBuildOperationRunner] Completing Build operation 'Register task :app:build'
2021-06-06T09:17:43.397-0500 [DEBUG] [org.gradle.internal.operations.DefaultBuildOperationRunner] Completing Build operation 'Apply plugin org.gradle.language.base.plugins.LifecycleBasePlugin to project ':app''
2021-06-06T09:17:43.409-0500 [DEBUG] [org.gradle.internal.operations.DefaultBuildOperationRunner] Build operation 'Execute container callback action' started
2021-06-06T09:17:43.410-0500 [DEBUG] [org.gradle.internal.operations.DefaultBuildOperationRunner] Completing Build operation 'Execute container callback action'
2021-06-06T09:17:43.410-0500 [DEBUG] [org.gradle.internal.operations.DefaultBuildOperationRunner] Build operation 'Execute container callback action' started
2021-06-06T09:17:43.410-0500 [DEBUG] [org.gradle.internal.operations.DefaultBuildOperationRunner] Completing Build operation 'Execute container callback action'
2021-06-06T09:17:43.412-0500 [DEBUG] [org.gradle.internal.operations.DefaultBuildOperationRunner] Build operation 'Execute container callback action' started
2021-06-06T09:17:43.412-0500 [DEBUG] [org.gradle.internal.operations.DefaultBuildOperationRunner] Completing Build operation 'Execute container callback action'
2021-06-06T09:17:43.412-0500 [DEBUG] [org.gradle.internal.operations.DefaultBuildOperationRunner] Build operation 'Execute container callback action' started
2021-06-06T09:17:43.413-0500 [DEBUG] [org.gradle.internal.operations.DefaultBuildOperationRunner] Completing Build operation 'Execute container callback action'
2021-06-06T09:17:43.413-0500 [DEBUG] [org.gradle.internal.operations.DefaultBuildOperationRunner] Completing Build operation 'Apply plugin org.gradle.api.plugins.BasePlugin to project ':app''
2021-06-06T09:17:43.414-0500 [DEBUG] [org.gradle.internal.operations.DefaultBuildOperationRunner] Build operation 'Apply plugin org.gradle.api.plugins.JvmEcosystemPlugin to project ':app'' started
2021-06-06T09:17:43.428-0500 [DEBUG] [org.gradle.internal.operations.DefaultBuildOperationRunner] Completing Build operation 'Apply plugin org.gradle.api.plugins.JvmEcosystemPlugin to project ':app''
2021-06-06T09:17:43.429-0500 [DEBUG] [org.gradle.internal.operations.DefaultBuildOperationRunner] Build operation 'Apply plugin org.gradle.api.plugins.ReportingBasePlugin to project ':app'' started
2021-06-06T09:17:43.431-0500 [DEBUG] [org.gradle.internal.operations.DefaultBuildOperationRunner] Completing Build operation 'Apply plugin org.gradle.api.plugins.ReportingBasePlugin to project ':app''
2021-06-06T09:17:43.549-0500 [DEBUG] [org.gradle.internal.operations.DefaultBuildOperationRunner] Build operation 'Register task :app:buildNeeded' started
2021-06-06T09:17:43.549-0500 [DEBUG] [org.gradle.internal.operations.DefaultBuildOperationRunner] Completing Build operation 'Register task :app:buildNeeded'
2021-06-06T09:17:43.550-0500 [DEBUG] [org.gradle.internal.operations.DefaultBuildOperationRunner] Build operation 'Register task :app:buildDependents' started
2021-06-06T09:17:43.550-0500 [DEBUG] [org.gradle.internal.operations.DefaultBuildOperationRunner] Completing Build operation 'Register task :app:buildDependents'
2021-06-06T09:17:43.550-0500 [DEBUG] [org.gradle.internal.operations.DefaultBuildOperationRunner] Completing Build operation 'Apply plugin org.gradle.api.plugins.JavaBasePlugin to project ':app''
2021-06-06T09:17:43.563-0500 [DEBUG] [org.gradle.internal.operations.DefaultBuildOperationRunner] Build operation 'Execute container callback action' started
2021-06-06T09:17:43.563-0500 [DEBUG] [org.gradle.internal.operations.DefaultBuildOperationRunner] Completing Build operation 'Execute container callback action'
2021-06-06T09:17:43.563-0500 [DEBUG] [org.gradle.internal.operations.DefaultBuildOperationRunner] Build operation 'Execute container callback action' started
2021-06-06T09:17:43.563-0500 [DEBUG] [org.gradle.internal.operations.DefaultBuildOperationRunner] Completing Build operation 'Execute container callback action'
2021-06-06T09:17:43.746-0500 [DEBUG] [org.gradle.internal.operations.DefaultBuildOperationRunner] Build operation 'Execute container callback action' started
2021-06-06T09:17:43.746-0500 [DEBUG] [org.gradle.internal.operations.DefaultBuildOperationRunner] Completing Build operation 'Execute container callback action'
2021-06-06T09:17:43.747-0500 [DEBUG] [org.gradle.internal.operations.DefaultBuildOperationRunner] Build operation 'Execute container callback action' started
2021-06-06T09:17:43.747-0500 [DEBUG] [org.gradle.internal.operations.DefaultBuildOperationRunner] Completing Build operation 'Execute container callback action'
2021-06-06T09:17:43.748-0500 [DEBUG] [org.gradle.internal.operations.DefaultBuildOperationRunner] Build operation 'Execute container callback action' started
2021-06-06T09:17:43.748-0500 [DEBUG] [org.gradle.internal.operations.DefaultBuildOperationRunner] Completing Build operation 'Execute container callback action'
2021-06-06T09:17:43.748-0500 [DEBUG] [org.gradle.internal.operations.DefaultBuildOperationRunner] Build operation 'Execute container callback action' started
2021-06-06T09:17:43.748-0500 [DEBUG] [org.gradle.internal.operations.DefaultBuildOperationRunner] Completing Build operation 'Execute container callback action'
2021-06-06T09:17:43.748-0500 [DEBUG] [org.gradle.internal.operations.DefaultBuildOperationRunner] Build operation 'Execute container callback action' started
2021-06-06T09:17:43.748-0500 [DEBUG] [org.gradle.internal.operations.DefaultBuildOperationRunner] Completing Build operation 'Execute container callback action'
2021-06-06T09:17:43.748-0500 [DEBUG] [org.gradle.internal.operations.DefaultBuildOperationRunner] Build operation 'Execute container callback action' started
2021-06-06T09:17:43.748-0500 [DEBUG] [org.gradle.internal.operations.DefaultBuildOperationRunner] Completing Build operation 'Execute container callback action'
2021-06-06T09:17:43.749-0500 [DEBUG] [org.gradle.internal.operations.DefaultBuildOperationRunner] Build operation 'Execute container callback action' started
2021-06-06T09:17:43.749-0500 [DEBUG] [org.gradle.internal.operations.DefaultBuildOperationRunner] Completing Build operation 'Execute container callback action'
2021-06-06T09:17:43.749-0500 [DEBUG] [org.gradle.internal.operations.DefaultBuildOperationRunner] Build operation 'Execute container callback action' started
2021-06-06T09:17:43.749-0500 [DEBUG] [org.gradle.internal.operations.DefaultBuildOperationRunner] Completing Build operation 'Execute container callback action'
2021-06-06T09:17:43.749-0500 [DEBUG] [org.gradle.internal.operations.DefaultBuildOperationRunner] Build operation 'Execute container callback action' started
2021-06-06T09:17:43.750-0500 [DEBUG] [org.gradle.internal.operations.DefaultBuildOperationRunner] Completing Build operation 'Execute container callback action'
2021-06-06T09:17:43.750-0500 [DEBUG] [org.gradle.internal.operations.DefaultBuildOperationRunner] Build operation 'Execute container callback action' started
2021-06-06T09:17:43.750-0500 [DEBUG] [org.gradle.internal.operations.DefaultBuildOperationRunner] Completing Build operation 'Execute container callback action'
2021-06-06T09:17:43.750-0500 [DEBUG] [org.gradle.internal.operations.DefaultBuildOperationRunner] Build operation 'Execute container callback action' started
2021-06-06T09:17:43.750-0500 [DEBUG] [org.gradle.internal.operations.DefaultBuildOperationRunner] Completing Build operation 'Execute container callback action'
2021-06-06T09:17:43.750-0500 [DEBUG] [org.gradle.internal.operations.DefaultBuildOperationRunner] Build operation 'Execute container callback action' started
2021-06-06T09:17:43.750-0500 [DEBUG] [org.gradle.internal.operations.DefaultBuildOperationRunner] Completing Build operation 'Execute container callback action'
2021-06-06T09:17:43.751-0500 [DEBUG] [org.gradle.internal.operations.DefaultBuildOperationRunner] Build operation 'Execute container callback action' started
2021-06-06T09:17:43.751-0500 [DEBUG] [org.gradle.internal.operations.DefaultBuildOperationRunner] Completing Build operation 'Execute container callback action'
2021-06-06T09:17:43.751-0500 [DEBUG] [org.gradle.internal.operations.DefaultBuildOperationRunner] Build operation 'Execute container callback action' started
2021-06-06T09:17:43.751-0500 [DEBUG] [org.gradle.internal.operations.DefaultBuildOperationRunner] Completing Build operation 'Execute container callback action'
2021-06-06T09:17:43.752-0500 [DEBUG] [org.gradle.internal.operations.DefaultBuildOperationRunner] Build operation 'Execute container callback action' started
2021-06-06T09:17:43.752-0500 [DEBUG] [org.gradle.internal.operations.DefaultBuildOperationRunner] Completing Build operation 'Execute container callback action'
2021-06-06T09:17:43.752-0500 [DEBUG] [org.gradle.internal.operations.DefaultBuildOperationRunner] Build operation 'Execute container callback action' started
2021-06-06T09:17:43.752-0500 [DEBUG] [org.gradle.internal.operations.DefaultBuildOperationRunner] Completing Build operation 'Execute container callback action'
2021-06-06T09:17:43.753-0500 [DEBUG] [org.gradle.internal.operations.DefaultBuildOperationRunner] Build operation 'Execute container callback action' started
2021-06-06T09:17:43.753-0500 [DEBUG] [org.gradle.internal.operations.DefaultBuildOperationRunner] Completing Build operation 'Execute container callback action'
2021-06-06T09:17:43.753-0500 [DEBUG] [org.gradle.internal.operations.DefaultBuildOperationRunner] Build operation 'Execute container callback action' started
2021-06-06T09:17:43.753-0500 [DEBUG] [org.gradle.internal.operations.DefaultBuildOperationRunner] Completing Build operation 'Execute container callback action'
2021-06-06T09:17:43.755-0500 [DEBUG] [org.gradle.internal.operations.DefaultBuildOperationRunner] Build operation 'Execute container callback action' started
2021-06-06T09:17:43.755-0500 [DEBUG] [org.gradle.internal.operations.DefaultBuildOperationRunner] Completing Build operation 'Execute container callback action'
2021-06-06T09:17:43.755-0500 [DEBUG] [org.gradle.internal.operations.DefaultBuildOperationRunner] Build operation 'Execute container callback action' started
2021-06-06T09:17:43.755-0500 [DEBUG] [org.gradle.internal.operations.DefaultBuildOperationRunner] Completing Build operation 'Execute container callback action'
2021-06-06T09:17:43.756-0500 [DEBUG] [org.gradle.internal.operations.DefaultBuildOperationRunner] Build operation 'Execute container callback action' started
2021-06-06T09:17:43.756-0500 [DEBUG] [org.gradle.internal.operations.DefaultBuildOperationRunner] Completing Build operation 'Execute container callback action'
2021-06-06T09:17:43.756-0500 [DEBUG] [org.gradle.internal.operations.DefaultBuildOperationRunner] Build operation 'Execute container callback action' started
2021-06-06T09:17:43.756-0500 [DEBUG] [org.gradle.internal.operations.DefaultBuildOperationRunner] Completing Build operation 'Execute container callback action'
2021-06-06T09:17:43.756-0500 [DEBUG] [org.gradle.internal.operations.DefaultBuildOperationRunner] Build operation 'Execute container callback action' started
2021-06-06T09:17:43.756-0500 [DEBUG] [org.gradle.internal.operations.DefaultBuildOperationRunner] Completing Build operation 'Execute container callback action'
2021-06-06T09:17:43.756-0500 [DEBUG] [org.gradle.internal.operations.DefaultBuildOperationRunner] Build operation 'Execute container callback action' started
2021-06-06T09:17:43.757-0500 [DEBUG] [org.gradle.internal.operations.DefaultBuildOperationRunner] Completing Build operation 'Execute container callback action'
2021-06-06T09:17:43.757-0500 [DEBUG] [org.gradle.internal.operations.DefaultBuildOperationRunner] Build operation 'Execute container callback action' started
2021-06-06T09:17:43.757-0500 [DEBUG] [org.gradle.internal.operations.DefaultBuildOperationRunner] Completing Build operation 'Execute container callback action'
2021-06-06T09:17:43.757-0500 [DEBUG] [org.gradle.internal.operations.DefaultBuildOperationRunner] Build operation 'Execute container callback action' started
2021-06-06T09:17:43.758-0500 [DEBUG] [org.gradle.internal.operations.DefaultBuildOperationRunner] Completing Build operation 'Execute container callback action'
2021-06-06T09:17:43.758-0500 [DEBUG] [org.gradle.internal.operations.DefaultBuildOperationRunner] Build operation 'Execute container callback action' started
2021-06-06T09:17:43.758-0500 [DEBUG] [org.gradle.internal.operations.DefaultBuildOperationRunner] Completing Build operation 'Execute container callback action'
2021-06-06T09:17:43.758-0500 [DEBUG] [org.gradle.internal.operations.DefaultBuildOperationRunner] Build operation 'Execute container callback action' started
2021-06-06T09:17:43.758-0500 [DEBUG] [org.gradle.internal.operations.DefaultBuildOperationRunner] Completing Build operation 'Execute container callback action'
2021-06-06T09:17:43.759-0500 [DEBUG] [org.gradle.internal.operations.DefaultBuildOperationRunner] Build operation 'Execute container callback action' started
2021-06-06T09:17:43.759-0500 [DEBUG] [org.gradle.internal.operations.DefaultBuildOperationRunner] Completing Build operation 'Execute container callback action'
2021-06-06T09:17:43.759-0500 [DEBUG] [org.gradle.internal.operations.DefaultBuildOperationRunner] Build operation 'Execute container callback action' started
2021-06-06T09:17:43.759-0500 [DEBUG] [org.gradle.internal.operations.DefaultBuildOperationRunner] Completing Build operation 'Execute container callback action'
2021-06-06T09:17:43.760-0500 [DEBUG] [org.gradle.internal.operations.DefaultBuildOperationRunner] Build operation 'Execute container callback action' started
2021-06-06T09:17:43.760-0500 [DEBUG] [org.gradle.internal.operations.DefaultBuildOperationRunner] Completing Build operation 'Execute container callback action'
2021-06-06T09:17:43.760-0500 [DEBUG] [org.gradle.internal.operations.DefaultBuildOperationRunner] Build operation 'Execute container callback action' started
2021-06-06T09:17:43.760-0500 [DEBUG] [org.gradle.internal.operations.DefaultBuildOperationRunner] Completing Build operation 'Execute container callback action'
2021-06-06T09:17:43.761-0500 [DEBUG] [org.gradle.internal.operations.DefaultBuildOperationRunner] Build operation 'Execute container callback action' started
2021-06-06T09:17:43.761-0500 [DEBUG] [org.gradle.internal.operations.DefaultBuildOperationRunner] Completing Build operation 'Execute container callback action'
2021-06-06T09:17:43.761-0500 [DEBUG] [org.gradle.internal.operations.DefaultBuildOperationRunner] Build operation 'Execute container callback action' started
2021-06-06T09:17:43.761-0500 [DEBUG] [org.gradle.internal.operations.DefaultBuildOperationRunner] Completing Build operation 'Execute container callback action'
2021-06-06T09:17:43.761-0500 [DEBUG] [org.gradle.internal.operations.DefaultBuildOperationRunner] Build operation 'Execute container callback action' started
2021-06-06T09:17:43.761-0500 [DEBUG] [org.gradle.internal.operations.DefaultBuildOperationRunner] Completing Build operation 'Execute container callback action'
2021-06-06T09:17:43.762-0500 [DEBUG] [org.gradle.internal.operations.DefaultBuildOperationRunner] Build operation 'Execute container callback action' started
2021-06-06T09:17:43.762-0500 [DEBUG] [org.gradle.internal.operations.DefaultBuildOperationRunner] Completing Build operation 'Execute container callback action'
2021-06-06T09:17:43.763-0500 [DEBUG] [org.gradle.internal.operations.DefaultBuildOperationRunner] Build operation 'Execute container callback action' started
2021-06-06T09:17:43.764-0500 [DEBUG] [org.gradle.internal.operations.DefaultBuildOperationRunner] Completing Build operation 'Execute container callback action'
2021-06-06T09:17:43.764-0500 [DEBUG] [org.gradle.internal.operations.DefaultBuildOperationRunner] Build operation 'Execute container callback action' started
2021-06-06T09:17:43.764-0500 [DEBUG] [org.gradle.internal.operations.DefaultBuildOperationRunner] Completing Build operation 'Execute container callback action'
2021-06-06T09:17:43.764-0500 [DEBUG] [org.gradle.internal.operations.DefaultBuildOperationRunner] Build operation 'Execute container callback action' started
2021-06-06T09:17:43.764-0500 [DEBUG] [org.gradle.internal.operations.DefaultBuildOperationRunner] Completing Build operation 'Execute container callback action'
2021-06-06T09:17:43.764-0500 [DEBUG] [org.gradle.internal.operations.DefaultBuildOperationRunner] Build operation 'Execute container callback action' started
2021-06-06T09:17:43.764-0500 [DEBUG] [org.gradle.internal.operations.DefaultBuildOperationRunner] Completing Build operation 'Execute container callback action'
2021-06-06T09:17:43.765-0500 [DEBUG] [org.gradle.internal.operations.DefaultBuildOperationRunner] Build operation 'Execute container callback action' started
2021-06-06T09:17:43.765-0500 [DEBUG] [org.gradle.internal.operations.DefaultBuildOperationRunner] Completing Build operation 'Execute container callback action'
2021-06-06T09:17:43.765-0500 [DEBUG] [org.gradle.internal.operations.DefaultBuildOperationRunner] Build operation 'Execute container callback action' started
2021-06-06T09:17:43.765-0500 [DEBUG] [org.gradle.internal.operations.DefaultBuildOperationRunner] Completing Build operation 'Execute container callback action'
2021-06-06T09:17:43.765-0500 [DEBUG] [org.gradle.internal.operations.DefaultBuildOperationRunner] Build operation 'Execute container callback action' started
2021-06-06T09:17:43.766-0500 [DEBUG] [org.gradle.internal.operations.DefaultBuildOperationRunner] Completing Build operation 'Execute container callback action'
2021-06-06T09:17:43.766-0500 [DEBUG] [org.gradle.internal.operations.DefaultBuildOperationRunner] Build operation 'Execute container callback action' started
2021-06-06T09:17:43.766-0500 [DEBUG] [org.gradle.internal.operations.DefaultBuildOperationRunner] Completing Build operation 'Execute container callback action'
2021-06-06T09:17:43.766-0500 [DEBUG] [org.gradle.internal.operations.DefaultBuildOperationRunner] Build operation 'Execute container callback action' started
2021-06-06T09:17:43.766-0500 [DEBUG] [org.gradle.internal.operations.DefaultBuildOperationRunner] Completing Build operation 'Execute container callback action'
2021-06-06T09:17:43.767-0500 [DEBUG] [org.gradle.internal.operations.DefaultBuildOperationRunner] Build operation 'Execute container callback action' started
2021-06-06T09:17:43.767-0500 [DEBUG] [org.gradle.internal.operations.DefaultBuildOperationRunner] Completing Build operation 'Execute container callback action'
2021-06-06T09:17:43.767-0500 [DEBUG] [org.gradle.internal.operations.DefaultBuildOperationRunner] Build operation 'Execute container callback action' started
2021-06-06T09:17:43.767-0500 [DEBUG] [org.gradle.internal.operations.DefaultBuildOperationRunner] Completing Build operation 'Execute container callback action'
2021-06-06T09:17:43.768-0500 [DEBUG] [org.gradle.internal.operations.DefaultBuildOperationRunner] Build operation 'Execute container callback action' started
2021-06-06T09:17:43.768-0500 [DEBUG] [org.gradle.internal.operations.DefaultBuildOperationRunner] Completing Build operation 'Execute container callback action'
2021-06-06T09:17:43.768-0500 [DEBUG] [org.gradle.internal.operations.DefaultBuildOperationRunner] Build operation 'Execute container callback action' started
2021-06-06T09:17:43.768-0500 [DEBUG] [org.gradle.internal.operations.DefaultBuildOperationRunner] Completing Build operation 'Execute container callback action'
2021-06-06T09:17:43.768-0500 [DEBUG] [org.gradle.internal.operations.DefaultBuildOperationRunner] Build operation 'Execute container callback action' started
2021-06-06T09:17:43.769-0500 [DEBUG] [org.gradle.internal.operations.DefaultBuildOperationRunner] Completing Build operation 'Execute container callback action'
2021-06-06T09:17:43.769-0500 [DEBUG] [org.gradle.internal.operations.DefaultBuildOperationRunner] Build operation 'Execute container callback action' started
2021-06-06T09:17:43.769-0500 [DEBUG] [org.gradle.internal.operations.DefaultBuildOperationRunner] Completing Build operation 'Execute container callback action'
2021-06-06T09:17:43.769-0500 [DEBUG] [org.gradle.internal.operations.DefaultBuildOperationRunner] Build operation 'Execute container callback action' started
2021-06-06T09:17:43.769-0500 [DEBUG] [org.gradle.internal.operations.DefaultBuildOperationRunner] Completing Build operation 'Execute container callback action'
2021-06-06T09:17:43.770-0500 [DEBUG] [org.gradle.internal.operations.DefaultBuildOperationRunner] Build operation 'Execute container callback action' started
2021-06-06T09:17:43.770-0500 [DEBUG] [org.gradle.internal.operations.DefaultBuildOperationRunner] Completing Build operation 'Execute container callback action'
2021-06-06T09:17:43.770-0500 [DEBUG] [org.gradle.internal.operations.DefaultBuildOperationRunner] Build operation 'Execute container callback action' started
2021-06-06T09:17:43.770-0500 [DEBUG] [org.gradle.internal.operations.DefaultBuildOperationRunner] Completing Build operation 'Execute container callback action'
2021-06-06T09:17:43.953-0500 [DEBUG] [org.gradle.internal.operations.DefaultBuildOperationRunner] Build operation 'Execute container callback action' started
2021-06-06T09:17:43.953-0500 [DEBUG] [org.gradle.internal.operations.DefaultBuildOperationRunner] Completing Build operation 'Execute container callback action'
2021-06-06T09:17:43.966-0500 [DEBUG] [org.gradle.internal.operations.DefaultBuildOperationRunner] Build operation 'Execute container callback action' started
2021-06-06T09:17:43.969-0500 [DEBUG] [org.gradle.internal.operations.DefaultBuildOperationRunner] Build operation 'Execute container callback action' started
2021-06-06T09:17:43.969-0500 [DEBUG] [org.gradle.internal.operations.DefaultBuildOperationRunner] Completing Build operation 'Execute container callback action'
2021-06-06T09:17:43.969-0500 [DEBUG] [org.gradle.internal.operations.DefaultBuildOperationRunner] Build operation 'Execute container callback action' started
2021-06-06T09:17:43.969-0500 [DEBUG] [org.gradle.internal.operations.DefaultBuildOperationRunner] Completing Build operation 'Execute container callback action'
2021-06-06T09:17:43.969-0500 [DEBUG] [org.gradle.internal.operations.DefaultBuildOperationRunner] Build operation 'Execute container callback action' started
2021-06-06T09:17:43.969-0500 [DEBUG] [org.gradle.internal.operations.DefaultBuildOperationRunner] Completing Build operation 'Execute container callback action'
2021-06-06T09:17:43.969-0500 [DEBUG] [org.gradle.internal.operations.DefaultBuildOperationRunner] Build operation 'Execute container callback action' started
2021-06-06T09:17:43.969-0500 [DEBUG] [org.gradle.internal.operations.DefaultBuildOperationRunner] Completing Build operation 'Execute container callback action'
2021-06-06T09:17:43.970-0500 [DEBUG] [org.gradle.internal.operations.DefaultBuildOperationRunner] Build operation 'Execute container callback action' started
2021-06-06T09:17:43.970-0500 [DEBUG] [org.gradle.internal.operations.DefaultBuildOperationRunner] Completing Build operation 'Execute container callback action'
2021-06-06T09:17:43.970-0500 [DEBUG] [org.gradle.internal.operations.DefaultBuildOperationRunner] Build operation 'Execute container callback action' started
2021-06-06T09:17:43.970-0500 [DEBUG] [org.gradle.internal.operations.DefaultBuildOperationRunner] Completing Build operation 'Execute container callback action'
2021-06-06T09:17:43.970-0500 [DEBUG] [org.gradle.internal.operations.DefaultBuildOperationRunner] Build operation 'Execute container callback action' started
2021-06-06T09:17:43.970-0500 [DEBUG] [org.gradle.internal.operations.DefaultBuildOperationRunner] Completing Build operation 'Execute container callback action'
2021-06-06T09:17:43.970-0500 [DEBUG] [org.gradle.internal.operations.DefaultBuildOperationRunner] Build operation 'Execute container callback action' started
2021-06-06T09:17:43.970-0500 [DEBUG] [org.gradle.internal.operations.DefaultBuildOperationRunner] Completing Build operation 'Execute container callback action'
2021-06-06T09:17:43.971-0500 [DEBUG] [org.gradle.internal.operations.DefaultBuildOperationRunner] Build operation 'Execute container callback action' started
2021-06-06T09:17:43.971-0500 [DEBUG] [org.gradle.internal.operations.DefaultBuildOperationRunner] Completing Build operation 'Execute container callback action'
2021-06-06T09:17:43.971-0500 [DEBUG] [org.gradle.internal.operations.DefaultBuildOperationRunner] Build operation 'Execute container callback action' started
2021-06-06T09:17:43.971-0500 [DEBUG] [org.gradle.internal.operations.DefaultBuildOperationRunner] Completing Build operation 'Execute container callback action'
2021-06-06T09:17:43.971-0500 [DEBUG] [org.gradle.internal.operations.DefaultBuildOperationRunner] Build operation 'Execute container callback action' started
2021-06-06T09:17:43.971-0500 [DEBUG] [org.gradle.internal.operations.DefaultBuildOperationRunner] Completing Build operation 'Execute container callback action'
2021-06-06T09:17:43.971-0500 [DEBUG] [org.gradle.internal.operations.DefaultBuildOperationRunner] Build operation 'Execute container callback action' started
2021-06-06T09:17:43.972-0500 [DEBUG] [org.gradle.internal.operations.DefaultBuildOperationRunner] Completing Build operation 'Execute container callback action'
2021-06-06T09:17:43.972-0500 [DEBUG] [org.gradle.internal.operations.DefaultBuildOperationRunner] Build operation 'Execute container callback action' started
2021-06-06T09:17:43.972-0500 [DEBUG] [org.gradle.internal.operations.DefaultBuildOperationRunner] Completing Build operation 'Execute container callback action'
2021-06-06T09:17:43.972-0500 [DEBUG] [org.gradle.internal.operations.DefaultBuildOperationRunner] Build operation 'Execute container callback action' started
2021-06-06T09:17:43.972-0500 [DEBUG] [org.gradle.internal.operations.DefaultBuildOperationRunner] Completing Build operation 'Execute container callback action'
2021-06-06T09:17:43.972-0500 [DEBUG] [org.gradle.internal.operations.DefaultBuildOperationRunner] Build operation 'Execute container callback action' started
2021-06-06T09:17:43.972-0500 [DEBUG] [org.gradle.internal.operations.DefaultBuildOperationRunner] Completing Build operation 'Execute container callback action'
2021-06-06T09:17:43.973-0500 [DEBUG] [org.gradle.internal.operations.DefaultBuildOperationRunner] Build operation 'Execute container callback action' started
2021-06-06T09:17:43.973-0500 [DEBUG] [org.gradle.internal.operations.DefaultBuildOperationRunner] Completing Build operation 'Execute container callback action'
2021-06-06T09:17:43.973-0500 [DEBUG] [org.gradle.internal.operations.DefaultBuildOperationRunner] Build operation 'Execute container callback action' started
2021-06-06T09:17:43.973-0500 [DEBUG] [org.gradle.internal.operations.DefaultBuildOperationRunner] Completing Build operation 'Execute container callback action'
2021-06-06T09:17:43.973-0500 [DEBUG] [org.gradle.internal.operations.DefaultBuildOperationRunner] Build operation 'Execute container callback action' started
2021-06-06T09:17:43.973-0500 [DEBUG] [org.gradle.internal.operations.DefaultBuildOperationRunner] Completing Build operation 'Execute container callback action'
2021-06-06T09:17:43.973-0500 [DEBUG] [org.gradle.internal.operations.DefaultBuildOperationRunner] Build operation 'Execute container callback action' started
2021-06-06T09:17:43.974-0500 [DEBUG] [org.gradle.internal.operations.DefaultBuildOperationRunner] Completing Build operation 'Execute container callback action'
2021-06-06T09:17:43.974-0500 [DEBUG] [org.gradle.internal.operations.DefaultBuildOperationRunner] Build operation 'Execute container callback action' started
2021-06-06T09:17:43.974-0500 [DEBUG] [org.gradle.internal.operations.DefaultBuildOperationRunner] Completing Build operation 'Execute container callback action'
2021-06-06T09:17:43.974-0500 [DEBUG] [org.gradle.internal.operations.DefaultBuildOperationRunner] Build operation 'Execute container callback action' started
2021-06-06T09:17:43.974-0500 [DEBUG] [org.gradle.internal.operations.DefaultBuildOperationRunner] Completing Build operation 'Execute container callback action'
2021-06-06T09:17:43.974-0500 [DEBUG] [org.gradle.internal.operations.DefaultBuildOperationRunner] Build operation 'Execute container callback action' started
2021-06-06T09:17:43.974-0500 [DEBUG] [org.gradle.internal.operations.DefaultBuildOperationRunner] Completing Build operation 'Execute container callback action'
2021-06-06T09:17:43.975-0500 [DEBUG] [org.gradle.internal.operations.DefaultBuildOperationRunner] Build operation 'Execute container callback action' started
2021-06-06T09:17:43.975-0500 [DEBUG] [org.gradle.internal.operations.DefaultBuildOperationRunner] Completing Build operation 'Execute container callback action'
2021-06-06T09:17:43.975-0500 [DEBUG] [org.gradle.internal.operations.DefaultBuildOperationRunner] Build operation 'Execute container callback action' started
2021-06-06T09:17:43.975-0500 [DEBUG] [org.gradle.internal.operations.DefaultBuildOperationRunner] Completing Build operation 'Execute container callback action'
2021-06-06T09:17:43.975-0500 [DEBUG] [org.gradle.internal.operations.DefaultBuildOperationRunner] Build operation 'Execute container callback action' started
2021-06-06T09:17:43.975-0500 [DEBUG] [org.gradle.internal.operations.DefaultBuildOperationRunner] Completing Build operation 'Execute container callback action'
2021-06-06T09:17:43.976-0500 [DEBUG] [org.gradle.internal.operations.DefaultBuildOperationRunner] Build operation 'Execute container callback action' started
2021-06-06T09:17:43.976-0500 [DEBUG] [org.gradle.internal.operations.DefaultBuildOperationRunner] Completing Build operation 'Execute container callback action'
2021-06-06T09:17:43.976-0500 [DEBUG] [org.gradle.internal.operations.DefaultBuildOperationRunner] Build operation 'Execute container callback action' started
2021-06-06T09:17:43.976-0500 [DEBUG] [org.gradle.internal.operations.DefaultBuildOperationRunner] Completing Build operation 'Execute container callback action'
2021-06-06T09:17:43.976-0500 [DEBUG] [org.gradle.internal.operations.DefaultBuildOperationRunner] Build operation 'Execute container callback action' started
2021-06-06T09:17:43.976-0500 [DEBUG] [org.gradle.internal.operations.DefaultBuildOperationRunner] Completing Build operation 'Execute container callback action'
2021-06-06T09:17:43.977-0500 [DEBUG] [org.gradle.internal.operations.DefaultBuildOperationRunner] Build operation 'Execute container callback action' started
2021-06-06T09:17:43.977-0500 [DEBUG] [org.gradle.internal.operations.DefaultBuildOperationRunner] Completing Build operation 'Execute container callback action'
2021-06-06T09:17:43.977-0500 [DEBUG] [org.gradle.internal.operations.DefaultBuildOperationRunner] Build operation 'Execute container callback action' started
2021-06-06T09:17:43.977-0500 [DEBUG] [org.gradle.internal.operations.DefaultBuildOperationRunner] Completing Build operation 'Execute container callback action'
2021-06-06T09:17:43.977-0500 [DEBUG] [org.gradle.internal.operations.DefaultBuildOperationRunner] Build operation 'Execute container callback action' started
2021-06-06T09:17:43.977-0500 [DEBUG] [org.gradle.internal.operations.DefaultBuildOperationRunner] Completing Build operation 'Execute container callback action'
2021-06-06T09:17:43.977-0500 [DEBUG] [org.gradle.internal.operations.DefaultBuildOperationRunner] Build operation 'Execute container callback action' started
2021-06-06T09:17:43.978-0500 [DEBUG] [org.gradle.internal.operations.DefaultBuildOperationRunner] Completing Build operation 'Execute container callback action'
2021-06-06T09:17:43.978-0500 [DEBUG] [org.gradle.internal.operations.DefaultBuildOperationRunner] Build operation 'Execute container callback action' started
2021-06-06T09:17:43.978-0500 [DEBUG] [org.gradle.internal.operations.DefaultBuildOperationRunner] Completing Build operation 'Execute container callback action'
2021-06-06T09:17:43.978-0500 [DEBUG] [org.gradle.internal.operations.DefaultBuildOperationRunner] Build operation 'Execute container callback action' started
2021-06-06T09:17:43.978-0500 [DEBUG] [org.gradle.internal.operations.DefaultBuildOperationRunner] Completing Build operation 'Execute container callback action'
2021-06-06T09:17:43.978-0500 [DEBUG] [org.gradle.internal.operations.DefaultBuildOperationRunner] Build operation 'Execute container callback action' started
2021-06-06T09:17:43.978-0500 [DEBUG] [org.gradle.internal.operations.DefaultBuildOperationRunner] Completing Build operation 'Execute container callback action'
2021-06-06T09:17:43.978-0500 [DEBUG] [org.gradle.internal.operations.DefaultBuildOperationRunner] Build operation 'Execute container callback action' started
2021-06-06T09:17:43.978-0500 [DEBUG] [org.gradle.internal.operations.DefaultBuildOperationRunner] Completing Build operation 'Execute container callback action'
2021-06-06T09:17:43.980-0500 [DEBUG] [org.gradle.internal.operations.DefaultBuildOperationRunner] Build operation 'Execute container callback action' started
2021-06-06T09:17:43.980-0500 [DEBUG] [org.gradle.internal.operations.DefaultBuildOperationRunner] Completing Build operation 'Execute container callback action'
2021-06-06T09:17:43.980-0500 [DEBUG] [org.gradle.internal.operations.DefaultBuildOperationRunner] Build operation 'Execute container callback action' started
2021-06-06T09:17:43.980-0500 [DEBUG] [org.gradle.internal.operations.DefaultBuildOperationRunner] Completing Build operation 'Execute container callback action'
2021-06-06T09:17:43.980-0500 [DEBUG] [org.gradle.internal.operations.DefaultBuildOperationRunner] Build operation 'Execute container callback action' started
2021-06-06T09:17:43.981-0500 [DEBUG] [org.gradle.internal.operations.DefaultBuildOperationRunner] Completing Build operation 'Execute container callback action'
2021-06-06T09:17:43.981-0500 [DEBUG] [org.gradle.internal.operations.DefaultBuildOperationRunner] Build operation 'Execute container callback action' started
2021-06-06T09:17:43.981-0500 [DEBUG] [org.gradle.internal.operations.DefaultBuildOperationRunner] Completing Build operation 'Execute container callback action'
2021-06-06T09:17:43.981-0500 [DEBUG] [org.gradle.internal.operations.DefaultBuildOperationRunner] Build operation 'Execute container callback action' started
2021-06-06T09:17:43.981-0500 [DEBUG] [org.gradle.internal.operations.DefaultBuildOperationRunner] Completing Build operation 'Execute container callback action'
2021-06-06T09:17:43.981-0500 [DEBUG] [org.gradle.internal.operations.DefaultBuildOperationRunner] Build operation 'Execute container callback action' started
2021-06-06T09:17:43.981-0500 [DEBUG] [org.gradle.internal.operations.DefaultBuildOperationRunner] Completing Build operation 'Execute container callback action'
2021-06-06T09:17:43.982-0500 [DEBUG] [org.gradle.internal.operations.DefaultBuildOperationRunner] Build operation 'Execute container callback action' started
2021-06-06T09:17:43.982-0500 [DEBUG] [org.gradle.internal.operations.DefaultBuildOperationRunner] Completing Build operation 'Execute container callback action'
2021-06-06T09:17:43.982-0500 [DEBUG] [org.gradle.internal.operations.DefaultBuildOperationRunner] Build operation 'Execute container callback action' started
2021-06-06T09:17:43.982-0500 [DEBUG] [org.gradle.internal.operations.DefaultBuildOperationRunner] Completing Build operation 'Execute container callback action'
2021-06-06T09:17:43.982-0500 [DEBUG] [org.gradle.internal.operations.DefaultBuildOperationRunner] Build operation 'Execute container callback action' started
2021-06-06T09:17:43.982-0500 [DEBUG] [org.gradle.internal.operations.DefaultBuildOperationRunner] Completing Build operation 'Execute container callback action'
2021-06-06T09:17:43.982-0500 [DEBUG] [org.gradle.internal.operations.DefaultBuildOperationRunner] Build operation 'Execute container callback action' started
2021-06-06T09:17:43.982-0500 [DEBUG] [org.gradle.internal.operations.DefaultBuildOperationRunner] Completing Build operation 'Execute container callback action'
2021-06-06T09:17:43.983-0500 [DEBUG] [org.gradle.internal.operations.DefaultBuildOperationRunner] Build operation 'Execute container callback action' started
2021-06-06T09:17:43.983-0500 [DEBUG] [org.gradle.internal.operations.DefaultBuildOperationRunner] Completing Build operation 'Execute container callback action'
2021-06-06T09:17:43.983-0500 [DEBUG] [org.gradle.internal.operations.DefaultBuildOperationRunner] Build operation 'Execute container callback action' started
2021-06-06T09:17:43.983-0500 [DEBUG] [org.gradle.internal.operations.DefaultBuildOperationRunner] Completing Build operation 'Execute container callback action'
2021-06-06T09:17:43.983-0500 [DEBUG] [org.gradle.internal.operations.DefaultBuildOperationRunner] Build operation 'Execute container callback action' started
2021-06-06T09:17:43.983-0500 [DEBUG] [org.gradle.internal.operations.DefaultBuildOperationRunner] Completing Build operation 'Execute container callback action'
2021-06-06T09:17:43.983-0500 [DEBUG] [org.gradle.internal.operations.DefaultBuildOperationRunner] Build operation 'Execute container callback action' started
2021-06-06T09:17:43.983-0500 [DEBUG] [org.gradle.internal.operations.DefaultBuildOperationRunner] Completing Build operation 'Execute container callback action'
2021-06-06T09:17:43.984-0500 [DEBUG] [org.gradle.internal.operations.DefaultBuildOperationRunner] Build operation 'Execute container callback action' started
2021-06-06T09:17:43.984-0500 [DEBUG] [org.gradle.internal.operations.DefaultBuildOperationRunner] Completing Build operation 'Execute container callback action'
2021-06-06T09:17:43.984-0500 [DEBUG] [org.gradle.internal.operations.DefaultBuildOperationRunner] Build operation 'Execute container callback action' started
2021-06-06T09:17:43.984-0500 [DEBUG] [org.gradle.internal.operations.DefaultBuildOperationRunner] Completing Build operation 'Execute container callback action'
2021-06-06T09:17:43.984-0500 [DEBUG] [org.gradle.internal.operations.DefaultBuildOperationRunner] Build operation 'Execute container callback action' started
2021-06-06T09:17:43.984-0500 [DEBUG] [org.gradle.internal.operations.DefaultBuildOperationRunner] Completing Build operation 'Execute container callback action'
2021-06-06T09:17:43.984-0500 [DEBUG] [org.gradle.internal.operations.DefaultBuildOperationRunner] Build operation 'Execute container callback action' started
2021-06-06T09:17:43.984-0500 [DEBUG] [org.gradle.internal.operations.DefaultBuildOperationRunner] Completing Build operation 'Execute container callback action'
2021-06-06T09:17:43.985-0500 [DEBUG] [org.gradle.internal.operations.DefaultBuildOperationRunner] Completing Build operation 'Execute container callback action'
2021-06-06T09:17:43.985-0500 [DEBUG] [org.gradle.internal.operations.DefaultBuildOperationRunner] Build operation 'Execute container callback action' started
2021-06-06T09:17:43.985-0500 [DEBUG] [org.gradle.internal.operations.DefaultBuildOperationRunner] Build operation 'Execute container callback action' started
2021-06-06T09:17:43.985-0500 [DEBUG] [org.gradle.internal.operations.DefaultBuildOperationRunner] Completing Build operation 'Execute container callback action'
2021-06-06T09:17:43.985-0500 [DEBUG] [org.gradle.internal.operations.DefaultBuildOperationRunner] Build operation 'Execute container callback action' started
2021-06-06T09:17:43.985-0500 [DEBUG] [org.gradle.internal.operations.DefaultBuildOperationRunner] Completing Build operation 'Execute container callback action'
2021-06-06T09:17:43.986-0500 [DEBUG] [org.gradle.internal.operations.DefaultBuildOperationRunner] Build operation 'Execute container callback action' started
2021-06-06T09:17:43.986-0500 [DEBUG] [org.gradle.internal.operations.DefaultBuildOperationRunner] Completing Build operation 'Execute container callback action'
2021-06-06T09:17:43.986-0500 [DEBUG] [org.gradle.internal.operations.DefaultBuildOperationRunner] Build operation 'Execute container callback action' started
2021-06-06T09:17:43.986-0500 [DEBUG] [org.gradle.internal.operations.DefaultBuildOperationRunner] Completing Build operation 'Execute container callback action'
2021-06-06T09:17:43.986-0500 [DEBUG] [org.gradle.internal.operations.DefaultBuildOperationRunner] Build operation 'Execute container callback action' started
2021-06-06T09:17:43.986-0500 [DEBUG] [org.gradle.internal.operations.DefaultBuildOperationRunner] Completing Build operation 'Execute container callback action'
2021-06-06T09:17:43.986-0500 [DEBUG] [org.gradle.internal.operations.DefaultBuildOperationRunner] Build operation 'Execute container callback action' started
2021-06-06T09:17:43.986-0500 [DEBUG] [org.gradle.internal.operations.DefaultBuildOperationRunner] Completing Build operation 'Execute container callback action'
2021-06-06T09:17:43.987-0500 [DEBUG] [org.gradle.internal.operations.DefaultBuildOperationRunner] Build operation 'Execute container callback action' started
2021-06-06T09:17:43.987-0500 [DEBUG] [org.gradle.internal.operations.DefaultBuildOperationRunner] Completing Build operation 'Execute container callback action'
2021-06-06T09:17:43.987-0500 [DEBUG] [org.gradle.internal.operations.DefaultBuildOperationRunner] Build operation 'Execute container callback action' started
2021-06-06T09:17:43.987-0500 [DEBUG] [org.gradle.internal.operations.DefaultBuildOperationRunner] Completing Build operation 'Execute container callback action'
2021-06-06T09:17:43.987-0500 [DEBUG] [org.gradle.internal.operations.DefaultBuildOperationRunner] Build operation 'Execute container callback action' started
2021-06-06T09:17:43.987-0500 [DEBUG] [org.gradle.internal.operations.DefaultBuildOperationRunner] Completing Build operation 'Execute container callback action'
2021-06-06T09:17:43.987-0500 [DEBUG] [org.gradle.internal.operations.DefaultBuildOperationRunner] Build operation 'Execute container callback action' started
2021-06-06T09:17:43.987-0500 [DEBUG] [org.gradle.internal.operations.DefaultBuildOperationRunner] Completing Build operation 'Execute container callback action'
2021-06-06T09:17:43.988-0500 [DEBUG] [org.gradle.internal.operations.DefaultBuildOperationRunner] Build operation 'Execute container callback action' started
2021-06-06T09:17:43.988-0500 [DEBUG] [org.gradle.internal.operations.DefaultBuildOperationRunner] Completing Build operation 'Execute container callback action'
2021-06-06T09:17:43.988-0500 [DEBUG] [org.gradle.internal.operations.DefaultBuildOperationRunner] Build operation 'Execute container callback action' started
2021-06-06T09:17:43.988-0500 [DEBUG] [org.gradle.internal.operations.DefaultBuildOperationRunner] Completing Build operation 'Execute container callback action'
2021-06-06T09:17:43.988-0500 [DEBUG] [org.gradle.internal.operations.DefaultBuildOperationRunner] Build operation 'Execute container callback action' started
2021-06-06T09:17:43.988-0500 [DEBUG] [org.gradle.internal.operations.DefaultBuildOperationRunner] Completing Build operation 'Execute container callback action'
2021-06-06T09:17:43.989-0500 [DEBUG] [org.gradle.internal.operations.DefaultBuildOperationRunner] Build operation 'Execute container callback action' started
2021-06-06T09:17:43.989-0500 [DEBUG] [org.gradle.internal.operations.DefaultBuildOperationRunner] Completing Build operation 'Execute container callback action'
2021-06-06T09:17:43.989-0500 [DEBUG] [org.gradle.internal.operations.DefaultBuildOperationRunner] Build operation 'Execute container callback action' started
2021-06-06T09:17:43.989-0500 [DEBUG] [org.gradle.internal.operations.DefaultBuildOperationRunner] Completing Build operation 'Execute container callback action'
2021-06-06T09:17:43.989-0500 [DEBUG] [org.gradle.internal.operations.DefaultBuildOperationRunner] Build operation 'Execute container callback action' started
2021-06-06T09:17:43.989-0500 [DEBUG] [org.gradle.internal.operations.DefaultBuildOperationRunner] Completing Build operation 'Execute container callback action'
2021-06-06T09:17:43.989-0500 [DEBUG] [org.gradle.internal.operations.DefaultBuildOperationRunner] Build operation 'Execute container callback action' started
2021-06-06T09:17:43.989-0500 [DEBUG] [org.gradle.internal.operations.DefaultBuildOperationRunner] Completing Build operation 'Execute container callback action'
2021-06-06T09:17:43.990-0500 [DEBUG] [org.gradle.internal.operations.DefaultBuildOperationRunner] Build operation 'Execute container callback action' started
2021-06-06T09:17:43.990-0500 [DEBUG] [org.gradle.internal.operations.DefaultBuildOperationRunner] Completing Build operation 'Execute container callback action'
2021-06-06T09:17:43.990-0500 [DEBUG] [org.gradle.internal.operations.DefaultBuildOperationRunner] Build operation 'Execute container callback action' started
2021-06-06T09:17:43.990-0500 [DEBUG] [org.gradle.internal.operations.DefaultBuildOperationRunner] Completing Build operation 'Execute container callback action'
2021-06-06T09:17:43.990-0500 [DEBUG] [org.gradle.internal.operations.DefaultBuildOperationRunner] Build operation 'Execute container callback action' started
2021-06-06T09:17:43.990-0500 [DEBUG] [org.gradle.internal.operations.DefaultBuildOperationRunner] Completing Build operation 'Execute container callback action'
2021-06-06T09:17:43.990-0500 [DEBUG] [org.gradle.internal.operations.DefaultBuildOperationRunner] Build operation 'Execute container callback action' started
2021-06-06T09:17:43.991-0500 [DEBUG] [org.gradle.internal.operations.DefaultBuildOperationRunner] Completing Build operation 'Execute container callback action'
2021-06-06T09:17:43.991-0500 [DEBUG] [org.gradle.internal.operations.DefaultBuildOperationRunner] Build operation 'Execute container callback action' started
2021-06-06T09:17:43.991-0500 [DEBUG] [org.gradle.internal.operations.DefaultBuildOperationRunner] Completing Build operation 'Execute container callback action'
2021-06-06T09:17:43.991-0500 [DEBUG] [org.gradle.internal.operations.DefaultBuildOperationRunner] Build operation 'Execute container callback action' started
2021-06-06T09:17:43.991-0500 [DEBUG] [org.gradle.internal.operations.DefaultBuildOperationRunner] Completing Build operation 'Execute container callback action'
2021-06-06T09:17:43.991-0500 [DEBUG] [org.gradle.internal.operations.DefaultBuildOperationRunner] Build operation 'Execute container callback action' started
2021-06-06T09:17:43.991-0500 [DEBUG] [org.gradle.internal.operations.DefaultBuildOperationRunner] Completing Build operation 'Execute container callback action'
2021-06-06T09:17:43.992-0500 [DEBUG] [org.gradle.internal.operations.DefaultBuildOperationRunner] Build operation 'Execute container callback action' started
2021-06-06T09:17:43.992-0500 [DEBUG] [org.gradle.internal.operations.DefaultBuildOperationRunner] Completing Build operation 'Execute container callback action'
2021-06-06T09:17:43.992-0500 [DEBUG] [org.gradle.internal.operations.DefaultBuildOperationRunner] Build operation 'Execute container callback action' started
2021-06-06T09:17:43.992-0500 [DEBUG] [org.gradle.internal.operations.DefaultBuildOperationRunner] Completing Build operation 'Execute container callback action'
2021-06-06T09:17:43.992-0500 [DEBUG] [org.gradle.internal.operations.DefaultBuildOperationRunner] Build operation 'Execute container callback action' started
2021-06-06T09:17:43.992-0500 [DEBUG] [org.gradle.internal.operations.DefaultBuildOperationRunner] Completing Build operation 'Execute container callback action'
2021-06-06T09:17:43.992-0500 [DEBUG] [org.gradle.internal.operations.DefaultBuildOperationRunner] Build operation 'Execute container callback action' started
2021-06-06T09:17:43.992-0500 [DEBUG] [org.gradle.internal.operations.DefaultBuildOperationRunner] Completing Build operation 'Execute container callback action'
2021-06-06T09:17:43.993-0500 [DEBUG] [org.gradle.internal.operations.DefaultBuildOperationRunner] Build operation 'Execute container callback action' started
2021-06-06T09:17:43.993-0500 [DEBUG] [org.gradle.internal.operations.DefaultBuildOperationRunner] Completing Build operation 'Execute container callback action'
2021-06-06T09:17:43.993-0500 [DEBUG] [org.gradle.internal.operations.DefaultBuildOperationRunner] Build operation 'Execute container callback action' started
2021-06-06T09:17:43.993-0500 [DEBUG] [org.gradle.internal.operations.DefaultBuildOperationRunner] Completing Build operation 'Execute container callback action'
2021-06-06T09:17:43.993-0500 [DEBUG] [org.gradle.internal.operations.DefaultBuildOperationRunner] Build operation 'Execute container callback action' started
2021-06-06T09:17:43.993-0500 [DEBUG] [org.gradle.internal.operations.DefaultBuildOperationRunner] Completing Build operation 'Execute container callback action'
2021-06-06T09:17:43.993-0500 [DEBUG] [org.gradle.internal.operations.DefaultBuildOperationRunner] Build operation 'Execute container callback action' started
2021-06-06T09:17:43.993-0500 [DEBUG] [org.gradle.internal.operations.DefaultBuildOperationRunner] Completing Build operation 'Execute container callback action'
2021-06-06T09:17:43.994-0500 [DEBUG] [org.gradle.internal.operations.DefaultBuildOperationRunner] Build operation 'Execute container callback action' started
2021-06-06T09:17:43.994-0500 [DEBUG] [org.gradle.internal.operations.DefaultBuildOperationRunner] Completing Build operation 'Execute container callback action'
2021-06-06T09:17:43.994-0500 [DEBUG] [org.gradle.internal.operations.DefaultBuildOperationRunner] Build operation 'Execute container callback action' started
2021-06-06T09:17:43.994-0500 [DEBUG] [org.gradle.internal.operations.DefaultBuildOperationRunner] Completing Build operation 'Execute container callback action'
2021-06-06T09:17:43.994-0500 [DEBUG] [org.gradle.internal.operations.DefaultBuildOperationRunner] Build operation 'Execute container callback action' started
2021-06-06T09:17:43.994-0500 [DEBUG] [org.gradle.internal.operations.DefaultBuildOperationRunner] Completing Build operation 'Execute container callback action'
2021-06-06T09:17:43.994-0500 [DEBUG] [org.gradle.internal.operations.DefaultBuildOperationRunner] Build operation 'Execute container callback action' started
2021-06-06T09:17:43.994-0500 [DEBUG] [org.gradle.internal.operations.DefaultBuildOperationRunner] Completing Build operation 'Execute container callback action'
2021-06-06T09:17:43.995-0500 [DEBUG] [org.gradle.internal.operations.DefaultBuildOperationRunner] Build operation 'Execute container callback action' started
2021-06-06T09:17:43.995-0500 [DEBUG] [org.gradle.internal.operations.DefaultBuildOperationRunner] Completing Build operation 'Execute container callback action'
2021-06-06T09:17:43.995-0500 [DEBUG] [org.gradle.internal.operations.DefaultBuildOperationRunner] Build operation 'Execute container callback action' started
2021-06-06T09:17:43.995-0500 [DEBUG] [org.gradle.internal.operations.DefaultBuildOperationRunner] Completing Build operation 'Execute container callback action'
2021-06-06T09:17:43.996-0500 [DEBUG] [org.gradle.internal.operations.DefaultBuildOperationRunner] Build operation 'Execute container callback action' started
2021-06-06T09:17:43.996-0500 [DEBUG] [org.gradle.internal.operations.DefaultBuildOperationRunner] Completing Build operation 'Execute container callback action'
2021-06-06T09:17:43.996-0500 [DEBUG] [org.gradle.internal.operations.DefaultBuildOperationRunner] Build operation 'Execute container callback action' started
2021-06-06T09:17:43.996-0500 [DEBUG] [org.gradle.internal.operations.DefaultBuildOperationRunner] Completing Build operation 'Execute container callback action'
2021-06-06T09:17:43.997-0500 [DEBUG] [org.gradle.internal.operations.DefaultBuildOperationRunner] Build operation 'Execute container callback action' started
2021-06-06T09:17:43.997-0500 [DEBUG] [org.gradle.internal.operations.DefaultBuildOperationRunner] Completing Build operation 'Execute container callback action'
2021-06-06T09:17:43.997-0500 [DEBUG] [org.gradle.internal.operations.DefaultBuildOperationRunner] Build operation 'Execute container callback action' started
2021-06-06T09:17:43.997-0500 [DEBUG] [org.gradle.internal.operations.DefaultBuildOperationRunner] Completing Build operation 'Execute container callback action'
2021-06-06T09:17:43.998-0500 [DEBUG] [org.gradle.internal.operations.DefaultBuildOperationRunner] Build operation 'Execute container callback action' started
2021-06-06T09:17:43.998-0500 [DEBUG] [org.gradle.internal.operations.DefaultBuildOperationRunner] Completing Build operation 'Execute container callback action'
2021-06-06T09:17:43.998-0500 [DEBUG] [org.gradle.internal.operations.DefaultBuildOperationRunner] Build operation 'Execute container callback action' started
2021-06-06T09:17:43.998-0500 [DEBUG] [org.gradle.internal.operations.DefaultBuildOperationRunner] Completing Build operation 'Execute container callback action'
2021-06-06T09:17:43.998-0500 [DEBUG] [org.gradle.internal.operations.DefaultBuildOperationRunner] Build operation 'Execute container callback action' started
2021-06-06T09:17:43.999-0500 [DEBUG] [org.gradle.internal.operations.DefaultBuildOperationRunner] Completing Build operation 'Execute container callback action'
2021-06-06T09:17:43.999-0500 [DEBUG] [org.gradle.internal.operations.DefaultBuildOperationRunner] Build operation 'Execute container callback action' started
2021-06-06T09:17:43.999-0500 [DEBUG] [org.gradle.internal.operations.DefaultBuildOperationRunner] Completing Build operation 'Execute container callback action'
2021-06-06T09:17:44.000-0500 [DEBUG] [org.gradle.internal.operations.DefaultBuildOperationRunner] Build operation 'Execute container callback action' started
2021-06-06T09:17:44.000-0500 [DEBUG] [org.gradle.internal.operations.DefaultBuildOperationRunner] Completing Build operation 'Execute container callback action'
2021-06-06T09:17:44.000-0500 [DEBUG] [org.gradle.internal.operations.DefaultBuildOperationRunner] Build operation 'Execute container callback action' started
2021-06-06T09:17:44.000-0500 [DEBUG] [org.gradle.internal.operations.DefaultBuildOperationRunner] Completing Build operation 'Execute container callback action'
2021-06-06T09:17:44.001-0500 [DEBUG] [org.gradle.internal.operations.DefaultBuildOperationRunner] Build operation 'Execute container callback action' started
2021-06-06T09:17:44.001-0500 [DEBUG] [org.gradle.internal.operations.DefaultBuildOperationRunner] Completing Build operation 'Execute container callback action'
2021-06-06T09:17:44.001-0500 [DEBUG] [org.gradle.internal.operations.DefaultBuildOperationRunner] Build operation 'Execute container callback action' started
2021-06-06T09:17:44.001-0500 [DEBUG] [org.gradle.internal.operations.DefaultBuildOperationRunner] Completing Build operation 'Execute container callback action'
2021-06-06T09:17:44.001-0500 [DEBUG] [org.gradle.internal.operations.DefaultBuildOperationRunner] Build operation 'Execute container callback action' started
2021-06-06T09:17:44.002-0500 [DEBUG] [org.gradle.internal.operations.DefaultBuildOperationRunner] Completing Build operation 'Execute container callback action'
2021-06-06T09:17:44.002-0500 [DEBUG] [org.gradle.internal.operations.DefaultBuildOperationRunner] Build operation 'Execute container callback action' started
2021-06-06T09:17:44.002-0500 [DEBUG] [org.gradle.internal.operations.DefaultBuildOperationRunner] Completing Build operation 'Execute container callback action'
2021-06-06T09:17:44.002-0500 [DEBUG] [org.gradle.internal.operations.DefaultBuildOperationRunner] Build operation 'Execute container callback action' started
2021-06-06T09:17:44.002-0500 [DEBUG] [org.gradle.internal.operations.DefaultBuildOperationRunner] Completing Build operation 'Execute container callback action'
2021-06-06T09:17:44.002-0500 [DEBUG] [org.gradle.internal.operations.DefaultBuildOperationRunner] Build operation 'Execute container callback action' started
2021-06-06T09:17:44.002-0500 [DEBUG] [org.gradle.internal.operations.DefaultBuildOperationRunner] Completing Build operation 'Execute container callback action'
2021-06-06T09:17:44.003-0500 [DEBUG] [org.gradle.internal.operations.DefaultBuildOperationRunner] Completing Build operation 'Execute container callback action'
2021-06-06T09:17:44.003-0500 [DEBUG] [org.gradle.internal.operations.DefaultBuildOperationRunner] Build operation 'Execute container callback action' started
2021-06-06T09:17:44.003-0500 [DEBUG] [org.gradle.internal.operations.DefaultBuildOperationRunner] Completing Build operation 'Execute container callback action'
2021-06-06T09:17:44.003-0500 [DEBUG] [org.gradle.internal.operations.DefaultBuildOperationRunner] Build operation 'Execute container callback action' started
2021-06-06T09:17:44.003-0500 [DEBUG] [org.gradle.internal.operations.DefaultBuildOperationRunner] Completing Build operation 'Execute container callback action'
2021-06-06T09:17:44.149-0500 [DEBUG] [org.gradle.internal.operations.DefaultBuildOperationRunner] Build operation 'Register task :app:uninstallAll' started
2021-06-06T09:17:44.149-0500 [DEBUG] [org.gradle.internal.operations.DefaultBuildOperationRunner] Completing Build operation 'Register task :app:uninstallAll'
2021-06-06T09:17:44.150-0500 [DEBUG] [org.gradle.internal.operations.DefaultBuildOperationRunner] Build operation 'Register task :app:deviceCheck' started
2021-06-06T09:17:44.150-0500 [DEBUG] [org.gradle.internal.operations.DefaultBuildOperationRunner] Completing Build operation 'Register task :app:deviceCheck'
2021-06-06T09:17:44.150-0500 [DEBUG] [org.gradle.internal.operations.DefaultBuildOperationRunner] Build operation 'Register task :app:connectedCheck' started
2021-06-06T09:17:44.150-0500 [DEBUG] [org.gradle.internal.operations.DefaultBuildOperationRunner] Completing Build operation 'Register task :app:connectedCheck'
2021-06-06T09:17:44.150-0500 [DEBUG] [org.gradle.internal.operations.DefaultBuildOperationRunner] Build operation 'Register task :app:preBuild' started
2021-06-06T09:17:44.150-0500 [DEBUG] [org.gradle.internal.operations.DefaultBuildOperationRunner] Completing Build operation 'Register task :app:preBuild'
2021-06-06T09:17:44.153-0500 [DEBUG] [org.gradle.internal.operations.DefaultBuildOperationRunner] Build operation 'Register task :app:extractProguardFiles' started
2021-06-06T09:17:44.154-0500 [DEBUG] [org.gradle.internal.operations.DefaultBuildOperationRunner] Completing Build operation 'Register task :app:extractProguardFiles'
2021-06-06T09:17:44.156-0500 [DEBUG] [org.gradle.internal.operations.DefaultBuildOperationRunner] Build operation 'Register task :app:sourceSets' started
2021-06-06T09:17:44.156-0500 [DEBUG] [org.gradle.internal.operations.DefaultBuildOperationRunner] Completing Build operation 'Register task :app:sourceSets'
2021-06-06T09:17:44.157-0500 [DEBUG] [org.gradle.internal.operations.DefaultBuildOperationRunner] Build operation 'Register task :app:assembleAndroidTest' started
2021-06-06T09:17:44.157-0500 [DEBUG] [org.gradle.internal.operations.DefaultBuildOperationRunner] Completing Build operation 'Register task :app:assembleAndroidTest'
2021-06-06T09:17:44.158-0500 [DEBUG] [org.gradle.internal.operations.DefaultBuildOperationRunner] Build operation 'Register task :app:compileLint' started
2021-06-06T09:17:44.158-0500 [DEBUG] [org.gradle.internal.operations.DefaultBuildOperationRunner] Completing Build operation 'Register task :app:compileLint'
2021-06-06T09:17:44.161-0500 [DEBUG] [org.gradle.internal.operations.DefaultBuildOperationRunner] Build operation 'Register task :app:lint' started
2021-06-06T09:17:44.162-0500 [DEBUG] [org.gradle.internal.operations.DefaultBuildOperationRunner] Completing Build operation 'Register task :app:lint'
2021-06-06T09:17:44.164-0500 [DEBUG] [org.gradle.internal.operations.DefaultBuildOperationRunner] Build operation 'Register task :app:lintFix' started
2021-06-06T09:17:44.164-0500 [DEBUG] [org.gradle.internal.operations.DefaultBuildOperationRunner] Completing Build operation 'Register task :app:lintFix'
2021-06-06T09:17:44.165-0500 [DEBUG] [org.gradle.internal.operations.DefaultBuildOperationRunner] Build operation 'Execute container callback action' started
2021-06-06T09:17:44.165-0500 [DEBUG] [org.gradle.internal.operations.DefaultBuildOperationRunner] Completing Build operation 'Execute container callback action'
2021-06-06T09:17:44.165-0500 [DEBUG] [org.gradle.internal.operations.DefaultBuildOperationRunner] Build operation 'Execute container callback action' started
2021-06-06T09:17:44.165-0500 [DEBUG] [org.gradle.internal.operations.DefaultBuildOperationRunner] Completing Build operation 'Execute container callback action'
2021-06-06T09:17:44.165-0500 [DEBUG] [org.gradle.internal.operations.DefaultBuildOperationRunner] Build operation 'Execute container callback action' started
2021-06-06T09:17:44.165-0500 [DEBUG] [org.gradle.internal.operations.DefaultBuildOperationRunner] Completing Build operation 'Execute container callback action'
2021-06-06T09:17:44.165-0500 [DEBUG] [org.gradle.internal.operations.DefaultBuildOperationRunner] Build operation 'Execute container callback action' started
2021-06-06T09:17:44.165-0500 [DEBUG] [org.gradle.internal.operations.DefaultBuildOperationRunner] Completing Build operation 'Execute container callback action'
2021-06-06T09:17:44.166-0500 [DEBUG] [org.gradle.internal.operations.DefaultBuildOperationRunner] Build operation 'Execute container callback action' started
2021-06-06T09:17:44.166-0500 [DEBUG] [org.gradle.internal.operations.DefaultBuildOperationRunner] Completing Build operation 'Execute container callback action'
2021-06-06T09:17:44.166-0500 [DEBUG] [org.gradle.internal.operations.DefaultBuildOperationRunner] Build operation 'Execute container callback action' started
2021-06-06T09:17:44.166-0500 [DEBUG] [org.gradle.internal.operations.DefaultBuildOperationRunner] Completing Build operation 'Execute container callback action'
2021-06-06T09:17:44.167-0500 [DEBUG] [org.gradle.internal.operations.DefaultBuildOperationRunner] Build operation 'Register task :app:cleanBuildCache' started
2021-06-06T09:17:44.167-0500 [DEBUG] [org.gradle.internal.operations.DefaultBuildOperationRunner] Completing Build operation 'Register task :app:cleanBuildCache'
2021-06-06T09:17:44.168-0500 [DEBUG] [org.gradle.internal.operations.DefaultBuildOperationRunner] Build operation 'Register task :app:resolveConfigAttr' started
2021-06-06T09:17:44.168-0500 [DEBUG] [org.gradle.internal.operations.DefaultBuildOperationRunner] Completing Build operation 'Register task :app:resolveConfigAttr'
2021-06-06T09:17:44.169-0500 [DEBUG] [org.gradle.internal.operations.DefaultBuildOperationRunner] Build operation 'Register task :app:consumeConfigAttr' started
2021-06-06T09:17:44.169-0500 [DEBUG] [org.gradle.internal.operations.DefaultBuildOperationRunner] Completing Build operation 'Register task :app:consumeConfigAttr'
2021-06-06T09:17:44.169-0500 [DEBUG] [org.gradle.internal.operations.DefaultBuildOperationRunner] Build operation 'Execute container callback action' started
2021-06-06T09:17:44.169-0500 [DEBUG] [org.gradle.internal.operations.DefaultBuildOperationRunner] Completing Build operation 'Execute container callback action'
2021-06-06T09:17:44.169-0500 [DEBUG] [org.gradle.internal.operations.DefaultBuildOperationRunner] Build operation 'Execute container callback action' started
2021-06-06T09:17:44.169-0500 [DEBUG] [org.gradle.internal.operations.DefaultBuildOperationRunner] Completing Build operation 'Execute container callback action'
2021-06-06T09:17:44.170-0500 [DEBUG] [org.gradle.internal.operations.DefaultBuildOperationRunner] Completing Build operation 'Apply plugin com.android.internal.application to project ':app''
2021-06-06T09:17:44.170-0500 [DEBUG] [org.gradle.internal.operations.DefaultBuildOperationRunner] Completing Build operation 'Apply plugin com.android.application to project ':app''
2021-06-06T09:17:44.171-0500 [DEBUG] [org.gradle.internal.operations.DefaultBuildOperationRunner] Build operation 'Apply plugin kotlin-android to project ':app'' started
2021-06-06T09:17:44.293-0500 [DEBUG] [org.gradle.internal.operations.DefaultBuildOperationRunner] Build operation 'Execute container callback action' started
2021-06-06T09:17:44.293-0500 [DEBUG] [org.gradle.internal.operations.DefaultBuildOperationRunner] Completing Build operation 'Execute container callback action'
2021-06-06T09:17:44.293-0500 [DEBUG] [org.gradle.internal.operations.DefaultBuildOperationRunner] Build operation 'Execute container callback action' started
2021-06-06T09:17:44.293-0500 [DEBUG] [org.gradle.internal.operations.DefaultBuildOperationRunner] Completing Build operation 'Execute container callback action'
2021-06-06T09:17:44.294-0500 [DEBUG] [org.gradle.internal.operations.DefaultBuildOperationRunner] Build operation 'Execute container callback action' started
2021-06-06T09:17:44.295-0500 [DEBUG] [org.gradle.internal.operations.DefaultBuildOperationRunner] Completing Build operation 'Execute container callback action'
2021-06-06T09:17:44.295-0500 [DEBUG] [org.gradle.internal.operations.DefaultBuildOperationRunner] Build operation 'Execute container callback action' started
2021-06-06T09:17:44.295-0500 [DEBUG] [org.gradle.internal.operations.DefaultBuildOperationRunner] Completing Build operation 'Execute container callback action'
2021-06-06T09:17:44.295-0500 [DEBUG] [org.gradle.internal.operations.DefaultBuildOperationRunner] Build operation 'Execute container callback action' started
2021-06-06T09:17:44.295-0500 [DEBUG] [org.gradle.internal.operations.DefaultBuildOperationRunner] Completing Build operation 'Execute container callback action'
2021-06-06T09:17:44.295-0500 [DEBUG] [org.gradle.internal.operations.DefaultBuildOperationRunner] Build operation 'Execute container callback action' started
2021-06-06T09:17:44.295-0500 [DEBUG] [org.gradle.internal.operations.DefaultBuildOperationRunner] Completing Build operation 'Execute container callback action'
2021-06-06T09:17:44.296-0500 [DEBUG] [org.gradle.internal.operations.DefaultBuildOperationRunner] Build operation 'Execute container callback action' started
2021-06-06T09:17:44.296-0500 [DEBUG] [org.gradle.internal.operations.DefaultBuildOperationRunner] Completing Build operation 'Execute container callback action'
2021-06-06T09:17:44.296-0500 [DEBUG] [org.gradle.internal.operations.DefaultBuildOperationRunner] Build operation 'Execute container callback action' started
2021-06-06T09:17:44.296-0500 [DEBUG] [org.gradle.internal.operations.DefaultBuildOperationRunner] Completing Build operation 'Execute container callback action'
2021-06-06T09:17:44.348-0500 [DEBUG] [org.gradle.internal.operations.DefaultBuildOperationRunner] Build operation 'Execute container callback action' started
2021-06-06T09:17:44.357-0500 [DEBUG] [org.gradle.internal.operations.DefaultBuildOperationRunner] Build operation 'Execute container callback action' started
2021-06-06T09:17:44.357-0500 [DEBUG] [org.gradle.internal.operations.DefaultBuildOperationRunner] Completing Build operation 'Execute container callback action'
2021-06-06T09:17:44.357-0500 [DEBUG] [org.gradle.internal.operations.DefaultBuildOperationRunner] Build operation 'Execute container callback action' started
2021-06-06T09:17:44.357-0500 [DEBUG] [org.gradle.internal.operations.DefaultBuildOperationRunner] Completing Build operation 'Execute container callback action'
2021-06-06T09:17:44.357-0500 [DEBUG] [org.gradle.internal.operations.DefaultBuildOperationRunner] Build operation 'Execute container callback action' started
2021-06-06T09:17:44.357-0500 [DEBUG] [org.gradle.internal.operations.DefaultBuildOperationRunner] Completing Build operation 'Execute container callback action'
2021-06-06T09:17:44.358-0500 [DEBUG] [org.gradle.internal.operations.DefaultBuildOperationRunner] Build operation 'Execute container callback action' started
2021-06-06T09:17:44.358-0500 [DEBUG] [org.gradle.internal.operations.DefaultBuildOperationRunner] Completing Build operation 'Execute container callback action'
2021-06-06T09:17:44.358-0500 [DEBUG] [org.gradle.internal.operations.DefaultBuildOperationRunner] Build operation 'Execute container callback action' started
2021-06-06T09:17:44.358-0500 [DEBUG] [org.gradle.internal.operations.DefaultBuildOperationRunner] Completing Build operation 'Execute container callback action'
2021-06-06T09:17:44.358-0500 [DEBUG] [org.gradle.internal.operations.DefaultBuildOperationRunner] Build operation 'Execute container callback action' started
2021-06-06T09:17:44.358-0500 [DEBUG] [org.gradle.internal.operations.DefaultBuildOperationRunner] Completing Build operation 'Execute container callback action'
2021-06-06T09:17:44.359-0500 [DEBUG] [org.gradle.internal.operations.DefaultBuildOperationRunner] Build operation 'Execute container callback action' started
2021-06-06T09:17:44.359-0500 [DEBUG] [org.gradle.internal.operations.DefaultBuildOperationRunner] Completing Build operation 'Execute container callback action'
2021-06-06T09:17:44.359-0500 [DEBUG] [org.gradle.internal.operations.DefaultBuildOperationRunner] Build operation 'Execute container callback action' started
2021-06-06T09:17:44.359-0500 [DEBUG] [org.gradle.internal.operations.DefaultBuildOperationRunner] Completing Build operation 'Execute container callback action'
2021-06-06T09:17:44.368-0500 [DEBUG] [org.gradle.internal.operations.DefaultBuildOperationRunner] Build operation 'Execute container callback action' started
2021-06-06T09:17:44.369-0500 [DEBUG] [org.gradle.internal.operations.DefaultBuildOperationRunner] Completing Build operation 'Execute container callback action'
2021-06-06T09:17:44.370-0500 [DEBUG] [org.gradle.internal.operations.DefaultBuildOperationRunner] Build operation 'Execute container callback action' started
2021-06-06T09:17:44.371-0500 [DEBUG] [org.gradle.internal.operations.DefaultBuildOperationRunner] Completing Build operation 'Execute container callback action'
2021-06-06T09:17:44.393-0500 [DEBUG] [org.gradle.internal.operations.DefaultBuildOperationRunner] Completing Build operation 'Execute container callback action'
2021-06-06T09:17:44.393-0500 [DEBUG] [org.gradle.internal.operations.DefaultBuildOperationRunner] Build operation 'Execute container callback action' started
2021-06-06T09:17:44.394-0500 [DEBUG] [org.gradle.internal.operations.DefaultBuildOperationRunner] Build operation 'Execute container callback action' started
2021-06-06T09:17:44.394-0500 [DEBUG] [org.gradle.internal.operations.DefaultBuildOperationRunner] Completing Build operation 'Execute container callback action'
2021-06-06T09:17:44.394-0500 [DEBUG] [org.gradle.internal.operations.DefaultBuildOperationRunner] Build operation 'Execute container callback action' started
2021-06-06T09:17:44.394-0500 [DEBUG] [org.gradle.internal.operations.DefaultBuildOperationRunner] Completing Build operation 'Execute container callback action'
2021-06-06T09:17:44.395-0500 [DEBUG] [org.gradle.internal.operations.DefaultBuildOperationRunner] Build operation 'Execute container callback action' started
2021-06-06T09:17:44.395-0500 [DEBUG] [org.gradle.internal.operations.DefaultBuildOperationRunner] Completing Build operation 'Execute container callback action'
2021-06-06T09:17:44.395-0500 [DEBUG] [org.gradle.internal.operations.DefaultBuildOperationRunner] Build operation 'Execute container callback action' started
2021-06-06T09:17:44.395-0500 [DEBUG] [org.gradle.internal.operations.DefaultBuildOperationRunner] Completing Build operation 'Execute container callback action'
2021-06-06T09:17:44.395-0500 [DEBUG] [org.gradle.internal.operations.DefaultBuildOperationRunner] Build operation 'Execute container callback action' started
2021-06-06T09:17:44.395-0500 [DEBUG] [org.gradle.internal.operations.DefaultBuildOperationRunner] Completing Build operation 'Execute container callback action'
2021-06-06T09:17:44.395-0500 [DEBUG] [org.gradle.internal.operations.DefaultBuildOperationRunner] Build operation 'Execute container callback action' started
2021-06-06T09:17:44.396-0500 [DEBUG] [org.gradle.internal.operations.DefaultBuildOperationRunner] Completing Build operation 'Execute container callback action'
2021-06-06T09:17:44.396-0500 [DEBUG] [org.gradle.internal.operations.DefaultBuildOperationRunner] Build operation 'Execute container callback action' started
2021-06-06T09:17:44.396-0500 [DEBUG] [org.gradle.internal.operations.DefaultBuildOperationRunner] Completing Build operation 'Execute container callback action'
2021-06-06T09:17:44.396-0500 [DEBUG] [org.gradle.internal.operations.DefaultBuildOperationRunner] Build operation 'Execute container callback action' started
2021-06-06T09:17:44.396-0500 [DEBUG] [org.gradle.internal.operations.DefaultBuildOperationRunner] Completing Build operation 'Execute container callback action'
2021-06-06T09:17:44.397-0500 [DEBUG] [org.gradle.internal.operations.DefaultBuildOperationRunner] Build operation 'Execute container callback action' started
2021-06-06T09:17:44.397-0500 [DEBUG] [org.gradle.internal.operations.DefaultBuildOperationRunner] Completing Build operation 'Execute container callback action'
2021-06-06T09:17:44.397-0500 [DEBUG] [org.gradle.internal.operations.DefaultBuildOperationRunner] Build operation 'Execute container callback action' started
2021-06-06T09:17:44.397-0500 [DEBUG] [org.gradle.internal.operations.DefaultBuildOperationRunner] Completing Build operation 'Execute container callback action'
2021-06-06T09:17:44.398-0500 [DEBUG] [org.gradle.internal.operations.DefaultBuildOperationRunner] Completing Build operation 'Execute container callback action'
2021-06-06T09:17:44.398-0500 [DEBUG] [org.gradle.internal.operations.DefaultBuildOperationRunner] Build operation 'Execute container callback action' started
2021-06-06T09:17:44.399-0500 [DEBUG] [org.gradle.internal.operations.DefaultBuildOperationRunner] Build operation 'Execute container callback action' started
2021-06-06T09:17:44.399-0500 [DEBUG] [org.gradle.internal.operations.DefaultBuildOperationRunner] Completing Build operation 'Execute container callback action'
2021-06-06T09:17:44.399-0500 [DEBUG] [org.gradle.internal.operations.DefaultBuildOperationRunner] Build operation 'Execute container callback action' started
2021-06-06T09:17:44.399-0500 [DEBUG] [org.gradle.internal.operations.DefaultBuildOperationRunner] Completing Build operation 'Execute container callback action'
2021-06-06T09:17:44.399-0500 [DEBUG] [org.gradle.internal.operations.DefaultBuildOperationRunner] Build operation 'Execute container callback action' started
2021-06-06T09:17:44.399-0500 [DEBUG] [org.gradle.internal.operations.DefaultBuildOperationRunner] Completing Build operation 'Execute container callback action'
2021-06-06T09:17:44.399-0500 [DEBUG] [org.gradle.internal.operations.DefaultBuildOperationRunner] Build operation 'Execute container callback action' started
2021-06-06T09:17:44.399-0500 [DEBUG] [org.gradle.internal.operations.DefaultBuildOperationRunner] Completing Build operation 'Execute container callback action'
2021-06-06T09:17:44.400-0500 [DEBUG] [org.gradle.internal.operations.DefaultBuildOperationRunner] Build operation 'Execute container callback action' started
2021-06-06T09:17:44.400-0500 [DEBUG] [org.gradle.internal.operations.DefaultBuildOperationRunner] Completing Build operation 'Execute container callback action'
2021-06-06T09:17:44.400-0500 [DEBUG] [org.gradle.internal.operations.DefaultBuildOperationRunner] Build operation 'Execute container callback action' started
2021-06-06T09:17:44.400-0500 [DEBUG] [org.gradle.internal.operations.DefaultBuildOperationRunner] Completing Build operation 'Execute container callback action'
2021-06-06T09:17:44.400-0500 [DEBUG] [org.gradle.internal.operations.DefaultBuildOperationRunner] Build operation 'Execute container callback action' started
2021-06-06T09:17:44.400-0500 [DEBUG] [org.gradle.internal.operations.DefaultBuildOperationRunner] Completing Build operation 'Execute container callback action'
2021-06-06T09:17:44.400-0500 [DEBUG] [org.gradle.internal.operations.DefaultBuildOperationRunner] Build operation 'Execute container callback action' started
2021-06-06T09:17:44.400-0500 [DEBUG] [org.gradle.internal.operations.DefaultBuildOperationRunner] Completing Build operation 'Execute container callback action'
2021-06-06T09:17:44.401-0500 [DEBUG] [org.gradle.internal.operations.DefaultBuildOperationRunner] Build operation 'Execute container callback action' started
2021-06-06T09:17:44.401-0500 [DEBUG] [org.gradle.internal.operations.DefaultBuildOperationRunner] Completing Build operation 'Execute container callback action'
2021-06-06T09:17:44.401-0500 [DEBUG] [org.gradle.internal.operations.DefaultBuildOperationRunner] Build operation 'Execute container callback action' started
2021-06-06T09:17:44.401-0500 [DEBUG] [org.gradle.internal.operations.DefaultBuildOperationRunner] Completing Build operation 'Execute container callback action'
2021-06-06T09:17:44.402-0500 [DEBUG] [org.gradle.internal.operations.DefaultBuildOperationRunner] Completing Build operation 'Execute container callback action'
2021-06-06T09:17:44.402-0500 [DEBUG] [org.gradle.internal.operations.DefaultBuildOperationRunner] Build operation 'Execute container callback action' started
2021-06-06T09:17:44.402-0500 [DEBUG] [org.gradle.internal.operations.DefaultBuildOperationRunner] Build operation 'Execute container callback action' started
2021-06-06T09:17:44.403-0500 [DEBUG] [org.gradle.internal.operations.DefaultBuildOperationRunner] Completing Build operation 'Execute container callback action'
2021-06-06T09:17:44.403-0500 [DEBUG] [org.gradle.internal.operations.DefaultBuildOperationRunner] Build operation 'Execute container callback action' started
2021-06-06T09:17:44.403-0500 [DEBUG] [org.gradle.internal.operations.DefaultBuildOperationRunner] Completing Build operation 'Execute container callback action'
2021-06-06T09:17:44.403-0500 [DEBUG] [org.gradle.internal.operations.DefaultBuildOperationRunner] Build operation 'Execute container callback action' started
2021-06-06T09:17:44.403-0500 [DEBUG] [org.gradle.internal.operations.DefaultBuildOperationRunner] Completing Build operation 'Execute container callback action'
2021-06-06T09:17:44.403-0500 [DEBUG] [org.gradle.internal.operations.DefaultBuildOperationRunner] Build operation 'Execute container callback action' started
2021-06-06T09:17:44.404-0500 [DEBUG] [org.gradle.internal.operations.DefaultBuildOperationRunner] Completing Build operation 'Execute container callback action'
2021-06-06T09:17:44.404-0500 [DEBUG] [org.gradle.internal.operations.DefaultBuildOperationRunner] Build operation 'Execute container callback action' started
2021-06-06T09:17:44.404-0500 [DEBUG] [org.gradle.internal.operations.DefaultBuildOperationRunner] Completing Build operation 'Execute container callback action'
2021-06-06T09:17:44.404-0500 [DEBUG] [org.gradle.internal.operations.DefaultBuildOperationRunner] Build operation 'Execute container callback action' started
2021-06-06T09:17:44.404-0500 [DEBUG] [org.gradle.internal.operations.DefaultBuildOperationRunner] Completing Build operation 'Execute container callback action'
2021-06-06T09:17:44.404-0500 [DEBUG] [org.gradle.internal.operations.DefaultBuildOperationRunner] Build operation 'Execute container callback action' started
2021-06-06T09:17:44.405-0500 [DEBUG] [org.gradle.internal.operations.DefaultBuildOperationRunner] Completing Build operation 'Execute container callback action'
2021-06-06T09:17:44.405-0500 [DEBUG] [org.gradle.internal.operations.DefaultBuildOperationRunner] Build operation 'Execute container callback action' started
2021-06-06T09:17:44.405-0500 [DEBUG] [org.gradle.internal.operations.DefaultBuildOperationRunner] Completing Build operation 'Execute container callback action'
2021-06-06T09:17:44.406-0500 [DEBUG] [org.gradle.internal.operations.DefaultBuildOperationRunner] Build operation 'Execute container callback action' started
2021-06-06T09:17:44.406-0500 [DEBUG] [org.gradle.internal.operations.DefaultBuildOperationRunner] Completing Build operation 'Execute container callback action'
2021-06-06T09:17:44.406-0500 [DEBUG] [org.gradle.internal.operations.DefaultBuildOperationRunner] Build operation 'Execute container callback action' started
2021-06-06T09:17:44.406-0500 [DEBUG] [org.gradle.internal.operations.DefaultBuildOperationRunner] Completing Build operation 'Execute container callback action'
2021-06-06T09:17:44.406-0500 [DEBUG] [org.gradle.internal.operations.DefaultBuildOperationRunner] Completing Build operation 'Execute container callback action'
2021-06-06T09:17:44.406-0500 [DEBUG] [org.gradle.internal.operations.DefaultBuildOperationRunner] Build operation 'Execute container callback action' started
2021-06-06T09:17:44.407-0500 [DEBUG] [org.gradle.internal.operations.DefaultBuildOperationRunner] Build operation 'Execute container callback action' started
2021-06-06T09:17:44.407-0500 [DEBUG] [org.gradle.internal.operations.DefaultBuildOperationRunner] Completing Build operation 'Execute container callback action'
2021-06-06T09:17:44.407-0500 [DEBUG] [org.gradle.internal.operations.DefaultBuildOperationRunner] Build operation 'Execute container callback action' started
2021-06-06T09:17:44.407-0500 [DEBUG] [org.gradle.internal.operations.DefaultBuildOperationRunner] Completing Build operation 'Execute container callback action'
2021-06-06T09:17:44.408-0500 [DEBUG] [org.gradle.internal.operations.DefaultBuildOperationRunner] Build operation 'Execute container callback action' started
2021-06-06T09:17:44.408-0500 [DEBUG] [org.gradle.internal.operations.DefaultBuildOperationRunner] Completing Build operation 'Execute container callback action'
2021-06-06T09:17:44.408-0500 [DEBUG] [org.gradle.internal.operations.DefaultBuildOperationRunner] Build operation 'Execute container callback action' started
2021-06-06T09:17:44.408-0500 [DEBUG] [org.gradle.internal.operations.DefaultBuildOperationRunner] Completing Build operation 'Execute container callback action'
2021-06-06T09:17:44.408-0500 [DEBUG] [org.gradle.internal.operations.DefaultBuildOperationRunner] Build operation 'Execute container callback action' started
2021-06-06T09:17:44.409-0500 [DEBUG] [org.gradle.internal.operations.DefaultBuildOperationRunner] Completing Build operation 'Execute container callback action'
2021-06-06T09:17:44.409-0500 [DEBUG] [org.gradle.internal.operations.DefaultBuildOperationRunner] Build operation 'Execute container callback action' started
2021-06-06T09:17:44.409-0500 [DEBUG] [org.gradle.internal.operations.DefaultBuildOperationRunner] Completing Build operation 'Execute container callback action'
2021-06-06T09:17:44.409-0500 [DEBUG] [org.gradle.internal.operations.DefaultBuildOperationRunner] Build operation 'Execute container callback action' started
2021-06-06T09:17:44.409-0500 [DEBUG] [org.gradle.internal.operations.DefaultBuildOperationRunner] Completing Build operation 'Execute container callback action'
2021-06-06T09:17:44.409-0500 [DEBUG] [org.gradle.internal.operations.DefaultBuildOperationRunner] Build operation 'Execute container callback action' started
2021-06-06T09:17:44.409-0500 [DEBUG] [org.gradle.internal.operations.DefaultBuildOperationRunner] Completing Build operation 'Execute container callback action'
2021-06-06T09:17:44.410-0500 [DEBUG] [org.gradle.internal.operations.DefaultBuildOperationRunner] Build operation 'Execute container callback action' started
2021-06-06T09:17:44.410-0500 [DEBUG] [org.gradle.internal.operations.DefaultBuildOperationRunner] Completing Build operation 'Execute container callback action'
2021-06-06T09:17:44.410-0500 [DEBUG] [org.gradle.internal.operations.DefaultBuildOperationRunner] Build operation 'Execute container callback action' started
2021-06-06T09:17:44.410-0500 [DEBUG] [org.gradle.internal.operations.DefaultBuildOperationRunner] Completing Build operation 'Execute container callback action'
2021-06-06T09:17:44.411-0500 [DEBUG] [org.gradle.internal.operations.DefaultBuildOperationRunner] Completing Build operation 'Execute container callback action'
2021-06-06T09:17:44.411-0500 [DEBUG] [org.gradle.internal.operations.DefaultBuildOperationRunner] Build operation 'Execute container callback action' started
2021-06-06T09:17:44.411-0500 [DEBUG] [org.gradle.internal.operations.DefaultBuildOperationRunner] Build operation 'Execute container callback action' started
2021-06-06T09:17:44.411-0500 [DEBUG] [org.gradle.internal.operations.DefaultBuildOperationRunner] Completing Build operation 'Execute container callback action'
2021-06-06T09:17:44.411-0500 [DEBUG] [org.gradle.internal.operations.DefaultBuildOperationRunner] Build operation 'Execute container callback action' started
2021-06-06T09:17:44.412-0500 [DEBUG] [org.gradle.internal.operations.DefaultBuildOperationRunner] Completing Build operation 'Execute container callback action'
2021-06-06T09:17:44.412-0500 [DEBUG] [org.gradle.internal.operations.DefaultBuildOperationRunner] Build operation 'Execute container callback action' started
2021-06-06T09:17:44.412-0500 [DEBUG] [org.gradle.internal.operations.DefaultBuildOperationRunner] Completing Build operation 'Execute container callback action'
2021-06-06T09:17:44.412-0500 [DEBUG] [org.gradle.internal.operations.DefaultBuildOperationRunner] Build operation 'Execute container callback action' started
2021-06-06T09:17:44.412-0500 [DEBUG] [org.gradle.internal.operations.DefaultBuildOperationRunner] Completing Build operation 'Execute container callback action'
2021-06-06T09:17:44.412-0500 [DEBUG] [org.gradle.internal.operations.DefaultBuildOperationRunner] Build operation 'Execute container callback action' started
2021-06-06T09:17:44.412-0500 [DEBUG] [org.gradle.internal.operations.DefaultBuildOperationRunner] Completing Build operation 'Execute container callback action'
2021-06-06T09:17:44.412-0500 [DEBUG] [org.gradle.internal.operations.DefaultBuildOperationRunner] Build operation 'Execute container callback action' started
2021-06-06T09:17:44.412-0500 [DEBUG] [org.gradle.internal.operations.DefaultBuildOperationRunner] Completing Build operation 'Execute container callback action'
2021-06-06T09:17:44.412-0500 [DEBUG] [org.gradle.internal.operations.DefaultBuildOperationRunner] Build operation 'Execute container callback action' started
2021-06-06T09:17:44.413-0500 [DEBUG] [org.gradle.internal.operations.DefaultBuildOperationRunner] Completing Build operation 'Execute container callback action'
2021-06-06T09:17:44.413-0500 [DEBUG] [org.gradle.internal.operations.DefaultBuildOperationRunner] Build operation 'Execute container callback action' started
2021-06-06T09:17:44.413-0500 [DEBUG] [org.gradle.internal.operations.DefaultBuildOperationRunner] Completing Build operation 'Execute container callback action'
2021-06-06T09:17:44.413-0500 [DEBUG] [org.gradle.internal.operations.DefaultBuildOperationRunner] Build operation 'Execute container callback action' started
2021-06-06T09:17:44.413-0500 [DEBUG] [org.gradle.internal.operations.DefaultBuildOperationRunner] Completing Build operation 'Execute container callback action'
2021-06-06T09:17:44.414-0500 [DEBUG] [org.gradle.internal.operations.DefaultBuildOperationRunner] Build operation 'Execute container callback action' started
2021-06-06T09:17:44.414-0500 [DEBUG] [org.gradle.internal.operations.DefaultBuildOperationRunner] Completing Build operation 'Execute container callback action'
2021-06-06T09:17:44.414-0500 [DEBUG] [org.gradle.internal.operations.DefaultBuildOperationRunner] Completing Build operation 'Execute container callback action'
2021-06-06T09:17:44.414-0500 [DEBUG] [org.gradle.internal.operations.DefaultBuildOperationRunner] Build operation 'Execute container callback action' started
2021-06-06T09:17:44.414-0500 [DEBUG] [org.gradle.internal.operations.DefaultBuildOperationRunner] Build operation 'Execute container callback action' started
2021-06-06T09:17:44.414-0500 [DEBUG] [org.gradle.internal.operations.DefaultBuildOperationRunner] Completing Build operation 'Execute container callback action'
2021-06-06T09:17:44.415-0500 [DEBUG] [org.gradle.internal.operations.DefaultBuildOperationRunner] Build operation 'Execute container callback action' started
2021-06-06T09:17:44.415-0500 [DEBUG] [org.gradle.internal.operations.DefaultBuildOperationRunner] Completing Build operation 'Execute container callback action'
2021-06-06T09:17:44.415-0500 [DEBUG] [org.gradle.internal.operations.DefaultBuildOperationRunner] Build operation 'Execute container callback action' started
2021-06-06T09:17:44.415-0500 [DEBUG] [org.gradle.internal.operations.DefaultBuildOperationRunner] Completing Build operation 'Execute container callback action'
2021-06-06T09:17:44.415-0500 [DEBUG] [org.gradle.internal.operations.DefaultBuildOperationRunner] Build operation 'Execute container callback action' started
2021-06-06T09:17:44.415-0500 [DEBUG] [org.gradle.internal.operations.DefaultBuildOperationRunner] Completing Build operation 'Execute container callback action'
2021-06-06T09:17:44.415-0500 [DEBUG] [org.gradle.internal.operations.DefaultBuildOperationRunner] Build operation 'Execute container callback action' started
2021-06-06T09:17:44.415-0500 [DEBUG] [org.gradle.internal.operations.DefaultBuildOperationRunner] Completing Build operation 'Execute container callback action'
2021-06-06T09:17:44.415-0500 [DEBUG] [org.gradle.internal.operations.DefaultBuildOperationRunner] Build operation 'Execute container callback action' started
2021-06-06T09:17:44.415-0500 [DEBUG] [org.gradle.internal.operations.DefaultBuildOperationRunner] Completing Build operation 'Execute container callback action'
2021-06-06T09:17:44.416-0500 [DEBUG] [org.gradle.internal.operations.DefaultBuildOperationRunner] Build operation 'Execute container callback action' started
2021-06-06T09:17:44.416-0500 [DEBUG] [org.gradle.internal.operations.DefaultBuildOperationRunner] Completing Build operation 'Execute container callback action'
2021-06-06T09:17:44.416-0500 [DEBUG] [org.gradle.internal.operations.DefaultBuildOperationRunner] Build operation 'Execute container callback action' started
2021-06-06T09:17:44.416-0500 [DEBUG] [org.gradle.internal.operations.DefaultBuildOperationRunner] Completing Build operation 'Execute container callback action'
2021-06-06T09:17:44.416-0500 [DEBUG] [org.gradle.internal.operations.DefaultBuildOperationRunner] Build operation 'Execute container callback action' started
2021-06-06T09:17:44.416-0500 [DEBUG] [org.gradle.internal.operations.DefaultBuildOperationRunner] Completing Build operation 'Execute container callback action'
2021-06-06T09:17:44.417-0500 [DEBUG] [org.gradle.internal.operations.DefaultBuildOperationRunner] Build operation 'Execute container callback action' started
2021-06-06T09:17:44.417-0500 [DEBUG] [org.gradle.internal.operations.DefaultBuildOperationRunner] Completing Build operation 'Execute container callback action'
2021-06-06T09:17:44.417-0500 [DEBUG] [org.gradle.internal.operations.DefaultBuildOperationRunner] Completing Build operation 'Execute container callback action'
2021-06-06T09:17:44.417-0500 [DEBUG] [org.gradle.internal.operations.DefaultBuildOperationRunner] Build operation 'Execute container callback action' started
2021-06-06T09:17:44.418-0500 [DEBUG] [org.gradle.internal.operations.DefaultBuildOperationRunner] Build operation 'Execute container callback action' started
2021-06-06T09:17:44.418-0500 [DEBUG] [org.gradle.internal.operations.DefaultBuildOperationRunner] Completing Build operation 'Execute container callback action'
2021-06-06T09:17:44.418-0500 [DEBUG] [org.gradle.internal.operations.DefaultBuildOperationRunner] Build operation 'Execute container callback action' started
2021-06-06T09:17:44.418-0500 [DEBUG] [org.gradle.internal.operations.DefaultBuildOperationRunner] Completing Build operation 'Execute container callback action'
2021-06-06T09:17:44.418-0500 [DEBUG] [org.gradle.internal.operations.DefaultBuildOperationRunner] Build operation 'Execute container callback action' started
2021-06-06T09:17:44.418-0500 [DEBUG] [org.gradle.internal.operations.DefaultBuildOperationRunner] Completing Build operation 'Execute container callback action'
2021-06-06T09:17:44.418-0500 [DEBUG] [org.gradle.internal.operations.DefaultBuildOperationRunner] Build operation 'Execute container callback action' started
2021-06-06T09:17:44.418-0500 [DEBUG] [org.gradle.internal.operations.DefaultBuildOperationRunner] Completing Build operation 'Execute container callback action'
2021-06-06T09:17:44.419-0500 [DEBUG] [org.gradle.internal.operations.DefaultBuildOperationRunner] Build operation 'Execute container callback action' started
2021-06-06T09:17:44.419-0500 [DEBUG] [org.gradle.internal.operations.DefaultBuildOperationRunner] Completing Build operation 'Execute container callback action'
2021-06-06T09:17:44.419-0500 [DEBUG] [org.gradle.internal.operations.DefaultBuildOperationRunner] Build operation 'Execute container callback action' started
2021-06-06T09:17:44.419-0500 [DEBUG] [org.gradle.internal.operations.DefaultBuildOperationRunner] Completing Build operation 'Execute container callback action'
2021-06-06T09:17:44.419-0500 [DEBUG] [org.gradle.internal.operations.DefaultBuildOperationRunner] Build operation 'Execute container callback action' started
2021-06-06T09:17:44.419-0500 [DEBUG] [org.gradle.internal.operations.DefaultBuildOperationRunner] Completing Build operation 'Execute container callback action'
2021-06-06T09:17:44.419-0500 [DEBUG] [org.gradle.internal.operations.DefaultBuildOperationRunner] Build operation 'Execute container callback action' started
2021-06-06T09:17:44.419-0500 [DEBUG] [org.gradle.internal.operations.DefaultBuildOperationRunner] Completing Build operation 'Execute container callback action'
2021-06-06T09:17:44.420-0500 [DEBUG] [org.gradle.internal.operations.DefaultBuildOperationRunner] Build operation 'Execute container callback action' started
2021-06-06T09:17:44.420-0500 [DEBUG] [org.gradle.internal.operations.DefaultBuildOperationRunner] Completing Build operation 'Execute container callback action'
2021-06-06T09:17:44.420-0500 [DEBUG] [org.gradle.internal.operations.DefaultBuildOperationRunner] Build operation 'Execute container callback action' started
2021-06-06T09:17:44.420-0500 [DEBUG] [org.gradle.internal.operations.DefaultBuildOperationRunner] Completing Build operation 'Execute container callback action'
2021-06-06T09:17:44.420-0500 [DEBUG] [org.gradle.internal.operations.DefaultBuildOperationRunner] Completing Build operation 'Execute container callback action'
2021-06-06T09:17:44.421-0500 [DEBUG] [org.gradle.internal.operations.DefaultBuildOperationRunner] Build operation 'Execute container callback action' started
2021-06-06T09:17:44.421-0500 [DEBUG] [org.gradle.internal.operations.DefaultBuildOperationRunner] Build operation 'Execute container callback action' started
2021-06-06T09:17:44.422-0500 [DEBUG] [org.gradle.internal.operations.DefaultBuildOperationRunner] Completing Build operation 'Execute container callback action'
2021-06-06T09:17:44.422-0500 [DEBUG] [org.gradle.internal.operations.DefaultBuildOperationRunner] Build operation 'Execute container callback action' started
2021-06-06T09:17:44.422-0500 [DEBUG] [org.gradle.internal.operations.DefaultBuildOperationRunner] Completing Build operation 'Execute container callback action'
2021-06-06T09:17:44.422-0500 [DEBUG] [org.gradle.internal.operations.DefaultBuildOperationRunner] Build operation 'Execute container callback action' started
2021-06-06T09:17:44.422-0500 [DEBUG] [org.gradle.internal.operations.DefaultBuildOperationRunner] Completing Build operation 'Execute container callback action'
2021-06-06T09:17:44.422-0500 [DEBUG] [org.gradle.internal.operations.DefaultBuildOperationRunner] Build operation 'Execute container callback action' started
2021-06-06T09:17:44.422-0500 [DEBUG] [org.gradle.internal.operations.DefaultBuildOperationRunner] Completing Build operation 'Execute container callback action'
2021-06-06T09:17:44.423-0500 [DEBUG] [org.gradle.internal.operations.DefaultBuildOperationRunner] Build operation 'Execute container callback action' started
2021-06-06T09:17:44.423-0500 [DEBUG] [org.gradle.internal.operations.DefaultBuildOperationRunner] Completing Build operation 'Execute container callback action'
2021-06-06T09:17:44.423-0500 [DEBUG] [org.gradle.internal.operations.DefaultBuildOperationRunner] Build operation 'Execute container callback action' started
2021-06-06T09:17:44.423-0500 [DEBUG] [org.gradle.internal.operations.DefaultBuildOperationRunner] Completing Build operation 'Execute container callback action'
2021-06-06T09:17:44.423-0500 [DEBUG] [org.gradle.internal.operations.DefaultBuildOperationRunner] Build operation 'Execute container callback action' started
2021-06-06T09:17:44.423-0500 [DEBUG] [org.gradle.internal.operations.DefaultBuildOperationRunner] Completing Build operation 'Execute container callback action'
2021-06-06T09:17:44.424-0500 [DEBUG] [org.gradle.internal.operations.DefaultBuildOperationRunner] Build operation 'Execute container callback action' started
2021-06-06T09:17:44.424-0500 [DEBUG] [org.gradle.internal.operations.DefaultBuildOperationRunner] Completing Build operation 'Execute container callback action'
2021-06-06T09:17:44.425-0500 [DEBUG] [org.gradle.internal.operations.DefaultBuildOperationRunner] Build operation 'Execute container callback action' started
2021-06-06T09:17:44.425-0500 [DEBUG] [org.gradle.internal.operations.DefaultBuildOperationRunner] Completing Build operation 'Execute container callback action'
2021-06-06T09:17:44.425-0500 [DEBUG] [org.gradle.internal.operations.DefaultBuildOperationRunner] Build operation 'Execute container callback action' started
2021-06-06T09:17:44.425-0500 [DEBUG] [org.gradle.internal.operations.DefaultBuildOperationRunner] Completing Build operation 'Execute container callback action'
2021-06-06T09:17:44.425-0500 [DEBUG] [org.gradle.internal.operations.DefaultBuildOperationRunner] Completing Build operation 'Execute container callback action'
2021-06-06T09:17:44.427-0500 [DEBUG] [org.gradle.internal.operations.DefaultBuildOperationRunner] Build operation 'Execute container callback action' started
2021-06-06T09:17:44.427-0500 [DEBUG] [org.gradle.internal.operations.DefaultBuildOperationRunner] Completing Build operation 'Execute container callback action'
2021-06-06T09:17:44.428-0500 [DEBUG] [org.gradle.internal.operations.DefaultBuildOperationRunner] Build operation 'Execute container callback action' started
2021-06-06T09:17:44.428-0500 [DEBUG] [org.gradle.internal.operations.DefaultBuildOperationRunner] Completing Build operation 'Execute container callback action'
2021-06-06T09:17:44.429-0500 [DEBUG] [org.gradle.internal.operations.DefaultBuildOperationRunner] Build operation 'Execute container callback action' started
2021-06-06T09:17:44.429-0500 [DEBUG] [org.gradle.internal.operations.DefaultBuildOperationRunner] Completing Build operation 'Execute container callback action'
2021-06-06T09:17:44.430-0500 [DEBUG] [org.gradle.internal.operations.DefaultBuildOperationRunner] Build operation 'Execute container callback action' started
2021-06-06T09:17:44.430-0500 [DEBUG] [org.gradle.internal.operations.DefaultBuildOperationRunner] Completing Build operation 'Execute container callback action'
2021-06-06T09:17:44.431-0500 [DEBUG] [org.gradle.internal.operations.DefaultBuildOperationRunner] Build operation 'Execute container callback action' started
2021-06-06T09:17:44.431-0500 [DEBUG] [org.gradle.internal.operations.DefaultBuildOperationRunner] Completing Build operation 'Execute container callback action'
2021-06-06T09:17:44.431-0500 [DEBUG] [org.gradle.internal.operations.DefaultBuildOperationRunner] Build operation 'Execute container callback action' started
2021-06-06T09:17:44.431-0500 [DEBUG] [org.gradle.internal.operations.DefaultBuildOperationRunner] Completing Build operation 'Execute container callback action'
2021-06-06T09:17:44.451-0500 [DEBUG] [org.gradle.internal.operations.DefaultBuildOperationRunner] Build operation 'Execute container callback action' started
2021-06-06T09:17:44.453-0500 [DEBUG] [org.gradle.internal.operations.DefaultBuildOperationRunner] Completing Build operation 'Execute container callback action'
2021-06-06T09:17:44.453-0500 [DEBUG] [org.gradle.internal.operations.DefaultBuildOperationRunner] Build operation 'Execute container callback action' started
2021-06-06T09:17:44.454-0500 [DEBUG] [org.gradle.internal.operations.DefaultBuildOperationRunner] Completing Build operation 'Execute container callback action'
2021-06-06T09:17:44.454-0500 [DEBUG] [org.gradle.internal.operations.DefaultBuildOperationRunner] Build operation 'Execute container callback action' started
2021-06-06T09:17:44.454-0500 [DEBUG] [org.gradle.internal.operations.DefaultBuildOperationRunner] Completing Build operation 'Execute container callback action'
2021-06-06T09:17:44.454-0500 [DEBUG] [org.gradle.internal.operations.DefaultBuildOperationRunner] Build operation 'Execute container callback action' started
2021-06-06T09:17:44.454-0500 [DEBUG] [org.gradle.internal.operations.DefaultBuildOperationRunner] Completing Build operation 'Execute container callback action'
2021-06-06T09:17:44.454-0500 [DEBUG] [org.gradle.internal.operations.DefaultBuildOperationRunner] Build operation 'Execute container callback action' started
2021-06-06T09:17:44.455-0500 [DEBUG] [org.gradle.internal.operations.DefaultBuildOperationRunner] Completing Build operation 'Execute container callback action'
2021-06-06T09:17:44.455-0500 [DEBUG] [org.gradle.internal.operations.DefaultBuildOperationRunner] Build operation 'Execute container callback action' started
2021-06-06T09:17:44.455-0500 [DEBUG] [org.gradle.internal.operations.DefaultBuildOperationRunner] Completing Build operation 'Execute container callback action'
2021-06-06T09:17:44.455-0500 [DEBUG] [org.gradle.internal.operations.DefaultBuildOperationRunner] Build operation 'Execute container callback action' started
2021-06-06T09:17:44.455-0500 [DEBUG] [org.gradle.internal.operations.DefaultBuildOperationRunner] Completing Build operation 'Execute container callback action'
2021-06-06T09:17:44.455-0500 [DEBUG] [org.gradle.internal.operations.DefaultBuildOperationRunner] Build operation 'Execute container callback action' started
2021-06-06T09:17:44.456-0500 [DEBUG] [org.gradle.internal.operations.DefaultBuildOperationRunner] Completing Build operation 'Execute container callback action'
2021-06-06T09:17:44.456-0500 [DEBUG] [org.gradle.internal.operations.DefaultBuildOperationRunner] Build operation 'Execute container callback action' started
2021-06-06T09:17:44.456-0500 [DEBUG] [org.gradle.internal.operations.DefaultBuildOperationRunner] Completing Build operation 'Execute container callback action'
2021-06-06T09:17:44.457-0500 [DEBUG] [org.gradle.internal.operations.DefaultBuildOperationRunner] Build operation 'Execute container callback action' started
2021-06-06T09:17:44.459-0500 [DEBUG] [org.gradle.internal.operations.DefaultBuildOperationRunner] Completing Build operation 'Execute container callback action'
2021-06-06T09:17:44.460-0500 [DEBUG] [org.gradle.internal.operations.DefaultBuildOperationRunner] Build operation 'Execute container callback action' started
2021-06-06T09:17:44.460-0500 [DEBUG] [org.gradle.internal.operations.DefaultBuildOperationRunner] Completing Build operation 'Execute container callback action'
2021-06-06T09:17:44.460-0500 [DEBUG] [org.gradle.internal.operations.DefaultBuildOperationRunner] Build operation 'Execute container callback action' started
2021-06-06T09:17:44.460-0500 [DEBUG] [org.gradle.internal.operations.DefaultBuildOperationRunner] Completing Build operation 'Execute container callback action'
2021-06-06T09:17:44.460-0500 [DEBUG] [org.gradle.internal.operations.DefaultBuildOperationRunner] Build operation 'Execute container callback action' started
2021-06-06T09:17:44.460-0500 [DEBUG] [org.gradle.internal.operations.DefaultBuildOperationRunner] Completing Build operation 'Execute container callback action'
2021-06-06T09:17:44.461-0500 [DEBUG] [org.gradle.internal.operations.DefaultBuildOperationRunner] Build operation 'Execute container callback action' started
2021-06-06T09:17:44.461-0500 [DEBUG] [org.gradle.internal.operations.DefaultBuildOperationRunner] Completing Build operation 'Execute container callback action'
2021-06-06T09:17:44.461-0500 [DEBUG] [org.gradle.internal.operations.DefaultBuildOperationRunner] Build operation 'Execute container callback action' started
2021-06-06T09:17:44.461-0500 [DEBUG] [org.gradle.internal.operations.DefaultBuildOperationRunner] Completing Build operation 'Execute container callback action'
2021-06-06T09:17:44.461-0500 [DEBUG] [org.gradle.internal.operations.DefaultBuildOperationRunner] Build operation 'Execute container callback action' started
2021-06-06T09:17:44.461-0500 [DEBUG] [org.gradle.internal.operations.DefaultBuildOperationRunner] Completing Build operation 'Execute container callback action'
2021-06-06T09:17:44.461-0500 [DEBUG] [org.gradle.internal.operations.DefaultBuildOperationRunner] Build operation 'Execute container callback action' started
2021-06-06T09:17:44.462-0500 [DEBUG] [org.gradle.internal.operations.DefaultBuildOperationRunner] Completing Build operation 'Execute container callback action'
2021-06-06T09:17:44.462-0500 [DEBUG] [org.gradle.internal.operations.DefaultBuildOperationRunner] Build operation 'Execute container callback action' started
2021-06-06T09:17:44.462-0500 [DEBUG] [org.gradle.internal.operations.DefaultBuildOperationRunner] Completing Build operation 'Execute container callback action'
2021-06-06T09:17:44.462-0500 [DEBUG] [org.gradle.internal.operations.DefaultBuildOperationRunner] Build operation 'Execute container callback action' started
2021-06-06T09:17:44.462-0500 [DEBUG] [org.gradle.internal.operations.DefaultBuildOperationRunner] Completing Build operation 'Execute container callback action'
2021-06-06T09:17:44.462-0500 [DEBUG] [org.gradle.internal.operations.DefaultBuildOperationRunner] Build operation 'Execute container callback action' started
2021-06-06T09:17:44.463-0500 [DEBUG] [org.gradle.internal.operations.DefaultBuildOperationRunner] Completing Build operation 'Execute container callback action'
2021-06-06T09:17:44.463-0500 [DEBUG] [org.gradle.internal.operations.DefaultBuildOperationRunner] Build operation 'Execute container callback action' started
2021-06-06T09:17:44.463-0500 [DEBUG] [org.gradle.internal.operations.DefaultBuildOperationRunner] Completing Build operation 'Execute container callback action'
2021-06-06T09:17:44.463-0500 [DEBUG] [org.gradle.internal.operations.DefaultBuildOperationRunner] Build operation 'Execute container callback action' started
2021-06-06T09:17:44.463-0500 [DEBUG] [org.gradle.internal.operations.DefaultBuildOperationRunner] Completing Build operation 'Execute container callback action'
2021-06-06T09:17:44.463-0500 [DEBUG] [org.gradle.internal.operations.DefaultBuildOperationRunner] Build operation 'Execute container callback action' started
2021-06-06T09:17:44.464-0500 [DEBUG] [org.gradle.internal.operations.DefaultBuildOperationRunner] Completing Build operation 'Execute container callback action'
2021-06-06T09:17:44.464-0500 [DEBUG] [org.gradle.internal.operations.DefaultBuildOperationRunner] Build operation 'Execute container callback action' started
2021-06-06T09:17:44.464-0500 [DEBUG] [org.gradle.internal.operations.DefaultBuildOperationRunner] Completing Build operation 'Execute container callback action'
2021-06-06T09:17:44.464-0500 [DEBUG] [org.gradle.internal.operations.DefaultBuildOperationRunner] Build operation 'Execute container callback action' started
2021-06-06T09:17:44.464-0500 [DEBUG] [org.gradle.internal.operations.DefaultBuildOperationRunner] Completing Build operation 'Execute container callback action'
2021-06-06T09:17:44.464-0500 [DEBUG] [org.gradle.internal.operations.DefaultBuildOperationRunner] Build operation 'Execute container callback action' started
2021-06-06T09:17:44.464-0500 [DEBUG] [org.gradle.internal.operations.DefaultBuildOperationRunner] Completing Build operation 'Execute container callback action'
2021-06-06T09:17:44.465-0500 [DEBUG] [org.gradle.internal.operations.DefaultBuildOperationRunner] Build operation 'Execute container callback action' started
2021-06-06T09:17:44.465-0500 [DEBUG] [org.gradle.internal.operations.DefaultBuildOperationRunner] Completing Build operation 'Execute container callback action'
2021-06-06T09:17:44.465-0500 [DEBUG] [org.gradle.internal.operations.DefaultBuildOperationRunner] Build operation 'Execute container callback action' started
2021-06-06T09:17:44.465-0500 [DEBUG] [org.gradle.internal.operations.DefaultBuildOperationRunner] Completing Build operation 'Execute container callback action'
2021-06-06T09:17:44.465-0500 [DEBUG] [org.gradle.internal.operations.DefaultBuildOperationRunner] Build operation 'Execute container callback action' started
2021-06-06T09:17:44.465-0500 [DEBUG] [org.gradle.internal.operations.DefaultBuildOperationRunner] Completing Build operation 'Execute container callback action'
2021-06-06T09:17:44.466-0500 [DEBUG] [org.gradle.internal.operations.DefaultBuildOperationRunner] Build operation 'Execute container callback action' started
2021-06-06T09:17:44.466-0500 [DEBUG] [org.gradle.internal.operations.DefaultBuildOperationRunner] Completing Build operation 'Execute container callback action'
2021-06-06T09:17:44.466-0500 [DEBUG] [org.gradle.internal.operations.DefaultBuildOperationRunner] Build operation 'Execute container callback action' started
2021-06-06T09:17:44.466-0500 [DEBUG] [org.gradle.internal.operations.DefaultBuildOperationRunner] Completing Build operation 'Execute container callback action'
2021-06-06T09:17:44.466-0500 [DEBUG] [org.gradle.internal.operations.DefaultBuildOperationRunner] Build operation 'Execute container callback action' started
2021-06-06T09:17:44.466-0500 [DEBUG] [org.gradle.internal.operations.DefaultBuildOperationRunner] Completing Build operation 'Execute container callback action'
2021-06-06T09:17:44.466-0500 [DEBUG] [org.gradle.internal.operations.DefaultBuildOperationRunner] Build operation 'Execute container callback action' started
2021-06-06T09:17:44.467-0500 [DEBUG] [org.gradle.internal.operations.DefaultBuildOperationRunner] Completing Build operation 'Execute container callback action'
2021-06-06T09:17:44.467-0500 [DEBUG] [org.gradle.internal.operations.DefaultBuildOperationRunner] Build operation 'Execute container callback action' started
2021-06-06T09:17:44.467-0500 [DEBUG] [org.gradle.internal.operations.DefaultBuildOperationRunner] Completing Build operation 'Execute container callback action'
2021-06-06T09:17:44.467-0500 [DEBUG] [org.gradle.internal.operations.DefaultBuildOperationRunner] Build operation 'Execute container callback action' started
2021-06-06T09:17:44.467-0500 [DEBUG] [org.gradle.internal.operations.DefaultBuildOperationRunner] Completing Build operation 'Execute container callback action'
2021-06-06T09:17:44.467-0500 [DEBUG] [org.gradle.internal.operations.DefaultBuildOperationRunner] Build operation 'Execute container callback action' started
2021-06-06T09:17:44.467-0500 [DEBUG] [org.gradle.internal.operations.DefaultBuildOperationRunner] Completing Build operation 'Execute container callback action'
2021-06-06T09:17:44.468-0500 [DEBUG] [org.gradle.internal.operations.DefaultBuildOperationRunner] Build operation 'Execute container callback action' started
2021-06-06T09:17:44.468-0500 [DEBUG] [org.gradle.internal.operations.DefaultBuildOperationRunner] Completing Build operation 'Execute container callback action'
2021-06-06T09:17:44.468-0500 [DEBUG] [org.gradle.internal.operations.DefaultBuildOperationRunner] Build operation 'Execute container callback action' started
2021-06-06T09:17:44.469-0500 [DEBUG] [org.gradle.internal.operations.DefaultBuildOperationRunner] Completing Build operation 'Execute container callback action'
2021-06-06T09:17:44.469-0500 [DEBUG] [org.gradle.internal.operations.DefaultBuildOperationRunner] Build operation 'Execute container callback action' started
2021-06-06T09:17:44.469-0500 [DEBUG] [org.gradle.internal.operations.DefaultBuildOperationRunner] Completing Build operation 'Execute container callback action'
2021-06-06T09:17:44.469-0500 [DEBUG] [org.gradle.internal.operations.DefaultBuildOperationRunner] Build operation 'Execute container callback action' started
2021-06-06T09:17:44.469-0500 [DEBUG] [org.gradle.internal.operations.DefaultBuildOperationRunner] Completing Build operation 'Execute container callback action'
2021-06-06T09:17:44.469-0500 [DEBUG] [org.gradle.internal.operations.DefaultBuildOperationRunner] Build operation 'Execute container callback action' started
2021-06-06T09:17:44.469-0500 [DEBUG] [org.gradle.internal.operations.DefaultBuildOperationRunner] Completing Build operation 'Execute container callback action'
2021-06-06T09:17:44.469-0500 [DEBUG] [org.gradle.internal.operations.DefaultBuildOperationRunner] Build operation 'Execute container callback action' started
2021-06-06T09:17:44.470-0500 [DEBUG] [org.gradle.internal.operations.DefaultBuildOperationRunner] Completing Build operation 'Execute container callback action'
2021-06-06T09:17:44.470-0500 [DEBUG] [org.gradle.internal.operations.DefaultBuildOperationRunner] Build operation 'Execute container callback action' started
2021-06-06T09:17:44.470-0500 [DEBUG] [org.gradle.internal.operations.DefaultBuildOperationRunner] Completing Build operation 'Execute container callback action'
2021-06-06T09:17:44.470-0500 [DEBUG] [org.gradle.internal.operations.DefaultBuildOperationRunner] Build operation 'Execute container callback action' started
2021-06-06T09:17:44.470-0500 [DEBUG] [org.gradle.internal.operations.DefaultBuildOperationRunner] Completing Build operation 'Execute container callback action'
2021-06-06T09:17:44.470-0500 [DEBUG] [org.gradle.internal.operations.DefaultBuildOperationRunner] Build operation 'Execute container callback action' started
2021-06-06T09:17:44.470-0500 [DEBUG] [org.gradle.internal.operations.DefaultBuildOperationRunner] Completing Build operation 'Execute container callback action'
2021-06-06T09:17:44.471-0500 [DEBUG] [org.gradle.internal.operations.DefaultBuildOperationRunner] Build operation 'Execute container callback action' started
2021-06-06T09:17:44.472-0500 [DEBUG] [org.gradle.internal.operations.DefaultBuildOperationRunner] Completing Build operation 'Execute container callback action'
2021-06-06T09:17:44.472-0500 [DEBUG] [org.gradle.internal.operations.DefaultBuildOperationRunner] Build operation 'Execute container callback action' started
2021-06-06T09:17:44.472-0500 [DEBUG] [org.gradle.internal.operations.DefaultBuildOperationRunner] Completing Build operation 'Execute container callback action'
2021-06-06T09:17:44.473-0500 [DEBUG] [org.gradle.internal.operations.DefaultBuildOperationRunner] Build operation 'Execute container callback action' started
2021-06-06T09:17:44.473-0500 [DEBUG] [org.gradle.internal.operations.DefaultBuildOperationRunner] Completing Build operation 'Execute container callback action'
2021-06-06T09:17:44.473-0500 [DEBUG] [org.gradle.internal.operations.DefaultBuildOperationRunner] Build operation 'Execute container callback action' started
2021-06-06T09:17:44.473-0500 [DEBUG] [org.gradle.internal.operations.DefaultBuildOperationRunner] Completing Build operation 'Execute container callback action'
2021-06-06T09:17:44.473-0500 [DEBUG] [org.gradle.internal.operations.DefaultBuildOperationRunner] Build operation 'Execute container callback action' started
2021-06-06T09:17:44.473-0500 [DEBUG] [org.gradle.internal.operations.DefaultBuildOperationRunner] Completing Build operation 'Execute container callback action'
2021-06-06T09:17:44.473-0500 [DEBUG] [org.gradle.internal.operations.DefaultBuildOperationRunner] Build operation 'Execute container callback action' started
2021-06-06T09:17:44.473-0500 [DEBUG] [org.gradle.internal.operations.DefaultBuildOperationRunner] Completing Build operation 'Execute container callback action'
2021-06-06T09:17:44.473-0500 [DEBUG] [org.gradle.internal.operations.DefaultBuildOperationRunner] Build operation 'Execute container callback action' started
2021-06-06T09:17:44.473-0500 [DEBUG] [org.gradle.internal.operations.DefaultBuildOperationRunner] Completing Build operation 'Execute container callback action'
2021-06-06T09:17:44.473-0500 [DEBUG] [org.gradle.internal.operations.DefaultBuildOperationRunner] Build operation 'Execute container callback action' started
2021-06-06T09:17:44.473-0500 [DEBUG] [org.gradle.internal.operations.DefaultBuildOperationRunner] Completing Build operation 'Execute container callback action'
2021-06-06T09:17:44.474-0500 [DEBUG] [org.gradle.internal.operations.DefaultBuildOperationRunner] Build operation 'Execute container callback action' started
2021-06-06T09:17:44.474-0500 [DEBUG] [org.gradle.internal.operations.DefaultBuildOperationRunner] Completing Build operation 'Execute container callback action'
2021-06-06T09:17:44.474-0500 [DEBUG] [org.gradle.internal.operations.DefaultBuildOperationRunner] Build operation 'Execute container callback action' started
2021-06-06T09:17:44.474-0500 [DEBUG] [org.gradle.internal.operations.DefaultBuildOperationRunner] Completing Build operation 'Execute container callback action'
2021-06-06T09:17:44.474-0500 [DEBUG] [org.gradle.internal.operations.DefaultBuildOperationRunner] Build operation 'Execute container callback action' started
2021-06-06T09:17:44.474-0500 [DEBUG] [org.gradle.internal.operations.DefaultBuildOperationRunner] Completing Build operation 'Execute container callback action'
2021-06-06T09:17:44.474-0500 [DEBUG] [org.gradle.internal.operations.DefaultBuildOperationRunner] Build operation 'Execute container callback action' started
2021-06-06T09:17:44.474-0500 [DEBUG] [org.gradle.internal.operations.DefaultBuildOperationRunner] Completing Build operation 'Execute container callback action'
2021-06-06T09:17:44.475-0500 [DEBUG] [org.gradle.internal.operations.DefaultBuildOperationRunner] Build operation 'Execute container callback action' started
2021-06-06T09:17:44.475-0500 [DEBUG] [org.gradle.internal.operations.DefaultBuildOperationRunner] Completing Build operation 'Execute container callback action'
2021-06-06T09:17:44.475-0500 [DEBUG] [org.gradle.internal.operations.DefaultBuildOperationRunner] Build operation 'Execute container callback action' started
2021-06-06T09:17:44.475-0500 [DEBUG] [org.gradle.internal.operations.DefaultBuildOperationRunner] Completing Build operation 'Execute container callback action'
2021-06-06T09:17:44.475-0500 [DEBUG] [org.gradle.internal.operations.DefaultBuildOperationRunner] Build operation 'Execute container callback action' started
2021-06-06T09:17:44.475-0500 [DEBUG] [org.gradle.internal.operations.DefaultBuildOperationRunner] Completing Build operation 'Execute container callback action'
2021-06-06T09:17:44.475-0500 [DEBUG] [org.gradle.internal.operations.DefaultBuildOperationRunner] Build operation 'Execute container callback action' started
2021-06-06T09:17:44.475-0500 [DEBUG] [org.gradle.internal.operations.DefaultBuildOperationRunner] Completing Build operation 'Execute container callback action'
2021-06-06T09:17:44.476-0500 [DEBUG] [org.gradle.internal.operations.DefaultBuildOperationRunner] Build operation 'Execute container callback action' started
2021-06-06T09:17:44.476-0500 [DEBUG] [org.gradle.internal.operations.DefaultBuildOperationRunner] Completing Build operation 'Execute container callback action'
2021-06-06T09:17:44.476-0500 [DEBUG] [org.gradle.internal.operations.DefaultBuildOperationRunner] Build operation 'Execute container callback action' started
2021-06-06T09:17:44.476-0500 [DEBUG] [org.gradle.internal.operations.DefaultBuildOperationRunner] Completing Build operation 'Execute container callback action'
2021-06-06T09:17:44.476-0500 [DEBUG] [org.gradle.internal.operations.DefaultBuildOperationRunner] Build operation 'Execute container callback action' started
2021-06-06T09:17:44.476-0500 [DEBUG] [org.gradle.internal.operations.DefaultBuildOperationRunner] Completing Build operation 'Execute container callback action'
2021-06-06T09:17:44.476-0500 [DEBUG] [org.gradle.internal.operations.DefaultBuildOperationRunner] Build operation 'Execute container callback action' started
2021-06-06T09:17:44.476-0500 [DEBUG] [org.gradle.internal.operations.DefaultBuildOperationRunner] Completing Build operation 'Execute container callback action'
2021-06-06T09:17:44.476-0500 [DEBUG] [org.gradle.internal.operations.DefaultBuildOperationRunner] Build operation 'Execute container callback action' started
2021-06-06T09:17:44.476-0500 [DEBUG] [org.gradle.internal.operations.DefaultBuildOperationRunner] Completing Build operation 'Execute container callback action'
2021-06-06T09:17:44.476-0500 [DEBUG] [org.gradle.internal.operations.DefaultBuildOperationRunner] Build operation 'Execute container callback action' started
2021-06-06T09:17:44.477-0500 [DEBUG] [org.gradle.internal.operations.DefaultBuildOperationRunner] Completing Build operation 'Execute container callback action'
2021-06-06T09:17:44.477-0500 [DEBUG] [org.gradle.internal.operations.DefaultBuildOperationRunner] Build operation 'Execute container callback action' started
2021-06-06T09:17:44.477-0500 [DEBUG] [org.gradle.internal.operations.DefaultBuildOperationRunner] Completing Build operation 'Execute container callback action'
2021-06-06T09:17:44.477-0500 [DEBUG] [org.gradle.internal.operations.DefaultBuildOperationRunner] Build operation 'Execute container callback action' started
2021-06-06T09:17:44.477-0500 [DEBUG] [org.gradle.internal.operations.DefaultBuildOperationRunner] Completing Build operation 'Execute container callback action'
2021-06-06T09:17:44.477-0500 [DEBUG] [org.gradle.internal.operations.DefaultBuildOperationRunner] Build operation 'Execute container callback action' started
2021-06-06T09:17:44.477-0500 [DEBUG] [org.gradle.internal.operations.DefaultBuildOperationRunner] Completing Build operation 'Execute container callback action'
2021-06-06T09:17:44.477-0500 [DEBUG] [org.gradle.internal.operations.DefaultBuildOperationRunner] Build operation 'Execute container callback action' started
2021-06-06T09:17:44.477-0500 [DEBUG] [org.gradle.internal.operations.DefaultBuildOperationRunner] Completing Build operation 'Execute container callback action'
2021-06-06T09:17:44.477-0500 [DEBUG] [org.gradle.internal.operations.DefaultBuildOperationRunner] Build operation 'Execute container callback action' started
2021-06-06T09:17:44.477-0500 [DEBUG] [org.gradle.internal.operations.DefaultBuildOperationRunner] Completing Build operation 'Execute container callback action'
2021-06-06T09:17:44.477-0500 [DEBUG] [org.gradle.internal.operations.DefaultBuildOperationRunner] Build operation 'Execute container callback action' started
2021-06-06T09:17:44.477-0500 [DEBUG] [org.gradle.internal.operations.DefaultBuildOperationRunner] Completing Build operation 'Execute container callback action'
2021-06-06T09:17:44.478-0500 [DEBUG] [org.gradle.internal.operations.DefaultBuildOperationRunner] Build operation 'Execute container callback action' started
2021-06-06T09:17:44.478-0500 [DEBUG] [org.gradle.internal.operations.DefaultBuildOperationRunner] Completing Build operation 'Execute container callback action'
2021-06-06T09:17:44.478-0500 [DEBUG] [org.gradle.internal.operations.DefaultBuildOperationRunner] Build operation 'Execute container callback action' started
2021-06-06T09:17:44.478-0500 [DEBUG] [org.gradle.internal.operations.DefaultBuildOperationRunner] Completing Build operation 'Execute container callback action'
2021-06-06T09:17:44.478-0500 [DEBUG] [org.gradle.internal.operations.DefaultBuildOperationRunner] Build operation 'Execute container callback action' started
2021-06-06T09:17:44.478-0500 [DEBUG] [org.gradle.internal.operations.DefaultBuildOperationRunner] Completing Build operation 'Execute container callback action'
2021-06-06T09:17:44.478-0500 [DEBUG] [org.gradle.internal.operations.DefaultBuildOperationRunner] Build operation 'Execute container callback action' started
2021-06-06T09:17:44.478-0500 [DEBUG] [org.gradle.internal.operations.DefaultBuildOperationRunner] Completing Build operation 'Execute container callback action'
2021-06-06T09:17:44.478-0500 [DEBUG] [org.gradle.internal.operations.DefaultBuildOperationRunner] Build operation 'Execute container callback action' started
2021-06-06T09:17:44.478-0500 [DEBUG] [org.gradle.internal.operations.DefaultBuildOperationRunner] Completing Build operation 'Execute container callback action'
2021-06-06T09:17:44.478-0500 [DEBUG] [org.gradle.internal.operations.DefaultBuildOperationRunner] Build operation 'Execute container callback action' started
2021-06-06T09:17:44.478-0500 [DEBUG] [org.gradle.internal.operations.DefaultBuildOperationRunner] Completing Build operation 'Execute container callback action'
2021-06-06T09:17:44.478-0500 [DEBUG] [org.gradle.internal.operations.DefaultBuildOperationRunner] Build operation 'Execute container callback action' started
2021-06-06T09:17:44.478-0500 [DEBUG] [org.gradle.internal.operations.DefaultBuildOperationRunner] Completing Build operation 'Execute container callback action'
2021-06-06T09:17:44.479-0500 [DEBUG] [org.gradle.internal.operations.DefaultBuildOperationRunner] Build operation 'Execute container callback action' started
2021-06-06T09:17:44.479-0500 [DEBUG] [org.gradle.internal.operations.DefaultBuildOperationRunner] Completing Build operation 'Execute container callback action'
2021-06-06T09:17:44.479-0500 [DEBUG] [org.gradle.internal.operations.DefaultBuildOperationRunner] Build operation 'Execute container callback action' started
2021-06-06T09:17:44.479-0500 [DEBUG] [org.gradle.internal.operations.DefaultBuildOperationRunner] Completing Build operation 'Execute container callback action'
2021-06-06T09:17:44.479-0500 [DEBUG] [org.gradle.internal.operations.DefaultBuildOperationRunner] Build operation 'Execute container callback action' started
2021-06-06T09:17:44.479-0500 [DEBUG] [org.gradle.internal.operations.DefaultBuildOperationRunner] Completing Build operation 'Execute container callback action'
2021-06-06T09:17:44.479-0500 [DEBUG] [org.gradle.internal.operations.DefaultBuildOperationRunner] Build operation 'Execute container callback action' started
2021-06-06T09:17:44.479-0500 [DEBUG] [org.gradle.internal.operations.DefaultBuildOperationRunner] Completing Build operation 'Execute container callback action'
2021-06-06T09:17:44.479-0500 [DEBUG] [org.gradle.internal.operations.DefaultBuildOperationRunner] Build operation 'Execute container callback action' started
2021-06-06T09:17:44.479-0500 [DEBUG] [org.gradle.internal.operations.DefaultBuildOperationRunner] Completing Build operation 'Execute container callback action'
2021-06-06T09:17:44.479-0500 [DEBUG] [org.gradle.internal.operations.DefaultBuildOperationRunner] Build operation 'Execute container callback action' started
2021-06-06T09:17:44.479-0500 [DEBUG] [org.gradle.internal.operations.DefaultBuildOperationRunner] Completing Build operation 'Execute container callback action'
2021-06-06T09:17:44.479-0500 [DEBUG] [org.gradle.internal.operations.DefaultBuildOperationRunner] Build operation 'Execute container callback action' started
2021-06-06T09:17:44.479-0500 [DEBUG] [org.gradle.internal.operations.DefaultBuildOperationRunner] Completing Build operation 'Execute container callback action'
2021-06-06T09:17:44.480-0500 [DEBUG] [org.gradle.internal.operations.DefaultBuildOperationRunner] Build operation 'Execute container callback action' started
2021-06-06T09:17:44.480-0500 [DEBUG] [org.gradle.internal.operations.DefaultBuildOperationRunner] Completing Build operation 'Execute container callback action'
2021-06-06T09:17:44.480-0500 [DEBUG] [org.gradle.internal.operations.DefaultBuildOperationRunner] Build operation 'Execute container callback action' started
2021-06-06T09:17:44.480-0500 [DEBUG] [org.gradle.internal.operations.DefaultBuildOperationRunner] Completing Build operation 'Execute container callback action'
2021-06-06T09:17:44.480-0500 [DEBUG] [org.gradle.internal.operations.DefaultBuildOperationRunner] Build operation 'Execute container callback action' started
2021-06-06T09:17:44.480-0500 [DEBUG] [org.gradle.internal.operations.DefaultBuildOperationRunner] Completing Build operation 'Execute container callback action'
2021-06-06T09:17:44.480-0500 [DEBUG] [org.gradle.internal.operations.DefaultBuildOperationRunner] Build operation 'Execute container callback action' started
2021-06-06T09:17:44.480-0500 [DEBUG] [org.gradle.internal.operations.DefaultBuildOperationRunner] Completing Build operation 'Execute container callback action'
2021-06-06T09:17:44.480-0500 [DEBUG] [org.gradle.internal.operations.DefaultBuildOperationRunner] Build operation 'Execute container callback action' started
2021-06-06T09:17:44.480-0500 [DEBUG] [org.gradle.internal.operations.DefaultBuildOperationRunner] Completing Build operation 'Execute container callback action'
2021-06-06T09:17:44.481-0500 [DEBUG] [org.gradle.internal.operations.DefaultBuildOperationRunner] Build operation 'Execute container callback action' started
2021-06-06T09:17:44.481-0500 [DEBUG] [org.gradle.internal.operations.DefaultBuildOperationRunner] Completing Build operation 'Execute container callback action'
2021-06-06T09:17:44.481-0500 [DEBUG] [org.gradle.internal.operations.DefaultBuildOperationRunner] Build operation 'Execute container callback action' started
2021-06-06T09:17:44.481-0500 [DEBUG] [org.gradle.internal.operations.DefaultBuildOperationRunner] Completing Build operation 'Execute container callback action'
2021-06-06T09:17:44.481-0500 [DEBUG] [org.gradle.internal.operations.DefaultBuildOperationRunner] Build operation 'Execute container callback action' started
2021-06-06T09:17:44.481-0500 [DEBUG] [org.gradle.internal.operations.DefaultBuildOperationRunner] Completing Build operation 'Execute container callback action'
2021-06-06T09:17:44.481-0500 [DEBUG] [org.gradle.internal.operations.DefaultBuildOperationRunner] Build operation 'Execute container callback action' started
2021-06-06T09:17:44.481-0500 [DEBUG] [org.gradle.internal.operations.DefaultBuildOperationRunner] Completing Build operation 'Execute container callback action'
2021-06-06T09:17:44.482-0500 [DEBUG] [org.gradle.internal.operations.DefaultBuildOperationRunner] Build operation 'Execute container callback action' started
2021-06-06T09:17:44.482-0500 [DEBUG] [org.gradle.internal.operations.DefaultBuildOperationRunner] Completing Build operation 'Execute container callback action'
2021-06-06T09:17:44.482-0500 [DEBUG] [org.gradle.internal.operations.DefaultBuildOperationRunner] Build operation 'Execute container callback action' started
2021-06-06T09:17:44.482-0500 [DEBUG] [org.gradle.internal.operations.DefaultBuildOperationRunner] Completing Build operation 'Execute container callback action'
2021-06-06T09:17:44.482-0500 [DEBUG] [org.gradle.internal.operations.DefaultBuildOperationRunner] Build operation 'Execute container callback action' started
2021-06-06T09:17:44.482-0500 [DEBUG] [org.gradle.internal.operations.DefaultBuildOperationRunner] Completing Build operation 'Execute container callback action'
2021-06-06T09:17:44.482-0500 [DEBUG] [org.gradle.internal.operations.DefaultBuildOperationRunner] Build operation 'Execute container callback action' started
2021-06-06T09:17:44.482-0500 [DEBUG] [org.gradle.internal.operations.DefaultBuildOperationRunner] Completing Build operation 'Execute container callback action'
2021-06-06T09:17:44.482-0500 [DEBUG] [org.gradle.internal.operations.DefaultBuildOperationRunner] Build operation 'Execute container callback action' started
2021-06-06T09:17:44.483-0500 [DEBUG] [org.gradle.internal.operations.DefaultBuildOperationRunner] Completing Build operation 'Execute container callback action'
2021-06-06T09:17:44.483-0500 [DEBUG] [org.gradle.internal.operations.DefaultBuildOperationRunner] Build operation 'Execute container callback action' started
2021-06-06T09:17:44.483-0500 [DEBUG] [org.gradle.internal.operations.DefaultBuildOperationRunner] Completing Build operation 'Execute container callback action'
2021-06-06T09:17:44.483-0500 [DEBUG] [org.gradle.internal.operations.DefaultBuildOperationRunner] Build operation 'Execute container callback action' started
2021-06-06T09:17:44.483-0500 [DEBUG] [org.gradle.internal.operations.DefaultBuildOperationRunner] Completing Build operation 'Execute container callback action'
2021-06-06T09:17:44.483-0500 [DEBUG] [org.gradle.internal.operations.DefaultBuildOperationRunner] Build operation 'Execute container callback action' started
2021-06-06T09:17:44.483-0500 [DEBUG] [org.gradle.internal.operations.DefaultBuildOperationRunner] Completing Build operation 'Execute container callback action'
2021-06-06T09:17:44.483-0500 [DEBUG] [org.gradle.internal.operations.DefaultBuildOperationRunner] Build operation 'Execute container callback action' started
2021-06-06T09:17:44.483-0500 [DEBUG] [org.gradle.internal.operations.DefaultBuildOperationRunner] Completing Build operation 'Execute container callback action'
2021-06-06T09:17:44.483-0500 [DEBUG] [org.gradle.internal.operations.DefaultBuildOperationRunner] Build operation 'Execute container callback action' started
2021-06-06T09:17:44.483-0500 [DEBUG] [org.gradle.internal.operations.DefaultBuildOperationRunner] Completing Build operation 'Execute container callback action'
2021-06-06T09:17:44.483-0500 [DEBUG] [org.gradle.internal.operations.DefaultBuildOperationRunner] Build operation 'Execute container callback action' started
2021-06-06T09:17:44.484-0500 [DEBUG] [org.gradle.internal.operations.DefaultBuildOperationRunner] Completing Build operation 'Execute container callback action'
2021-06-06T09:17:44.484-0500 [DEBUG] [org.gradle.internal.operations.DefaultBuildOperationRunner] Build operation 'Execute container callback action' started
2021-06-06T09:17:44.484-0500 [DEBUG] [org.gradle.internal.operations.DefaultBuildOperationRunner] Completing Build operation 'Execute container callback action'
2021-06-06T09:17:44.484-0500 [DEBUG] [org.gradle.internal.operations.DefaultBuildOperationRunner] Build operation 'Execute container callback action' started
2021-06-06T09:17:44.484-0500 [DEBUG] [org.gradle.internal.operations.DefaultBuildOperationRunner] Completing Build operation 'Execute container callback action'
2021-06-06T09:17:44.484-0500 [DEBUG] [org.gradle.internal.operations.DefaultBuildOperationRunner] Build operation 'Execute container callback action' started
2021-06-06T09:17:44.484-0500 [DEBUG] [org.gradle.internal.operations.DefaultBuildOperationRunner] Completing Build operation 'Execute container callback action'
2021-06-06T09:17:44.484-0500 [DEBUG] [org.gradle.internal.operations.DefaultBuildOperationRunner] Build operation 'Execute container callback action' started
2021-06-06T09:17:44.484-0500 [DEBUG] [org.gradle.internal.operations.DefaultBuildOperationRunner] Completing Build operation 'Execute container callback action'
2021-06-06T09:17:44.484-0500 [DEBUG] [org.gradle.internal.operations.DefaultBuildOperationRunner] Build operation 'Execute container callback action' started
2021-06-06T09:17:44.484-0500 [DEBUG] [org.gradle.internal.operations.DefaultBuildOperationRunner] Completing Build operation 'Execute container callback action'
2021-06-06T09:17:44.484-0500 [DEBUG] [org.gradle.internal.operations.DefaultBuildOperationRunner] Build operation 'Execute container callback action' started
2021-06-06T09:17:44.484-0500 [DEBUG] [org.gradle.internal.operations.DefaultBuildOperationRunner] Completing Build operation 'Execute container callback action'
2021-06-06T09:17:44.485-0500 [DEBUG] [org.gradle.internal.operations.DefaultBuildOperationRunner] Build operation 'Execute container callback action' started
2021-06-06T09:17:44.485-0500 [DEBUG] [org.gradle.internal.operations.DefaultBuildOperationRunner] Completing Build operation 'Execute container callback action'
2021-06-06T09:17:44.485-0500 [DEBUG] [org.gradle.internal.operations.DefaultBuildOperationRunner] Build operation 'Execute container callback action' started
2021-06-06T09:17:44.485-0500 [DEBUG] [org.gradle.internal.operations.DefaultBuildOperationRunner] Completing Build operation 'Execute container callback action'
2021-06-06T09:17:44.485-0500 [DEBUG] [org.gradle.internal.operations.DefaultBuildOperationRunner] Build operation 'Execute container callback action' started
2021-06-06T09:17:44.485-0500 [DEBUG] [org.gradle.internal.operations.DefaultBuildOperationRunner] Completing Build operation 'Execute container callback action'
2021-06-06T09:17:44.485-0500 [DEBUG] [org.gradle.internal.operations.DefaultBuildOperationRunner] Build operation 'Execute container callback action' started
2021-06-06T09:17:44.485-0500 [DEBUG] [org.gradle.internal.operations.DefaultBuildOperationRunner] Completing Build operation 'Execute container callback action'
2021-06-06T09:17:44.485-0500 [DEBUG] [org.gradle.internal.operations.DefaultBuildOperationRunner] Build operation 'Execute container callback action' started
2021-06-06T09:17:44.486-0500 [DEBUG] [org.gradle.internal.operations.DefaultBuildOperationRunner] Completing Build operation 'Execute container callback action'
2021-06-06T09:17:44.486-0500 [DEBUG] [org.gradle.internal.operations.DefaultBuildOperationRunner] Build operation 'Execute container callback action' started
2021-06-06T09:17:44.486-0500 [DEBUG] [org.gradle.internal.operations.DefaultBuildOperationRunner] Completing Build operation 'Execute container callback action'
2021-06-06T09:17:44.486-0500 [DEBUG] [org.gradle.internal.operations.DefaultBuildOperationRunner] Build operation 'Execute container callback action' started
2021-06-06T09:17:44.486-0500 [DEBUG] [org.gradle.internal.operations.DefaultBuildOperationRunner] Completing Build operation 'Execute container callback action'
2021-06-06T09:17:44.486-0500 [DEBUG] [org.gradle.internal.operations.DefaultBuildOperationRunner] Build operation 'Execute container callback action' started
2021-06-06T09:17:44.486-0500 [DEBUG] [org.gradle.internal.operations.DefaultBuildOperationRunner] Completing Build operation 'Execute container callback action'
2021-06-06T09:17:44.486-0500 [DEBUG] [org.gradle.internal.operations.DefaultBuildOperationRunner] Build operation 'Execute container callback action' started
2021-06-06T09:17:44.486-0500 [DEBUG] [org.gradle.internal.operations.DefaultBuildOperationRunner] Completing Build operation 'Execute container callback action'
2021-06-06T09:17:44.487-0500 [DEBUG] [org.gradle.internal.operations.DefaultBuildOperationRunner] Build operation 'Execute container callback action' started
2021-06-06T09:17:44.487-0500 [DEBUG] [org.gradle.internal.operations.DefaultBuildOperationRunner] Completing Build operation 'Execute container callback action'
2021-06-06T09:17:44.487-0500 [DEBUG] [org.gradle.internal.operations.DefaultBuildOperationRunner] Build operation 'Execute container callback action' started
2021-06-06T09:17:44.487-0500 [DEBUG] [org.gradle.internal.operations.DefaultBuildOperationRunner] Completing Build operation 'Execute container callback action'
2021-06-06T09:17:44.487-0500 [DEBUG] [org.gradle.internal.operations.DefaultBuildOperationRunner] Build operation 'Execute container callback action' started
2021-06-06T09:17:44.487-0500 [DEBUG] [org.gradle.internal.operations.DefaultBuildOperationRunner] Completing Build operation 'Execute container callback action'
2021-06-06T09:17:44.487-0500 [DEBUG] [org.gradle.internal.operations.DefaultBuildOperationRunner] Build operation 'Execute container callback action' started
2021-06-06T09:17:44.487-0500 [DEBUG] [org.gradle.internal.operations.DefaultBuildOperationRunner] Completing Build operation 'Execute container callback action'
2021-06-06T09:17:44.488-0500 [DEBUG] [org.gradle.internal.operations.DefaultBuildOperationRunner] Build operation 'Execute container callback action' started
2021-06-06T09:17:44.488-0500 [DEBUG] [org.gradle.internal.operations.DefaultBuildOperationRunner] Completing Build operation 'Execute container callback action'
2021-06-06T09:17:44.488-0500 [DEBUG] [org.gradle.internal.operations.DefaultBuildOperationRunner] Build operation 'Execute container callback action' started
2021-06-06T09:17:44.488-0500 [DEBUG] [org.gradle.internal.operations.DefaultBuildOperationRunner] Completing Build operation 'Execute container callback action'
2021-06-06T09:17:44.488-0500 [DEBUG] [org.gradle.internal.operations.DefaultBuildOperationRunner] Build operation 'Execute container callback action' started
2021-06-06T09:17:44.488-0500 [DEBUG] [org.gradle.internal.operations.DefaultBuildOperationRunner] Completing Build operation 'Execute container callback action'
2021-06-06T09:17:44.488-0500 [DEBUG] [org.gradle.internal.operations.DefaultBuildOperationRunner] Build operation 'Execute container callback action' started
2021-06-06T09:17:44.488-0500 [DEBUG] [org.gradle.internal.operations.DefaultBuildOperationRunner] Completing Build operation 'Execute container callback action'
2021-06-06T09:17:44.488-0500 [DEBUG] [org.gradle.internal.operations.DefaultBuildOperationRunner] Build operation 'Execute container callback action' started
2021-06-06T09:17:44.489-0500 [DEBUG] [org.gradle.internal.operations.DefaultBuildOperationRunner] Completing Build operation 'Execute container callback action'
2021-06-06T09:17:44.489-0500 [DEBUG] [org.gradle.internal.operations.DefaultBuildOperationRunner] Build operation 'Execute container callback action' started
2021-06-06T09:17:44.489-0500 [DEBUG] [org.gradle.internal.operations.DefaultBuildOperationRunner] Completing Build operation 'Execute container callback action'
2021-06-06T09:17:44.489-0500 [DEBUG] [org.gradle.internal.operations.DefaultBuildOperationRunner] Build operation 'Execute container callback action' started
2021-06-06T09:17:44.489-0500 [DEBUG] [org.gradle.internal.operations.DefaultBuildOperationRunner] Completing Build operation 'Execute container callback action'
2021-06-06T09:17:44.489-0500 [DEBUG] [org.gradle.internal.operations.DefaultBuildOperationRunner] Build operation 'Execute container callback action' started
2021-06-06T09:17:44.489-0500 [DEBUG] [org.gradle.internal.operations.DefaultBuildOperationRunner] Completing Build operation 'Execute container callback action'
2021-06-06T09:17:44.489-0500 [DEBUG] [org.gradle.internal.operations.DefaultBuildOperationRunner] Build operation 'Execute container callback action' started
2021-06-06T09:17:44.489-0500 [DEBUG] [org.gradle.internal.operations.DefaultBuildOperationRunner] Completing Build operation 'Execute container callback action'
2021-06-06T09:17:44.489-0500 [DEBUG] [org.gradle.internal.operations.DefaultBuildOperationRunner] Build operation 'Execute container callback action' started
2021-06-06T09:17:44.489-0500 [DEBUG] [org.gradle.internal.operations.DefaultBuildOperationRunner] Completing Build operation 'Execute container callback action'
2021-06-06T09:17:44.489-0500 [DEBUG] [org.gradle.internal.operations.DefaultBuildOperationRunner] Build operation 'Execute container callback action' started
2021-06-06T09:17:44.489-0500 [DEBUG] [org.gradle.internal.operations.DefaultBuildOperationRunner] Completing Build operation 'Execute container callback action'
2021-06-06T09:17:44.490-0500 [DEBUG] [org.gradle.internal.operations.DefaultBuildOperationRunner] Build operation 'Execute container callback action' started
2021-06-06T09:17:44.490-0500 [DEBUG] [org.gradle.internal.operations.DefaultBuildOperationRunner] Completing Build operation 'Execute container callback action'
2021-06-06T09:17:44.490-0500 [DEBUG] [org.gradle.internal.operations.DefaultBuildOperationRunner] Build operation 'Execute container callback action' started
2021-06-06T09:17:44.490-0500 [DEBUG] [org.gradle.internal.operations.DefaultBuildOperationRunner] Completing Build operation 'Execute container callback action'
2021-06-06T09:17:44.490-0500 [DEBUG] [org.gradle.internal.operations.DefaultBuildOperationRunner] Build operation 'Execute container callback action' started
2021-06-06T09:17:44.490-0500 [DEBUG] [org.gradle.internal.operations.DefaultBuildOperationRunner] Completing Build operation 'Execute container callback action'
2021-06-06T09:17:44.490-0500 [DEBUG] [org.gradle.internal.operations.DefaultBuildOperationRunner] Build operation 'Execute container callback action' started
2021-06-06T09:17:44.490-0500 [DEBUG] [org.gradle.internal.operations.DefaultBuildOperationRunner] Completing Build operation 'Execute container callback action'
2021-06-06T09:17:44.490-0500 [DEBUG] [org.gradle.internal.operations.DefaultBuildOperationRunner] Build operation 'Execute container callback action' started
2021-06-06T09:17:44.490-0500 [DEBUG] [org.gradle.internal.operations.DefaultBuildOperationRunner] Completing Build operation 'Execute container callback action'
2021-06-06T09:17:44.490-0500 [DEBUG] [org.gradle.internal.operations.DefaultBuildOperationRunner] Build operation 'Execute container callback action' started
2021-06-06T09:17:44.490-0500 [DEBUG] [org.gradle.internal.operations.DefaultBuildOperationRunner] Completing Build operation 'Execute container callback action'
2021-06-06T09:17:44.491-0500 [DEBUG] [org.gradle.internal.operations.DefaultBuildOperationRunner] Build operation 'Execute container callback action' started
2021-06-06T09:17:44.491-0500 [DEBUG] [org.gradle.internal.operations.DefaultBuildOperationRunner] Completing Build operation 'Execute container callback action'
2021-06-06T09:17:44.491-0500 [DEBUG] [org.gradle.internal.operations.DefaultBuildOperationRunner] Build operation 'Execute container callback action' started
2021-06-06T09:17:44.491-0500 [DEBUG] [org.gradle.internal.operations.DefaultBuildOperationRunner] Completing Build operation 'Execute container callback action'
2021-06-06T09:17:44.491-0500 [DEBUG] [org.gradle.internal.operations.DefaultBuildOperationRunner] Build operation 'Execute container callback action' started
2021-06-06T09:17:44.491-0500 [DEBUG] [org.gradle.internal.operations.DefaultBuildOperationRunner] Completing Build operation 'Execute container callback action'
2021-06-06T09:17:44.491-0500 [DEBUG] [org.gradle.internal.operations.DefaultBuildOperationRunner] Build operation 'Execute container callback action' started
2021-06-06T09:17:44.491-0500 [DEBUG] [org.gradle.internal.operations.DefaultBuildOperationRunner] Completing Build operation 'Execute container callback action'
2021-06-06T09:17:44.491-0500 [DEBUG] [org.gradle.internal.operations.DefaultBuildOperationRunner] Build operation 'Execute container callback action' started
2021-06-06T09:17:44.491-0500 [DEBUG] [org.gradle.internal.operations.DefaultBuildOperationRunner] Completing Build operation 'Execute container callback action'
2021-06-06T09:17:44.491-0500 [DEBUG] [org.gradle.internal.operations.DefaultBuildOperationRunner] Build operation 'Execute container callback action' started
2021-06-06T09:17:44.491-0500 [DEBUG] [org.gradle.internal.operations.DefaultBuildOperationRunner] Completing Build operation 'Execute container callback action'
2021-06-06T09:17:44.492-0500 [DEBUG] [org.gradle.internal.operations.DefaultBuildOperationRunner] Build operation 'Execute container callback action' started
2021-06-06T09:17:44.492-0500 [DEBUG] [org.gradle.internal.operations.DefaultBuildOperationRunner] Completing Build operation 'Execute container callback action'
2021-06-06T09:17:44.492-0500 [DEBUG] [org.gradle.internal.operations.DefaultBuildOperationRunner] Build operation 'Execute container callback action' started
2021-06-06T09:17:44.492-0500 [DEBUG] [org.gradle.internal.operations.DefaultBuildOperationRunner] Completing Build operation 'Execute container callback action'
2021-06-06T09:17:44.492-0500 [DEBUG] [org.gradle.internal.operations.DefaultBuildOperationRunner] Build operation 'Execute container callback action' started
2021-06-06T09:17:44.492-0500 [DEBUG] [org.gradle.internal.operations.DefaultBuildOperationRunner] Completing Build operation 'Execute container callback action'
2021-06-06T09:17:44.492-0500 [DEBUG] [org.gradle.internal.operations.DefaultBuildOperationRunner] Build operation 'Execute container callback action' started
2021-06-06T09:17:44.492-0500 [DEBUG] [org.gradle.internal.operations.DefaultBuildOperationRunner] Completing Build operation 'Execute container callback action'
2021-06-06T09:17:44.493-0500 [DEBUG] [org.gradle.internal.operations.DefaultBuildOperationRunner] Build operation 'Execute container callback action' started
2021-06-06T09:17:44.493-0500 [DEBUG] [org.gradle.internal.operations.DefaultBuildOperationRunner] Completing Build operation 'Execute container callback action'
2021-06-06T09:17:44.493-0500 [DEBUG] [org.gradle.internal.operations.DefaultBuildOperationRunner] Build operation 'Execute container callback action' started
2021-06-06T09:17:44.493-0500 [DEBUG] [org.gradle.internal.operations.DefaultBuildOperationRunner] Completing Build operation 'Execute container callback action'
2021-06-06T09:17:44.493-0500 [DEBUG] [org.gradle.internal.operations.DefaultBuildOperationRunner] Build operation 'Execute container callback action' started
2021-06-06T09:17:44.493-0500 [DEBUG] [org.gradle.internal.operations.DefaultBuildOperationRunner] Completing Build operation 'Execute container callback action'
2021-06-06T09:17:44.493-0500 [DEBUG] [org.gradle.internal.operations.DefaultBuildOperationRunner] Build operation 'Execute container callback action' started
2021-06-06T09:17:44.493-0500 [DEBUG] [org.gradle.internal.operations.DefaultBuildOperationRunner] Completing Build operation 'Execute container callback action'
2021-06-06T09:17:44.493-0500 [DEBUG] [org.gradle.internal.operations.DefaultBuildOperationRunner] Build operation 'Execute container callback action' started
2021-06-06T09:17:44.493-0500 [DEBUG] [org.gradle.internal.operations.DefaultBuildOperationRunner] Completing Build operation 'Execute container callback action'
2021-06-06T09:17:44.493-0500 [DEBUG] [org.gradle.internal.operations.DefaultBuildOperationRunner] Build operation 'Execute container callback action' started
2021-06-06T09:17:44.494-0500 [DEBUG] [org.gradle.internal.operations.DefaultBuildOperationRunner] Completing Build operation 'Execute container callback action'
2021-06-06T09:17:44.494-0500 [DEBUG] [org.gradle.internal.operations.DefaultBuildOperationRunner] Build operation 'Execute container callback action' started
2021-06-06T09:17:44.494-0500 [DEBUG] [org.gradle.internal.operations.DefaultBuildOperationRunner] Completing Build operation 'Execute container callback action'
2021-06-06T09:17:44.494-0500 [DEBUG] [org.gradle.internal.operations.DefaultBuildOperationRunner] Build operation 'Execute container callback action' started
2021-06-06T09:17:44.494-0500 [DEBUG] [org.gradle.internal.operations.DefaultBuildOperationRunner] Completing Build operation 'Execute container callback action'
2021-06-06T09:17:44.494-0500 [DEBUG] [org.gradle.internal.operations.DefaultBuildOperationRunner] Build operation 'Execute container callback action' started
2021-06-06T09:17:44.494-0500 [DEBUG] [org.gradle.internal.operations.DefaultBuildOperationRunner] Completing Build operation 'Execute container callback action'
2021-06-06T09:17:44.494-0500 [DEBUG] [org.gradle.internal.operations.DefaultBuildOperationRunner] Build operation 'Execute container callback action' started
2021-06-06T09:17:44.494-0500 [DEBUG] [org.gradle.internal.operations.DefaultBuildOperationRunner] Completing Build operation 'Execute container callback action'
2021-06-06T09:17:44.494-0500 [DEBUG] [org.gradle.internal.operations.DefaultBuildOperationRunner] Build operation 'Execute container callback action' started
2021-06-06T09:17:44.494-0500 [DEBUG] [org.gradle.internal.operations.DefaultBuildOperationRunner] Completing Build operation 'Execute container callback action'
2021-06-06T09:17:44.494-0500 [DEBUG] [org.gradle.internal.operations.DefaultBuildOperationRunner] Build operation 'Execute container callback action' started
2021-06-06T09:17:44.494-0500 [DEBUG] [org.gradle.internal.operations.DefaultBuildOperationRunner] Completing Build operation 'Execute container callback action'
2021-06-06T09:17:44.495-0500 [DEBUG] [org.gradle.internal.operations.DefaultBuildOperationRunner] Build operation 'Execute container callback action' started
2021-06-06T09:17:44.495-0500 [DEBUG] [org.gradle.internal.operations.DefaultBuildOperationRunner] Completing Build operation 'Execute container callback action'
2021-06-06T09:17:44.495-0500 [DEBUG] [org.gradle.internal.operations.DefaultBuildOperationRunner] Build operation 'Execute container callback action' started
2021-06-06T09:17:44.495-0500 [DEBUG] [org.gradle.internal.operations.DefaultBuildOperationRunner] Completing Build operation 'Execute container callback action'
2021-06-06T09:17:44.495-0500 [DEBUG] [org.gradle.internal.operations.DefaultBuildOperationRunner] Build operation 'Execute container callback action' started
2021-06-06T09:17:44.495-0500 [DEBUG] [org.gradle.internal.operations.DefaultBuildOperationRunner] Completing Build operation 'Execute container callback action'
2021-06-06T09:17:44.495-0500 [DEBUG] [org.gradle.internal.operations.DefaultBuildOperationRunner] Build operation 'Execute container callback action' started
2021-06-06T09:17:44.495-0500 [DEBUG] [org.gradle.internal.operations.DefaultBuildOperationRunner] Completing Build operation 'Execute container callback action'
2021-06-06T09:17:44.495-0500 [DEBUG] [org.gradle.internal.operations.DefaultBuildOperationRunner] Build operation 'Execute container callback action' started
2021-06-06T09:17:44.495-0500 [DEBUG] [org.gradle.internal.operations.DefaultBuildOperationRunner] Completing Build operation 'Execute container callback action'
2021-06-06T09:17:44.495-0500 [DEBUG] [org.gradle.internal.operations.DefaultBuildOperationRunner] Build operation 'Execute container callback action' started
2021-06-06T09:17:44.495-0500 [DEBUG] [org.gradle.internal.operations.DefaultBuildOperationRunner] Completing Build operation 'Execute container callback action'
2021-06-06T09:17:44.495-0500 [DEBUG] [org.gradle.internal.operations.DefaultBuildOperationRunner] Build operation 'Execute container callback action' started
2021-06-06T09:17:44.496-0500 [DEBUG] [org.gradle.internal.operations.DefaultBuildOperationRunner] Completing Build operation 'Execute container callback action'
2021-06-06T09:17:44.496-0500 [DEBUG] [org.gradle.internal.operations.DefaultBuildOperationRunner] Build operation 'Execute container callback action' started
2021-06-06T09:17:44.496-0500 [DEBUG] [org.gradle.internal.operations.DefaultBuildOperationRunner] Completing Build operation 'Execute container callback action'
2021-06-06T09:17:44.496-0500 [DEBUG] [org.gradle.internal.operations.DefaultBuildOperationRunner] Build operation 'Execute container callback action' started
2021-06-06T09:17:44.496-0500 [DEBUG] [org.gradle.internal.operations.DefaultBuildOperationRunner] Completing Build operation 'Execute container callback action'
2021-06-06T09:17:44.499-0500 [DEBUG] [org.gradle.internal.operations.DefaultBuildOperationRunner] Build operation 'Execute container callback action' started
2021-06-06T09:17:44.499-0500 [DEBUG] [org.gradle.internal.operations.DefaultBuildOperationRunner] Completing Build operation 'Execute container callback action'
2021-06-06T09:17:44.499-0500 [DEBUG] [org.gradle.internal.operations.DefaultBuildOperationRunner] Build operation 'Execute container callback action' started
2021-06-06T09:17:44.499-0500 [DEBUG] [org.gradle.internal.operations.DefaultBuildOperationRunner] Completing Build operation 'Execute container callback action'
2021-06-06T09:17:44.528-0500 [DEBUG] [org.gradle.internal.operations.DefaultBuildOperationRunner] Completing Build operation 'Apply plugin kotlin-android to project ':app''
2021-06-06T09:17:44.534-0500 [DEBUG] [org.gradle.internal.operations.DefaultBuildOperationRunner] Build operation 'Compile build file 'app\build.gradle' (BODY)' started
2021-06-06T09:17:42.507-0500 [LIFECYCLE] [org.gradle.internal.logging.progress.ProgressLoggerFactory] 
2021-06-06T09:17:42.507-0500 [LIFECYCLE] [org.gradle.internal.logging.progress.ProgressLoggerFactory] > Configure project :app
2021-06-06T09:17:42.507-0500 [DEBUG] [org.gradle.internal.resources.AbstractTrackedResourceLock] Daemon worker: acquired lock on :
2021-06-06T09:17:42.507-0500 [DEBUG] [org.gradle.internal.operations.DefaultBuildOperationRunner] Build operation 'Notify beforeEvaluate listeners of :app' completed
2021-06-06T09:17:42.508-0500 [DEBUG] [org.gradle.model.internal.registry.DefaultModelRegistry] Project :app - Transitioning model element '<root>' from state Registered to Created
2021-06-06T09:17:42.508-0500 [DEBUG] [org.gradle.model.internal.registry.DefaultModelRegistry] Project :app - Transitioning model element '<root>' to state Discovered.
2021-06-06T09:17:42.508-0500 [DEBUG] [org.gradle.model.internal.registry.DefaultModelRegistry] Project :app - Transitioning model element '<root>' to state Created.
2021-06-06T09:17:42.509-0500 [DEBUG] [org.gradle.internal.operations.DefaultBuildOperationRunner] Build operation 'Register task :app:help' completed
2021-06-06T09:17:42.509-0500 [DEBUG] [org.gradle.internal.operations.DefaultBuildOperationRunner] Build operation 'Register task :app:projects' completed
2021-06-06T09:17:42.509-0500 [DEBUG] [org.gradle.internal.operations.DefaultBuildOperationRunner] Build operation 'Register task :app:tasks' completed
2021-06-06T09:17:42.510-0500 [DEBUG] [org.gradle.internal.operations.DefaultBuildOperationRunner] Build operation 'Register task :app:properties' completed
2021-06-06T09:17:42.510-0500 [DEBUG] [org.gradle.internal.operations.DefaultBuildOperationRunner] Build operation 'Register task :app:dependencyInsight' completed
2021-06-06T09:17:42.510-0500 [DEBUG] [org.gradle.internal.operations.DefaultBuildOperationRunner] Build operation 'Register task :app:dependencies' completed
2021-06-06T09:17:42.510-0500 [DEBUG] [org.gradle.internal.operations.DefaultBuildOperationRunner] Build operation 'Register task :app:buildEnvironment' completed
2021-06-06T09:17:42.510-0500 [DEBUG] [org.gradle.internal.operations.DefaultBuildOperationRunner] Build operation 'Register task :app:components' completed
2021-06-06T09:17:42.511-0500 [DEBUG] [org.gradle.internal.operations.DefaultBuildOperationRunner] Build operation 'Register task :app:model' completed
2021-06-06T09:17:42.511-0500 [DEBUG] [org.gradle.internal.operations.DefaultBuildOperationRunner] Build operation 'Register task :app:dependentComponents' completed
2021-06-06T09:17:42.511-0500 [DEBUG] [org.gradle.internal.operations.DefaultBuildOperationRunner] Build operation 'Register task :app:outgoingVariants' completed
2021-06-06T09:17:42.511-0500 [DEBUG] [org.gradle.internal.operations.DefaultBuildOperationRunner] Build operation 'Apply plugin org.gradle.help-tasks to project ':app'' completed
2021-06-06T09:17:42.511-0500 [DEBUG] [org.gradle.internal.operations.DefaultBuildOperationRunner] Build operation 'Register task :app:javaToolchains' completed
2021-06-06T09:17:42.512-0500 [DEBUG] [org.gradle.internal.operations.DefaultBuildOperationRunner] Build operation 'Apply plugin org.gradle.build-init to project ':app'' completed
2021-06-06T09:17:42.512-0500 [DEBUG] [org.gradle.internal.operations.DefaultBuildOperationRunner] Build operation 'Apply plugin org.gradle.wrapper to project ':app'' completed
2021-06-06T09:17:42.512-0500 [INFO] [org.gradle.configuration.project.BuildScriptProcessor] Evaluating project ':app' using build file 'C:\Users\gathi\AndroidStudioProjects\ComposeDemo\app\build.gradle'.
2021-06-06T09:17:42.513-0500 [DEBUG] [org.gradle.internal.locking.LockFileReaderWriter] Lockfiles root: C:\Users\gathi\AndroidStudioProjects\ComposeDemo\app\gradle\dependency-locks
2021-06-06T09:17:42.519-0500 [DEBUG] [org.gradle.cache.internal.DefaultFileLockManager] Waiting to acquire shared lock on cp_proj generic class cache for build file 'C:\Users\gathi\AndroidStudioProjects\ComposeDemo\app\build.gradle' (C:\Users\gathi\.gradle\caches\6.8.3\scripts\dfs3ysl9fejzmywrlv3ogt5fo).
2021-06-06T09:17:42.520-0500 [DEBUG] [org.gradle.cache.internal.DefaultFileLockManager] Lock acquired on cp_proj generic class cache for build file 'C:\Users\gathi\AndroidStudioProjects\ComposeDemo\app\build.gradle' (C:\Users\gathi\.gradle\caches\6.8.3\scripts\dfs3ysl9fejzmywrlv3ogt5fo).
2021-06-06T09:17:42.520-0500 [DEBUG] [org.gradle.cache.internal.DefaultFileLockManager] Releasing lock on cp_proj generic class cache for build file 'C:\Users\gathi\AndroidStudioProjects\ComposeDemo\app\build.gradle' (C:\Users\gathi\.gradle\caches\6.8.3\scripts\dfs3ysl9fejzmywrlv3ogt5fo).
2021-06-06T09:17:42.521-0500 [DEBUG] [org.gradle.cache.internal.DefaultFileLockManager] Waiting to acquire exclusive lock on cp_proj generic class cache for build file 'C:\Users\gathi\AndroidStudioProjects\ComposeDemo\app\build.gradle' (C:\Users\gathi\.gradle\caches\6.8.3\scripts\dfs3ysl9fejzmywrlv3ogt5fo).
2021-06-06T09:17:42.521-0500 [DEBUG] [org.gradle.cache.internal.DefaultFileLockManager] Lock acquired on cp_proj generic class cache for build file 'C:\Users\gathi\AndroidStudioProjects\ComposeDemo\app\build.gradle' (C:\Users\gathi\.gradle\caches\6.8.3\scripts\dfs3ysl9fejzmywrlv3ogt5fo).
2021-06-06T09:17:42.522-0500 [INFO] [org.gradle.groovy.scripts.internal.DefaultScriptCompilationHandler] Compiling build file 'C:\Users\gathi\AndroidStudioProjects\ComposeDemo\app\build.gradle' using SubsetScriptTransformer.
2021-06-06T09:17:42.559-0500 [DEBUG] [org.gradle.groovy.scripts.internal.DefaultScriptCompilationHandler] Timing: Writing script to cache at C:\Users\gathi\.gradle\caches\6.8.3\scripts\dfs3ysl9fejzmywrlv3ogt5fo\cp_proj took: 0.037 secs
2021-06-06T09:17:42.559-0500 [DEBUG] [org.gradle.internal.operations.DefaultBuildOperationRunner] Build operation 'Compile build file 'app\build.gradle' (CLASSPATH)' completed
2021-06-06T09:17:42.561-0500 [DEBUG] [org.gradle.cache.internal.DefaultFileLockManager] Releasing lock on cp_proj generic class cache for build file 'C:\Users\gathi\AndroidStudioProjects\ComposeDemo\app\build.gradle' (C:\Users\gathi\.gradle\caches\6.8.3\scripts\dfs3ysl9fejzmywrlv3ogt5fo).
2021-06-06T09:17:42.563-0500 [DEBUG] [org.gradle.cache.internal.DefaultFileLockManager] Waiting to acquire shared lock on cp_proj generic class cache for build file 'C:\Users\gathi\AndroidStudioProjects\ComposeDemo\app\build.gradle' (C:\Users\gathi\.gradle\caches\6.8.3\scripts\dfs3ysl9fejzmywrlv3ogt5fo).
2021-06-06T09:17:42.563-0500 [DEBUG] [org.gradle.cache.internal.DefaultFileLockManager] Lock acquired on cp_proj generic class cache for build file 'C:\Users\gathi\AndroidStudioProjects\ComposeDemo\app\build.gradle' (C:\Users\gathi\.gradle\caches\6.8.3\scripts\dfs3ysl9fejzmywrlv3ogt5fo).
2021-06-06T09:17:42.574-0500 [DEBUG] [org.gradle.cache.internal.DefaultFileLockManager] Releasing lock on cp_proj generic class cache for build file 'C:\Users\gathi\AndroidStudioProjects\ComposeDemo\app\build.gradle' (C:\Users\gathi\.gradle\caches\6.8.3\scripts\dfs3ysl9fejzmywrlv3ogt5fo).
2021-06-06T09:17:42.669-0500 [DEBUG] [org.gradle.internal.operations.DefaultBuildOperationRunner] Build operation 'Apply plugin com.android.internal.version-check to project ':app'' completed
2021-06-06T09:17:43.183-0500 [DEBUG] [org.gradle.internal.locking.LockFileReaderWriter] Lockfiles root: C:\Users\gathi\AndroidStudioProjects\ComposeDemo\app\gradle\dependency-locks
2021-06-06T09:17:43.233-0500 [DEBUG] [org.gradle.internal.operations.DefaultBuildOperationRunner] Build operation 'Apply plugin com.android.build.gradle.api.AndroidBasePlugin to project ':app'' completed
2021-06-06T09:17:43.394-0500 [DEBUG] [org.gradle.internal.operations.DefaultBuildOperationRunner] Build operation 'Register task :app:clean' completed
2021-06-06T09:17:43.396-0500 [DEBUG] [org.gradle.internal.operations.DefaultBuildOperationRunner] Build operation 'Register task :app:assemble' completed
2021-06-06T09:17:43.397-0500 [DEBUG] [org.gradle.internal.operations.DefaultBuildOperationRunner] Build operation 'Register task :app:check' completed
2021-06-06T09:17:43.397-0500 [DEBUG] [org.gradle.internal.operations.DefaultBuildOperationRunner] Build operation 'Register task :app:build' completed
2021-06-06T09:17:43.397-0500 [DEBUG] [org.gradle.internal.operations.DefaultBuildOperationRunner] Build operation 'Apply plugin org.gradle.language.base.plugins.LifecycleBasePlugin to project ':app'' completed
2021-06-06T09:17:43.410-0500 [DEBUG] [org.gradle.internal.operations.DefaultBuildOperationRunner] Build operation 'Execute container callback action' completed
2021-06-06T09:17:43.410-0500 [DEBUG] [org.gradle.internal.operations.DefaultBuildOperationRunner] Build operation 'Execute container callback action' completed
2021-06-06T09:17:43.412-0500 [DEBUG] [org.gradle.internal.operations.DefaultBuildOperationRunner] Build operation 'Execute container callback action' completed
2021-06-06T09:17:43.413-0500 [DEBUG] [org.gradle.internal.operations.DefaultBuildOperationRunner] Build operation 'Execute container callback action' completed
2021-06-06T09:17:43.413-0500 [DEBUG] [org.gradle.internal.operations.DefaultBuildOperationRunner] Build operation 'Apply plugin org.gradle.api.plugins.BasePlugin to project ':app'' completed
2021-06-06T09:17:43.428-0500 [DEBUG] [org.gradle.internal.operations.DefaultBuildOperationRunner] Build operation 'Apply plugin org.gradle.api.plugins.JvmEcosystemPlugin to project ':app'' completed
2021-06-06T09:17:43.431-0500 [DEBUG] [org.gradle.internal.operations.DefaultBuildOperationRunner] Build operation 'Apply plugin org.gradle.api.plugins.ReportingBasePlugin to project ':app'' completed
2021-06-06T09:17:43.518-0500 [DEBUG] [org.gradle.process.internal.health.memory.DefaultMemoryManager] Memory status broadcaster started
2021-06-06T09:17:43.542-0500 [DEBUG] [org.gradle.cache.internal.DefaultCacheAccess] Creating new cache for annotation-processors, path C:\Users\gathi\.gradle\caches\6.8.3\fileContent\annotation-processors.bin, access org.gradle.cache.internal.DefaultCacheAccess@a7b0f48
2021-06-06T09:17:43.543-0500 [DEBUG] [org.gradle.cache.internal.DefaultInMemoryCacheDecoratorFactory] Creating in-memory store for cache C:\Users\gathi\.gradle\caches\6.8.3\fileContent\annotation-processors.bin (max size: 49900)
2021-06-06T09:17:43.549-0500 [DEBUG] [org.gradle.internal.operations.DefaultBuildOperationRunner] Build operation 'Register task :app:buildNeeded' completed
2021-06-06T09:17:43.550-0500 [DEBUG] [org.gradle.internal.operations.DefaultBuildOperationRunner] Build operation 'Register task :app:buildDependents' completed
2021-06-06T09:17:43.550-0500 [DEBUG] [org.gradle.internal.operations.DefaultBuildOperationRunner] Build operation 'Apply plugin org.gradle.api.plugins.JavaBasePlugin to project ':app'' completed
2021-06-06T09:17:43.563-0500 [DEBUG] [org.gradle.internal.operations.DefaultBuildOperationRunner] Build operation 'Execute container callback action' completed
2021-06-06T09:17:43.563-0500 [DEBUG] [org.gradle.internal.operations.DefaultBuildOperationRunner] Build operation 'Execute container callback action' completed
2021-06-06T09:17:43.595-0500 [DEBUG] [jdk.event.security] X509Certificate: Alg:SHA1withDSA, Serial:10, Subject:CN=JCE Code Signing CA, OU=Java Software Code Signing, O=Sun Microsystems Inc, L=Palo Alto, ST=CA, C=US, Issuer:CN=JCE Code Signing CA, OU=Java Software Code Signing, O=Sun Microsystems Inc, L=Palo Alto, ST=CA, C=US, Key type:DSA, Length:1024, Cert Id:1776909028, Valid from:4/25/01, 2:00 AM, Valid until:4/25/20, 2:00 AM
2021-06-06T09:17:43.595-0500 [DEBUG] [jdk.event.security] X509Certificate: Alg:SHA1withDSA, Serial:393, Subject:CN=The Legion of the Bouncy Castle, OU=Java Software Code Signing, O=Sun Microsystems Inc, Issuer:CN=JCE Code Signing CA, OU=Java Software Code Signing, O=Sun Microsystems Inc, L=Palo Alto, ST=CA, C=US, Key type:DSA, Length:1024, Cert Id:-233524357, Valid from:12/12/12, 1:24 PM, Valid until:12/16/17, 1:24 PM
2021-06-06T09:17:43.599-0500 [DEBUG] [jdk.event.security] X509Certificate: Alg:SHA1withRSA, Serial:2d4e865085bee00e137228b3d0b132e9, Subject:CN=GeoTrust 2048-bit Timestamping Signer 2, O=GeoTrust Inc, C=US, Issuer:CN=Symantec Time Stamping Services CA - G2, O=Symantec Corporation, C=US, Key type:RSA, Length:2048, Cert Id:347413432, Valid from:6/10/15, 7:00 PM, Valid until:12/29/20, 5:59 PM
2021-06-06T09:17:43.600-0500 [DEBUG] [jdk.event.security] X509Certificate: Alg:MD5withRSA, Serial:0, Subject:CN=Thawte Timestamping CA, OU=Thawte Certification, O=Thawte, L=Durbanville, ST=Western Cape, C=ZA, Issuer:CN=Thawte Timestamping CA, OU=Thawte Certification, O=Thawte, L=Durbanville, ST=Western Cape, C=ZA, Key type:RSA, Length:1024, Cert Id:-198867261, Valid from:12/31/96, 6:00 PM, Valid until:12/31/20, 5:59 PM
2021-06-06T09:17:43.601-0500 [DEBUG] [jdk.event.security] X509Certificate: Alg:SHA1withRSA, Serial:7e93ebfb7cc64e59ea4b9a77d406fc3b, Subject:CN=Symantec Time Stamping Services CA - G2, O=Symantec Corporation, C=US, Issuer:CN=Thawte Timestamping CA, OU=Thawte Certification, O=Thawte, L=Durbanville, ST=Western Cape, C=ZA, Key type:RSA, Length:2048, Cert Id:292964833, Valid from:12/20/12, 6:00 PM, Valid until:12/30/20, 5:59 PM
2021-06-06T09:17:43.746-0500 [DEBUG] [com.android.build.gradle.internal.dependency.SourceSetManager] Creating configuration androidTestCompile
2021-06-06T09:17:43.746-0500 [DEBUG] [org.gradle.internal.operations.DefaultBuildOperationRunner] Build operation 'Execute container callback action' completed
2021-06-06T09:17:43.747-0500 [DEBUG] [org.gradle.internal.operations.DefaultBuildOperationRunner] Build operation 'Execute container callback action' completed
2021-06-06T09:17:43.747-0500 [DEBUG] [com.android.build.gradle.internal.dependency.SourceSetManager] Creating configuration androidTestApk
2021-06-06T09:17:43.748-0500 [DEBUG] [org.gradle.internal.operations.DefaultBuildOperationRunner] Build operation 'Execute container callback action' completed
2021-06-06T09:17:43.748-0500 [DEBUG] [org.gradle.internal.operations.DefaultBuildOperationRunner] Build operation 'Execute container callback action' completed
2021-06-06T09:17:43.748-0500 [DEBUG] [com.android.build.gradle.internal.dependency.SourceSetManager] Creating configuration androidTestProvided
2021-06-06T09:17:43.748-0500 [DEBUG] [org.gradle.internal.operations.DefaultBuildOperationRunner] Build operation 'Execute container callback action' completed
2021-06-06T09:17:43.748-0500 [DEBUG] [org.gradle.internal.operations.DefaultBuildOperationRunner] Build operation 'Execute container callback action' completed
2021-06-06T09:17:43.749-0500 [DEBUG] [com.android.build.gradle.internal.dependency.SourceSetManager] Creating configuration androidTestApi
2021-06-06T09:17:43.749-0500 [DEBUG] [org.gradle.internal.operations.DefaultBuildOperationRunner] Build operation 'Execute container callback action' completed
2021-06-06T09:17:43.749-0500 [DEBUG] [org.gradle.internal.operations.DefaultBuildOperationRunner] Build operation 'Execute container callback action' completed
2021-06-06T09:17:43.749-0500 [DEBUG] [com.android.build.gradle.internal.dependency.SourceSetManager] Creating configuration androidTestImplementation
2021-06-06T09:17:43.750-0500 [DEBUG] [org.gradle.internal.operations.DefaultBuildOperationRunner] Build operation 'Execute container callback action' completed
2021-06-06T09:17:43.750-0500 [DEBUG] [org.gradle.internal.operations.DefaultBuildOperationRunner] Build operation 'Execute container callback action' completed
2021-06-06T09:17:43.750-0500 [DEBUG] [com.android.build.gradle.internal.dependency.SourceSetManager] Creating configuration androidTestRuntimeOnly
2021-06-06T09:17:43.750-0500 [DEBUG] [org.gradle.internal.operations.DefaultBuildOperationRunner] Build operation 'Execute container callback action' completed
2021-06-06T09:17:43.750-0500 [DEBUG] [org.gradle.internal.operations.DefaultBuildOperationRunner] Build operation 'Execute container callback action' completed
2021-06-06T09:17:43.751-0500 [DEBUG] [com.android.build.gradle.internal.dependency.SourceSetManager] Creating configuration androidTestCompileOnly
2021-06-06T09:17:43.751-0500 [DEBUG] [org.gradle.internal.operations.DefaultBuildOperationRunner] Build operation 'Execute container callback action' completed
2021-06-06T09:17:43.751-0500 [DEBUG] [org.gradle.internal.operations.DefaultBuildOperationRunner] Build operation 'Execute container callback action' completed
2021-06-06T09:17:43.751-0500 [DEBUG] [com.android.build.gradle.internal.dependency.SourceSetManager] Creating configuration androidTestWearApp
2021-06-06T09:17:43.752-0500 [DEBUG] [org.gradle.internal.operations.DefaultBuildOperationRunner] Build operation 'Execute container callback action' completed
2021-06-06T09:17:43.752-0500 [DEBUG] [org.gradle.internal.operations.DefaultBuildOperationRunner] Build operation 'Execute container callback action' completed
2021-06-06T09:17:43.752-0500 [DEBUG] [com.android.build.gradle.internal.dependency.SourceSetManager] Creating configuration androidTestAnnotationProcessor
2021-06-06T09:17:43.753-0500 [DEBUG] [org.gradle.internal.operations.DefaultBuildOperationRunner] Build operation 'Execute container callback action' completed
2021-06-06T09:17:43.753-0500 [DEBUG] [org.gradle.internal.operations.DefaultBuildOperationRunner] Build operation 'Execute container callback action' completed
2021-06-06T09:17:43.753-0500 [DEBUG] [com.android.build.gradle.internal.dependency.SourceSetManager] Creating configuration testCompile
2021-06-06T09:17:43.755-0500 [DEBUG] [org.gradle.internal.operations.DefaultBuildOperationRunner] Build operation 'Execute container callback action' completed
2021-06-06T09:17:43.755-0500 [DEBUG] [org.gradle.internal.operations.DefaultBuildOperationRunner] Build operation 'Execute container callback action' completed
2021-06-06T09:17:43.755-0500 [DEBUG] [com.android.build.gradle.internal.dependency.SourceSetManager] Creating configuration testApk
2021-06-06T09:17:43.756-0500 [DEBUG] [org.gradle.internal.operations.DefaultBuildOperationRunner] Build operation 'Execute container callback action' completed
2021-06-06T09:17:43.756-0500 [DEBUG] [org.gradle.internal.operations.DefaultBuildOperationRunner] Build operation 'Execute container callback action' completed
2021-06-06T09:17:43.756-0500 [DEBUG] [com.android.build.gradle.internal.dependency.SourceSetManager] Creating configuration testProvided
2021-06-06T09:17:43.756-0500 [DEBUG] [org.gradle.internal.operations.DefaultBuildOperationRunner] Build operation 'Execute container callback action' completed
2021-06-06T09:17:43.757-0500 [DEBUG] [org.gradle.internal.operations.DefaultBuildOperationRunner] Build operation 'Execute container callback action' completed
2021-06-06T09:17:43.757-0500 [DEBUG] [com.android.build.gradle.internal.dependency.SourceSetManager] Creating configuration testApi
2021-06-06T09:17:43.757-0500 [DEBUG] [org.gradle.internal.operations.DefaultBuildOperationRunner] Build operation 'Execute container callback action' completed
2021-06-06T09:17:43.758-0500 [DEBUG] [org.gradle.internal.operations.DefaultBuildOperationRunner] Build operation 'Execute container callback action' completed
2021-06-06T09:17:43.758-0500 [DEBUG] [com.android.build.gradle.internal.dependency.SourceSetManager] Creating configuration testImplementation
2021-06-06T09:17:43.758-0500 [DEBUG] [org.gradle.internal.operations.DefaultBuildOperationRunner] Build operation 'Execute container callback action' completed
2021-06-06T09:17:43.759-0500 [DEBUG] [org.gradle.internal.operations.DefaultBuildOperationRunner] Build operation 'Execute container callback action' completed
2021-06-06T09:17:43.759-0500 [DEBUG] [com.android.build.gradle.internal.dependency.SourceSetManager] Creating configuration testRuntimeOnly
2021-06-06T09:17:43.759-0500 [DEBUG] [org.gradle.internal.operations.DefaultBuildOperationRunner] Build operation 'Execute container callback action' completed
2021-06-06T09:17:43.759-0500 [DEBUG] [org.gradle.internal.operations.DefaultBuildOperationRunner] Build operation 'Execute container callback action' completed
2021-06-06T09:17:43.759-0500 [DEBUG] [com.android.build.gradle.internal.dependency.SourceSetManager] Creating configuration testCompileOnly
2021-06-06T09:17:43.760-0500 [DEBUG] [org.gradle.internal.operations.DefaultBuildOperationRunner] Build operation 'Execute container callback action' completed
2021-06-06T09:17:43.760-0500 [DEBUG] [org.gradle.internal.operations.DefaultBuildOperationRunner] Build operation 'Execute container callback action' completed
2021-06-06T09:17:43.760-0500 [DEBUG] [com.android.build.gradle.internal.dependency.SourceSetManager] Creating configuration testWearApp
2021-06-06T09:17:43.761-0500 [DEBUG] [org.gradle.internal.operations.DefaultBuildOperationRunner] Build operation 'Execute container callback action' completed
2021-06-06T09:17:43.761-0500 [DEBUG] [org.gradle.internal.operations.DefaultBuildOperationRunner] Build operation 'Execute container callback action' completed
2021-06-06T09:17:43.761-0500 [DEBUG] [com.android.build.gradle.internal.dependency.SourceSetManager] Creating configuration testAnnotationProcessor
2021-06-06T09:17:43.762-0500 [DEBUG] [org.gradle.internal.operations.DefaultBuildOperationRunner] Build operation 'Execute container callback action' completed
2021-06-06T09:17:43.762-0500 [DEBUG] [org.gradle.internal.operations.DefaultBuildOperationRunner] Build operation 'Execute container callback action' completed
2021-06-06T09:17:43.763-0500 [DEBUG] [com.android.build.gradle.internal.dependency.SourceSetManager] Creating configuration compile
2021-06-06T09:17:43.764-0500 [DEBUG] [org.gradle.internal.operations.DefaultBuildOperationRunner] Build operation 'Execute container callback action' completed
2021-06-06T09:17:43.764-0500 [DEBUG] [org.gradle.internal.operations.DefaultBuildOperationRunner] Build operation 'Execute container callback action' completed
2021-06-06T09:17:43.764-0500 [DEBUG] [com.android.build.gradle.internal.dependency.SourceSetManager] Creating configuration apk
2021-06-06T09:17:43.764-0500 [DEBUG] [org.gradle.internal.operations.DefaultBuildOperationRunner] Build operation 'Execute container callback action' completed
2021-06-06T09:17:43.764-0500 [DEBUG] [org.gradle.internal.operations.DefaultBuildOperationRunner] Build operation 'Execute container callback action' completed
2021-06-06T09:17:43.764-0500 [DEBUG] [com.android.build.gradle.internal.dependency.SourceSetManager] Creating configuration provided
2021-06-06T09:17:43.765-0500 [DEBUG] [org.gradle.internal.operations.DefaultBuildOperationRunner] Build operation 'Execute container callback action' completed
2021-06-06T09:17:43.765-0500 [DEBUG] [org.gradle.internal.operations.DefaultBuildOperationRunner] Build operation 'Execute container callback action' completed
2021-06-06T09:17:43.765-0500 [DEBUG] [com.android.build.gradle.internal.dependency.SourceSetManager] Creating configuration api
2021-06-06T09:17:43.766-0500 [DEBUG] [org.gradle.internal.operations.DefaultBuildOperationRunner] Build operation 'Execute container callback action' completed
2021-06-06T09:17:43.766-0500 [DEBUG] [org.gradle.internal.operations.DefaultBuildOperationRunner] Build operation 'Execute container callback action' completed
2021-06-06T09:17:43.766-0500 [DEBUG] [com.android.build.gradle.internal.dependency.SourceSetManager] Creating configuration implementation
2021-06-06T09:17:43.767-0500 [DEBUG] [org.gradle.internal.operations.DefaultBuildOperationRunner] Build operation 'Execute container callback action' completed
2021-06-06T09:17:43.767-0500 [DEBUG] [org.gradle.internal.operations.DefaultBuildOperationRunner] Build operation 'Execute container callback action' completed
2021-06-06T09:17:43.767-0500 [DEBUG] [com.android.build.gradle.internal.dependency.SourceSetManager] Creating configuration runtimeOnly
2021-06-06T09:17:43.767-0500 [DEBUG] [org.gradle.internal.operations.DefaultBuildOperationRunner] Build operation 'Execute container callback action' completed
2021-06-06T09:17:43.768-0500 [DEBUG] [org.gradle.internal.operations.DefaultBuildOperationRunner] Build operation 'Execute container callback action' completed
2021-06-06T09:17:43.768-0500 [DEBUG] [com.android.build.gradle.internal.dependency.SourceSetManager] Creating configuration compileOnly
2021-06-06T09:17:43.768-0500 [DEBUG] [org.gradle.internal.operations.DefaultBuildOperationRunner] Build operation 'Execute container callback action' completed
2021-06-06T09:17:43.769-0500 [DEBUG] [org.gradle.internal.operations.DefaultBuildOperationRunner] Build operation 'Execute container callback action' completed
2021-06-06T09:17:43.769-0500 [DEBUG] [com.android.build.gradle.internal.dependency.SourceSetManager] Creating configuration wearApp
2021-06-06T09:17:43.769-0500 [DEBUG] [org.gradle.internal.operations.DefaultBuildOperationRunner] Build operation 'Execute container callback action' completed
2021-06-06T09:17:43.769-0500 [DEBUG] [org.gradle.internal.operations.DefaultBuildOperationRunner] Build operation 'Execute container callback action' completed
2021-06-06T09:17:43.770-0500 [DEBUG] [com.android.build.gradle.internal.dependency.SourceSetManager] Creating configuration annotationProcessor
2021-06-06T09:17:43.770-0500 [DEBUG] [org.gradle.internal.operations.DefaultBuildOperationRunner] Build operation 'Execute container callback action' completed
2021-06-06T09:17:43.770-0500 [DEBUG] [org.gradle.internal.operations.DefaultBuildOperationRunner] Build operation 'Execute container callback action' completed
2021-06-06T09:17:43.953-0500 [DEBUG] [org.gradle.internal.operations.DefaultBuildOperationRunner] Build operation 'Execute container callback action' completed
2021-06-06T09:17:43.968-0500 [DEBUG] [com.android.build.gradle.internal.dependency.SourceSetManager] Creating configuration androidTestDebugCompile
2021-06-06T09:17:43.969-0500 [DEBUG] [org.gradle.internal.operations.DefaultBuildOperationRunner] Build operation 'Execute container callback action' completed
2021-06-06T09:17:43.969-0500 [DEBUG] [org.gradle.internal.operations.DefaultBuildOperationRunner] Build operation 'Execute container callback action' completed
2021-06-06T09:17:43.969-0500 [DEBUG] [com.android.build.gradle.internal.dependency.SourceSetManager] Creating configuration androidTestDebugApk
2021-06-06T09:17:43.969-0500 [DEBUG] [org.gradle.internal.operations.DefaultBuildOperationRunner] Build operation 'Execute container callback action' completed
2021-06-06T09:17:43.969-0500 [DEBUG] [org.gradle.internal.operations.DefaultBuildOperationRunner] Build operation 'Execute container callback action' completed
2021-06-06T09:17:43.970-0500 [DEBUG] [com.android.build.gradle.internal.dependency.SourceSetManager] Creating configuration androidTestDebugProvided
2021-06-06T09:17:43.970-0500 [DEBUG] [org.gradle.internal.operations.DefaultBuildOperationRunner] Build operation 'Execute container callback action' completed
2021-06-06T09:17:43.970-0500 [DEBUG] [org.gradle.internal.operations.DefaultBuildOperationRunner] Build operation 'Execute container callback action' completed
2021-06-06T09:17:43.970-0500 [DEBUG] [com.android.build.gradle.internal.dependency.SourceSetManager] Creating configuration androidTestDebugApi
2021-06-06T09:17:43.970-0500 [DEBUG] [org.gradle.internal.operations.DefaultBuildOperationRunner] Build operation 'Execute container callback action' completed
2021-06-06T09:17:43.970-0500 [DEBUG] [org.gradle.internal.operations.DefaultBuildOperationRunner] Build operation 'Execute container callback action' completed
2021-06-06T09:17:43.971-0500 [DEBUG] [com.android.build.gradle.internal.dependency.SourceSetManager] Creating configuration androidTestDebugImplementation
2021-06-06T09:17:43.971-0500 [DEBUG] [org.gradle.internal.operations.DefaultBuildOperationRunner] Build operation 'Execute container callback action' completed
2021-06-06T09:17:43.971-0500 [DEBUG] [org.gradle.internal.operations.DefaultBuildOperationRunner] Build operation 'Execute container callback action' completed
2021-06-06T09:17:43.971-0500 [DEBUG] [com.android.build.gradle.internal.dependency.SourceSetManager] Creating configuration androidTestDebugRuntimeOnly
2021-06-06T09:17:43.971-0500 [DEBUG] [org.gradle.internal.operations.DefaultBuildOperationRunner] Build operation 'Execute container callback action' completed
2021-06-06T09:17:43.972-0500 [DEBUG] [org.gradle.internal.operations.DefaultBuildOperationRunner] Build operation 'Execute container callback action' completed
2021-06-06T09:17:43.972-0500 [DEBUG] [com.android.build.gradle.internal.dependency.SourceSetManager] Creating configuration androidTestDebugCompileOnly
2021-06-06T09:17:43.972-0500 [DEBUG] [org.gradle.internal.operations.DefaultBuildOperationRunner] Build operation 'Execute container callback action' completed
2021-06-06T09:17:43.972-0500 [DEBUG] [org.gradle.internal.operations.DefaultBuildOperationRunner] Build operation 'Execute container callback action' completed
2021-06-06T09:17:43.972-0500 [DEBUG] [com.android.build.gradle.internal.dependency.SourceSetManager] Creating configuration androidTestDebugWearApp
2021-06-06T09:17:43.973-0500 [DEBUG] [org.gradle.internal.operations.DefaultBuildOperationRunner] Build operation 'Execute container callback action' completed
2021-06-06T09:17:43.973-0500 [DEBUG] [org.gradle.internal.operations.DefaultBuildOperationRunner] Build operation 'Execute container callback action' completed
2021-06-06T09:17:43.973-0500 [DEBUG] [com.android.build.gradle.internal.dependency.SourceSetManager] Creating configuration androidTestDebugAnnotationProcessor
2021-06-06T09:17:43.973-0500 [DEBUG] [org.gradle.internal.operations.DefaultBuildOperationRunner] Build operation 'Execute container callback action' completed
2021-06-06T09:17:43.973-0500 [DEBUG] [org.gradle.internal.operations.DefaultBuildOperationRunner] Build operation 'Execute container callback action' completed
2021-06-06T09:17:43.973-0500 [DEBUG] [com.android.build.gradle.internal.dependency.SourceSetManager] Creating configuration testDebugCompile
2021-06-06T09:17:43.974-0500 [DEBUG] [org.gradle.internal.operations.DefaultBuildOperationRunner] Build operation 'Execute container callback action' completed
2021-06-06T09:17:43.974-0500 [DEBUG] [org.gradle.internal.operations.DefaultBuildOperationRunner] Build operation 'Execute container callback action' completed
2021-06-06T09:17:43.974-0500 [DEBUG] [com.android.build.gradle.internal.dependency.SourceSetManager] Creating configuration testDebugApk
2021-06-06T09:17:43.974-0500 [DEBUG] [org.gradle.internal.operations.DefaultBuildOperationRunner] Build operation 'Execute container callback action' completed
2021-06-06T09:17:43.974-0500 [DEBUG] [org.gradle.internal.operations.DefaultBuildOperationRunner] Build operation 'Execute container callback action' completed
2021-06-06T09:17:43.975-0500 [DEBUG] [com.android.build.gradle.internal.dependency.SourceSetManager] Creating configuration testDebugProvided
2021-06-06T09:17:43.975-0500 [DEBUG] [org.gradle.internal.operations.DefaultBuildOperationRunner] Build operation 'Execute container callback action' completed
2021-06-06T09:17:43.975-0500 [DEBUG] [org.gradle.internal.operations.DefaultBuildOperationRunner] Build operation 'Execute container callback action' completed
2021-06-06T09:17:43.975-0500 [DEBUG] [com.android.build.gradle.internal.dependency.SourceSetManager] Creating configuration testDebugApi
2021-06-06T09:17:43.976-0500 [DEBUG] [org.gradle.internal.operations.DefaultBuildOperationRunner] Build operation 'Execute container callback action' completed
2021-06-06T09:17:43.976-0500 [DEBUG] [org.gradle.internal.operations.DefaultBuildOperationRunner] Build operation 'Execute container callback action' completed
2021-06-06T09:17:43.976-0500 [DEBUG] [com.android.build.gradle.internal.dependency.SourceSetManager] Creating configuration testDebugImplementation
2021-06-06T09:17:43.976-0500 [DEBUG] [org.gradle.internal.operations.DefaultBuildOperationRunner] Build operation 'Execute container callback action' completed
2021-06-06T09:17:43.976-0500 [DEBUG] [org.gradle.internal.operations.DefaultBuildOperationRunner] Build operation 'Execute container callback action' completed
2021-06-06T09:17:43.976-0500 [DEBUG] [com.android.build.gradle.internal.dependency.SourceSetManager] Creating configuration testDebugRuntimeOnly
2021-06-06T09:17:43.977-0500 [DEBUG] [org.gradle.internal.operations.DefaultBuildOperationRunner] Build operation 'Execute container callback action' completed
2021-06-06T09:17:43.977-0500 [DEBUG] [org.gradle.internal.operations.DefaultBuildOperationRunner] Build operation 'Execute container callback action' completed
2021-06-06T09:17:43.977-0500 [DEBUG] [com.android.build.gradle.internal.dependency.SourceSetManager] Creating configuration testDebugCompileOnly
2021-06-06T09:17:43.977-0500 [DEBUG] [org.gradle.internal.operations.DefaultBuildOperationRunner] Build operation 'Execute container callback action' completed
2021-06-06T09:17:43.978-0500 [DEBUG] [org.gradle.internal.operations.DefaultBuildOperationRunner] Build operation 'Execute container callback action' completed
2021-06-06T09:17:43.978-0500 [DEBUG] [com.android.build.gradle.internal.dependency.SourceSetManager] Creating configuration testDebugWearApp
2021-06-06T09:17:43.978-0500 [DEBUG] [org.gradle.internal.operations.DefaultBuildOperationRunner] Build operation 'Execute container callback action' completed
2021-06-06T09:17:43.978-0500 [DEBUG] [org.gradle.internal.operations.DefaultBuildOperationRunner] Build operation 'Execute container callback action' completed
2021-06-06T09:17:43.978-0500 [DEBUG] [com.android.build.gradle.internal.dependency.SourceSetManager] Creating configuration testDebugAnnotationProcessor
2021-06-06T09:17:43.978-0500 [DEBUG] [org.gradle.internal.operations.DefaultBuildOperationRunner] Build operation 'Execute container callback action' completed
2021-06-06T09:17:43.979-0500 [DEBUG] [org.gradle.internal.operations.DefaultBuildOperationRunner] Build operation 'Execute container callback action' completed
2021-06-06T09:17:43.979-0500 [DEBUG] [com.android.build.gradle.internal.dependency.SourceSetManager] Creating configuration debugCompile
2021-06-06T09:17:43.980-0500 [DEBUG] [org.gradle.internal.operations.DefaultBuildOperationRunner] Build operation 'Execute container callback action' completed
2021-06-06T09:17:43.980-0500 [DEBUG] [org.gradle.internal.operations.DefaultBuildOperationRunner] Build operation 'Execute container callback action' completed
2021-06-06T09:17:43.980-0500 [DEBUG] [com.android.build.gradle.internal.dependency.SourceSetManager] Creating configuration debugApk
2021-06-06T09:17:43.981-0500 [DEBUG] [org.gradle.internal.operations.DefaultBuildOperationRunner] Build operation 'Execute container callback action' completed
2021-06-06T09:17:43.981-0500 [DEBUG] [org.gradle.internal.operations.DefaultBuildOperationRunner] Build operation 'Execute container callback action' completed
2021-06-06T09:17:43.981-0500 [DEBUG] [com.android.build.gradle.internal.dependency.SourceSetManager] Creating configuration debugProvided
2021-06-06T09:17:43.981-0500 [DEBUG] [org.gradle.internal.operations.DefaultBuildOperationRunner] Build operation 'Execute container callback action' completed
2021-06-06T09:17:43.982-0500 [DEBUG] [org.gradle.internal.operations.DefaultBuildOperationRunner] Build operation 'Execute container callback action' completed
2021-06-06T09:17:43.982-0500 [DEBUG] [com.android.build.gradle.internal.dependency.SourceSetManager] Creating configuration debugApi
2021-06-06T09:17:43.982-0500 [DEBUG] [org.gradle.internal.operations.DefaultBuildOperationRunner] Build operation 'Execute container callback action' completed
2021-06-06T09:17:43.982-0500 [DEBUG] [org.gradle.internal.operations.DefaultBuildOperationRunner] Build operation 'Execute container callback action' completed
2021-06-06T09:17:43.982-0500 [DEBUG] [com.android.build.gradle.internal.dependency.SourceSetManager] Creating configuration debugImplementation
2021-06-06T09:17:43.982-0500 [DEBUG] [org.gradle.internal.operations.DefaultBuildOperationRunner] Build operation 'Execute container callback action' completed
2021-06-06T09:17:43.983-0500 [DEBUG] [org.gradle.internal.operations.DefaultBuildOperationRunner] Build operation 'Execute container callback action' completed
2021-06-06T09:17:43.983-0500 [DEBUG] [com.android.build.gradle.internal.dependency.SourceSetManager] Creating configuration debugRuntimeOnly
2021-06-06T09:17:43.983-0500 [DEBUG] [org.gradle.internal.operations.DefaultBuildOperationRunner] Build operation 'Execute container callback action' completed
2021-06-06T09:17:43.983-0500 [DEBUG] [org.gradle.internal.operations.DefaultBuildOperationRunner] Build operation 'Execute container callback action' completed
2021-06-06T09:17:43.983-0500 [DEBUG] [com.android.build.gradle.internal.dependency.SourceSetManager] Creating configuration debugCompileOnly
2021-06-06T09:17:43.983-0500 [DEBUG] [org.gradle.internal.operations.DefaultBuildOperationRunner] Build operation 'Execute container callback action' completed
2021-06-06T09:17:43.984-0500 [DEBUG] [org.gradle.internal.operations.DefaultBuildOperationRunner] Build operation 'Execute container callback action' completed
2021-06-06T09:17:43.984-0500 [DEBUG] [com.android.build.gradle.internal.dependency.SourceSetManager] Creating configuration debugWearApp
2021-06-06T09:17:43.984-0500 [DEBUG] [org.gradle.internal.operations.DefaultBuildOperationRunner] Build operation 'Execute container callback action' completed
2021-06-06T09:17:43.984-0500 [DEBUG] [org.gradle.internal.operations.DefaultBuildOperationRunner] Build operation 'Execute container callback action' completed
2021-06-06T09:17:43.984-0500 [DEBUG] [com.android.build.gradle.internal.dependency.SourceSetManager] Creating configuration debugAnnotationProcessor
2021-06-06T09:17:43.984-0500 [DEBUG] [org.gradle.internal.operations.DefaultBuildOperationRunner] Build operation 'Execute container callback action' completed
2021-06-06T09:17:43.985-0500 [DEBUG] [org.gradle.internal.operations.DefaultBuildOperationRunner] Build operation 'Execute container callback action' completed
2021-06-06T09:17:43.985-0500 [DEBUG] [org.gradle.internal.operations.DefaultBuildOperationRunner] Build operation 'Execute container callback action' completed
2021-06-06T09:17:43.985-0500 [DEBUG] [com.android.build.gradle.internal.dependency.SourceSetManager] Creating configuration androidTestReleaseCompile
2021-06-06T09:17:43.985-0500 [DEBUG] [org.gradle.internal.operations.DefaultBuildOperationRunner] Build operation 'Execute container callback action' completed
2021-06-06T09:17:43.986-0500 [DEBUG] [org.gradle.internal.operations.DefaultBuildOperationRunner] Build operation 'Execute container callback action' completed
2021-06-06T09:17:43.986-0500 [DEBUG] [com.android.build.gradle.internal.dependency.SourceSetManager] Creating configuration androidTestReleaseApk
2021-06-06T09:17:43.986-0500 [DEBUG] [org.gradle.internal.operations.DefaultBuildOperationRunner] Build operation 'Execute container callback action' completed
2021-06-06T09:17:43.986-0500 [DEBUG] [org.gradle.internal.operations.DefaultBuildOperationRunner] Build operation 'Execute container callback action' completed
2021-06-06T09:17:43.986-0500 [DEBUG] [com.android.build.gradle.internal.dependency.SourceSetManager] Creating configuration androidTestReleaseProvided
2021-06-06T09:17:43.986-0500 [DEBUG] [org.gradle.internal.operations.DefaultBuildOperationRunner] Build operation 'Execute container callback action' completed
2021-06-06T09:17:43.987-0500 [DEBUG] [org.gradle.internal.operations.DefaultBuildOperationRunner] Build operation 'Execute container callback action' completed
2021-06-06T09:17:43.987-0500 [DEBUG] [com.android.build.gradle.internal.dependency.SourceSetManager] Creating configuration androidTestReleaseApi
2021-06-06T09:17:43.987-0500 [DEBUG] [org.gradle.internal.operations.DefaultBuildOperationRunner] Build operation 'Execute container callback action' completed
2021-06-06T09:17:43.987-0500 [DEBUG] [org.gradle.internal.operations.DefaultBuildOperationRunner] Build operation 'Execute container callback action' completed
2021-06-06T09:17:43.987-0500 [DEBUG] [com.android.build.gradle.internal.dependency.SourceSetManager] Creating configuration androidTestReleaseImplementation
2021-06-06T09:17:43.987-0500 [DEBUG] [org.gradle.internal.operations.DefaultBuildOperationRunner] Build operation 'Execute container callback action' completed
2021-06-06T09:17:43.988-0500 [DEBUG] [org.gradle.internal.operations.DefaultBuildOperationRunner] Build operation 'Execute container callback action' completed
2021-06-06T09:17:43.988-0500 [DEBUG] [com.android.build.gradle.internal.dependency.SourceSetManager] Creating configuration androidTestReleaseRuntimeOnly
2021-06-06T09:17:43.988-0500 [DEBUG] [org.gradle.internal.operations.DefaultBuildOperationRunner] Build operation 'Execute container callback action' completed
2021-06-06T09:17:43.988-0500 [DEBUG] [org.gradle.internal.operations.DefaultBuildOperationRunner] Build operation 'Execute container callback action' completed
2021-06-06T09:17:43.988-0500 [DEBUG] [com.android.build.gradle.internal.dependency.SourceSetManager] Creating configuration androidTestReleaseCompileOnly
2021-06-06T09:17:43.988-0500 [DEBUG] [org.gradle.internal.operations.DefaultBuildOperationRunner] Build operation 'Execute container callback action' completed
2021-06-06T09:17:43.989-0500 [DEBUG] [org.gradle.internal.operations.DefaultBuildOperationRunner] Build operation 'Execute container callback action' completed
2021-06-06T09:17:43.989-0500 [DEBUG] [com.android.build.gradle.internal.dependency.SourceSetManager] Creating configuration androidTestReleaseWearApp
2021-06-06T09:17:43.989-0500 [DEBUG] [org.gradle.internal.operations.DefaultBuildOperationRunner] Build operation 'Execute container callback action' completed
2021-06-06T09:17:43.989-0500 [DEBUG] [org.gradle.internal.operations.DefaultBuildOperationRunner] Build operation 'Execute container callback action' completed
2021-06-06T09:17:43.989-0500 [DEBUG] [com.android.build.gradle.internal.dependency.SourceSetManager] Creating configuration androidTestReleaseAnnotationProcessor
2021-06-06T09:17:43.989-0500 [DEBUG] [org.gradle.internal.operations.DefaultBuildOperationRunner] Build operation 'Execute container callback action' completed
2021-06-06T09:17:43.990-0500 [DEBUG] [org.gradle.internal.operations.DefaultBuildOperationRunner] Build operation 'Execute container callback action' completed
2021-06-06T09:17:43.990-0500 [DEBUG] [com.android.build.gradle.internal.dependency.SourceSetManager] Creating configuration testReleaseCompile
2021-06-06T09:17:43.990-0500 [DEBUG] [org.gradle.internal.operations.DefaultBuildOperationRunner] Build operation 'Execute container callback action' completed
2021-06-06T09:17:43.990-0500 [DEBUG] [org.gradle.internal.operations.DefaultBuildOperationRunner] Build operation 'Execute container callback action' completed
2021-06-06T09:17:43.990-0500 [DEBUG] [com.android.build.gradle.internal.dependency.SourceSetManager] Creating configuration testReleaseApk
2021-06-06T09:17:43.991-0500 [DEBUG] [org.gradle.internal.operations.DefaultBuildOperationRunner] Build operation 'Execute container callback action' completed
2021-06-06T09:17:43.991-0500 [DEBUG] [org.gradle.internal.operations.DefaultBuildOperationRunner] Build operation 'Execute container callback action' completed
2021-06-06T09:17:43.991-0500 [DEBUG] [com.android.build.gradle.internal.dependency.SourceSetManager] Creating configuration testReleaseProvided
2021-06-06T09:17:43.991-0500 [DEBUG] [org.gradle.internal.operations.DefaultBuildOperationRunner] Build operation 'Execute container callback action' completed
2021-06-06T09:17:43.991-0500 [DEBUG] [org.gradle.internal.operations.DefaultBuildOperationRunner] Build operation 'Execute container callback action' completed
2021-06-06T09:17:43.991-0500 [DEBUG] [com.android.build.gradle.internal.dependency.SourceSetManager] Creating configuration testReleaseApi
2021-06-06T09:17:43.992-0500 [DEBUG] [org.gradle.internal.operations.DefaultBuildOperationRunner] Build operation 'Execute container callback action' completed
2021-06-06T09:17:43.992-0500 [DEBUG] [org.gradle.internal.operations.DefaultBuildOperationRunner] Build operation 'Execute container callback action' completed
2021-06-06T09:17:43.992-0500 [DEBUG] [com.android.build.gradle.internal.dependency.SourceSetManager] Creating configuration testReleaseImplementation
2021-06-06T09:17:43.992-0500 [DEBUG] [org.gradle.internal.operations.DefaultBuildOperationRunner] Build operation 'Execute container callback action' completed
2021-06-06T09:17:43.992-0500 [DEBUG] [org.gradle.internal.operations.DefaultBuildOperationRunner] Build operation 'Execute container callback action' completed
2021-06-06T09:17:43.992-0500 [DEBUG] [com.android.build.gradle.internal.dependency.SourceSetManager] Creating configuration testReleaseRuntimeOnly
2021-06-06T09:17:43.993-0500 [DEBUG] [org.gradle.internal.operations.DefaultBuildOperationRunner] Build operation 'Execute container callback action' completed
2021-06-06T09:17:43.993-0500 [DEBUG] [org.gradle.internal.operations.DefaultBuildOperationRunner] Build operation 'Execute container callback action' completed
2021-06-06T09:17:43.993-0500 [DEBUG] [com.android.build.gradle.internal.dependency.SourceSetManager] Creating configuration testReleaseCompileOnly
2021-06-06T09:17:43.993-0500 [DEBUG] [org.gradle.internal.operations.DefaultBuildOperationRunner] Build operation 'Execute container callback action' completed
2021-06-06T09:17:43.993-0500 [DEBUG] [org.gradle.internal.operations.DefaultBuildOperationRunner] Build operation 'Execute container callback action' completed
2021-06-06T09:17:43.994-0500 [DEBUG] [com.android.build.gradle.internal.dependency.SourceSetManager] Creating configuration testReleaseWearApp
2021-06-06T09:17:43.994-0500 [DEBUG] [org.gradle.internal.operations.DefaultBuildOperationRunner] Build operation 'Execute container callback action' completed
2021-06-06T09:17:43.994-0500 [DEBUG] [org.gradle.internal.operations.DefaultBuildOperationRunner] Build operation 'Execute container callback action' completed
2021-06-06T09:17:43.994-0500 [DEBUG] [com.android.build.gradle.internal.dependency.SourceSetManager] Creating configuration testReleaseAnnotationProcessor
2021-06-06T09:17:43.994-0500 [DEBUG] [org.gradle.internal.operations.DefaultBuildOperationRunner] Build operation 'Execute container callback action' completed
2021-06-06T09:17:43.994-0500 [DEBUG] [org.gradle.internal.operations.DefaultBuildOperationRunner] Build operation 'Execute container callback action' completed
2021-06-06T09:17:43.995-0500 [DEBUG] [com.android.build.gradle.internal.dependency.SourceSetManager] Creating configuration releaseCompile
2021-06-06T09:17:43.995-0500 [DEBUG] [org.gradle.internal.operations.DefaultBuildOperationRunner] Build operation 'Execute container callback action' completed
2021-06-06T09:17:43.995-0500 [DEBUG] [org.gradle.internal.operations.DefaultBuildOperationRunner] Build operation 'Execute container callback action' completed
2021-06-06T09:17:43.996-0500 [DEBUG] [com.android.build.gradle.internal.dependency.SourceSetManager] Creating configuration releaseApk
2021-06-06T09:17:43.996-0500 [DEBUG] [org.gradle.internal.operations.DefaultBuildOperationRunner] Build operation 'Execute container callback action' completed
2021-06-06T09:17:43.997-0500 [DEBUG] [org.gradle.internal.operations.DefaultBuildOperationRunner] Build operation 'Execute container callback action' completed
2021-06-06T09:17:43.997-0500 [DEBUG] [com.android.build.gradle.internal.dependency.SourceSetManager] Creating configuration releaseProvided
2021-06-06T09:17:43.997-0500 [DEBUG] [org.gradle.internal.operations.DefaultBuildOperationRunner] Build operation 'Execute container callback action' completed
2021-06-06T09:17:43.997-0500 [DEBUG] [org.gradle.internal.operations.DefaultBuildOperationRunner] Build operation 'Execute container callback action' completed
2021-06-06T09:17:43.997-0500 [DEBUG] [com.android.build.gradle.internal.dependency.SourceSetManager] Creating configuration releaseApi
2021-06-06T09:17:43.998-0500 [DEBUG] [org.gradle.internal.operations.DefaultBuildOperationRunner] Build operation 'Execute container callback action' completed
2021-06-06T09:17:43.998-0500 [DEBUG] [org.gradle.internal.operations.DefaultBuildOperationRunner] Build operation 'Execute container callback action' completed
2021-06-06T09:17:43.998-0500 [DEBUG] [com.android.build.gradle.internal.dependency.SourceSetManager] Creating configuration releaseImplementation
2021-06-06T09:17:43.999-0500 [DEBUG] [org.gradle.internal.operations.DefaultBuildOperationRunner] Build operation 'Execute container callback action' completed
2021-06-06T09:17:43.999-0500 [DEBUG] [org.gradle.internal.operations.DefaultBuildOperationRunner] Build operation 'Execute container callback action' completed
2021-06-06T09:17:43.999-0500 [DEBUG] [com.android.build.gradle.internal.dependency.SourceSetManager] Creating configuration releaseRuntimeOnly
2021-06-06T09:17:44.000-0500 [DEBUG] [org.gradle.internal.operations.DefaultBuildOperationRunner] Build operation 'Execute container callback action' completed
2021-06-06T09:17:44.000-0500 [DEBUG] [org.gradle.internal.operations.DefaultBuildOperationRunner] Build operation 'Execute container callback action' completed
2021-06-06T09:17:44.000-0500 [DEBUG] [com.android.build.gradle.internal.dependency.SourceSetManager] Creating configuration releaseCompileOnly
2021-06-06T09:17:44.001-0500 [DEBUG] [org.gradle.internal.operations.DefaultBuildOperationRunner] Build operation 'Execute container callback action' completed
2021-06-06T09:17:44.001-0500 [DEBUG] [org.gradle.internal.operations.DefaultBuildOperationRunner] Build operation 'Execute container callback action' completed
2021-06-06T09:17:44.001-0500 [DEBUG] [com.android.build.gradle.internal.dependency.SourceSetManager] Creating configuration releaseWearApp
2021-06-06T09:17:44.002-0500 [DEBUG] [org.gradle.internal.operations.DefaultBuildOperationRunner] Build operation 'Execute container callback action' completed
2021-06-06T09:17:44.002-0500 [DEBUG] [org.gradle.internal.operations.DefaultBuildOperationRunner] Build operation 'Execute container callback action' completed
2021-06-06T09:17:44.002-0500 [DEBUG] [com.android.build.gradle.internal.dependency.SourceSetManager] Creating configuration releaseAnnotationProcessor
2021-06-06T09:17:44.002-0500 [DEBUG] [org.gradle.internal.operations.DefaultBuildOperationRunner] Build operation 'Execute container callback action' completed
2021-06-06T09:17:44.003-0500 [DEBUG] [org.gradle.internal.operations.DefaultBuildOperationRunner] Build operation 'Execute container callback action' completed
2021-06-06T09:17:44.003-0500 [DEBUG] [org.gradle.internal.operations.DefaultBuildOperationRunner] Build operation 'Execute container callback action' completed
2021-06-06T09:17:44.003-0500 [DEBUG] [org.gradle.api.Project] Creating configuration androidTestUtil
2021-06-06T09:17:44.003-0500 [DEBUG] [org.gradle.internal.operations.DefaultBuildOperationRunner] Build operation 'Execute container callback action' completed
2021-06-06T09:17:44.003-0500 [DEBUG] [org.gradle.internal.operations.DefaultBuildOperationRunner] Build operation 'Execute container callback action' completed
2021-06-06T09:17:44.149-0500 [DEBUG] [org.gradle.internal.operations.DefaultBuildOperationRunner] Build operation 'Register task :app:uninstallAll' completed
2021-06-06T09:17:44.150-0500 [DEBUG] [org.gradle.internal.operations.DefaultBuildOperationRunner] Build operation 'Register task :app:deviceCheck' completed
2021-06-06T09:17:44.150-0500 [DEBUG] [org.gradle.internal.operations.DefaultBuildOperationRunner] Build operation 'Register task :app:connectedCheck' completed
2021-06-06T09:17:44.151-0500 [DEBUG] [org.gradle.internal.operations.DefaultBuildOperationRunner] Build operation 'Register task :app:preBuild' completed
2021-06-06T09:17:44.154-0500 [DEBUG] [org.gradle.internal.operations.DefaultBuildOperationRunner] Build operation 'Register task :app:extractProguardFiles' completed
2021-06-06T09:17:44.156-0500 [DEBUG] [org.gradle.internal.operations.DefaultBuildOperationRunner] Build operation 'Register task :app:sourceSets' completed
2021-06-06T09:17:44.157-0500 [DEBUG] [org.gradle.internal.operations.DefaultBuildOperationRunner] Build operation 'Register task :app:assembleAndroidTest' completed
2021-06-06T09:17:44.158-0500 [DEBUG] [org.gradle.internal.operations.DefaultBuildOperationRunner] Build operation 'Register task :app:compileLint' completed
2021-06-06T09:17:44.162-0500 [DEBUG] [org.gradle.internal.operations.DefaultBuildOperationRunner] Build operation 'Register task :app:lint' completed
2021-06-06T09:17:44.164-0500 [DEBUG] [org.gradle.internal.operations.DefaultBuildOperationRunner] Build operation 'Register task :app:lintFix' completed
2021-06-06T09:17:44.165-0500 [DEBUG] [org.gradle.internal.operations.DefaultBuildOperationRunner] Build operation 'Execute container callback action' completed
2021-06-06T09:17:44.165-0500 [DEBUG] [org.gradle.internal.operations.DefaultBuildOperationRunner] Build operation 'Execute container callback action' completed
2021-06-06T09:17:44.165-0500 [DEBUG] [org.gradle.internal.operations.DefaultBuildOperationRunner] Build operation 'Execute container callback action' completed
2021-06-06T09:17:44.166-0500 [DEBUG] [org.gradle.internal.operations.DefaultBuildOperationRunner] Build operation 'Execute container callback action' completed
2021-06-06T09:17:44.166-0500 [DEBUG] [org.gradle.internal.operations.DefaultBuildOperationRunner] Build operation 'Execute container callback action' completed
2021-06-06T09:17:44.166-0500 [DEBUG] [org.gradle.internal.operations.DefaultBuildOperationRunner] Build operation 'Execute container callback action' completed
2021-06-06T09:17:44.167-0500 [DEBUG] [org.gradle.internal.operations.DefaultBuildOperationRunner] Build operation 'Register task :app:cleanBuildCache' completed
2021-06-06T09:17:44.168-0500 [DEBUG] [org.gradle.internal.operations.DefaultBuildOperationRunner] Build operation 'Register task :app:resolveConfigAttr' completed
2021-06-06T09:17:44.169-0500 [DEBUG] [org.gradle.internal.operations.DefaultBuildOperationRunner] Build operation 'Register task :app:consumeConfigAttr' completed
2021-06-06T09:17:44.169-0500 [DEBUG] [org.gradle.internal.operations.DefaultBuildOperationRunner] Build operation 'Execute container callback action' completed
2021-06-06T09:17:44.169-0500 [DEBUG] [org.gradle.internal.operations.DefaultBuildOperationRunner] Build operation 'Execute container callback action' completed
2021-06-06T09:17:44.170-0500 [DEBUG] [org.gradle.internal.operations.DefaultBuildOperationRunner] Build operation 'Apply plugin com.android.internal.application to project ':app'' completed
2021-06-06T09:17:44.170-0500 [DEBUG] [org.gradle.internal.operations.DefaultBuildOperationRunner] Build operation 'Apply plugin com.android.application to project ':app'' completed
2021-06-06T09:17:44.175-0500 [DEBUG] [org.jetbrains.kotlin.gradle.plugin.KotlinAndroidPluginWrapper] [KOTLIN] Loading version information
2021-06-06T09:17:44.176-0500 [DEBUG] [org.jetbrains.kotlin.gradle.plugin.KotlinAndroidPluginWrapper] [KOTLIN] Found project version [1.4.32]
2021-06-06T09:17:44.180-0500 [DEBUG] [org.jetbrains.kotlin.gradle.plugin.statistics.KotlinBuildStatHandler] Executing [class org.jetbrains.kotlin.gradle.plugin.statistics.KotlinBuildStatsService.getOrCreateInstance]
2021-06-06T09:17:44.283-0500 [DEBUG] [org.jetbrains.kotlin.gradle.plugin.statistics.KotlinBuildStatsService] Instantiated class org.jetbrains.kotlin.gradle.plugin.statistics.KotlinBuildStatsService: new instance org.jetbrains.kotlin.gradle.plugin.statistics.DefaultKotlinBuildStatsService@2a518672
2021-06-06T09:17:44.288-0500 [DEBUG] [org.jetbrains.kotlin.gradle.plugin.statistics.KotlinBuildStatHandler] Executing [report metric KOTLIN_COMPILER_VERSION]
2021-06-06T09:17:44.293-0500 [DEBUG] [org.gradle.internal.operations.DefaultBuildOperationRunner] Build operation 'Execute container callback action' completed
2021-06-06T09:17:44.293-0500 [DEBUG] [org.gradle.internal.operations.DefaultBuildOperationRunner] Build operation 'Execute container callback action' completed
2021-06-06T09:17:44.295-0500 [DEBUG] [org.gradle.internal.operations.DefaultBuildOperationRunner] Build operation 'Execute container callback action' completed
2021-06-06T09:17:44.295-0500 [DEBUG] [org.gradle.internal.operations.DefaultBuildOperationRunner] Build operation 'Execute container callback action' completed
2021-06-06T09:17:44.295-0500 [DEBUG] [org.gradle.internal.operations.DefaultBuildOperationRunner] Build operation 'Execute container callback action' completed
2021-06-06T09:17:44.295-0500 [DEBUG] [org.gradle.internal.operations.DefaultBuildOperationRunner] Build operation 'Execute container callback action' completed
2021-06-06T09:17:44.296-0500 [DEBUG] [org.gradle.internal.operations.DefaultBuildOperationRunner] Build operation 'Execute container callback action' completed
2021-06-06T09:17:44.296-0500 [DEBUG] [org.gradle.internal.operations.DefaultBuildOperationRunner] Build operation 'Execute container callback action' completed
2021-06-06T09:17:44.299-0500 [DEBUG] [org.jetbrains.kotlin.gradle.plugin.KotlinGradleBuildServices] [KOTLIN] Initialized KotlinGradleBuildServices
2021-06-06T09:17:44.357-0500 [DEBUG] [org.gradle.internal.operations.DefaultBuildOperationRunner] Build operation 'Execute container callback action' completed
2021-06-06T09:17:44.357-0500 [DEBUG] [org.gradle.internal.operations.DefaultBuildOperationRunner] Build operation 'Execute container callback action' completed
2021-06-06T09:17:44.357-0500 [DEBUG] [org.gradle.internal.operations.DefaultBuildOperationRunner] Build operation 'Execute container callback action' completed
2021-06-06T09:17:44.358-0500 [DEBUG] [org.gradle.internal.operations.DefaultBuildOperationRunner] Build operation 'Execute container callback action' completed
2021-06-06T09:17:44.358-0500 [DEBUG] [org.gradle.internal.operations.DefaultBuildOperationRunner] Build operation 'Execute container callback action' completed
2021-06-06T09:17:44.358-0500 [DEBUG] [org.gradle.internal.operations.DefaultBuildOperationRunner] Build operation 'Execute container callback action' completed
2021-06-06T09:17:44.359-0500 [DEBUG] [org.gradle.internal.operations.DefaultBuildOperationRunner] Build operation 'Execute container callback action' completed
2021-06-06T09:17:44.359-0500 [DEBUG] [org.gradle.internal.operations.DefaultBuildOperationRunner] Build operation 'Execute container callback action' completed
2021-06-06T09:17:44.369-0500 [DEBUG] [org.gradle.internal.operations.DefaultBuildOperationRunner] Build operation 'Execute container callback action' completed
2021-06-06T09:17:44.371-0500 [DEBUG] [org.gradle.internal.operations.DefaultBuildOperationRunner] Build operation 'Execute container callback action' completed
2021-06-06T09:17:44.393-0500 [DEBUG] [org.gradle.internal.operations.DefaultBuildOperationRunner] Build operation 'Execute container callback action' completed
2021-06-06T09:17:44.394-0500 [DEBUG] [org.gradle.internal.operations.DefaultBuildOperationRunner] Build operation 'Execute container callback action' completed
2021-06-06T09:17:44.394-0500 [DEBUG] [org.gradle.internal.operations.DefaultBuildOperationRunner] Build operation 'Execute container callback action' completed
2021-06-06T09:17:44.395-0500 [DEBUG] [org.gradle.internal.operations.DefaultBuildOperationRunner] Build operation 'Execute container callback action' completed
2021-06-06T09:17:44.395-0500 [DEBUG] [org.gradle.internal.operations.DefaultBuildOperationRunner] Build operation 'Execute container callback action' completed
2021-06-06T09:17:44.395-0500 [DEBUG] [org.gradle.internal.operations.DefaultBuildOperationRunner] Build operation 'Execute container callback action' completed
2021-06-06T09:17:44.396-0500 [DEBUG] [org.gradle.internal.operations.DefaultBuildOperationRunner] Build operation 'Execute container callback action' completed
2021-06-06T09:17:44.396-0500 [DEBUG] [org.gradle.internal.operations.DefaultBuildOperationRunner] Build operation 'Execute container callback action' completed
2021-06-06T09:17:44.396-0500 [DEBUG] [org.gradle.internal.operations.DefaultBuildOperationRunner] Build operation 'Execute container callback action' completed
2021-06-06T09:17:44.397-0500 [DEBUG] [org.gradle.internal.operations.DefaultBuildOperationRunner] Build operation 'Execute container callback action' completed
2021-06-06T09:17:44.398-0500 [DEBUG] [org.gradle.internal.operations.DefaultBuildOperationRunner] Build operation 'Execute container callback action' completed
2021-06-06T09:17:44.398-0500 [DEBUG] [org.gradle.internal.operations.DefaultBuildOperationRunner] Build operation 'Execute container callback action' completed
2021-06-06T09:17:44.399-0500 [DEBUG] [org.gradle.internal.operations.DefaultBuildOperationRunner] Build operation 'Execute container callback action' completed
2021-06-06T09:17:44.399-0500 [DEBUG] [org.gradle.internal.operations.DefaultBuildOperationRunner] Build operation 'Execute container callback action' completed
2021-06-06T09:17:44.399-0500 [DEBUG] [org.gradle.internal.operations.DefaultBuildOperationRunner] Build operation 'Execute container callback action' completed
2021-06-06T09:17:44.399-0500 [DEBUG] [org.gradle.internal.operations.DefaultBuildOperationRunner] Build operation 'Execute container callback action' completed
2021-06-06T09:17:44.400-0500 [DEBUG] [org.gradle.internal.operations.DefaultBuildOperationRunner] Build operation 'Execute container callback action' completed
2021-06-06T09:17:44.400-0500 [DEBUG] [org.gradle.internal.operations.DefaultBuildOperationRunner] Build operation 'Execute container callback action' completed
2021-06-06T09:17:44.400-0500 [DEBUG] [org.gradle.internal.operations.DefaultBuildOperationRunner] Build operation 'Execute container callback action' completed
2021-06-06T09:17:44.400-0500 [DEBUG] [org.gradle.internal.operations.DefaultBuildOperationRunner] Build operation 'Execute container callback action' completed
2021-06-06T09:17:44.401-0500 [DEBUG] [org.gradle.internal.operations.DefaultBuildOperationRunner] Build operation 'Execute container callback action' completed
2021-06-06T09:17:44.401-0500 [DEBUG] [org.gradle.internal.operations.DefaultBuildOperationRunner] Build operation 'Execute container callback action' completed
2021-06-06T09:17:44.402-0500 [DEBUG] [org.gradle.internal.operations.DefaultBuildOperationRunner] Build operation 'Execute container callback action' completed
2021-06-06T09:17:44.403-0500 [DEBUG] [org.gradle.internal.operations.DefaultBuildOperationRunner] Build operation 'Execute container callback action' completed
2021-06-06T09:17:44.403-0500 [DEBUG] [org.gradle.internal.operations.DefaultBuildOperationRunner] Build operation 'Execute container callback action' completed
2021-06-06T09:17:44.403-0500 [DEBUG] [org.gradle.internal.operations.DefaultBuildOperationRunner] Build operation 'Execute container callback action' completed
2021-06-06T09:17:44.404-0500 [DEBUG] [org.gradle.internal.operations.DefaultBuildOperationRunner] Build operation 'Execute container callback action' completed
2021-06-06T09:17:44.404-0500 [DEBUG] [org.gradle.internal.operations.DefaultBuildOperationRunner] Build operation 'Execute container callback action' completed
2021-06-06T09:17:44.404-0500 [DEBUG] [org.gradle.internal.operations.DefaultBuildOperationRunner] Build operation 'Execute container callback action' completed
2021-06-06T09:17:44.405-0500 [DEBUG] [org.gradle.internal.operations.DefaultBuildOperationRunner] Build operation 'Execute container callback action' completed
2021-06-06T09:17:44.405-0500 [DEBUG] [org.gradle.internal.operations.DefaultBuildOperationRunner] Build operation 'Execute container callback action' completed
2021-06-06T09:17:44.406-0500 [DEBUG] [org.gradle.internal.operations.DefaultBuildOperationRunner] Build operation 'Execute container callback action' completed
2021-06-06T09:17:44.406-0500 [DEBUG] [org.gradle.internal.operations.DefaultBuildOperationRunner] Build operation 'Execute container callback action' completed
2021-06-06T09:17:44.406-0500 [DEBUG] [org.gradle.internal.operations.DefaultBuildOperationRunner] Build operation 'Execute container callback action' completed
2021-06-06T09:17:44.407-0500 [DEBUG] [org.gradle.internal.operations.DefaultBuildOperationRunner] Build operation 'Execute container callback action' completed
2021-06-06T09:17:44.407-0500 [DEBUG] [org.gradle.internal.operations.DefaultBuildOperationRunner] Build operation 'Execute container callback action' completed
2021-06-06T09:17:44.408-0500 [DEBUG] [org.gradle.internal.operations.DefaultBuildOperationRunner] Build operation 'Execute container callback action' completed
2021-06-06T09:17:44.408-0500 [DEBUG] [org.gradle.internal.operations.DefaultBuildOperationRunner] Build operation 'Execute container callback action' completed
2021-06-06T09:17:44.409-0500 [DEBUG] [org.gradle.internal.operations.DefaultBuildOperationRunner] Build operation 'Execute container callback action' completed
2021-06-06T09:17:44.409-0500 [DEBUG] [org.gradle.internal.operations.DefaultBuildOperationRunner] Build operation 'Execute container callback action' completed
2021-06-06T09:17:44.409-0500 [DEBUG] [org.gradle.internal.operations.DefaultBuildOperationRunner] Build operation 'Execute container callback action' completed
2021-06-06T09:17:44.409-0500 [DEBUG] [org.gradle.internal.operations.DefaultBuildOperationRunner] Build operation 'Execute container callback action' completed
2021-06-06T09:17:44.410-0500 [DEBUG] [org.gradle.internal.operations.DefaultBuildOperationRunner] Build operation 'Execute container callback action' completed
2021-06-06T09:17:44.410-0500 [DEBUG] [org.gradle.internal.operations.DefaultBuildOperationRunner] Build operation 'Execute container callback action' completed
2021-06-06T09:17:44.411-0500 [DEBUG] [org.gradle.internal.operations.DefaultBuildOperationRunner] Build operation 'Execute container callback action' completed
2021-06-06T09:17:44.411-0500 [DEBUG] [org.gradle.internal.operations.DefaultBuildOperationRunner] Build operation 'Execute container callback action' completed
2021-06-06T09:17:44.412-0500 [DEBUG] [org.gradle.internal.operations.DefaultBuildOperationRunner] Build operation 'Execute container callback action' completed
2021-06-06T09:17:44.412-0500 [DEBUG] [org.gradle.internal.operations.DefaultBuildOperationRunner] Build operation 'Execute container callback action' completed
2021-06-06T09:17:44.412-0500 [DEBUG] [org.gradle.internal.operations.DefaultBuildOperationRunner] Build operation 'Execute container callback action' completed
2021-06-06T09:17:44.412-0500 [DEBUG] [org.gradle.internal.operations.DefaultBuildOperationRunner] Build operation 'Execute container callback action' completed
2021-06-06T09:17:44.412-0500 [DEBUG] [org.gradle.internal.operations.DefaultBuildOperationRunner] Build operation 'Execute container callback action' completed
2021-06-06T09:17:44.413-0500 [DEBUG] [org.gradle.internal.operations.DefaultBuildOperationRunner] Build operation 'Execute container callback action' completed
2021-06-06T09:17:44.413-0500 [DEBUG] [org.gradle.internal.operations.DefaultBuildOperationRunner] Build operation 'Execute container callback action' completed
2021-06-06T09:17:44.414-0500 [DEBUG] [org.gradle.internal.operations.DefaultBuildOperationRunner] Build operation 'Execute container callback action' completed
2021-06-06T09:17:44.414-0500 [DEBUG] [org.gradle.internal.operations.DefaultBuildOperationRunner] Build operation 'Execute container callback action' completed
2021-06-06T09:17:44.414-0500 [DEBUG] [org.gradle.internal.operations.DefaultBuildOperationRunner] Build operation 'Execute container callback action' completed
2021-06-06T09:17:44.414-0500 [DEBUG] [org.gradle.internal.operations.DefaultBuildOperationRunner] Build operation 'Execute container callback action' completed
2021-06-06T09:17:44.415-0500 [DEBUG] [org.gradle.internal.operations.DefaultBuildOperationRunner] Build operation 'Execute container callback action' completed
2021-06-06T09:17:44.415-0500 [DEBUG] [org.gradle.internal.operations.DefaultBuildOperationRunner] Build operation 'Execute container callback action' completed
2021-06-06T09:17:44.415-0500 [DEBUG] [org.gradle.internal.operations.DefaultBuildOperationRunner] Build operation 'Execute container callback action' completed
2021-06-06T09:17:44.415-0500 [DEBUG] [org.gradle.internal.operations.DefaultBuildOperationRunner] Build operation 'Execute container callback action' completed
2021-06-06T09:17:44.415-0500 [DEBUG] [org.gradle.internal.operations.DefaultBuildOperationRunner] Build operation 'Execute container callback action' completed
2021-06-06T09:17:44.416-0500 [DEBUG] [org.gradle.internal.operations.DefaultBuildOperationRunner] Build operation 'Execute container callback action' completed
2021-06-06T09:17:44.416-0500 [DEBUG] [org.gradle.internal.operations.DefaultBuildOperationRunner] Build operation 'Execute container callback action' completed
2021-06-06T09:17:44.417-0500 [DEBUG] [org.gradle.internal.operations.DefaultBuildOperationRunner] Build operation 'Execute container callback action' completed
2021-06-06T09:17:44.417-0500 [DEBUG] [org.gradle.internal.operations.DefaultBuildOperationRunner] Build operation 'Execute container callback action' completed
2021-06-06T09:17:44.417-0500 [DEBUG] [org.gradle.internal.operations.DefaultBuildOperationRunner] Build operation 'Execute container callback action' completed
2021-06-06T09:17:44.418-0500 [DEBUG] [org.gradle.internal.operations.DefaultBuildOperationRunner] Build operation 'Execute container callback action' completed
2021-06-06T09:17:44.418-0500 [DEBUG] [org.gradle.internal.operations.DefaultBuildOperationRunner] Build operation 'Execute container callback action' completed
2021-06-06T09:17:44.418-0500 [DEBUG] [org.gradle.internal.operations.DefaultBuildOperationRunner] Build operation 'Execute container callback action' completed
2021-06-06T09:17:44.419-0500 [DEBUG] [org.gradle.internal.operations.DefaultBuildOperationRunner] Build operation 'Execute container callback action' completed
2021-06-06T09:17:44.419-0500 [DEBUG] [org.gradle.internal.operations.DefaultBuildOperationRunner] Build operation 'Execute container callback action' completed
2021-06-06T09:17:44.419-0500 [DEBUG] [org.gradle.internal.operations.DefaultBuildOperationRunner] Build operation 'Execute container callback action' completed
2021-06-06T09:17:44.419-0500 [DEBUG] [org.gradle.internal.operations.DefaultBuildOperationRunner] Build operation 'Execute container callback action' completed
2021-06-06T09:17:44.419-0500 [DEBUG] [org.gradle.internal.operations.DefaultBuildOperationRunner] Build operation 'Execute container callback action' completed
2021-06-06T09:17:44.420-0500 [DEBUG] [org.gradle.internal.operations.DefaultBuildOperationRunner] Build operation 'Execute container callback action' completed
2021-06-06T09:17:44.420-0500 [DEBUG] [org.gradle.internal.operations.DefaultBuildOperationRunner] Build operation 'Execute container callback action' completed
2021-06-06T09:17:44.421-0500 [DEBUG] [org.gradle.internal.operations.DefaultBuildOperationRunner] Build operation 'Execute container callback action' completed
2021-06-06T09:17:44.422-0500 [DEBUG] [org.gradle.internal.operations.DefaultBuildOperationRunner] Build operation 'Execute container callback action' completed
2021-06-06T09:17:44.422-0500 [DEBUG] [org.gradle.internal.operations.DefaultBuildOperationRunner] Build operation 'Execute container callback action' completed
2021-06-06T09:17:44.422-0500 [DEBUG] [org.gradle.internal.operations.DefaultBuildOperationRunner] Build operation 'Execute container callback action' completed
2021-06-06T09:17:44.423-0500 [DEBUG] [org.gradle.internal.operations.DefaultBuildOperationRunner] Build operation 'Execute container callback action' completed
2021-06-06T09:17:44.423-0500 [DEBUG] [org.gradle.internal.operations.DefaultBuildOperationRunner] Build operation 'Execute container callback action' completed
2021-06-06T09:17:44.423-0500 [DEBUG] [org.gradle.internal.operations.DefaultBuildOperationRunner] Build operation 'Execute container callback action' completed
2021-06-06T09:17:44.424-0500 [DEBUG] [org.gradle.internal.operations.DefaultBuildOperationRunner] Build operation 'Execute container callback action' completed
2021-06-06T09:17:44.424-0500 [DEBUG] [org.gradle.internal.operations.DefaultBuildOperationRunner] Build operation 'Execute container callback action' completed
2021-06-06T09:17:44.425-0500 [DEBUG] [org.gradle.internal.operations.DefaultBuildOperationRunner] Build operation 'Execute container callback action' completed
2021-06-06T09:17:44.425-0500 [DEBUG] [org.gradle.internal.operations.DefaultBuildOperationRunner] Build operation 'Execute container callback action' completed
2021-06-06T09:17:44.425-0500 [DEBUG] [org.gradle.internal.operations.DefaultBuildOperationRunner] Build operation 'Execute container callback action' completed
2021-06-06T09:17:44.427-0500 [DEBUG] [org.gradle.internal.operations.DefaultBuildOperationRunner] Build operation 'Execute container callback action' completed
2021-06-06T09:17:44.428-0500 [DEBUG] [org.gradle.internal.operations.DefaultBuildOperationRunner] Build operation 'Execute container callback action' completed
2021-06-06T09:17:44.430-0500 [DEBUG] [org.gradle.internal.operations.DefaultBuildOperationRunner] Build operation 'Execute container callback action' completed
2021-06-06T09:17:44.430-0500 [DEBUG] [org.gradle.internal.operations.DefaultBuildOperationRunner] Build operation 'Execute container callback action' completed
2021-06-06T09:17:44.431-0500 [DEBUG] [org.gradle.internal.operations.DefaultBuildOperationRunner] Build operation 'Execute container callback action' completed
2021-06-06T09:17:44.431-0500 [DEBUG] [org.gradle.internal.operations.DefaultBuildOperationRunner] Build operation 'Execute container callback action' completed
2021-06-06T09:17:44.453-0500 [DEBUG] [org.gradle.internal.operations.DefaultBuildOperationRunner] Build operation 'Execute container callback action' completed
2021-06-06T09:17:44.454-0500 [DEBUG] [org.gradle.internal.operations.DefaultBuildOperationRunner] Build operation 'Execute container callback action' completed
2021-06-06T09:17:44.454-0500 [DEBUG] [org.gradle.internal.operations.DefaultBuildOperationRunner] Build operation 'Execute container callback action' completed
2021-06-06T09:17:44.454-0500 [DEBUG] [org.gradle.internal.operations.DefaultBuildOperationRunner] Build operation 'Execute container callback action' completed
2021-06-06T09:17:44.455-0500 [DEBUG] [org.gradle.internal.operations.DefaultBuildOperationRunner] Build operation 'Execute container callback action' completed
2021-06-06T09:17:44.455-0500 [DEBUG] [org.gradle.internal.operations.DefaultBuildOperationRunner] Build operation 'Execute container callback action' completed
2021-06-06T09:17:44.455-0500 [DEBUG] [org.gradle.internal.operations.DefaultBuildOperationRunner] Build operation 'Execute container callback action' completed
2021-06-06T09:17:44.456-0500 [DEBUG] [org.gradle.internal.operations.DefaultBuildOperationRunner] Build operation 'Execute container callback action' completed
2021-06-06T09:17:44.456-0500 [DEBUG] [org.gradle.internal.operations.DefaultBuildOperationRunner] Build operation 'Execute container callback action' completed
2021-06-06T09:17:44.459-0500 [DEBUG] [org.gradle.internal.operations.DefaultBuildOperationRunner] Build operation 'Execute container callback action' completed
2021-06-06T09:17:44.460-0500 [DEBUG] [org.gradle.internal.operations.DefaultBuildOperationRunner] Build operation 'Execute container callback action' completed
2021-06-06T09:17:44.460-0500 [DEBUG] [org.gradle.internal.operations.DefaultBuildOperationRunner] Build operation 'Execute container callback action' completed
2021-06-06T09:17:44.460-0500 [DEBUG] [org.gradle.internal.operations.DefaultBuildOperationRunner] Build operation 'Execute container callback action' completed
2021-06-06T09:17:44.461-0500 [DEBUG] [org.gradle.internal.operations.DefaultBuildOperationRunner] Build operation 'Execute container callback action' completed
2021-06-06T09:17:44.461-0500 [DEBUG] [org.gradle.internal.operations.DefaultBuildOperationRunner] Build operation 'Execute container callback action' completed
2021-06-06T09:17:44.461-0500 [DEBUG] [org.gradle.internal.operations.DefaultBuildOperationRunner] Build operation 'Execute container callback action' completed
2021-06-06T09:17:44.462-0500 [DEBUG] [org.gradle.internal.operations.DefaultBuildOperationRunner] Build operation 'Execute container callback action' completed
2021-06-06T09:17:44.462-0500 [DEBUG] [org.gradle.internal.operations.DefaultBuildOperationRunner] Build operation 'Execute container callback action' completed
2021-06-06T09:17:44.462-0500 [DEBUG] [org.gradle.internal.operations.DefaultBuildOperationRunner] Build operation 'Execute container callback action' completed
2021-06-06T09:17:44.463-0500 [DEBUG] [org.gradle.internal.operations.DefaultBuildOperationRunner] Build operation 'Execute container callback action' completed
2021-06-06T09:17:44.463-0500 [DEBUG] [org.gradle.internal.operations.DefaultBuildOperationRunner] Build operation 'Execute container callback action' completed
2021-06-06T09:17:44.463-0500 [DEBUG] [org.gradle.internal.operations.DefaultBuildOperationRunner] Build operation 'Execute container callback action' completed
2021-06-06T09:17:44.464-0500 [DEBUG] [org.gradle.internal.operations.DefaultBuildOperationRunner] Build operation 'Execute container callback action' completed
2021-06-06T09:17:44.464-0500 [DEBUG] [org.gradle.internal.operations.DefaultBuildOperationRunner] Build operation 'Execute container callback action' completed
2021-06-06T09:17:44.464-0500 [DEBUG] [org.gradle.internal.operations.DefaultBuildOperationRunner] Build operation 'Execute container callback action' completed
2021-06-06T09:17:44.464-0500 [DEBUG] [org.gradle.internal.operations.DefaultBuildOperationRunner] Build operation 'Execute container callback action' completed
2021-06-06T09:17:44.465-0500 [DEBUG] [org.gradle.internal.operations.DefaultBuildOperationRunner] Build operation 'Execute container callback action' completed
2021-06-06T09:17:44.465-0500 [DEBUG] [org.gradle.internal.operations.DefaultBuildOperationRunner] Build operation 'Execute container callback action' completed
2021-06-06T09:17:44.465-0500 [DEBUG] [org.gradle.internal.operations.DefaultBuildOperationRunner] Build operation 'Execute container callback action' completed
2021-06-06T09:17:44.466-0500 [DEBUG] [org.gradle.internal.operations.DefaultBuildOperationRunner] Build operation 'Execute container callback action' completed
2021-06-06T09:17:44.466-0500 [DEBUG] [org.gradle.internal.operations.DefaultBuildOperationRunner] Build operation 'Execute container callback action' completed
2021-06-06T09:17:44.466-0500 [DEBUG] [org.gradle.internal.operations.DefaultBuildOperationRunner] Build operation 'Execute container callback action' completed
2021-06-06T09:17:44.467-0500 [DEBUG] [org.gradle.internal.operations.DefaultBuildOperationRunner] Build operation 'Execute container callback action' completed
2021-06-06T09:17:44.467-0500 [DEBUG] [org.gradle.internal.operations.DefaultBuildOperationRunner] Build operation 'Execute container callback action' completed
2021-06-06T09:17:44.467-0500 [DEBUG] [org.gradle.internal.operations.DefaultBuildOperationRunner] Build operation 'Execute container callback action' completed
2021-06-06T09:17:44.468-0500 [DEBUG] [org.gradle.internal.operations.DefaultBuildOperationRunner] Build operation 'Execute container callback action' completed
2021-06-06T09:17:44.468-0500 [DEBUG] [org.gradle.internal.operations.DefaultBuildOperationRunner] Build operation 'Execute container callback action' completed
2021-06-06T09:17:44.469-0500 [DEBUG] [org.gradle.internal.operations.DefaultBuildOperationRunner] Build operation 'Execute container callback action' completed
2021-06-06T09:17:44.469-0500 [DEBUG] [org.gradle.internal.operations.DefaultBuildOperationRunner] Build operation 'Execute container callback action' completed
2021-06-06T09:17:44.469-0500 [DEBUG] [org.gradle.internal.operations.DefaultBuildOperationRunner] Build operation 'Execute container callback action' completed
2021-06-06T09:17:44.469-0500 [DEBUG] [org.gradle.internal.operations.DefaultBuildOperationRunner] Build operation 'Execute container callback action' completed
2021-06-06T09:17:44.470-0500 [DEBUG] [org.gradle.internal.operations.DefaultBuildOperationRunner] Build operation 'Execute container callback action' completed
2021-06-06T09:17:44.470-0500 [DEBUG] [org.gradle.internal.operations.DefaultBuildOperationRunner] Build operation 'Execute container callback action' completed
2021-06-06T09:17:44.470-0500 [DEBUG] [org.gradle.internal.operations.DefaultBuildOperationRunner] Build operation 'Execute container callback action' completed
2021-06-06T09:17:44.470-0500 [DEBUG] [org.gradle.internal.operations.DefaultBuildOperationRunner] Build operation 'Execute container callback action' completed
2021-06-06T09:17:44.472-0500 [DEBUG] [org.gradle.internal.operations.DefaultBuildOperationRunner] Build operation 'Execute container callback action' completed
2021-06-06T09:17:44.473-0500 [DEBUG] [org.gradle.internal.operations.DefaultBuildOperationRunner] Build operation 'Execute container callback action' completed
2021-06-06T09:17:44.473-0500 [DEBUG] [org.gradle.internal.operations.DefaultBuildOperationRunner] Build operation 'Execute container callback action' completed
2021-06-06T09:17:44.473-0500 [DEBUG] [org.gradle.internal.operations.DefaultBuildOperationRunner] Build operation 'Execute container callback action' completed
2021-06-06T09:17:44.473-0500 [DEBUG] [org.gradle.internal.operations.DefaultBuildOperationRunner] Build operation 'Execute container callback action' completed
2021-06-06T09:17:44.473-0500 [DEBUG] [org.gradle.internal.operations.DefaultBuildOperationRunner] Build operation 'Execute container callback action' completed
2021-06-06T09:17:44.473-0500 [DEBUG] [org.gradle.internal.operations.DefaultBuildOperationRunner] Build operation 'Execute container callback action' completed
2021-06-06T09:17:44.474-0500 [DEBUG] [org.gradle.internal.operations.DefaultBuildOperationRunner] Build operation 'Execute container callback action' completed
2021-06-06T09:17:44.474-0500 [DEBUG] [org.gradle.internal.operations.DefaultBuildOperationRunner] Build operation 'Execute container callback action' completed
2021-06-06T09:17:44.474-0500 [DEBUG] [org.gradle.internal.operations.DefaultBuildOperationRunner] Build operation 'Execute container callback action' completed
2021-06-06T09:17:44.474-0500 [DEBUG] [org.gradle.internal.operations.DefaultBuildOperationRunner] Build operation 'Execute container callback action' completed
2021-06-06T09:17:44.474-0500 [DEBUG] [org.gradle.internal.operations.DefaultBuildOperationRunner] Build operation 'Execute container callback action' completed
2021-06-06T09:17:44.475-0500 [DEBUG] [org.gradle.internal.operations.DefaultBuildOperationRunner] Build operation 'Execute container callback action' completed
2021-06-06T09:17:44.475-0500 [DEBUG] [org.gradle.internal.operations.DefaultBuildOperationRunner] Build operation 'Execute container callback action' completed
2021-06-06T09:17:44.475-0500 [DEBUG] [org.gradle.internal.operations.DefaultBuildOperationRunner] Build operation 'Execute container callback action' completed
2021-06-06T09:17:44.475-0500 [DEBUG] [org.gradle.internal.operations.DefaultBuildOperationRunner] Build operation 'Execute container callback action' completed
2021-06-06T09:17:44.476-0500 [DEBUG] [org.gradle.internal.operations.DefaultBuildOperationRunner] Build operation 'Execute container callback action' completed
2021-06-06T09:17:44.476-0500 [DEBUG] [org.gradle.internal.operations.DefaultBuildOperationRunner] Build operation 'Execute container callback action' completed
2021-06-06T09:17:44.476-0500 [DEBUG] [org.gradle.internal.operations.DefaultBuildOperationRunner] Build operation 'Execute container callback action' completed
2021-06-06T09:17:44.476-0500 [DEBUG] [org.gradle.internal.operations.DefaultBuildOperationRunner] Build operation 'Execute container callback action' completed
2021-06-06T09:17:44.476-0500 [DEBUG] [org.gradle.internal.operations.DefaultBuildOperationRunner] Build operation 'Execute container callback action' completed
2021-06-06T09:17:44.477-0500 [DEBUG] [org.gradle.internal.operations.DefaultBuildOperationRunner] Build operation 'Execute container callback action' completed
2021-06-06T09:17:44.477-0500 [DEBUG] [org.gradle.internal.operations.DefaultBuildOperationRunner] Build operation 'Execute container callback action' completed
2021-06-06T09:17:44.477-0500 [DEBUG] [org.gradle.internal.operations.DefaultBuildOperationRunner] Build operation 'Execute container callback action' completed
2021-06-06T09:17:44.477-0500 [DEBUG] [org.gradle.internal.operations.DefaultBuildOperationRunner] Build operation 'Execute container callback action' completed
2021-06-06T09:17:44.477-0500 [DEBUG] [org.gradle.internal.operations.DefaultBuildOperationRunner] Build operation 'Execute container callback action' completed
2021-06-06T09:17:44.477-0500 [DEBUG] [org.gradle.internal.operations.DefaultBuildOperationRunner] Build operation 'Execute container callback action' completed
2021-06-06T09:17:44.477-0500 [DEBUG] [org.gradle.internal.operations.DefaultBuildOperationRunner] Build operation 'Execute container callback action' completed
2021-06-06T09:17:44.478-0500 [DEBUG] [org.gradle.internal.operations.DefaultBuildOperationRunner] Build operation 'Execute container callback action' completed
2021-06-06T09:17:44.478-0500 [DEBUG] [org.gradle.internal.operations.DefaultBuildOperationRunner] Build operation 'Execute container callback action' completed
2021-06-06T09:17:44.478-0500 [DEBUG] [org.gradle.internal.operations.DefaultBuildOperationRunner] Build operation 'Execute container callback action' completed
2021-06-06T09:17:44.478-0500 [DEBUG] [org.gradle.internal.operations.DefaultBuildOperationRunner] Build operation 'Execute container callback action' completed
2021-06-06T09:17:44.478-0500 [DEBUG] [org.gradle.internal.operations.DefaultBuildOperationRunner] Build operation 'Execute container callback action' completed
2021-06-06T09:17:44.478-0500 [DEBUG] [org.gradle.internal.operations.DefaultBuildOperationRunner] Build operation 'Execute container callback action' completed
2021-06-06T09:17:44.479-0500 [DEBUG] [org.gradle.internal.operations.DefaultBuildOperationRunner] Build operation 'Execute container callback action' completed
2021-06-06T09:17:44.479-0500 [DEBUG] [org.gradle.internal.operations.DefaultBuildOperationRunner] Build operation 'Execute container callback action' completed
2021-06-06T09:17:44.479-0500 [DEBUG] [org.gradle.internal.operations.DefaultBuildOperationRunner] Build operation 'Execute container callback action' completed
2021-06-06T09:17:44.479-0500 [DEBUG] [org.gradle.internal.operations.DefaultBuildOperationRunner] Build operation 'Execute container callback action' completed
2021-06-06T09:17:44.479-0500 [DEBUG] [org.gradle.internal.operations.DefaultBuildOperationRunner] Build operation 'Execute container callback action' completed
2021-06-06T09:17:44.479-0500 [DEBUG] [org.gradle.internal.operations.DefaultBuildOperationRunner] Build operation 'Execute container callback action' completed
2021-06-06T09:17:44.479-0500 [DEBUG] [org.gradle.internal.operations.DefaultBuildOperationRunner] Build operation 'Execute container callback action' completed
2021-06-06T09:17:44.480-0500 [DEBUG] [org.gradle.internal.operations.DefaultBuildOperationRunner] Build operation 'Execute container callback action' completed
2021-06-06T09:17:44.480-0500 [DEBUG] [org.gradle.internal.operations.DefaultBuildOperationRunner] Build operation 'Execute container callback action' completed
2021-06-06T09:17:44.480-0500 [DEBUG] [org.gradle.internal.operations.DefaultBuildOperationRunner] Build operation 'Execute container callback action' completed
2021-06-06T09:17:44.480-0500 [DEBUG] [org.gradle.internal.operations.DefaultBuildOperationRunner] Build operation 'Execute container callback action' completed
2021-06-06T09:17:44.480-0500 [DEBUG] [org.gradle.internal.operations.DefaultBuildOperationRunner] Build operation 'Execute container callback action' completed
2021-06-06T09:17:44.481-0500 [DEBUG] [org.gradle.internal.operations.DefaultBuildOperationRunner] Build operation 'Execute container callback action' completed
2021-06-06T09:17:44.481-0500 [DEBUG] [org.gradle.internal.operations.DefaultBuildOperationRunner] Build operation 'Execute container callback action' completed
2021-06-06T09:17:44.481-0500 [DEBUG] [org.gradle.internal.operations.DefaultBuildOperationRunner] Build operation 'Execute container callback action' completed
2021-06-06T09:17:44.481-0500 [DEBUG] [org.gradle.internal.operations.DefaultBuildOperationRunner] Build operation 'Execute container callback action' completed
2021-06-06T09:17:44.482-0500 [DEBUG] [org.gradle.internal.operations.DefaultBuildOperationRunner] Build operation 'Execute container callback action' completed
2021-06-06T09:17:44.482-0500 [DEBUG] [org.gradle.internal.operations.DefaultBuildOperationRunner] Build operation 'Execute container callback action' completed
2021-06-06T09:17:44.482-0500 [DEBUG] [org.gradle.internal.operations.DefaultBuildOperationRunner] Build operation 'Execute container callback action' completed
2021-06-06T09:17:44.482-0500 [DEBUG] [org.gradle.internal.operations.DefaultBuildOperationRunner] Build operation 'Execute container callback action' completed
2021-06-06T09:17:44.482-0500 [DEBUG] [org.gradle.internal.operations.DefaultBuildOperationRunner] Build operation 'Execute container callback action' completed
2021-06-06T09:17:44.483-0500 [DEBUG] [org.gradle.internal.operations.DefaultBuildOperationRunner] Build operation 'Execute container callback action' completed
2021-06-06T09:17:44.483-0500 [DEBUG] [org.gradle.internal.operations.DefaultBuildOperationRunner] Build operation 'Execute container callback action' completed
2021-06-06T09:17:44.483-0500 [DEBUG] [org.gradle.internal.operations.DefaultBuildOperationRunner] Build operation 'Execute container callback action' completed
2021-06-06T09:17:44.483-0500 [DEBUG] [org.gradle.internal.operations.DefaultBuildOperationRunner] Build operation 'Execute container callback action' completed
2021-06-06T09:17:44.483-0500 [DEBUG] [org.gradle.internal.operations.DefaultBuildOperationRunner] Build operation 'Execute container callback action' completed
2021-06-06T09:17:44.483-0500 [DEBUG] [org.gradle.internal.operations.DefaultBuildOperationRunner] Build operation 'Execute container callback action' completed
2021-06-06T09:17:44.484-0500 [DEBUG] [org.gradle.internal.operations.DefaultBuildOperationRunner] Build operation 'Execute container callback action' completed
2021-06-06T09:17:44.484-0500 [DEBUG] [org.gradle.internal.operations.DefaultBuildOperationRunner] Build operation 'Execute container callback action' completed
2021-06-06T09:17:44.484-0500 [DEBUG] [org.gradle.internal.operations.DefaultBuildOperationRunner] Build operation 'Execute container callback action' completed
2021-06-06T09:17:44.484-0500 [DEBUG] [org.gradle.internal.operations.DefaultBuildOperationRunner] Build operation 'Execute container callback action' completed
2021-06-06T09:17:44.484-0500 [DEBUG] [org.gradle.internal.operations.DefaultBuildOperationRunner] Build operation 'Execute container callback action' completed
2021-06-06T09:17:44.484-0500 [DEBUG] [org.gradle.internal.operations.DefaultBuildOperationRunner] Build operation 'Execute container callback action' completed
2021-06-06T09:17:44.484-0500 [DEBUG] [org.gradle.internal.operations.DefaultBuildOperationRunner] Build operation 'Execute container callback action' completed
2021-06-06T09:17:44.485-0500 [DEBUG] [org.gradle.internal.operations.DefaultBuildOperationRunner] Build operation 'Execute container callback action' completed
2021-06-06T09:17:44.485-0500 [DEBUG] [org.gradle.internal.operations.DefaultBuildOperationRunner] Build operation 'Execute container callback action' completed
2021-06-06T09:17:44.485-0500 [DEBUG] [org.gradle.internal.operations.DefaultBuildOperationRunner] Build operation 'Execute container callback action' completed
2021-06-06T09:17:44.485-0500 [DEBUG] [org.gradle.internal.operations.DefaultBuildOperationRunner] Build operation 'Execute container callback action' completed
2021-06-06T09:17:44.486-0500 [DEBUG] [org.gradle.internal.operations.DefaultBuildOperationRunner] Build operation 'Execute container callback action' completed
2021-06-06T09:17:44.486-0500 [DEBUG] [org.gradle.internal.operations.DefaultBuildOperationRunner] Build operation 'Execute container callback action' completed
2021-06-06T09:17:44.486-0500 [DEBUG] [org.gradle.internal.operations.DefaultBuildOperationRunner] Build operation 'Execute container callback action' completed
2021-06-06T09:17:44.486-0500 [DEBUG] [org.gradle.internal.operations.DefaultBuildOperationRunner] Build operation 'Execute container callback action' completed
2021-06-06T09:17:44.486-0500 [DEBUG] [org.gradle.internal.operations.DefaultBuildOperationRunner] Build operation 'Execute container callback action' completed
2021-06-06T09:17:44.487-0500 [DEBUG] [org.gradle.internal.operations.DefaultBuildOperationRunner] Build operation 'Execute container callback action' completed
2021-06-06T09:17:44.487-0500 [DEBUG] [org.gradle.internal.operations.DefaultBuildOperationRunner] Build operation 'Execute container callback action' completed
2021-06-06T09:17:44.487-0500 [DEBUG] [org.gradle.internal.operations.DefaultBuildOperationRunner] Build operation 'Execute container callback action' completed
2021-06-06T09:17:44.488-0500 [DEBUG] [org.gradle.internal.operations.DefaultBuildOperationRunner] Build operation 'Execute container callback action' completed
2021-06-06T09:17:44.488-0500 [DEBUG] [org.gradle.internal.operations.DefaultBuildOperationRunner] Build operation 'Execute container callback action' completed
2021-06-06T09:17:44.488-0500 [DEBUG] [org.gradle.internal.operations.DefaultBuildOperationRunner] Build operation 'Execute container callback action' completed
2021-06-06T09:17:44.488-0500 [DEBUG] [org.gradle.internal.operations.DefaultBuildOperationRunner] Build operation 'Execute container callback action' completed
2021-06-06T09:17:44.488-0500 [DEBUG] [org.gradle.internal.operations.DefaultBuildOperationRunner] Build operation 'Execute container callback action' completed
2021-06-06T09:17:44.489-0500 [DEBUG] [org.gradle.internal.operations.DefaultBuildOperationRunner] Build operation 'Execute container callback action' completed
2021-06-06T09:17:44.489-0500 [DEBUG] [org.gradle.internal.operations.DefaultBuildOperationRunner] Build operation 'Execute container callback action' completed
2021-06-06T09:17:44.489-0500 [DEBUG] [org.gradle.internal.operations.DefaultBuildOperationRunner] Build operation 'Execute container callback action' completed
2021-06-06T09:17:44.489-0500 [DEBUG] [org.gradle.internal.operations.DefaultBuildOperationRunner] Build operation 'Execute container callback action' completed
2021-06-06T09:17:44.489-0500 [DEBUG] [org.gradle.internal.operations.DefaultBuildOperationRunner] Build operation 'Execute container callback action' completed
2021-06-06T09:17:44.489-0500 [DEBUG] [org.gradle.internal.operations.DefaultBuildOperationRunner] Build operation 'Execute container callback action' completed
2021-06-06T09:17:44.490-0500 [DEBUG] [org.gradle.internal.operations.DefaultBuildOperationRunner] Build operation 'Execute container callback action' completed
2021-06-06T09:17:44.490-0500 [DEBUG] [org.gradle.internal.operations.DefaultBuildOperationRunner] Build operation 'Execute container callback action' completed
2021-06-06T09:17:44.490-0500 [DEBUG] [org.gradle.internal.operations.DefaultBuildOperationRunner] Build operation 'Execute container callback action' completed
2021-06-06T09:17:44.490-0500 [DEBUG] [org.gradle.internal.operations.DefaultBuildOperationRunner] Build operation 'Execute container callback action' completed
2021-06-06T09:17:44.490-0500 [DEBUG] [org.gradle.internal.operations.DefaultBuildOperationRunner] Build operation 'Execute container callback action' completed
2021-06-06T09:17:44.490-0500 [DEBUG] [org.gradle.internal.operations.DefaultBuildOperationRunner] Build operation 'Execute container callback action' completed
2021-06-06T09:17:44.490-0500 [DEBUG] [org.gradle.internal.operations.DefaultBuildOperationRunner] Build operation 'Execute container callback action' completed
2021-06-06T09:17:44.491-0500 [DEBUG] [org.gradle.internal.operations.DefaultBuildOperationRunner] Build operation 'Execute container callback action' completed
2021-06-06T09:17:44.491-0500 [DEBUG] [org.gradle.internal.operations.DefaultBuildOperationRunner] Build operation 'Execute container callback action' completed
2021-06-06T09:17:44.491-0500 [DEBUG] [org.gradle.internal.operations.DefaultBuildOperationRunner] Build operation 'Execute container callback action' completed
2021-06-06T09:17:44.491-0500 [DEBUG] [org.gradle.internal.operations.DefaultBuildOperationRunner] Build operation 'Execute container callback action' completed
2021-06-06T09:17:44.491-0500 [DEBUG] [org.gradle.internal.operations.DefaultBuildOperationRunner] Build operation 'Execute container callback action' completed
2021-06-06T09:17:44.491-0500 [DEBUG] [org.gradle.internal.operations.DefaultBuildOperationRunner] Build operation 'Execute container callback action' completed
2021-06-06T09:17:44.492-0500 [DEBUG] [org.gradle.internal.operations.DefaultBuildOperationRunner] Build operation 'Execute container callback action' completed
2021-06-06T09:17:44.492-0500 [DEBUG] [org.gradle.internal.operations.DefaultBuildOperationRunner] Build operation 'Execute container callback action' completed
2021-06-06T09:17:44.492-0500 [DEBUG] [org.gradle.internal.operations.DefaultBuildOperationRunner] Build operation 'Execute container callback action' completed
2021-06-06T09:17:44.492-0500 [DEBUG] [org.gradle.internal.operations.DefaultBuildOperationRunner] Build operation 'Execute container callback action' completed
2021-06-06T09:17:44.493-0500 [DEBUG] [org.gradle.internal.operations.DefaultBuildOperationRunner] Build operation 'Execute container callback action' completed
2021-06-06T09:17:44.493-0500 [DEBUG] [org.gradle.internal.operations.DefaultBuildOperationRunner] Build operation 'Execute container callback action' completed
2021-06-06T09:17:44.493-0500 [DEBUG] [org.gradle.internal.operations.DefaultBuildOperationRunner] Build operation 'Execute container callback action' completed
2021-06-06T09:17:44.493-0500 [DEBUG] [org.gradle.internal.operations.DefaultBuildOperationRunner] Build operation 'Execute container callback action' completed
2021-06-06T09:17:44.493-0500 [DEBUG] [org.gradle.internal.operations.DefaultBuildOperationRunner] Build operation 'Execute container callback action' completed
2021-06-06T09:17:44.494-0500 [DEBUG] [org.gradle.internal.operations.DefaultBuildOperationRunner] Build operation 'Execute container callback action' completed
2021-06-06T09:17:44.494-0500 [DEBUG] [org.gradle.internal.operations.DefaultBuildOperationRunner] Build operation 'Execute container callback action' completed
2021-06-06T09:17:44.494-0500 [DEBUG] [org.gradle.internal.operations.DefaultBuildOperationRunner] Build operation 'Execute container callback action' completed
2021-06-06T09:17:44.494-0500 [DEBUG] [org.gradle.internal.operations.DefaultBuildOperationRunner] Build operation 'Execute container callback action' completed
2021-06-06T09:17:44.494-0500 [DEBUG] [org.gradle.internal.operations.DefaultBuildOperationRunner] Build operation 'Execute container callback action' completed
2021-06-06T09:17:44.494-0500 [DEBUG] [org.gradle.internal.operations.DefaultBuildOperationRunner] Build operation 'Execute container callback action' completed
2021-06-06T09:17:44.495-0500 [DEBUG] [org.gradle.internal.operations.DefaultBuildOperationRunner] Build operation 'Execute container callback action' completed
2021-06-06T09:17:44.495-0500 [DEBUG] [org.gradle.internal.operations.DefaultBuildOperationRunner] Build operation 'Execute container callback action' completed
2021-06-06T09:17:44.495-0500 [DEBUG] [org.gradle.internal.operations.DefaultBuildOperationRunner] Build operation 'Execute container callback action' completed
2021-06-06T09:17:44.495-0500 [DEBUG] [org.gradle.internal.operations.DefaultBuildOperationRunner] Build operation 'Execute container callback action' completed
2021-06-06T09:17:44.495-0500 [DEBUG] [org.gradle.internal.operations.DefaultBuildOperationRunner] Build operation 'Execute container callback action' completed
2021-06-06T09:17:44.495-0500 [DEBUG] [org.gradle.internal.operations.DefaultBuildOperationRunner] Build operation 'Execute container callback action' completed
2021-06-06T09:17:44.495-0500 [DEBUG] [org.gradle.internal.operations.DefaultBuildOperationRunner] Build operation 'Execute container callback action' completed
2021-06-06T09:17:44.496-0500 [DEBUG] [org.gradle.internal.operations.DefaultBuildOperationRunner] Build operation 'Execute container callback action' completed
2021-06-06T09:17:44.496-0500 [DEBUG] [org.gradle.internal.operations.DefaultBuildOperationRunner] Build operation 'Execute container callback action' completed
2021-06-06T09:17:44.496-0500 [DEBUG] [org.gradle.internal.operations.DefaultBuildOperationRunner] Build operation 'Execute container callback action' completed
2021-06-06T09:17:44.499-0500 [DEBUG] [org.gradle.internal.operations.DefaultBuildOperationRunner] Build operation 'Execute container callback action' completed
2021-06-06T09:17:44.499-0500 [DEBUG] [org.gradle.internal.operations.DefaultBuildOperationRunner] Build operation 'Execute container callback action' completed
2021-06-06T09:17:44.528-0500 [DEBUG] [org.gradle.internal.operations.DefaultBuildOperationRunner] Build operation 'Apply plugin kotlin-android to project ':app'' completed
2021-06-06T09:17:44.531-0500 [DEBUG] [org.gradle.cache.internal.DefaultFileLockManager] Waiting to acquire shared lock on proj generic class cache for build file 'C:\Users\gathi\AndroidStudioProjects\ComposeDemo\app\build.gradle' (C:\Users\gathi\.gradle\caches\6.8.3\scripts\190727l13172zm59vkld2l4n4).
2021-06-06T09:17:44.532-0500 [DEBUG] [org.gradle.cache.internal.DefaultFileLockManager] Lock acquired on proj generic class cache for build file 'C:\Users\gathi\AndroidStudioProjects\ComposeDemo\app\build.gradle' (C:\Users\gathi\.gradle\caches\6.8.3\scripts\190727l13172zm59vkld2l4n4).
2021-06-06T09:17:44.532-0500 [DEBUG] [org.gradle.cache.internal.DefaultFileLockManager] Releasing lock on proj generic class cache for build file 'C:\Users\gathi\AndroidStudioProjects\ComposeDemo\app\build.gradle' (C:\Users\gathi\.gradle\caches\6.8.3\scripts\190727l13172zm59vkld2l4n4).
2021-06-06T09:17:44.533-0500 [DEBUG] [org.gradle.cache.internal.DefaultFileLockManager] Waiting to acquire exclusive lock on proj generic class cache for build file 'C:\Users\gathi\AndroidStudioProjects\ComposeDemo\app\build.gradle' (C:\Users\gathi\.gradle\caches\6.8.3\scripts\190727l13172zm59vkld2l4n4).
2021-06-06T09:17:44.534-0500 [DEBUG] [org.gradle.cache.internal.DefaultFileLockManager] Lock acquired on proj generic class cache for build file 'C:\Users\gathi\AndroidStudioProjects\ComposeDemo\app\build.gradle' (C:\Users\gathi\.gradle\caches\6.8.3\scripts\190727l13172zm59vkld2l4n4).
2021-06-06T09:17:44.535-0500 [INFO] [org.gradle.groovy.scripts.internal.DefaultScriptCompilationHandler] Compiling build file 'C:\Users\gathi\AndroidStudioProjects\ComposeDemo\app\build.gradle' using BuildScriptTransformer.
2021-06-06T09:17:44.621-0500 [DEBUG] [org.gradle.groovy.scripts.internal.DefaultScriptCompilationHandler] Timing: Writing script to cache at C:\Users\gathi\.gradle\caches\6.8.3\scripts\190727l13172zm59vkld2l4n4\proj took: 0.086 secs
2021-06-06T09:17:44.621-0500 [LIFECYCLE] [org.gradle.internal.operations.DefaultBuildOperationRunner] 
2021-06-06T09:17:44.621-0500 [DEBUG] [org.gradle.internal.operations.DefaultBuildOperationRunner] Completing Build operation 'Compile build file 'app\build.gradle' (BODY)'
2021-06-06T09:17:44.862-0500 [DEBUG] [org.gradle.internal.operations.DefaultBuildOperationRunner] Completing Build operation 'Apply build file 'app\build.gradle' to project ':app''
2021-06-06T09:17:44.864-0500 [DEBUG] [org.gradle.internal.operations.DefaultBuildOperationRunner] Build operation 'Notify afterEvaluate listeners of :app' started
2021-06-06T09:17:44.866-0500 [DEBUG] [org.gradle.internal.operations.DefaultBuildOperationRunner] Build operation 'Execute Gradle.afterProject listener' started
2021-06-06T09:17:44.869-0500 [DEBUG] [org.gradle.internal.operations.DefaultBuildOperationRunner] Build operation 'Execute container callback action' started
2021-06-06T09:17:44.870-0500 [DEBUG] [org.gradle.internal.operations.DefaultBuildOperationRunner] Build operation 'Execute container callback action' started
2021-06-06T09:17:44.871-0500 [DEBUG] [org.gradle.internal.operations.DefaultBuildOperationRunner] Completing Build operation 'Execute container callback action'
2021-06-06T09:17:44.871-0500 [DEBUG] [org.gradle.internal.operations.DefaultBuildOperationRunner] Completing Build operation 'Execute container callback action'
2021-06-06T09:17:44.872-0500 [DEBUG] [org.gradle.internal.operations.DefaultBuildOperationRunner] Completing Build operation 'Execute Gradle.afterProject listener'
2021-06-06T09:17:44.872-0500 [DEBUG] [org.gradle.internal.operations.DefaultBuildOperationRunner] Build operation 'Execute Project.afterEvaluate listener' started
2021-06-06T09:17:44.945-0500 [DEBUG] [org.gradle.internal.operations.DefaultBuildOperationRunner] Build operation 'Execute container callback action' started
2021-06-06T09:17:44.945-0500 [DEBUG] [org.gradle.internal.operations.DefaultBuildOperationRunner] Completing Build operation 'Execute container callback action'
2021-06-06T09:17:44.945-0500 [DEBUG] [org.gradle.internal.operations.DefaultBuildOperationRunner] Build operation 'Execute container callback action' started
2021-06-06T09:17:44.945-0500 [DEBUG] [org.gradle.internal.operations.DefaultBuildOperationRunner] Completing Build operation 'Execute container callback action'
2021-06-06T09:17:44.945-0500 [DEBUG] [org.gradle.internal.operations.DefaultBuildOperationRunner] Build operation 'Execute container callback action' started
2021-06-06T09:17:44.946-0500 [DEBUG] [org.gradle.internal.operations.DefaultBuildOperationRunner] Completing Build operation 'Execute container callback action'
2021-06-06T09:17:44.949-0500 [DEBUG] [org.gradle.internal.operations.DefaultBuildOperationRunner] Build operation 'Execute container callback action' started
2021-06-06T09:17:44.949-0500 [DEBUG] [org.gradle.internal.operations.DefaultBuildOperationRunner] Completing Build operation 'Execute container callback action'
2021-06-06T09:17:44.949-0500 [DEBUG] [org.gradle.internal.operations.DefaultBuildOperationRunner] Build operation 'Execute container callback action' started
2021-06-06T09:17:44.950-0500 [DEBUG] [org.gradle.internal.operations.DefaultBuildOperationRunner] Completing Build operation 'Execute container callback action'
2021-06-06T09:17:44.950-0500 [DEBUG] [org.gradle.internal.operations.DefaultBuildOperationRunner] Build operation 'Execute container callback action' started
2021-06-06T09:17:44.950-0500 [DEBUG] [org.gradle.internal.operations.DefaultBuildOperationRunner] Completing Build operation 'Execute container callback action'
2021-06-06T09:17:44.950-0500 [DEBUG] [org.gradle.internal.operations.DefaultBuildOperationRunner] Build operation 'Execute container callback action' started
2021-06-06T09:17:44.950-0500 [DEBUG] [org.gradle.internal.operations.DefaultBuildOperationRunner] Completing Build operation 'Execute container callback action'
2021-06-06T09:17:44.950-0500 [DEBUG] [org.gradle.internal.operations.DefaultBuildOperationRunner] Build operation 'Execute container callback action' started
2021-06-06T09:17:44.951-0500 [DEBUG] [org.gradle.internal.operations.DefaultBuildOperationRunner] Completing Build operation 'Execute container callback action'
2021-06-06T09:17:44.951-0500 [DEBUG] [org.gradle.internal.operations.DefaultBuildOperationRunner] Build operation 'Execute container callback action' started
2021-06-06T09:17:44.951-0500 [DEBUG] [org.gradle.internal.operations.DefaultBuildOperationRunner] Completing Build operation 'Execute container callback action'
2021-06-06T09:17:44.952-0500 [DEBUG] [org.gradle.internal.operations.DefaultBuildOperationRunner] Build operation 'Execute container callback action' started
2021-06-06T09:17:44.952-0500 [DEBUG] [org.gradle.internal.operations.DefaultBuildOperationRunner] Completing Build operation 'Execute container callback action'
2021-06-06T09:17:44.953-0500 [DEBUG] [org.gradle.internal.operations.DefaultBuildOperationRunner] Build operation 'Execute container callback action' started
2021-06-06T09:17:44.953-0500 [DEBUG] [org.gradle.internal.operations.DefaultBuildOperationRunner] Completing Build operation 'Execute container callback action'
2021-06-06T09:17:44.953-0500 [DEBUG] [org.gradle.internal.operations.DefaultBuildOperationRunner] Build operation 'Execute container callback action' started
2021-06-06T09:17:44.953-0500 [DEBUG] [org.gradle.internal.operations.DefaultBuildOperationRunner] Completing Build operation 'Execute container callback action'
2021-06-06T09:17:44.955-0500 [DEBUG] [org.gradle.internal.operations.DefaultBuildOperationRunner] Build operation 'Execute container callback action' started
2021-06-06T09:17:44.955-0500 [DEBUG] [org.gradle.internal.operations.DefaultBuildOperationRunner] Completing Build operation 'Execute container callback action'
2021-06-06T09:17:44.955-0500 [DEBUG] [org.gradle.internal.operations.DefaultBuildOperationRunner] Build operation 'Execute container callback action' started
2021-06-06T09:17:44.955-0500 [DEBUG] [org.gradle.internal.operations.DefaultBuildOperationRunner] Completing Build operation 'Execute container callback action'
2021-06-06T09:17:44.955-0500 [DEBUG] [org.gradle.internal.operations.DefaultBuildOperationRunner] Build operation 'Execute container callback action' started
2021-06-06T09:17:44.956-0500 [DEBUG] [org.gradle.internal.operations.DefaultBuildOperationRunner] Completing Build operation 'Execute container callback action'
2021-06-06T09:17:44.956-0500 [DEBUG] [org.gradle.internal.operations.DefaultBuildOperationRunner] Build operation 'Execute container callback action' started
2021-06-06T09:17:44.956-0500 [DEBUG] [org.gradle.internal.operations.DefaultBuildOperationRunner] Completing Build operation 'Execute container callback action'
2021-06-06T09:17:44.956-0500 [DEBUG] [org.gradle.internal.operations.DefaultBuildOperationRunner] Build operation 'Execute container callback action' started
2021-06-06T09:17:44.956-0500 [DEBUG] [org.gradle.internal.operations.DefaultBuildOperationRunner] Completing Build operation 'Execute container callback action'
2021-06-06T09:17:44.957-0500 [DEBUG] [org.gradle.internal.operations.DefaultBuildOperationRunner] Build operation 'Execute container callback action' started
2021-06-06T09:17:44.957-0500 [DEBUG] [org.gradle.internal.operations.DefaultBuildOperationRunner] Completing Build operation 'Execute container callback action'
2021-06-06T09:17:44.957-0500 [DEBUG] [org.gradle.internal.operations.DefaultBuildOperationRunner] Build operation 'Execute container callback action' started
2021-06-06T09:17:44.957-0500 [DEBUG] [org.gradle.internal.operations.DefaultBuildOperationRunner] Completing Build operation 'Execute container callback action'
2021-06-06T09:17:44.957-0500 [DEBUG] [org.gradle.internal.operations.DefaultBuildOperationRunner] Build operation 'Execute container callback action' started
2021-06-06T09:17:44.957-0500 [DEBUG] [org.gradle.internal.operations.DefaultBuildOperationRunner] Completing Build operation 'Execute container callback action'
2021-06-06T09:17:44.958-0500 [DEBUG] [org.gradle.internal.operations.DefaultBuildOperationRunner] Build operation 'Execute container callback action' started
2021-06-06T09:17:44.958-0500 [DEBUG] [org.gradle.internal.operations.DefaultBuildOperationRunner] Completing Build operation 'Execute container callback action'
2021-06-06T09:17:44.958-0500 [DEBUG] [org.gradle.internal.operations.DefaultBuildOperationRunner] Build operation 'Execute container callback action' started
2021-06-06T09:17:44.958-0500 [DEBUG] [org.gradle.internal.operations.DefaultBuildOperationRunner] Completing Build operation 'Execute container callback action'
2021-06-06T09:17:44.958-0500 [DEBUG] [org.gradle.internal.operations.DefaultBuildOperationRunner] Build operation 'Execute container callback action' started
2021-06-06T09:17:44.958-0500 [DEBUG] [org.gradle.internal.operations.DefaultBuildOperationRunner] Completing Build operation 'Execute container callback action'
2021-06-06T09:17:44.958-0500 [DEBUG] [org.gradle.internal.operations.DefaultBuildOperationRunner] Build operation 'Execute container callback action' started
2021-06-06T09:17:44.958-0500 [DEBUG] [org.gradle.internal.operations.DefaultBuildOperationRunner] Completing Build operation 'Execute container callback action'
2021-06-06T09:17:44.959-0500 [DEBUG] [org.gradle.internal.operations.DefaultBuildOperationRunner] Build operation 'Execute container callback action' started
2021-06-06T09:17:44.959-0500 [DEBUG] [org.gradle.internal.operations.DefaultBuildOperationRunner] Completing Build operation 'Execute container callback action'
2021-06-06T09:17:44.959-0500 [DEBUG] [org.gradle.internal.operations.DefaultBuildOperationRunner] Build operation 'Execute container callback action' started
2021-06-06T09:17:44.959-0500 [DEBUG] [org.gradle.internal.operations.DefaultBuildOperationRunner] Completing Build operation 'Execute container callback action'
2021-06-06T09:17:44.959-0500 [DEBUG] [org.gradle.internal.operations.DefaultBuildOperationRunner] Build operation 'Execute container callback action' started
2021-06-06T09:17:44.959-0500 [DEBUG] [org.gradle.internal.operations.DefaultBuildOperationRunner] Completing Build operation 'Execute container callback action'
2021-06-06T09:17:45.063-0500 [DEBUG] [org.gradle.internal.operations.DefaultBuildOperationRunner] Build operation 'Execute container callback action' started
2021-06-06T09:17:45.063-0500 [DEBUG] [org.gradle.internal.operations.DefaultBuildOperationRunner] Completing Build operation 'Execute container callback action'
2021-06-06T09:17:45.063-0500 [DEBUG] [org.gradle.internal.operations.DefaultBuildOperationRunner] Build operation 'Execute container callback action' started
2021-06-06T09:17:45.063-0500 [DEBUG] [org.gradle.internal.operations.DefaultBuildOperationRunner] Completing Build operation 'Execute container callback action'
2021-06-06T09:17:45.063-0500 [DEBUG] [org.gradle.internal.operations.DefaultBuildOperationRunner] Build operation 'Execute container callback action' started
2021-06-06T09:17:45.063-0500 [DEBUG] [org.gradle.internal.operations.DefaultBuildOperationRunner] Completing Build operation 'Execute container callback action'
2021-06-06T09:17:45.067-0500 [DEBUG] [org.gradle.internal.operations.DefaultBuildOperationRunner] Build operation 'Execute container callback action' started
2021-06-06T09:17:45.068-0500 [DEBUG] [org.gradle.internal.operations.DefaultBuildOperationRunner] Completing Build operation 'Execute container callback action'
2021-06-06T09:17:45.068-0500 [DEBUG] [org.gradle.internal.operations.DefaultBuildOperationRunner] Build operation 'Execute container callback action' started
2021-06-06T09:17:45.068-0500 [DEBUG] [org.gradle.internal.operations.DefaultBuildOperationRunner] Completing Build operation 'Execute container callback action'
2021-06-06T09:17:45.068-0500 [DEBUG] [org.gradle.internal.operations.DefaultBuildOperationRunner] Build operation 'Execute container callback action' started
2021-06-06T09:17:45.068-0500 [DEBUG] [org.gradle.internal.operations.DefaultBuildOperationRunner] Completing Build operation 'Execute container callback action'
2021-06-06T09:17:45.068-0500 [DEBUG] [org.gradle.internal.operations.DefaultBuildOperationRunner] Build operation 'Execute container callback action' started
2021-06-06T09:17:45.068-0500 [DEBUG] [org.gradle.internal.operations.DefaultBuildOperationRunner] Completing Build operation 'Execute container callback action'
2021-06-06T09:17:45.069-0500 [DEBUG] [org.gradle.internal.operations.DefaultBuildOperationRunner] Build operation 'Execute container callback action' started
2021-06-06T09:17:45.069-0500 [DEBUG] [org.gradle.internal.operations.DefaultBuildOperationRunner] Completing Build operation 'Execute container callback action'
2021-06-06T09:17:45.069-0500 [DEBUG] [org.gradle.internal.operations.DefaultBuildOperationRunner] Build operation 'Execute container callback action' started
2021-06-06T09:17:45.069-0500 [DEBUG] [org.gradle.internal.operations.DefaultBuildOperationRunner] Completing Build operation 'Execute container callback action'
2021-06-06T09:17:45.090-0500 [DEBUG] [org.gradle.internal.operations.DefaultBuildOperationRunner] Build operation 'Execute container callback action' started
2021-06-06T09:17:45.090-0500 [DEBUG] [org.gradle.internal.operations.DefaultBuildOperationRunner] Completing Build operation 'Execute container callback action'
2021-06-06T09:17:45.090-0500 [DEBUG] [org.gradle.internal.operations.DefaultBuildOperationRunner] Build operation 'Execute container callback action' started
2021-06-06T09:17:45.090-0500 [DEBUG] [org.gradle.internal.operations.DefaultBuildOperationRunner] Completing Build operation 'Execute container callback action'
2021-06-06T09:17:45.090-0500 [DEBUG] [org.gradle.internal.operations.DefaultBuildOperationRunner] Build operation 'Execute container callback action' started
2021-06-06T09:17:45.090-0500 [DEBUG] [org.gradle.internal.operations.DefaultBuildOperationRunner] Completing Build operation 'Execute container callback action'
2021-06-06T09:17:45.091-0500 [DEBUG] [org.gradle.internal.operations.DefaultBuildOperationRunner] Build operation 'Execute container callback action' started
2021-06-06T09:17:45.091-0500 [DEBUG] [org.gradle.internal.operations.DefaultBuildOperationRunner] Completing Build operation 'Execute container callback action'
2021-06-06T09:17:45.091-0500 [DEBUG] [org.gradle.internal.operations.DefaultBuildOperationRunner] Build operation 'Execute container callback action' started
2021-06-06T09:17:45.091-0500 [DEBUG] [org.gradle.internal.operations.DefaultBuildOperationRunner] Completing Build operation 'Execute container callback action'
2021-06-06T09:17:45.091-0500 [DEBUG] [org.gradle.internal.operations.DefaultBuildOperationRunner] Build operation 'Execute container callback action' started
2021-06-06T09:17:45.092-0500 [DEBUG] [org.gradle.internal.operations.DefaultBuildOperationRunner] Completing Build operation 'Execute container callback action'
2021-06-06T09:17:45.092-0500 [DEBUG] [org.gradle.internal.operations.DefaultBuildOperationRunner] Build operation 'Execute container callback action' started
2021-06-06T09:17:45.092-0500 [DEBUG] [org.gradle.internal.operations.DefaultBuildOperationRunner] Completing Build operation 'Execute container callback action'
2021-06-06T09:17:45.092-0500 [DEBUG] [org.gradle.internal.operations.DefaultBuildOperationRunner] Build operation 'Execute container callback action' started
2021-06-06T09:17:45.092-0500 [DEBUG] [org.gradle.internal.operations.DefaultBuildOperationRunner] Completing Build operation 'Execute container callback action'
2021-06-06T09:17:45.093-0500 [DEBUG] [org.gradle.internal.operations.DefaultBuildOperationRunner] Build operation 'Execute container callback action' started
2021-06-06T09:17:45.093-0500 [DEBUG] [org.gradle.internal.operations.DefaultBuildOperationRunner] Completing Build operation 'Execute container callback action'
2021-06-06T09:17:45.103-0500 [DEBUG] [org.gradle.internal.operations.DefaultBuildOperationRunner] Build operation 'Execute container callback action' started
2021-06-06T09:17:45.103-0500 [DEBUG] [org.gradle.internal.operations.DefaultBuildOperationRunner] Completing Build operation 'Execute container callback action'
2021-06-06T09:17:45.103-0500 [DEBUG] [org.gradle.internal.operations.DefaultBuildOperationRunner] Build operation 'Execute container callback action' started
2021-06-06T09:17:45.103-0500 [DEBUG] [org.gradle.internal.operations.DefaultBuildOperationRunner] Completing Build operation 'Execute container callback action'
2021-06-06T09:17:45.103-0500 [DEBUG] [org.gradle.internal.operations.DefaultBuildOperationRunner] Build operation 'Execute container callback action' started
2021-06-06T09:17:45.103-0500 [DEBUG] [org.gradle.internal.operations.DefaultBuildOperationRunner] Completing Build operation 'Execute container callback action'
2021-06-06T09:17:45.104-0500 [DEBUG] [org.gradle.internal.operations.DefaultBuildOperationRunner] Build operation 'Execute container callback action' started
2021-06-06T09:17:45.104-0500 [DEBUG] [org.gradle.internal.operations.DefaultBuildOperationRunner] Completing Build operation 'Execute container callback action'
2021-06-06T09:17:45.104-0500 [DEBUG] [org.gradle.internal.operations.DefaultBuildOperationRunner] Build operation 'Execute container callback action' started
2021-06-06T09:17:45.105-0500 [DEBUG] [org.gradle.internal.operations.DefaultBuildOperationRunner] Completing Build operation 'Execute container callback action'
2021-06-06T09:17:45.105-0500 [DEBUG] [org.gradle.internal.operations.DefaultBuildOperationRunner] Build operation 'Execute container callback action' started
2021-06-06T09:17:45.105-0500 [DEBUG] [org.gradle.internal.operations.DefaultBuildOperationRunner] Completing Build operation 'Execute container callback action'
2021-06-06T09:17:45.105-0500 [DEBUG] [org.gradle.internal.operations.DefaultBuildOperationRunner] Build operation 'Execute container callback action' started
2021-06-06T09:17:45.105-0500 [DEBUG] [org.gradle.internal.operations.DefaultBuildOperationRunner] Completing Build operation 'Execute container callback action'
2021-06-06T09:17:45.105-0500 [DEBUG] [org.gradle.internal.operations.DefaultBuildOperationRunner] Build operation 'Execute container callback action' started
2021-06-06T09:17:45.105-0500 [DEBUG] [org.gradle.internal.operations.DefaultBuildOperationRunner] Completing Build operation 'Execute container callback action'
2021-06-06T09:17:45.106-0500 [DEBUG] [org.gradle.internal.operations.DefaultBuildOperationRunner] Build operation 'Execute container callback action' started
2021-06-06T09:17:45.106-0500 [DEBUG] [org.gradle.internal.operations.DefaultBuildOperationRunner] Completing Build operation 'Execute container callback action'
2021-06-06T09:17:45.106-0500 [DEBUG] [org.gradle.internal.operations.DefaultBuildOperationRunner] Build operation 'Execute container callback action' started
2021-06-06T09:17:45.106-0500 [DEBUG] [org.gradle.internal.operations.DefaultBuildOperationRunner] Completing Build operation 'Execute container callback action'
2021-06-06T09:17:45.107-0500 [DEBUG] [org.gradle.internal.operations.DefaultBuildOperationRunner] Build operation 'Execute container callback action' started
2021-06-06T09:17:45.107-0500 [DEBUG] [org.gradle.internal.operations.DefaultBuildOperationRunner] Completing Build operation 'Execute container callback action'
2021-06-06T09:17:45.107-0500 [DEBUG] [org.gradle.internal.operations.DefaultBuildOperationRunner] Build operation 'Execute container callback action' started
2021-06-06T09:17:45.107-0500 [DEBUG] [org.gradle.internal.operations.DefaultBuildOperationRunner] Completing Build operation 'Execute container callback action'
2021-06-06T09:17:45.107-0500 [DEBUG] [org.gradle.internal.operations.DefaultBuildOperationRunner] Build operation 'Execute container callback action' started
2021-06-06T09:17:45.107-0500 [DEBUG] [org.gradle.internal.operations.DefaultBuildOperationRunner] Completing Build operation 'Execute container callback action'
2021-06-06T09:17:45.108-0500 [DEBUG] [org.gradle.internal.operations.DefaultBuildOperationRunner] Build operation 'Execute container callback action' started
2021-06-06T09:17:45.108-0500 [DEBUG] [org.gradle.internal.operations.DefaultBuildOperationRunner] Completing Build operation 'Execute container callback action'
2021-06-06T09:17:45.108-0500 [DEBUG] [org.gradle.internal.operations.DefaultBuildOperationRunner] Build operation 'Execute container callback action' started
2021-06-06T09:17:45.108-0500 [DEBUG] [org.gradle.internal.operations.DefaultBuildOperationRunner] Completing Build operation 'Execute container callback action'
2021-06-06T09:17:45.108-0500 [DEBUG] [org.gradle.internal.operations.DefaultBuildOperationRunner] Build operation 'Execute container callback action' started
2021-06-06T09:17:45.108-0500 [DEBUG] [org.gradle.internal.operations.DefaultBuildOperationRunner] Completing Build operation 'Execute container callback action'
2021-06-06T09:17:45.108-0500 [DEBUG] [org.gradle.internal.operations.DefaultBuildOperationRunner] Build operation 'Execute container callback action' started
2021-06-06T09:17:45.108-0500 [DEBUG] [org.gradle.internal.operations.DefaultBuildOperationRunner] Completing Build operation 'Execute container callback action'
2021-06-06T09:17:45.109-0500 [DEBUG] [org.gradle.internal.operations.DefaultBuildOperationRunner] Build operation 'Execute container callback action' started
2021-06-06T09:17:45.109-0500 [DEBUG] [org.gradle.internal.operations.DefaultBuildOperationRunner] Completing Build operation 'Execute container callback action'
2021-06-06T09:17:45.109-0500 [DEBUG] [org.gradle.internal.operations.DefaultBuildOperationRunner] Build operation 'Execute container callback action' started
2021-06-06T09:17:45.109-0500 [DEBUG] [org.gradle.internal.operations.DefaultBuildOperationRunner] Completing Build operation 'Execute container callback action'
2021-06-06T09:17:45.109-0500 [DEBUG] [org.gradle.internal.operations.DefaultBuildOperationRunner] Build operation 'Execute container callback action' started
2021-06-06T09:17:45.109-0500 [DEBUG] [org.gradle.internal.operations.DefaultBuildOperationRunner] Completing Build operation 'Execute container callback action'
2021-06-06T09:17:45.109-0500 [DEBUG] [org.gradle.internal.operations.DefaultBuildOperationRunner] Build operation 'Execute container callback action' started
2021-06-06T09:17:45.110-0500 [DEBUG] [org.gradle.internal.operations.DefaultBuildOperationRunner] Completing Build operation 'Execute container callback action'
2021-06-06T09:17:45.110-0500 [DEBUG] [org.gradle.internal.operations.DefaultBuildOperationRunner] Build operation 'Execute container callback action' started
2021-06-06T09:17:45.110-0500 [DEBUG] [org.gradle.internal.operations.DefaultBuildOperationRunner] Completing Build operation 'Execute container callback action'
2021-06-06T09:17:45.110-0500 [DEBUG] [org.gradle.internal.operations.DefaultBuildOperationRunner] Build operation 'Execute container callback action' started
2021-06-06T09:17:45.110-0500 [DEBUG] [org.gradle.internal.operations.DefaultBuildOperationRunner] Completing Build operation 'Execute container callback action'
2021-06-06T09:17:45.110-0500 [DEBUG] [org.gradle.internal.operations.DefaultBuildOperationRunner] Build operation 'Execute container callback action' started
2021-06-06T09:17:45.110-0500 [DEBUG] [org.gradle.internal.operations.DefaultBuildOperationRunner] Completing Build operation 'Execute container callback action'
2021-06-06T09:17:45.111-0500 [DEBUG] [org.gradle.internal.operations.DefaultBuildOperationRunner] Build operation 'Execute container callback action' started
2021-06-06T09:17:45.111-0500 [DEBUG] [org.gradle.internal.operations.DefaultBuildOperationRunner] Completing Build operation 'Execute container callback action'
2021-06-06T09:17:45.111-0500 [DEBUG] [org.gradle.internal.operations.DefaultBuildOperationRunner] Build operation 'Execute container callback action' started
2021-06-06T09:17:45.111-0500 [DEBUG] [org.gradle.internal.operations.DefaultBuildOperationRunner] Completing Build operation 'Execute container callback action'
2021-06-06T09:17:45.111-0500 [DEBUG] [org.gradle.internal.operations.DefaultBuildOperationRunner] Build operation 'Execute container callback action' started
2021-06-06T09:17:45.111-0500 [DEBUG] [org.gradle.internal.operations.DefaultBuildOperationRunner] Completing Build operation 'Execute container callback action'
2021-06-06T09:17:45.113-0500 [DEBUG] [org.gradle.internal.operations.DefaultBuildOperationRunner] Build operation 'Execute container callback action' started
2021-06-06T09:17:45.113-0500 [DEBUG] [org.gradle.internal.operations.DefaultBuildOperationRunner] Completing Build operation 'Execute container callback action'
2021-06-06T09:17:45.113-0500 [DEBUG] [org.gradle.internal.operations.DefaultBuildOperationRunner] Build operation 'Execute container callback action' started
2021-06-06T09:17:45.113-0500 [DEBUG] [org.gradle.internal.operations.DefaultBuildOperationRunner] Completing Build operation 'Execute container callback action'
2021-06-06T09:17:45.113-0500 [DEBUG] [org.gradle.internal.operations.DefaultBuildOperationRunner] Build operation 'Execute container callback action' started
2021-06-06T09:17:45.113-0500 [DEBUG] [org.gradle.internal.operations.DefaultBuildOperationRunner] Completing Build operation 'Execute container callback action'
2021-06-06T09:17:45.114-0500 [DEBUG] [org.gradle.internal.operations.DefaultBuildOperationRunner] Build operation 'Execute container callback action' started
2021-06-06T09:17:45.114-0500 [DEBUG] [org.gradle.internal.operations.DefaultBuildOperationRunner] Completing Build operation 'Execute container callback action'
2021-06-06T09:17:45.114-0500 [DEBUG] [org.gradle.internal.operations.DefaultBuildOperationRunner] Build operation 'Execute container callback action' started
2021-06-06T09:17:45.114-0500 [DEBUG] [org.gradle.internal.operations.DefaultBuildOperationRunner] Completing Build operation 'Execute container callback action'
2021-06-06T09:17:45.114-0500 [DEBUG] [org.gradle.internal.operations.DefaultBuildOperationRunner] Build operation 'Execute container callback action' started
2021-06-06T09:17:45.114-0500 [DEBUG] [org.gradle.internal.operations.DefaultBuildOperationRunner] Completing Build operation 'Execute container callback action'
2021-06-06T09:17:45.115-0500 [DEBUG] [org.gradle.internal.operations.DefaultBuildOperationRunner] Build operation 'Execute container callback action' started
2021-06-06T09:17:45.115-0500 [DEBUG] [org.gradle.internal.operations.DefaultBuildOperationRunner] Completing Build operation 'Execute container callback action'
2021-06-06T09:17:45.115-0500 [DEBUG] [org.gradle.internal.operations.DefaultBuildOperationRunner] Build operation 'Execute container callback action' started
2021-06-06T09:17:45.115-0500 [DEBUG] [org.gradle.internal.operations.DefaultBuildOperationRunner] Completing Build operation 'Execute container callback action'
2021-06-06T09:17:45.115-0500 [DEBUG] [org.gradle.internal.operations.DefaultBuildOperationRunner] Build operation 'Execute container callback action' started
2021-06-06T09:17:45.115-0500 [DEBUG] [org.gradle.internal.operations.DefaultBuildOperationRunner] Completing Build operation 'Execute container callback action'
2021-06-06T09:17:45.128-0500 [DEBUG] [org.gradle.internal.operations.DefaultBuildOperationRunner] Build operation 'Register task :app:prepareLintJarForPublish' started
2021-06-06T09:17:45.128-0500 [DEBUG] [org.gradle.internal.operations.DefaultBuildOperationRunner] Completing Build operation 'Register task :app:prepareLintJarForPublish'
2021-06-06T09:17:45.134-0500 [DEBUG] [org.gradle.internal.operations.DefaultBuildOperationRunner] Build operation 'Register task :app:compileLintChecks' started
2021-06-06T09:17:45.134-0500 [DEBUG] [org.gradle.internal.operations.DefaultBuildOperationRunner] Completing Build operation 'Register task :app:compileLintChecks'
2021-06-06T09:17:45.139-0500 [DEBUG] [org.gradle.internal.operations.DefaultBuildOperationRunner] Build operation 'Register task :app:createMockableJar' started
2021-06-06T09:17:45.139-0500 [DEBUG] [org.gradle.internal.operations.DefaultBuildOperationRunner] Completing Build operation 'Register task :app:createMockableJar'
2021-06-06T09:17:45.140-0500 [DEBUG] [org.gradle.internal.operations.DefaultBuildOperationRunner] Build operation 'Register task :app:connectedAndroidTest' started
2021-06-06T09:17:45.140-0500 [DEBUG] [org.gradle.internal.operations.DefaultBuildOperationRunner] Completing Build operation 'Register task :app:connectedAndroidTest'
2021-06-06T09:17:45.141-0500 [DEBUG] [org.gradle.internal.operations.DefaultBuildOperationRunner] Build operation 'Register task :app:deviceAndroidTest' started
2021-06-06T09:17:45.142-0500 [DEBUG] [org.gradle.internal.operations.DefaultBuildOperationRunner] Completing Build operation 'Register task :app:deviceAndroidTest'
2021-06-06T09:17:45.142-0500 [DEBUG] [org.gradle.internal.operations.DefaultBuildOperationRunner] Build operation 'Register task :app:test' started
2021-06-06T09:17:45.143-0500 [DEBUG] [org.gradle.internal.operations.DefaultBuildOperationRunner] Completing Build operation 'Register task :app:test'
2021-06-06T09:17:45.144-0500 [DEBUG] [org.gradle.internal.operations.DefaultBuildOperationRunner] Build operation 'Register task :app:assembleDebug' started
2021-06-06T09:17:45.144-0500 [DEBUG] [org.gradle.internal.operations.DefaultBuildOperationRunner] Completing Build operation 'Register task :app:assembleDebug'
2021-06-06T09:17:45.145-0500 [DEBUG] [org.gradle.internal.operations.DefaultBuildOperationRunner] Build operation 'Register task :app:bundleDebug' started
2021-06-06T09:17:45.145-0500 [DEBUG] [org.gradle.internal.operations.DefaultBuildOperationRunner] Completing Build operation 'Register task :app:bundleDebug'
2021-06-06T09:17:45.147-0500 [DEBUG] [org.gradle.internal.operations.DefaultBuildOperationRunner] Build operation 'Register task :app:preDebugBuild' started
2021-06-06T09:17:45.148-0500 [DEBUG] [org.gradle.internal.operations.DefaultBuildOperationRunner] Completing Build operation 'Register task :app:preDebugBuild'
2021-06-06T09:17:45.148-0500 [DEBUG] [org.gradle.internal.operations.DefaultBuildOperationRunner] Build operation 'Register task :app:generateDebugSources' started
2021-06-06T09:17:45.149-0500 [DEBUG] [org.gradle.internal.operations.DefaultBuildOperationRunner] Completing Build operation 'Register task :app:generateDebugSources'
2021-06-06T09:17:45.149-0500 [DEBUG] [org.gradle.internal.operations.DefaultBuildOperationRunner] Build operation 'Register task :app:generateDebugResources' started
2021-06-06T09:17:45.149-0500 [DEBUG] [org.gradle.internal.operations.DefaultBuildOperationRunner] Completing Build operation 'Register task :app:generateDebugResources'
2021-06-06T09:17:45.149-0500 [DEBUG] [org.gradle.internal.operations.DefaultBuildOperationRunner] Build operation 'Register task :app:generateDebugAssets' started
2021-06-06T09:17:45.149-0500 [DEBUG] [org.gradle.internal.operations.DefaultBuildOperationRunner] Completing Build operation 'Register task :app:generateDebugAssets'
2021-06-06T09:17:45.150-0500 [DEBUG] [org.gradle.internal.operations.DefaultBuildOperationRunner] Build operation 'Register task :app:compileDebugSources' started
2021-06-06T09:17:45.150-0500 [DEBUG] [org.gradle.internal.operations.DefaultBuildOperationRunner] Completing Build operation 'Register task :app:compileDebugSources'
2021-06-06T09:17:45.151-0500 [DEBUG] [org.gradle.internal.operations.DefaultBuildOperationRunner] Build operation 'Register task :app:extractDeepLinksDebug' started
2021-06-06T09:17:45.151-0500 [DEBUG] [org.gradle.internal.operations.DefaultBuildOperationRunner] Completing Build operation 'Register task :app:extractDeepLinksDebug'
2021-06-06T09:17:45.163-0500 [DEBUG] [org.gradle.internal.operations.DefaultBuildOperationRunner] Build operation 'Register task :app:writeDebugModuleMetadata' started
2021-06-06T09:17:45.163-0500 [DEBUG] [org.gradle.internal.operations.DefaultBuildOperationRunner] Completing Build operation 'Register task :app:writeDebugModuleMetadata'
2021-06-06T09:17:45.164-0500 [DEBUG] [org.gradle.internal.operations.DefaultBuildOperationRunner] Build operation 'Register task :app:writeDebugApplicationId' started
2021-06-06T09:17:45.164-0500 [DEBUG] [org.gradle.internal.operations.DefaultBuildOperationRunner] Completing Build operation 'Register task :app:writeDebugApplicationId'
2021-06-06T09:17:45.167-0500 [DEBUG] [org.gradle.internal.operations.DefaultBuildOperationRunner] Build operation 'Register task :app:checkDebugManifest' started
2021-06-06T09:17:45.167-0500 [DEBUG] [org.gradle.internal.operations.DefaultBuildOperationRunner] Completing Build operation 'Register task :app:checkDebugManifest'
2021-06-06T09:17:45.170-0500 [DEBUG] [org.gradle.internal.operations.DefaultBuildOperationRunner] Build operation 'Register task :app:createDebugCompatibleScreenManifests' started
2021-06-06T09:17:45.170-0500 [DEBUG] [org.gradle.internal.operations.DefaultBuildOperationRunner] Completing Build operation 'Register task :app:createDebugCompatibleScreenManifests'
2021-06-06T09:17:45.172-0500 [DEBUG] [org.gradle.internal.operations.DefaultBuildOperationRunner] Build operation 'Register task :app:processApplicationManifestDebugForBundle' started
2021-06-06T09:17:45.172-0500 [DEBUG] [org.gradle.internal.operations.DefaultBuildOperationRunner] Completing Build operation 'Register task :app:processApplicationManifestDebugForBundle'
2021-06-06T09:17:45.174-0500 [DEBUG] [org.gradle.internal.operations.DefaultBuildOperationRunner] Build operation 'Register task :app:processManifestDebugForFeature' started
2021-06-06T09:17:45.174-0500 [DEBUG] [org.gradle.internal.operations.DefaultBuildOperationRunner] Completing Build operation 'Register task :app:processManifestDebugForFeature'
2021-06-06T09:17:45.175-0500 [DEBUG] [org.gradle.internal.operations.DefaultBuildOperationRunner] Build operation 'Register task :app:processDebugManifestForInstantApp' started
2021-06-06T09:17:45.176-0500 [DEBUG] [org.gradle.internal.operations.DefaultBuildOperationRunner] Completing Build operation 'Register task :app:processDebugManifestForInstantApp'
2021-06-06T09:17:45.182-0500 [DEBUG] [org.gradle.internal.operations.DefaultBuildOperationRunner] Build operation 'Register task :app:processDebugManifestForPackage' started
2021-06-06T09:17:45.182-0500 [DEBUG] [org.gradle.internal.operations.DefaultBuildOperationRunner] Completing Build operation 'Register task :app:processDebugManifestForPackage'
2021-06-06T09:17:45.184-0500 [DEBUG] [org.gradle.internal.operations.DefaultBuildOperationRunner] Build operation 'Register task :app:generateDebugManifestClass' started
2021-06-06T09:17:45.185-0500 [DEBUG] [org.gradle.internal.operations.DefaultBuildOperationRunner] Completing Build operation 'Register task :app:generateDebugManifestClass'
2021-06-06T09:17:45.188-0500 [DEBUG] [org.gradle.internal.operations.DefaultBuildOperationRunner] Build operation 'Register task :app:processDebugMainManifest' started
2021-06-06T09:17:45.189-0500 [DEBUG] [org.gradle.internal.operations.DefaultBuildOperationRunner] Completing Build operation 'Register task :app:processDebugMainManifest'
2021-06-06T09:17:45.193-0500 [DEBUG] [org.gradle.internal.operations.DefaultBuildOperationRunner] Build operation 'Register task :app:processDebugManifest' started
2021-06-06T09:17:45.193-0500 [DEBUG] [org.gradle.internal.operations.DefaultBuildOperationRunner] Completing Build operation 'Register task :app:processDebugManifest'
2021-06-06T09:17:45.195-0500 [DEBUG] [org.gradle.internal.operations.DefaultBuildOperationRunner] Build operation 'Register task :app:generateDebugResValues' started
2021-06-06T09:17:45.195-0500 [DEBUG] [org.gradle.internal.operations.DefaultBuildOperationRunner] Completing Build operation 'Register task :app:generateDebugResValues'
2021-06-06T09:17:45.196-0500 [DEBUG] [org.gradle.internal.operations.DefaultBuildOperationRunner] Build operation 'Register task :app:compileDebugRenderscript' started
2021-06-06T09:17:45.196-0500 [DEBUG] [org.gradle.internal.operations.DefaultBuildOperationRunner] Completing Build operation 'Register task :app:compileDebugRenderscript'
2021-06-06T09:17:45.201-0500 [DEBUG] [org.gradle.internal.operations.DefaultBuildOperationRunner] Build operation 'Register task :app:mergeDebugResources' started
2021-06-06T09:17:45.201-0500 [DEBUG] [org.gradle.internal.operations.DefaultBuildOperationRunner] Completing Build operation 'Register task :app:mergeDebugResources'
2021-06-06T09:17:45.209-0500 [DEBUG] [org.gradle.internal.operations.DefaultBuildOperationRunner] Build operation 'Register task :app:mergeDebugShaders' started
2021-06-06T09:17:45.209-0500 [DEBUG] [org.gradle.internal.operations.DefaultBuildOperationRunner] Completing Build operation 'Register task :app:mergeDebugShaders'
2021-06-06T09:17:45.211-0500 [DEBUG] [org.gradle.internal.operations.DefaultBuildOperationRunner] Build operation 'Register task :app:compileDebugShaders' started
2021-06-06T09:17:45.211-0500 [DEBUG] [org.gradle.internal.operations.DefaultBuildOperationRunner] Completing Build operation 'Register task :app:compileDebugShaders'
2021-06-06T09:17:45.213-0500 [DEBUG] [org.gradle.internal.operations.DefaultBuildOperationRunner] Build operation 'Register task :app:mergeDebugAssets' started
2021-06-06T09:17:45.213-0500 [DEBUG] [org.gradle.internal.operations.DefaultBuildOperationRunner] Completing Build operation 'Register task :app:mergeDebugAssets'
2021-06-06T09:17:45.215-0500 [DEBUG] [org.gradle.internal.operations.DefaultBuildOperationRunner] Build operation 'Register task :app:compressDebugAssets' started
2021-06-06T09:17:45.215-0500 [DEBUG] [org.gradle.internal.operations.DefaultBuildOperationRunner] Completing Build operation 'Register task :app:compressDebugAssets'
2021-06-06T09:17:45.216-0500 [DEBUG] [org.gradle.internal.operations.DefaultBuildOperationRunner] Build operation 'Register task :app:generateDebugBuildConfig' started
2021-06-06T09:17:45.216-0500 [DEBUG] [org.gradle.internal.operations.DefaultBuildOperationRunner] Completing Build operation 'Register task :app:generateDebugBuildConfig'
2021-06-06T09:17:45.220-0500 [DEBUG] [org.gradle.internal.operations.DefaultBuildOperationRunner] Build operation 'Register task :app:checkDebugAarMetadata' started
2021-06-06T09:17:45.220-0500 [DEBUG] [org.gradle.internal.operations.DefaultBuildOperationRunner] Completing Build operation 'Register task :app:checkDebugAarMetadata'
2021-06-06T09:17:45.224-0500 [DEBUG] [org.gradle.internal.operations.DefaultBuildOperationRunner] Build operation 'Register task :app:processDebugResources' started
2021-06-06T09:17:45.224-0500 [DEBUG] [org.gradle.internal.operations.DefaultBuildOperationRunner] Completing Build operation 'Register task :app:processDebugResources'
2021-06-06T09:17:45.229-0500 [DEBUG] [org.gradle.internal.operations.DefaultBuildOperationRunner] Build operation 'Register task :app:bundleDebugResources' started
2021-06-06T09:17:45.229-0500 [DEBUG] [org.gradle.internal.operations.DefaultBuildOperationRunner] Completing Build operation 'Register task :app:bundleDebugResources'
2021-06-06T09:17:45.232-0500 [DEBUG] [org.gradle.internal.operations.DefaultBuildOperationRunner] Build operation 'Register task :app:processDebugJavaRes' started
2021-06-06T09:17:45.232-0500 [DEBUG] [org.gradle.internal.operations.DefaultBuildOperationRunner] Completing Build operation 'Register task :app:processDebugJavaRes'
2021-06-06T09:17:45.233-0500 [DEBUG] [org.gradle.internal.operations.DefaultBuildOperationRunner] Build operation 'Register task :app:compileDebugAidl' started
2021-06-06T09:17:45.233-0500 [DEBUG] [org.gradle.internal.operations.DefaultBuildOperationRunner] Completing Build operation 'Register task :app:compileDebugAidl'
2021-06-06T09:17:45.240-0500 [DEBUG] [org.gradle.internal.operations.DefaultBuildOperationRunner] Build operation 'Register task :app:mergeDebugJniLibFolders' started
2021-06-06T09:17:45.240-0500 [DEBUG] [org.gradle.internal.operations.DefaultBuildOperationRunner] Completing Build operation 'Register task :app:mergeDebugJniLibFolders'
2021-06-06T09:17:45.242-0500 [DEBUG] [org.gradle.internal.operations.DefaultBuildOperationRunner] Build operation 'Register task :app:mergeDebugNativeLibs' started
2021-06-06T09:17:45.242-0500 [DEBUG] [org.gradle.internal.operations.DefaultBuildOperationRunner] Completing Build operation 'Register task :app:mergeDebugNativeLibs'
2021-06-06T09:17:45.243-0500 [DEBUG] [org.gradle.internal.operations.DefaultBuildOperationRunner] Build operation 'Register task :app:javaPreCompileDebug' started
2021-06-06T09:17:45.244-0500 [DEBUG] [org.gradle.internal.operations.DefaultBuildOperationRunner] Completing Build operation 'Register task :app:javaPreCompileDebug'
2021-06-06T09:17:45.245-0500 [DEBUG] [org.gradle.internal.operations.DefaultBuildOperationRunner] Build operation 'Register task :app:compileDebugJavaWithJavac' started
2021-06-06T09:17:45.245-0500 [DEBUG] [org.gradle.internal.operations.DefaultBuildOperationRunner] Completing Build operation 'Register task :app:compileDebugJavaWithJavac'
2021-06-06T09:17:45.247-0500 [DEBUG] [org.gradle.internal.operations.DefaultBuildOperationRunner] Build operation 'Register task :app:bundleDebugClasses' started
2021-06-06T09:17:45.247-0500 [DEBUG] [org.gradle.internal.operations.DefaultBuildOperationRunner] Completing Build operation 'Register task :app:bundleDebugClasses'
2021-06-06T09:17:45.249-0500 [DEBUG] [org.gradle.internal.operations.DefaultBuildOperationRunner] Build operation 'Register task :app:mergeDebugGeneratedProguardFiles' started
2021-06-06T09:17:45.249-0500 [DEBUG] [org.gradle.internal.operations.DefaultBuildOperationRunner] Completing Build operation 'Register task :app:mergeDebugGeneratedProguardFiles'
2021-06-06T09:17:45.251-0500 [DEBUG] [org.gradle.internal.operations.DefaultBuildOperationRunner] Build operation 'Register task :app:mergeDebugJavaResource' started
2021-06-06T09:17:45.251-0500 [DEBUG] [org.gradle.internal.operations.DefaultBuildOperationRunner] Completing Build operation 'Register task :app:mergeDebugJavaResource'
2021-06-06T09:17:45.253-0500 [DEBUG] [org.gradle.internal.operations.DefaultBuildOperationRunner] Build operation 'Register task :app:checkDebugDuplicateClasses' started
2021-06-06T09:17:45.253-0500 [DEBUG] [org.gradle.internal.operations.DefaultBuildOperationRunner] Completing Build operation 'Register task :app:checkDebugDuplicateClasses'
2021-06-06T09:17:45.258-0500 [DEBUG] [org.gradle.internal.operations.DefaultBuildOperationRunner] Build operation 'Register task :app:dexBuilderDebug' started
2021-06-06T09:17:45.258-0500 [DEBUG] [org.gradle.internal.operations.DefaultBuildOperationRunner] Completing Build operation 'Register task :app:dexBuilderDebug'
2021-06-06T09:17:45.264-0500 [DEBUG] [org.gradle.internal.operations.DefaultBuildOperationRunner] Build operation 'Register task :app:desugarDebugFileDependencies' started
2021-06-06T09:17:45.264-0500 [DEBUG] [org.gradle.internal.operations.DefaultBuildOperationRunner] Completing Build operation 'Register task :app:desugarDebugFileDependencies'
2021-06-06T09:17:45.268-0500 [DEBUG] [org.gradle.internal.operations.DefaultBuildOperationRunner] Build operation 'Register task :app:mergeExtDexDebug' started
2021-06-06T09:17:45.268-0500 [DEBUG] [org.gradle.internal.operations.DefaultBuildOperationRunner] Completing Build operation 'Register task :app:mergeExtDexDebug'
2021-06-06T09:17:45.272-0500 [DEBUG] [org.gradle.internal.operations.DefaultBuildOperationRunner] Build operation 'Register task :app:mergeProjectDexDebug' started
2021-06-06T09:17:45.272-0500 [DEBUG] [org.gradle.internal.operations.DefaultBuildOperationRunner] Completing Build operation 'Register task :app:mergeProjectDexDebug'
2021-06-06T09:17:45.273-0500 [DEBUG] [org.gradle.internal.operations.DefaultBuildOperationRunner] Build operation 'Register task :app:mergeLibDexDebug' started
2021-06-06T09:17:45.274-0500 [DEBUG] [org.gradle.internal.operations.DefaultBuildOperationRunner] Completing Build operation 'Register task :app:mergeLibDexDebug'
2021-06-06T09:17:45.274-0500 [DEBUG] [org.gradle.internal.operations.DefaultBuildOperationRunner] Build operation 'Register task :app:stripDebugDebugSymbols' started
2021-06-06T09:17:45.274-0500 [DEBUG] [org.gradle.internal.operations.DefaultBuildOperationRunner] Completing Build operation 'Register task :app:stripDebugDebugSymbols'
2021-06-06T09:17:45.276-0500 [DEBUG] [org.gradle.internal.operations.DefaultBuildOperationRunner] Build operation 'Register task :app:extractDebugNativeDebugMetadata' started
2021-06-06T09:17:45.276-0500 [DEBUG] [org.gradle.internal.operations.DefaultBuildOperationRunner] Completing Build operation 'Register task :app:extractDebugNativeDebugMetadata'
2021-06-06T09:17:45.276-0500 [DEBUG] [org.gradle.internal.operations.DefaultBuildOperationRunner] Build operation 'Register task :app:extractDebugNativeSymbolTables' started
2021-06-06T09:17:45.276-0500 [DEBUG] [org.gradle.internal.operations.DefaultBuildOperationRunner] Completing Build operation 'Register task :app:extractDebugNativeSymbolTables'
2021-06-06T09:17:45.282-0500 [DEBUG] [org.gradle.internal.operations.DefaultBuildOperationRunner] Build operation 'Register task :app:packageDebug' started
2021-06-06T09:17:45.283-0500 [DEBUG] [org.gradle.internal.operations.DefaultBuildOperationRunner] Completing Build operation 'Register task :app:packageDebug'
2021-06-06T09:17:45.286-0500 [DEBUG] [org.gradle.internal.operations.DefaultBuildOperationRunner] Build operation 'Register task :app:installDebug' started
2021-06-06T09:17:45.286-0500 [DEBUG] [org.gradle.internal.operations.DefaultBuildOperationRunner] Completing Build operation 'Register task :app:installDebug'
2021-06-06T09:17:45.287-0500 [DEBUG] [org.gradle.internal.operations.DefaultBuildOperationRunner] Build operation 'Register task :app:uninstallDebug' started
2021-06-06T09:17:45.287-0500 [DEBUG] [org.gradle.internal.operations.DefaultBuildOperationRunner] Completing Build operation 'Register task :app:uninstallDebug'
2021-06-06T09:17:45.289-0500 [DEBUG] [org.gradle.internal.operations.DefaultBuildOperationRunner] Build operation 'Register task :app:lintDebug' started
2021-06-06T09:17:45.289-0500 [DEBUG] [org.gradle.internal.operations.DefaultBuildOperationRunner] Completing Build operation 'Register task :app:lintDebug'
2021-06-06T09:17:45.291-0500 [DEBUG] [org.gradle.internal.operations.DefaultBuildOperationRunner] Build operation 'Register task :app:generateDebugDependenciesForLint' started
2021-06-06T09:17:45.291-0500 [DEBUG] [org.gradle.internal.operations.DefaultBuildOperationRunner] Completing Build operation 'Register task :app:generateDebugDependenciesForLint'
2021-06-06T09:17:45.292-0500 [DEBUG] [org.gradle.internal.operations.DefaultBuildOperationRunner] Build operation 'Register task :app:generateDebugFeatureTransitiveDeps' started
2021-06-06T09:17:45.292-0500 [DEBUG] [org.gradle.internal.operations.DefaultBuildOperationRunner] Completing Build operation 'Register task :app:generateDebugFeatureTransitiveDeps'
2021-06-06T09:17:45.293-0500 [DEBUG] [org.gradle.internal.operations.DefaultBuildOperationRunner] Build operation 'Register task :app:zipApksForDebug' started
2021-06-06T09:17:45.293-0500 [DEBUG] [org.gradle.internal.operations.DefaultBuildOperationRunner] Completing Build operation 'Register task :app:zipApksForDebug'
2021-06-06T09:17:45.294-0500 [DEBUG] [org.gradle.internal.operations.DefaultBuildOperationRunner] Build operation 'Register task :app:generateDebugFeatureMetadata' started
2021-06-06T09:17:45.294-0500 [DEBUG] [org.gradle.internal.operations.DefaultBuildOperationRunner] Completing Build operation 'Register task :app:generateDebugFeatureMetadata'
2021-06-06T09:17:45.296-0500 [DEBUG] [org.gradle.internal.operations.DefaultBuildOperationRunner] Build operation 'Register task :app:validateSigningDebug' started
2021-06-06T09:17:45.296-0500 [DEBUG] [org.gradle.internal.operations.DefaultBuildOperationRunner] Completing Build operation 'Register task :app:validateSigningDebug'
2021-06-06T09:17:45.298-0500 [DEBUG] [org.gradle.internal.operations.DefaultBuildOperationRunner] Build operation 'Register task :app:signingConfigWriterDebug' started
2021-06-06T09:17:45.298-0500 [DEBUG] [org.gradle.internal.operations.DefaultBuildOperationRunner] Completing Build operation 'Register task :app:signingConfigWriterDebug'
2021-06-06T09:17:45.299-0500 [DEBUG] [org.gradle.internal.operations.DefaultBuildOperationRunner] Build operation 'Register task :app:writeDebugSigningConfigVersions' started
2021-06-06T09:17:45.299-0500 [DEBUG] [org.gradle.internal.operations.DefaultBuildOperationRunner] Completing Build operation 'Register task :app:writeDebugSigningConfigVersions'
2021-06-06T09:17:45.301-0500 [DEBUG] [org.gradle.internal.operations.DefaultBuildOperationRunner] Build operation 'Register task :app:writeDebugAppMetadata' started
2021-06-06T09:17:45.301-0500 [DEBUG] [org.gradle.internal.operations.DefaultBuildOperationRunner] Completing Build operation 'Register task :app:writeDebugAppMetadata'
2021-06-06T09:17:45.303-0500 [DEBUG] [org.gradle.internal.operations.DefaultBuildOperationRunner] Build operation 'Register task :app:buildDebugPreBundle' started
2021-06-06T09:17:45.303-0500 [DEBUG] [org.gradle.internal.operations.DefaultBuildOperationRunner] Completing Build operation 'Register task :app:buildDebugPreBundle'
2021-06-06T09:17:45.305-0500 [DEBUG] [org.gradle.internal.operations.DefaultBuildOperationRunner] Build operation 'Register task :app:parseDebugIntegrityConfig' started
2021-06-06T09:17:45.305-0500 [DEBUG] [org.gradle.internal.operations.DefaultBuildOperationRunner] Completing Build operation 'Register task :app:parseDebugIntegrityConfig'
2021-06-06T09:17:45.307-0500 [DEBUG] [org.gradle.internal.operations.DefaultBuildOperationRunner] Build operation 'Register task :app:packageDebugBundle' started
2021-06-06T09:17:45.307-0500 [DEBUG] [org.gradle.internal.operations.DefaultBuildOperationRunner] Completing Build operation 'Register task :app:packageDebugBundle'
2021-06-06T09:17:45.309-0500 [DEBUG] [org.gradle.internal.operations.DefaultBuildOperationRunner] Build operation 'Register task :app:signDebugBundle' started
2021-06-06T09:17:45.309-0500 [DEBUG] [org.gradle.internal.operations.DefaultBuildOperationRunner] Completing Build operation 'Register task :app:signDebugBundle'
2021-06-06T09:17:45.311-0500 [DEBUG] [org.gradle.internal.operations.DefaultBuildOperationRunner] Build operation 'Register task :app:produceDebugBundleIdeListingFile' started
2021-06-06T09:17:45.311-0500 [DEBUG] [org.gradle.internal.operations.DefaultBuildOperationRunner] Completing Build operation 'Register task :app:produceDebugBundleIdeListingFile'
2021-06-06T09:17:45.312-0500 [DEBUG] [org.gradle.internal.operations.DefaultBuildOperationRunner] Build operation 'Register task :app:makeApkFromBundleForDebug' started
2021-06-06T09:17:45.312-0500 [DEBUG] [org.gradle.internal.operations.DefaultBuildOperationRunner] Completing Build operation 'Register task :app:makeApkFromBundleForDebug'
2021-06-06T09:17:45.314-0500 [DEBUG] [org.gradle.internal.operations.DefaultBuildOperationRunner] Build operation 'Register task :app:packageDebugUniversalApk' started
2021-06-06T09:17:45.314-0500 [DEBUG] [org.gradle.internal.operations.DefaultBuildOperationRunner] Completing Build operation 'Register task :app:packageDebugUniversalApk'
2021-06-06T09:17:45.315-0500 [DEBUG] [org.gradle.internal.operations.DefaultBuildOperationRunner] Build operation 'Register task :app:extractApksForDebug' started
2021-06-06T09:17:45.316-0500 [DEBUG] [org.gradle.internal.operations.DefaultBuildOperationRunner] Completing Build operation 'Register task :app:extractApksForDebug'
2021-06-06T09:17:45.318-0500 [DEBUG] [org.gradle.internal.operations.DefaultBuildOperationRunner] Build operation 'Register task :app:mergeDebugNativeDebugMetadata' started
2021-06-06T09:17:45.318-0500 [DEBUG] [org.gradle.internal.operations.DefaultBuildOperationRunner] Completing Build operation 'Register task :app:mergeDebugNativeDebugMetadata'
2021-06-06T09:17:45.323-0500 [DEBUG] [org.gradle.internal.operations.DefaultBuildOperationRunner] Build operation 'Register task :app:assembleRelease' started
2021-06-06T09:17:45.323-0500 [DEBUG] [org.gradle.internal.operations.DefaultBuildOperationRunner] Completing Build operation 'Register task :app:assembleRelease'
2021-06-06T09:17:45.323-0500 [DEBUG] [org.gradle.internal.operations.DefaultBuildOperationRunner] Build operation 'Register task :app:bundleRelease' started
2021-06-06T09:17:45.323-0500 [DEBUG] [org.gradle.internal.operations.DefaultBuildOperationRunner] Completing Build operation 'Register task :app:bundleRelease'
2021-06-06T09:17:45.323-0500 [DEBUG] [org.gradle.internal.operations.DefaultBuildOperationRunner] Build operation 'Register task :app:preReleaseBuild' started
2021-06-06T09:17:45.323-0500 [DEBUG] [org.gradle.internal.operations.DefaultBuildOperationRunner] Completing Build operation 'Register task :app:preReleaseBuild'
2021-06-06T09:17:45.325-0500 [DEBUG] [org.gradle.internal.operations.DefaultBuildOperationRunner] Build operation 'Register task :app:analyticsRecordingRelease' started
2021-06-06T09:17:45.325-0500 [DEBUG] [org.gradle.internal.operations.DefaultBuildOperationRunner] Completing Build operation 'Register task :app:analyticsRecordingRelease'
2021-06-06T09:17:45.325-0500 [DEBUG] [org.gradle.internal.operations.DefaultBuildOperationRunner] Build operation 'Register task :app:generateReleaseSources' started
2021-06-06T09:17:45.326-0500 [DEBUG] [org.gradle.internal.operations.DefaultBuildOperationRunner] Completing Build operation 'Register task :app:generateReleaseSources'
2021-06-06T09:17:45.326-0500 [DEBUG] [org.gradle.internal.operations.DefaultBuildOperationRunner] Build operation 'Register task :app:generateReleaseResources' started
2021-06-06T09:17:45.326-0500 [DEBUG] [org.gradle.internal.operations.DefaultBuildOperationRunner] Completing Build operation 'Register task :app:generateReleaseResources'
2021-06-06T09:17:45.326-0500 [DEBUG] [org.gradle.internal.operations.DefaultBuildOperationRunner] Build operation 'Register task :app:generateReleaseAssets' started
2021-06-06T09:17:45.326-0500 [DEBUG] [org.gradle.internal.operations.DefaultBuildOperationRunner] Completing Build operation 'Register task :app:generateReleaseAssets'
2021-06-06T09:17:45.326-0500 [DEBUG] [org.gradle.internal.operations.DefaultBuildOperationRunner] Build operation 'Register task :app:compileReleaseSources' started
2021-06-06T09:17:45.327-0500 [DEBUG] [org.gradle.internal.operations.DefaultBuildOperationRunner] Completing Build operation 'Register task :app:compileReleaseSources'
2021-06-06T09:17:45.327-0500 [DEBUG] [org.gradle.internal.operations.DefaultBuildOperationRunner] Build operation 'Register task :app:extractDeepLinksRelease' started
2021-06-06T09:17:45.327-0500 [DEBUG] [org.gradle.internal.operations.DefaultBuildOperationRunner] Completing Build operation 'Register task :app:extractDeepLinksRelease'
2021-06-06T09:17:45.327-0500 [DEBUG] [org.gradle.internal.operations.DefaultBuildOperationRunner] Build operation 'Register task :app:writeReleaseModuleMetadata' started
2021-06-06T09:17:45.328-0500 [DEBUG] [org.gradle.internal.operations.DefaultBuildOperationRunner] Completing Build operation 'Register task :app:writeReleaseModuleMetadata'
2021-06-06T09:17:45.328-0500 [DEBUG] [org.gradle.internal.operations.DefaultBuildOperationRunner] Build operation 'Register task :app:writeReleaseApplicationId' started
2021-06-06T09:17:45.328-0500 [DEBUG] [org.gradle.internal.operations.DefaultBuildOperationRunner] Completing Build operation 'Register task :app:writeReleaseApplicationId'
2021-06-06T09:17:45.328-0500 [DEBUG] [org.gradle.internal.operations.DefaultBuildOperationRunner] Build operation 'Register task :app:checkReleaseManifest' started
2021-06-06T09:17:45.328-0500 [DEBUG] [org.gradle.internal.operations.DefaultBuildOperationRunner] Completing Build operation 'Register task :app:checkReleaseManifest'
2021-06-06T09:17:45.329-0500 [DEBUG] [org.gradle.internal.operations.DefaultBuildOperationRunner] Build operation 'Register task :app:createReleaseCompatibleScreenManifests' started
2021-06-06T09:17:45.329-0500 [DEBUG] [org.gradle.internal.operations.DefaultBuildOperationRunner] Completing Build operation 'Register task :app:createReleaseCompatibleScreenManifests'
2021-06-06T09:17:45.329-0500 [DEBUG] [org.gradle.internal.operations.DefaultBuildOperationRunner] Build operation 'Register task :app:processApplicationManifestReleaseForBundle' started
2021-06-06T09:17:45.329-0500 [DEBUG] [org.gradle.internal.operations.DefaultBuildOperationRunner] Completing Build operation 'Register task :app:processApplicationManifestReleaseForBundle'
2021-06-06T09:17:45.329-0500 [DEBUG] [org.gradle.internal.operations.DefaultBuildOperationRunner] Build operation 'Register task :app:processManifestReleaseForFeature' started
2021-06-06T09:17:45.329-0500 [DEBUG] [org.gradle.internal.operations.DefaultBuildOperationRunner] Completing Build operation 'Register task :app:processManifestReleaseForFeature'
2021-06-06T09:17:45.330-0500 [DEBUG] [org.gradle.internal.operations.DefaultBuildOperationRunner] Build operation 'Register task :app:processReleaseManifestForInstantApp' started
2021-06-06T09:17:45.330-0500 [DEBUG] [org.gradle.internal.operations.DefaultBuildOperationRunner] Completing Build operation 'Register task :app:processReleaseManifestForInstantApp'
2021-06-06T09:17:45.330-0500 [DEBUG] [org.gradle.internal.operations.DefaultBuildOperationRunner] Build operation 'Register task :app:processReleaseManifestForPackage' started
2021-06-06T09:17:45.330-0500 [DEBUG] [org.gradle.internal.operations.DefaultBuildOperationRunner] Completing Build operation 'Register task :app:processReleaseManifestForPackage'
2021-06-06T09:17:45.330-0500 [DEBUG] [org.gradle.internal.operations.DefaultBuildOperationRunner] Build operation 'Register task :app:generateReleaseManifestClass' started
2021-06-06T09:17:45.330-0500 [DEBUG] [org.gradle.internal.operations.DefaultBuildOperationRunner] Completing Build operation 'Register task :app:generateReleaseManifestClass'
2021-06-06T09:17:45.330-0500 [DEBUG] [org.gradle.internal.operations.DefaultBuildOperationRunner] Build operation 'Register task :app:processReleaseMainManifest' started
2021-06-06T09:17:45.330-0500 [DEBUG] [org.gradle.internal.operations.DefaultBuildOperationRunner] Completing Build operation 'Register task :app:processReleaseMainManifest'
2021-06-06T09:17:45.331-0500 [DEBUG] [org.gradle.internal.operations.DefaultBuildOperationRunner] Build operation 'Register task :app:processReleaseManifest' started
2021-06-06T09:17:45.331-0500 [DEBUG] [org.gradle.internal.operations.DefaultBuildOperationRunner] Completing Build operation 'Register task :app:processReleaseManifest'
2021-06-06T09:17:45.331-0500 [DEBUG] [org.gradle.internal.operations.DefaultBuildOperationRunner] Build operation 'Register task :app:generateReleaseResValues' started
2021-06-06T09:17:45.331-0500 [DEBUG] [org.gradle.internal.operations.DefaultBuildOperationRunner] Completing Build operation 'Register task :app:generateReleaseResValues'
2021-06-06T09:17:45.331-0500 [DEBUG] [org.gradle.internal.operations.DefaultBuildOperationRunner] Build operation 'Register task :app:compileReleaseRenderscript' started
2021-06-06T09:17:45.331-0500 [DEBUG] [org.gradle.internal.operations.DefaultBuildOperationRunner] Completing Build operation 'Register task :app:compileReleaseRenderscript'
2021-06-06T09:17:45.332-0500 [DEBUG] [org.gradle.internal.operations.DefaultBuildOperationRunner] Build operation 'Register task :app:mergeReleaseResources' started
2021-06-06T09:17:45.332-0500 [DEBUG] [org.gradle.internal.operations.DefaultBuildOperationRunner] Completing Build operation 'Register task :app:mergeReleaseResources'
2021-06-06T09:17:45.332-0500 [DEBUG] [org.gradle.internal.operations.DefaultBuildOperationRunner] Build operation 'Register task :app:mergeReleaseShaders' started
2021-06-06T09:17:45.332-0500 [DEBUG] [org.gradle.internal.operations.DefaultBuildOperationRunner] Completing Build operation 'Register task :app:mergeReleaseShaders'
2021-06-06T09:17:45.332-0500 [DEBUG] [org.gradle.internal.operations.DefaultBuildOperationRunner] Build operation 'Register task :app:compileReleaseShaders' started
2021-06-06T09:17:45.332-0500 [DEBUG] [org.gradle.internal.operations.DefaultBuildOperationRunner] Completing Build operation 'Register task :app:compileReleaseShaders'
2021-06-06T09:17:45.332-0500 [DEBUG] [org.gradle.internal.operations.DefaultBuildOperationRunner] Build operation 'Register task :app:mergeReleaseAssets' started
2021-06-06T09:17:45.332-0500 [DEBUG] [org.gradle.internal.operations.DefaultBuildOperationRunner] Completing Build operation 'Register task :app:mergeReleaseAssets'
2021-06-06T09:17:45.333-0500 [DEBUG] [org.gradle.internal.operations.DefaultBuildOperationRunner] Build operation 'Register task :app:compressReleaseAssets' started
2021-06-06T09:17:45.333-0500 [DEBUG] [org.gradle.internal.operations.DefaultBuildOperationRunner] Completing Build operation 'Register task :app:compressReleaseAssets'
2021-06-06T09:17:45.333-0500 [DEBUG] [org.gradle.internal.operations.DefaultBuildOperationRunner] Build operation 'Register task :app:generateReleaseBuildConfig' started
2021-06-06T09:17:45.333-0500 [DEBUG] [org.gradle.internal.operations.DefaultBuildOperationRunner] Completing Build operation 'Register task :app:generateReleaseBuildConfig'
2021-06-06T09:17:45.334-0500 [DEBUG] [org.gradle.internal.operations.DefaultBuildOperationRunner] Build operation 'Register task :app:checkReleaseAarMetadata' started
2021-06-06T09:17:45.334-0500 [DEBUG] [org.gradle.internal.operations.DefaultBuildOperationRunner] Completing Build operation 'Register task :app:checkReleaseAarMetadata'
2021-06-06T09:17:45.334-0500 [DEBUG] [org.gradle.internal.operations.DefaultBuildOperationRunner] Build operation 'Register task :app:processReleaseResources' started
2021-06-06T09:17:45.334-0500 [DEBUG] [org.gradle.internal.operations.DefaultBuildOperationRunner] Completing Build operation 'Register task :app:processReleaseResources'
2021-06-06T09:17:45.335-0500 [DEBUG] [org.gradle.internal.operations.DefaultBuildOperationRunner] Build operation 'Register task :app:bundleReleaseResources' started
2021-06-06T09:17:45.335-0500 [DEBUG] [org.gradle.internal.operations.DefaultBuildOperationRunner] Completing Build operation 'Register task :app:bundleReleaseResources'
2021-06-06T09:17:45.336-0500 [DEBUG] [org.gradle.internal.operations.DefaultBuildOperationRunner] Build operation 'Register task :app:optimizeReleaseResources' started
2021-06-06T09:17:45.336-0500 [DEBUG] [org.gradle.internal.operations.DefaultBuildOperationRunner] Completing Build operation 'Register task :app:optimizeReleaseResources'
2021-06-06T09:17:45.337-0500 [DEBUG] [org.gradle.internal.operations.DefaultBuildOperationRunner] Build operation 'Register task :app:processReleaseJavaRes' started
2021-06-06T09:17:45.337-0500 [DEBUG] [org.gradle.internal.operations.DefaultBuildOperationRunner] Completing Build operation 'Register task :app:processReleaseJavaRes'
2021-06-06T09:17:45.337-0500 [DEBUG] [org.gradle.internal.operations.DefaultBuildOperationRunner] Build operation 'Register task :app:compileReleaseAidl' started
2021-06-06T09:17:45.337-0500 [DEBUG] [org.gradle.internal.operations.DefaultBuildOperationRunner] Completing Build operation 'Register task :app:compileReleaseAidl'
2021-06-06T09:17:45.337-0500 [DEBUG] [org.gradle.internal.operations.DefaultBuildOperationRunner] Build operation 'Register task :app:mergeReleaseJniLibFolders' started
2021-06-06T09:17:45.337-0500 [DEBUG] [org.gradle.internal.operations.DefaultBuildOperationRunner] Completing Build operation 'Register task :app:mergeReleaseJniLibFolders'
2021-06-06T09:17:45.338-0500 [DEBUG] [org.gradle.internal.operations.DefaultBuildOperationRunner] Build operation 'Register task :app:mergeReleaseNativeLibs' started
2021-06-06T09:17:45.338-0500 [DEBUG] [org.gradle.internal.operations.DefaultBuildOperationRunner] Completing Build operation 'Register task :app:mergeReleaseNativeLibs'
2021-06-06T09:17:45.338-0500 [DEBUG] [org.gradle.internal.operations.DefaultBuildOperationRunner] Build operation 'Register task :app:javaPreCompileRelease' started
2021-06-06T09:17:45.338-0500 [DEBUG] [org.gradle.internal.operations.DefaultBuildOperationRunner] Completing Build operation 'Register task :app:javaPreCompileRelease'
2021-06-06T09:17:45.338-0500 [DEBUG] [org.gradle.internal.operations.DefaultBuildOperationRunner] Build operation 'Register task :app:compileReleaseJavaWithJavac' started
2021-06-06T09:17:45.338-0500 [DEBUG] [org.gradle.internal.operations.DefaultBuildOperationRunner] Completing Build operation 'Register task :app:compileReleaseJavaWithJavac'
2021-06-06T09:17:45.338-0500 [DEBUG] [org.gradle.internal.operations.DefaultBuildOperationRunner] Build operation 'Register task :app:bundleReleaseClasses' started
2021-06-06T09:17:45.339-0500 [DEBUG] [org.gradle.internal.operations.DefaultBuildOperationRunner] Completing Build operation 'Register task :app:bundleReleaseClasses'
2021-06-06T09:17:45.339-0500 [DEBUG] [org.gradle.internal.operations.DefaultBuildOperationRunner] Build operation 'Register task :app:mergeReleaseGeneratedProguardFiles' started
2021-06-06T09:17:45.339-0500 [DEBUG] [org.gradle.internal.operations.DefaultBuildOperationRunner] Completing Build operation 'Register task :app:mergeReleaseGeneratedProguardFiles'
2021-06-06T09:17:45.339-0500 [DEBUG] [org.gradle.internal.operations.DefaultBuildOperationRunner] Build operation 'Register task :app:mergeReleaseJavaResource' started
2021-06-06T09:17:45.339-0500 [DEBUG] [org.gradle.internal.operations.DefaultBuildOperationRunner] Completing Build operation 'Register task :app:mergeReleaseJavaResource'
2021-06-06T09:17:45.339-0500 [DEBUG] [org.gradle.internal.operations.DefaultBuildOperationRunner] Build operation 'Register task :app:checkReleaseDuplicateClasses' started
2021-06-06T09:17:45.339-0500 [DEBUG] [org.gradle.internal.operations.DefaultBuildOperationRunner] Completing Build operation 'Register task :app:checkReleaseDuplicateClasses'
2021-06-06T09:17:45.340-0500 [DEBUG] [org.gradle.internal.operations.DefaultBuildOperationRunner] Build operation 'Register task :app:dexBuilderRelease' started
2021-06-06T09:17:45.340-0500 [DEBUG] [org.gradle.internal.operations.DefaultBuildOperationRunner] Completing Build operation 'Register task :app:dexBuilderRelease'
2021-06-06T09:17:45.340-0500 [DEBUG] [org.gradle.internal.operations.DefaultBuildOperationRunner] Build operation 'Register task :app:desugarReleaseFileDependencies' started
2021-06-06T09:17:45.340-0500 [DEBUG] [org.gradle.internal.operations.DefaultBuildOperationRunner] Completing Build operation 'Register task :app:desugarReleaseFileDependencies'
2021-06-06T09:17:45.341-0500 [DEBUG] [org.gradle.internal.operations.DefaultBuildOperationRunner] Build operation 'Register task :app:mergeExtDexRelease' started
2021-06-06T09:17:45.341-0500 [DEBUG] [org.gradle.internal.operations.DefaultBuildOperationRunner] Completing Build operation 'Register task :app:mergeExtDexRelease'
2021-06-06T09:17:45.341-0500 [DEBUG] [org.gradle.internal.operations.DefaultBuildOperationRunner] Build operation 'Register task :app:mergeDexRelease' started
2021-06-06T09:17:45.341-0500 [DEBUG] [org.gradle.internal.operations.DefaultBuildOperationRunner] Completing Build operation 'Register task :app:mergeDexRelease'
2021-06-06T09:17:45.341-0500 [DEBUG] [org.gradle.internal.operations.DefaultBuildOperationRunner] Build operation 'Register task :app:stripReleaseDebugSymbols' started
2021-06-06T09:17:45.342-0500 [DEBUG] [org.gradle.internal.operations.DefaultBuildOperationRunner] Completing Build operation 'Register task :app:stripReleaseDebugSymbols'
2021-06-06T09:17:45.342-0500 [DEBUG] [org.gradle.internal.operations.DefaultBuildOperationRunner] Build operation 'Register task :app:extractReleaseNativeDebugMetadata' started
2021-06-06T09:17:45.342-0500 [DEBUG] [org.gradle.internal.operations.DefaultBuildOperationRunner] Completing Build operation 'Register task :app:extractReleaseNativeDebugMetadata'
2021-06-06T09:17:45.342-0500 [DEBUG] [org.gradle.internal.operations.DefaultBuildOperationRunner] Build operation 'Register task :app:extractReleaseNativeSymbolTables' started
2021-06-06T09:17:45.342-0500 [DEBUG] [org.gradle.internal.operations.DefaultBuildOperationRunner] Completing Build operation 'Register task :app:extractReleaseNativeSymbolTables'
2021-06-06T09:17:45.342-0500 [DEBUG] [org.gradle.internal.operations.DefaultBuildOperationRunner] Build operation 'Register task :app:packageRelease' started
2021-06-06T09:17:45.342-0500 [DEBUG] [org.gradle.internal.operations.DefaultBuildOperationRunner] Completing Build operation 'Register task :app:packageRelease'
2021-06-06T09:17:45.343-0500 [DEBUG] [org.gradle.internal.operations.DefaultBuildOperationRunner] Build operation 'Register task :app:uninstallRelease' started
2021-06-06T09:17:45.343-0500 [DEBUG] [org.gradle.internal.operations.DefaultBuildOperationRunner] Completing Build operation 'Register task :app:uninstallRelease'
2021-06-06T09:17:45.345-0500 [DEBUG] [org.gradle.internal.operations.DefaultBuildOperationRunner] Build operation 'Register task :app:lintVitalRelease' started
2021-06-06T09:17:45.345-0500 [DEBUG] [org.gradle.internal.operations.DefaultBuildOperationRunner] Completing Build operation 'Register task :app:lintVitalRelease'
2021-06-06T09:17:45.346-0500 [DEBUG] [org.gradle.internal.operations.DefaultBuildOperationRunner] Build operation 'Register task :app:lintRelease' started
2021-06-06T09:17:45.346-0500 [DEBUG] [org.gradle.internal.operations.DefaultBuildOperationRunner] Completing Build operation 'Register task :app:lintRelease'
2021-06-06T09:17:45.346-0500 [DEBUG] [org.gradle.internal.operations.DefaultBuildOperationRunner] Build operation 'Register task :app:generateReleaseDependenciesForLint' started
2021-06-06T09:17:45.346-0500 [DEBUG] [org.gradle.internal.operations.DefaultBuildOperationRunner] Completing Build operation 'Register task :app:generateReleaseDependenciesForLint'
2021-06-06T09:17:45.346-0500 [DEBUG] [org.gradle.internal.operations.DefaultBuildOperationRunner] Build operation 'Register task :app:generateReleaseFeatureTransitiveDeps' started
2021-06-06T09:17:45.346-0500 [DEBUG] [org.gradle.internal.operations.DefaultBuildOperationRunner] Completing Build operation 'Register task :app:generateReleaseFeatureTransitiveDeps'
2021-06-06T09:17:45.347-0500 [DEBUG] [org.gradle.internal.operations.DefaultBuildOperationRunner] Build operation 'Register task :app:zipApksForRelease' started
2021-06-06T09:17:45.347-0500 [DEBUG] [org.gradle.internal.operations.DefaultBuildOperationRunner] Completing Build operation 'Register task :app:zipApksForRelease'
2021-06-06T09:17:45.347-0500 [DEBUG] [org.gradle.internal.operations.DefaultBuildOperationRunner] Build operation 'Register task :app:generateReleaseFeatureMetadata' started
2021-06-06T09:17:45.347-0500 [DEBUG] [org.gradle.internal.operations.DefaultBuildOperationRunner] Completing Build operation 'Register task :app:generateReleaseFeatureMetadata'
2021-06-06T09:17:45.347-0500 [DEBUG] [org.gradle.internal.operations.DefaultBuildOperationRunner] Build operation 'Register task :app:signingConfigWriterRelease' started
2021-06-06T09:17:45.347-0500 [DEBUG] [org.gradle.internal.operations.DefaultBuildOperationRunner] Completing Build operation 'Register task :app:signingConfigWriterRelease'
2021-06-06T09:17:45.347-0500 [DEBUG] [org.gradle.internal.operations.DefaultBuildOperationRunner] Build operation 'Register task :app:writeReleaseSigningConfigVersions' started
2021-06-06T09:17:45.347-0500 [DEBUG] [org.gradle.internal.operations.DefaultBuildOperationRunner] Completing Build operation 'Register task :app:writeReleaseSigningConfigVersions'
2021-06-06T09:17:45.348-0500 [DEBUG] [org.gradle.internal.operations.DefaultBuildOperationRunner] Build operation 'Register task :app:writeReleaseAppMetadata' started
2021-06-06T09:17:45.348-0500 [DEBUG] [org.gradle.internal.operations.DefaultBuildOperationRunner] Completing Build operation 'Register task :app:writeReleaseAppMetadata'
2021-06-06T09:17:45.348-0500 [DEBUG] [org.gradle.internal.operations.DefaultBuildOperationRunner] Build operation 'Register task :app:buildReleasePreBundle' started
2021-06-06T09:17:45.348-0500 [DEBUG] [org.gradle.internal.operations.DefaultBuildOperationRunner] Completing Build operation 'Register task :app:buildReleasePreBundle'
2021-06-06T09:17:45.349-0500 [DEBUG] [org.gradle.internal.operations.DefaultBuildOperationRunner] Build operation 'Register task :app:collectReleaseDependencies' started
2021-06-06T09:17:45.349-0500 [DEBUG] [org.gradle.internal.operations.DefaultBuildOperationRunner] Completing Build operation 'Register task :app:collectReleaseDependencies'
2021-06-06T09:17:45.350-0500 [DEBUG] [org.gradle.internal.operations.DefaultBuildOperationRunner] Build operation 'Register task :app:parseReleaseIntegrityConfig' started
2021-06-06T09:17:45.350-0500 [DEBUG] [org.gradle.internal.operations.DefaultBuildOperationRunner] Completing Build operation 'Register task :app:parseReleaseIntegrityConfig'
2021-06-06T09:17:45.350-0500 [DEBUG] [org.gradle.internal.operations.DefaultBuildOperationRunner] Build operation 'Register task :app:packageReleaseBundle' started
2021-06-06T09:17:45.350-0500 [DEBUG] [org.gradle.internal.operations.DefaultBuildOperationRunner] Completing Build operation 'Register task :app:packageReleaseBundle'
2021-06-06T09:17:45.351-0500 [DEBUG] [org.gradle.internal.operations.DefaultBuildOperationRunner] Build operation 'Register task :app:configureReleaseDependencies' started
2021-06-06T09:17:45.351-0500 [DEBUG] [org.gradle.internal.operations.DefaultBuildOperationRunner] Completing Build operation 'Register task :app:configureReleaseDependencies'
2021-06-06T09:17:45.353-0500 [DEBUG] [org.gradle.internal.operations.DefaultBuildOperationRunner] Build operation 'Register task :app:sdkReleaseDependencyData' started
2021-06-06T09:17:45.353-0500 [DEBUG] [org.gradle.internal.operations.DefaultBuildOperationRunner] Completing Build operation 'Register task :app:sdkReleaseDependencyData'
2021-06-06T09:17:45.354-0500 [DEBUG] [org.gradle.internal.operations.DefaultBuildOperationRunner] Build operation 'Register task :app:signReleaseBundle' started
2021-06-06T09:17:45.354-0500 [DEBUG] [org.gradle.internal.operations.DefaultBuildOperationRunner] Completing Build operation 'Register task :app:signReleaseBundle'
2021-06-06T09:17:45.354-0500 [DEBUG] [org.gradle.internal.operations.DefaultBuildOperationRunner] Build operation 'Register task :app:produceReleaseBundleIdeListingFile' started
2021-06-06T09:17:45.354-0500 [DEBUG] [org.gradle.internal.operations.DefaultBuildOperationRunner] Completing Build operation 'Register task :app:produceReleaseBundleIdeListingFile'
2021-06-06T09:17:45.354-0500 [DEBUG] [org.gradle.internal.operations.DefaultBuildOperationRunner] Build operation 'Register task :app:makeApkFromBundleForRelease' started
2021-06-06T09:17:45.355-0500 [DEBUG] [org.gradle.internal.operations.DefaultBuildOperationRunner] Completing Build operation 'Register task :app:makeApkFromBundleForRelease'
2021-06-06T09:17:45.355-0500 [DEBUG] [org.gradle.internal.operations.DefaultBuildOperationRunner] Build operation 'Register task :app:packageReleaseUniversalApk' started
2021-06-06T09:17:45.355-0500 [DEBUG] [org.gradle.internal.operations.DefaultBuildOperationRunner] Completing Build operation 'Register task :app:packageReleaseUniversalApk'
2021-06-06T09:17:45.355-0500 [DEBUG] [org.gradle.internal.operations.DefaultBuildOperationRunner] Build operation 'Register task :app:extractApksForRelease' started
2021-06-06T09:17:45.355-0500 [DEBUG] [org.gradle.internal.operations.DefaultBuildOperationRunner] Completing Build operation 'Register task :app:extractApksForRelease'
2021-06-06T09:17:45.356-0500 [DEBUG] [org.gradle.internal.operations.DefaultBuildOperationRunner] Build operation 'Register task :app:mergeReleaseNativeDebugMetadata' started
2021-06-06T09:17:45.356-0500 [DEBUG] [org.gradle.internal.operations.DefaultBuildOperationRunner] Completing Build operation 'Register task :app:mergeReleaseNativeDebugMetadata'
2021-06-06T09:17:45.357-0500 [DEBUG] [org.gradle.internal.operations.DefaultBuildOperationRunner] Build operation 'Register task :app:assembleDebugAndroidTest' started
2021-06-06T09:17:45.357-0500 [DEBUG] [org.gradle.internal.operations.DefaultBuildOperationRunner] Completing Build operation 'Register task :app:assembleDebugAndroidTest'
2021-06-06T09:17:45.358-0500 [DEBUG] [org.gradle.internal.operations.DefaultBuildOperationRunner] Build operation 'Register task :app:preDebugAndroidTestBuild' started
2021-06-06T09:17:45.358-0500 [DEBUG] [org.gradle.internal.operations.DefaultBuildOperationRunner] Completing Build operation 'Register task :app:preDebugAndroidTestBuild'
2021-06-06T09:17:45.358-0500 [DEBUG] [org.gradle.internal.operations.DefaultBuildOperationRunner] Build operation 'Register task :app:generateDebugAndroidTestSources' started
2021-06-06T09:17:45.359-0500 [DEBUG] [org.gradle.internal.operations.DefaultBuildOperationRunner] Completing Build operation 'Register task :app:generateDebugAndroidTestSources'
2021-06-06T09:17:45.359-0500 [DEBUG] [org.gradle.internal.operations.DefaultBuildOperationRunner] Build operation 'Register task :app:generateDebugAndroidTestResources' started
2021-06-06T09:17:45.359-0500 [DEBUG] [org.gradle.internal.operations.DefaultBuildOperationRunner] Completing Build operation 'Register task :app:generateDebugAndroidTestResources'
2021-06-06T09:17:45.359-0500 [DEBUG] [org.gradle.internal.operations.DefaultBuildOperationRunner] Build operation 'Register task :app:generateDebugAndroidTestAssets' started
2021-06-06T09:17:45.359-0500 [DEBUG] [org.gradle.internal.operations.DefaultBuildOperationRunner] Completing Build operation 'Register task :app:generateDebugAndroidTestAssets'
2021-06-06T09:17:45.359-0500 [DEBUG] [org.gradle.internal.operations.DefaultBuildOperationRunner] Build operation 'Register task :app:compileDebugAndroidTestSources' started
2021-06-06T09:17:45.359-0500 [DEBUG] [org.gradle.internal.operations.DefaultBuildOperationRunner] Completing Build operation 'Register task :app:compileDebugAndroidTestSources'
2021-06-06T09:17:45.365-0500 [DEBUG] [org.gradle.internal.operations.DefaultBuildOperationRunner] Build operation 'Register task :app:processDebugAndroidTestManifest' started
2021-06-06T09:17:45.365-0500 [DEBUG] [org.gradle.internal.operations.DefaultBuildOperationRunner] Completing Build operation 'Register task :app:processDebugAndroidTestManifest'
2021-06-06T09:17:45.366-0500 [DEBUG] [org.gradle.internal.operations.DefaultBuildOperationRunner] Build operation 'Register task :app:generateDebugAndroidTestResValues' started
2021-06-06T09:17:45.366-0500 [DEBUG] [org.gradle.internal.operations.DefaultBuildOperationRunner] Completing Build operation 'Register task :app:generateDebugAndroidTestResValues'
2021-06-06T09:17:45.366-0500 [DEBUG] [org.gradle.internal.operations.DefaultBuildOperationRunner] Build operation 'Register task :app:compileDebugAndroidTestRenderscript' started
2021-06-06T09:17:45.366-0500 [DEBUG] [org.gradle.internal.operations.DefaultBuildOperationRunner] Completing Build operation 'Register task :app:compileDebugAndroidTestRenderscript'
2021-06-06T09:17:45.366-0500 [DEBUG] [org.gradle.internal.operations.DefaultBuildOperationRunner] Build operation 'Register task :app:mergeDebugAndroidTestResources' started
2021-06-06T09:17:45.366-0500 [DEBUG] [org.gradle.internal.operations.DefaultBuildOperationRunner] Completing Build operation 'Register task :app:mergeDebugAndroidTestResources'
2021-06-06T09:17:45.366-0500 [DEBUG] [org.gradle.internal.operations.DefaultBuildOperationRunner] Build operation 'Register task :app:mergeDebugAndroidTestShaders' started
2021-06-06T09:17:45.367-0500 [DEBUG] [org.gradle.internal.operations.DefaultBuildOperationRunner] Completing Build operation 'Register task :app:mergeDebugAndroidTestShaders'
2021-06-06T09:17:45.367-0500 [DEBUG] [org.gradle.internal.operations.DefaultBuildOperationRunner] Build operation 'Register task :app:compileDebugAndroidTestShaders' started
2021-06-06T09:17:45.367-0500 [DEBUG] [org.gradle.internal.operations.DefaultBuildOperationRunner] Completing Build operation 'Register task :app:compileDebugAndroidTestShaders'
2021-06-06T09:17:45.367-0500 [DEBUG] [org.gradle.internal.operations.DefaultBuildOperationRunner] Build operation 'Register task :app:mergeDebugAndroidTestAssets' started
2021-06-06T09:17:45.367-0500 [DEBUG] [org.gradle.internal.operations.DefaultBuildOperationRunner] Completing Build operation 'Register task :app:mergeDebugAndroidTestAssets'
2021-06-06T09:17:45.367-0500 [DEBUG] [org.gradle.internal.operations.DefaultBuildOperationRunner] Build operation 'Register task :app:compressDebugAndroidTestAssets' started
2021-06-06T09:17:45.367-0500 [DEBUG] [org.gradle.internal.operations.DefaultBuildOperationRunner] Completing Build operation 'Register task :app:compressDebugAndroidTestAssets'
2021-06-06T09:17:45.368-0500 [DEBUG] [org.gradle.internal.operations.DefaultBuildOperationRunner] Build operation 'Register task :app:generateDebugAndroidTestBuildConfig' started
2021-06-06T09:17:45.368-0500 [DEBUG] [org.gradle.internal.operations.DefaultBuildOperationRunner] Completing Build operation 'Register task :app:generateDebugAndroidTestBuildConfig'
2021-06-06T09:17:45.369-0500 [DEBUG] [org.gradle.internal.operations.DefaultBuildOperationRunner] Build operation 'Register task :app:checkDebugAndroidTestAarMetadata' started
2021-06-06T09:17:45.369-0500 [DEBUG] [org.gradle.internal.operations.DefaultBuildOperationRunner] Completing Build operation 'Register task :app:checkDebugAndroidTestAarMetadata'
2021-06-06T09:17:45.369-0500 [DEBUG] [org.gradle.internal.operations.DefaultBuildOperationRunner] Build operation 'Register task :app:processDebugAndroidTestResources' started
2021-06-06T09:17:45.369-0500 [DEBUG] [org.gradle.internal.operations.DefaultBuildOperationRunner] Completing Build operation 'Register task :app:processDebugAndroidTestResources'
2021-06-06T09:17:45.369-0500 [DEBUG] [org.gradle.internal.operations.DefaultBuildOperationRunner] Build operation 'Register task :app:processDebugAndroidTestJavaRes' started
2021-06-06T09:17:45.369-0500 [DEBUG] [org.gradle.internal.operations.DefaultBuildOperationRunner] Completing Build operation 'Register task :app:processDebugAndroidTestJavaRes'
2021-06-06T09:17:45.370-0500 [DEBUG] [org.gradle.internal.operations.DefaultBuildOperationRunner] Build operation 'Register task :app:compileDebugAndroidTestAidl' started
2021-06-06T09:17:45.370-0500 [DEBUG] [org.gradle.internal.operations.DefaultBuildOperationRunner] Completing Build operation 'Register task :app:compileDebugAndroidTestAidl'
2021-06-06T09:17:45.370-0500 [DEBUG] [org.gradle.internal.operations.DefaultBuildOperationRunner] Build operation 'Register task :app:mergeDebugAndroidTestJniLibFolders' started
2021-06-06T09:17:45.370-0500 [DEBUG] [org.gradle.internal.operations.DefaultBuildOperationRunner] Completing Build operation 'Register task :app:mergeDebugAndroidTestJniLibFolders'
2021-06-06T09:17:45.370-0500 [DEBUG] [org.gradle.internal.operations.DefaultBuildOperationRunner] Build operation 'Register task :app:mergeDebugAndroidTestNativeLibs' started
2021-06-06T09:17:45.370-0500 [DEBUG] [org.gradle.internal.operations.DefaultBuildOperationRunner] Completing Build operation 'Register task :app:mergeDebugAndroidTestNativeLibs'
2021-06-06T09:17:45.370-0500 [DEBUG] [org.gradle.internal.operations.DefaultBuildOperationRunner] Build operation 'Register task :app:javaPreCompileDebugAndroidTest' started
2021-06-06T09:17:45.370-0500 [DEBUG] [org.gradle.internal.operations.DefaultBuildOperationRunner] Completing Build operation 'Register task :app:javaPreCompileDebugAndroidTest'
2021-06-06T09:17:45.370-0500 [DEBUG] [org.gradle.internal.operations.DefaultBuildOperationRunner] Build operation 'Register task :app:compileDebugAndroidTestJavaWithJavac' started
2021-06-06T09:17:45.371-0500 [DEBUG] [org.gradle.internal.operations.DefaultBuildOperationRunner] Completing Build operation 'Register task :app:compileDebugAndroidTestJavaWithJavac'
2021-06-06T09:17:45.371-0500 [DEBUG] [org.gradle.internal.operations.DefaultBuildOperationRunner] Build operation 'Register task :app:bundleDebugAndroidTestClasses' started
2021-06-06T09:17:45.371-0500 [DEBUG] [org.gradle.internal.operations.DefaultBuildOperationRunner] Completing Build operation 'Register task :app:bundleDebugAndroidTestClasses'
2021-06-06T09:17:45.371-0500 [DEBUG] [org.gradle.internal.operations.DefaultBuildOperationRunner] Build operation 'Register task :app:mergeDebugAndroidTestGeneratedProguardFiles' started
2021-06-06T09:17:45.371-0500 [DEBUG] [org.gradle.internal.operations.DefaultBuildOperationRunner] Completing Build operation 'Register task :app:mergeDebugAndroidTestGeneratedProguardFiles'
2021-06-06T09:17:45.371-0500 [DEBUG] [org.gradle.internal.operations.DefaultBuildOperationRunner] Build operation 'Register task :app:mergeDebugAndroidTestJavaResource' started
2021-06-06T09:17:45.371-0500 [DEBUG] [org.gradle.internal.operations.DefaultBuildOperationRunner] Completing Build operation 'Register task :app:mergeDebugAndroidTestJavaResource'
2021-06-06T09:17:45.372-0500 [DEBUG] [org.gradle.internal.operations.DefaultBuildOperationRunner] Build operation 'Register task :app:checkDebugAndroidTestDuplicateClasses' started
2021-06-06T09:17:45.372-0500 [DEBUG] [org.gradle.internal.operations.DefaultBuildOperationRunner] Completing Build operation 'Register task :app:checkDebugAndroidTestDuplicateClasses'
2021-06-06T09:17:45.373-0500 [DEBUG] [org.gradle.internal.operations.DefaultBuildOperationRunner] Build operation 'Register task :app:dexBuilderDebugAndroidTest' started
2021-06-06T09:17:45.373-0500 [DEBUG] [org.gradle.internal.operations.DefaultBuildOperationRunner] Completing Build operation 'Register task :app:dexBuilderDebugAndroidTest'
2021-06-06T09:17:45.373-0500 [DEBUG] [org.gradle.internal.operations.DefaultBuildOperationRunner] Build operation 'Register task :app:desugarDebugAndroidTestFileDependencies' started
2021-06-06T09:17:45.373-0500 [DEBUG] [org.gradle.internal.operations.DefaultBuildOperationRunner] Completing Build operation 'Register task :app:desugarDebugAndroidTestFileDependencies'
2021-06-06T09:17:45.374-0500 [DEBUG] [org.gradle.internal.operations.DefaultBuildOperationRunner] Build operation 'Register task :app:mergeExtDexDebugAndroidTest' started
2021-06-06T09:17:45.374-0500 [DEBUG] [org.gradle.internal.operations.DefaultBuildOperationRunner] Completing Build operation 'Register task :app:mergeExtDexDebugAndroidTest'
2021-06-06T09:17:45.374-0500 [DEBUG] [org.gradle.internal.operations.DefaultBuildOperationRunner] Build operation 'Register task :app:mergeProjectDexDebugAndroidTest' started
2021-06-06T09:17:45.374-0500 [DEBUG] [org.gradle.internal.operations.DefaultBuildOperationRunner] Completing Build operation 'Register task :app:mergeProjectDexDebugAndroidTest'
2021-06-06T09:17:45.374-0500 [DEBUG] [org.gradle.internal.operations.DefaultBuildOperationRunner] Build operation 'Register task :app:mergeLibDexDebugAndroidTest' started
2021-06-06T09:17:45.374-0500 [DEBUG] [org.gradle.internal.operations.DefaultBuildOperationRunner] Completing Build operation 'Register task :app:mergeLibDexDebugAndroidTest'
2021-06-06T09:17:45.375-0500 [DEBUG] [org.gradle.internal.operations.DefaultBuildOperationRunner] Build operation 'Register task :app:validateSigningDebugAndroidTest' started
2021-06-06T09:17:45.375-0500 [DEBUG] [org.gradle.internal.operations.DefaultBuildOperationRunner] Completing Build operation 'Register task :app:validateSigningDebugAndroidTest'
2021-06-06T09:17:45.375-0500 [DEBUG] [org.gradle.internal.operations.DefaultBuildOperationRunner] Build operation 'Register task :app:signingConfigWriterDebugAndroidTest' started
2021-06-06T09:17:45.375-0500 [DEBUG] [org.gradle.internal.operations.DefaultBuildOperationRunner] Completing Build operation 'Register task :app:signingConfigWriterDebugAndroidTest'
2021-06-06T09:17:45.375-0500 [DEBUG] [org.gradle.internal.operations.DefaultBuildOperationRunner] Build operation 'Register task :app:writeDebugAndroidTestSigningConfigVersions' started
2021-06-06T09:17:45.375-0500 [DEBUG] [org.gradle.internal.operations.DefaultBuildOperationRunner] Completing Build operation 'Register task :app:writeDebugAndroidTestSigningConfigVersions'
2021-06-06T09:17:45.376-0500 [DEBUG] [org.gradle.internal.operations.DefaultBuildOperationRunner] Build operation 'Register task :app:packageDebugAndroidTest' started
2021-06-06T09:17:45.376-0500 [DEBUG] [org.gradle.internal.operations.DefaultBuildOperationRunner] Completing Build operation 'Register task :app:packageDebugAndroidTest'
2021-06-06T09:17:45.376-0500 [DEBUG] [org.gradle.internal.operations.DefaultBuildOperationRunner] Build operation 'Register task :app:installDebugAndroidTest' started
2021-06-06T09:17:45.376-0500 [DEBUG] [org.gradle.internal.operations.DefaultBuildOperationRunner] Completing Build operation 'Register task :app:installDebugAndroidTest'
2021-06-06T09:17:45.376-0500 [DEBUG] [org.gradle.internal.operations.DefaultBuildOperationRunner] Build operation 'Register task :app:uninstallDebugAndroidTest' started
2021-06-06T09:17:45.376-0500 [DEBUG] [org.gradle.internal.operations.DefaultBuildOperationRunner] Completing Build operation 'Register task :app:uninstallDebugAndroidTest'
2021-06-06T09:17:45.385-0500 [DEBUG] [org.gradle.internal.operations.DefaultBuildOperationRunner] Build operation 'Register task :app:connectedDebugAndroidTest' started
2021-06-06T09:17:45.385-0500 [DEBUG] [org.gradle.internal.operations.DefaultBuildOperationRunner] Completing Build operation 'Register task :app:connectedDebugAndroidTest'
2021-06-06T09:17:45.388-0500 [DEBUG] [org.gradle.internal.operations.DefaultBuildOperationRunner] Build operation 'Register task :app:assembleDebugUnitTest' started
2021-06-06T09:17:45.388-0500 [DEBUG] [org.gradle.internal.operations.DefaultBuildOperationRunner] Completing Build operation 'Register task :app:assembleDebugUnitTest'
2021-06-06T09:17:45.388-0500 [DEBUG] [org.gradle.internal.operations.DefaultBuildOperationRunner] Build operation 'Register task :app:preDebugUnitTestBuild' started
2021-06-06T09:17:45.388-0500 [DEBUG] [org.gradle.internal.operations.DefaultBuildOperationRunner] Completing Build operation 'Register task :app:preDebugUnitTestBuild'
2021-06-06T09:17:45.388-0500 [DEBUG] [org.gradle.internal.operations.DefaultBuildOperationRunner] Build operation 'Register task :app:generateDebugUnitTestSources' started
2021-06-06T09:17:45.388-0500 [DEBUG] [org.gradle.internal.operations.DefaultBuildOperationRunner] Completing Build operation 'Register task :app:generateDebugUnitTestSources'
2021-06-06T09:17:45.389-0500 [DEBUG] [org.gradle.internal.operations.DefaultBuildOperationRunner] Build operation 'Register task :app:generateDebugUnitTestResources' started
2021-06-06T09:17:45.389-0500 [DEBUG] [org.gradle.internal.operations.DefaultBuildOperationRunner] Completing Build operation 'Register task :app:generateDebugUnitTestResources'
2021-06-06T09:17:45.389-0500 [DEBUG] [org.gradle.internal.operations.DefaultBuildOperationRunner] Build operation 'Register task :app:generateDebugUnitTestAssets' started
2021-06-06T09:17:45.389-0500 [DEBUG] [org.gradle.internal.operations.DefaultBuildOperationRunner] Completing Build operation 'Register task :app:generateDebugUnitTestAssets'
2021-06-06T09:17:45.389-0500 [DEBUG] [org.gradle.internal.operations.DefaultBuildOperationRunner] Build operation 'Register task :app:compileDebugUnitTestSources' started
2021-06-06T09:17:45.389-0500 [DEBUG] [org.gradle.internal.operations.DefaultBuildOperationRunner] Completing Build operation 'Register task :app:compileDebugUnitTestSources'
2021-06-06T09:17:45.389-0500 [DEBUG] [org.gradle.internal.operations.DefaultBuildOperationRunner] Build operation 'Register task :app:processDebugUnitTestJavaRes' started
2021-06-06T09:17:45.389-0500 [DEBUG] [org.gradle.internal.operations.DefaultBuildOperationRunner] Completing Build operation 'Register task :app:processDebugUnitTestJavaRes'
2021-06-06T09:17:45.390-0500 [DEBUG] [org.gradle.internal.operations.DefaultBuildOperationRunner] Build operation 'Register task :app:javaPreCompileDebugUnitTest' started
2021-06-06T09:17:45.390-0500 [DEBUG] [org.gradle.internal.operations.DefaultBuildOperationRunner] Completing Build operation 'Register task :app:javaPreCompileDebugUnitTest'
2021-06-06T09:17:45.390-0500 [DEBUG] [org.gradle.internal.operations.DefaultBuildOperationRunner] Build operation 'Register task :app:compileDebugUnitTestJavaWithJavac' started
2021-06-06T09:17:45.390-0500 [DEBUG] [org.gradle.internal.operations.DefaultBuildOperationRunner] Completing Build operation 'Register task :app:compileDebugUnitTestJavaWithJavac'
2021-06-06T09:17:45.390-0500 [DEBUG] [org.gradle.internal.operations.DefaultBuildOperationRunner] Build operation 'Register task :app:bundleDebugUnitTestClasses' started
2021-06-06T09:17:45.390-0500 [DEBUG] [org.gradle.internal.operations.DefaultBuildOperationRunner] Completing Build operation 'Register task :app:bundleDebugUnitTestClasses'
2021-06-06T09:17:45.398-0500 [DEBUG] [org.gradle.internal.operations.DefaultBuildOperationRunner] Build operation 'Register task :app:testDebugUnitTest' started
2021-06-06T09:17:45.398-0500 [DEBUG] [org.gradle.internal.operations.DefaultBuildOperationRunner] Completing Build operation 'Register task :app:testDebugUnitTest'
2021-06-06T09:17:45.399-0500 [DEBUG] [org.gradle.internal.operations.DefaultBuildOperationRunner] Build operation 'Register task :app:assembleReleaseUnitTest' started
2021-06-06T09:17:45.399-0500 [DEBUG] [org.gradle.internal.operations.DefaultBuildOperationRunner] Completing Build operation 'Register task :app:assembleReleaseUnitTest'
2021-06-06T09:17:45.399-0500 [DEBUG] [org.gradle.internal.operations.DefaultBuildOperationRunner] Build operation 'Register task :app:preReleaseUnitTestBuild' started
2021-06-06T09:17:45.399-0500 [DEBUG] [org.gradle.internal.operations.DefaultBuildOperationRunner] Completing Build operation 'Register task :app:preReleaseUnitTestBuild'
2021-06-06T09:17:45.399-0500 [DEBUG] [org.gradle.internal.operations.DefaultBuildOperationRunner] Build operation 'Register task :app:generateReleaseUnitTestSources' started
2021-06-06T09:17:45.399-0500 [DEBUG] [org.gradle.internal.operations.DefaultBuildOperationRunner] Completing Build operation 'Register task :app:generateReleaseUnitTestSources'
2021-06-06T09:17:45.399-0500 [DEBUG] [org.gradle.internal.operations.DefaultBuildOperationRunner] Build operation 'Register task :app:generateReleaseUnitTestResources' started
2021-06-06T09:17:45.399-0500 [DEBUG] [org.gradle.internal.operations.DefaultBuildOperationRunner] Completing Build operation 'Register task :app:generateReleaseUnitTestResources'
2021-06-06T09:17:45.399-0500 [DEBUG] [org.gradle.internal.operations.DefaultBuildOperationRunner] Build operation 'Register task :app:generateReleaseUnitTestAssets' started
2021-06-06T09:17:45.400-0500 [DEBUG] [org.gradle.internal.operations.DefaultBuildOperationRunner] Completing Build operation 'Register task :app:generateReleaseUnitTestAssets'
2021-06-06T09:17:45.400-0500 [DEBUG] [org.gradle.internal.operations.DefaultBuildOperationRunner] Build operation 'Register task :app:compileReleaseUnitTestSources' started
2021-06-06T09:17:45.400-0500 [DEBUG] [org.gradle.internal.operations.DefaultBuildOperationRunner] Completing Build operation 'Register task :app:compileReleaseUnitTestSources'
2021-06-06T09:17:45.400-0500 [DEBUG] [org.gradle.internal.operations.DefaultBuildOperationRunner] Build operation 'Register task :app:processReleaseUnitTestJavaRes' started
2021-06-06T09:17:45.400-0500 [DEBUG] [org.gradle.internal.operations.DefaultBuildOperationRunner] Completing Build operation 'Register task :app:processReleaseUnitTestJavaRes'
2021-06-06T09:17:45.400-0500 [DEBUG] [org.gradle.internal.operations.DefaultBuildOperationRunner] Build operation 'Register task :app:javaPreCompileReleaseUnitTest' started
2021-06-06T09:17:45.400-0500 [DEBUG] [org.gradle.internal.operations.DefaultBuildOperationRunner] Completing Build operation 'Register task :app:javaPreCompileReleaseUnitTest'
2021-06-06T09:17:45.401-0500 [DEBUG] [org.gradle.internal.operations.DefaultBuildOperationRunner] Build operation 'Register task :app:compileReleaseUnitTestJavaWithJavac' started
2021-06-06T09:17:45.401-0500 [DEBUG] [org.gradle.internal.operations.DefaultBuildOperationRunner] Completing Build operation 'Register task :app:compileReleaseUnitTestJavaWithJavac'
2021-06-06T09:17:45.401-0500 [DEBUG] [org.gradle.internal.operations.DefaultBuildOperationRunner] Build operation 'Register task :app:bundleReleaseUnitTestClasses' started
2021-06-06T09:17:45.401-0500 [DEBUG] [org.gradle.internal.operations.DefaultBuildOperationRunner] Completing Build operation 'Register task :app:bundleReleaseUnitTestClasses'
2021-06-06T09:17:45.401-0500 [DEBUG] [org.gradle.internal.operations.DefaultBuildOperationRunner] Build operation 'Register task :app:testReleaseUnitTest' started
2021-06-06T09:17:45.401-0500 [DEBUG] [org.gradle.internal.operations.DefaultBuildOperationRunner] Completing Build operation 'Register task :app:testReleaseUnitTest'
2021-06-06T09:17:45.403-0500 [DEBUG] [org.gradle.internal.operations.DefaultBuildOperationRunner] Build operation 'Register task :app:generateLintModuleInfo' started
2021-06-06T09:17:45.403-0500 [DEBUG] [org.gradle.internal.operations.DefaultBuildOperationRunner] Completing Build operation 'Register task :app:generateLintModuleInfo'
2021-06-06T09:17:45.404-0500 [DEBUG] [org.gradle.internal.operations.DefaultBuildOperationRunner] Build operation 'Register task :app:androidDependencies' started
2021-06-06T09:17:45.404-0500 [DEBUG] [org.gradle.internal.operations.DefaultBuildOperationRunner] Completing Build operation 'Register task :app:androidDependencies'
2021-06-06T09:17:45.405-0500 [DEBUG] [org.gradle.internal.operations.DefaultBuildOperationRunner] Build operation 'Register task :app:signingReport' started
2021-06-06T09:17:45.406-0500 [DEBUG] [org.gradle.internal.operations.DefaultBuildOperationRunner] Completing Build operation 'Register task :app:signingReport'
2021-06-06T09:17:45.407-0500 [DEBUG] [org.gradle.internal.operations.DefaultBuildOperationRunner] Build operation 'Register task :app:analyzeDebugDependencies' started
2021-06-06T09:17:45.407-0500 [DEBUG] [org.gradle.internal.operations.DefaultBuildOperationRunner] Completing Build operation 'Register task :app:analyzeDebugDependencies'
2021-06-06T09:17:45.408-0500 [DEBUG] [org.gradle.internal.operations.DefaultBuildOperationRunner] Build operation 'Register task :app:analyzeReleaseDependencies' started
2021-06-06T09:17:45.408-0500 [DEBUG] [org.gradle.internal.operations.DefaultBuildOperationRunner] Completing Build operation 'Register task :app:analyzeReleaseDependencies'
2021-06-06T09:17:45.408-0500 [DEBUG] [org.gradle.internal.operations.DefaultBuildOperationRunner] Build operation 'Register task :app:analyzeDebugAndroidTestDependencies' started
2021-06-06T09:17:45.408-0500 [DEBUG] [org.gradle.internal.operations.DefaultBuildOperationRunner] Completing Build operation 'Register task :app:analyzeDebugAndroidTestDependencies'
2021-06-06T09:17:45.408-0500 [DEBUG] [org.gradle.internal.operations.DefaultBuildOperationRunner] Build operation 'Register task :app:analyzeDebugUnitTestDependencies' started
2021-06-06T09:17:45.409-0500 [DEBUG] [org.gradle.internal.operations.DefaultBuildOperationRunner] Completing Build operation 'Register task :app:analyzeDebugUnitTestDependencies'
2021-06-06T09:17:45.409-0500 [DEBUG] [org.gradle.internal.operations.DefaultBuildOperationRunner] Build operation 'Register task :app:analyzeReleaseUnitTestDependencies' started
2021-06-06T09:17:45.409-0500 [DEBUG] [org.gradle.internal.operations.DefaultBuildOperationRunner] Completing Build operation 'Register task :app:analyzeReleaseUnitTestDependencies'
2021-06-06T09:17:45.413-0500 [DEBUG] [org.gradle.internal.operations.DefaultBuildOperationRunner] Build operation 'Execute container callback action' started
2021-06-06T09:17:45.413-0500 [DEBUG] [org.gradle.internal.operations.DefaultBuildOperationRunner] Completing Build operation 'Execute container callback action'
2021-06-06T09:17:45.413-0500 [DEBUG] [org.gradle.internal.operations.DefaultBuildOperationRunner] Build operation 'Execute container callback action' started
2021-06-06T09:17:45.414-0500 [DEBUG] [org.gradle.internal.operations.DefaultBuildOperationRunner] Completing Build operation 'Execute container callback action'
2021-06-06T09:17:45.414-0500 [DEBUG] [org.gradle.internal.operations.DefaultBuildOperationRunner] Build operation 'Execute container callback action' started
2021-06-06T09:17:45.414-0500 [DEBUG] [org.gradle.internal.operations.DefaultBuildOperationRunner] Completing Build operation 'Execute container callback action'
2021-06-06T09:17:45.414-0500 [DEBUG] [org.gradle.internal.operations.DefaultBuildOperationRunner] Build operation 'Execute container callback action' started
2021-06-06T09:17:45.414-0500 [DEBUG] [org.gradle.internal.operations.DefaultBuildOperationRunner] Completing Build operation 'Execute container callback action'
2021-06-06T09:17:45.414-0500 [DEBUG] [org.gradle.internal.operations.DefaultBuildOperationRunner] Build operation 'Execute container callback action' started
2021-06-06T09:17:45.414-0500 [DEBUG] [org.gradle.internal.operations.DefaultBuildOperationRunner] Completing Build operation 'Execute container callback action'
2021-06-06T09:17:45.414-0500 [DEBUG] [org.gradle.internal.operations.DefaultBuildOperationRunner] Build operation 'Execute container callback action' started
2021-06-06T09:17:45.414-0500 [DEBUG] [org.gradle.internal.operations.DefaultBuildOperationRunner] Completing Build operation 'Execute container callback action'
2021-06-06T09:17:45.415-0500 [DEBUG] [org.gradle.internal.operations.DefaultBuildOperationRunner] Build operation 'Execute container callback action' started
2021-06-06T09:17:45.415-0500 [DEBUG] [org.gradle.internal.operations.DefaultBuildOperationRunner] Completing Build operation 'Execute container callback action'
2021-06-06T09:17:45.415-0500 [DEBUG] [org.gradle.internal.operations.DefaultBuildOperationRunner] Build operation 'Execute container callback action' started
2021-06-06T09:17:45.415-0500 [DEBUG] [org.gradle.internal.operations.DefaultBuildOperationRunner] Completing Build operation 'Execute container callback action'
2021-06-06T09:17:45.415-0500 [DEBUG] [org.gradle.internal.operations.DefaultBuildOperationRunner] Build operation 'Execute container callback action' started
2021-06-06T09:17:45.415-0500 [DEBUG] [org.gradle.internal.operations.DefaultBuildOperationRunner] Completing Build operation 'Execute container callback action'
2021-06-06T09:17:45.415-0500 [DEBUG] [org.gradle.internal.operations.DefaultBuildOperationRunner] Build operation 'Execute container callback action' started
2021-06-06T09:17:45.415-0500 [DEBUG] [org.gradle.internal.operations.DefaultBuildOperationRunner] Completing Build operation 'Execute container callback action'
2021-06-06T09:17:45.415-0500 [DEBUG] [org.gradle.internal.operations.DefaultBuildOperationRunner] Build operation 'Execute container callback action' started
2021-06-06T09:17:45.415-0500 [DEBUG] [org.gradle.internal.operations.DefaultBuildOperationRunner] Completing Build operation 'Execute container callback action'
2021-06-06T09:17:45.415-0500 [DEBUG] [org.gradle.internal.operations.DefaultBuildOperationRunner] Build operation 'Execute container callback action' started
2021-06-06T09:17:45.415-0500 [DEBUG] [org.gradle.internal.operations.DefaultBuildOperationRunner] Completing Build operation 'Execute container callback action'
2021-06-06T09:17:45.415-0500 [DEBUG] [org.gradle.internal.operations.DefaultBuildOperationRunner] Build operation 'Execute container callback action' started
2021-06-06T09:17:45.415-0500 [DEBUG] [org.gradle.internal.operations.DefaultBuildOperationRunner] Completing Build operation 'Execute container callback action'
2021-06-06T09:17:45.416-0500 [DEBUG] [org.gradle.internal.operations.DefaultBuildOperationRunner] Build operation 'Execute container callback action' started
2021-06-06T09:17:45.416-0500 [DEBUG] [org.gradle.internal.operations.DefaultBuildOperationRunner] Completing Build operation 'Execute container callback action'
2021-06-06T09:17:45.416-0500 [DEBUG] [org.gradle.internal.operations.DefaultBuildOperationRunner] Build operation 'Execute container callback action' started
2021-06-06T09:17:45.416-0500 [DEBUG] [org.gradle.internal.operations.DefaultBuildOperationRunner] Completing Build operation 'Execute container callback action'
2021-06-06T09:17:45.416-0500 [DEBUG] [org.gradle.internal.operations.DefaultBuildOperationRunner] Build operation 'Execute container callback action' started
2021-06-06T09:17:45.416-0500 [DEBUG] [org.gradle.internal.operations.DefaultBuildOperationRunner] Completing Build operation 'Execute container callback action'
2021-06-06T09:17:45.416-0500 [DEBUG] [org.gradle.internal.operations.DefaultBuildOperationRunner] Build operation 'Execute container callback action' started
2021-06-06T09:17:45.416-0500 [DEBUG] [org.gradle.internal.operations.DefaultBuildOperationRunner] Completing Build operation 'Execute container callback action'
2021-06-06T09:17:45.416-0500 [DEBUG] [org.gradle.internal.operations.DefaultBuildOperationRunner] Build operation 'Execute container callback action' started
2021-06-06T09:17:45.416-0500 [DEBUG] [org.gradle.internal.operations.DefaultBuildOperationRunner] Completing Build operation 'Execute container callback action'
2021-06-06T09:17:45.416-0500 [DEBUG] [org.gradle.internal.operations.DefaultBuildOperationRunner] Build operation 'Execute container callback action' started
2021-06-06T09:17:45.416-0500 [DEBUG] [org.gradle.internal.operations.DefaultBuildOperationRunner] Completing Build operation 'Execute container callback action'
2021-06-06T09:17:45.416-0500 [DEBUG] [org.gradle.internal.operations.DefaultBuildOperationRunner] Build operation 'Execute container callback action' started
2021-06-06T09:17:45.416-0500 [DEBUG] [org.gradle.internal.operations.DefaultBuildOperationRunner] Completing Build operation 'Execute container callback action'
2021-06-06T09:17:45.416-0500 [DEBUG] [org.gradle.internal.operations.DefaultBuildOperationRunner] Build operation 'Execute container callback action' started
2021-06-06T09:17:45.417-0500 [DEBUG] [org.gradle.internal.operations.DefaultBuildOperationRunner] Completing Build operation 'Execute container callback action'
2021-06-06T09:17:45.417-0500 [DEBUG] [org.gradle.internal.operations.DefaultBuildOperationRunner] Build operation 'Execute container callback action' started
2021-06-06T09:17:45.417-0500 [DEBUG] [org.gradle.internal.operations.DefaultBuildOperationRunner] Completing Build operation 'Execute container callback action'
2021-06-06T09:17:45.417-0500 [DEBUG] [org.gradle.internal.operations.DefaultBuildOperationRunner] Build operation 'Execute container callback action' started
2021-06-06T09:17:45.417-0500 [DEBUG] [org.gradle.internal.operations.DefaultBuildOperationRunner] Completing Build operation 'Execute container callback action'
2021-06-06T09:17:45.417-0500 [DEBUG] [org.gradle.internal.operations.DefaultBuildOperationRunner] Build operation 'Execute container callback action' started
2021-06-06T09:17:45.417-0500 [DEBUG] [org.gradle.internal.operations.DefaultBuildOperationRunner] Completing Build operation 'Execute container callback action'
2021-06-06T09:17:45.417-0500 [DEBUG] [org.gradle.internal.operations.DefaultBuildOperationRunner] Build operation 'Execute container callback action' started
2021-06-06T09:17:45.417-0500 [DEBUG] [org.gradle.internal.operations.DefaultBuildOperationRunner] Completing Build operation 'Execute container callback action'
2021-06-06T09:17:45.417-0500 [DEBUG] [org.gradle.internal.operations.DefaultBuildOperationRunner] Build operation 'Execute container callback action' started
2021-06-06T09:17:45.417-0500 [DEBUG] [org.gradle.internal.operations.DefaultBuildOperationRunner] Completing Build operation 'Execute container callback action'
2021-06-06T09:17:45.417-0500 [DEBUG] [org.gradle.internal.operations.DefaultBuildOperationRunner] Build operation 'Execute container callback action' started
2021-06-06T09:17:45.417-0500 [DEBUG] [org.gradle.internal.operations.DefaultBuildOperationRunner] Completing Build operation 'Execute container callback action'
2021-06-06T09:17:45.417-0500 [DEBUG] [org.gradle.internal.operations.DefaultBuildOperationRunner] Build operation 'Execute container callback action' started
2021-06-06T09:17:45.417-0500 [DEBUG] [org.gradle.internal.operations.DefaultBuildOperationRunner] Completing Build operation 'Execute container callback action'
2021-06-06T09:17:45.418-0500 [DEBUG] [org.gradle.internal.operations.DefaultBuildOperationRunner] Build operation 'Execute container callback action' started
2021-06-06T09:17:45.418-0500 [DEBUG] [org.gradle.internal.operations.DefaultBuildOperationRunner] Completing Build operation 'Execute container callback action'
2021-06-06T09:17:45.418-0500 [DEBUG] [org.gradle.internal.operations.DefaultBuildOperationRunner] Build operation 'Execute container callback action' started
2021-06-06T09:17:45.418-0500 [DEBUG] [org.gradle.internal.operations.DefaultBuildOperationRunner] Completing Build operation 'Execute container callback action'
2021-06-06T09:17:45.418-0500 [DEBUG] [org.gradle.internal.operations.DefaultBuildOperationRunner] Build operation 'Execute container callback action' started
2021-06-06T09:17:45.418-0500 [DEBUG] [org.gradle.internal.operations.DefaultBuildOperationRunner] Completing Build operation 'Execute container callback action'
2021-06-06T09:17:45.418-0500 [DEBUG] [org.gradle.internal.operations.DefaultBuildOperationRunner] Build operation 'Execute container callback action' started
2021-06-06T09:17:45.418-0500 [DEBUG] [org.gradle.internal.operations.DefaultBuildOperationRunner] Completing Build operation 'Execute container callback action'
2021-06-06T09:17:45.418-0500 [DEBUG] [org.gradle.internal.operations.DefaultBuildOperationRunner] Build operation 'Execute container callback action' started
2021-06-06T09:17:45.418-0500 [DEBUG] [org.gradle.internal.operations.DefaultBuildOperationRunner] Completing Build operation 'Execute container callback action'
2021-06-06T09:17:45.418-0500 [DEBUG] [org.gradle.internal.operations.DefaultBuildOperationRunner] Build operation 'Execute container callback action' started
2021-06-06T09:17:45.418-0500 [DEBUG] [org.gradle.internal.operations.DefaultBuildOperationRunner] Completing Build operation 'Execute container callback action'
2021-06-06T09:17:45.418-0500 [DEBUG] [org.gradle.internal.operations.DefaultBuildOperationRunner] Build operation 'Execute container callback action' started
2021-06-06T09:17:45.418-0500 [DEBUG] [org.gradle.internal.operations.DefaultBuildOperationRunner] Completing Build operation 'Execute container callback action'
2021-06-06T09:17:45.418-0500 [DEBUG] [org.gradle.internal.operations.DefaultBuildOperationRunner] Build operation 'Execute container callback action' started
2021-06-06T09:17:45.419-0500 [DEBUG] [org.gradle.internal.operations.DefaultBuildOperationRunner] Completing Build operation 'Execute container callback action'
2021-06-06T09:17:45.419-0500 [DEBUG] [org.gradle.internal.operations.DefaultBuildOperationRunner] Build operation 'Execute container callback action' started
2021-06-06T09:17:45.419-0500 [DEBUG] [org.gradle.internal.operations.DefaultBuildOperationRunner] Completing Build operation 'Execute container callback action'
2021-06-06T09:17:45.419-0500 [DEBUG] [org.gradle.internal.operations.DefaultBuildOperationRunner] Build operation 'Execute container callback action' started
2021-06-06T09:17:45.419-0500 [DEBUG] [org.gradle.internal.operations.DefaultBuildOperationRunner] Completing Build operation 'Execute container callback action'
2021-06-06T09:17:45.419-0500 [DEBUG] [org.gradle.internal.operations.DefaultBuildOperationRunner] Build operation 'Execute container callback action' started
2021-06-06T09:17:45.419-0500 [DEBUG] [org.gradle.internal.operations.DefaultBuildOperationRunner] Completing Build operation 'Execute container callback action'
2021-06-06T09:17:45.419-0500 [DEBUG] [org.gradle.internal.operations.DefaultBuildOperationRunner] Build operation 'Execute container callback action' started
2021-06-06T09:17:45.419-0500 [DEBUG] [org.gradle.internal.operations.DefaultBuildOperationRunner] Completing Build operation 'Execute container callback action'
2021-06-06T09:17:45.419-0500 [DEBUG] [org.gradle.internal.operations.DefaultBuildOperationRunner] Build operation 'Execute container callback action' started
2021-06-06T09:17:45.419-0500 [DEBUG] [org.gradle.internal.operations.DefaultBuildOperationRunner] Completing Build operation 'Execute container callback action'
2021-06-06T09:17:45.419-0500 [DEBUG] [org.gradle.internal.operations.DefaultBuildOperationRunner] Build operation 'Execute container callback action' started
2021-06-06T09:17:45.419-0500 [DEBUG] [org.gradle.internal.operations.DefaultBuildOperationRunner] Completing Build operation 'Execute container callback action'
2021-06-06T09:17:45.419-0500 [DEBUG] [org.gradle.internal.operations.DefaultBuildOperationRunner] Build operation 'Execute container callback action' started
2021-06-06T09:17:45.419-0500 [DEBUG] [org.gradle.internal.operations.DefaultBuildOperationRunner] Completing Build operation 'Execute container callback action'
2021-06-06T09:17:45.420-0500 [DEBUG] [org.gradle.internal.operations.DefaultBuildOperationRunner] Build operation 'Execute container callback action' started
2021-06-06T09:17:45.420-0500 [DEBUG] [org.gradle.internal.operations.DefaultBuildOperationRunner] Completing Build operation 'Execute container callback action'
2021-06-06T09:17:45.420-0500 [DEBUG] [org.gradle.internal.operations.DefaultBuildOperationRunner] Build operation 'Execute container callback action' started
2021-06-06T09:17:45.420-0500 [DEBUG] [org.gradle.internal.operations.DefaultBuildOperationRunner] Completing Build operation 'Execute container callback action'
2021-06-06T09:17:45.420-0500 [DEBUG] [org.gradle.internal.operations.DefaultBuildOperationRunner] Build operation 'Execute container callback action' started
2021-06-06T09:17:45.420-0500 [DEBUG] [org.gradle.internal.operations.DefaultBuildOperationRunner] Completing Build operation 'Execute container callback action'
2021-06-06T09:17:45.420-0500 [DEBUG] [org.gradle.internal.operations.DefaultBuildOperationRunner] Build operation 'Execute container callback action' started
2021-06-06T09:17:45.420-0500 [DEBUG] [org.gradle.internal.operations.DefaultBuildOperationRunner] Completing Build operation 'Execute container callback action'
2021-06-06T09:17:45.420-0500 [DEBUG] [org.gradle.internal.operations.DefaultBuildOperationRunner] Build operation 'Execute container callback action' started
2021-06-06T09:17:45.420-0500 [DEBUG] [org.gradle.internal.operations.DefaultBuildOperationRunner] Completing Build operation 'Execute container callback action'
2021-06-06T09:17:45.420-0500 [DEBUG] [org.gradle.internal.operations.DefaultBuildOperationRunner] Build operation 'Execute container callback action' started
2021-06-06T09:17:45.420-0500 [DEBUG] [org.gradle.internal.operations.DefaultBuildOperationRunner] Completing Build operation 'Execute container callback action'
2021-06-06T09:17:45.420-0500 [DEBUG] [org.gradle.internal.operations.DefaultBuildOperationRunner] Build operation 'Execute container callback action' started
2021-06-06T09:17:45.420-0500 [DEBUG] [org.gradle.internal.operations.DefaultBuildOperationRunner] Completing Build operation 'Execute container callback action'
2021-06-06T09:17:45.420-0500 [DEBUG] [org.gradle.internal.operations.DefaultBuildOperationRunner] Build operation 'Execute container callback action' started
2021-06-06T09:17:45.421-0500 [DEBUG] [org.gradle.internal.operations.DefaultBuildOperationRunner] Completing Build operation 'Execute container callback action'
2021-06-06T09:17:45.421-0500 [DEBUG] [org.gradle.internal.operations.DefaultBuildOperationRunner] Build operation 'Execute container callback action' started
2021-06-06T09:17:45.421-0500 [DEBUG] [org.gradle.internal.operations.DefaultBuildOperationRunner] Completing Build operation 'Execute container callback action'
2021-06-06T09:17:45.421-0500 [DEBUG] [org.gradle.internal.operations.DefaultBuildOperationRunner] Build operation 'Execute container callback action' started
2021-06-06T09:17:45.421-0500 [DEBUG] [org.gradle.internal.operations.DefaultBuildOperationRunner] Completing Build operation 'Execute container callback action'
2021-06-06T09:17:45.421-0500 [DEBUG] [org.gradle.internal.operations.DefaultBuildOperationRunner] Build operation 'Execute container callback action' started
2021-06-06T09:17:45.421-0500 [DEBUG] [org.gradle.internal.operations.DefaultBuildOperationRunner] Completing Build operation 'Execute container callback action'
2021-06-06T09:17:45.421-0500 [DEBUG] [org.gradle.internal.operations.DefaultBuildOperationRunner] Build operation 'Execute container callback action' started
2021-06-06T09:17:45.421-0500 [DEBUG] [org.gradle.internal.operations.DefaultBuildOperationRunner] Completing Build operation 'Execute container callback action'
2021-06-06T09:17:45.421-0500 [DEBUG] [org.gradle.internal.operations.DefaultBuildOperationRunner] Build operation 'Execute container callback action' started
2021-06-06T09:17:45.421-0500 [DEBUG] [org.gradle.internal.operations.DefaultBuildOperationRunner] Completing Build operation 'Execute container callback action'
2021-06-06T09:17:45.421-0500 [DEBUG] [org.gradle.internal.operations.DefaultBuildOperationRunner] Build operation 'Execute container callback action' started
2021-06-06T09:17:45.421-0500 [DEBUG] [org.gradle.internal.operations.DefaultBuildOperationRunner] Completing Build operation 'Execute container callback action'
2021-06-06T09:17:45.421-0500 [DEBUG] [org.gradle.internal.operations.DefaultBuildOperationRunner] Build operation 'Execute container callback action' started
2021-06-06T09:17:45.421-0500 [DEBUG] [org.gradle.internal.operations.DefaultBuildOperationRunner] Completing Build operation 'Execute container callback action'
2021-06-06T09:17:45.422-0500 [DEBUG] [org.gradle.internal.operations.DefaultBuildOperationRunner] Build operation 'Execute container callback action' started
2021-06-06T09:17:45.422-0500 [DEBUG] [org.gradle.internal.operations.DefaultBuildOperationRunner] Completing Build operation 'Execute container callback action'
2021-06-06T09:17:45.422-0500 [DEBUG] [org.gradle.internal.operations.DefaultBuildOperationRunner] Build operation 'Execute container callback action' started
2021-06-06T09:17:45.422-0500 [DEBUG] [org.gradle.internal.operations.DefaultBuildOperationRunner] Completing Build operation 'Execute container callback action'
2021-06-06T09:17:45.422-0500 [DEBUG] [org.gradle.internal.operations.DefaultBuildOperationRunner] Build operation 'Execute container callback action' started
2021-06-06T09:17:45.422-0500 [DEBUG] [org.gradle.internal.operations.DefaultBuildOperationRunner] Completing Build operation 'Execute container callback action'
2021-06-06T09:17:45.422-0500 [DEBUG] [org.gradle.internal.operations.DefaultBuildOperationRunner] Build operation 'Execute container callback action' started
2021-06-06T09:17:45.422-0500 [DEBUG] [org.gradle.internal.operations.DefaultBuildOperationRunner] Completing Build operation 'Execute container callback action'
2021-06-06T09:17:45.422-0500 [DEBUG] [org.gradle.internal.operations.DefaultBuildOperationRunner] Build operation 'Execute container callback action' started
2021-06-06T09:17:45.422-0500 [DEBUG] [org.gradle.internal.operations.DefaultBuildOperationRunner] Completing Build operation 'Execute container callback action'
2021-06-06T09:17:45.422-0500 [DEBUG] [org.gradle.internal.operations.DefaultBuildOperationRunner] Build operation 'Execute container callback action' started
2021-06-06T09:17:45.422-0500 [DEBUG] [org.gradle.internal.operations.DefaultBuildOperationRunner] Completing Build operation 'Execute container callback action'
2021-06-06T09:17:45.422-0500 [DEBUG] [org.gradle.internal.operations.DefaultBuildOperationRunner] Build operation 'Execute container callback action' started
2021-06-06T09:17:45.422-0500 [DEBUG] [org.gradle.internal.operations.DefaultBuildOperationRunner] Completing Build operation 'Execute container callback action'
2021-06-06T09:17:45.423-0500 [DEBUG] [org.gradle.internal.operations.DefaultBuildOperationRunner] Build operation 'Execute container callback action' started
2021-06-06T09:17:45.423-0500 [DEBUG] [org.gradle.internal.operations.DefaultBuildOperationRunner] Completing Build operation 'Execute container callback action'
2021-06-06T09:17:45.423-0500 [DEBUG] [org.gradle.internal.operations.DefaultBuildOperationRunner] Build operation 'Execute container callback action' started
2021-06-06T09:17:45.423-0500 [DEBUG] [org.gradle.internal.operations.DefaultBuildOperationRunner] Completing Build operation 'Execute container callback action'
2021-06-06T09:17:45.423-0500 [DEBUG] [org.gradle.internal.operations.DefaultBuildOperationRunner] Build operation 'Execute container callback action' started
2021-06-06T09:17:45.423-0500 [DEBUG] [org.gradle.internal.operations.DefaultBuildOperationRunner] Completing Build operation 'Execute container callback action'
2021-06-06T09:17:45.423-0500 [DEBUG] [org.gradle.internal.operations.DefaultBuildOperationRunner] Build operation 'Execute container callback action' started
2021-06-06T09:17:45.423-0500 [DEBUG] [org.gradle.internal.operations.DefaultBuildOperationRunner] Completing Build operation 'Execute container callback action'
2021-06-06T09:17:45.423-0500 [DEBUG] [org.gradle.internal.operations.DefaultBuildOperationRunner] Build operation 'Execute container callback action' started
2021-06-06T09:17:45.423-0500 [DEBUG] [org.gradle.internal.operations.DefaultBuildOperationRunner] Completing Build operation 'Execute container callback action'
2021-06-06T09:17:45.423-0500 [DEBUG] [org.gradle.internal.operations.DefaultBuildOperationRunner] Build operation 'Execute container callback action' started
2021-06-06T09:17:45.423-0500 [DEBUG] [org.gradle.internal.operations.DefaultBuildOperationRunner] Completing Build operation 'Execute container callback action'
2021-06-06T09:17:45.423-0500 [DEBUG] [org.gradle.internal.operations.DefaultBuildOperationRunner] Build operation 'Execute container callback action' started
2021-06-06T09:17:45.424-0500 [DEBUG] [org.gradle.internal.operations.DefaultBuildOperationRunner] Completing Build operation 'Execute container callback action'
2021-06-06T09:17:45.424-0500 [DEBUG] [org.gradle.internal.operations.DefaultBuildOperationRunner] Build operation 'Execute container callback action' started
2021-06-06T09:17:45.424-0500 [DEBUG] [org.gradle.internal.operations.DefaultBuildOperationRunner] Completing Build operation 'Execute container callback action'
2021-06-06T09:17:45.424-0500 [DEBUG] [org.gradle.internal.operations.DefaultBuildOperationRunner] Build operation 'Execute container callback action' started
2021-06-06T09:17:45.424-0500 [DEBUG] [org.gradle.internal.operations.DefaultBuildOperationRunner] Completing Build operation 'Execute container callback action'
2021-06-06T09:17:45.424-0500 [DEBUG] [org.gradle.internal.operations.DefaultBuildOperationRunner] Build operation 'Execute container callback action' started
2021-06-06T09:17:45.424-0500 [DEBUG] [org.gradle.internal.operations.DefaultBuildOperationRunner] Completing Build operation 'Execute container callback action'
2021-06-06T09:17:45.424-0500 [DEBUG] [org.gradle.internal.operations.DefaultBuildOperationRunner] Build operation 'Execute container callback action' started
2021-06-06T09:17:45.425-0500 [DEBUG] [org.gradle.internal.operations.DefaultBuildOperationRunner] Completing Build operation 'Execute container callback action'
2021-06-06T09:17:45.425-0500 [DEBUG] [org.gradle.internal.operations.DefaultBuildOperationRunner] Build operation 'Execute container callback action' started
2021-06-06T09:17:45.425-0500 [DEBUG] [org.gradle.internal.operations.DefaultBuildOperationRunner] Completing Build operation 'Execute container callback action'
2021-06-06T09:17:45.425-0500 [DEBUG] [org.gradle.internal.operations.DefaultBuildOperationRunner] Build operation 'Execute container callback action' started
2021-06-06T09:17:45.425-0500 [DEBUG] [org.gradle.internal.operations.DefaultBuildOperationRunner] Completing Build operation 'Execute container callback action'
2021-06-06T09:17:45.425-0500 [DEBUG] [org.gradle.internal.operations.DefaultBuildOperationRunner] Build operation 'Execute container callback action' started
2021-06-06T09:17:45.425-0500 [DEBUG] [org.gradle.internal.operations.DefaultBuildOperationRunner] Completing Build operation 'Execute container callback action'
2021-06-06T09:17:45.425-0500 [DEBUG] [org.gradle.internal.operations.DefaultBuildOperationRunner] Build operation 'Execute container callback action' started
2021-06-06T09:17:45.426-0500 [DEBUG] [org.gradle.internal.operations.DefaultBuildOperationRunner] Completing Build operation 'Execute container callback action'
2021-06-06T09:17:45.426-0500 [DEBUG] [org.gradle.internal.operations.DefaultBuildOperationRunner] Build operation 'Execute container callback action' started
2021-06-06T09:17:45.426-0500 [DEBUG] [org.gradle.internal.operations.DefaultBuildOperationRunner] Completing Build operation 'Execute container callback action'
2021-06-06T09:17:45.426-0500 [DEBUG] [org.gradle.internal.operations.DefaultBuildOperationRunner] Build operation 'Execute container callback action' started
2021-06-06T09:17:45.426-0500 [DEBUG] [org.gradle.internal.operations.DefaultBuildOperationRunner] Completing Build operation 'Execute container callback action'
2021-06-06T09:17:45.426-0500 [DEBUG] [org.gradle.internal.operations.DefaultBuildOperationRunner] Build operation 'Execute container callback action' started
2021-06-06T09:17:45.426-0500 [DEBUG] [org.gradle.internal.operations.DefaultBuildOperationRunner] Completing Build operation 'Execute container callback action'
2021-06-06T09:17:45.426-0500 [DEBUG] [org.gradle.internal.operations.DefaultBuildOperationRunner] Build operation 'Execute container callback action' started
2021-06-06T09:17:45.427-0500 [DEBUG] [org.gradle.internal.operations.DefaultBuildOperationRunner] Completing Build operation 'Execute container callback action'
2021-06-06T09:17:45.427-0500 [DEBUG] [org.gradle.internal.operations.DefaultBuildOperationRunner] Build operation 'Execute container callback action' started
2021-06-06T09:17:45.427-0500 [DEBUG] [org.gradle.internal.operations.DefaultBuildOperationRunner] Completing Build operation 'Execute container callback action'
2021-06-06T09:17:45.427-0500 [DEBUG] [org.gradle.internal.operations.DefaultBuildOperationRunner] Build operation 'Execute container callback action' started
2021-06-06T09:17:45.427-0500 [DEBUG] [org.gradle.internal.operations.DefaultBuildOperationRunner] Completing Build operation 'Execute container callback action'
2021-06-06T09:17:45.427-0500 [DEBUG] [org.gradle.internal.operations.DefaultBuildOperationRunner] Build operation 'Execute container callback action' started
2021-06-06T09:17:45.427-0500 [DEBUG] [org.gradle.internal.operations.DefaultBuildOperationRunner] Completing Build operation 'Execute container callback action'
2021-06-06T09:17:45.427-0500 [DEBUG] [org.gradle.internal.operations.DefaultBuildOperationRunner] Build operation 'Execute container callback action' started
2021-06-06T09:17:45.428-0500 [DEBUG] [org.gradle.internal.operations.DefaultBuildOperationRunner] Completing Build operation 'Execute container callback action'
2021-06-06T09:17:45.428-0500 [DEBUG] [org.gradle.internal.operations.DefaultBuildOperationRunner] Build operation 'Execute container callback action' started
2021-06-06T09:17:45.428-0500 [DEBUG] [org.gradle.internal.operations.DefaultBuildOperationRunner] Completing Build operation 'Execute container callback action'
2021-06-06T09:17:45.428-0500 [DEBUG] [org.gradle.internal.operations.DefaultBuildOperationRunner] Build operation 'Execute container callback action' started
2021-06-06T09:17:45.428-0500 [DEBUG] [org.gradle.internal.operations.DefaultBuildOperationRunner] Completing Build operation 'Execute container callback action'
2021-06-06T09:17:45.428-0500 [DEBUG] [org.gradle.internal.operations.DefaultBuildOperationRunner] Build operation 'Execute container callback action' started
2021-06-06T09:17:45.428-0500 [DEBUG] [org.gradle.internal.operations.DefaultBuildOperationRunner] Completing Build operation 'Execute container callback action'
2021-06-06T09:17:45.428-0500 [DEBUG] [org.gradle.internal.operations.DefaultBuildOperationRunner] Build operation 'Execute container callback action' started
2021-06-06T09:17:45.429-0500 [DEBUG] [org.gradle.internal.operations.DefaultBuildOperationRunner] Completing Build operation 'Execute container callback action'
2021-06-06T09:17:45.429-0500 [DEBUG] [org.gradle.internal.operations.DefaultBuildOperationRunner] Build operation 'Execute container callback action' started
2021-06-06T09:17:45.429-0500 [DEBUG] [org.gradle.internal.operations.DefaultBuildOperationRunner] Completing Build operation 'Execute container callback action'
2021-06-06T09:17:45.429-0500 [DEBUG] [org.gradle.internal.operations.DefaultBuildOperationRunner] Build operation 'Execute container callback action' started
2021-06-06T09:17:45.429-0500 [DEBUG] [org.gradle.internal.operations.DefaultBuildOperationRunner] Completing Build operation 'Execute container callback action'
2021-06-06T09:17:45.429-0500 [DEBUG] [org.gradle.internal.operations.DefaultBuildOperationRunner] Build operation 'Execute container callback action' started
2021-06-06T09:17:45.429-0500 [DEBUG] [org.gradle.internal.operations.DefaultBuildOperationRunner] Completing Build operation 'Execute container callback action'
2021-06-06T09:17:45.429-0500 [DEBUG] [org.gradle.internal.operations.DefaultBuildOperationRunner] Build operation 'Execute container callback action' started
2021-06-06T09:17:45.430-0500 [DEBUG] [org.gradle.internal.operations.DefaultBuildOperationRunner] Completing Build operation 'Execute container callback action'
2021-06-06T09:17:45.430-0500 [DEBUG] [org.gradle.internal.operations.DefaultBuildOperationRunner] Build operation 'Execute container callback action' started
2021-06-06T09:17:45.430-0500 [DEBUG] [org.gradle.internal.operations.DefaultBuildOperationRunner] Completing Build operation 'Execute container callback action'
2021-06-06T09:17:45.430-0500 [DEBUG] [org.gradle.internal.operations.DefaultBuildOperationRunner] Build operation 'Execute container callback action' started
2021-06-06T09:17:45.430-0500 [DEBUG] [org.gradle.internal.operations.DefaultBuildOperationRunner] Completing Build operation 'Execute container callback action'
2021-06-06T09:17:45.430-0500 [DEBUG] [org.gradle.internal.operations.DefaultBuildOperationRunner] Build operation 'Execute container callback action' started
2021-06-06T09:17:45.430-0500 [DEBUG] [org.gradle.internal.operations.DefaultBuildOperationRunner] Completing Build operation 'Execute container callback action'
2021-06-06T09:17:45.430-0500 [DEBUG] [org.gradle.internal.operations.DefaultBuildOperationRunner] Build operation 'Execute container callback action' started
2021-06-06T09:17:45.430-0500 [DEBUG] [org.gradle.internal.operations.DefaultBuildOperationRunner] Completing Build operation 'Execute container callback action'
2021-06-06T09:17:45.430-0500 [DEBUG] [org.gradle.internal.operations.DefaultBuildOperationRunner] Build operation 'Execute container callback action' started
2021-06-06T09:17:45.430-0500 [DEBUG] [org.gradle.internal.operations.DefaultBuildOperationRunner] Completing Build operation 'Execute container callback action'
2021-06-06T09:17:45.431-0500 [DEBUG] [org.gradle.internal.operations.DefaultBuildOperationRunner] Build operation 'Execute container callback action' started
2021-06-06T09:17:45.431-0500 [DEBUG] [org.gradle.internal.operations.DefaultBuildOperationRunner] Completing Build operation 'Execute container callback action'
2021-06-06T09:17:45.431-0500 [DEBUG] [org.gradle.internal.operations.DefaultBuildOperationRunner] Build operation 'Execute container callback action' started
2021-06-06T09:17:45.431-0500 [DEBUG] [org.gradle.internal.operations.DefaultBuildOperationRunner] Completing Build operation 'Execute container callback action'
2021-06-06T09:17:45.431-0500 [DEBUG] [org.gradle.internal.operations.DefaultBuildOperationRunner] Build operation 'Execute container callback action' started
2021-06-06T09:17:45.431-0500 [DEBUG] [org.gradle.internal.operations.DefaultBuildOperationRunner] Completing Build operation 'Execute container callback action'
2021-06-06T09:17:45.431-0500 [DEBUG] [org.gradle.internal.operations.DefaultBuildOperationRunner] Build operation 'Execute container callback action' started
2021-06-06T09:17:45.431-0500 [DEBUG] [org.gradle.internal.operations.DefaultBuildOperationRunner] Completing Build operation 'Execute container callback action'
2021-06-06T09:17:45.431-0500 [DEBUG] [org.gradle.internal.operations.DefaultBuildOperationRunner] Build operation 'Execute container callback action' started
2021-06-06T09:17:45.431-0500 [DEBUG] [org.gradle.internal.operations.DefaultBuildOperationRunner] Completing Build operation 'Execute container callback action'
2021-06-06T09:17:45.431-0500 [DEBUG] [org.gradle.internal.operations.DefaultBuildOperationRunner] Build operation 'Execute container callback action' started
2021-06-06T09:17:45.431-0500 [DEBUG] [org.gradle.internal.operations.DefaultBuildOperationRunner] Completing Build operation 'Execute container callback action'
2021-06-06T09:17:45.431-0500 [DEBUG] [org.gradle.internal.operations.DefaultBuildOperationRunner] Build operation 'Execute container callback action' started
2021-06-06T09:17:45.431-0500 [DEBUG] [org.gradle.internal.operations.DefaultBuildOperationRunner] Completing Build operation 'Execute container callback action'
2021-06-06T09:17:45.432-0500 [DEBUG] [org.gradle.internal.operations.DefaultBuildOperationRunner] Build operation 'Execute container callback action' started
2021-06-06T09:17:45.432-0500 [DEBUG] [org.gradle.internal.operations.DefaultBuildOperationRunner] Completing Build operation 'Execute container callback action'
2021-06-06T09:17:45.432-0500 [DEBUG] [org.gradle.internal.operations.DefaultBuildOperationRunner] Build operation 'Execute container callback action' started
2021-06-06T09:17:45.432-0500 [DEBUG] [org.gradle.internal.operations.DefaultBuildOperationRunner] Completing Build operation 'Execute container callback action'
2021-06-06T09:17:45.432-0500 [DEBUG] [org.gradle.internal.operations.DefaultBuildOperationRunner] Build operation 'Execute container callback action' started
2021-06-06T09:17:45.432-0500 [DEBUG] [org.gradle.internal.operations.DefaultBuildOperationRunner] Completing Build operation 'Execute container callback action'
2021-06-06T09:17:45.432-0500 [DEBUG] [org.gradle.internal.operations.DefaultBuildOperationRunner] Build operation 'Execute container callback action' started
2021-06-06T09:17:45.432-0500 [DEBUG] [org.gradle.internal.operations.DefaultBuildOperationRunner] Completing Build operation 'Execute container callback action'
2021-06-06T09:17:45.432-0500 [DEBUG] [org.gradle.internal.operations.DefaultBuildOperationRunner] Build operation 'Execute container callback action' started
2021-06-06T09:17:45.432-0500 [DEBUG] [org.gradle.internal.operations.DefaultBuildOperationRunner] Completing Build operation 'Execute container callback action'
2021-06-06T09:17:45.432-0500 [DEBUG] [org.gradle.internal.operations.DefaultBuildOperationRunner] Build operation 'Execute container callback action' started
2021-06-06T09:17:45.432-0500 [DEBUG] [org.gradle.internal.operations.DefaultBuildOperationRunner] Completing Build operation 'Execute container callback action'
2021-06-06T09:17:45.432-0500 [DEBUG] [org.gradle.internal.operations.DefaultBuildOperationRunner] Build operation 'Execute container callback action' started
2021-06-06T09:17:45.432-0500 [DEBUG] [org.gradle.internal.operations.DefaultBuildOperationRunner] Completing Build operation 'Execute container callback action'
2021-06-06T09:17:45.432-0500 [DEBUG] [org.gradle.internal.operations.DefaultBuildOperationRunner] Build operation 'Execute container callback action' started
2021-06-06T09:17:45.432-0500 [DEBUG] [org.gradle.internal.operations.DefaultBuildOperationRunner] Completing Build operation 'Execute container callback action'
2021-06-06T09:17:45.433-0500 [DEBUG] [org.gradle.internal.operations.DefaultBuildOperationRunner] Build operation 'Execute container callback action' started
2021-06-06T09:17:45.433-0500 [DEBUG] [org.gradle.internal.operations.DefaultBuildOperationRunner] Completing Build operation 'Execute container callback action'
2021-06-06T09:17:45.433-0500 [DEBUG] [org.gradle.internal.operations.DefaultBuildOperationRunner] Build operation 'Execute container callback action' started
2021-06-06T09:17:45.433-0500 [DEBUG] [org.gradle.internal.operations.DefaultBuildOperationRunner] Completing Build operation 'Execute container callback action'
2021-06-06T09:17:45.433-0500 [DEBUG] [org.gradle.internal.operations.DefaultBuildOperationRunner] Build operation 'Execute container callback action' started
2021-06-06T09:17:45.433-0500 [DEBUG] [org.gradle.internal.operations.DefaultBuildOperationRunner] Completing Build operation 'Execute container callback action'
2021-06-06T09:17:45.433-0500 [DEBUG] [org.gradle.internal.operations.DefaultBuildOperationRunner] Build operation 'Execute container callback action' started
2021-06-06T09:17:45.433-0500 [DEBUG] [org.gradle.internal.operations.DefaultBuildOperationRunner] Completing Build operation 'Execute container callback action'
2021-06-06T09:17:45.433-0500 [DEBUG] [org.gradle.internal.operations.DefaultBuildOperationRunner] Build operation 'Execute container callback action' started
2021-06-06T09:17:45.433-0500 [DEBUG] [org.gradle.internal.operations.DefaultBuildOperationRunner] Completing Build operation 'Execute container callback action'
2021-06-06T09:17:45.433-0500 [DEBUG] [org.gradle.internal.operations.DefaultBuildOperationRunner] Build operation 'Execute container callback action' started
2021-06-06T09:17:45.433-0500 [DEBUG] [org.gradle.internal.operations.DefaultBuildOperationRunner] Completing Build operation 'Execute container callback action'
2021-06-06T09:17:45.433-0500 [DEBUG] [org.gradle.internal.operations.DefaultBuildOperationRunner] Build operation 'Execute container callback action' started
2021-06-06T09:17:45.433-0500 [DEBUG] [org.gradle.internal.operations.DefaultBuildOperationRunner] Completing Build operation 'Execute container callback action'
2021-06-06T09:17:45.434-0500 [DEBUG] [org.gradle.internal.operations.DefaultBuildOperationRunner] Build operation 'Execute container callback action' started
2021-06-06T09:17:45.434-0500 [DEBUG] [org.gradle.internal.operations.DefaultBuildOperationRunner] Completing Build operation 'Execute container callback action'
2021-06-06T09:17:45.434-0500 [DEBUG] [org.gradle.internal.operations.DefaultBuildOperationRunner] Build operation 'Execute container callback action' started
2021-06-06T09:17:45.434-0500 [DEBUG] [org.gradle.internal.operations.DefaultBuildOperationRunner] Completing Build operation 'Execute container callback action'
2021-06-06T09:17:45.434-0500 [DEBUG] [org.gradle.internal.operations.DefaultBuildOperationRunner] Build operation 'Execute container callback action' started
2021-06-06T09:17:45.434-0500 [DEBUG] [org.gradle.internal.operations.DefaultBuildOperationRunner] Completing Build operation 'Execute container callback action'
2021-06-06T09:17:45.434-0500 [DEBUG] [org.gradle.internal.operations.DefaultBuildOperationRunner] Build operation 'Execute container callback action' started
2021-06-06T09:17:45.434-0500 [DEBUG] [org.gradle.internal.operations.DefaultBuildOperationRunner] Completing Build operation 'Execute container callback action'
2021-06-06T09:17:45.434-0500 [DEBUG] [org.gradle.internal.operations.DefaultBuildOperationRunner] Build operation 'Execute container callback action' started
2021-06-06T09:17:45.434-0500 [DEBUG] [org.gradle.internal.operations.DefaultBuildOperationRunner] Completing Build operation 'Execute container callback action'
2021-06-06T09:17:45.434-0500 [DEBUG] [org.gradle.internal.operations.DefaultBuildOperationRunner] Build operation 'Execute container callback action' started
2021-06-06T09:17:45.434-0500 [DEBUG] [org.gradle.internal.operations.DefaultBuildOperationRunner] Completing Build operation 'Execute container callback action'
2021-06-06T09:17:45.434-0500 [DEBUG] [org.gradle.internal.operations.DefaultBuildOperationRunner] Build operation 'Execute container callback action' started
2021-06-06T09:17:45.434-0500 [DEBUG] [org.gradle.internal.operations.DefaultBuildOperationRunner] Completing Build operation 'Execute container callback action'
2021-06-06T09:17:45.435-0500 [DEBUG] [org.gradle.internal.operations.DefaultBuildOperationRunner] Build operation 'Execute container callback action' started
2021-06-06T09:17:45.435-0500 [DEBUG] [org.gradle.internal.operations.DefaultBuildOperationRunner] Completing Build operation 'Execute container callback action'
2021-06-06T09:17:45.435-0500 [DEBUG] [org.gradle.internal.operations.DefaultBuildOperationRunner] Build operation 'Execute container callback action' started
2021-06-06T09:17:45.435-0500 [DEBUG] [org.gradle.internal.operations.DefaultBuildOperationRunner] Completing Build operation 'Execute container callback action'
2021-06-06T09:17:45.435-0500 [DEBUG] [org.gradle.internal.operations.DefaultBuildOperationRunner] Build operation 'Execute container callback action' started
2021-06-06T09:17:45.435-0500 [DEBUG] [org.gradle.internal.operations.DefaultBuildOperationRunner] Completing Build operation 'Execute container callback action'
2021-06-06T09:17:45.435-0500 [DEBUG] [org.gradle.internal.operations.DefaultBuildOperationRunner] Build operation 'Execute container callback action' started
2021-06-06T09:17:45.435-0500 [DEBUG] [org.gradle.internal.operations.DefaultBuildOperationRunner] Completing Build operation 'Execute container callback action'
2021-06-06T09:17:45.435-0500 [DEBUG] [org.gradle.internal.operations.DefaultBuildOperationRunner] Build operation 'Execute container callback action' started
2021-06-06T09:17:45.435-0500 [DEBUG] [org.gradle.internal.operations.DefaultBuildOperationRunner] Completing Build operation 'Execute container callback action'
2021-06-06T09:17:45.435-0500 [DEBUG] [org.gradle.internal.operations.DefaultBuildOperationRunner] Build operation 'Execute container callback action' started
2021-06-06T09:17:45.435-0500 [DEBUG] [org.gradle.internal.operations.DefaultBuildOperationRunner] Completing Build operation 'Execute container callback action'
2021-06-06T09:17:45.435-0500 [DEBUG] [org.gradle.internal.operations.DefaultBuildOperationRunner] Build operation 'Execute container callback action' started
2021-06-06T09:17:45.435-0500 [DEBUG] [org.gradle.internal.operations.DefaultBuildOperationRunner] Completing Build operation 'Execute container callback action'
2021-06-06T09:17:45.435-0500 [DEBUG] [org.gradle.internal.operations.DefaultBuildOperationRunner] Build operation 'Execute container callback action' started
2021-06-06T09:17:45.436-0500 [DEBUG] [org.gradle.internal.operations.DefaultBuildOperationRunner] Completing Build operation 'Execute container callback action'
2021-06-06T09:17:45.436-0500 [DEBUG] [org.gradle.internal.operations.DefaultBuildOperationRunner] Build operation 'Execute container callback action' started
2021-06-06T09:17:45.436-0500 [DEBUG] [org.gradle.internal.operations.DefaultBuildOperationRunner] Completing Build operation 'Execute container callback action'
2021-06-06T09:17:45.436-0500 [DEBUG] [org.gradle.internal.operations.DefaultBuildOperationRunner] Build operation 'Execute container callback action' started
2021-06-06T09:17:45.436-0500 [DEBUG] [org.gradle.internal.operations.DefaultBuildOperationRunner] Completing Build operation 'Execute container callback action'
2021-06-06T09:17:45.436-0500 [DEBUG] [org.gradle.internal.operations.DefaultBuildOperationRunner] Build operation 'Execute container callback action' started
2021-06-06T09:17:45.436-0500 [DEBUG] [org.gradle.internal.operations.DefaultBuildOperationRunner] Completing Build operation 'Execute container callback action'
2021-06-06T09:17:45.436-0500 [DEBUG] [org.gradle.internal.operations.DefaultBuildOperationRunner] Build operation 'Execute container callback action' started
2021-06-06T09:17:45.436-0500 [DEBUG] [org.gradle.internal.operations.DefaultBuildOperationRunner] Completing Build operation 'Execute container callback action'
2021-06-06T09:17:45.436-0500 [DEBUG] [org.gradle.internal.operations.DefaultBuildOperationRunner] Build operation 'Execute container callback action' started
2021-06-06T09:17:45.436-0500 [DEBUG] [org.gradle.internal.operations.DefaultBuildOperationRunner] Completing Build operation 'Execute container callback action'
2021-06-06T09:17:45.436-0500 [DEBUG] [org.gradle.internal.operations.DefaultBuildOperationRunner] Build operation 'Execute container callback action' started
2021-06-06T09:17:45.436-0500 [DEBUG] [org.gradle.internal.operations.DefaultBuildOperationRunner] Completing Build operation 'Execute container callback action'
2021-06-06T09:17:45.437-0500 [DEBUG] [org.gradle.internal.operations.DefaultBuildOperationRunner] Build operation 'Execute container callback action' started
2021-06-06T09:17:45.437-0500 [DEBUG] [org.gradle.internal.operations.DefaultBuildOperationRunner] Completing Build operation 'Execute container callback action'
2021-06-06T09:17:45.437-0500 [DEBUG] [org.gradle.internal.operations.DefaultBuildOperationRunner] Build operation 'Execute container callback action' started
2021-06-06T09:17:45.437-0500 [DEBUG] [org.gradle.internal.operations.DefaultBuildOperationRunner] Completing Build operation 'Execute container callback action'
2021-06-06T09:17:45.437-0500 [DEBUG] [org.gradle.internal.operations.DefaultBuildOperationRunner] Build operation 'Execute container callback action' started
2021-06-06T09:17:45.437-0500 [DEBUG] [org.gradle.internal.operations.DefaultBuildOperationRunner] Completing Build operation 'Execute container callback action'
2021-06-06T09:17:45.437-0500 [DEBUG] [org.gradle.internal.operations.DefaultBuildOperationRunner] Build operation 'Execute container callback action' started
2021-06-06T09:17:45.437-0500 [DEBUG] [org.gradle.internal.operations.DefaultBuildOperationRunner] Completing Build operation 'Execute container callback action'
2021-06-06T09:17:45.437-0500 [DEBUG] [org.gradle.internal.operations.DefaultBuildOperationRunner] Build operation 'Execute container callback action' started
2021-06-06T09:17:45.437-0500 [DEBUG] [org.gradle.internal.operations.DefaultBuildOperationRunner] Completing Build operation 'Execute container callback action'
2021-06-06T09:17:45.437-0500 [DEBUG] [org.gradle.internal.operations.DefaultBuildOperationRunner] Build operation 'Execute container callback action' started
2021-06-06T09:17:45.437-0500 [DEBUG] [org.gradle.internal.operations.DefaultBuildOperationRunner] Completing Build operation 'Execute container callback action'
2021-06-06T09:17:45.437-0500 [DEBUG] [org.gradle.internal.operations.DefaultBuildOperationRunner] Build operation 'Execute container callback action' started
2021-06-06T09:17:45.437-0500 [DEBUG] [org.gradle.internal.operations.DefaultBuildOperationRunner] Completing Build operation 'Execute container callback action'
2021-06-06T09:17:45.438-0500 [DEBUG] [org.gradle.internal.operations.DefaultBuildOperationRunner] Build operation 'Execute container callback action' started
2021-06-06T09:17:45.438-0500 [DEBUG] [org.gradle.internal.operations.DefaultBuildOperationRunner] Completing Build operation 'Execute container callback action'
2021-06-06T09:17:45.438-0500 [DEBUG] [org.gradle.internal.operations.DefaultBuildOperationRunner] Build operation 'Execute container callback action' started
2021-06-06T09:17:45.438-0500 [DEBUG] [org.gradle.internal.operations.DefaultBuildOperationRunner] Completing Build operation 'Execute container callback action'
2021-06-06T09:17:45.438-0500 [DEBUG] [org.gradle.internal.operations.DefaultBuildOperationRunner] Build operation 'Execute container callback action' started
2021-06-06T09:17:45.438-0500 [DEBUG] [org.gradle.internal.operations.DefaultBuildOperationRunner] Completing Build operation 'Execute container callback action'
2021-06-06T09:17:45.438-0500 [DEBUG] [org.gradle.internal.operations.DefaultBuildOperationRunner] Build operation 'Execute container callback action' started
2021-06-06T09:17:45.438-0500 [DEBUG] [org.gradle.internal.operations.DefaultBuildOperationRunner] Completing Build operation 'Execute container callback action'
2021-06-06T09:17:45.438-0500 [DEBUG] [org.gradle.internal.operations.DefaultBuildOperationRunner] Build operation 'Execute container callback action' started
2021-06-06T09:17:45.438-0500 [DEBUG] [org.gradle.internal.operations.DefaultBuildOperationRunner] Completing Build operation 'Execute container callback action'
2021-06-06T09:17:45.491-0500 [DEBUG] [org.gradle.internal.operations.DefaultBuildOperationRunner] Build operation 'Execute container callback action' started
2021-06-06T09:17:45.491-0500 [DEBUG] [org.gradle.internal.operations.DefaultBuildOperationRunner] Completing Build operation 'Execute container callback action'
2021-06-06T09:17:45.492-0500 [DEBUG] [org.gradle.internal.operations.DefaultBuildOperationRunner] Build operation 'Execute container callback action' started
2021-06-06T09:17:45.492-0500 [DEBUG] [org.gradle.internal.operations.DefaultBuildOperationRunner] Completing Build operation 'Execute container callback action'
2021-06-06T09:17:45.492-0500 [DEBUG] [org.gradle.internal.operations.DefaultBuildOperationRunner] Build operation 'Execute container callback action' started
2021-06-06T09:17:45.492-0500 [DEBUG] [org.gradle.internal.operations.DefaultBuildOperationRunner] Completing Build operation 'Execute container callback action'
2021-06-06T09:17:45.492-0500 [DEBUG] [org.gradle.internal.operations.DefaultBuildOperationRunner] Build operation 'Execute container callback action' started
2021-06-06T09:17:45.492-0500 [DEBUG] [org.gradle.internal.operations.DefaultBuildOperationRunner] Completing Build operation 'Execute container callback action'
2021-06-06T09:17:45.492-0500 [DEBUG] [org.gradle.internal.operations.DefaultBuildOperationRunner] Build operation 'Execute container callback action' started
2021-06-06T09:17:45.493-0500 [DEBUG] [org.gradle.internal.operations.DefaultBuildOperationRunner] Completing Build operation 'Execute container callback action'
2021-06-06T09:17:45.493-0500 [DEBUG] [org.gradle.internal.operations.DefaultBuildOperationRunner] Build operation 'Execute container callback action' started
2021-06-06T09:17:45.493-0500 [DEBUG] [org.gradle.internal.operations.DefaultBuildOperationRunner] Completing Build operation 'Execute container callback action'
2021-06-06T09:17:45.493-0500 [DEBUG] [org.gradle.internal.operations.DefaultBuildOperationRunner] Build operation 'Execute container callback action' started
2021-06-06T09:17:45.493-0500 [DEBUG] [org.gradle.internal.operations.DefaultBuildOperationRunner] Completing Build operation 'Execute container callback action'
2021-06-06T09:17:45.493-0500 [DEBUG] [org.gradle.internal.operations.DefaultBuildOperationRunner] Build operation 'Execute container callback action' started
2021-06-06T09:17:45.493-0500 [DEBUG] [org.gradle.internal.operations.DefaultBuildOperationRunner] Completing Build operation 'Execute container callback action'
2021-06-06T09:17:45.493-0500 [DEBUG] [org.gradle.internal.operations.DefaultBuildOperationRunner] Build operation 'Execute container callback action' started
2021-06-06T09:17:45.493-0500 [DEBUG] [org.gradle.internal.operations.DefaultBuildOperationRunner] Completing Build operation 'Execute container callback action'
2021-06-06T09:17:45.494-0500 [DEBUG] [org.gradle.internal.operations.DefaultBuildOperationRunner] Build operation 'Execute container callback action' started
2021-06-06T09:17:45.494-0500 [DEBUG] [org.gradle.internal.operations.DefaultBuildOperationRunner] Completing Build operation 'Execute container callback action'
2021-06-06T09:17:45.494-0500 [DEBUG] [org.gradle.internal.operations.DefaultBuildOperationRunner] Build operation 'Execute container callback action' started
2021-06-06T09:17:45.494-0500 [DEBUG] [org.gradle.internal.operations.DefaultBuildOperationRunner] Completing Build operation 'Execute container callback action'
2021-06-06T09:17:45.494-0500 [DEBUG] [org.gradle.internal.operations.DefaultBuildOperationRunner] Build operation 'Execute container callback action' started
2021-06-06T09:17:45.494-0500 [DEBUG] [org.gradle.internal.operations.DefaultBuildOperationRunner] Completing Build operation 'Execute container callback action'
2021-06-06T09:17:45.494-0500 [DEBUG] [org.gradle.internal.operations.DefaultBuildOperationRunner] Build operation 'Execute container callback action' started
2021-06-06T09:17:45.494-0500 [DEBUG] [org.gradle.internal.operations.DefaultBuildOperationRunner] Completing Build operation 'Execute container callback action'
2021-06-06T09:17:45.495-0500 [DEBUG] [org.gradle.internal.operations.DefaultBuildOperationRunner] Build operation 'Execute container callback action' started
2021-06-06T09:17:45.495-0500 [DEBUG] [org.gradle.internal.operations.DefaultBuildOperationRunner] Completing Build operation 'Execute container callback action'
2021-06-06T09:17:45.495-0500 [DEBUG] [org.gradle.internal.operations.DefaultBuildOperationRunner] Build operation 'Execute container callback action' started
2021-06-06T09:17:45.495-0500 [DEBUG] [org.gradle.internal.operations.DefaultBuildOperationRunner] Completing Build operation 'Execute container callback action'
2021-06-06T09:17:45.495-0500 [DEBUG] [org.gradle.internal.operations.DefaultBuildOperationRunner] Build operation 'Execute container callback action' started
2021-06-06T09:17:45.495-0500 [DEBUG] [org.gradle.internal.operations.DefaultBuildOperationRunner] Completing Build operation 'Execute container callback action'
2021-06-06T09:17:45.495-0500 [DEBUG] [org.gradle.internal.operations.DefaultBuildOperationRunner] Build operation 'Execute container callback action' started
2021-06-06T09:17:45.495-0500 [DEBUG] [org.gradle.internal.operations.DefaultBuildOperationRunner] Completing Build operation 'Execute container callback action'
2021-06-06T09:17:45.495-0500 [DEBUG] [org.gradle.internal.operations.DefaultBuildOperationRunner] Build operation 'Execute container callback action' started
2021-06-06T09:17:45.495-0500 [DEBUG] [org.gradle.internal.operations.DefaultBuildOperationRunner] Completing Build operation 'Execute container callback action'
2021-06-06T09:17:45.495-0500 [DEBUG] [org.gradle.internal.operations.DefaultBuildOperationRunner] Build operation 'Execute container callback action' started
2021-06-06T09:17:45.495-0500 [DEBUG] [org.gradle.internal.operations.DefaultBuildOperationRunner] Completing Build operation 'Execute container callback action'
2021-06-06T09:17:45.496-0500 [DEBUG] [org.gradle.internal.operations.DefaultBuildOperationRunner] Build operation 'Execute container callback action' started
2021-06-06T09:17:45.496-0500 [DEBUG] [org.gradle.internal.operations.DefaultBuildOperationRunner] Completing Build operation 'Execute container callback action'
2021-06-06T09:17:45.496-0500 [DEBUG] [org.gradle.internal.operations.DefaultBuildOperationRunner] Build operation 'Execute container callback action' started
2021-06-06T09:17:45.496-0500 [DEBUG] [org.gradle.internal.operations.DefaultBuildOperationRunner] Completing Build operation 'Execute container callback action'
2021-06-06T09:17:45.496-0500 [DEBUG] [org.gradle.internal.operations.DefaultBuildOperationRunner] Build operation 'Execute container callback action' started
2021-06-06T09:17:45.496-0500 [DEBUG] [org.gradle.internal.operations.DefaultBuildOperationRunner] Completing Build operation 'Execute container callback action'
2021-06-06T09:17:45.496-0500 [DEBUG] [org.gradle.internal.operations.DefaultBuildOperationRunner] Build operation 'Execute container callback action' started
2021-06-06T09:17:45.496-0500 [DEBUG] [org.gradle.internal.operations.DefaultBuildOperationRunner] Completing Build operation 'Execute container callback action'
2021-06-06T09:17:45.496-0500 [DEBUG] [org.gradle.internal.operations.DefaultBuildOperationRunner] Build operation 'Execute container callback action' started
2021-06-06T09:17:45.496-0500 [DEBUG] [org.gradle.internal.operations.DefaultBuildOperationRunner] Completing Build operation 'Execute container callback action'
2021-06-06T09:17:45.496-0500 [DEBUG] [org.gradle.internal.operations.DefaultBuildOperationRunner] Build operation 'Execute container callback action' started
2021-06-06T09:17:45.496-0500 [DEBUG] [org.gradle.internal.operations.DefaultBuildOperationRunner] Completing Build operation 'Execute container callback action'
2021-06-06T09:17:45.496-0500 [DEBUG] [org.gradle.internal.operations.DefaultBuildOperationRunner] Build operation 'Execute container callback action' started
2021-06-06T09:17:45.496-0500 [DEBUG] [org.gradle.internal.operations.DefaultBuildOperationRunner] Completing Build operation 'Execute container callback action'
2021-06-06T09:17:45.496-0500 [DEBUG] [org.gradle.internal.operations.DefaultBuildOperationRunner] Build operation 'Execute container callback action' started
2021-06-06T09:17:45.497-0500 [DEBUG] [org.gradle.internal.operations.DefaultBuildOperationRunner] Completing Build operation 'Execute container callback action'
2021-06-06T09:17:45.497-0500 [DEBUG] [org.gradle.internal.operations.DefaultBuildOperationRunner] Build operation 'Execute container callback action' started
2021-06-06T09:17:45.497-0500 [DEBUG] [org.gradle.internal.operations.DefaultBuildOperationRunner] Completing Build operation 'Execute container callback action'
2021-06-06T09:17:45.497-0500 [DEBUG] [org.gradle.internal.operations.DefaultBuildOperationRunner] Build operation 'Execute container callback action' started
2021-06-06T09:17:45.497-0500 [DEBUG] [org.gradle.internal.operations.DefaultBuildOperationRunner] Completing Build operation 'Execute container callback action'
2021-06-06T09:17:45.497-0500 [DEBUG] [org.gradle.internal.operations.DefaultBuildOperationRunner] Build operation 'Execute container callback action' started
2021-06-06T09:17:45.497-0500 [DEBUG] [org.gradle.internal.operations.DefaultBuildOperationRunner] Completing Build operation 'Execute container callback action'
2021-06-06T09:17:45.497-0500 [DEBUG] [org.gradle.internal.operations.DefaultBuildOperationRunner] Build operation 'Execute container callback action' started
2021-06-06T09:17:45.497-0500 [DEBUG] [org.gradle.internal.operations.DefaultBuildOperationRunner] Completing Build operation 'Execute container callback action'
2021-06-06T09:17:45.497-0500 [DEBUG] [org.gradle.internal.operations.DefaultBuildOperationRunner] Build operation 'Execute container callback action' started
2021-06-06T09:17:45.497-0500 [DEBUG] [org.gradle.internal.operations.DefaultBuildOperationRunner] Completing Build operation 'Execute container callback action'
2021-06-06T09:17:45.497-0500 [DEBUG] [org.gradle.internal.operations.DefaultBuildOperationRunner] Build operation 'Execute container callback action' started
2021-06-06T09:17:45.497-0500 [DEBUG] [org.gradle.internal.operations.DefaultBuildOperationRunner] Completing Build operation 'Execute container callback action'
2021-06-06T09:17:45.497-0500 [DEBUG] [org.gradle.internal.operations.DefaultBuildOperationRunner] Build operation 'Execute container callback action' started
2021-06-06T09:17:45.497-0500 [DEBUG] [org.gradle.internal.operations.DefaultBuildOperationRunner] Completing Build operation 'Execute container callback action'
2021-06-06T09:17:45.498-0500 [DEBUG] [org.gradle.internal.operations.DefaultBuildOperationRunner] Build operation 'Execute container callback action' started
2021-06-06T09:17:45.498-0500 [DEBUG] [org.gradle.internal.operations.DefaultBuildOperationRunner] Completing Build operation 'Execute container callback action'
2021-06-06T09:17:45.498-0500 [DEBUG] [org.gradle.internal.operations.DefaultBuildOperationRunner] Build operation 'Execute container callback action' started
2021-06-06T09:17:45.498-0500 [DEBUG] [org.gradle.internal.operations.DefaultBuildOperationRunner] Completing Build operation 'Execute container callback action'
2021-06-06T09:17:45.498-0500 [DEBUG] [org.gradle.internal.operations.DefaultBuildOperationRunner] Build operation 'Execute container callback action' started
2021-06-06T09:17:45.498-0500 [DEBUG] [org.gradle.internal.operations.DefaultBuildOperationRunner] Completing Build operation 'Execute container callback action'
2021-06-06T09:17:45.498-0500 [DEBUG] [org.gradle.internal.operations.DefaultBuildOperationRunner] Build operation 'Execute container callback action' started
2021-06-06T09:17:45.498-0500 [DEBUG] [org.gradle.internal.operations.DefaultBuildOperationRunner] Completing Build operation 'Execute container callback action'
2021-06-06T09:17:45.498-0500 [DEBUG] [org.gradle.internal.operations.DefaultBuildOperationRunner] Build operation 'Execute container callback action' started
2021-06-06T09:17:45.498-0500 [DEBUG] [org.gradle.internal.operations.DefaultBuildOperationRunner] Completing Build operation 'Execute container callback action'
2021-06-06T09:17:45.498-0500 [DEBUG] [org.gradle.internal.operations.DefaultBuildOperationRunner] Build operation 'Execute container callback action' started
2021-06-06T09:17:45.498-0500 [DEBUG] [org.gradle.internal.operations.DefaultBuildOperationRunner] Completing Build operation 'Execute container callback action'
2021-06-06T09:17:45.498-0500 [DEBUG] [org.gradle.internal.operations.DefaultBuildOperationRunner] Build operation 'Execute container callback action' started
2021-06-06T09:17:45.498-0500 [DEBUG] [org.gradle.internal.operations.DefaultBuildOperationRunner] Completing Build operation 'Execute container callback action'
2021-06-06T09:17:45.498-0500 [DEBUG] [org.gradle.internal.operations.DefaultBuildOperationRunner] Build operation 'Execute container callback action' started
2021-06-06T09:17:45.498-0500 [DEBUG] [org.gradle.internal.operations.DefaultBuildOperationRunner] Completing Build operation 'Execute container callback action'
2021-06-06T09:17:45.499-0500 [DEBUG] [org.gradle.internal.operations.DefaultBuildOperationRunner] Build operation 'Execute container callback action' started
2021-06-06T09:17:45.499-0500 [DEBUG] [org.gradle.internal.operations.DefaultBuildOperationRunner] Completing Build operation 'Execute container callback action'
2021-06-06T09:17:45.499-0500 [DEBUG] [org.gradle.internal.operations.DefaultBuildOperationRunner] Build operation 'Execute container callback action' started
2021-06-06T09:17:45.499-0500 [DEBUG] [org.gradle.internal.operations.DefaultBuildOperationRunner] Completing Build operation 'Execute container callback action'
2021-06-06T09:17:45.499-0500 [DEBUG] [org.gradle.internal.operations.DefaultBuildOperationRunner] Build operation 'Execute container callback action' started
2021-06-06T09:17:45.499-0500 [DEBUG] [org.gradle.internal.operations.DefaultBuildOperationRunner] Completing Build operation 'Execute container callback action'
2021-06-06T09:17:45.499-0500 [DEBUG] [org.gradle.internal.operations.DefaultBuildOperationRunner] Build operation 'Execute container callback action' started
2021-06-06T09:17:45.499-0500 [DEBUG] [org.gradle.internal.operations.DefaultBuildOperationRunner] Completing Build operation 'Execute container callback action'
2021-06-06T09:17:45.499-0500 [DEBUG] [org.gradle.internal.operations.DefaultBuildOperationRunner] Build operation 'Execute container callback action' started
2021-06-06T09:17:45.499-0500 [DEBUG] [org.gradle.internal.operations.DefaultBuildOperationRunner] Completing Build operation 'Execute container callback action'
2021-06-06T09:17:45.499-0500 [DEBUG] [org.gradle.internal.operations.DefaultBuildOperationRunner] Build operation 'Execute container callback action' started
2021-06-06T09:17:45.499-0500 [DEBUG] [org.gradle.internal.operations.DefaultBuildOperationRunner] Completing Build operation 'Execute container callback action'
2021-06-06T09:17:45.499-0500 [DEBUG] [org.gradle.internal.operations.DefaultBuildOperationRunner] Build operation 'Execute container callback action' started
2021-06-06T09:17:45.499-0500 [DEBUG] [org.gradle.internal.operations.DefaultBuildOperationRunner] Completing Build operation 'Execute container callback action'
2021-06-06T09:17:45.499-0500 [DEBUG] [org.gradle.internal.operations.DefaultBuildOperationRunner] Build operation 'Execute container callback action' started
2021-06-06T09:17:45.500-0500 [DEBUG] [org.gradle.internal.operations.DefaultBuildOperationRunner] Completing Build operation 'Execute container callback action'
2021-06-06T09:17:45.500-0500 [DEBUG] [org.gradle.internal.operations.DefaultBuildOperationRunner] Build operation 'Execute container callback action' started
2021-06-06T09:17:45.500-0500 [DEBUG] [org.gradle.internal.operations.DefaultBuildOperationRunner] Completing Build operation 'Execute container callback action'
2021-06-06T09:17:45.500-0500 [DEBUG] [org.gradle.internal.operations.DefaultBuildOperationRunner] Build operation 'Execute container callback action' started
2021-06-06T09:17:45.500-0500 [DEBUG] [org.gradle.internal.operations.DefaultBuildOperationRunner] Completing Build operation 'Execute container callback action'
2021-06-06T09:17:45.500-0500 [DEBUG] [org.gradle.internal.operations.DefaultBuildOperationRunner] Build operation 'Execute container callback action' started
2021-06-06T09:17:45.500-0500 [DEBUG] [org.gradle.internal.operations.DefaultBuildOperationRunner] Completing Build operation 'Execute container callback action'
2021-06-06T09:17:45.500-0500 [DEBUG] [org.gradle.internal.operations.DefaultBuildOperationRunner] Build operation 'Execute container callback action' started
2021-06-06T09:17:45.500-0500 [DEBUG] [org.gradle.internal.operations.DefaultBuildOperationRunner] Completing Build operation 'Execute container callback action'
2021-06-06T09:17:45.500-0500 [DEBUG] [org.gradle.internal.operations.DefaultBuildOperationRunner] Build operation 'Execute container callback action' started
2021-06-06T09:17:45.500-0500 [DEBUG] [org.gradle.internal.operations.DefaultBuildOperationRunner] Completing Build operation 'Execute container callback action'
2021-06-06T09:17:45.500-0500 [DEBUG] [org.gradle.internal.operations.DefaultBuildOperationRunner] Build operation 'Execute container callback action' started
2021-06-06T09:17:45.500-0500 [DEBUG] [org.gradle.internal.operations.DefaultBuildOperationRunner] Completing Build operation 'Execute container callback action'
2021-06-06T09:17:45.500-0500 [DEBUG] [org.gradle.internal.operations.DefaultBuildOperationRunner] Build operation 'Execute container callback action' started
2021-06-06T09:17:45.500-0500 [DEBUG] [org.gradle.internal.operations.DefaultBuildOperationRunner] Completing Build operation 'Execute container callback action'
2021-06-06T09:17:45.501-0500 [DEBUG] [org.gradle.internal.operations.DefaultBuildOperationRunner] Build operation 'Execute container callback action' started
2021-06-06T09:17:45.501-0500 [DEBUG] [org.gradle.internal.operations.DefaultBuildOperationRunner] Completing Build operation 'Execute container callback action'
2021-06-06T09:17:45.501-0500 [DEBUG] [org.gradle.internal.operations.DefaultBuildOperationRunner] Build operation 'Execute container callback action' started
2021-06-06T09:17:45.501-0500 [DEBUG] [org.gradle.internal.operations.DefaultBuildOperationRunner] Completing Build operation 'Execute container callback action'
2021-06-06T09:17:45.501-0500 [DEBUG] [org.gradle.internal.operations.DefaultBuildOperationRunner] Build operation 'Execute container callback action' started
2021-06-06T09:17:45.501-0500 [DEBUG] [org.gradle.internal.operations.DefaultBuildOperationRunner] Completing Build operation 'Execute container callback action'
2021-06-06T09:17:45.501-0500 [DEBUG] [org.gradle.internal.operations.DefaultBuildOperationRunner] Build operation 'Execute container callback action' started
2021-06-06T09:17:45.501-0500 [DEBUG] [org.gradle.internal.operations.DefaultBuildOperationRunner] Completing Build operation 'Execute container callback action'
2021-06-06T09:17:45.501-0500 [DEBUG] [org.gradle.internal.operations.DefaultBuildOperationRunner] Build operation 'Execute container callback action' started
2021-06-06T09:17:45.501-0500 [DEBUG] [org.gradle.internal.operations.DefaultBuildOperationRunner] Completing Build operation 'Execute container callback action'
2021-06-06T09:17:45.501-0500 [DEBUG] [org.gradle.internal.operations.DefaultBuildOperationRunner] Build operation 'Execute container callback action' started
2021-06-06T09:17:45.501-0500 [DEBUG] [org.gradle.internal.operations.DefaultBuildOperationRunner] Completing Build operation 'Execute container callback action'
2021-06-06T09:17:45.501-0500 [DEBUG] [org.gradle.internal.operations.DefaultBuildOperationRunner] Build operation 'Execute container callback action' started
2021-06-06T09:17:45.501-0500 [DEBUG] [org.gradle.internal.operations.DefaultBuildOperationRunner] Completing Build operation 'Execute container callback action'
2021-06-06T09:17:45.502-0500 [DEBUG] [org.gradle.internal.operations.DefaultBuildOperationRunner] Build operation 'Execute container callback action' started
2021-06-06T09:17:45.502-0500 [DEBUG] [org.gradle.internal.operations.DefaultBuildOperationRunner] Completing Build operation 'Execute container callback action'
2021-06-06T09:17:45.502-0500 [DEBUG] [org.gradle.internal.operations.DefaultBuildOperationRunner] Build operation 'Execute container callback action' started
2021-06-06T09:17:45.502-0500 [DEBUG] [org.gradle.internal.operations.DefaultBuildOperationRunner] Completing Build operation 'Execute container callback action'
2021-06-06T09:17:45.502-0500 [DEBUG] [org.gradle.internal.operations.DefaultBuildOperationRunner] Build operation 'Execute container callback action' started
2021-06-06T09:17:45.502-0500 [DEBUG] [org.gradle.internal.operations.DefaultBuildOperationRunner] Completing Build operation 'Execute container callback action'
2021-06-06T09:17:45.502-0500 [DEBUG] [org.gradle.internal.operations.DefaultBuildOperationRunner] Build operation 'Execute container callback action' started
2021-06-06T09:17:45.502-0500 [DEBUG] [org.gradle.internal.operations.DefaultBuildOperationRunner] Completing Build operation 'Execute container callback action'
2021-06-06T09:17:45.502-0500 [DEBUG] [org.gradle.internal.operations.DefaultBuildOperationRunner] Build operation 'Execute container callback action' started
2021-06-06T09:17:45.502-0500 [DEBUG] [org.gradle.internal.operations.DefaultBuildOperationRunner] Completing Build operation 'Execute container callback action'
2021-06-06T09:17:45.502-0500 [DEBUG] [org.gradle.internal.operations.DefaultBuildOperationRunner] Build operation 'Execute container callback action' started
2021-06-06T09:17:45.502-0500 [DEBUG] [org.gradle.internal.operations.DefaultBuildOperationRunner] Completing Build operation 'Execute container callback action'
2021-06-06T09:17:45.503-0500 [DEBUG] [org.gradle.internal.operations.DefaultBuildOperationRunner] Build operation 'Execute container callback action' started
2021-06-06T09:17:45.503-0500 [DEBUG] [org.gradle.internal.operations.DefaultBuildOperationRunner] Completing Build operation 'Execute container callback action'
2021-06-06T09:17:45.503-0500 [DEBUG] [org.gradle.internal.operations.DefaultBuildOperationRunner] Build operation 'Execute container callback action' started
2021-06-06T09:17:45.503-0500 [DEBUG] [org.gradle.internal.operations.DefaultBuildOperationRunner] Completing Build operation 'Execute container callback action'
2021-06-06T09:17:45.503-0500 [DEBUG] [org.gradle.internal.operations.DefaultBuildOperationRunner] Build operation 'Execute container callback action' started
2021-06-06T09:17:45.503-0500 [DEBUG] [org.gradle.internal.operations.DefaultBuildOperationRunner] Completing Build operation 'Execute container callback action'
2021-06-06T09:17:45.503-0500 [DEBUG] [org.gradle.internal.operations.DefaultBuildOperationRunner] Build operation 'Execute container callback action' started
2021-06-06T09:17:45.503-0500 [DEBUG] [org.gradle.internal.operations.DefaultBuildOperationRunner] Completing Build operation 'Execute container callback action'
2021-06-06T09:17:45.503-0500 [DEBUG] [org.gradle.internal.operations.DefaultBuildOperationRunner] Build operation 'Execute container callback action' started
2021-06-06T09:17:45.503-0500 [DEBUG] [org.gradle.internal.operations.DefaultBuildOperationRunner] Completing Build operation 'Execute container callback action'
2021-06-06T09:17:45.504-0500 [DEBUG] [org.gradle.internal.operations.DefaultBuildOperationRunner] Build operation 'Execute container callback action' started
2021-06-06T09:17:45.504-0500 [DEBUG] [org.gradle.internal.operations.DefaultBuildOperationRunner] Completing Build operation 'Execute container callback action'
2021-06-06T09:17:45.504-0500 [DEBUG] [org.gradle.internal.operations.DefaultBuildOperationRunner] Build operation 'Execute container callback action' started
2021-06-06T09:17:45.504-0500 [DEBUG] [org.gradle.internal.operations.DefaultBuildOperationRunner] Completing Build operation 'Execute container callback action'
2021-06-06T09:17:45.504-0500 [DEBUG] [org.gradle.internal.operations.DefaultBuildOperationRunner] Build operation 'Execute container callback action' started
2021-06-06T09:17:45.504-0500 [DEBUG] [org.gradle.internal.operations.DefaultBuildOperationRunner] Completing Build operation 'Execute container callback action'
2021-06-06T09:17:45.504-0500 [DEBUG] [org.gradle.internal.operations.DefaultBuildOperationRunner] Build operation 'Execute container callback action' started
2021-06-06T09:17:45.504-0500 [DEBUG] [org.gradle.internal.operations.DefaultBuildOperationRunner] Completing Build operation 'Execute container callback action'
2021-06-06T09:17:45.504-0500 [DEBUG] [org.gradle.internal.operations.DefaultBuildOperationRunner] Build operation 'Execute container callback action' started
2021-06-06T09:17:45.504-0500 [DEBUG] [org.gradle.internal.operations.DefaultBuildOperationRunner] Completing Build operation 'Execute container callback action'
2021-06-06T09:17:45.505-0500 [DEBUG] [org.gradle.internal.operations.DefaultBuildOperationRunner] Build operation 'Execute container callback action' started
2021-06-06T09:17:45.505-0500 [DEBUG] [org.gradle.internal.operations.DefaultBuildOperationRunner] Completing Build operation 'Execute container callback action'
2021-06-06T09:17:45.505-0500 [DEBUG] [org.gradle.internal.operations.DefaultBuildOperationRunner] Build operation 'Execute container callback action' started
2021-06-06T09:17:45.505-0500 [DEBUG] [org.gradle.internal.operations.DefaultBuildOperationRunner] Completing Build operation 'Execute container callback action'
2021-06-06T09:17:45.505-0500 [DEBUG] [org.gradle.internal.operations.DefaultBuildOperationRunner] Build operation 'Execute container callback action' started
2021-06-06T09:17:45.505-0500 [DEBUG] [org.gradle.internal.operations.DefaultBuildOperationRunner] Completing Build operation 'Execute container callback action'
2021-06-06T09:17:45.505-0500 [DEBUG] [org.gradle.internal.operations.DefaultBuildOperationRunner] Build operation 'Execute container callback action' started
2021-06-06T09:17:45.505-0500 [DEBUG] [org.gradle.internal.operations.DefaultBuildOperationRunner] Completing Build operation 'Execute container callback action'
2021-06-06T09:17:45.505-0500 [DEBUG] [org.gradle.internal.operations.DefaultBuildOperationRunner] Build operation 'Execute container callback action' started
2021-06-06T09:17:45.506-0500 [DEBUG] [org.gradle.internal.operations.DefaultBuildOperationRunner] Completing Build operation 'Execute container callback action'
2021-06-06T09:17:45.506-0500 [DEBUG] [org.gradle.internal.operations.DefaultBuildOperationRunner] Build operation 'Execute container callback action' started
2021-06-06T09:17:45.506-0500 [DEBUG] [org.gradle.internal.operations.DefaultBuildOperationRunner] Completing Build operation 'Execute container callback action'
2021-06-06T09:17:45.506-0500 [DEBUG] [org.gradle.internal.operations.DefaultBuildOperationRunner] Build operation 'Execute container callback action' started
2021-06-06T09:17:45.506-0500 [DEBUG] [org.gradle.internal.operations.DefaultBuildOperationRunner] Completing Build operation 'Execute container callback action'
2021-06-06T09:17:45.506-0500 [DEBUG] [org.gradle.internal.operations.DefaultBuildOperationRunner] Build operation 'Execute container callback action' started
2021-06-06T09:17:45.506-0500 [DEBUG] [org.gradle.internal.operations.DefaultBuildOperationRunner] Completing Build operation 'Execute container callback action'
2021-06-06T09:17:45.506-0500 [DEBUG] [org.gradle.internal.operations.DefaultBuildOperationRunner] Build operation 'Execute container callback action' started
2021-06-06T09:17:45.506-0500 [DEBUG] [org.gradle.internal.operations.DefaultBuildOperationRunner] Completing Build operation 'Execute container callback action'
2021-06-06T09:17:45.506-0500 [DEBUG] [org.gradle.internal.operations.DefaultBuildOperationRunner] Build operation 'Execute container callback action' started
2021-06-06T09:17:45.507-0500 [DEBUG] [org.gradle.internal.operations.DefaultBuildOperationRunner] Completing Build operation 'Execute container callback action'
2021-06-06T09:17:45.507-0500 [DEBUG] [org.gradle.internal.operations.DefaultBuildOperationRunner] Build operation 'Execute container callback action' started
2021-06-06T09:17:45.507-0500 [DEBUG] [org.gradle.internal.operations.DefaultBuildOperationRunner] Completing Build operation 'Execute container callback action'
2021-06-06T09:17:45.507-0500 [DEBUG] [org.gradle.internal.operations.DefaultBuildOperationRunner] Build operation 'Execute container callback action' started
2021-06-06T09:17:45.507-0500 [DEBUG] [org.gradle.internal.operations.DefaultBuildOperationRunner] Completing Build operation 'Execute container callback action'
2021-06-06T09:17:45.507-0500 [DEBUG] [org.gradle.internal.operations.DefaultBuildOperationRunner] Build operation 'Execute container callback action' started
2021-06-06T09:17:45.507-0500 [DEBUG] [org.gradle.internal.operations.DefaultBuildOperationRunner] Completing Build operation 'Execute container callback action'
2021-06-06T09:17:45.507-0500 [DEBUG] [org.gradle.internal.operations.DefaultBuildOperationRunner] Build operation 'Execute container callback action' started
2021-06-06T09:17:45.507-0500 [DEBUG] [org.gradle.internal.operations.DefaultBuildOperationRunner] Completing Build operation 'Execute container callback action'
2021-06-06T09:17:45.507-0500 [DEBUG] [org.gradle.internal.operations.DefaultBuildOperationRunner] Build operation 'Execute container callback action' started
2021-06-06T09:17:45.508-0500 [DEBUG] [org.gradle.internal.operations.DefaultBuildOperationRunner] Completing Build operation 'Execute container callback action'
2021-06-06T09:17:45.508-0500 [DEBUG] [org.gradle.internal.operations.DefaultBuildOperationRunner] Build operation 'Execute container callback action' started
2021-06-06T09:17:45.508-0500 [DEBUG] [org.gradle.internal.operations.DefaultBuildOperationRunner] Completing Build operation 'Execute container callback action'
2021-06-06T09:17:45.508-0500 [DEBUG] [org.gradle.internal.operations.DefaultBuildOperationRunner] Build operation 'Execute container callback action' started
2021-06-06T09:17:45.508-0500 [DEBUG] [org.gradle.internal.operations.DefaultBuildOperationRunner] Completing Build operation 'Execute container callback action'
2021-06-06T09:17:45.508-0500 [DEBUG] [org.gradle.internal.operations.DefaultBuildOperationRunner] Build operation 'Execute container callback action' started
2021-06-06T09:17:45.508-0500 [DEBUG] [org.gradle.internal.operations.DefaultBuildOperationRunner] Completing Build operation 'Execute container callback action'
2021-06-06T09:17:45.508-0500 [DEBUG] [org.gradle.internal.operations.DefaultBuildOperationRunner] Build operation 'Execute container callback action' started
2021-06-06T09:17:45.508-0500 [DEBUG] [org.gradle.internal.operations.DefaultBuildOperationRunner] Completing Build operation 'Execute container callback action'
2021-06-06T09:17:45.508-0500 [DEBUG] [org.gradle.internal.operations.DefaultBuildOperationRunner] Build operation 'Execute container callback action' started
2021-06-06T09:17:45.509-0500 [DEBUG] [org.gradle.internal.operations.DefaultBuildOperationRunner] Completing Build operation 'Execute container callback action'
2021-06-06T09:17:45.509-0500 [DEBUG] [org.gradle.internal.operations.DefaultBuildOperationRunner] Build operation 'Execute container callback action' started
2021-06-06T09:17:45.509-0500 [DEBUG] [org.gradle.internal.operations.DefaultBuildOperationRunner] Completing Build operation 'Execute container callback action'
2021-06-06T09:17:45.509-0500 [DEBUG] [org.gradle.internal.operations.DefaultBuildOperationRunner] Build operation 'Execute container callback action' started
2021-06-06T09:17:45.509-0500 [DEBUG] [org.gradle.internal.operations.DefaultBuildOperationRunner] Completing Build operation 'Execute container callback action'
2021-06-06T09:17:45.509-0500 [DEBUG] [org.gradle.internal.operations.DefaultBuildOperationRunner] Build operation 'Execute container callback action' started
2021-06-06T09:17:45.509-0500 [DEBUG] [org.gradle.internal.operations.DefaultBuildOperationRunner] Completing Build operation 'Execute container callback action'
2021-06-06T09:17:45.509-0500 [DEBUG] [org.gradle.internal.operations.DefaultBuildOperationRunner] Build operation 'Execute container callback action' started
2021-06-06T09:17:45.509-0500 [DEBUG] [org.gradle.internal.operations.DefaultBuildOperationRunner] Completing Build operation 'Execute container callback action'
2021-06-06T09:17:45.510-0500 [DEBUG] [org.gradle.internal.operations.DefaultBuildOperationRunner] Build operation 'Execute container callback action' started
2021-06-06T09:17:45.510-0500 [DEBUG] [org.gradle.internal.operations.DefaultBuildOperationRunner] Completing Build operation 'Execute container callback action'
2021-06-06T09:17:45.510-0500 [DEBUG] [org.gradle.internal.operations.DefaultBuildOperationRunner] Build operation 'Execute container callback action' started
2021-06-06T09:17:45.510-0500 [DEBUG] [org.gradle.internal.operations.DefaultBuildOperationRunner] Completing Build operation 'Execute container callback action'
2021-06-06T09:17:45.510-0500 [DEBUG] [org.gradle.internal.operations.DefaultBuildOperationRunner] Build operation 'Execute container callback action' started
2021-06-06T09:17:45.510-0500 [DEBUG] [org.gradle.internal.operations.DefaultBuildOperationRunner] Completing Build operation 'Execute container callback action'
2021-06-06T09:17:45.510-0500 [DEBUG] [org.gradle.internal.operations.DefaultBuildOperationRunner] Build operation 'Execute container callback action' started
2021-06-06T09:17:45.510-0500 [DEBUG] [org.gradle.internal.operations.DefaultBuildOperationRunner] Completing Build operation 'Execute container callback action'
2021-06-06T09:17:45.510-0500 [DEBUG] [org.gradle.internal.operations.DefaultBuildOperationRunner] Build operation 'Execute container callback action' started
2021-06-06T09:17:45.510-0500 [DEBUG] [org.gradle.internal.operations.DefaultBuildOperationRunner] Completing Build operation 'Execute container callback action'
2021-06-06T09:17:45.511-0500 [DEBUG] [org.gradle.internal.operations.DefaultBuildOperationRunner] Build operation 'Execute container callback action' started
2021-06-06T09:17:45.511-0500 [DEBUG] [org.gradle.internal.operations.DefaultBuildOperationRunner] Completing Build operation 'Execute container callback action'
2021-06-06T09:17:45.511-0500 [DEBUG] [org.gradle.internal.operations.DefaultBuildOperationRunner] Build operation 'Execute container callback action' started
2021-06-06T09:17:45.511-0500 [DEBUG] [org.gradle.internal.operations.DefaultBuildOperationRunner] Completing Build operation 'Execute container callback action'
2021-06-06T09:17:45.511-0500 [DEBUG] [org.gradle.internal.operations.DefaultBuildOperationRunner] Build operation 'Execute container callback action' started
2021-06-06T09:17:45.511-0500 [DEBUG] [org.gradle.internal.operations.DefaultBuildOperationRunner] Completing Build operation 'Execute container callback action'
2021-06-06T09:17:45.511-0500 [DEBUG] [org.gradle.internal.operations.DefaultBuildOperationRunner] Build operation 'Execute container callback action' started
2021-06-06T09:17:45.511-0500 [DEBUG] [org.gradle.internal.operations.DefaultBuildOperationRunner] Completing Build operation 'Execute container callback action'
2021-06-06T09:17:45.511-0500 [DEBUG] [org.gradle.internal.operations.DefaultBuildOperationRunner] Build operation 'Execute container callback action' started
2021-06-06T09:17:45.511-0500 [DEBUG] [org.gradle.internal.operations.DefaultBuildOperationRunner] Completing Build operation 'Execute container callback action'
2021-06-06T09:17:45.511-0500 [DEBUG] [org.gradle.internal.operations.DefaultBuildOperationRunner] Build operation 'Execute container callback action' started
2021-06-06T09:17:45.511-0500 [DEBUG] [org.gradle.internal.operations.DefaultBuildOperationRunner] Completing Build operation 'Execute container callback action'
2021-06-06T09:17:45.511-0500 [DEBUG] [org.gradle.internal.operations.DefaultBuildOperationRunner] Build operation 'Execute container callback action' started
2021-06-06T09:17:45.511-0500 [DEBUG] [org.gradle.internal.operations.DefaultBuildOperationRunner] Completing Build operation 'Execute container callback action'
2021-06-06T09:17:45.511-0500 [DEBUG] [org.gradle.internal.operations.DefaultBuildOperationRunner] Build operation 'Execute container callback action' started
2021-06-06T09:17:45.512-0500 [DEBUG] [org.gradle.internal.operations.DefaultBuildOperationRunner] Completing Build operation 'Execute container callback action'
2021-06-06T09:17:45.512-0500 [DEBUG] [org.gradle.internal.operations.DefaultBuildOperationRunner] Build operation 'Execute container callback action' started
2021-06-06T09:17:45.512-0500 [DEBUG] [org.gradle.internal.operations.DefaultBuildOperationRunner] Completing Build operation 'Execute container callback action'
2021-06-06T09:17:45.512-0500 [DEBUG] [org.gradle.internal.operations.DefaultBuildOperationRunner] Build operation 'Execute container callback action' started
2021-06-06T09:17:45.512-0500 [DEBUG] [org.gradle.internal.operations.DefaultBuildOperationRunner] Completing Build operation 'Execute container callback action'
2021-06-06T09:17:45.512-0500 [DEBUG] [org.gradle.internal.operations.DefaultBuildOperationRunner] Build operation 'Execute container callback action' started
2021-06-06T09:17:45.512-0500 [DEBUG] [org.gradle.internal.operations.DefaultBuildOperationRunner] Completing Build operation 'Execute container callback action'
2021-06-06T09:17:45.512-0500 [DEBUG] [org.gradle.internal.operations.DefaultBuildOperationRunner] Build operation 'Execute container callback action' started
2021-06-06T09:17:45.512-0500 [DEBUG] [org.gradle.internal.operations.DefaultBuildOperationRunner] Completing Build operation 'Execute container callback action'
2021-06-06T09:17:45.512-0500 [DEBUG] [org.gradle.internal.operations.DefaultBuildOperationRunner] Build operation 'Execute container callback action' started
2021-06-06T09:17:45.512-0500 [DEBUG] [org.gradle.internal.operations.DefaultBuildOperationRunner] Completing Build operation 'Execute container callback action'
2021-06-06T09:17:45.512-0500 [DEBUG] [org.gradle.internal.operations.DefaultBuildOperationRunner] Build operation 'Execute container callback action' started
2021-06-06T09:17:45.512-0500 [DEBUG] [org.gradle.internal.operations.DefaultBuildOperationRunner] Completing Build operation 'Execute container callback action'
2021-06-06T09:17:45.512-0500 [DEBUG] [org.gradle.internal.operations.DefaultBuildOperationRunner] Build operation 'Execute container callback action' started
2021-06-06T09:17:45.512-0500 [DEBUG] [org.gradle.internal.operations.DefaultBuildOperationRunner] Completing Build operation 'Execute container callback action'
2021-06-06T09:17:45.513-0500 [DEBUG] [org.gradle.internal.operations.DefaultBuildOperationRunner] Build operation 'Execute container callback action' started
2021-06-06T09:17:45.513-0500 [DEBUG] [org.gradle.internal.operations.DefaultBuildOperationRunner] Completing Build operation 'Execute container callback action'
2021-06-06T09:17:45.513-0500 [DEBUG] [org.gradle.internal.operations.DefaultBuildOperationRunner] Build operation 'Execute container callback action' started
2021-06-06T09:17:45.513-0500 [DEBUG] [org.gradle.internal.operations.DefaultBuildOperationRunner] Completing Build operation 'Execute container callback action'
2021-06-06T09:17:45.513-0500 [DEBUG] [org.gradle.internal.operations.DefaultBuildOperationRunner] Build operation 'Execute container callback action' started
2021-06-06T09:17:45.513-0500 [DEBUG] [org.gradle.internal.operations.DefaultBuildOperationRunner] Completing Build operation 'Execute container callback action'
2021-06-06T09:17:45.513-0500 [DEBUG] [org.gradle.internal.operations.DefaultBuildOperationRunner] Build operation 'Execute container callback action' started
2021-06-06T09:17:45.513-0500 [DEBUG] [org.gradle.internal.operations.DefaultBuildOperationRunner] Completing Build operation 'Execute container callback action'
2021-06-06T09:17:45.513-0500 [DEBUG] [org.gradle.internal.operations.DefaultBuildOperationRunner] Build operation 'Execute container callback action' started
2021-06-06T09:17:45.513-0500 [DEBUG] [org.gradle.internal.operations.DefaultBuildOperationRunner] Completing Build operation 'Execute container callback action'
2021-06-06T09:17:45.513-0500 [DEBUG] [org.gradle.internal.operations.DefaultBuildOperationRunner] Build operation 'Execute container callback action' started
2021-06-06T09:17:45.513-0500 [DEBUG] [org.gradle.internal.operations.DefaultBuildOperationRunner] Completing Build operation 'Execute container callback action'
2021-06-06T09:17:45.513-0500 [DEBUG] [org.gradle.internal.operations.DefaultBuildOperationRunner] Build operation 'Execute container callback action' started
2021-06-06T09:17:45.513-0500 [DEBUG] [org.gradle.internal.operations.DefaultBuildOperationRunner] Completing Build operation 'Execute container callback action'
2021-06-06T09:17:45.513-0500 [DEBUG] [org.gradle.internal.operations.DefaultBuildOperationRunner] Build operation 'Execute container callback action' started
2021-06-06T09:17:45.514-0500 [DEBUG] [org.gradle.internal.operations.DefaultBuildOperationRunner] Completing Build operation 'Execute container callback action'
2021-06-06T09:17:45.514-0500 [DEBUG] [org.gradle.internal.operations.DefaultBuildOperationRunner] Build operation 'Execute container callback action' started
2021-06-06T09:17:45.514-0500 [DEBUG] [org.gradle.internal.operations.DefaultBuildOperationRunner] Completing Build operation 'Execute container callback action'
2021-06-06T09:17:45.514-0500 [DEBUG] [org.gradle.internal.operations.DefaultBuildOperationRunner] Build operation 'Execute container callback action' started
2021-06-06T09:17:45.514-0500 [DEBUG] [org.gradle.internal.operations.DefaultBuildOperationRunner] Completing Build operation 'Execute container callback action'
2021-06-06T09:17:45.514-0500 [DEBUG] [org.gradle.internal.operations.DefaultBuildOperationRunner] Build operation 'Execute container callback action' started
2021-06-06T09:17:45.514-0500 [DEBUG] [org.gradle.internal.operations.DefaultBuildOperationRunner] Completing Build operation 'Execute container callback action'
2021-06-06T09:17:45.514-0500 [DEBUG] [org.gradle.internal.operations.DefaultBuildOperationRunner] Build operation 'Execute container callback action' started
2021-06-06T09:17:45.514-0500 [DEBUG] [org.gradle.internal.operations.DefaultBuildOperationRunner] Completing Build operation 'Execute container callback action'
2021-06-06T09:17:45.514-0500 [DEBUG] [org.gradle.internal.operations.DefaultBuildOperationRunner] Build operation 'Execute container callback action' started
2021-06-06T09:17:45.514-0500 [DEBUG] [org.gradle.internal.operations.DefaultBuildOperationRunner] Completing Build operation 'Execute container callback action'
2021-06-06T09:17:45.514-0500 [DEBUG] [org.gradle.internal.operations.DefaultBuildOperationRunner] Build operation 'Execute container callback action' started
2021-06-06T09:17:45.514-0500 [DEBUG] [org.gradle.internal.operations.DefaultBuildOperationRunner] Completing Build operation 'Execute container callback action'
2021-06-06T09:17:45.514-0500 [DEBUG] [org.gradle.internal.operations.DefaultBuildOperationRunner] Build operation 'Execute container callback action' started
2021-06-06T09:17:45.514-0500 [DEBUG] [org.gradle.internal.operations.DefaultBuildOperationRunner] Completing Build operation 'Execute container callback action'
2021-06-06T09:17:45.515-0500 [DEBUG] [org.gradle.internal.operations.DefaultBuildOperationRunner] Build operation 'Execute container callback action' started
2021-06-06T09:17:45.515-0500 [DEBUG] [org.gradle.internal.operations.DefaultBuildOperationRunner] Completing Build operation 'Execute container callback action'
2021-06-06T09:17:45.515-0500 [DEBUG] [org.gradle.internal.operations.DefaultBuildOperationRunner] Build operation 'Execute container callback action' started
2021-06-06T09:17:45.515-0500 [DEBUG] [org.gradle.internal.operations.DefaultBuildOperationRunner] Completing Build operation 'Execute container callback action'
2021-06-06T09:17:45.515-0500 [DEBUG] [org.gradle.internal.operations.DefaultBuildOperationRunner] Build operation 'Execute container callback action' started
2021-06-06T09:17:45.515-0500 [DEBUG] [org.gradle.internal.operations.DefaultBuildOperationRunner] Completing Build operation 'Execute container callback action'
2021-06-06T09:17:45.515-0500 [DEBUG] [org.gradle.internal.operations.DefaultBuildOperationRunner] Build operation 'Execute container callback action' started
2021-06-06T09:17:45.515-0500 [DEBUG] [org.gradle.internal.operations.DefaultBuildOperationRunner] Completing Build operation 'Execute container callback action'
2021-06-06T09:17:45.515-0500 [DEBUG] [org.gradle.internal.operations.DefaultBuildOperationRunner] Build operation 'Execute container callback action' started
2021-06-06T09:17:45.515-0500 [DEBUG] [org.gradle.internal.operations.DefaultBuildOperationRunner] Completing Build operation 'Execute container callback action'
2021-06-06T09:17:45.515-0500 [DEBUG] [org.gradle.internal.operations.DefaultBuildOperationRunner] Build operation 'Execute container callback action' started
2021-06-06T09:17:45.515-0500 [DEBUG] [org.gradle.internal.operations.DefaultBuildOperationRunner] Completing Build operation 'Execute container callback action'
2021-06-06T09:17:45.515-0500 [DEBUG] [org.gradle.internal.operations.DefaultBuildOperationRunner] Build operation 'Execute container callback action' started
2021-06-06T09:17:45.515-0500 [DEBUG] [org.gradle.internal.operations.DefaultBuildOperationRunner] Completing Build operation 'Execute container callback action'
2021-06-06T09:17:45.515-0500 [DEBUG] [org.gradle.internal.operations.DefaultBuildOperationRunner] Build operation 'Execute container callback action' started
2021-06-06T09:17:45.515-0500 [DEBUG] [org.gradle.internal.operations.DefaultBuildOperationRunner] Completing Build operation 'Execute container callback action'
2021-06-06T09:17:45.516-0500 [DEBUG] [org.gradle.internal.operations.DefaultBuildOperationRunner] Build operation 'Execute container callback action' started
2021-06-06T09:17:45.516-0500 [DEBUG] [org.gradle.internal.operations.DefaultBuildOperationRunner] Completing Build operation 'Execute container callback action'
2021-06-06T09:17:45.516-0500 [DEBUG] [org.gradle.internal.operations.DefaultBuildOperationRunner] Build operation 'Execute container callback action' started
2021-06-06T09:17:45.516-0500 [DEBUG] [org.gradle.internal.operations.DefaultBuildOperationRunner] Completing Build operation 'Execute container callback action'
2021-06-06T09:17:45.516-0500 [DEBUG] [org.gradle.internal.operations.DefaultBuildOperationRunner] Build operation 'Execute container callback action' started
2021-06-06T09:17:45.516-0500 [DEBUG] [org.gradle.internal.operations.DefaultBuildOperationRunner] Completing Build operation 'Execute container callback action'
2021-06-06T09:17:45.516-0500 [DEBUG] [org.gradle.internal.operations.DefaultBuildOperationRunner] Build operation 'Execute container callback action' started
2021-06-06T09:17:45.516-0500 [DEBUG] [org.gradle.internal.operations.DefaultBuildOperationRunner] Completing Build operation 'Execute container callback action'
2021-06-06T09:17:45.516-0500 [DEBUG] [org.gradle.internal.operations.DefaultBuildOperationRunner] Build operation 'Execute container callback action' started
2021-06-06T09:17:45.516-0500 [DEBUG] [org.gradle.internal.operations.DefaultBuildOperationRunner] Completing Build operation 'Execute container callback action'
2021-06-06T09:17:45.516-0500 [DEBUG] [org.gradle.internal.operations.DefaultBuildOperationRunner] Build operation 'Execute container callback action' started
2021-06-06T09:17:45.516-0500 [DEBUG] [org.gradle.internal.operations.DefaultBuildOperationRunner] Completing Build operation 'Execute container callback action'
2021-06-06T09:17:45.516-0500 [DEBUG] [org.gradle.internal.operations.DefaultBuildOperationRunner] Build operation 'Execute container callback action' started
2021-06-06T09:17:45.516-0500 [DEBUG] [org.gradle.internal.operations.DefaultBuildOperationRunner] Completing Build operation 'Execute container callback action'
2021-06-06T09:17:45.516-0500 [DEBUG] [org.gradle.internal.operations.DefaultBuildOperationRunner] Build operation 'Execute container callback action' started
2021-06-06T09:17:45.517-0500 [DEBUG] [org.gradle.internal.operations.DefaultBuildOperationRunner] Completing Build operation 'Execute container callback action'
2021-06-06T09:17:45.517-0500 [DEBUG] [org.gradle.internal.operations.DefaultBuildOperationRunner] Build operation 'Execute container callback action' started
2021-06-06T09:17:45.517-0500 [DEBUG] [org.gradle.internal.operations.DefaultBuildOperationRunner] Completing Build operation 'Execute container callback action'
2021-06-06T09:17:45.607-0500 [DEBUG] [org.gradle.internal.operations.DefaultBuildOperationRunner] Build operation 'Execute container callback action' started
2021-06-06T09:17:45.612-0500 [DEBUG] [org.gradle.internal.operations.DefaultBuildOperationRunner] Build operation 'Execute container callback action' started
2021-06-06T09:17:45.612-0500 [DEBUG] [org.gradle.internal.operations.DefaultBuildOperationRunner] Completing Build operation 'Execute container callback action'
2021-06-06T09:17:45.612-0500 [DEBUG] [org.gradle.internal.operations.DefaultBuildOperationRunner] Build operation 'Execute container callback action' started
2021-06-06T09:17:45.612-0500 [DEBUG] [org.gradle.internal.operations.DefaultBuildOperationRunner] Completing Build operation 'Execute container callback action'
2021-06-06T09:17:45.612-0500 [DEBUG] [org.gradle.internal.operations.DefaultBuildOperationRunner] Build operation 'Execute container callback action' started
2021-06-06T09:17:45.612-0500 [DEBUG] [org.gradle.internal.operations.DefaultBuildOperationRunner] Completing Build operation 'Execute container callback action'
2021-06-06T09:17:45.612-0500 [DEBUG] [org.gradle.internal.operations.DefaultBuildOperationRunner] Build operation 'Execute container callback action' started
2021-06-06T09:17:45.612-0500 [DEBUG] [org.gradle.internal.operations.DefaultBuildOperationRunner] Completing Build operation 'Execute container callback action'
2021-06-06T09:17:45.612-0500 [DEBUG] [org.gradle.internal.operations.DefaultBuildOperationRunner] Build operation 'Execute container callback action' started
2021-06-06T09:17:45.612-0500 [DEBUG] [org.gradle.internal.operations.DefaultBuildOperationRunner] Completing Build operation 'Execute container callback action'
2021-06-06T09:17:45.620-0500 [DEBUG] [org.gradle.internal.operations.DefaultBuildOperationRunner] Build operation 'Execute container callback action' started
2021-06-06T09:17:45.620-0500 [DEBUG] [org.gradle.internal.operations.DefaultBuildOperationRunner] Completing Build operation 'Execute container callback action'
2021-06-06T09:17:45.620-0500 [DEBUG] [org.gradle.internal.operations.DefaultBuildOperationRunner] Build operation 'Execute container callback action' started
2021-06-06T09:17:45.620-0500 [DEBUG] [org.gradle.internal.operations.DefaultBuildOperationRunner] Completing Build operation 'Execute container callback action'
2021-06-06T09:17:45.620-0500 [DEBUG] [org.gradle.internal.operations.DefaultBuildOperationRunner] Build operation 'Execute container callback action' started
2021-06-06T09:17:45.621-0500 [DEBUG] [org.gradle.internal.operations.DefaultBuildOperationRunner] Completing Build operation 'Execute container callback action'
2021-06-06T09:17:45.621-0500 [DEBUG] [org.gradle.internal.operations.DefaultBuildOperationRunner] Build operation 'Execute container callback action' started
2021-06-06T09:17:45.621-0500 [DEBUG] [org.gradle.internal.operations.DefaultBuildOperationRunner] Completing Build operation 'Execute container callback action'
2021-06-06T09:17:45.621-0500 [DEBUG] [org.gradle.internal.operations.DefaultBuildOperationRunner] Build operation 'Execute container callback action' started
2021-06-06T09:17:45.621-0500 [DEBUG] [org.gradle.internal.operations.DefaultBuildOperationRunner] Completing Build operation 'Execute container callback action'
2021-06-06T09:17:45.621-0500 [DEBUG] [org.gradle.internal.operations.DefaultBuildOperationRunner] Build operation 'Execute container callback action' started
2021-06-06T09:17:45.621-0500 [DEBUG] [org.gradle.internal.operations.DefaultBuildOperationRunner] Completing Build operation 'Execute container callback action'
2021-06-06T09:17:45.622-0500 [DEBUG] [org.gradle.internal.operations.DefaultBuildOperationRunner] Build operation 'Execute container callback action' started
2021-06-06T09:17:45.622-0500 [DEBUG] [org.gradle.internal.operations.DefaultBuildOperationRunner] Completing Build operation 'Execute container callback action'
2021-06-06T09:17:45.622-0500 [DEBUG] [org.gradle.internal.operations.DefaultBuildOperationRunner] Build operation 'Execute container callback action' started
2021-06-06T09:17:45.622-0500 [DEBUG] [org.gradle.internal.operations.DefaultBuildOperationRunner] Completing Build operation 'Execute container callback action'
2021-06-06T09:17:45.622-0500 [DEBUG] [org.gradle.internal.operations.DefaultBuildOperationRunner] Build operation 'Execute container callback action' started
2021-06-06T09:17:45.622-0500 [DEBUG] [org.gradle.internal.operations.DefaultBuildOperationRunner] Completing Build operation 'Execute container callback action'
2021-06-06T09:17:45.622-0500 [DEBUG] [org.gradle.internal.operations.DefaultBuildOperationRunner] Build operation 'Execute container callback action' started
2021-06-06T09:17:45.622-0500 [DEBUG] [org.gradle.internal.operations.DefaultBuildOperationRunner] Completing Build operation 'Execute container callback action'
2021-06-06T09:17:45.623-0500 [DEBUG] [org.gradle.internal.operations.DefaultBuildOperationRunner] Build operation 'Execute container callback action' started
2021-06-06T09:17:45.623-0500 [DEBUG] [org.gradle.internal.operations.DefaultBuildOperationRunner] Completing Build operation 'Execute container callback action'
2021-06-06T09:17:45.623-0500 [DEBUG] [org.gradle.internal.operations.DefaultBuildOperationRunner] Build operation 'Execute container callback action' started
2021-06-06T09:17:45.623-0500 [DEBUG] [org.gradle.internal.operations.DefaultBuildOperationRunner] Completing Build operation 'Execute container callback action'
2021-06-06T09:17:45.623-0500 [DEBUG] [org.gradle.internal.operations.DefaultBuildOperationRunner] Build operation 'Execute container callback action' started
2021-06-06T09:17:45.623-0500 [DEBUG] [org.gradle.internal.operations.DefaultBuildOperationRunner] Completing Build operation 'Execute container callback action'
2021-06-06T09:17:45.624-0500 [DEBUG] [org.gradle.internal.operations.DefaultBuildOperationRunner] Build operation 'Execute container callback action' started
2021-06-06T09:17:45.624-0500 [DEBUG] [org.gradle.internal.operations.DefaultBuildOperationRunner] Completing Build operation 'Execute container callback action'
2021-06-06T09:17:45.624-0500 [DEBUG] [org.gradle.internal.operations.DefaultBuildOperationRunner] Build operation 'Execute container callback action' started
2021-06-06T09:17:45.624-0500 [DEBUG] [org.gradle.internal.operations.DefaultBuildOperationRunner] Completing Build operation 'Execute container callback action'
2021-06-06T09:17:45.625-0500 [DEBUG] [org.gradle.internal.operations.DefaultBuildOperationRunner] Build operation 'Execute container callback action' started
2021-06-06T09:17:45.625-0500 [DEBUG] [org.gradle.internal.operations.DefaultBuildOperationRunner] Completing Build operation 'Execute container callback action'
2021-06-06T09:17:45.625-0500 [DEBUG] [org.gradle.internal.operations.DefaultBuildOperationRunner] Build operation 'Execute container callback action' started
2021-06-06T09:17:45.625-0500 [DEBUG] [org.gradle.internal.operations.DefaultBuildOperationRunner] Completing Build operation 'Execute container callback action'
2021-06-06T09:17:45.625-0500 [DEBUG] [org.gradle.internal.operations.DefaultBuildOperationRunner] Build operation 'Execute container callback action' started
2021-06-06T09:17:45.625-0500 [DEBUG] [org.gradle.internal.operations.DefaultBuildOperationRunner] Completing Build operation 'Execute container callback action'
2021-06-06T09:17:45.625-0500 [DEBUG] [org.gradle.internal.operations.DefaultBuildOperationRunner] Build operation 'Execute container callback action' started
2021-06-06T09:17:45.625-0500 [DEBUG] [org.gradle.internal.operations.DefaultBuildOperationRunner] Completing Build operation 'Execute container callback action'
2021-06-06T09:17:45.625-0500 [DEBUG] [org.gradle.internal.operations.DefaultBuildOperationRunner] Build operation 'Execute container callback action' started
2021-06-06T09:17:45.625-0500 [DEBUG] [org.gradle.internal.operations.DefaultBuildOperationRunner] Completing Build operation 'Execute container callback action'
2021-06-06T09:17:45.626-0500 [DEBUG] [org.gradle.internal.operations.DefaultBuildOperationRunner] Build operation 'Execute container callback action' started
2021-06-06T09:17:45.626-0500 [DEBUG] [org.gradle.internal.operations.DefaultBuildOperationRunner] Completing Build operation 'Execute container callback action'
2021-06-06T09:17:45.626-0500 [DEBUG] [org.gradle.internal.operations.DefaultBuildOperationRunner] Build operation 'Execute container callback action' started
2021-06-06T09:17:45.626-0500 [DEBUG] [org.gradle.internal.operations.DefaultBuildOperationRunner] Completing Build operation 'Execute container callback action'
2021-06-06T09:17:45.626-0500 [DEBUG] [org.gradle.internal.operations.DefaultBuildOperationRunner] Build operation 'Execute container callback action' started
2021-06-06T09:17:45.626-0500 [DEBUG] [org.gradle.internal.operations.DefaultBuildOperationRunner] Completing Build operation 'Execute container callback action'
2021-06-06T09:17:45.627-0500 [DEBUG] [org.gradle.internal.operations.DefaultBuildOperationRunner] Build operation 'Execute container callback action' started
2021-06-06T09:17:45.627-0500 [DEBUG] [org.gradle.internal.operations.DefaultBuildOperationRunner] Completing Build operation 'Execute container callback action'
2021-06-06T09:17:45.627-0500 [DEBUG] [org.gradle.internal.operations.DefaultBuildOperationRunner] Build operation 'Execute container callback action' started
2021-06-06T09:17:45.627-0500 [DEBUG] [org.gradle.internal.operations.DefaultBuildOperationRunner] Completing Build operation 'Execute container callback action'
2021-06-06T09:17:45.649-0500 [DEBUG] [org.gradle.internal.operations.DefaultBuildOperationRunner] Build operation 'Execute container callback action' started
2021-06-06T09:17:45.649-0500 [DEBUG] [org.gradle.internal.operations.DefaultBuildOperationRunner] Completing Build operation 'Execute container callback action'
2021-06-06T09:17:45.649-0500 [DEBUG] [org.gradle.internal.operations.DefaultBuildOperationRunner] Build operation 'Execute container callback action' started
2021-06-06T09:17:45.650-0500 [DEBUG] [org.gradle.internal.operations.DefaultBuildOperationRunner] Completing Build operation 'Execute container callback action'
2021-06-06T09:17:45.650-0500 [DEBUG] [org.gradle.internal.operations.DefaultBuildOperationRunner] Build operation 'Execute container callback action' started
2021-06-06T09:17:45.650-0500 [DEBUG] [org.gradle.internal.operations.DefaultBuildOperationRunner] Completing Build operation 'Execute container callback action'
2021-06-06T09:17:45.650-0500 [DEBUG] [org.gradle.internal.operations.DefaultBuildOperationRunner] Build operation 'Execute container callback action' started
2021-06-06T09:17:45.650-0500 [DEBUG] [org.gradle.internal.operations.DefaultBuildOperationRunner] Completing Build operation 'Execute container callback action'
2021-06-06T09:17:45.650-0500 [DEBUG] [org.gradle.internal.operations.DefaultBuildOperationRunner] Build operation 'Execute container callback action' started
2021-06-06T09:17:45.650-0500 [DEBUG] [org.gradle.internal.operations.DefaultBuildOperationRunner] Completing Build operation 'Execute container callback action'
2021-06-06T09:17:45.650-0500 [DEBUG] [org.gradle.internal.operations.DefaultBuildOperationRunner] Build operation 'Execute container callback action' started
2021-06-06T09:17:45.650-0500 [DEBUG] [org.gradle.internal.operations.DefaultBuildOperationRunner] Completing Build operation 'Execute container callback action'
2021-06-06T09:17:45.650-0500 [DEBUG] [org.gradle.internal.operations.DefaultBuildOperationRunner] Build operation 'Execute container callback action' started
2021-06-06T09:17:45.650-0500 [DEBUG] [org.gradle.internal.operations.DefaultBuildOperationRunner] Completing Build operation 'Execute container callback action'
2021-06-06T09:17:45.651-0500 [DEBUG] [org.gradle.internal.operations.DefaultBuildOperationRunner] Build operation 'Execute container callback action' started
2021-06-06T09:17:45.651-0500 [DEBUG] [org.gradle.internal.operations.DefaultBuildOperationRunner] Completing Build operation 'Execute container callback action'
2021-06-06T09:17:45.651-0500 [DEBUG] [org.gradle.internal.operations.DefaultBuildOperationRunner] Build operation 'Execute container callback action' started
2021-06-06T09:17:45.651-0500 [DEBUG] [org.gradle.internal.operations.DefaultBuildOperationRunner] Completing Build operation 'Execute container callback action'
2021-06-06T09:17:45.651-0500 [DEBUG] [org.gradle.internal.operations.DefaultBuildOperationRunner] Build operation 'Execute container callback action' started
2021-06-06T09:17:45.651-0500 [DEBUG] [org.gradle.internal.operations.DefaultBuildOperationRunner] Completing Build operation 'Execute container callback action'
2021-06-06T09:17:45.651-0500 [DEBUG] [org.gradle.internal.operations.DefaultBuildOperationRunner] Build operation 'Execute container callback action' started
2021-06-06T09:17:45.651-0500 [DEBUG] [org.gradle.internal.operations.DefaultBuildOperationRunner] Completing Build operation 'Execute container callback action'
2021-06-06T09:17:45.651-0500 [DEBUG] [org.gradle.internal.operations.DefaultBuildOperationRunner] Build operation 'Execute container callback action' started
2021-06-06T09:17:45.651-0500 [DEBUG] [org.gradle.internal.operations.DefaultBuildOperationRunner] Completing Build operation 'Execute container callback action'
2021-06-06T09:17:45.651-0500 [DEBUG] [org.gradle.internal.operations.DefaultBuildOperationRunner] Build operation 'Execute container callback action' started
2021-06-06T09:17:45.651-0500 [DEBUG] [org.gradle.internal.operations.DefaultBuildOperationRunner] Completing Build operation 'Execute container callback action'
2021-06-06T09:17:45.651-0500 [DEBUG] [org.gradle.internal.operations.DefaultBuildOperationRunner] Build operation 'Execute container callback action' started
2021-06-06T09:17:45.652-0500 [DEBUG] [org.gradle.internal.operations.DefaultBuildOperationRunner] Completing Build operation 'Execute container callback action'
2021-06-06T09:17:45.652-0500 [DEBUG] [org.gradle.internal.operations.DefaultBuildOperationRunner] Build operation 'Execute container callback action' started
2021-06-06T09:17:45.652-0500 [DEBUG] [org.gradle.internal.operations.DefaultBuildOperationRunner] Completing Build operation 'Execute container callback action'
2021-06-06T09:17:45.652-0500 [DEBUG] [org.gradle.internal.operations.DefaultBuildOperationRunner] Build operation 'Execute container callback action' started
2021-06-06T09:17:45.652-0500 [DEBUG] [org.gradle.internal.operations.DefaultBuildOperationRunner] Completing Build operation 'Execute container callback action'
2021-06-06T09:17:45.652-0500 [DEBUG] [org.gradle.internal.operations.DefaultBuildOperationRunner] Build operation 'Execute container callback action' started
2021-06-06T09:17:45.652-0500 [DEBUG] [org.gradle.internal.operations.DefaultBuildOperationRunner] Completing Build operation 'Execute container callback action'
2021-06-06T09:17:45.652-0500 [DEBUG] [org.gradle.internal.operations.DefaultBuildOperationRunner] Build operation 'Execute container callback action' started
2021-06-06T09:17:45.652-0500 [DEBUG] [org.gradle.internal.operations.DefaultBuildOperationRunner] Completing Build operation 'Execute container callback action'
2021-06-06T09:17:45.652-0500 [DEBUG] [org.gradle.internal.operations.DefaultBuildOperationRunner] Build operation 'Execute container callback action' started
2021-06-06T09:17:45.652-0500 [DEBUG] [org.gradle.internal.operations.DefaultBuildOperationRunner] Completing Build operation 'Execute container callback action'
2021-06-06T09:17:45.652-0500 [DEBUG] [org.gradle.internal.operations.DefaultBuildOperationRunner] Build operation 'Execute container callback action' started
2021-06-06T09:17:45.652-0500 [DEBUG] [org.gradle.internal.operations.DefaultBuildOperationRunner] Completing Build operation 'Execute container callback action'
2021-06-06T09:17:45.653-0500 [DEBUG] [org.gradle.internal.operations.DefaultBuildOperationRunner] Build operation 'Execute container callback action' started
2021-06-06T09:17:45.653-0500 [DEBUG] [org.gradle.internal.operations.DefaultBuildOperationRunner] Completing Build operation 'Execute container callback action'
2021-06-06T09:17:45.653-0500 [DEBUG] [org.gradle.internal.operations.DefaultBuildOperationRunner] Build operation 'Execute container callback action' started
2021-06-06T09:17:45.653-0500 [DEBUG] [org.gradle.internal.operations.DefaultBuildOperationRunner] Completing Build operation 'Execute container callback action'
2021-06-06T09:17:45.653-0500 [DEBUG] [org.gradle.internal.operations.DefaultBuildOperationRunner] Build operation 'Execute container callback action' started
2021-06-06T09:17:45.653-0500 [DEBUG] [org.gradle.internal.operations.DefaultBuildOperationRunner] Completing Build operation 'Execute container callback action'
2021-06-06T09:17:45.654-0500 [DEBUG] [org.gradle.internal.operations.DefaultBuildOperationRunner] Build operation 'Execute container callback action' started
2021-06-06T09:17:45.654-0500 [DEBUG] [org.gradle.internal.operations.DefaultBuildOperationRunner] Completing Build operation 'Execute container callback action'
2021-06-06T09:17:45.654-0500 [DEBUG] [org.gradle.internal.operations.DefaultBuildOperationRunner] Build operation 'Execute container callback action' started
2021-06-06T09:17:45.654-0500 [DEBUG] [org.gradle.internal.operations.DefaultBuildOperationRunner] Completing Build operation 'Execute container callback action'
2021-06-06T09:17:45.662-0500 [DEBUG] [org.gradle.internal.operations.DefaultBuildOperationRunner] Build operation 'Register task :app:compileDebugAndroidTestKotlin' started
2021-06-06T09:17:45.662-0500 [DEBUG] [org.gradle.internal.operations.DefaultBuildOperationRunner] Completing Build operation 'Register task :app:compileDebugAndroidTestKotlin'
2021-06-06T09:17:45.676-0500 [DEBUG] [org.gradle.internal.operations.DefaultBuildOperationRunner] Completing Build operation 'Execute container callback action'
2021-06-06T09:17:45.679-0500 [DEBUG] [org.gradle.internal.operations.DefaultBuildOperationRunner] Build operation 'Execute container callback action' started
2021-06-06T09:17:45.680-0500 [DEBUG] [org.gradle.internal.operations.DefaultBuildOperationRunner] Build operation 'Execute container callback action' started
2021-06-06T09:17:45.680-0500 [DEBUG] [org.gradle.internal.operations.DefaultBuildOperationRunner] Completing Build operation 'Execute container callback action'
2021-06-06T09:17:45.680-0500 [DEBUG] [org.gradle.internal.operations.DefaultBuildOperationRunner] Build operation 'Execute container callback action' started
2021-06-06T09:17:45.680-0500 [DEBUG] [org.gradle.internal.operations.DefaultBuildOperationRunner] Completing Build operation 'Execute container callback action'
2021-06-06T09:17:45.680-0500 [DEBUG] [org.gradle.internal.operations.DefaultBuildOperationRunner] Build operation 'Execute container callback action' started
2021-06-06T09:17:45.680-0500 [DEBUG] [org.gradle.internal.operations.DefaultBuildOperationRunner] Completing Build operation 'Execute container callback action'
2021-06-06T09:17:45.680-0500 [DEBUG] [org.gradle.internal.operations.DefaultBuildOperationRunner] Build operation 'Execute container callback action' started
2021-06-06T09:17:45.680-0500 [DEBUG] [org.gradle.internal.operations.DefaultBuildOperationRunner] Completing Build operation 'Execute container callback action'
2021-06-06T09:17:45.680-0500 [DEBUG] [org.gradle.internal.operations.DefaultBuildOperationRunner] Build operation 'Execute container callback action' started
2021-06-06T09:17:45.680-0500 [DEBUG] [org.gradle.internal.operations.DefaultBuildOperationRunner] Completing Build operation 'Execute container callback action'
2021-06-06T09:17:45.681-0500 [DEBUG] [org.gradle.internal.operations.DefaultBuildOperationRunner] Build operation 'Execute container callback action' started
2021-06-06T09:17:45.681-0500 [DEBUG] [org.gradle.internal.operations.DefaultBuildOperationRunner] Completing Build operation 'Execute container callback action'
2021-06-06T09:17:45.681-0500 [DEBUG] [org.gradle.internal.operations.DefaultBuildOperationRunner] Build operation 'Execute container callback action' started
2021-06-06T09:17:45.681-0500 [DEBUG] [org.gradle.internal.operations.DefaultBuildOperationRunner] Completing Build operation 'Execute container callback action'
2021-06-06T09:17:45.681-0500 [DEBUG] [org.gradle.internal.operations.DefaultBuildOperationRunner] Build operation 'Execute container callback action' started
2021-06-06T09:17:45.681-0500 [DEBUG] [org.gradle.internal.operations.DefaultBuildOperationRunner] Completing Build operation 'Execute container callback action'
2021-06-06T09:17:45.681-0500 [DEBUG] [org.gradle.internal.operations.DefaultBuildOperationRunner] Build operation 'Execute container callback action' started
2021-06-06T09:17:45.681-0500 [DEBUG] [org.gradle.internal.operations.DefaultBuildOperationRunner] Completing Build operation 'Execute container callback action'
2021-06-06T09:17:45.681-0500 [DEBUG] [org.gradle.internal.operations.DefaultBuildOperationRunner] Build operation 'Execute container callback action' started
2021-06-06T09:17:45.681-0500 [DEBUG] [org.gradle.internal.operations.DefaultBuildOperationRunner] Completing Build operation 'Execute container callback action'
2021-06-06T09:17:45.682-0500 [DEBUG] [org.gradle.internal.operations.DefaultBuildOperationRunner] Build operation 'Execute container callback action' started
2021-06-06T09:17:45.682-0500 [DEBUG] [org.gradle.internal.operations.DefaultBuildOperationRunner] Completing Build operation 'Execute container callback action'
2021-06-06T09:17:45.682-0500 [DEBUG] [org.gradle.internal.operations.DefaultBuildOperationRunner] Build operation 'Execute container callback action' started
2021-06-06T09:17:45.682-0500 [DEBUG] [org.gradle.internal.operations.DefaultBuildOperationRunner] Completing Build operation 'Execute container callback action'
2021-06-06T09:17:45.682-0500 [DEBUG] [org.gradle.internal.operations.DefaultBuildOperationRunner] Build operation 'Execute container callback action' started
2021-06-06T09:17:45.682-0500 [DEBUG] [org.gradle.internal.operations.DefaultBuildOperationRunner] Completing Build operation 'Execute container callback action'
2021-06-06T09:17:45.682-0500 [DEBUG] [org.gradle.internal.operations.DefaultBuildOperationRunner] Build operation 'Execute container callback action' started
2021-06-06T09:17:45.682-0500 [DEBUG] [org.gradle.internal.operations.DefaultBuildOperationRunner] Completing Build operation 'Execute container callback action'
2021-06-06T09:17:45.683-0500 [DEBUG] [org.gradle.internal.operations.DefaultBuildOperationRunner] Build operation 'Execute container callback action' started
2021-06-06T09:17:45.683-0500 [DEBUG] [org.gradle.internal.operations.DefaultBuildOperationRunner] Completing Build operation 'Execute container callback action'
2021-06-06T09:17:45.683-0500 [DEBUG] [org.gradle.internal.operations.DefaultBuildOperationRunner] Build operation 'Execute container callback action' started
2021-06-06T09:17:45.683-0500 [DEBUG] [org.gradle.internal.operations.DefaultBuildOperationRunner] Completing Build operation 'Execute container callback action'
2021-06-06T09:17:45.683-0500 [DEBUG] [org.gradle.internal.operations.DefaultBuildOperationRunner] Build operation 'Execute container callback action' started
2021-06-06T09:17:45.683-0500 [DEBUG] [org.gradle.internal.operations.DefaultBuildOperationRunner] Completing Build operation 'Execute container callback action'
2021-06-06T09:17:45.683-0500 [DEBUG] [org.gradle.internal.operations.DefaultBuildOperationRunner] Build operation 'Execute container callback action' started
2021-06-06T09:17:45.683-0500 [DEBUG] [org.gradle.internal.operations.DefaultBuildOperationRunner] Completing Build operation 'Execute container callback action'
2021-06-06T09:17:45.683-0500 [DEBUG] [org.gradle.internal.operations.DefaultBuildOperationRunner] Build operation 'Execute container callback action' started
2021-06-06T09:17:45.684-0500 [DEBUG] [org.gradle.internal.operations.DefaultBuildOperationRunner] Completing Build operation 'Execute container callback action'
2021-06-06T09:17:45.684-0500 [DEBUG] [org.gradle.internal.operations.DefaultBuildOperationRunner] Build operation 'Execute container callback action' started
2021-06-06T09:17:45.684-0500 [DEBUG] [org.gradle.internal.operations.DefaultBuildOperationRunner] Completing Build operation 'Execute container callback action'
2021-06-06T09:17:45.684-0500 [DEBUG] [org.gradle.internal.operations.DefaultBuildOperationRunner] Build operation 'Execute container callback action' started
2021-06-06T09:17:45.684-0500 [DEBUG] [org.gradle.internal.operations.DefaultBuildOperationRunner] Completing Build operation 'Execute container callback action'
2021-06-06T09:17:45.684-0500 [DEBUG] [org.gradle.internal.operations.DefaultBuildOperationRunner] Build operation 'Execute container callback action' started
2021-06-06T09:17:45.684-0500 [DEBUG] [org.gradle.internal.operations.DefaultBuildOperationRunner] Completing Build operation 'Execute container callback action'
2021-06-06T09:17:45.684-0500 [DEBUG] [org.gradle.internal.operations.DefaultBuildOperationRunner] Build operation 'Execute container callback action' started
2021-06-06T09:17:45.684-0500 [DEBUG] [org.gradle.internal.operations.DefaultBuildOperationRunner] Completing Build operation 'Execute container callback action'
2021-06-06T09:17:45.684-0500 [DEBUG] [org.gradle.internal.operations.DefaultBuildOperationRunner] Build operation 'Execute container callback action' started
2021-06-06T09:17:45.685-0500 [DEBUG] [org.gradle.internal.operations.DefaultBuildOperationRunner] Completing Build operation 'Execute container callback action'
2021-06-06T09:17:45.685-0500 [DEBUG] [org.gradle.internal.operations.DefaultBuildOperationRunner] Build operation 'Execute container callback action' started
2021-06-06T09:17:45.685-0500 [DEBUG] [org.gradle.internal.operations.DefaultBuildOperationRunner] Completing Build operation 'Execute container callback action'
2021-06-06T09:17:45.685-0500 [DEBUG] [org.gradle.internal.operations.DefaultBuildOperationRunner] Build operation 'Execute container callback action' started
2021-06-06T09:17:45.685-0500 [DEBUG] [org.gradle.internal.operations.DefaultBuildOperationRunner] Completing Build operation 'Execute container callback action'
2021-06-06T09:17:45.685-0500 [DEBUG] [org.gradle.internal.operations.DefaultBuildOperationRunner] Build operation 'Execute container callback action' started
2021-06-06T09:17:45.685-0500 [DEBUG] [org.gradle.internal.operations.DefaultBuildOperationRunner] Completing Build operation 'Execute container callback action'
2021-06-06T09:17:45.685-0500 [DEBUG] [org.gradle.internal.operations.DefaultBuildOperationRunner] Build operation 'Execute container callback action' started
2021-06-06T09:17:45.685-0500 [DEBUG] [org.gradle.internal.operations.DefaultBuildOperationRunner] Completing Build operation 'Execute container callback action'
2021-06-06T09:17:45.685-0500 [DEBUG] [org.gradle.internal.operations.DefaultBuildOperationRunner] Build operation 'Execute container callback action' started
2021-06-06T09:17:45.685-0500 [DEBUG] [org.gradle.internal.operations.DefaultBuildOperationRunner] Completing Build operation 'Execute container callback action'
2021-06-06T09:17:45.686-0500 [DEBUG] [org.gradle.internal.operations.DefaultBuildOperationRunner] Build operation 'Execute container callback action' started
2021-06-06T09:17:45.686-0500 [DEBUG] [org.gradle.internal.operations.DefaultBuildOperationRunner] Completing Build operation 'Execute container callback action'
2021-06-06T09:17:45.686-0500 [DEBUG] [org.gradle.internal.operations.DefaultBuildOperationRunner] Build operation 'Execute container callback action' started
2021-06-06T09:17:45.687-0500 [DEBUG] [org.gradle.internal.operations.DefaultBuildOperationRunner] Completing Build operation 'Execute container callback action'
2021-06-06T09:17:45.687-0500 [DEBUG] [org.gradle.internal.operations.DefaultBuildOperationRunner] Build operation 'Execute container callback action' started
2021-06-06T09:17:45.687-0500 [DEBUG] [org.gradle.internal.operations.DefaultBuildOperationRunner] Completing Build operation 'Execute container callback action'
2021-06-06T09:17:45.687-0500 [DEBUG] [org.gradle.internal.operations.DefaultBuildOperationRunner] Build operation 'Execute container callback action' started
2021-06-06T09:17:45.687-0500 [DEBUG] [org.gradle.internal.operations.DefaultBuildOperationRunner] Completing Build operation 'Execute container callback action'
2021-06-06T09:17:45.687-0500 [DEBUG] [org.gradle.internal.operations.DefaultBuildOperationRunner] Build operation 'Execute container callback action' started
2021-06-06T09:17:45.687-0500 [DEBUG] [org.gradle.internal.operations.DefaultBuildOperationRunner] Completing Build operation 'Execute container callback action'
2021-06-06T09:17:45.687-0500 [DEBUG] [org.gradle.internal.operations.DefaultBuildOperationRunner] Build operation 'Execute container callback action' started
2021-06-06T09:17:45.688-0500 [DEBUG] [org.gradle.internal.operations.DefaultBuildOperationRunner] Completing Build operation 'Execute container callback action'
2021-06-06T09:17:45.688-0500 [DEBUG] [org.gradle.internal.operations.DefaultBuildOperationRunner] Build operation 'Execute container callback action' started
2021-06-06T09:17:45.688-0500 [DEBUG] [org.gradle.internal.operations.DefaultBuildOperationRunner] Completing Build operation 'Execute container callback action'
2021-06-06T09:17:45.688-0500 [DEBUG] [org.gradle.internal.operations.DefaultBuildOperationRunner] Build operation 'Execute container callback action' started
2021-06-06T09:17:45.688-0500 [DEBUG] [org.gradle.internal.operations.DefaultBuildOperationRunner] Completing Build operation 'Execute container callback action'
2021-06-06T09:17:45.688-0500 [DEBUG] [org.gradle.internal.operations.DefaultBuildOperationRunner] Build operation 'Execute container callback action' started
2021-06-06T09:17:45.688-0500 [DEBUG] [org.gradle.internal.operations.DefaultBuildOperationRunner] Completing Build operation 'Execute container callback action'
2021-06-06T09:17:45.689-0500 [DEBUG] [org.gradle.internal.operations.DefaultBuildOperationRunner] Build operation 'Execute container callback action' started
2021-06-06T09:17:45.689-0500 [DEBUG] [org.gradle.internal.operations.DefaultBuildOperationRunner] Completing Build operation 'Execute container callback action'
2021-06-06T09:17:45.689-0500 [DEBUG] [org.gradle.internal.operations.DefaultBuildOperationRunner] Build operation 'Execute container callback action' started
2021-06-06T09:17:45.689-0500 [DEBUG] [org.gradle.internal.operations.DefaultBuildOperationRunner] Completing Build operation 'Execute container callback action'
2021-06-06T09:17:45.689-0500 [DEBUG] [org.gradle.internal.operations.DefaultBuildOperationRunner] Build operation 'Execute container callback action' started
2021-06-06T09:17:45.689-0500 [DEBUG] [org.gradle.internal.operations.DefaultBuildOperationRunner] Completing Build operation 'Execute container callback action'
2021-06-06T09:17:45.689-0500 [DEBUG] [org.gradle.internal.operations.DefaultBuildOperationRunner] Build operation 'Execute container callback action' started
2021-06-06T09:17:45.689-0500 [DEBUG] [org.gradle.internal.operations.DefaultBuildOperationRunner] Completing Build operation 'Execute container callback action'
2021-06-06T09:17:45.690-0500 [DEBUG] [org.gradle.internal.operations.DefaultBuildOperationRunner] Build operation 'Execute container callback action' started
2021-06-06T09:17:45.690-0500 [DEBUG] [org.gradle.internal.operations.DefaultBuildOperationRunner] Completing Build operation 'Execute container callback action'
2021-06-06T09:17:45.690-0500 [DEBUG] [org.gradle.internal.operations.DefaultBuildOperationRunner] Build operation 'Execute container callback action' started
2021-06-06T09:17:45.690-0500 [DEBUG] [org.gradle.internal.operations.DefaultBuildOperationRunner] Completing Build operation 'Execute container callback action'
2021-06-06T09:17:45.690-0500 [DEBUG] [org.gradle.internal.operations.DefaultBuildOperationRunner] Build operation 'Execute container callback action' started
2021-06-06T09:17:45.690-0500 [DEBUG] [org.gradle.internal.operations.DefaultBuildOperationRunner] Completing Build operation 'Execute container callback action'
2021-06-06T09:17:45.690-0500 [DEBUG] [org.gradle.internal.operations.DefaultBuildOperationRunner] Build operation 'Execute container callback action' started
2021-06-06T09:17:45.691-0500 [DEBUG] [org.gradle.internal.operations.DefaultBuildOperationRunner] Completing Build operation 'Execute container callback action'
2021-06-06T09:17:45.691-0500 [DEBUG] [org.gradle.internal.operations.DefaultBuildOperationRunner] Build operation 'Execute container callback action' started
2021-06-06T09:17:45.691-0500 [DEBUG] [org.gradle.internal.operations.DefaultBuildOperationRunner] Completing Build operation 'Execute container callback action'
2021-06-06T09:17:45.691-0500 [DEBUG] [org.gradle.internal.operations.DefaultBuildOperationRunner] Build operation 'Execute container callback action' started
2021-06-06T09:17:45.691-0500 [DEBUG] [org.gradle.internal.operations.DefaultBuildOperationRunner] Completing Build operation 'Execute container callback action'
2021-06-06T09:17:45.691-0500 [DEBUG] [org.gradle.internal.operations.DefaultBuildOperationRunner] Build operation 'Execute container callback action' started
2021-06-06T09:17:45.691-0500 [DEBUG] [org.gradle.internal.operations.DefaultBuildOperationRunner] Completing Build operation 'Execute container callback action'
2021-06-06T09:17:45.691-0500 [DEBUG] [org.gradle.internal.operations.DefaultBuildOperationRunner] Build operation 'Execute container callback action' started
2021-06-06T09:17:45.692-0500 [DEBUG] [org.gradle.internal.operations.DefaultBuildOperationRunner] Completing Build operation 'Execute container callback action'
2021-06-06T09:17:45.692-0500 [DEBUG] [org.gradle.internal.operations.DefaultBuildOperationRunner] Build operation 'Execute container callback action' started
2021-06-06T09:17:45.692-0500 [DEBUG] [org.gradle.internal.operations.DefaultBuildOperationRunner] Completing Build operation 'Execute container callback action'
2021-06-06T09:17:45.693-0500 [DEBUG] [org.gradle.internal.operations.DefaultBuildOperationRunner] Build operation 'Execute container callback action' started
2021-06-06T09:17:45.693-0500 [DEBUG] [org.gradle.internal.operations.DefaultBuildOperationRunner] Completing Build operation 'Execute container callback action'
2021-06-06T09:17:45.693-0500 [DEBUG] [org.gradle.internal.operations.DefaultBuildOperationRunner] Build operation 'Execute container callback action' started
2021-06-06T09:17:45.693-0500 [DEBUG] [org.gradle.internal.operations.DefaultBuildOperationRunner] Completing Build operation 'Execute container callback action'
2021-06-06T09:17:45.693-0500 [DEBUG] [org.gradle.internal.operations.DefaultBuildOperationRunner] Build operation 'Execute container callback action' started
2021-06-06T09:17:45.693-0500 [DEBUG] [org.gradle.internal.operations.DefaultBuildOperationRunner] Completing Build operation 'Execute container callback action'
2021-06-06T09:17:45.694-0500 [DEBUG] [org.gradle.internal.operations.DefaultBuildOperationRunner] Build operation 'Execute container callback action' started
2021-06-06T09:17:45.694-0500 [DEBUG] [org.gradle.internal.operations.DefaultBuildOperationRunner] Completing Build operation 'Execute container callback action'
2021-06-06T09:17:45.694-0500 [DEBUG] [org.gradle.internal.operations.DefaultBuildOperationRunner] Build operation 'Register task :app:compileDebugUnitTestKotlin' started
2021-06-06T09:17:45.695-0500 [DEBUG] [org.gradle.internal.operations.DefaultBuildOperationRunner] Completing Build operation 'Register task :app:compileDebugUnitTestKotlin'
2021-06-06T09:17:45.698-0500 [DEBUG] [org.gradle.internal.operations.DefaultBuildOperationRunner] Completing Build operation 'Execute container callback action'
2021-06-06T09:17:45.698-0500 [DEBUG] [org.gradle.internal.operations.DefaultBuildOperationRunner] Build operation 'Execute container callback action' started
2021-06-06T09:17:45.699-0500 [DEBUG] [org.gradle.internal.operations.DefaultBuildOperationRunner] Build operation 'Execute container callback action' started
2021-06-06T09:17:45.699-0500 [DEBUG] [org.gradle.internal.operations.DefaultBuildOperationRunner] Completing Build operation 'Execute container callback action'
2021-06-06T09:17:45.699-0500 [DEBUG] [org.gradle.internal.operations.DefaultBuildOperationRunner] Build operation 'Execute container callback action' started
2021-06-06T09:17:45.700-0500 [DEBUG] [org.gradle.internal.operations.DefaultBuildOperationRunner] Completing Build operation 'Execute container callback action'
2021-06-06T09:17:45.700-0500 [DEBUG] [org.gradle.internal.operations.DefaultBuildOperationRunner] Build operation 'Execute container callback action' started
2021-06-06T09:17:45.700-0500 [DEBUG] [org.gradle.internal.operations.DefaultBuildOperationRunner] Completing Build operation 'Execute container callback action'
2021-06-06T09:17:45.700-0500 [DEBUG] [org.gradle.internal.operations.DefaultBuildOperationRunner] Build operation 'Execute container callback action' started
2021-06-06T09:17:45.700-0500 [DEBUG] [org.gradle.internal.operations.DefaultBuildOperationRunner] Completing Build operation 'Execute container callback action'
2021-06-06T09:17:45.700-0500 [DEBUG] [org.gradle.internal.operations.DefaultBuildOperationRunner] Build operation 'Execute container callback action' started
2021-06-06T09:17:45.700-0500 [DEBUG] [org.gradle.internal.operations.DefaultBuildOperationRunner] Completing Build operation 'Execute container callback action'
2021-06-06T09:17:45.701-0500 [DEBUG] [org.gradle.internal.operations.DefaultBuildOperationRunner] Build operation 'Register task :app:compileDebugKotlin' started
2021-06-06T09:17:45.702-0500 [DEBUG] [org.gradle.internal.operations.DefaultBuildOperationRunner] Completing Build operation 'Register task :app:compileDebugKotlin'
2021-06-06T09:17:45.703-0500 [DEBUG] [org.gradle.internal.operations.DefaultBuildOperationRunner] Completing Build operation 'Execute container callback action'
2021-06-06T09:17:45.703-0500 [DEBUG] [org.gradle.internal.operations.DefaultBuildOperationRunner] Build operation 'Execute container callback action' started
2021-06-06T09:17:45.703-0500 [DEBUG] [org.gradle.internal.operations.DefaultBuildOperationRunner] Build operation 'Execute container callback action' started
2021-06-06T09:17:45.703-0500 [DEBUG] [org.gradle.internal.operations.DefaultBuildOperationRunner] Completing Build operation 'Execute container callback action'
2021-06-06T09:17:45.704-0500 [DEBUG] [org.gradle.internal.operations.DefaultBuildOperationRunner] Build operation 'Execute container callback action' started
2021-06-06T09:17:45.704-0500 [DEBUG] [org.gradle.internal.operations.DefaultBuildOperationRunner] Completing Build operation 'Execute container callback action'
2021-06-06T09:17:45.704-0500 [DEBUG] [org.gradle.internal.operations.DefaultBuildOperationRunner] Build operation 'Execute container callback action' started
2021-06-06T09:17:45.704-0500 [DEBUG] [org.gradle.internal.operations.DefaultBuildOperationRunner] Completing Build operation 'Execute container callback action'
2021-06-06T09:17:45.704-0500 [DEBUG] [org.gradle.internal.operations.DefaultBuildOperationRunner] Build operation 'Execute container callback action' started
2021-06-06T09:17:45.704-0500 [DEBUG] [org.gradle.internal.operations.DefaultBuildOperationRunner] Completing Build operation 'Execute container callback action'
2021-06-06T09:17:45.704-0500 [DEBUG] [org.gradle.internal.operations.DefaultBuildOperationRunner] Build operation 'Execute container callback action' started
2021-06-06T09:17:45.704-0500 [DEBUG] [org.gradle.internal.operations.DefaultBuildOperationRunner] Completing Build operation 'Execute container callback action'
2021-06-06T09:17:45.705-0500 [DEBUG] [org.gradle.internal.operations.DefaultBuildOperationRunner] Build operation 'Execute container callback action' started
2021-06-06T09:17:45.705-0500 [DEBUG] [org.gradle.internal.operations.DefaultBuildOperationRunner] Completing Build operation 'Execute container callback action'
2021-06-06T09:17:45.705-0500 [DEBUG] [org.gradle.internal.operations.DefaultBuildOperationRunner] Build operation 'Execute container callback action' started
2021-06-06T09:17:45.705-0500 [DEBUG] [org.gradle.internal.operations.DefaultBuildOperationRunner] Completing Build operation 'Execute container callback action'
2021-06-06T09:17:45.705-0500 [DEBUG] [org.gradle.internal.operations.DefaultBuildOperationRunner] Build operation 'Execute container callback action' started
2021-06-06T09:17:45.705-0500 [DEBUG] [org.gradle.internal.operations.DefaultBuildOperationRunner] Completing Build operation 'Execute container callback action'
2021-06-06T09:17:45.706-0500 [DEBUG] [org.gradle.internal.operations.DefaultBuildOperationRunner] Build operation 'Execute container callback action' started
2021-06-06T09:17:45.706-0500 [DEBUG] [org.gradle.internal.operations.DefaultBuildOperationRunner] Completing Build operation 'Execute container callback action'
2021-06-06T09:17:45.706-0500 [DEBUG] [org.gradle.internal.operations.DefaultBuildOperationRunner] Build operation 'Execute container callback action' started
2021-06-06T09:17:45.706-0500 [DEBUG] [org.gradle.internal.operations.DefaultBuildOperationRunner] Completing Build operation 'Execute container callback action'
2021-06-06T09:17:45.706-0500 [DEBUG] [org.gradle.internal.operations.DefaultBuildOperationRunner] Build operation 'Execute container callback action' started
2021-06-06T09:17:45.706-0500 [DEBUG] [org.gradle.internal.operations.DefaultBuildOperationRunner] Completing Build operation 'Execute container callback action'
2021-06-06T09:17:45.706-0500 [DEBUG] [org.gradle.internal.operations.DefaultBuildOperationRunner] Build operation 'Execute container callback action' started
2021-06-06T09:17:45.707-0500 [DEBUG] [org.gradle.internal.operations.DefaultBuildOperationRunner] Completing Build operation 'Execute container callback action'
2021-06-06T09:17:45.707-0500 [DEBUG] [org.gradle.internal.operations.DefaultBuildOperationRunner] Build operation 'Execute container callback action' started
2021-06-06T09:17:45.707-0500 [DEBUG] [org.gradle.internal.operations.DefaultBuildOperationRunner] Completing Build operation 'Execute container callback action'
2021-06-06T09:17:45.707-0500 [DEBUG] [org.gradle.internal.operations.DefaultBuildOperationRunner] Build operation 'Execute container callback action' started
2021-06-06T09:17:45.707-0500 [DEBUG] [org.gradle.internal.operations.DefaultBuildOperationRunner] Completing Build operation 'Execute container callback action'
2021-06-06T09:17:45.707-0500 [DEBUG] [org.gradle.internal.operations.DefaultBuildOperationRunner] Build operation 'Execute container callback action' started
2021-06-06T09:17:45.707-0500 [DEBUG] [org.gradle.internal.operations.DefaultBuildOperationRunner] Completing Build operation 'Execute container callback action'
2021-06-06T09:17:45.708-0500 [DEBUG] [org.gradle.internal.operations.DefaultBuildOperationRunner] Build operation 'Execute container callback action' started
2021-06-06T09:17:45.708-0500 [DEBUG] [org.gradle.internal.operations.DefaultBuildOperationRunner] Completing Build operation 'Execute container callback action'
2021-06-06T09:17:45.708-0500 [DEBUG] [org.gradle.internal.operations.DefaultBuildOperationRunner] Build operation 'Execute container callback action' started
2021-06-06T09:17:45.708-0500 [DEBUG] [org.gradle.internal.operations.DefaultBuildOperationRunner] Completing Build operation 'Execute container callback action'
2021-06-06T09:17:45.708-0500 [DEBUG] [org.gradle.internal.operations.DefaultBuildOperationRunner] Build operation 'Execute container callback action' started
2021-06-06T09:17:45.708-0500 [DEBUG] [org.gradle.internal.operations.DefaultBuildOperationRunner] Completing Build operation 'Execute container callback action'
2021-06-06T09:17:45.708-0500 [DEBUG] [org.gradle.internal.operations.DefaultBuildOperationRunner] Build operation 'Execute container callback action' started
2021-06-06T09:17:45.708-0500 [DEBUG] [org.gradle.internal.operations.DefaultBuildOperationRunner] Completing Build operation 'Execute container callback action'
2021-06-06T09:17:45.708-0500 [DEBUG] [org.gradle.internal.operations.DefaultBuildOperationRunner] Build operation 'Execute container callback action' started
2021-06-06T09:17:45.708-0500 [DEBUG] [org.gradle.internal.operations.DefaultBuildOperationRunner] Completing Build operation 'Execute container callback action'
2021-06-06T09:17:45.709-0500 [DEBUG] [org.gradle.internal.operations.DefaultBuildOperationRunner] Build operation 'Execute container callback action' started
2021-06-06T09:17:45.709-0500 [DEBUG] [org.gradle.internal.operations.DefaultBuildOperationRunner] Completing Build operation 'Execute container callback action'
2021-06-06T09:17:45.709-0500 [DEBUG] [org.gradle.internal.operations.DefaultBuildOperationRunner] Build operation 'Execute container callback action' started
2021-06-06T09:17:45.709-0500 [DEBUG] [org.gradle.internal.operations.DefaultBuildOperationRunner] Completing Build operation 'Execute container callback action'
2021-06-06T09:17:45.710-0500 [DEBUG] [org.gradle.internal.operations.DefaultBuildOperationRunner] Build operation 'Execute container callback action' started
2021-06-06T09:17:45.710-0500 [DEBUG] [org.gradle.internal.operations.DefaultBuildOperationRunner] Completing Build operation 'Execute container callback action'
2021-06-06T09:17:45.710-0500 [DEBUG] [org.gradle.internal.operations.DefaultBuildOperationRunner] Build operation 'Execute container callback action' started
2021-06-06T09:17:45.710-0500 [DEBUG] [org.gradle.internal.operations.DefaultBuildOperationRunner] Completing Build operation 'Execute container callback action'
2021-06-06T09:17:45.710-0500 [DEBUG] [org.gradle.internal.operations.DefaultBuildOperationRunner] Build operation 'Execute container callback action' started
2021-06-06T09:17:45.710-0500 [DEBUG] [org.gradle.internal.operations.DefaultBuildOperationRunner] Completing Build operation 'Execute container callback action'
2021-06-06T09:17:45.710-0500 [DEBUG] [org.gradle.internal.operations.DefaultBuildOperationRunner] Build operation 'Execute container callback action' started
2021-06-06T09:17:45.711-0500 [DEBUG] [org.gradle.internal.operations.DefaultBuildOperationRunner] Completing Build operation 'Execute container callback action'
2021-06-06T09:17:45.711-0500 [DEBUG] [org.gradle.internal.operations.DefaultBuildOperationRunner] Build operation 'Execute container callback action' started
2021-06-06T09:17:45.711-0500 [DEBUG] [org.gradle.internal.operations.DefaultBuildOperationRunner] Completing Build operation 'Execute container callback action'
2021-06-06T09:17:45.711-0500 [DEBUG] [org.gradle.internal.operations.DefaultBuildOperationRunner] Build operation 'Execute container callback action' started
2021-06-06T09:17:45.711-0500 [DEBUG] [org.gradle.internal.operations.DefaultBuildOperationRunner] Completing Build operation 'Execute container callback action'
2021-06-06T09:17:45.711-0500 [DEBUG] [org.gradle.internal.operations.DefaultBuildOperationRunner] Build operation 'Execute container callback action' started
2021-06-06T09:17:45.711-0500 [DEBUG] [org.gradle.internal.operations.DefaultBuildOperationRunner] Completing Build operation 'Execute container callback action'
2021-06-06T09:17:45.711-0500 [DEBUG] [org.gradle.internal.operations.DefaultBuildOperationRunner] Build operation 'Execute container callback action' started
2021-06-06T09:17:45.711-0500 [DEBUG] [org.gradle.internal.operations.DefaultBuildOperationRunner] Completing Build operation 'Execute container callback action'
2021-06-06T09:17:45.712-0500 [DEBUG] [org.gradle.internal.operations.DefaultBuildOperationRunner] Build operation 'Execute container callback action' started
2021-06-06T09:17:45.712-0500 [DEBUG] [org.gradle.internal.operations.DefaultBuildOperationRunner] Completing Build operation 'Execute container callback action'
2021-06-06T09:17:45.712-0500 [DEBUG] [org.gradle.internal.operations.DefaultBuildOperationRunner] Build operation 'Execute container callback action' started
2021-06-06T09:17:45.712-0500 [DEBUG] [org.gradle.internal.operations.DefaultBuildOperationRunner] Completing Build operation 'Execute container callback action'
2021-06-06T09:17:45.713-0500 [DEBUG] [org.gradle.internal.operations.DefaultBuildOperationRunner] Build operation 'Execute container callback action' started
2021-06-06T09:17:45.713-0500 [DEBUG] [org.gradle.internal.operations.DefaultBuildOperationRunner] Completing Build operation 'Execute container callback action'
2021-06-06T09:17:45.713-0500 [DEBUG] [org.gradle.internal.operations.DefaultBuildOperationRunner] Build operation 'Execute container callback action' started
2021-06-06T09:17:45.713-0500 [DEBUG] [org.gradle.internal.operations.DefaultBuildOperationRunner] Completing Build operation 'Execute container callback action'
2021-06-06T09:17:45.713-0500 [DEBUG] [org.gradle.internal.operations.DefaultBuildOperationRunner] Build operation 'Execute container callback action' started
2021-06-06T09:17:45.713-0500 [DEBUG] [org.gradle.internal.operations.DefaultBuildOperationRunner] Completing Build operation 'Execute container callback action'
2021-06-06T09:17:45.713-0500 [DEBUG] [org.gradle.internal.operations.DefaultBuildOperationRunner] Build operation 'Execute container callback action' started
2021-06-06T09:17:45.713-0500 [DEBUG] [org.gradle.internal.operations.DefaultBuildOperationRunner] Completing Build operation 'Execute container callback action'
2021-06-06T09:17:45.713-0500 [DEBUG] [org.gradle.internal.operations.DefaultBuildOperationRunner] Build operation 'Execute container callback action' started
2021-06-06T09:17:45.713-0500 [DEBUG] [org.gradle.internal.operations.DefaultBuildOperationRunner] Completing Build operation 'Execute container callback action'
2021-06-06T09:17:45.713-0500 [DEBUG] [org.gradle.internal.operations.DefaultBuildOperationRunner] Build operation 'Execute container callback action' started
2021-06-06T09:17:45.713-0500 [DEBUG] [org.gradle.internal.operations.DefaultBuildOperationRunner] Completing Build operation 'Execute container callback action'
2021-06-06T09:17:45.714-0500 [DEBUG] [org.gradle.internal.operations.DefaultBuildOperationRunner] Build operation 'Execute container callback action' started
2021-06-06T09:17:45.714-0500 [DEBUG] [org.gradle.internal.operations.DefaultBuildOperationRunner] Completing Build operation 'Execute container callback action'
2021-06-06T09:17:45.714-0500 [DEBUG] [org.gradle.internal.operations.DefaultBuildOperationRunner] Build operation 'Execute container callback action' started
2021-06-06T09:17:45.714-0500 [DEBUG] [org.gradle.internal.operations.DefaultBuildOperationRunner] Completing Build operation 'Execute container callback action'
2021-06-06T09:17:45.714-0500 [DEBUG] [org.gradle.internal.operations.DefaultBuildOperationRunner] Build operation 'Execute container callback action' started
2021-06-06T09:17:45.714-0500 [DEBUG] [org.gradle.internal.operations.DefaultBuildOperationRunner] Completing Build operation 'Execute container callback action'
2021-06-06T09:17:45.714-0500 [DEBUG] [org.gradle.internal.operations.DefaultBuildOperationRunner] Build operation 'Execute container callback action' started
2021-06-06T09:17:45.714-0500 [DEBUG] [org.gradle.internal.operations.DefaultBuildOperationRunner] Completing Build operation 'Execute container callback action'
2021-06-06T09:17:45.714-0500 [DEBUG] [org.gradle.internal.operations.DefaultBuildOperationRunner] Build operation 'Execute container callback action' started
2021-06-06T09:17:45.714-0500 [DEBUG] [org.gradle.internal.operations.DefaultBuildOperationRunner] Completing Build operation 'Execute container callback action'
2021-06-06T09:17:45.714-0500 [DEBUG] [org.gradle.internal.operations.DefaultBuildOperationRunner] Build operation 'Execute container callback action' started
2021-06-06T09:17:45.714-0500 [DEBUG] [org.gradle.internal.operations.DefaultBuildOperationRunner] Completing Build operation 'Execute container callback action'
2021-06-06T09:17:45.714-0500 [DEBUG] [org.gradle.internal.operations.DefaultBuildOperationRunner] Build operation 'Execute container callback action' started
2021-06-06T09:17:45.714-0500 [DEBUG] [org.gradle.internal.operations.DefaultBuildOperationRunner] Completing Build operation 'Execute container callback action'
2021-06-06T09:17:45.715-0500 [DEBUG] [org.gradle.internal.operations.DefaultBuildOperationRunner] Build operation 'Execute container callback action' started
2021-06-06T09:17:45.715-0500 [DEBUG] [org.gradle.internal.operations.DefaultBuildOperationRunner] Completing Build operation 'Execute container callback action'
2021-06-06T09:17:45.715-0500 [DEBUG] [org.gradle.internal.operations.DefaultBuildOperationRunner] Build operation 'Execute container callback action' started
2021-06-06T09:17:45.715-0500 [DEBUG] [org.gradle.internal.operations.DefaultBuildOperationRunner] Completing Build operation 'Execute container callback action'
2021-06-06T09:17:45.715-0500 [DEBUG] [org.gradle.internal.operations.DefaultBuildOperationRunner] Build operation 'Execute container callback action' started
2021-06-06T09:17:45.715-0500 [DEBUG] [org.gradle.internal.operations.DefaultBuildOperationRunner] Completing Build operation 'Execute container callback action'
2021-06-06T09:17:45.715-0500 [DEBUG] [org.gradle.internal.operations.DefaultBuildOperationRunner] Build operation 'Execute container callback action' started
2021-06-06T09:17:45.715-0500 [DEBUG] [org.gradle.internal.operations.DefaultBuildOperationRunner] Completing Build operation 'Execute container callback action'
2021-06-06T09:17:45.715-0500 [DEBUG] [org.gradle.internal.operations.DefaultBuildOperationRunner] Build operation 'Execute container callback action' started
2021-06-06T09:17:45.715-0500 [DEBUG] [org.gradle.internal.operations.DefaultBuildOperationRunner] Completing Build operation 'Execute container callback action'
2021-06-06T09:17:45.716-0500 [DEBUG] [org.gradle.internal.operations.DefaultBuildOperationRunner] Build operation 'Execute container callback action' started
2021-06-06T09:17:45.716-0500 [DEBUG] [org.gradle.internal.operations.DefaultBuildOperationRunner] Completing Build operation 'Execute container callback action'
2021-06-06T09:17:45.716-0500 [DEBUG] [org.gradle.internal.operations.DefaultBuildOperationRunner] Build operation 'Execute container callback action' started
2021-06-06T09:17:45.716-0500 [DEBUG] [org.gradle.internal.operations.DefaultBuildOperationRunner] Completing Build operation 'Execute container callback action'
2021-06-06T09:17:45.716-0500 [DEBUG] [org.gradle.internal.operations.DefaultBuildOperationRunner] Build operation 'Execute container callback action' started
2021-06-06T09:17:45.716-0500 [DEBUG] [org.gradle.internal.operations.DefaultBuildOperationRunner] Completing Build operation 'Execute container callback action'
2021-06-06T09:17:45.716-0500 [DEBUG] [org.gradle.internal.operations.DefaultBuildOperationRunner] Build operation 'Execute container callback action' started
2021-06-06T09:17:45.716-0500 [DEBUG] [org.gradle.internal.operations.DefaultBuildOperationRunner] Completing Build operation 'Execute container callback action'
2021-06-06T09:17:45.716-0500 [DEBUG] [org.gradle.internal.operations.DefaultBuildOperationRunner] Build operation 'Execute container callback action' started
2021-06-06T09:17:45.717-0500 [DEBUG] [org.gradle.internal.operations.DefaultBuildOperationRunner] Completing Build operation 'Execute container callback action'
2021-06-06T09:17:45.717-0500 [DEBUG] [org.gradle.internal.operations.DefaultBuildOperationRunner] Build operation 'Register task :app:compileReleaseUnitTestKotlin' started
2021-06-06T09:17:45.717-0500 [DEBUG] [org.gradle.internal.operations.DefaultBuildOperationRunner] Completing Build operation 'Register task :app:compileReleaseUnitTestKotlin'
2021-06-06T09:17:45.718-0500 [DEBUG] [org.gradle.internal.operations.DefaultBuildOperationRunner] Completing Build operation 'Execute container callback action'
2021-06-06T09:17:45.718-0500 [DEBUG] [org.gradle.internal.operations.DefaultBuildOperationRunner] Build operation 'Execute container callback action' started
2021-06-06T09:17:45.719-0500 [DEBUG] [org.gradle.internal.operations.DefaultBuildOperationRunner] Build operation 'Execute container callback action' started
2021-06-06T09:17:45.719-0500 [DEBUG] [org.gradle.internal.operations.DefaultBuildOperationRunner] Completing Build operation 'Execute container callback action'
2021-06-06T09:17:45.719-0500 [DEBUG] [org.gradle.internal.operations.DefaultBuildOperationRunner] Build operation 'Execute container callback action' started
2021-06-06T09:17:45.719-0500 [DEBUG] [org.gradle.internal.operations.DefaultBuildOperationRunner] Completing Build operation 'Execute container callback action'
2021-06-06T09:17:45.719-0500 [DEBUG] [org.gradle.internal.operations.DefaultBuildOperationRunner] Build operation 'Execute container callback action' started
2021-06-06T09:17:45.719-0500 [DEBUG] [org.gradle.internal.operations.DefaultBuildOperationRunner] Completing Build operation 'Execute container callback action'
2021-06-06T09:17:45.719-0500 [DEBUG] [org.gradle.internal.operations.DefaultBuildOperationRunner] Build operation 'Execute container callback action' started
2021-06-06T09:17:45.719-0500 [DEBUG] [org.gradle.internal.operations.DefaultBuildOperationRunner] Completing Build operation 'Execute container callback action'
2021-06-06T09:17:45.719-0500 [DEBUG] [org.gradle.internal.operations.DefaultBuildOperationRunner] Build operation 'Execute container callback action' started
2021-06-06T09:17:45.719-0500 [DEBUG] [org.gradle.internal.operations.DefaultBuildOperationRunner] Completing Build operation 'Execute container callback action'
2021-06-06T09:17:45.720-0500 [DEBUG] [org.gradle.internal.operations.DefaultBuildOperationRunner] Build operation 'Register task :app:compileReleaseKotlin' started
2021-06-06T09:17:45.720-0500 [DEBUG] [org.gradle.internal.operations.DefaultBuildOperationRunner] Completing Build operation 'Register task :app:compileReleaseKotlin'
2021-06-06T09:17:45.721-0500 [DEBUG] [org.gradle.internal.operations.DefaultBuildOperationRunner] Completing Build operation 'Execute container callback action'
2021-06-06T09:17:45.726-0500 [DEBUG] [org.gradle.internal.operations.DefaultBuildOperationRunner] Build operation 'Execute container callback action' started
2021-06-06T09:17:45.726-0500 [DEBUG] [org.gradle.internal.operations.DefaultBuildOperationRunner] Completing Build operation 'Execute container callback action'
2021-06-06T09:17:45.726-0500 [DEBUG] [org.gradle.internal.operations.DefaultBuildOperationRunner] Build operation 'Execute container callback action' started
2021-06-06T09:17:45.726-0500 [DEBUG] [org.gradle.internal.operations.DefaultBuildOperationRunner] Completing Build operation 'Execute container callback action'
2021-06-06T09:17:45.726-0500 [DEBUG] [org.gradle.internal.operations.DefaultBuildOperationRunner] Build operation 'Execute container callback action' started
2021-06-06T09:17:45.726-0500 [DEBUG] [org.gradle.internal.operations.DefaultBuildOperationRunner] Completing Build operation 'Execute container callback action'
2021-06-06T09:17:45.727-0500 [DEBUG] [org.gradle.internal.operations.DefaultBuildOperationRunner] Build operation 'Execute container callback action' started
2021-06-06T09:17:45.727-0500 [DEBUG] [org.gradle.internal.operations.DefaultBuildOperationRunner] Completing Build operation 'Execute container callback action'
2021-06-06T09:17:45.727-0500 [DEBUG] [org.gradle.internal.operations.DefaultBuildOperationRunner] Build operation 'Execute container callback action' started
2021-06-06T09:17:45.727-0500 [DEBUG] [org.gradle.internal.operations.DefaultBuildOperationRunner] Completing Build operation 'Execute container callback action'
2021-06-06T09:17:45.730-0500 [DEBUG] [org.gradle.internal.operations.DefaultBuildOperationRunner] Build operation 'Register task :app:bundle' started
2021-06-06T09:17:45.730-0500 [DEBUG] [org.gradle.internal.operations.DefaultBuildOperationRunner] Completing Build operation 'Register task :app:bundle'
2021-06-06T09:17:45.745-0500 [DEBUG] [org.gradle.internal.operations.DefaultBuildOperationRunner] Build operation 'Execute container callback action' started
2021-06-06T09:17:45.745-0500 [DEBUG] [org.gradle.internal.operations.DefaultBuildOperationRunner] Completing Build operation 'Execute container callback action'
2021-06-06T09:17:45.746-0500 [DEBUG] [org.gradle.internal.operations.DefaultBuildOperationRunner] Build operation 'Execute container callback action' started
2021-06-06T09:17:45.746-0500 [DEBUG] [org.gradle.internal.operations.DefaultBuildOperationRunner] Completing Build operation 'Execute container callback action'
2021-06-06T09:17:45.749-0500 [DEBUG] [org.gradle.internal.operations.DefaultBuildOperationRunner] Build operation 'Execute container callback action' started
2021-06-06T09:17:45.749-0500 [DEBUG] [org.gradle.internal.operations.DefaultBuildOperationRunner] Completing Build operation 'Execute container callback action'
2021-06-06T09:17:45.750-0500 [DEBUG] [org.gradle.internal.operations.DefaultBuildOperationRunner] Build operation 'Execute container callback action' started
2021-06-06T09:17:45.750-0500 [DEBUG] [org.gradle.internal.operations.DefaultBuildOperationRunner] Completing Build operation 'Execute container callback action'
2021-06-06T09:17:45.755-0500 [DEBUG] [org.gradle.internal.operations.DefaultBuildOperationRunner] Completing Build operation 'Execute Project.afterEvaluate listener'
2021-06-06T09:17:45.756-0500 [DEBUG] [org.gradle.internal.operations.DefaultBuildOperationRunner] Build operation 'Execute Project.afterEvaluate listener' started
2021-06-06T09:17:45.756-0500 [DEBUG] [org.gradle.internal.operations.DefaultBuildOperationRunner] Completing Build operation 'Execute Project.afterEvaluate listener'
2021-06-06T09:17:45.756-0500 [DEBUG] [org.gradle.internal.operations.DefaultBuildOperationRunner] Build operation 'Execute Project.afterEvaluate listener' started
2021-06-06T09:17:45.756-0500 [DEBUG] [org.gradle.internal.operations.DefaultBuildOperationRunner] Completing Build operation 'Execute Project.afterEvaluate listener'
2021-06-06T09:17:45.756-0500 [DEBUG] [org.gradle.internal.operations.DefaultBuildOperationRunner] Build operation 'Execute Project.afterEvaluate listener' started
2021-06-06T09:17:45.757-0500 [DEBUG] [org.gradle.internal.operations.DefaultBuildOperationRunner] Completing Build operation 'Execute Project.afterEvaluate listener'
2021-06-06T09:17:45.757-0500 [DEBUG] [org.gradle.internal.operations.DefaultBuildOperationRunner] Build operation 'Execute Project.afterEvaluate listener' started
2021-06-06T09:17:45.757-0500 [DEBUG] [org.gradle.internal.operations.DefaultBuildOperationRunner] Completing Build operation 'Execute Project.afterEvaluate listener'
2021-06-06T09:17:45.757-0500 [DEBUG] [org.gradle.internal.operations.DefaultBuildOperationRunner] Build operation 'Execute Project.afterEvaluate listener' started
2021-06-06T09:17:45.757-0500 [DEBUG] [org.gradle.internal.operations.DefaultBuildOperationRunner] Completing Build operation 'Execute Project.afterEvaluate listener'
2021-06-06T09:17:45.758-0500 [DEBUG] [org.gradle.internal.operations.DefaultBuildOperationRunner] Build operation 'Execute Project.afterEvaluate listener' started
2021-06-06T09:17:45.758-0500 [DEBUG] [org.gradle.internal.operations.DefaultBuildOperationRunner] Completing Build operation 'Execute Project.afterEvaluate listener'
2021-06-06T09:17:45.758-0500 [DEBUG] [org.gradle.internal.operations.DefaultBuildOperationRunner] Build operation 'Execute Project.afterEvaluate listener' started
2021-06-06T09:17:45.758-0500 [DEBUG] [org.gradle.internal.operations.DefaultBuildOperationRunner] Completing Build operation 'Execute Project.afterEvaluate listener'
2021-06-06T09:17:45.758-0500 [DEBUG] [org.gradle.internal.operations.DefaultBuildOperationRunner] Build operation 'Execute Project.afterEvaluate listener' started
2021-06-06T09:17:45.758-0500 [DEBUG] [org.gradle.internal.operations.DefaultBuildOperationRunner] Completing Build operation 'Execute Project.afterEvaluate listener'
2021-06-06T09:17:45.758-0500 [DEBUG] [org.gradle.internal.operations.DefaultBuildOperationRunner] Build operation 'Execute Project.afterEvaluate listener' started
2021-06-06T09:17:45.759-0500 [DEBUG] [org.gradle.internal.operations.DefaultBuildOperationRunner] Completing Build operation 'Execute Project.afterEvaluate listener'
2021-06-06T09:17:45.759-0500 [DEBUG] [org.gradle.internal.operations.DefaultBuildOperationRunner] Build operation 'Execute Project.afterEvaluate listener' started
2021-06-06T09:17:45.759-0500 [DEBUG] [org.gradle.internal.operations.DefaultBuildOperationRunner] Completing Build operation 'Execute Project.afterEvaluate listener'
2021-06-06T09:17:45.759-0500 [DEBUG] [org.gradle.internal.operations.DefaultBuildOperationRunner] Build operation 'Execute Project.afterEvaluate listener' started
2021-06-06T09:17:45.759-0500 [DEBUG] [org.gradle.internal.operations.DefaultBuildOperationRunner] Completing Build operation 'Execute Project.afterEvaluate listener'
2021-06-06T09:17:45.759-0500 [DEBUG] [org.gradle.internal.operations.DefaultBuildOperationRunner] Build operation 'Execute Project.afterEvaluate listener' started
2021-06-06T09:17:45.759-0500 [DEBUG] [org.gradle.internal.operations.DefaultBuildOperationRunner] Completing Build operation 'Execute Project.afterEvaluate listener'
2021-06-06T09:17:45.760-0500 [DEBUG] [org.gradle.internal.operations.DefaultBuildOperationRunner] Build operation 'Execute Project.afterEvaluate listener' started
2021-06-06T09:17:45.760-0500 [DEBUG] [org.gradle.internal.operations.DefaultBuildOperationRunner] Completing Build operation 'Execute Project.afterEvaluate listener'
2021-06-06T09:17:45.760-0500 [DEBUG] [org.gradle.internal.operations.DefaultBuildOperationRunner] Build operation 'Execute Project.afterEvaluate listener' started
2021-06-06T09:17:45.760-0500 [DEBUG] [org.gradle.internal.operations.DefaultBuildOperationRunner] Completing Build operation 'Execute Project.afterEvaluate listener'
2021-06-06T09:17:45.760-0500 [DEBUG] [org.gradle.internal.operations.DefaultBuildOperationRunner] Build operation 'Execute Project.afterEvaluate listener' started
2021-06-06T09:17:45.760-0500 [DEBUG] [org.gradle.internal.operations.DefaultBuildOperationRunner] Completing Build operation 'Execute Project.afterEvaluate listener'
2021-06-06T09:17:45.760-0500 [DEBUG] [org.gradle.internal.operations.DefaultBuildOperationRunner] Build operation 'Execute Project.afterEvaluate listener' started
2021-06-06T09:17:45.760-0500 [DEBUG] [org.gradle.internal.operations.DefaultBuildOperationRunner] Completing Build operation 'Execute Project.afterEvaluate listener'
2021-06-06T09:17:45.761-0500 [DEBUG] [org.gradle.internal.operations.DefaultBuildOperationRunner] Build operation 'Execute Project.afterEvaluate listener' started
2021-06-06T09:17:45.761-0500 [DEBUG] [org.gradle.internal.operations.DefaultBuildOperationRunner] Completing Build operation 'Execute Project.afterEvaluate listener'
2021-06-06T09:17:45.761-0500 [DEBUG] [org.gradle.internal.operations.DefaultBuildOperationRunner] Build operation 'Execute Project.afterEvaluate listener' started
2021-06-06T09:17:45.761-0500 [DEBUG] [org.gradle.internal.operations.DefaultBuildOperationRunner] Completing Build operation 'Execute Project.afterEvaluate listener'
2021-06-06T09:17:45.761-0500 [DEBUG] [org.gradle.internal.operations.DefaultBuildOperationRunner] Build operation 'Execute Project.afterEvaluate listener' started
2021-06-06T09:17:45.761-0500 [DEBUG] [org.gradle.internal.operations.DefaultBuildOperationRunner] Completing Build operation 'Execute Project.afterEvaluate listener'
2021-06-06T09:17:45.761-0500 [DEBUG] [org.gradle.internal.operations.DefaultBuildOperationRunner] Build operation 'Execute Project.afterEvaluate listener' started
2021-06-06T09:17:45.762-0500 [DEBUG] [org.gradle.internal.operations.DefaultBuildOperationRunner] Completing Build operation 'Execute Project.afterEvaluate listener'
2021-06-06T09:17:45.762-0500 [DEBUG] [org.gradle.internal.operations.DefaultBuildOperationRunner] Build operation 'Execute Project.afterEvaluate listener' started
2021-06-06T09:17:45.763-0500 [DEBUG] [org.gradle.internal.operations.DefaultBuildOperationRunner] Build operation 'Execute container callback action' started
2021-06-06T09:17:45.795-0500 [DEBUG] [org.gradle.internal.operations.DefaultBuildOperationRunner] Completing Build operation 'Execute container callback action'
2021-06-06T09:17:45.795-0500 [DEBUG] [org.gradle.internal.operations.DefaultBuildOperationRunner] Build operation 'Execute container callback action' started
2021-06-06T09:17:45.796-0500 [DEBUG] [org.gradle.internal.operations.DefaultBuildOperationRunner] Completing Build operation 'Execute container callback action'
2021-06-06T09:17:45.796-0500 [DEBUG] [org.gradle.internal.operations.DefaultBuildOperationRunner] Build operation 'Execute container callback action' started
2021-06-06T09:17:45.804-0500 [DEBUG] [org.gradle.internal.operations.DefaultBuildOperationRunner] Completing Build operation 'Execute container callback action'
2021-06-06T09:17:45.804-0500 [DEBUG] [org.gradle.internal.operations.DefaultBuildOperationRunner] Build operation 'Execute container callback action' started
2021-06-06T09:17:45.806-0500 [DEBUG] [org.gradle.internal.operations.DefaultBuildOperationRunner] Completing Build operation 'Execute container callback action'
2021-06-06T09:17:45.806-0500 [DEBUG] [org.gradle.internal.operations.DefaultBuildOperationRunner] Build operation 'Execute container callback action' started
2021-06-06T09:17:45.807-0500 [DEBUG] [org.gradle.internal.operations.DefaultBuildOperationRunner] Completing Build operation 'Execute container callback action'
2021-06-06T09:17:45.812-0500 [DEBUG] [org.gradle.internal.operations.DefaultBuildOperationRunner] Completing Build operation 'Execute Project.afterEvaluate listener'
2021-06-06T09:17:45.812-0500 [DEBUG] [org.gradle.internal.operations.DefaultBuildOperationRunner] Build operation 'Execute Project.afterEvaluate listener' started
2021-06-06T09:17:45.812-0500 [DEBUG] [org.gradle.internal.operations.DefaultBuildOperationRunner] Completing Build operation 'Execute Project.afterEvaluate listener'
2021-06-06T09:17:45.812-0500 [DEBUG] [org.gradle.internal.operations.DefaultBuildOperationRunner] Build operation 'Execute Project.afterEvaluate listener' started
2021-06-06T09:17:45.814-0500 [DEBUG] [org.gradle.internal.operations.DefaultBuildOperationRunner] Build operation 'Execute container callback action' started
2021-06-06T09:17:45.815-0500 [DEBUG] [org.gradle.internal.operations.DefaultBuildOperationRunner] Completing Build operation 'Execute container callback action'
2021-06-06T09:17:45.815-0500 [DEBUG] [org.gradle.internal.operations.DefaultBuildOperationRunner] Build operation 'Execute container callback action' started
2021-06-06T09:17:45.815-0500 [DEBUG] [org.gradle.internal.operations.DefaultBuildOperationRunner] Completing Build operation 'Execute container callback action'
2021-06-06T09:17:45.815-0500 [DEBUG] [org.gradle.internal.operations.DefaultBuildOperationRunner] Build operation 'Execute container callback action' started
2021-06-06T09:17:45.815-0500 [DEBUG] [org.gradle.internal.operations.DefaultBuildOperationRunner] Completing Build operation 'Execute container callback action'
2021-06-06T09:17:45.815-0500 [DEBUG] [org.gradle.internal.operations.DefaultBuildOperationRunner] Build operation 'Execute container callback action' started
2021-06-06T09:17:45.815-0500 [DEBUG] [org.gradle.internal.operations.DefaultBuildOperationRunner] Completing Build operation 'Execute container callback action'
2021-06-06T09:17:45.815-0500 [DEBUG] [org.gradle.internal.operations.DefaultBuildOperationRunner] Build operation 'Execute container callback action' started
2021-06-06T09:17:45.816-0500 [DEBUG] [org.gradle.internal.operations.DefaultBuildOperationRunner] Completing Build operation 'Execute container callback action'
2021-06-06T09:17:45.817-0500 [DEBUG] [org.gradle.internal.operations.DefaultBuildOperationRunner] Build operation 'Execute container callback action' started
2021-06-06T09:17:45.817-0500 [DEBUG] [org.gradle.internal.operations.DefaultBuildOperationRunner] Completing Build operation 'Execute container callback action'
2021-06-06T09:17:45.817-0500 [DEBUG] [org.gradle.internal.operations.DefaultBuildOperationRunner] Build operation 'Execute container callback action' started
2021-06-06T09:17:45.817-0500 [DEBUG] [org.gradle.internal.operations.DefaultBuildOperationRunner] Completing Build operation 'Execute container callback action'
2021-06-06T09:17:45.817-0500 [DEBUG] [org.gradle.internal.operations.DefaultBuildOperationRunner] Build operation 'Execute container callback action' started
2021-06-06T09:17:45.817-0500 [DEBUG] [org.gradle.internal.operations.DefaultBuildOperationRunner] Completing Build operation 'Execute container callback action'
2021-06-06T09:17:45.818-0500 [DEBUG] [org.gradle.internal.operations.DefaultBuildOperationRunner] Build operation 'Execute container callback action' started
2021-06-06T09:17:45.818-0500 [DEBUG] [org.gradle.internal.operations.DefaultBuildOperationRunner] Completing Build operation 'Execute container callback action'
2021-06-06T09:17:45.818-0500 [DEBUG] [org.gradle.internal.operations.DefaultBuildOperationRunner] Build operation 'Execute container callback action' started
2021-06-06T09:17:45.818-0500 [DEBUG] [org.gradle.internal.operations.DefaultBuildOperationRunner] Completing Build operation 'Execute container callback action'
2021-06-06T09:17:45.819-0500 [DEBUG] [org.gradle.internal.operations.DefaultBuildOperationRunner] Build operation 'Execute container callback action' started
2021-06-06T09:17:45.821-0500 [DEBUG] [org.gradle.internal.operations.DefaultBuildOperationRunner] Completing Build operation 'Execute container callback action'
2021-06-06T09:17:45.821-0500 [DEBUG] [org.gradle.internal.operations.DefaultBuildOperationRunner] Build operation 'Execute container callback action' started
2021-06-06T09:17:45.821-0500 [DEBUG] [org.gradle.internal.operations.DefaultBuildOperationRunner] Completing Build operation 'Execute container callback action'
2021-06-06T09:17:45.822-0500 [DEBUG] [org.gradle.internal.operations.DefaultBuildOperationRunner] Build operation 'Execute container callback action' started
2021-06-06T09:17:45.822-0500 [DEBUG] [org.gradle.internal.operations.DefaultBuildOperationRunner] Completing Build operation 'Execute container callback action'
2021-06-06T09:17:45.822-0500 [DEBUG] [org.gradle.internal.operations.DefaultBuildOperationRunner] Build operation 'Execute container callback action' started
2021-06-06T09:17:45.822-0500 [DEBUG] [org.gradle.internal.operations.DefaultBuildOperationRunner] Completing Build operation 'Execute container callback action'
2021-06-06T09:17:45.822-0500 [DEBUG] [org.gradle.internal.operations.DefaultBuildOperationRunner] Build operation 'Execute container callback action' started
2021-06-06T09:17:45.823-0500 [DEBUG] [org.gradle.internal.operations.DefaultBuildOperationRunner] Completing Build operation 'Execute container callback action'
2021-06-06T09:17:45.823-0500 [DEBUG] [org.gradle.internal.operations.DefaultBuildOperationRunner] Completing Build operation 'Execute Project.afterEvaluate listener'
2021-06-06T09:17:45.823-0500 [DEBUG] [org.gradle.internal.operations.DefaultBuildOperationRunner] Build operation 'Execute Project.afterEvaluate listener' started
2021-06-06T09:17:45.823-0500 [DEBUG] [org.gradle.internal.operations.DefaultBuildOperationRunner] Completing Build operation 'Execute Project.afterEvaluate listener'
2021-06-06T09:17:45.823-0500 [DEBUG] [org.gradle.internal.operations.DefaultBuildOperationRunner] Build operation 'Execute Project.afterEvaluate listener' started
2021-06-06T09:17:45.824-0500 [DEBUG] [org.gradle.internal.operations.DefaultBuildOperationRunner] Completing Build operation 'Execute Project.afterEvaluate listener'
2021-06-06T09:17:45.824-0500 [DEBUG] [org.gradle.internal.operations.DefaultBuildOperationRunner] Build operation 'Execute Project.afterEvaluate listener' started
2021-06-06T09:17:45.824-0500 [DEBUG] [org.gradle.internal.operations.DefaultBuildOperationRunner] Completing Build operation 'Execute Project.afterEvaluate listener'
2021-06-06T09:17:45.824-0500 [DEBUG] [org.gradle.internal.operations.DefaultBuildOperationRunner] Completing Build operation 'Notify afterEvaluate listeners of :app'
2021-06-06T09:17:44.570-0500 [LIFECYCLE] [org.gradle.internal.logging.progress.ProgressLoggerFactory] 
2021-06-06T09:17:44.570-0500 [LIFECYCLE] [org.gradle.internal.logging.progress.ProgressLoggerFactory] > Configure project :app
2021-06-06T09:17:44.622-0500 [DEBUG] [org.gradle.internal.operations.DefaultBuildOperationRunner] Build operation 'Compile build file 'app\build.gradle' (BODY)' completed
2021-06-06T09:17:44.623-0500 [DEBUG] [org.gradle.cache.internal.DefaultFileLockManager] Releasing lock on proj generic class cache for build file 'C:\Users\gathi\AndroidStudioProjects\ComposeDemo\app\build.gradle' (C:\Users\gathi\.gradle\caches\6.8.3\scripts\190727l13172zm59vkld2l4n4).
2021-06-06T09:17:44.625-0500 [DEBUG] [org.gradle.cache.internal.DefaultFileLockManager] Waiting to acquire shared lock on proj generic class cache for build file 'C:\Users\gathi\AndroidStudioProjects\ComposeDemo\app\build.gradle' (C:\Users\gathi\.gradle\caches\6.8.3\scripts\190727l13172zm59vkld2l4n4).
2021-06-06T09:17:44.625-0500 [DEBUG] [org.gradle.cache.internal.DefaultFileLockManager] Lock acquired on proj generic class cache for build file 'C:\Users\gathi\AndroidStudioProjects\ComposeDemo\app\build.gradle' (C:\Users\gathi\.gradle\caches\6.8.3\scripts\190727l13172zm59vkld2l4n4).
2021-06-06T09:17:44.661-0500 [DEBUG] [org.gradle.cache.internal.DefaultFileLockManager] Releasing lock on proj generic class cache for build file 'C:\Users\gathi\AndroidStudioProjects\ComposeDemo\app\build.gradle' (C:\Users\gathi\.gradle\caches\6.8.3\scripts\190727l13172zm59vkld2l4n4).
2021-06-06T09:17:44.862-0500 [DEBUG] [org.gradle.internal.operations.DefaultBuildOperationRunner] Build operation 'Apply build file 'app\build.gradle' to project ':app'' completed
2021-06-06T09:17:44.862-0500 [DEBUG] [org.gradle.configuration.project.BuildScriptProcessor] Timing: Running the build script took 2.349 secs
2021-06-06T09:17:44.871-0500 [DEBUG] [org.gradle.internal.operations.DefaultBuildOperationRunner] Build operation 'Execute container callback action' completed
2021-06-06T09:17:44.871-0500 [DEBUG] [org.gradle.internal.operations.DefaultBuildOperationRunner] Build operation 'Execute container callback action' completed
2021-06-06T09:17:44.872-0500 [DEBUG] [org.gradle.internal.operations.DefaultBuildOperationRunner] Build operation 'Execute Gradle.afterProject listener' completed
2021-06-06T09:17:44.945-0500 [DEBUG] [org.gradle.internal.operations.DefaultBuildOperationRunner] Build operation 'Execute container callback action' completed
2021-06-06T09:17:44.945-0500 [DEBUG] [org.gradle.internal.operations.DefaultBuildOperationRunner] Build operation 'Execute container callback action' completed
2021-06-06T09:17:44.946-0500 [DEBUG] [org.gradle.internal.operations.DefaultBuildOperationRunner] Build operation 'Execute container callback action' completed
2021-06-06T09:17:44.949-0500 [DEBUG] [org.gradle.internal.operations.DefaultBuildOperationRunner] Build operation 'Execute container callback action' completed
2021-06-06T09:17:44.950-0500 [DEBUG] [org.gradle.internal.operations.DefaultBuildOperationRunner] Build operation 'Execute container callback action' completed
2021-06-06T09:17:44.950-0500 [DEBUG] [org.gradle.internal.operations.DefaultBuildOperationRunner] Build operation 'Execute container callback action' completed
2021-06-06T09:17:44.950-0500 [DEBUG] [org.gradle.internal.operations.DefaultBuildOperationRunner] Build operation 'Execute container callback action' completed
2021-06-06T09:17:44.951-0500 [DEBUG] [org.gradle.internal.operations.DefaultBuildOperationRunner] Build operation 'Execute container callback action' completed
2021-06-06T09:17:44.951-0500 [DEBUG] [org.gradle.internal.operations.DefaultBuildOperationRunner] Build operation 'Execute container callback action' completed
2021-06-06T09:17:44.953-0500 [DEBUG] [org.gradle.internal.operations.DefaultBuildOperationRunner] Build operation 'Execute container callback action' completed
2021-06-06T09:17:44.953-0500 [DEBUG] [org.gradle.internal.operations.DefaultBuildOperationRunner] Build operation 'Execute container callback action' completed
2021-06-06T09:17:44.953-0500 [DEBUG] [org.gradle.internal.operations.DefaultBuildOperationRunner] Build operation 'Execute container callback action' completed
2021-06-06T09:17:44.955-0500 [DEBUG] [org.gradle.internal.operations.DefaultBuildOperationRunner] Build operation 'Execute container callback action' completed
2021-06-06T09:17:44.955-0500 [DEBUG] [org.gradle.internal.operations.DefaultBuildOperationRunner] Build operation 'Execute container callback action' completed
2021-06-06T09:17:44.956-0500 [DEBUG] [org.gradle.internal.operations.DefaultBuildOperationRunner] Build operation 'Execute container callback action' completed
2021-06-06T09:17:44.956-0500 [DEBUG] [org.gradle.internal.operations.DefaultBuildOperationRunner] Build operation 'Execute container callback action' completed
2021-06-06T09:17:44.957-0500 [DEBUG] [org.gradle.internal.operations.DefaultBuildOperationRunner] Build operation 'Execute container callback action' completed
2021-06-06T09:17:44.957-0500 [DEBUG] [org.gradle.internal.operations.DefaultBuildOperationRunner] Build operation 'Execute container callback action' completed
2021-06-06T09:17:44.957-0500 [DEBUG] [org.gradle.internal.operations.DefaultBuildOperationRunner] Build operation 'Execute container callback action' completed
2021-06-06T09:17:44.957-0500 [DEBUG] [org.gradle.internal.operations.DefaultBuildOperationRunner] Build operation 'Execute container callback action' completed
2021-06-06T09:17:44.958-0500 [DEBUG] [org.gradle.internal.operations.DefaultBuildOperationRunner] Build operation 'Execute container callback action' completed
2021-06-06T09:17:44.958-0500 [DEBUG] [org.gradle.internal.operations.DefaultBuildOperationRunner] Build operation 'Execute container callback action' completed
2021-06-06T09:17:44.958-0500 [DEBUG] [org.gradle.internal.operations.DefaultBuildOperationRunner] Build operation 'Execute container callback action' completed
2021-06-06T09:17:44.958-0500 [DEBUG] [org.gradle.internal.operations.DefaultBuildOperationRunner] Build operation 'Execute container callback action' completed
2021-06-06T09:17:44.959-0500 [DEBUG] [org.gradle.internal.operations.DefaultBuildOperationRunner] Build operation 'Execute container callback action' completed
2021-06-06T09:17:44.959-0500 [DEBUG] [org.gradle.internal.operations.DefaultBuildOperationRunner] Build operation 'Execute container callback action' completed
2021-06-06T09:17:44.959-0500 [DEBUG] [org.gradle.internal.operations.DefaultBuildOperationRunner] Build operation 'Execute container callback action' completed
2021-06-06T09:17:45.063-0500 [DEBUG] [org.gradle.internal.operations.DefaultBuildOperationRunner] Build operation 'Execute container callback action' completed
2021-06-06T09:17:45.063-0500 [DEBUG] [org.gradle.internal.operations.DefaultBuildOperationRunner] Build operation 'Execute container callback action' completed
2021-06-06T09:17:45.063-0500 [DEBUG] [org.gradle.internal.operations.DefaultBuildOperationRunner] Build operation 'Execute container callback action' completed
2021-06-06T09:17:45.068-0500 [DEBUG] [org.gradle.internal.operations.DefaultBuildOperationRunner] Build operation 'Execute container callback action' completed
2021-06-06T09:17:45.068-0500 [DEBUG] [org.gradle.internal.operations.DefaultBuildOperationRunner] Build operation 'Execute container callback action' completed
2021-06-06T09:17:45.068-0500 [DEBUG] [org.gradle.internal.operations.DefaultBuildOperationRunner] Build operation 'Execute container callback action' completed
2021-06-06T09:17:45.069-0500 [DEBUG] [org.gradle.internal.operations.DefaultBuildOperationRunner] Build operation 'Execute container callback action' completed
2021-06-06T09:17:45.069-0500 [DEBUG] [org.gradle.internal.operations.DefaultBuildOperationRunner] Build operation 'Execute container callback action' completed
2021-06-06T09:17:45.069-0500 [DEBUG] [org.gradle.internal.operations.DefaultBuildOperationRunner] Build operation 'Execute container callback action' completed
2021-06-06T09:17:45.090-0500 [DEBUG] [org.gradle.internal.operations.DefaultBuildOperationRunner] Build operation 'Execute container callback action' completed
2021-06-06T09:17:45.090-0500 [DEBUG] [org.gradle.internal.operations.DefaultBuildOperationRunner] Build operation 'Execute container callback action' completed
2021-06-06T09:17:45.091-0500 [DEBUG] [org.gradle.internal.operations.DefaultBuildOperationRunner] Build operation 'Execute container callback action' completed
2021-06-06T09:17:45.091-0500 [DEBUG] [org.gradle.internal.operations.DefaultBuildOperationRunner] Build operation 'Execute container callback action' completed
2021-06-06T09:17:45.091-0500 [DEBUG] [org.gradle.internal.operations.DefaultBuildOperationRunner] Build operation 'Execute container callback action' completed
2021-06-06T09:17:45.092-0500 [DEBUG] [org.gradle.internal.operations.DefaultBuildOperationRunner] Build operation 'Execute container callback action' completed
2021-06-06T09:17:45.092-0500 [DEBUG] [org.gradle.internal.operations.DefaultBuildOperationRunner] Build operation 'Execute container callback action' completed
2021-06-06T09:17:45.092-0500 [DEBUG] [org.gradle.internal.operations.DefaultBuildOperationRunner] Build operation 'Execute container callback action' completed
2021-06-06T09:17:45.093-0500 [DEBUG] [org.gradle.internal.operations.DefaultBuildOperationRunner] Build operation 'Execute container callback action' completed
2021-06-06T09:17:45.103-0500 [DEBUG] [org.gradle.internal.operations.DefaultBuildOperationRunner] Build operation 'Execute container callback action' completed
2021-06-06T09:17:45.103-0500 [DEBUG] [org.gradle.internal.operations.DefaultBuildOperationRunner] Build operation 'Execute container callback action' completed
2021-06-06T09:17:45.104-0500 [DEBUG] [org.gradle.internal.operations.DefaultBuildOperationRunner] Build operation 'Execute container callback action' completed
2021-06-06T09:17:45.104-0500 [DEBUG] [org.gradle.internal.operations.DefaultBuildOperationRunner] Build operation 'Execute container callback action' completed
2021-06-06T09:17:45.105-0500 [DEBUG] [org.gradle.internal.operations.DefaultBuildOperationRunner] Build operation 'Execute container callback action' completed
2021-06-06T09:17:45.105-0500 [DEBUG] [org.gradle.internal.operations.DefaultBuildOperationRunner] Build operation 'Execute container callback action' completed
2021-06-06T09:17:45.105-0500 [DEBUG] [org.gradle.internal.operations.DefaultBuildOperationRunner] Build operation 'Execute container callback action' completed
2021-06-06T09:17:45.106-0500 [DEBUG] [org.gradle.internal.operations.DefaultBuildOperationRunner] Build operation 'Execute container callback action' completed
2021-06-06T09:17:45.106-0500 [DEBUG] [org.gradle.internal.operations.DefaultBuildOperationRunner] Build operation 'Execute container callback action' completed
2021-06-06T09:17:45.107-0500 [DEBUG] [org.gradle.internal.operations.DefaultBuildOperationRunner] Build operation 'Execute container callback action' completed
2021-06-06T09:17:45.107-0500 [DEBUG] [org.gradle.internal.operations.DefaultBuildOperationRunner] Build operation 'Execute container callback action' completed
2021-06-06T09:17:45.107-0500 [DEBUG] [org.gradle.internal.operations.DefaultBuildOperationRunner] Build operation 'Execute container callback action' completed
2021-06-06T09:17:45.107-0500 [DEBUG] [org.gradle.internal.operations.DefaultBuildOperationRunner] Build operation 'Execute container callback action' completed
2021-06-06T09:17:45.108-0500 [DEBUG] [org.gradle.internal.operations.DefaultBuildOperationRunner] Build operation 'Execute container callback action' completed
2021-06-06T09:17:45.108-0500 [DEBUG] [org.gradle.internal.operations.DefaultBuildOperationRunner] Build operation 'Execute container callback action' completed
2021-06-06T09:17:45.108-0500 [DEBUG] [org.gradle.internal.operations.DefaultBuildOperationRunner] Build operation 'Execute container callback action' completed
2021-06-06T09:17:45.109-0500 [DEBUG] [org.gradle.internal.operations.DefaultBuildOperationRunner] Build operation 'Execute container callback action' completed
2021-06-06T09:17:45.109-0500 [DEBUG] [org.gradle.internal.operations.DefaultBuildOperationRunner] Build operation 'Execute container callback action' completed
2021-06-06T09:17:45.109-0500 [DEBUG] [org.gradle.internal.operations.DefaultBuildOperationRunner] Build operation 'Execute container callback action' completed
2021-06-06T09:17:45.109-0500 [DEBUG] [org.gradle.internal.operations.DefaultBuildOperationRunner] Build operation 'Execute container callback action' completed
2021-06-06T09:17:45.110-0500 [DEBUG] [org.gradle.internal.operations.DefaultBuildOperationRunner] Build operation 'Execute container callback action' completed
2021-06-06T09:17:45.110-0500 [DEBUG] [org.gradle.internal.operations.DefaultBuildOperationRunner] Build operation 'Execute container callback action' completed
2021-06-06T09:17:45.110-0500 [DEBUG] [org.gradle.internal.operations.DefaultBuildOperationRunner] Build operation 'Execute container callback action' completed
2021-06-06T09:17:45.110-0500 [DEBUG] [org.gradle.internal.operations.DefaultBuildOperationRunner] Build operation 'Execute container callback action' completed
2021-06-06T09:17:45.111-0500 [DEBUG] [org.gradle.internal.operations.DefaultBuildOperationRunner] Build operation 'Execute container callback action' completed
2021-06-06T09:17:45.111-0500 [DEBUG] [org.gradle.internal.operations.DefaultBuildOperationRunner] Build operation 'Execute container callback action' completed
2021-06-06T09:17:45.111-0500 [DEBUG] [org.gradle.internal.operations.DefaultBuildOperationRunner] Build operation 'Execute container callback action' completed
2021-06-06T09:17:45.113-0500 [DEBUG] [org.gradle.internal.operations.DefaultBuildOperationRunner] Build operation 'Execute container callback action' completed
2021-06-06T09:17:45.113-0500 [DEBUG] [org.gradle.internal.operations.DefaultBuildOperationRunner] Build operation 'Execute container callback action' completed
2021-06-06T09:17:45.113-0500 [DEBUG] [org.gradle.internal.operations.DefaultBuildOperationRunner] Build operation 'Execute container callback action' completed
2021-06-06T09:17:45.114-0500 [DEBUG] [org.gradle.internal.operations.DefaultBuildOperationRunner] Build operation 'Execute container callback action' completed
2021-06-06T09:17:45.114-0500 [DEBUG] [org.gradle.internal.operations.DefaultBuildOperationRunner] Build operation 'Execute container callback action' completed
2021-06-06T09:17:45.115-0500 [DEBUG] [org.gradle.internal.operations.DefaultBuildOperationRunner] Build operation 'Execute container callback action' completed
2021-06-06T09:17:45.115-0500 [DEBUG] [org.gradle.internal.operations.DefaultBuildOperationRunner] Build operation 'Execute container callback action' completed
2021-06-06T09:17:45.115-0500 [DEBUG] [org.gradle.internal.operations.DefaultBuildOperationRunner] Build operation 'Execute container callback action' completed
2021-06-06T09:17:45.115-0500 [DEBUG] [org.gradle.internal.operations.DefaultBuildOperationRunner] Build operation 'Execute container callback action' completed
2021-06-06T09:17:45.128-0500 [DEBUG] [org.gradle.internal.operations.DefaultBuildOperationRunner] Build operation 'Register task :app:prepareLintJarForPublish' completed
2021-06-06T09:17:45.134-0500 [DEBUG] [org.gradle.internal.operations.DefaultBuildOperationRunner] Build operation 'Register task :app:compileLintChecks' completed
2021-06-06T09:17:45.139-0500 [DEBUG] [org.gradle.internal.operations.DefaultBuildOperationRunner] Build operation 'Register task :app:createMockableJar' completed
2021-06-06T09:17:45.140-0500 [DEBUG] [org.gradle.internal.operations.DefaultBuildOperationRunner] Build operation 'Register task :app:connectedAndroidTest' completed
2021-06-06T09:17:45.142-0500 [DEBUG] [org.gradle.internal.operations.DefaultBuildOperationRunner] Build operation 'Register task :app:deviceAndroidTest' completed
2021-06-06T09:17:45.143-0500 [DEBUG] [org.gradle.internal.operations.DefaultBuildOperationRunner] Build operation 'Register task :app:test' completed
2021-06-06T09:17:45.144-0500 [DEBUG] [org.gradle.internal.operations.DefaultBuildOperationRunner] Build operation 'Register task :app:assembleDebug' completed
2021-06-06T09:17:45.145-0500 [DEBUG] [org.gradle.internal.operations.DefaultBuildOperationRunner] Build operation 'Register task :app:bundleDebug' completed
2021-06-06T09:17:45.148-0500 [DEBUG] [org.gradle.internal.operations.DefaultBuildOperationRunner] Build operation 'Register task :app:preDebugBuild' completed
2021-06-06T09:17:45.149-0500 [DEBUG] [org.gradle.internal.operations.DefaultBuildOperationRunner] Build operation 'Register task :app:generateDebugSources' completed
2021-06-06T09:17:45.149-0500 [DEBUG] [org.gradle.internal.operations.DefaultBuildOperationRunner] Build operation 'Register task :app:generateDebugResources' completed
2021-06-06T09:17:45.149-0500 [DEBUG] [org.gradle.internal.operations.DefaultBuildOperationRunner] Build operation 'Register task :app:generateDebugAssets' completed
2021-06-06T09:17:45.150-0500 [DEBUG] [org.gradle.internal.operations.DefaultBuildOperationRunner] Build operation 'Register task :app:compileDebugSources' completed
2021-06-06T09:17:45.152-0500 [DEBUG] [org.gradle.internal.operations.DefaultBuildOperationRunner] Build operation 'Register task :app:extractDeepLinksDebug' completed
2021-06-06T09:17:45.163-0500 [DEBUG] [org.gradle.internal.operations.DefaultBuildOperationRunner] Build operation 'Register task :app:writeDebugModuleMetadata' completed
2021-06-06T09:17:45.164-0500 [DEBUG] [org.gradle.internal.operations.DefaultBuildOperationRunner] Build operation 'Register task :app:writeDebugApplicationId' completed
2021-06-06T09:17:45.167-0500 [DEBUG] [org.gradle.internal.operations.DefaultBuildOperationRunner] Build operation 'Register task :app:checkDebugManifest' completed
2021-06-06T09:17:45.170-0500 [DEBUG] [org.gradle.internal.operations.DefaultBuildOperationRunner] Build operation 'Register task :app:createDebugCompatibleScreenManifests' completed
2021-06-06T09:17:45.172-0500 [DEBUG] [org.gradle.internal.operations.DefaultBuildOperationRunner] Build operation 'Register task :app:processApplicationManifestDebugForBundle' completed
2021-06-06T09:17:45.174-0500 [DEBUG] [org.gradle.internal.operations.DefaultBuildOperationRunner] Build operation 'Register task :app:processManifestDebugForFeature' completed
2021-06-06T09:17:45.176-0500 [DEBUG] [org.gradle.internal.operations.DefaultBuildOperationRunner] Build operation 'Register task :app:processDebugManifestForInstantApp' completed
2021-06-06T09:17:45.182-0500 [DEBUG] [org.gradle.internal.operations.DefaultBuildOperationRunner] Build operation 'Register task :app:processDebugManifestForPackage' completed
2021-06-06T09:17:45.185-0500 [DEBUG] [org.gradle.internal.operations.DefaultBuildOperationRunner] Build operation 'Register task :app:generateDebugManifestClass' completed
2021-06-06T09:17:45.189-0500 [DEBUG] [org.gradle.internal.operations.DefaultBuildOperationRunner] Build operation 'Register task :app:processDebugMainManifest' completed
2021-06-06T09:17:45.193-0500 [DEBUG] [org.gradle.internal.operations.DefaultBuildOperationRunner] Build operation 'Register task :app:processDebugManifest' completed
2021-06-06T09:17:45.195-0500 [DEBUG] [org.gradle.internal.operations.DefaultBuildOperationRunner] Build operation 'Register task :app:generateDebugResValues' completed
2021-06-06T09:17:45.196-0500 [DEBUG] [org.gradle.internal.operations.DefaultBuildOperationRunner] Build operation 'Register task :app:compileDebugRenderscript' completed
2021-06-06T09:17:45.201-0500 [DEBUG] [org.gradle.internal.operations.DefaultBuildOperationRunner] Build operation 'Register task :app:mergeDebugResources' completed
2021-06-06T09:17:45.209-0500 [DEBUG] [org.gradle.internal.operations.DefaultBuildOperationRunner] Build operation 'Register task :app:mergeDebugShaders' completed
2021-06-06T09:17:45.211-0500 [DEBUG] [org.gradle.internal.operations.DefaultBuildOperationRunner] Build operation 'Register task :app:compileDebugShaders' completed
2021-06-06T09:17:45.213-0500 [DEBUG] [org.gradle.internal.operations.DefaultBuildOperationRunner] Build operation 'Register task :app:mergeDebugAssets' completed
2021-06-06T09:17:45.215-0500 [DEBUG] [org.gradle.internal.operations.DefaultBuildOperationRunner] Build operation 'Register task :app:compressDebugAssets' completed
2021-06-06T09:17:45.217-0500 [DEBUG] [org.gradle.internal.operations.DefaultBuildOperationRunner] Build operation 'Register task :app:generateDebugBuildConfig' completed
2021-06-06T09:17:45.220-0500 [DEBUG] [org.gradle.internal.operations.DefaultBuildOperationRunner] Build operation 'Register task :app:checkDebugAarMetadata' completed
2021-06-06T09:17:45.225-0500 [DEBUG] [org.gradle.internal.operations.DefaultBuildOperationRunner] Build operation 'Register task :app:processDebugResources' completed
2021-06-06T09:17:45.229-0500 [DEBUG] [org.gradle.internal.operations.DefaultBuildOperationRunner] Build operation 'Register task :app:bundleDebugResources' completed
2021-06-06T09:17:45.232-0500 [DEBUG] [org.gradle.internal.operations.DefaultBuildOperationRunner] Build operation 'Register task :app:processDebugJavaRes' completed
2021-06-06T09:17:45.233-0500 [DEBUG] [org.gradle.internal.operations.DefaultBuildOperationRunner] Build operation 'Register task :app:compileDebugAidl' completed
2021-06-06T09:17:45.240-0500 [DEBUG] [org.gradle.internal.operations.DefaultBuildOperationRunner] Build operation 'Register task :app:mergeDebugJniLibFolders' completed
2021-06-06T09:17:45.242-0500 [DEBUG] [org.gradle.internal.operations.DefaultBuildOperationRunner] Build operation 'Register task :app:mergeDebugNativeLibs' completed
2021-06-06T09:17:45.244-0500 [DEBUG] [org.gradle.internal.operations.DefaultBuildOperationRunner] Build operation 'Register task :app:javaPreCompileDebug' completed
2021-06-06T09:17:45.245-0500 [DEBUG] [org.gradle.internal.operations.DefaultBuildOperationRunner] Build operation 'Register task :app:compileDebugJavaWithJavac' completed
2021-06-06T09:17:45.247-0500 [DEBUG] [org.gradle.internal.operations.DefaultBuildOperationRunner] Build operation 'Register task :app:bundleDebugClasses' completed
2021-06-06T09:17:45.249-0500 [DEBUG] [org.gradle.internal.operations.DefaultBuildOperationRunner] Build operation 'Register task :app:mergeDebugGeneratedProguardFiles' completed
2021-06-06T09:17:45.251-0500 [DEBUG] [org.gradle.internal.operations.DefaultBuildOperationRunner] Build operation 'Register task :app:mergeDebugJavaResource' completed
2021-06-06T09:17:45.253-0500 [DEBUG] [org.gradle.internal.operations.DefaultBuildOperationRunner] Build operation 'Register task :app:checkDebugDuplicateClasses' completed
2021-06-06T09:17:45.258-0500 [DEBUG] [org.gradle.internal.operations.DefaultBuildOperationRunner] Build operation 'Register task :app:dexBuilderDebug' completed
2021-06-06T09:17:45.264-0500 [DEBUG] [org.gradle.internal.operations.DefaultBuildOperationRunner] Build operation 'Register task :app:desugarDebugFileDependencies' completed
2021-06-06T09:17:45.268-0500 [DEBUG] [org.gradle.internal.operations.DefaultBuildOperationRunner] Build operation 'Register task :app:mergeExtDexDebug' completed
2021-06-06T09:17:45.273-0500 [DEBUG] [org.gradle.internal.operations.DefaultBuildOperationRunner] Build operation 'Register task :app:mergeProjectDexDebug' completed
2021-06-06T09:17:45.274-0500 [DEBUG] [org.gradle.internal.operations.DefaultBuildOperationRunner] Build operation 'Register task :app:mergeLibDexDebug' completed
2021-06-06T09:17:45.274-0500 [DEBUG] [org.gradle.internal.operations.DefaultBuildOperationRunner] Build operation 'Register task :app:stripDebugDebugSymbols' completed
2021-06-06T09:17:45.276-0500 [DEBUG] [org.gradle.internal.operations.DefaultBuildOperationRunner] Build operation 'Register task :app:extractDebugNativeDebugMetadata' completed
2021-06-06T09:17:45.276-0500 [DEBUG] [org.gradle.internal.operations.DefaultBuildOperationRunner] Build operation 'Register task :app:extractDebugNativeSymbolTables' completed
2021-06-06T09:17:45.283-0500 [DEBUG] [org.gradle.internal.operations.DefaultBuildOperationRunner] Build operation 'Register task :app:packageDebug' completed
2021-06-06T09:17:45.286-0500 [DEBUG] [org.gradle.internal.operations.DefaultBuildOperationRunner] Build operation 'Register task :app:installDebug' completed
2021-06-06T09:17:45.287-0500 [DEBUG] [org.gradle.internal.operations.DefaultBuildOperationRunner] Build operation 'Register task :app:uninstallDebug' completed
2021-06-06T09:17:45.289-0500 [DEBUG] [org.gradle.internal.operations.DefaultBuildOperationRunner] Build operation 'Register task :app:lintDebug' completed
2021-06-06T09:17:45.291-0500 [DEBUG] [org.gradle.internal.operations.DefaultBuildOperationRunner] Build operation 'Register task :app:generateDebugDependenciesForLint' completed
2021-06-06T09:17:45.292-0500 [DEBUG] [org.gradle.internal.operations.DefaultBuildOperationRunner] Build operation 'Register task :app:generateDebugFeatureTransitiveDeps' completed
2021-06-06T09:17:45.293-0500 [DEBUG] [org.gradle.internal.operations.DefaultBuildOperationRunner] Build operation 'Register task :app:zipApksForDebug' completed
2021-06-06T09:17:45.294-0500 [DEBUG] [org.gradle.internal.operations.DefaultBuildOperationRunner] Build operation 'Register task :app:generateDebugFeatureMetadata' completed
2021-06-06T09:17:45.296-0500 [DEBUG] [org.gradle.internal.operations.DefaultBuildOperationRunner] Build operation 'Register task :app:validateSigningDebug' completed
2021-06-06T09:17:45.298-0500 [DEBUG] [org.gradle.internal.operations.DefaultBuildOperationRunner] Build operation 'Register task :app:signingConfigWriterDebug' completed
2021-06-06T09:17:45.299-0500 [DEBUG] [org.gradle.internal.operations.DefaultBuildOperationRunner] Build operation 'Register task :app:writeDebugSigningConfigVersions' completed
2021-06-06T09:17:45.301-0500 [DEBUG] [org.gradle.internal.operations.DefaultBuildOperationRunner] Build operation 'Register task :app:writeDebugAppMetadata' completed
2021-06-06T09:17:45.303-0500 [DEBUG] [org.gradle.internal.operations.DefaultBuildOperationRunner] Build operation 'Register task :app:buildDebugPreBundle' completed
2021-06-06T09:17:45.305-0500 [DEBUG] [org.gradle.internal.operations.DefaultBuildOperationRunner] Build operation 'Register task :app:parseDebugIntegrityConfig' completed
2021-06-06T09:17:45.307-0500 [DEBUG] [org.gradle.internal.operations.DefaultBuildOperationRunner] Build operation 'Register task :app:packageDebugBundle' completed
2021-06-06T09:17:45.310-0500 [DEBUG] [org.gradle.internal.operations.DefaultBuildOperationRunner] Build operation 'Register task :app:signDebugBundle' completed
2021-06-06T09:17:45.311-0500 [DEBUG] [org.gradle.internal.operations.DefaultBuildOperationRunner] Build operation 'Register task :app:produceDebugBundleIdeListingFile' completed
2021-06-06T09:17:45.312-0500 [DEBUG] [org.gradle.internal.operations.DefaultBuildOperationRunner] Build operation 'Register task :app:makeApkFromBundleForDebug' completed
2021-06-06T09:17:45.314-0500 [DEBUG] [org.gradle.internal.operations.DefaultBuildOperationRunner] Build operation 'Register task :app:packageDebugUniversalApk' completed
2021-06-06T09:17:45.316-0500 [DEBUG] [org.gradle.internal.operations.DefaultBuildOperationRunner] Build operation 'Register task :app:extractApksForDebug' completed
2021-06-06T09:17:45.318-0500 [DEBUG] [org.gradle.internal.operations.DefaultBuildOperationRunner] Build operation 'Register task :app:mergeDebugNativeDebugMetadata' completed
2021-06-06T09:17:45.323-0500 [DEBUG] [org.gradle.internal.operations.DefaultBuildOperationRunner] Build operation 'Register task :app:assembleRelease' completed
2021-06-06T09:17:45.323-0500 [DEBUG] [org.gradle.internal.operations.DefaultBuildOperationRunner] Build operation 'Register task :app:bundleRelease' completed
2021-06-06T09:17:45.324-0500 [DEBUG] [org.gradle.internal.operations.DefaultBuildOperationRunner] Build operation 'Register task :app:preReleaseBuild' completed
2021-06-06T09:17:45.325-0500 [DEBUG] [org.gradle.internal.operations.DefaultBuildOperationRunner] Build operation 'Register task :app:analyticsRecordingRelease' completed
2021-06-06T09:17:45.326-0500 [DEBUG] [org.gradle.internal.operations.DefaultBuildOperationRunner] Build operation 'Register task :app:generateReleaseSources' completed
2021-06-06T09:17:45.326-0500 [DEBUG] [org.gradle.internal.operations.DefaultBuildOperationRunner] Build operation 'Register task :app:generateReleaseResources' completed
2021-06-06T09:17:45.326-0500 [DEBUG] [org.gradle.internal.operations.DefaultBuildOperationRunner] Build operation 'Register task :app:generateReleaseAssets' completed
2021-06-06T09:17:45.327-0500 [DEBUG] [org.gradle.internal.operations.DefaultBuildOperationRunner] Build operation 'Register task :app:compileReleaseSources' completed
2021-06-06T09:17:45.327-0500 [DEBUG] [org.gradle.internal.operations.DefaultBuildOperationRunner] Build operation 'Register task :app:extractDeepLinksRelease' completed
2021-06-06T09:17:45.328-0500 [DEBUG] [org.gradle.internal.operations.DefaultBuildOperationRunner] Build operation 'Register task :app:writeReleaseModuleMetadata' completed
2021-06-06T09:17:45.328-0500 [DEBUG] [org.gradle.internal.operations.DefaultBuildOperationRunner] Build operation 'Register task :app:writeReleaseApplicationId' completed
2021-06-06T09:17:45.328-0500 [DEBUG] [org.gradle.internal.operations.DefaultBuildOperationRunner] Build operation 'Register task :app:checkReleaseManifest' completed
2021-06-06T09:17:45.329-0500 [DEBUG] [org.gradle.internal.operations.DefaultBuildOperationRunner] Build operation 'Register task :app:createReleaseCompatibleScreenManifests' completed
2021-06-06T09:17:45.329-0500 [DEBUG] [org.gradle.internal.operations.DefaultBuildOperationRunner] Build operation 'Register task :app:processApplicationManifestReleaseForBundle' completed
2021-06-06T09:17:45.330-0500 [DEBUG] [org.gradle.internal.operations.DefaultBuildOperationRunner] Build operation 'Register task :app:processManifestReleaseForFeature' completed
2021-06-06T09:17:45.330-0500 [DEBUG] [org.gradle.internal.operations.DefaultBuildOperationRunner] Build operation 'Register task :app:processReleaseManifestForInstantApp' completed
2021-06-06T09:17:45.330-0500 [DEBUG] [org.gradle.internal.operations.DefaultBuildOperationRunner] Build operation 'Register task :app:processReleaseManifestForPackage' completed
2021-06-06T09:17:45.330-0500 [DEBUG] [org.gradle.internal.operations.DefaultBuildOperationRunner] Build operation 'Register task :app:generateReleaseManifestClass' completed
2021-06-06T09:17:45.331-0500 [DEBUG] [org.gradle.internal.operations.DefaultBuildOperationRunner] Build operation 'Register task :app:processReleaseMainManifest' completed
2021-06-06T09:17:45.331-0500 [DEBUG] [org.gradle.internal.operations.DefaultBuildOperationRunner] Build operation 'Register task :app:processReleaseManifest' completed
2021-06-06T09:17:45.331-0500 [DEBUG] [org.gradle.internal.operations.DefaultBuildOperationRunner] Build operation 'Register task :app:generateReleaseResValues' completed
2021-06-06T09:17:45.331-0500 [DEBUG] [org.gradle.internal.operations.DefaultBuildOperationRunner] Build operation 'Register task :app:compileReleaseRenderscript' completed
2021-06-06T09:17:45.332-0500 [DEBUG] [org.gradle.internal.operations.DefaultBuildOperationRunner] Build operation 'Register task :app:mergeReleaseResources' completed
2021-06-06T09:17:45.332-0500 [DEBUG] [org.gradle.internal.operations.DefaultBuildOperationRunner] Build operation 'Register task :app:mergeReleaseShaders' completed
2021-06-06T09:17:45.332-0500 [DEBUG] [org.gradle.internal.operations.DefaultBuildOperationRunner] Build operation 'Register task :app:compileReleaseShaders' completed
2021-06-06T09:17:45.333-0500 [DEBUG] [org.gradle.internal.operations.DefaultBuildOperationRunner] Build operation 'Register task :app:mergeReleaseAssets' completed
2021-06-06T09:17:45.333-0500 [DEBUG] [org.gradle.internal.operations.DefaultBuildOperationRunner] Build operation 'Register task :app:compressReleaseAssets' completed
2021-06-06T09:17:45.333-0500 [DEBUG] [org.gradle.internal.operations.DefaultBuildOperationRunner] Build operation 'Register task :app:generateReleaseBuildConfig' completed
2021-06-06T09:17:45.334-0500 [DEBUG] [org.gradle.internal.operations.DefaultBuildOperationRunner] Build operation 'Register task :app:checkReleaseAarMetadata' completed
2021-06-06T09:17:45.334-0500 [DEBUG] [org.gradle.internal.operations.DefaultBuildOperationRunner] Build operation 'Register task :app:processReleaseResources' completed
2021-06-06T09:17:45.335-0500 [DEBUG] [org.gradle.internal.operations.DefaultBuildOperationRunner] Build operation 'Register task :app:bundleReleaseResources' completed
2021-06-06T09:17:45.336-0500 [DEBUG] [org.gradle.internal.operations.DefaultBuildOperationRunner] Build operation 'Register task :app:optimizeReleaseResources' completed
2021-06-06T09:17:45.337-0500 [DEBUG] [org.gradle.internal.operations.DefaultBuildOperationRunner] Build operation 'Register task :app:processReleaseJavaRes' completed
2021-06-06T09:17:45.337-0500 [DEBUG] [org.gradle.internal.operations.DefaultBuildOperationRunner] Build operation 'Register task :app:compileReleaseAidl' completed
2021-06-06T09:17:45.338-0500 [DEBUG] [org.gradle.internal.operations.DefaultBuildOperationRunner] Build operation 'Register task :app:mergeReleaseJniLibFolders' completed
2021-06-06T09:17:45.338-0500 [DEBUG] [org.gradle.internal.operations.DefaultBuildOperationRunner] Build operation 'Register task :app:mergeReleaseNativeLibs' completed
2021-06-06T09:17:45.338-0500 [DEBUG] [org.gradle.internal.operations.DefaultBuildOperationRunner] Build operation 'Register task :app:javaPreCompileRelease' completed
2021-06-06T09:17:45.338-0500 [DEBUG] [org.gradle.internal.operations.DefaultBuildOperationRunner] Build operation 'Register task :app:compileReleaseJavaWithJavac' completed
2021-06-06T09:17:45.339-0500 [DEBUG] [org.gradle.internal.operations.DefaultBuildOperationRunner] Build operation 'Register task :app:bundleReleaseClasses' completed
2021-06-06T09:17:45.339-0500 [DEBUG] [org.gradle.internal.operations.DefaultBuildOperationRunner] Build operation 'Register task :app:mergeReleaseGeneratedProguardFiles' completed
2021-06-06T09:17:45.339-0500 [DEBUG] [org.gradle.internal.operations.DefaultBuildOperationRunner] Build operation 'Register task :app:mergeReleaseJavaResource' completed
2021-06-06T09:17:45.339-0500 [DEBUG] [org.gradle.internal.operations.DefaultBuildOperationRunner] Build operation 'Register task :app:checkReleaseDuplicateClasses' completed
2021-06-06T09:17:45.340-0500 [DEBUG] [org.gradle.internal.operations.DefaultBuildOperationRunner] Build operation 'Register task :app:dexBuilderRelease' completed
2021-06-06T09:17:45.340-0500 [DEBUG] [org.gradle.internal.operations.DefaultBuildOperationRunner] Build operation 'Register task :app:desugarReleaseFileDependencies' completed
2021-06-06T09:17:45.341-0500 [DEBUG] [org.gradle.internal.operations.DefaultBuildOperationRunner] Build operation 'Register task :app:mergeExtDexRelease' completed
2021-06-06T09:17:45.341-0500 [DEBUG] [org.gradle.internal.operations.DefaultBuildOperationRunner] Build operation 'Register task :app:mergeDexRelease' completed
2021-06-06T09:17:45.342-0500 [DEBUG] [org.gradle.internal.operations.DefaultBuildOperationRunner] Build operation 'Register task :app:stripReleaseDebugSymbols' completed
2021-06-06T09:17:45.342-0500 [DEBUG] [org.gradle.internal.operations.DefaultBuildOperationRunner] Build operation 'Register task :app:extractReleaseNativeDebugMetadata' completed
2021-06-06T09:17:45.342-0500 [DEBUG] [org.gradle.internal.operations.DefaultBuildOperationRunner] Build operation 'Register task :app:extractReleaseNativeSymbolTables' completed
2021-06-06T09:17:45.342-0500 [DEBUG] [org.gradle.internal.operations.DefaultBuildOperationRunner] Build operation 'Register task :app:packageRelease' completed
2021-06-06T09:17:45.343-0500 [DEBUG] [org.gradle.internal.operations.DefaultBuildOperationRunner] Build operation 'Register task :app:uninstallRelease' completed
2021-06-06T09:17:45.345-0500 [DEBUG] [org.gradle.internal.operations.DefaultBuildOperationRunner] Build operation 'Register task :app:lintVitalRelease' completed
2021-06-06T09:17:45.346-0500 [DEBUG] [org.gradle.internal.operations.DefaultBuildOperationRunner] Build operation 'Register task :app:lintRelease' completed
2021-06-06T09:17:45.346-0500 [DEBUG] [org.gradle.internal.operations.DefaultBuildOperationRunner] Build operation 'Register task :app:generateReleaseDependenciesForLint' completed
2021-06-06T09:17:45.347-0500 [DEBUG] [org.gradle.internal.operations.DefaultBuildOperationRunner] Build operation 'Register task :app:generateReleaseFeatureTransitiveDeps' completed
2021-06-06T09:17:45.347-0500 [DEBUG] [org.gradle.internal.operations.DefaultBuildOperationRunner] Build operation 'Register task :app:zipApksForRelease' completed
2021-06-06T09:17:45.347-0500 [DEBUG] [org.gradle.internal.operations.DefaultBuildOperationRunner] Build operation 'Register task :app:generateReleaseFeatureMetadata' completed
2021-06-06T09:17:45.347-0500 [DEBUG] [org.gradle.internal.operations.DefaultBuildOperationRunner] Build operation 'Register task :app:signingConfigWriterRelease' completed
2021-06-06T09:17:45.347-0500 [DEBUG] [org.gradle.internal.operations.DefaultBuildOperationRunner] Build operation 'Register task :app:writeReleaseSigningConfigVersions' completed
2021-06-06T09:17:45.348-0500 [DEBUG] [org.gradle.internal.operations.DefaultBuildOperationRunner] Build operation 'Register task :app:writeReleaseAppMetadata' completed
2021-06-06T09:17:45.348-0500 [DEBUG] [org.gradle.internal.operations.DefaultBuildOperationRunner] Build operation 'Register task :app:buildReleasePreBundle' completed
2021-06-06T09:17:45.349-0500 [DEBUG] [org.gradle.internal.operations.DefaultBuildOperationRunner] Build operation 'Register task :app:collectReleaseDependencies' completed
2021-06-06T09:17:45.350-0500 [DEBUG] [org.gradle.internal.operations.DefaultBuildOperationRunner] Build operation 'Register task :app:parseReleaseIntegrityConfig' completed
2021-06-06T09:17:45.350-0500 [DEBUG] [org.gradle.internal.operations.DefaultBuildOperationRunner] Build operation 'Register task :app:packageReleaseBundle' completed
2021-06-06T09:17:45.351-0500 [DEBUG] [org.gradle.internal.operations.DefaultBuildOperationRunner] Build operation 'Register task :app:configureReleaseDependencies' completed
2021-06-06T09:17:45.353-0500 [DEBUG] [org.gradle.internal.operations.DefaultBuildOperationRunner] Build operation 'Register task :app:sdkReleaseDependencyData' completed
2021-06-06T09:17:45.354-0500 [DEBUG] [org.gradle.internal.operations.DefaultBuildOperationRunner] Build operation 'Register task :app:signReleaseBundle' completed
2021-06-06T09:17:45.354-0500 [DEBUG] [org.gradle.internal.operations.DefaultBuildOperationRunner] Build operation 'Register task :app:produceReleaseBundleIdeListingFile' completed
2021-06-06T09:17:45.355-0500 [DEBUG] [org.gradle.internal.operations.DefaultBuildOperationRunner] Build operation 'Register task :app:makeApkFromBundleForRelease' completed
2021-06-06T09:17:45.355-0500 [DEBUG] [org.gradle.internal.operations.DefaultBuildOperationRunner] Build operation 'Register task :app:packageReleaseUniversalApk' completed
2021-06-06T09:17:45.355-0500 [DEBUG] [org.gradle.internal.operations.DefaultBuildOperationRunner] Build operation 'Register task :app:extractApksForRelease' completed
2021-06-06T09:17:45.356-0500 [DEBUG] [org.gradle.internal.operations.DefaultBuildOperationRunner] Build operation 'Register task :app:mergeReleaseNativeDebugMetadata' completed
2021-06-06T09:17:45.357-0500 [DEBUG] [org.gradle.internal.operations.DefaultBuildOperationRunner] Build operation 'Register task :app:assembleDebugAndroidTest' completed
2021-06-06T09:17:45.358-0500 [DEBUG] [org.gradle.internal.operations.DefaultBuildOperationRunner] Build operation 'Register task :app:preDebugAndroidTestBuild' completed
2021-06-06T09:17:45.359-0500 [DEBUG] [org.gradle.internal.operations.DefaultBuildOperationRunner] Build operation 'Register task :app:generateDebugAndroidTestSources' completed
2021-06-06T09:17:45.359-0500 [DEBUG] [org.gradle.internal.operations.DefaultBuildOperationRunner] Build operation 'Register task :app:generateDebugAndroidTestResources' completed
2021-06-06T09:17:45.359-0500 [DEBUG] [org.gradle.internal.operations.DefaultBuildOperationRunner] Build operation 'Register task :app:generateDebugAndroidTestAssets' completed
2021-06-06T09:17:45.359-0500 [DEBUG] [org.gradle.internal.operations.DefaultBuildOperationRunner] Build operation 'Register task :app:compileDebugAndroidTestSources' completed
2021-06-06T09:17:45.365-0500 [DEBUG] [org.gradle.internal.operations.DefaultBuildOperationRunner] Build operation 'Register task :app:processDebugAndroidTestManifest' completed
2021-06-06T09:17:45.366-0500 [DEBUG] [org.gradle.internal.operations.DefaultBuildOperationRunner] Build operation 'Register task :app:generateDebugAndroidTestResValues' completed
2021-06-06T09:17:45.366-0500 [DEBUG] [org.gradle.internal.operations.DefaultBuildOperationRunner] Build operation 'Register task :app:compileDebugAndroidTestRenderscript' completed
2021-06-06T09:17:45.366-0500 [DEBUG] [org.gradle.internal.operations.DefaultBuildOperationRunner] Build operation 'Register task :app:mergeDebugAndroidTestResources' completed
2021-06-06T09:17:45.367-0500 [DEBUG] [org.gradle.internal.operations.DefaultBuildOperationRunner] Build operation 'Register task :app:mergeDebugAndroidTestShaders' completed
2021-06-06T09:17:45.367-0500 [DEBUG] [org.gradle.internal.operations.DefaultBuildOperationRunner] Build operation 'Register task :app:compileDebugAndroidTestShaders' completed
2021-06-06T09:17:45.367-0500 [DEBUG] [org.gradle.internal.operations.DefaultBuildOperationRunner] Build operation 'Register task :app:mergeDebugAndroidTestAssets' completed
2021-06-06T09:17:45.367-0500 [DEBUG] [org.gradle.internal.operations.DefaultBuildOperationRunner] Build operation 'Register task :app:compressDebugAndroidTestAssets' completed
2021-06-06T09:17:45.368-0500 [DEBUG] [org.gradle.internal.operations.DefaultBuildOperationRunner] Build operation 'Register task :app:generateDebugAndroidTestBuildConfig' completed
2021-06-06T09:17:45.369-0500 [DEBUG] [org.gradle.internal.operations.DefaultBuildOperationRunner] Build operation 'Register task :app:checkDebugAndroidTestAarMetadata' completed
2021-06-06T09:17:45.369-0500 [DEBUG] [org.gradle.internal.operations.DefaultBuildOperationRunner] Build operation 'Register task :app:processDebugAndroidTestResources' completed
2021-06-06T09:17:45.369-0500 [DEBUG] [org.gradle.internal.operations.DefaultBuildOperationRunner] Build operation 'Register task :app:processDebugAndroidTestJavaRes' completed
2021-06-06T09:17:45.370-0500 [DEBUG] [org.gradle.internal.operations.DefaultBuildOperationRunner] Build operation 'Register task :app:compileDebugAndroidTestAidl' completed
2021-06-06T09:17:45.370-0500 [DEBUG] [org.gradle.internal.operations.DefaultBuildOperationRunner] Build operation 'Register task :app:mergeDebugAndroidTestJniLibFolders' completed
2021-06-06T09:17:45.370-0500 [DEBUG] [org.gradle.internal.operations.DefaultBuildOperationRunner] Build operation 'Register task :app:mergeDebugAndroidTestNativeLibs' completed
2021-06-06T09:17:45.370-0500 [DEBUG] [org.gradle.internal.operations.DefaultBuildOperationRunner] Build operation 'Register task :app:javaPreCompileDebugAndroidTest' completed
2021-06-06T09:17:45.371-0500 [DEBUG] [org.gradle.internal.operations.DefaultBuildOperationRunner] Build operation 'Register task :app:compileDebugAndroidTestJavaWithJavac' completed
2021-06-06T09:17:45.371-0500 [DEBUG] [org.gradle.internal.operations.DefaultBuildOperationRunner] Build operation 'Register task :app:bundleDebugAndroidTestClasses' completed
2021-06-06T09:17:45.371-0500 [DEBUG] [org.gradle.internal.operations.DefaultBuildOperationRunner] Build operation 'Register task :app:mergeDebugAndroidTestGeneratedProguardFiles' completed
2021-06-06T09:17:45.371-0500 [DEBUG] [org.gradle.internal.operations.DefaultBuildOperationRunner] Build operation 'Register task :app:mergeDebugAndroidTestJavaResource' completed
2021-06-06T09:17:45.372-0500 [DEBUG] [org.gradle.internal.operations.DefaultBuildOperationRunner] Build operation 'Register task :app:checkDebugAndroidTestDuplicateClasses' completed
2021-06-06T09:17:45.373-0500 [DEBUG] [org.gradle.internal.operations.DefaultBuildOperationRunner] Build operation 'Register task :app:dexBuilderDebugAndroidTest' completed
2021-06-06T09:17:45.373-0500 [DEBUG] [org.gradle.internal.operations.DefaultBuildOperationRunner] Build operation 'Register task :app:desugarDebugAndroidTestFileDependencies' completed
2021-06-06T09:17:45.374-0500 [DEBUG] [org.gradle.internal.operations.DefaultBuildOperationRunner] Build operation 'Register task :app:mergeExtDexDebugAndroidTest' completed
2021-06-06T09:17:45.374-0500 [DEBUG] [org.gradle.internal.operations.DefaultBuildOperationRunner] Build operation 'Register task :app:mergeProjectDexDebugAndroidTest' completed
2021-06-06T09:17:45.374-0500 [DEBUG] [org.gradle.internal.operations.DefaultBuildOperationRunner] Build operation 'Register task :app:mergeLibDexDebugAndroidTest' completed
2021-06-06T09:17:45.375-0500 [DEBUG] [org.gradle.internal.operations.DefaultBuildOperationRunner] Build operation 'Register task :app:validateSigningDebugAndroidTest' completed
2021-06-06T09:17:45.375-0500 [DEBUG] [org.gradle.internal.operations.DefaultBuildOperationRunner] Build operation 'Register task :app:signingConfigWriterDebugAndroidTest' completed
2021-06-06T09:17:45.375-0500 [DEBUG] [org.gradle.internal.operations.DefaultBuildOperationRunner] Build operation 'Register task :app:writeDebugAndroidTestSigningConfigVersions' completed
2021-06-06T09:17:45.376-0500 [DEBUG] [org.gradle.internal.operations.DefaultBuildOperationRunner] Build operation 'Register task :app:packageDebugAndroidTest' completed
2021-06-06T09:17:45.376-0500 [DEBUG] [org.gradle.internal.operations.DefaultBuildOperationRunner] Build operation 'Register task :app:installDebugAndroidTest' completed
2021-06-06T09:17:45.376-0500 [DEBUG] [org.gradle.internal.operations.DefaultBuildOperationRunner] Build operation 'Register task :app:uninstallDebugAndroidTest' completed
2021-06-06T09:17:45.385-0500 [DEBUG] [org.gradle.internal.operations.DefaultBuildOperationRunner] Build operation 'Register task :app:connectedDebugAndroidTest' completed
2021-06-06T09:17:45.388-0500 [DEBUG] [org.gradle.internal.operations.DefaultBuildOperationRunner] Build operation 'Register task :app:assembleDebugUnitTest' completed
2021-06-06T09:17:45.388-0500 [DEBUG] [org.gradle.internal.operations.DefaultBuildOperationRunner] Build operation 'Register task :app:preDebugUnitTestBuild' completed
2021-06-06T09:17:45.388-0500 [DEBUG] [org.gradle.internal.operations.DefaultBuildOperationRunner] Build operation 'Register task :app:generateDebugUnitTestSources' completed
2021-06-06T09:17:45.389-0500 [DEBUG] [org.gradle.internal.operations.DefaultBuildOperationRunner] Build operation 'Register task :app:generateDebugUnitTestResources' completed
2021-06-06T09:17:45.389-0500 [DEBUG] [org.gradle.internal.operations.DefaultBuildOperationRunner] Build operation 'Register task :app:generateDebugUnitTestAssets' completed
2021-06-06T09:17:45.389-0500 [DEBUG] [org.gradle.internal.operations.DefaultBuildOperationRunner] Build operation 'Register task :app:compileDebugUnitTestSources' completed
2021-06-06T09:17:45.390-0500 [DEBUG] [org.gradle.internal.operations.DefaultBuildOperationRunner] Build operation 'Register task :app:processDebugUnitTestJavaRes' completed
2021-06-06T09:17:45.390-0500 [DEBUG] [org.gradle.internal.operations.DefaultBuildOperationRunner] Build operation 'Register task :app:javaPreCompileDebugUnitTest' completed
2021-06-06T09:17:45.390-0500 [DEBUG] [org.gradle.internal.operations.DefaultBuildOperationRunner] Build operation 'Register task :app:compileDebugUnitTestJavaWithJavac' completed
2021-06-06T09:17:45.390-0500 [DEBUG] [org.gradle.internal.operations.DefaultBuildOperationRunner] Build operation 'Register task :app:bundleDebugUnitTestClasses' completed
2021-06-06T09:17:45.398-0500 [DEBUG] [org.gradle.internal.operations.DefaultBuildOperationRunner] Build operation 'Register task :app:testDebugUnitTest' completed
2021-06-06T09:17:45.399-0500 [DEBUG] [org.gradle.internal.operations.DefaultBuildOperationRunner] Build operation 'Register task :app:assembleReleaseUnitTest' completed
2021-06-06T09:17:45.399-0500 [DEBUG] [org.gradle.internal.operations.DefaultBuildOperationRunner] Build operation 'Register task :app:preReleaseUnitTestBuild' completed
2021-06-06T09:17:45.399-0500 [DEBUG] [org.gradle.internal.operations.DefaultBuildOperationRunner] Build operation 'Register task :app:generateReleaseUnitTestSources' completed
2021-06-06T09:17:45.399-0500 [DEBUG] [org.gradle.internal.operations.DefaultBuildOperationRunner] Build operation 'Register task :app:generateReleaseUnitTestResources' completed
2021-06-06T09:17:45.400-0500 [DEBUG] [org.gradle.internal.operations.DefaultBuildOperationRunner] Build operation 'Register task :app:generateReleaseUnitTestAssets' completed
2021-06-06T09:17:45.400-0500 [DEBUG] [org.gradle.internal.operations.DefaultBuildOperationRunner] Build operation 'Register task :app:compileReleaseUnitTestSources' completed
2021-06-06T09:17:45.400-0500 [DEBUG] [org.gradle.internal.operations.DefaultBuildOperationRunner] Build operation 'Register task :app:processReleaseUnitTestJavaRes' completed
2021-06-06T09:17:45.400-0500 [DEBUG] [org.gradle.internal.operations.DefaultBuildOperationRunner] Build operation 'Register task :app:javaPreCompileReleaseUnitTest' completed
2021-06-06T09:17:45.401-0500 [DEBUG] [org.gradle.internal.operations.DefaultBuildOperationRunner] Build operation 'Register task :app:compileReleaseUnitTestJavaWithJavac' completed
2021-06-06T09:17:45.401-0500 [DEBUG] [org.gradle.internal.operations.DefaultBuildOperationRunner] Build operation 'Register task :app:bundleReleaseUnitTestClasses' completed
2021-06-06T09:17:45.401-0500 [DEBUG] [org.gradle.internal.operations.DefaultBuildOperationRunner] Build operation 'Register task :app:testReleaseUnitTest' completed
2021-06-06T09:17:45.403-0500 [DEBUG] [org.gradle.internal.operations.DefaultBuildOperationRunner] Build operation 'Register task :app:generateLintModuleInfo' completed
2021-06-06T09:17:45.404-0500 [DEBUG] [org.gradle.internal.operations.DefaultBuildOperationRunner] Build operation 'Register task :app:androidDependencies' completed
2021-06-06T09:17:45.406-0500 [DEBUG] [org.gradle.internal.operations.DefaultBuildOperationRunner] Build operation 'Register task :app:signingReport' completed
2021-06-06T09:17:45.407-0500 [DEBUG] [org.gradle.internal.operations.DefaultBuildOperationRunner] Build operation 'Register task :app:analyzeDebugDependencies' completed
2021-06-06T09:17:45.408-0500 [DEBUG] [org.gradle.internal.operations.DefaultBuildOperationRunner] Build operation 'Register task :app:analyzeReleaseDependencies' completed
2021-06-06T09:17:45.408-0500 [DEBUG] [org.gradle.internal.operations.DefaultBuildOperationRunner] Build operation 'Register task :app:analyzeDebugAndroidTestDependencies' completed
2021-06-06T09:17:45.409-0500 [DEBUG] [org.gradle.internal.operations.DefaultBuildOperationRunner] Build operation 'Register task :app:analyzeDebugUnitTestDependencies' completed
2021-06-06T09:17:45.409-0500 [DEBUG] [org.gradle.internal.operations.DefaultBuildOperationRunner] Build operation 'Register task :app:analyzeReleaseUnitTestDependencies' completed
2021-06-06T09:17:45.413-0500 [DEBUG] [org.gradle.internal.operations.DefaultBuildOperationRunner] Build operation 'Execute container callback action' completed
2021-06-06T09:17:45.414-0500 [DEBUG] [org.gradle.internal.operations.DefaultBuildOperationRunner] Build operation 'Execute container callback action' completed
2021-06-06T09:17:45.414-0500 [DEBUG] [org.gradle.internal.operations.DefaultBuildOperationRunner] Build operation 'Execute container callback action' completed
2021-06-06T09:17:45.414-0500 [DEBUG] [org.gradle.internal.operations.DefaultBuildOperationRunner] Build operation 'Execute container callback action' completed
2021-06-06T09:17:45.414-0500 [DEBUG] [org.gradle.internal.operations.DefaultBuildOperationRunner] Build operation 'Execute container callback action' completed
2021-06-06T09:17:45.415-0500 [DEBUG] [org.gradle.internal.operations.DefaultBuildOperationRunner] Build operation 'Execute container callback action' completed
2021-06-06T09:17:45.415-0500 [DEBUG] [org.gradle.internal.operations.DefaultBuildOperationRunner] Build operation 'Execute container callback action' completed
2021-06-06T09:17:45.415-0500 [DEBUG] [org.gradle.internal.operations.DefaultBuildOperationRunner] Build operation 'Execute container callback action' completed
2021-06-06T09:17:45.415-0500 [DEBUG] [org.gradle.internal.operations.DefaultBuildOperationRunner] Build operation 'Execute container callback action' completed
2021-06-06T09:17:45.415-0500 [DEBUG] [org.gradle.internal.operations.DefaultBuildOperationRunner] Build operation 'Execute container callback action' completed
2021-06-06T09:17:45.415-0500 [DEBUG] [org.gradle.internal.operations.DefaultBuildOperationRunner] Build operation 'Execute container callback action' completed
2021-06-06T09:17:45.415-0500 [DEBUG] [org.gradle.internal.operations.DefaultBuildOperationRunner] Build operation 'Execute container callback action' completed
2021-06-06T09:17:45.415-0500 [DEBUG] [org.gradle.internal.operations.DefaultBuildOperationRunner] Build operation 'Execute container callback action' completed
2021-06-06T09:17:45.416-0500 [DEBUG] [org.gradle.internal.operations.DefaultBuildOperationRunner] Build operation 'Execute container callback action' completed
2021-06-06T09:17:45.416-0500 [DEBUG] [org.gradle.internal.operations.DefaultBuildOperationRunner] Build operation 'Execute container callback action' completed
2021-06-06T09:17:45.416-0500 [DEBUG] [org.gradle.internal.operations.DefaultBuildOperationRunner] Build operation 'Execute container callback action' completed
2021-06-06T09:17:45.416-0500 [DEBUG] [org.gradle.internal.operations.DefaultBuildOperationRunner] Build operation 'Execute container callback action' completed
2021-06-06T09:17:45.416-0500 [DEBUG] [org.gradle.internal.operations.DefaultBuildOperationRunner] Build operation 'Execute container callback action' completed
2021-06-06T09:17:45.416-0500 [DEBUG] [org.gradle.internal.operations.DefaultBuildOperationRunner] Build operation 'Execute container callback action' completed
2021-06-06T09:17:45.416-0500 [DEBUG] [org.gradle.internal.operations.DefaultBuildOperationRunner] Build operation 'Execute container callback action' completed
2021-06-06T09:17:45.417-0500 [DEBUG] [org.gradle.internal.operations.DefaultBuildOperationRunner] Build operation 'Execute container callback action' completed
2021-06-06T09:17:45.417-0500 [DEBUG] [org.gradle.internal.operations.DefaultBuildOperationRunner] Build operation 'Execute container callback action' completed
2021-06-06T09:17:45.417-0500 [DEBUG] [org.gradle.internal.operations.DefaultBuildOperationRunner] Build operation 'Execute container callback action' completed
2021-06-06T09:17:45.417-0500 [DEBUG] [org.gradle.internal.operations.DefaultBuildOperationRunner] Build operation 'Execute container callback action' completed
2021-06-06T09:17:45.417-0500 [DEBUG] [org.gradle.internal.operations.DefaultBuildOperationRunner] Build operation 'Execute container callback action' completed
2021-06-06T09:17:45.417-0500 [DEBUG] [org.gradle.internal.operations.DefaultBuildOperationRunner] Build operation 'Execute container callback action' completed
2021-06-06T09:17:45.417-0500 [DEBUG] [org.gradle.internal.operations.DefaultBuildOperationRunner] Build operation 'Execute container callback action' completed
2021-06-06T09:17:45.418-0500 [DEBUG] [org.gradle.internal.operations.DefaultBuildOperationRunner] Build operation 'Execute container callback action' completed
2021-06-06T09:17:45.418-0500 [DEBUG] [org.gradle.internal.operations.DefaultBuildOperationRunner] Build operation 'Execute container callback action' completed
2021-06-06T09:17:45.418-0500 [DEBUG] [org.gradle.internal.operations.DefaultBuildOperationRunner] Build operation 'Execute container callback action' completed
2021-06-06T09:17:45.418-0500 [DEBUG] [org.gradle.internal.operations.DefaultBuildOperationRunner] Build operation 'Execute container callback action' completed
2021-06-06T09:17:45.418-0500 [DEBUG] [org.gradle.internal.operations.DefaultBuildOperationRunner] Build operation 'Execute container callback action' completed
2021-06-06T09:17:45.418-0500 [DEBUG] [org.gradle.internal.operations.DefaultBuildOperationRunner] Build operation 'Execute container callback action' completed
2021-06-06T09:17:45.418-0500 [DEBUG] [org.gradle.internal.operations.DefaultBuildOperationRunner] Build operation 'Execute container callback action' completed
2021-06-06T09:17:45.418-0500 [DEBUG] [org.gradle.internal.operations.DefaultBuildOperationRunner] Build operation 'Execute container callback action' completed
2021-06-06T09:17:45.419-0500 [DEBUG] [org.gradle.internal.operations.DefaultBuildOperationRunner] Build operation 'Execute container callback action' completed
2021-06-06T09:17:45.419-0500 [DEBUG] [org.gradle.internal.operations.DefaultBuildOperationRunner] Build operation 'Execute container callback action' completed
2021-06-06T09:17:45.419-0500 [DEBUG] [org.gradle.internal.operations.DefaultBuildOperationRunner] Build operation 'Execute container callback action' completed
2021-06-06T09:17:45.419-0500 [DEBUG] [org.gradle.internal.operations.DefaultBuildOperationRunner] Build operation 'Execute container callback action' completed
2021-06-06T09:17:45.419-0500 [DEBUG] [org.gradle.internal.operations.DefaultBuildOperationRunner] Build operation 'Execute container callback action' completed
2021-06-06T09:17:45.419-0500 [DEBUG] [org.gradle.internal.operations.DefaultBuildOperationRunner] Build operation 'Execute container callback action' completed
2021-06-06T09:17:45.419-0500 [DEBUG] [org.gradle.internal.operations.DefaultBuildOperationRunner] Build operation 'Execute container callback action' completed
2021-06-06T09:17:45.419-0500 [DEBUG] [org.gradle.internal.operations.DefaultBuildOperationRunner] Build operation 'Execute container callback action' completed
2021-06-06T09:17:45.420-0500 [DEBUG] [org.gradle.internal.operations.DefaultBuildOperationRunner] Build operation 'Execute container callback action' completed
2021-06-06T09:17:45.420-0500 [DEBUG] [org.gradle.internal.operations.DefaultBuildOperationRunner] Build operation 'Execute container callback action' completed
2021-06-06T09:17:45.420-0500 [DEBUG] [org.gradle.internal.operations.DefaultBuildOperationRunner] Build operation 'Execute container callback action' completed
2021-06-06T09:17:45.420-0500 [DEBUG] [org.gradle.internal.operations.DefaultBuildOperationRunner] Build operation 'Execute container callback action' completed
2021-06-06T09:17:45.420-0500 [DEBUG] [org.gradle.internal.operations.DefaultBuildOperationRunner] Build operation 'Execute container callback action' completed
2021-06-06T09:17:45.420-0500 [DEBUG] [org.gradle.internal.operations.DefaultBuildOperationRunner] Build operation 'Execute container callback action' completed
2021-06-06T09:17:45.420-0500 [DEBUG] [org.gradle.internal.operations.DefaultBuildOperationRunner] Build operation 'Execute container callback action' completed
2021-06-06T09:17:45.421-0500 [DEBUG] [org.gradle.internal.operations.DefaultBuildOperationRunner] Build operation 'Execute container callback action' completed
2021-06-06T09:17:45.421-0500 [DEBUG] [org.gradle.internal.operations.DefaultBuildOperationRunner] Build operation 'Execute container callback action' completed
2021-06-06T09:17:45.421-0500 [DEBUG] [org.gradle.internal.operations.DefaultBuildOperationRunner] Build operation 'Execute container callback action' completed
2021-06-06T09:17:45.421-0500 [DEBUG] [org.gradle.internal.operations.DefaultBuildOperationRunner] Build operation 'Execute container callback action' completed
2021-06-06T09:17:45.421-0500 [DEBUG] [org.gradle.internal.operations.DefaultBuildOperationRunner] Build operation 'Execute container callback action' completed
2021-06-06T09:17:45.421-0500 [DEBUG] [org.gradle.internal.operations.DefaultBuildOperationRunner] Build operation 'Execute container callback action' completed
2021-06-06T09:17:45.421-0500 [DEBUG] [org.gradle.internal.operations.DefaultBuildOperationRunner] Build operation 'Execute container callback action' completed
2021-06-06T09:17:45.422-0500 [DEBUG] [org.gradle.internal.operations.DefaultBuildOperationRunner] Build operation 'Execute container callback action' completed
2021-06-06T09:17:45.422-0500 [DEBUG] [org.gradle.internal.operations.DefaultBuildOperationRunner] Build operation 'Execute container callback action' completed
2021-06-06T09:17:45.422-0500 [DEBUG] [org.gradle.internal.operations.DefaultBuildOperationRunner] Build operation 'Execute container callback action' completed
2021-06-06T09:17:45.422-0500 [DEBUG] [org.gradle.internal.operations.DefaultBuildOperationRunner] Build operation 'Execute container callback action' completed
2021-06-06T09:17:45.422-0500 [DEBUG] [org.gradle.internal.operations.DefaultBuildOperationRunner] Build operation 'Execute container callback action' completed
2021-06-06T09:17:45.422-0500 [DEBUG] [org.gradle.internal.operations.DefaultBuildOperationRunner] Build operation 'Execute container callback action' completed
2021-06-06T09:17:45.422-0500 [DEBUG] [org.gradle.internal.operations.DefaultBuildOperationRunner] Build operation 'Execute container callback action' completed
2021-06-06T09:17:45.422-0500 [DEBUG] [org.gradle.internal.operations.DefaultBuildOperationRunner] Build operation 'Execute container callback action' completed
2021-06-06T09:17:45.423-0500 [DEBUG] [org.gradle.internal.operations.DefaultBuildOperationRunner] Build operation 'Execute container callback action' completed
2021-06-06T09:17:45.423-0500 [DEBUG] [org.gradle.internal.operations.DefaultBuildOperationRunner] Build operation 'Execute container callback action' completed
2021-06-06T09:17:45.423-0500 [DEBUG] [org.gradle.internal.operations.DefaultBuildOperationRunner] Build operation 'Execute container callback action' completed
2021-06-06T09:17:45.423-0500 [DEBUG] [org.gradle.internal.operations.DefaultBuildOperationRunner] Build operation 'Execute container callback action' completed
2021-06-06T09:17:45.423-0500 [DEBUG] [org.gradle.internal.operations.DefaultBuildOperationRunner] Build operation 'Execute container callback action' completed
2021-06-06T09:17:45.423-0500 [DEBUG] [org.gradle.internal.operations.DefaultBuildOperationRunner] Build operation 'Execute container callback action' completed
2021-06-06T09:17:45.424-0500 [DEBUG] [org.gradle.internal.operations.DefaultBuildOperationRunner] Build operation 'Execute container callback action' completed
2021-06-06T09:17:45.424-0500 [DEBUG] [org.gradle.internal.operations.DefaultBuildOperationRunner] Build operation 'Execute container callback action' completed
2021-06-06T09:17:45.424-0500 [DEBUG] [org.gradle.internal.operations.DefaultBuildOperationRunner] Build operation 'Execute container callback action' completed
2021-06-06T09:17:45.424-0500 [DEBUG] [org.gradle.internal.operations.DefaultBuildOperationRunner] Build operation 'Execute container callback action' completed
2021-06-06T09:17:45.425-0500 [DEBUG] [org.gradle.internal.operations.DefaultBuildOperationRunner] Build operation 'Execute container callback action' completed
2021-06-06T09:17:45.425-0500 [DEBUG] [org.gradle.internal.operations.DefaultBuildOperationRunner] Build operation 'Execute container callback action' completed
2021-06-06T09:17:45.425-0500 [DEBUG] [org.gradle.internal.operations.DefaultBuildOperationRunner] Build operation 'Execute container callback action' completed
2021-06-06T09:17:45.425-0500 [DEBUG] [org.gradle.internal.operations.DefaultBuildOperationRunner] Build operation 'Execute container callback action' completed
2021-06-06T09:17:45.426-0500 [DEBUG] [org.gradle.internal.operations.DefaultBuildOperationRunner] Build operation 'Execute container callback action' completed
2021-06-06T09:17:45.426-0500 [DEBUG] [org.gradle.internal.operations.DefaultBuildOperationRunner] Build operation 'Execute container callback action' completed
2021-06-06T09:17:45.426-0500 [DEBUG] [org.gradle.internal.operations.DefaultBuildOperationRunner] Build operation 'Execute container callback action' completed
2021-06-06T09:17:45.426-0500 [DEBUG] [org.gradle.internal.operations.DefaultBuildOperationRunner] Build operation 'Execute container callback action' completed
2021-06-06T09:17:45.427-0500 [DEBUG] [org.gradle.internal.operations.DefaultBuildOperationRunner] Build operation 'Execute container callback action' completed
2021-06-06T09:17:45.427-0500 [DEBUG] [org.gradle.internal.operations.DefaultBuildOperationRunner] Build operation 'Execute container callback action' completed
2021-06-06T09:17:45.427-0500 [DEBUG] [org.gradle.internal.operations.DefaultBuildOperationRunner] Build operation 'Execute container callback action' completed
2021-06-06T09:17:45.427-0500 [DEBUG] [org.gradle.internal.operations.DefaultBuildOperationRunner] Build operation 'Execute container callback action' completed
2021-06-06T09:17:45.428-0500 [DEBUG] [org.gradle.internal.operations.DefaultBuildOperationRunner] Build operation 'Execute container callback action' completed
2021-06-06T09:17:45.428-0500 [DEBUG] [org.gradle.internal.operations.DefaultBuildOperationRunner] Build operation 'Execute container callback action' completed
2021-06-06T09:17:45.428-0500 [DEBUG] [org.gradle.internal.operations.DefaultBuildOperationRunner] Build operation 'Execute container callback action' completed
2021-06-06T09:17:45.428-0500 [DEBUG] [org.gradle.internal.operations.DefaultBuildOperationRunner] Build operation 'Execute container callback action' completed
2021-06-06T09:17:45.429-0500 [DEBUG] [org.gradle.internal.operations.DefaultBuildOperationRunner] Build operation 'Execute container callback action' completed
2021-06-06T09:17:45.429-0500 [DEBUG] [org.gradle.internal.operations.DefaultBuildOperationRunner] Build operation 'Execute container callback action' completed
2021-06-06T09:17:45.429-0500 [DEBUG] [org.gradle.internal.operations.DefaultBuildOperationRunner] Build operation 'Execute container callback action' completed
2021-06-06T09:17:45.429-0500 [DEBUG] [org.gradle.internal.operations.DefaultBuildOperationRunner] Build operation 'Execute container callback action' completed
2021-06-06T09:17:45.430-0500 [DEBUG] [org.gradle.internal.operations.DefaultBuildOperationRunner] Build operation 'Execute container callback action' completed
2021-06-06T09:17:45.430-0500 [DEBUG] [org.gradle.internal.operations.DefaultBuildOperationRunner] Build operation 'Execute container callback action' completed
2021-06-06T09:17:45.430-0500 [DEBUG] [org.gradle.internal.operations.DefaultBuildOperationRunner] Build operation 'Execute container callback action' completed
2021-06-06T09:17:45.430-0500 [DEBUG] [org.gradle.internal.operations.DefaultBuildOperationRunner] Build operation 'Execute container callback action' completed
2021-06-06T09:17:45.430-0500 [DEBUG] [org.gradle.internal.operations.DefaultBuildOperationRunner] Build operation 'Execute container callback action' completed
2021-06-06T09:17:45.431-0500 [DEBUG] [org.gradle.internal.operations.DefaultBuildOperationRunner] Build operation 'Execute container callback action' completed
2021-06-06T09:17:45.431-0500 [DEBUG] [org.gradle.internal.operations.DefaultBuildOperationRunner] Build operation 'Execute container callback action' completed
2021-06-06T09:17:45.431-0500 [DEBUG] [org.gradle.internal.operations.DefaultBuildOperationRunner] Build operation 'Execute container callback action' completed
2021-06-06T09:17:45.431-0500 [DEBUG] [org.gradle.internal.operations.DefaultBuildOperationRunner] Build operation 'Execute container callback action' completed
2021-06-06T09:17:45.431-0500 [DEBUG] [org.gradle.internal.operations.DefaultBuildOperationRunner] Build operation 'Execute container callback action' completed
2021-06-06T09:17:45.431-0500 [DEBUG] [org.gradle.internal.operations.DefaultBuildOperationRunner] Build operation 'Execute container callback action' completed
2021-06-06T09:17:45.431-0500 [DEBUG] [org.gradle.internal.operations.DefaultBuildOperationRunner] Build operation 'Execute container callback action' completed
2021-06-06T09:17:45.431-0500 [DEBUG] [org.gradle.internal.operations.DefaultBuildOperationRunner] Build operation 'Execute container callback action' completed
2021-06-06T09:17:45.432-0500 [DEBUG] [org.gradle.internal.operations.DefaultBuildOperationRunner] Build operation 'Execute container callback action' completed
2021-06-06T09:17:45.432-0500 [DEBUG] [org.gradle.internal.operations.DefaultBuildOperationRunner] Build operation 'Execute container callback action' completed
2021-06-06T09:17:45.432-0500 [DEBUG] [org.gradle.internal.operations.DefaultBuildOperationRunner] Build operation 'Execute container callback action' completed
2021-06-06T09:17:45.432-0500 [DEBUG] [org.gradle.internal.operations.DefaultBuildOperationRunner] Build operation 'Execute container callback action' completed
2021-06-06T09:17:45.432-0500 [DEBUG] [org.gradle.internal.operations.DefaultBuildOperationRunner] Build operation 'Execute container callback action' completed
2021-06-06T09:17:45.432-0500 [DEBUG] [org.gradle.internal.operations.DefaultBuildOperationRunner] Build operation 'Execute container callback action' completed
2021-06-06T09:17:45.432-0500 [DEBUG] [org.gradle.internal.operations.DefaultBuildOperationRunner] Build operation 'Execute container callback action' completed
2021-06-06T09:17:45.433-0500 [DEBUG] [org.gradle.internal.operations.DefaultBuildOperationRunner] Build operation 'Execute container callback action' completed
2021-06-06T09:17:45.433-0500 [DEBUG] [org.gradle.internal.operations.DefaultBuildOperationRunner] Build operation 'Execute container callback action' completed
2021-06-06T09:17:45.433-0500 [DEBUG] [org.gradle.internal.operations.DefaultBuildOperationRunner] Build operation 'Execute container callback action' completed
2021-06-06T09:17:45.433-0500 [DEBUG] [org.gradle.internal.operations.DefaultBuildOperationRunner] Build operation 'Execute container callback action' completed
2021-06-06T09:17:45.433-0500 [DEBUG] [org.gradle.internal.operations.DefaultBuildOperationRunner] Build operation 'Execute container callback action' completed
2021-06-06T09:17:45.433-0500 [DEBUG] [org.gradle.internal.operations.DefaultBuildOperationRunner] Build operation 'Execute container callback action' completed
2021-06-06T09:17:45.433-0500 [DEBUG] [org.gradle.internal.operations.DefaultBuildOperationRunner] Build operation 'Execute container callback action' completed
2021-06-06T09:17:45.434-0500 [DEBUG] [org.gradle.internal.operations.DefaultBuildOperationRunner] Build operation 'Execute container callback action' completed
2021-06-06T09:17:45.434-0500 [DEBUG] [org.gradle.internal.operations.DefaultBuildOperationRunner] Build operation 'Execute container callback action' completed
2021-06-06T09:17:45.434-0500 [DEBUG] [org.gradle.internal.operations.DefaultBuildOperationRunner] Build operation 'Execute container callback action' completed
2021-06-06T09:17:45.434-0500 [DEBUG] [org.gradle.internal.operations.DefaultBuildOperationRunner] Build operation 'Execute container callback action' completed
2021-06-06T09:17:45.434-0500 [DEBUG] [org.gradle.internal.operations.DefaultBuildOperationRunner] Build operation 'Execute container callback action' completed
2021-06-06T09:17:45.434-0500 [DEBUG] [org.gradle.internal.operations.DefaultBuildOperationRunner] Build operation 'Execute container callback action' completed
2021-06-06T09:17:45.434-0500 [DEBUG] [org.gradle.internal.operations.DefaultBuildOperationRunner] Build operation 'Execute container callback action' completed
2021-06-06T09:17:45.435-0500 [DEBUG] [org.gradle.internal.operations.DefaultBuildOperationRunner] Build operation 'Execute container callback action' completed
2021-06-06T09:17:45.435-0500 [DEBUG] [org.gradle.internal.operations.DefaultBuildOperationRunner] Build operation 'Execute container callback action' completed
2021-06-06T09:17:45.435-0500 [DEBUG] [org.gradle.internal.operations.DefaultBuildOperationRunner] Build operation 'Execute container callback action' completed
2021-06-06T09:17:45.435-0500 [DEBUG] [org.gradle.internal.operations.DefaultBuildOperationRunner] Build operation 'Execute container callback action' completed
2021-06-06T09:17:45.435-0500 [DEBUG] [org.gradle.internal.operations.DefaultBuildOperationRunner] Build operation 'Execute container callback action' completed
2021-06-06T09:17:45.435-0500 [DEBUG] [org.gradle.internal.operations.DefaultBuildOperationRunner] Build operation 'Execute container callback action' completed
2021-06-06T09:17:45.435-0500 [DEBUG] [org.gradle.internal.operations.DefaultBuildOperationRunner] Build operation 'Execute container callback action' completed
2021-06-06T09:17:45.435-0500 [DEBUG] [org.gradle.internal.operations.DefaultBuildOperationRunner] Build operation 'Execute container callback action' completed
2021-06-06T09:17:45.436-0500 [DEBUG] [org.gradle.internal.operations.DefaultBuildOperationRunner] Build operation 'Execute container callback action' completed
2021-06-06T09:17:45.436-0500 [DEBUG] [org.gradle.internal.operations.DefaultBuildOperationRunner] Build operation 'Execute container callback action' completed
2021-06-06T09:17:45.436-0500 [DEBUG] [org.gradle.internal.operations.DefaultBuildOperationRunner] Build operation 'Execute container callback action' completed
2021-06-06T09:17:45.436-0500 [DEBUG] [org.gradle.internal.operations.DefaultBuildOperationRunner] Build operation 'Execute container callback action' completed
2021-06-06T09:17:45.436-0500 [DEBUG] [org.gradle.internal.operations.DefaultBuildOperationRunner] Build operation 'Execute container callback action' completed
2021-06-06T09:17:45.436-0500 [DEBUG] [org.gradle.internal.operations.DefaultBuildOperationRunner] Build operation 'Execute container callback action' completed
2021-06-06T09:17:45.437-0500 [DEBUG] [org.gradle.internal.operations.DefaultBuildOperationRunner] Build operation 'Execute container callback action' completed
2021-06-06T09:17:45.437-0500 [DEBUG] [org.gradle.internal.operations.DefaultBuildOperationRunner] Build operation 'Execute container callback action' completed
2021-06-06T09:17:45.437-0500 [DEBUG] [org.gradle.internal.operations.DefaultBuildOperationRunner] Build operation 'Execute container callback action' completed
2021-06-06T09:17:45.437-0500 [DEBUG] [org.gradle.internal.operations.DefaultBuildOperationRunner] Build operation 'Execute container callback action' completed
2021-06-06T09:17:45.437-0500 [DEBUG] [org.gradle.internal.operations.DefaultBuildOperationRunner] Build operation 'Execute container callback action' completed
2021-06-06T09:17:45.437-0500 [DEBUG] [org.gradle.internal.operations.DefaultBuildOperationRunner] Build operation 'Execute container callback action' completed
2021-06-06T09:17:45.437-0500 [DEBUG] [org.gradle.internal.operations.DefaultBuildOperationRunner] Build operation 'Execute container callback action' completed
2021-06-06T09:17:45.437-0500 [DEBUG] [org.gradle.internal.operations.DefaultBuildOperationRunner] Build operation 'Execute container callback action' completed
2021-06-06T09:17:45.438-0500 [DEBUG] [org.gradle.internal.operations.DefaultBuildOperationRunner] Build operation 'Execute container callback action' completed
2021-06-06T09:17:45.438-0500 [DEBUG] [org.gradle.internal.operations.DefaultBuildOperationRunner] Build operation 'Execute container callback action' completed
2021-06-06T09:17:45.438-0500 [DEBUG] [org.gradle.internal.operations.DefaultBuildOperationRunner] Build operation 'Execute container callback action' completed
2021-06-06T09:17:45.438-0500 [DEBUG] [org.gradle.internal.operations.DefaultBuildOperationRunner] Build operation 'Execute container callback action' completed
2021-06-06T09:17:45.438-0500 [DEBUG] [org.gradle.internal.operations.DefaultBuildOperationRunner] Build operation 'Execute container callback action' completed
2021-06-06T09:17:45.492-0500 [DEBUG] [org.gradle.internal.operations.DefaultBuildOperationRunner] Build operation 'Execute container callback action' completed
2021-06-06T09:17:45.492-0500 [DEBUG] [org.gradle.internal.operations.DefaultBuildOperationRunner] Build operation 'Execute container callback action' completed
2021-06-06T09:17:45.492-0500 [DEBUG] [org.gradle.internal.operations.DefaultBuildOperationRunner] Build operation 'Execute container callback action' completed
2021-06-06T09:17:45.492-0500 [DEBUG] [org.gradle.internal.operations.DefaultBuildOperationRunner] Build operation 'Execute container callback action' completed
2021-06-06T09:17:45.493-0500 [DEBUG] [org.gradle.internal.operations.DefaultBuildOperationRunner] Build operation 'Execute container callback action' completed
2021-06-06T09:17:45.493-0500 [DEBUG] [org.gradle.internal.operations.DefaultBuildOperationRunner] Build operation 'Execute container callback action' completed
2021-06-06T09:17:45.493-0500 [DEBUG] [org.gradle.internal.operations.DefaultBuildOperationRunner] Build operation 'Execute container callback action' completed
2021-06-06T09:17:45.493-0500 [DEBUG] [org.gradle.internal.operations.DefaultBuildOperationRunner] Build operation 'Execute container callback action' completed
2021-06-06T09:17:45.493-0500 [DEBUG] [org.gradle.internal.operations.DefaultBuildOperationRunner] Build operation 'Execute container callback action' completed
2021-06-06T09:17:45.494-0500 [DEBUG] [org.gradle.internal.operations.DefaultBuildOperationRunner] Build operation 'Execute container callback action' completed
2021-06-06T09:17:45.494-0500 [DEBUG] [org.gradle.internal.operations.DefaultBuildOperationRunner] Build operation 'Execute container callback action' completed
2021-06-06T09:17:45.494-0500 [DEBUG] [org.gradle.internal.operations.DefaultBuildOperationRunner] Build operation 'Execute container callback action' completed
2021-06-06T09:17:45.494-0500 [DEBUG] [org.gradle.internal.operations.DefaultBuildOperationRunner] Build operation 'Execute container callback action' completed
2021-06-06T09:17:45.495-0500 [DEBUG] [org.gradle.internal.operations.DefaultBuildOperationRunner] Build operation 'Execute container callback action' completed
2021-06-06T09:17:45.495-0500 [DEBUG] [org.gradle.internal.operations.DefaultBuildOperationRunner] Build operation 'Execute container callback action' completed
2021-06-06T09:17:45.495-0500 [DEBUG] [org.gradle.internal.operations.DefaultBuildOperationRunner] Build operation 'Execute container callback action' completed
2021-06-06T09:17:45.495-0500 [DEBUG] [org.gradle.internal.operations.DefaultBuildOperationRunner] Build operation 'Execute container callback action' completed
2021-06-06T09:17:45.495-0500 [DEBUG] [org.gradle.internal.operations.DefaultBuildOperationRunner] Build operation 'Execute container callback action' completed
2021-06-06T09:17:45.496-0500 [DEBUG] [org.gradle.internal.operations.DefaultBuildOperationRunner] Build operation 'Execute container callback action' completed
2021-06-06T09:17:45.496-0500 [DEBUG] [org.gradle.internal.operations.DefaultBuildOperationRunner] Build operation 'Execute container callback action' completed
2021-06-06T09:17:45.496-0500 [DEBUG] [org.gradle.internal.operations.DefaultBuildOperationRunner] Build operation 'Execute container callback action' completed
2021-06-06T09:17:45.496-0500 [DEBUG] [org.gradle.internal.operations.DefaultBuildOperationRunner] Build operation 'Execute container callback action' completed
2021-06-06T09:17:45.496-0500 [DEBUG] [org.gradle.internal.operations.DefaultBuildOperationRunner] Build operation 'Execute container callback action' completed
2021-06-06T09:17:45.496-0500 [DEBUG] [org.gradle.internal.operations.DefaultBuildOperationRunner] Build operation 'Execute container callback action' completed
2021-06-06T09:17:45.496-0500 [DEBUG] [org.gradle.internal.operations.DefaultBuildOperationRunner] Build operation 'Execute container callback action' completed
2021-06-06T09:17:45.496-0500 [DEBUG] [org.gradle.internal.operations.DefaultBuildOperationRunner] Build operation 'Execute container callback action' completed
2021-06-06T09:17:45.497-0500 [DEBUG] [org.gradle.internal.operations.DefaultBuildOperationRunner] Build operation 'Execute container callback action' completed
2021-06-06T09:17:45.497-0500 [DEBUG] [org.gradle.internal.operations.DefaultBuildOperationRunner] Build operation 'Execute container callback action' completed
2021-06-06T09:17:45.497-0500 [DEBUG] [org.gradle.internal.operations.DefaultBuildOperationRunner] Build operation 'Execute container callback action' completed
2021-06-06T09:17:45.497-0500 [DEBUG] [org.gradle.internal.operations.DefaultBuildOperationRunner] Build operation 'Execute container callback action' completed
2021-06-06T09:17:45.497-0500 [DEBUG] [org.gradle.internal.operations.DefaultBuildOperationRunner] Build operation 'Execute container callback action' completed
2021-06-06T09:17:45.497-0500 [DEBUG] [org.gradle.internal.operations.DefaultBuildOperationRunner] Build operation 'Execute container callback action' completed
2021-06-06T09:17:45.497-0500 [DEBUG] [org.gradle.internal.operations.DefaultBuildOperationRunner] Build operation 'Execute container callback action' completed
2021-06-06T09:17:45.497-0500 [DEBUG] [org.gradle.internal.operations.DefaultBuildOperationRunner] Build operation 'Execute container callback action' completed
2021-06-06T09:17:45.498-0500 [DEBUG] [org.gradle.internal.operations.DefaultBuildOperationRunner] Build operation 'Execute container callback action' completed
2021-06-06T09:17:45.498-0500 [DEBUG] [org.gradle.internal.operations.DefaultBuildOperationRunner] Build operation 'Execute container callback action' completed
2021-06-06T09:17:45.498-0500 [DEBUG] [org.gradle.internal.operations.DefaultBuildOperationRunner] Build operation 'Execute container callback action' completed
2021-06-06T09:17:45.498-0500 [DEBUG] [org.gradle.internal.operations.DefaultBuildOperationRunner] Build operation 'Execute container callback action' completed
2021-06-06T09:17:45.498-0500 [DEBUG] [org.gradle.internal.operations.DefaultBuildOperationRunner] Build operation 'Execute container callback action' completed
2021-06-06T09:17:45.498-0500 [DEBUG] [org.gradle.internal.operations.DefaultBuildOperationRunner] Build operation 'Execute container callback action' completed
2021-06-06T09:17:45.498-0500 [DEBUG] [org.gradle.internal.operations.DefaultBuildOperationRunner] Build operation 'Execute container callback action' completed
2021-06-06T09:17:45.499-0500 [DEBUG] [org.gradle.internal.operations.DefaultBuildOperationRunner] Build operation 'Execute container callback action' completed
2021-06-06T09:17:45.499-0500 [DEBUG] [org.gradle.internal.operations.DefaultBuildOperationRunner] Build operation 'Execute container callback action' completed
2021-06-06T09:17:45.499-0500 [DEBUG] [org.gradle.internal.operations.DefaultBuildOperationRunner] Build operation 'Execute container callback action' completed
2021-06-06T09:17:45.499-0500 [DEBUG] [org.gradle.internal.operations.DefaultBuildOperationRunner] Build operation 'Execute container callback action' completed
2021-06-06T09:17:45.499-0500 [DEBUG] [org.gradle.internal.operations.DefaultBuildOperationRunner] Build operation 'Execute container callback action' completed
2021-06-06T09:17:45.499-0500 [DEBUG] [org.gradle.internal.operations.DefaultBuildOperationRunner] Build operation 'Execute container callback action' completed
2021-06-06T09:17:45.499-0500 [DEBUG] [org.gradle.internal.operations.DefaultBuildOperationRunner] Build operation 'Execute container callback action' completed
2021-06-06T09:17:45.499-0500 [DEBUG] [org.gradle.internal.operations.DefaultBuildOperationRunner] Build operation 'Execute container callback action' completed
2021-06-06T09:17:45.500-0500 [DEBUG] [org.gradle.internal.operations.DefaultBuildOperationRunner] Build operation 'Execute container callback action' completed
2021-06-06T09:17:45.500-0500 [DEBUG] [org.gradle.internal.operations.DefaultBuildOperationRunner] Build operation 'Execute container callback action' completed
2021-06-06T09:17:45.500-0500 [DEBUG] [org.gradle.internal.operations.DefaultBuildOperationRunner] Build operation 'Execute container callback action' completed
2021-06-06T09:17:45.500-0500 [DEBUG] [org.gradle.internal.operations.DefaultBuildOperationRunner] Build operation 'Execute container callback action' completed
2021-06-06T09:17:45.500-0500 [DEBUG] [org.gradle.internal.operations.DefaultBuildOperationRunner] Build operation 'Execute container callback action' completed
2021-06-06T09:17:45.500-0500 [DEBUG] [org.gradle.internal.operations.DefaultBuildOperationRunner] Build operation 'Execute container callback action' completed
2021-06-06T09:17:45.500-0500 [DEBUG] [org.gradle.internal.operations.DefaultBuildOperationRunner] Build operation 'Execute container callback action' completed
2021-06-06T09:17:45.500-0500 [DEBUG] [org.gradle.internal.operations.DefaultBuildOperationRunner] Build operation 'Execute container callback action' completed
2021-06-06T09:17:45.501-0500 [DEBUG] [org.gradle.internal.operations.DefaultBuildOperationRunner] Build operation 'Execute container callback action' completed
2021-06-06T09:17:45.501-0500 [DEBUG] [org.gradle.internal.operations.DefaultBuildOperationRunner] Build operation 'Execute container callback action' completed
2021-06-06T09:17:45.501-0500 [DEBUG] [org.gradle.internal.operations.DefaultBuildOperationRunner] Build operation 'Execute container callback action' completed
2021-06-06T09:17:45.501-0500 [DEBUG] [org.gradle.internal.operations.DefaultBuildOperationRunner] Build operation 'Execute container callback action' completed
2021-06-06T09:17:45.501-0500 [DEBUG] [org.gradle.internal.operations.DefaultBuildOperationRunner] Build operation 'Execute container callback action' completed
2021-06-06T09:17:45.501-0500 [DEBUG] [org.gradle.internal.operations.DefaultBuildOperationRunner] Build operation 'Execute container callback action' completed
2021-06-06T09:17:45.502-0500 [DEBUG] [org.gradle.internal.operations.DefaultBuildOperationRunner] Build operation 'Execute container callback action' completed
2021-06-06T09:17:45.502-0500 [DEBUG] [org.gradle.internal.operations.DefaultBuildOperationRunner] Build operation 'Execute container callback action' completed
2021-06-06T09:17:45.502-0500 [DEBUG] [org.gradle.internal.operations.DefaultBuildOperationRunner] Build operation 'Execute container callback action' completed
2021-06-06T09:17:45.502-0500 [DEBUG] [org.gradle.internal.operations.DefaultBuildOperationRunner] Build operation 'Execute container callback action' completed
2021-06-06T09:17:45.502-0500 [DEBUG] [org.gradle.internal.operations.DefaultBuildOperationRunner] Build operation 'Execute container callback action' completed
2021-06-06T09:17:45.502-0500 [DEBUG] [org.gradle.internal.operations.DefaultBuildOperationRunner] Build operation 'Execute container callback action' completed
2021-06-06T09:17:45.502-0500 [DEBUG] [org.gradle.internal.operations.DefaultBuildOperationRunner] Build operation 'Execute container callback action' completed
2021-06-06T09:17:45.503-0500 [DEBUG] [org.gradle.internal.operations.DefaultBuildOperationRunner] Build operation 'Execute container callback action' completed
2021-06-06T09:17:45.503-0500 [DEBUG] [org.gradle.internal.operations.DefaultBuildOperationRunner] Build operation 'Execute container callback action' completed
2021-06-06T09:17:45.503-0500 [DEBUG] [org.gradle.internal.operations.DefaultBuildOperationRunner] Build operation 'Execute container callback action' completed
2021-06-06T09:17:45.503-0500 [DEBUG] [org.gradle.internal.operations.DefaultBuildOperationRunner] Build operation 'Execute container callback action' completed
2021-06-06T09:17:45.504-0500 [DEBUG] [org.gradle.internal.operations.DefaultBuildOperationRunner] Build operation 'Execute container callback action' completed
2021-06-06T09:17:45.504-0500 [DEBUG] [org.gradle.internal.operations.DefaultBuildOperationRunner] Build operation 'Execute container callback action' completed
2021-06-06T09:17:45.504-0500 [DEBUG] [org.gradle.internal.operations.DefaultBuildOperationRunner] Build operation 'Execute container callback action' completed
2021-06-06T09:17:45.504-0500 [DEBUG] [org.gradle.internal.operations.DefaultBuildOperationRunner] Build operation 'Execute container callback action' completed
2021-06-06T09:17:45.504-0500 [DEBUG] [org.gradle.internal.operations.DefaultBuildOperationRunner] Build operation 'Execute container callback action' completed
2021-06-06T09:17:45.505-0500 [DEBUG] [org.gradle.internal.operations.DefaultBuildOperationRunner] Build operation 'Execute container callback action' completed
2021-06-06T09:17:45.505-0500 [DEBUG] [org.gradle.internal.operations.DefaultBuildOperationRunner] Build operation 'Execute container callback action' completed
2021-06-06T09:17:45.505-0500 [DEBUG] [org.gradle.internal.operations.DefaultBuildOperationRunner] Build operation 'Execute container callback action' completed
2021-06-06T09:17:45.505-0500 [DEBUG] [org.gradle.internal.operations.DefaultBuildOperationRunner] Build operation 'Execute container callback action' completed
2021-06-06T09:17:45.505-0500 [DEBUG] [org.gradle.internal.operations.DefaultBuildOperationRunner] Build operation 'Execute container callback action' completed
2021-06-06T09:17:45.506-0500 [DEBUG] [org.gradle.internal.operations.DefaultBuildOperationRunner] Build operation 'Execute container callback action' completed
2021-06-06T09:17:45.506-0500 [DEBUG] [org.gradle.internal.operations.DefaultBuildOperationRunner] Build operation 'Execute container callback action' completed
2021-06-06T09:17:45.506-0500 [DEBUG] [org.gradle.internal.operations.DefaultBuildOperationRunner] Build operation 'Execute container callback action' completed
2021-06-06T09:17:45.506-0500 [DEBUG] [org.gradle.internal.operations.DefaultBuildOperationRunner] Build operation 'Execute container callback action' completed
2021-06-06T09:17:45.506-0500 [DEBUG] [org.gradle.internal.operations.DefaultBuildOperationRunner] Build operation 'Execute container callback action' completed
2021-06-06T09:17:45.507-0500 [DEBUG] [org.gradle.internal.operations.DefaultBuildOperationRunner] Build operation 'Execute container callback action' completed
2021-06-06T09:17:45.507-0500 [DEBUG] [org.gradle.internal.operations.DefaultBuildOperationRunner] Build operation 'Execute container callback action' completed
2021-06-06T09:17:45.507-0500 [DEBUG] [org.gradle.internal.operations.DefaultBuildOperationRunner] Build operation 'Execute container callback action' completed
2021-06-06T09:17:45.507-0500 [DEBUG] [org.gradle.internal.operations.DefaultBuildOperationRunner] Build operation 'Execute container callback action' completed
2021-06-06T09:17:45.507-0500 [DEBUG] [org.gradle.internal.operations.DefaultBuildOperationRunner] Build operation 'Execute container callback action' completed
2021-06-06T09:17:45.508-0500 [DEBUG] [org.gradle.internal.operations.DefaultBuildOperationRunner] Build operation 'Execute container callback action' completed
2021-06-06T09:17:45.508-0500 [DEBUG] [org.gradle.internal.operations.DefaultBuildOperationRunner] Build operation 'Execute container callback action' completed
2021-06-06T09:17:45.508-0500 [DEBUG] [org.gradle.internal.operations.DefaultBuildOperationRunner] Build operation 'Execute container callback action' completed
2021-06-06T09:17:45.508-0500 [DEBUG] [org.gradle.internal.operations.DefaultBuildOperationRunner] Build operation 'Execute container callback action' completed
2021-06-06T09:17:45.508-0500 [DEBUG] [org.gradle.internal.operations.DefaultBuildOperationRunner] Build operation 'Execute container callback action' completed
2021-06-06T09:17:45.509-0500 [DEBUG] [org.gradle.internal.operations.DefaultBuildOperationRunner] Build operation 'Execute container callback action' completed
2021-06-06T09:17:45.509-0500 [DEBUG] [org.gradle.internal.operations.DefaultBuildOperationRunner] Build operation 'Execute container callback action' completed
2021-06-06T09:17:45.509-0500 [DEBUG] [org.gradle.internal.operations.DefaultBuildOperationRunner] Build operation 'Execute container callback action' completed
2021-06-06T09:17:45.509-0500 [DEBUG] [org.gradle.internal.operations.DefaultBuildOperationRunner] Build operation 'Execute container callback action' completed
2021-06-06T09:17:45.509-0500 [DEBUG] [org.gradle.internal.operations.DefaultBuildOperationRunner] Build operation 'Execute container callback action' completed
2021-06-06T09:17:45.510-0500 [DEBUG] [org.gradle.internal.operations.DefaultBuildOperationRunner] Build operation 'Execute container callback action' completed
2021-06-06T09:17:45.510-0500 [DEBUG] [org.gradle.internal.operations.DefaultBuildOperationRunner] Build operation 'Execute container callback action' completed
2021-06-06T09:17:45.510-0500 [DEBUG] [org.gradle.internal.operations.DefaultBuildOperationRunner] Build operation 'Execute container callback action' completed
2021-06-06T09:17:45.510-0500 [DEBUG] [org.gradle.internal.operations.DefaultBuildOperationRunner] Build operation 'Execute container callback action' completed
2021-06-06T09:17:45.510-0500 [DEBUG] [org.gradle.internal.operations.DefaultBuildOperationRunner] Build operation 'Execute container callback action' completed
2021-06-06T09:17:45.511-0500 [DEBUG] [org.gradle.internal.operations.DefaultBuildOperationRunner] Build operation 'Execute container callback action' completed
2021-06-06T09:17:45.511-0500 [DEBUG] [org.gradle.internal.operations.DefaultBuildOperationRunner] Build operation 'Execute container callback action' completed
2021-06-06T09:17:45.511-0500 [DEBUG] [org.gradle.internal.operations.DefaultBuildOperationRunner] Build operation 'Execute container callback action' completed
2021-06-06T09:17:45.511-0500 [DEBUG] [org.gradle.internal.operations.DefaultBuildOperationRunner] Build operation 'Execute container callback action' completed
2021-06-06T09:17:45.511-0500 [DEBUG] [org.gradle.internal.operations.DefaultBuildOperationRunner] Build operation 'Execute container callback action' completed
2021-06-06T09:17:45.511-0500 [DEBUG] [org.gradle.internal.operations.DefaultBuildOperationRunner] Build operation 'Execute container callback action' completed
2021-06-06T09:17:45.511-0500 [DEBUG] [org.gradle.internal.operations.DefaultBuildOperationRunner] Build operation 'Execute container callback action' completed
2021-06-06T09:17:45.512-0500 [DEBUG] [org.gradle.internal.operations.DefaultBuildOperationRunner] Build operation 'Execute container callback action' completed
2021-06-06T09:17:45.512-0500 [DEBUG] [org.gradle.internal.operations.DefaultBuildOperationRunner] Build operation 'Execute container callback action' completed
2021-06-06T09:17:45.512-0500 [DEBUG] [org.gradle.internal.operations.DefaultBuildOperationRunner] Build operation 'Execute container callback action' completed
2021-06-06T09:17:45.512-0500 [DEBUG] [org.gradle.internal.operations.DefaultBuildOperationRunner] Build operation 'Execute container callback action' completed
2021-06-06T09:17:45.512-0500 [DEBUG] [org.gradle.internal.operations.DefaultBuildOperationRunner] Build operation 'Execute container callback action' completed
2021-06-06T09:17:45.512-0500 [DEBUG] [org.gradle.internal.operations.DefaultBuildOperationRunner] Build operation 'Execute container callback action' completed
2021-06-06T09:17:45.512-0500 [DEBUG] [org.gradle.internal.operations.DefaultBuildOperationRunner] Build operation 'Execute container callback action' completed
2021-06-06T09:17:45.513-0500 [DEBUG] [org.gradle.internal.operations.DefaultBuildOperationRunner] Build operation 'Execute container callback action' completed
2021-06-06T09:17:45.513-0500 [DEBUG] [org.gradle.internal.operations.DefaultBuildOperationRunner] Build operation 'Execute container callback action' completed
2021-06-06T09:17:45.513-0500 [DEBUG] [org.gradle.internal.operations.DefaultBuildOperationRunner] Build operation 'Execute container callback action' completed
2021-06-06T09:17:45.513-0500 [DEBUG] [org.gradle.internal.operations.DefaultBuildOperationRunner] Build operation 'Execute container callback action' completed
2021-06-06T09:17:45.513-0500 [DEBUG] [org.gradle.internal.operations.DefaultBuildOperationRunner] Build operation 'Execute container callback action' completed
2021-06-06T09:17:45.513-0500 [DEBUG] [org.gradle.internal.operations.DefaultBuildOperationRunner] Build operation 'Execute container callback action' completed
2021-06-06T09:17:45.513-0500 [DEBUG] [org.gradle.internal.operations.DefaultBuildOperationRunner] Build operation 'Execute container callback action' completed
2021-06-06T09:17:45.513-0500 [DEBUG] [org.gradle.internal.operations.DefaultBuildOperationRunner] Build operation 'Execute container callback action' completed
2021-06-06T09:17:45.514-0500 [DEBUG] [org.gradle.internal.operations.DefaultBuildOperationRunner] Build operation 'Execute container callback action' completed
2021-06-06T09:17:45.514-0500 [DEBUG] [org.gradle.internal.operations.DefaultBuildOperationRunner] Build operation 'Execute container callback action' completed
2021-06-06T09:17:45.514-0500 [DEBUG] [org.gradle.internal.operations.DefaultBuildOperationRunner] Build operation 'Execute container callback action' completed
2021-06-06T09:17:45.514-0500 [DEBUG] [org.gradle.internal.operations.DefaultBuildOperationRunner] Build operation 'Execute container callback action' completed
2021-06-06T09:17:45.514-0500 [DEBUG] [org.gradle.internal.operations.DefaultBuildOperationRunner] Build operation 'Execute container callback action' completed
2021-06-06T09:17:45.514-0500 [DEBUG] [org.gradle.internal.operations.DefaultBuildOperationRunner] Build operation 'Execute container callback action' completed
2021-06-06T09:17:45.514-0500 [DEBUG] [org.gradle.internal.operations.DefaultBuildOperationRunner] Build operation 'Execute container callback action' completed
2021-06-06T09:17:45.514-0500 [DEBUG] [org.gradle.internal.operations.DefaultBuildOperationRunner] Build operation 'Execute container callback action' completed
2021-06-06T09:17:45.515-0500 [DEBUG] [org.gradle.internal.operations.DefaultBuildOperationRunner] Build operation 'Execute container callback action' completed
2021-06-06T09:17:45.515-0500 [DEBUG] [org.gradle.internal.operations.DefaultBuildOperationRunner] Build operation 'Execute container callback action' completed
2021-06-06T09:17:45.515-0500 [DEBUG] [org.gradle.internal.operations.DefaultBuildOperationRunner] Build operation 'Execute container callback action' completed
2021-06-06T09:17:45.515-0500 [DEBUG] [org.gradle.internal.operations.DefaultBuildOperationRunner] Build operation 'Execute container callback action' completed
2021-06-06T09:17:45.515-0500 [DEBUG] [org.gradle.internal.operations.DefaultBuildOperationRunner] Build operation 'Execute container callback action' completed
2021-06-06T09:17:45.515-0500 [DEBUG] [org.gradle.internal.operations.DefaultBuildOperationRunner] Build operation 'Execute container callback action' completed
2021-06-06T09:17:45.515-0500 [DEBUG] [org.gradle.internal.operations.DefaultBuildOperationRunner] Build operation 'Execute container callback action' completed
2021-06-06T09:17:45.516-0500 [DEBUG] [org.gradle.internal.operations.DefaultBuildOperationRunner] Build operation 'Execute container callback action' completed
2021-06-06T09:17:45.516-0500 [DEBUG] [org.gradle.internal.operations.DefaultBuildOperationRunner] Build operation 'Execute container callback action' completed
2021-06-06T09:17:45.516-0500 [DEBUG] [org.gradle.internal.operations.DefaultBuildOperationRunner] Build operation 'Execute container callback action' completed
2021-06-06T09:17:45.516-0500 [DEBUG] [org.gradle.internal.operations.DefaultBuildOperationRunner] Build operation 'Execute container callback action' completed
2021-06-06T09:17:45.516-0500 [DEBUG] [org.gradle.internal.operations.DefaultBuildOperationRunner] Build operation 'Execute container callback action' completed
2021-06-06T09:17:45.516-0500 [DEBUG] [org.gradle.internal.operations.DefaultBuildOperationRunner] Build operation 'Execute container callback action' completed
2021-06-06T09:17:45.516-0500 [DEBUG] [org.gradle.internal.operations.DefaultBuildOperationRunner] Build operation 'Execute container callback action' completed
2021-06-06T09:17:45.516-0500 [DEBUG] [org.gradle.internal.operations.DefaultBuildOperationRunner] Build operation 'Execute container callback action' completed
2021-06-06T09:17:45.517-0500 [DEBUG] [org.gradle.internal.operations.DefaultBuildOperationRunner] Build operation 'Execute container callback action' completed
2021-06-06T09:17:45.517-0500 [DEBUG] [org.gradle.internal.operations.DefaultBuildOperationRunner] Build operation 'Execute container callback action' completed
2021-06-06T09:17:45.612-0500 [DEBUG] [org.gradle.internal.operations.DefaultBuildOperationRunner] Build operation 'Execute container callback action' completed
2021-06-06T09:17:45.612-0500 [DEBUG] [org.gradle.internal.operations.DefaultBuildOperationRunner] Build operation 'Execute container callback action' completed
2021-06-06T09:17:45.612-0500 [DEBUG] [org.gradle.internal.operations.DefaultBuildOperationRunner] Build operation 'Execute container callback action' completed
2021-06-06T09:17:45.612-0500 [DEBUG] [org.gradle.internal.operations.DefaultBuildOperationRunner] Build operation 'Execute container callback action' completed
2021-06-06T09:17:45.612-0500 [DEBUG] [org.gradle.internal.operations.DefaultBuildOperationRunner] Build operation 'Execute container callback action' completed
2021-06-06T09:17:45.620-0500 [DEBUG] [org.gradle.internal.operations.DefaultBuildOperationRunner] Build operation 'Execute container callback action' completed
2021-06-06T09:17:45.620-0500 [DEBUG] [org.gradle.internal.operations.DefaultBuildOperationRunner] Build operation 'Execute container callback action' completed
2021-06-06T09:17:45.621-0500 [DEBUG] [org.gradle.internal.operations.DefaultBuildOperationRunner] Build operation 'Execute container callback action' completed
2021-06-06T09:17:45.621-0500 [DEBUG] [org.gradle.internal.operations.DefaultBuildOperationRunner] Build operation 'Execute container callback action' completed
2021-06-06T09:17:45.621-0500 [DEBUG] [org.gradle.internal.operations.DefaultBuildOperationRunner] Build operation 'Execute container callback action' completed
2021-06-06T09:17:45.621-0500 [DEBUG] [org.gradle.internal.operations.DefaultBuildOperationRunner] Build operation 'Execute container callback action' completed
2021-06-06T09:17:45.622-0500 [DEBUG] [org.gradle.internal.operations.DefaultBuildOperationRunner] Build operation 'Execute container callback action' completed
2021-06-06T09:17:45.622-0500 [DEBUG] [org.gradle.internal.operations.DefaultBuildOperationRunner] Build operation 'Execute container callback action' completed
2021-06-06T09:17:45.622-0500 [DEBUG] [org.gradle.internal.operations.DefaultBuildOperationRunner] Build operation 'Execute container callback action' completed
2021-06-06T09:17:45.623-0500 [DEBUG] [org.gradle.internal.operations.DefaultBuildOperationRunner] Build operation 'Execute container callback action' completed
2021-06-06T09:17:45.623-0500 [DEBUG] [org.gradle.internal.operations.DefaultBuildOperationRunner] Build operation 'Execute container callback action' completed
2021-06-06T09:17:45.623-0500 [DEBUG] [org.gradle.internal.operations.DefaultBuildOperationRunner] Build operation 'Execute container callback action' completed
2021-06-06T09:17:45.623-0500 [DEBUG] [org.gradle.internal.operations.DefaultBuildOperationRunner] Build operation 'Execute container callback action' completed
2021-06-06T09:17:45.624-0500 [DEBUG] [org.gradle.internal.operations.DefaultBuildOperationRunner] Build operation 'Execute container callback action' completed
2021-06-06T09:17:45.624-0500 [DEBUG] [org.gradle.internal.operations.DefaultBuildOperationRunner] Build operation 'Execute container callback action' completed
2021-06-06T09:17:45.625-0500 [DEBUG] [org.gradle.internal.operations.DefaultBuildOperationRunner] Build operation 'Execute container callback action' completed
2021-06-06T09:17:45.625-0500 [DEBUG] [org.gradle.internal.operations.DefaultBuildOperationRunner] Build operation 'Execute container callback action' completed
2021-06-06T09:17:45.625-0500 [DEBUG] [org.gradle.internal.operations.DefaultBuildOperationRunner] Build operation 'Execute container callback action' completed
2021-06-06T09:17:45.625-0500 [DEBUG] [org.gradle.internal.operations.DefaultBuildOperationRunner] Build operation 'Execute container callback action' completed
2021-06-06T09:17:45.626-0500 [DEBUG] [org.gradle.internal.operations.DefaultBuildOperationRunner] Build operation 'Execute container callback action' completed
2021-06-06T09:17:45.626-0500 [DEBUG] [org.gradle.internal.operations.DefaultBuildOperationRunner] Build operation 'Execute container callback action' completed
2021-06-06T09:17:45.626-0500 [DEBUG] [org.gradle.internal.operations.DefaultBuildOperationRunner] Build operation 'Execute container callback action' completed
2021-06-06T09:17:45.626-0500 [DEBUG] [org.gradle.internal.operations.DefaultBuildOperationRunner] Build operation 'Execute container callback action' completed
2021-06-06T09:17:45.627-0500 [DEBUG] [org.gradle.internal.operations.DefaultBuildOperationRunner] Build operation 'Execute container callback action' completed
2021-06-06T09:17:45.627-0500 [DEBUG] [org.gradle.internal.operations.DefaultBuildOperationRunner] Build operation 'Execute container callback action' completed
2021-06-06T09:17:45.648-0500 [DEBUG] [org.jetbrains.kotlin.gradle.plugin.Android25ProjectHandler] [KOTLIN] Process variant [debugAndroidTest]
2021-06-06T09:17:45.649-0500 [DEBUG] [org.gradle.internal.operations.DefaultBuildOperationRunner] Build operation 'Execute container callback action' completed
2021-06-06T09:17:45.650-0500 [DEBUG] [org.gradle.internal.operations.DefaultBuildOperationRunner] Build operation 'Execute container callback action' completed
2021-06-06T09:17:45.650-0500 [DEBUG] [org.gradle.internal.operations.DefaultBuildOperationRunner] Build operation 'Execute container callback action' completed
2021-06-06T09:17:45.650-0500 [DEBUG] [org.gradle.internal.operations.DefaultBuildOperationRunner] Build operation 'Execute container callback action' completed
2021-06-06T09:17:45.650-0500 [DEBUG] [org.gradle.internal.operations.DefaultBuildOperationRunner] Build operation 'Execute container callback action' completed
2021-06-06T09:17:45.650-0500 [DEBUG] [org.gradle.internal.operations.DefaultBuildOperationRunner] Build operation 'Execute container callback action' completed
2021-06-06T09:17:45.650-0500 [DEBUG] [org.gradle.internal.operations.DefaultBuildOperationRunner] Build operation 'Execute container callback action' completed
2021-06-06T09:17:45.651-0500 [DEBUG] [org.gradle.internal.operations.DefaultBuildOperationRunner] Build operation 'Execute container callback action' completed
2021-06-06T09:17:45.651-0500 [DEBUG] [org.gradle.internal.operations.DefaultBuildOperationRunner] Build operation 'Execute container callback action' completed
2021-06-06T09:17:45.651-0500 [DEBUG] [org.gradle.internal.operations.DefaultBuildOperationRunner] Build operation 'Execute container callback action' completed
2021-06-06T09:17:45.651-0500 [DEBUG] [org.gradle.internal.operations.DefaultBuildOperationRunner] Build operation 'Execute container callback action' completed
2021-06-06T09:17:45.651-0500 [DEBUG] [org.gradle.internal.operations.DefaultBuildOperationRunner] Build operation 'Execute container callback action' completed
2021-06-06T09:17:45.651-0500 [DEBUG] [org.gradle.internal.operations.DefaultBuildOperationRunner] Build operation 'Execute container callback action' completed
2021-06-06T09:17:45.652-0500 [DEBUG] [org.gradle.internal.operations.DefaultBuildOperationRunner] Build operation 'Execute container callback action' completed
2021-06-06T09:17:45.652-0500 [DEBUG] [org.gradle.internal.operations.DefaultBuildOperationRunner] Build operation 'Execute container callback action' completed
2021-06-06T09:17:45.652-0500 [DEBUG] [org.gradle.internal.operations.DefaultBuildOperationRunner] Build operation 'Execute container callback action' completed
2021-06-06T09:17:45.652-0500 [DEBUG] [org.gradle.internal.operations.DefaultBuildOperationRunner] Build operation 'Execute container callback action' completed
2021-06-06T09:17:45.652-0500 [DEBUG] [org.gradle.internal.operations.DefaultBuildOperationRunner] Build operation 'Execute container callback action' completed
2021-06-06T09:17:45.652-0500 [DEBUG] [org.gradle.internal.operations.DefaultBuildOperationRunner] Build operation 'Execute container callback action' completed
2021-06-06T09:17:45.652-0500 [DEBUG] [org.gradle.internal.operations.DefaultBuildOperationRunner] Build operation 'Execute container callback action' completed
2021-06-06T09:17:45.653-0500 [DEBUG] [org.gradle.internal.operations.DefaultBuildOperationRunner] Build operation 'Execute container callback action' completed
2021-06-06T09:17:45.653-0500 [DEBUG] [org.gradle.internal.operations.DefaultBuildOperationRunner] Build operation 'Execute container callback action' completed
2021-06-06T09:17:45.653-0500 [DEBUG] [org.gradle.internal.operations.DefaultBuildOperationRunner] Build operation 'Execute container callback action' completed
2021-06-06T09:17:45.654-0500 [DEBUG] [org.gradle.internal.operations.DefaultBuildOperationRunner] Build operation 'Execute container callback action' completed
2021-06-06T09:17:45.654-0500 [DEBUG] [org.gradle.internal.operations.DefaultBuildOperationRunner] Build operation 'Execute container callback action' completed
2021-06-06T09:17:45.662-0500 [DEBUG] [org.gradle.internal.operations.DefaultBuildOperationRunner] Build operation 'Register task :app:compileDebugAndroidTestKotlin' completed
2021-06-06T09:17:45.665-0500 [DEBUG] [org.jetbrains.kotlin.gradle.plugin.RunOnceAfterEvaluated] [apply properties and language settings to compileDebugAndroidTestKotlin] RunOnceAfterEvaluated - onEvaluated executed=false evaluated=false configured=false
2021-06-06T09:17:45.676-0500 [DEBUG] [org.gradle.internal.operations.DefaultBuildOperationRunner] Build operation 'Execute container callback action' completed
2021-06-06T09:17:45.680-0500 [DEBUG] [org.gradle.internal.operations.DefaultBuildOperationRunner] Build operation 'Execute container callback action' completed
2021-06-06T09:17:45.680-0500 [DEBUG] [org.gradle.internal.operations.DefaultBuildOperationRunner] Build operation 'Execute container callback action' completed
2021-06-06T09:17:45.680-0500 [DEBUG] [org.gradle.internal.operations.DefaultBuildOperationRunner] Build operation 'Execute container callback action' completed
2021-06-06T09:17:45.680-0500 [DEBUG] [org.gradle.internal.operations.DefaultBuildOperationRunner] Build operation 'Execute container callback action' completed
2021-06-06T09:17:45.680-0500 [DEBUG] [org.gradle.internal.operations.DefaultBuildOperationRunner] Build operation 'Execute container callback action' completed
2021-06-06T09:17:45.681-0500 [DEBUG] [org.gradle.internal.operations.DefaultBuildOperationRunner] Build operation 'Execute container callback action' completed
2021-06-06T09:17:45.681-0500 [DEBUG] [org.gradle.internal.operations.DefaultBuildOperationRunner] Build operation 'Execute container callback action' completed
2021-06-06T09:17:45.681-0500 [DEBUG] [org.gradle.internal.operations.DefaultBuildOperationRunner] Build operation 'Execute container callback action' completed
2021-06-06T09:17:45.681-0500 [DEBUG] [org.gradle.internal.operations.DefaultBuildOperationRunner] Build operation 'Execute container callback action' completed
2021-06-06T09:17:45.681-0500 [DEBUG] [org.gradle.internal.operations.DefaultBuildOperationRunner] Build operation 'Execute container callback action' completed
2021-06-06T09:17:45.682-0500 [DEBUG] [org.gradle.internal.operations.DefaultBuildOperationRunner] Build operation 'Execute container callback action' completed
2021-06-06T09:17:45.682-0500 [DEBUG] [org.gradle.internal.operations.DefaultBuildOperationRunner] Build operation 'Execute container callback action' completed
2021-06-06T09:17:45.682-0500 [DEBUG] [org.gradle.internal.operations.DefaultBuildOperationRunner] Build operation 'Execute container callback action' completed
2021-06-06T09:17:45.682-0500 [DEBUG] [org.gradle.internal.operations.DefaultBuildOperationRunner] Build operation 'Execute container callback action' completed
2021-06-06T09:17:45.683-0500 [DEBUG] [org.gradle.internal.operations.DefaultBuildOperationRunner] Build operation 'Execute container callback action' completed
2021-06-06T09:17:45.683-0500 [DEBUG] [org.gradle.internal.operations.DefaultBuildOperationRunner] Build operation 'Execute container callback action' completed
2021-06-06T09:17:45.683-0500 [DEBUG] [org.gradle.internal.operations.DefaultBuildOperationRunner] Build operation 'Execute container callback action' completed
2021-06-06T09:17:45.683-0500 [DEBUG] [org.gradle.internal.operations.DefaultBuildOperationRunner] Build operation 'Execute container callback action' completed
2021-06-06T09:17:45.684-0500 [DEBUG] [org.gradle.internal.operations.DefaultBuildOperationRunner] Build operation 'Execute container callback action' completed
2021-06-06T09:17:45.684-0500 [DEBUG] [org.gradle.internal.operations.DefaultBuildOperationRunner] Build operation 'Execute container callback action' completed
2021-06-06T09:17:45.684-0500 [DEBUG] [org.gradle.internal.operations.DefaultBuildOperationRunner] Build operation 'Execute container callback action' completed
2021-06-06T09:17:45.684-0500 [DEBUG] [org.gradle.internal.operations.DefaultBuildOperationRunner] Build operation 'Execute container callback action' completed
2021-06-06T09:17:45.684-0500 [DEBUG] [org.gradle.internal.operations.DefaultBuildOperationRunner] Build operation 'Execute container callback action' completed
2021-06-06T09:17:45.685-0500 [DEBUG] [org.gradle.internal.operations.DefaultBuildOperationRunner] Build operation 'Execute container callback action' completed
2021-06-06T09:17:45.685-0500 [DEBUG] [org.gradle.internal.operations.DefaultBuildOperationRunner] Build operation 'Execute container callback action' completed
2021-06-06T09:17:45.685-0500 [DEBUG] [org.gradle.internal.operations.DefaultBuildOperationRunner] Build operation 'Execute container callback action' completed
2021-06-06T09:17:45.685-0500 [DEBUG] [org.gradle.internal.operations.DefaultBuildOperationRunner] Build operation 'Execute container callback action' completed
2021-06-06T09:17:45.685-0500 [DEBUG] [org.gradle.internal.operations.DefaultBuildOperationRunner] Build operation 'Execute container callback action' completed
2021-06-06T09:17:45.685-0500 [DEBUG] [org.gradle.internal.operations.DefaultBuildOperationRunner] Build operation 'Execute container callback action' completed
2021-06-06T09:17:45.686-0500 [DEBUG] [org.gradle.internal.operations.DefaultBuildOperationRunner] Build operation 'Execute container callback action' completed
2021-06-06T09:17:45.686-0500 [DEBUG] [org.jetbrains.kotlin.gradle.plugin.Android25ProjectHandler] [KOTLIN] Process variant [debugUnitTest]
2021-06-06T09:17:45.687-0500 [DEBUG] [org.gradle.internal.operations.DefaultBuildOperationRunner] Build operation 'Execute container callback action' completed
2021-06-06T09:17:45.687-0500 [DEBUG] [org.gradle.internal.operations.DefaultBuildOperationRunner] Build operation 'Execute container callback action' completed
2021-06-06T09:17:45.687-0500 [DEBUG] [org.gradle.internal.operations.DefaultBuildOperationRunner] Build operation 'Execute container callback action' completed
2021-06-06T09:17:45.687-0500 [DEBUG] [org.gradle.internal.operations.DefaultBuildOperationRunner] Build operation 'Execute container callback action' completed
2021-06-06T09:17:45.688-0500 [DEBUG] [org.gradle.internal.operations.DefaultBuildOperationRunner] Build operation 'Execute container callback action' completed
2021-06-06T09:17:45.688-0500 [DEBUG] [org.gradle.internal.operations.DefaultBuildOperationRunner] Build operation 'Execute container callback action' completed
2021-06-06T09:17:45.688-0500 [DEBUG] [org.gradle.internal.operations.DefaultBuildOperationRunner] Build operation 'Execute container callback action' completed
2021-06-06T09:17:45.688-0500 [DEBUG] [org.gradle.internal.operations.DefaultBuildOperationRunner] Build operation 'Execute container callback action' completed
2021-06-06T09:17:45.689-0500 [DEBUG] [org.gradle.internal.operations.DefaultBuildOperationRunner] Build operation 'Execute container callback action' completed
2021-06-06T09:17:45.689-0500 [DEBUG] [org.gradle.internal.operations.DefaultBuildOperationRunner] Build operation 'Execute container callback action' completed
2021-06-06T09:17:45.689-0500 [DEBUG] [org.gradle.internal.operations.DefaultBuildOperationRunner] Build operation 'Execute container callback action' completed
2021-06-06T09:17:45.690-0500 [DEBUG] [org.gradle.internal.operations.DefaultBuildOperationRunner] Build operation 'Execute container callback action' completed
2021-06-06T09:17:45.690-0500 [DEBUG] [org.gradle.internal.operations.DefaultBuildOperationRunner] Build operation 'Execute container callback action' completed
2021-06-06T09:17:45.690-0500 [DEBUG] [org.gradle.internal.operations.DefaultBuildOperationRunner] Build operation 'Execute container callback action' completed
2021-06-06T09:17:45.690-0500 [DEBUG] [org.gradle.internal.operations.DefaultBuildOperationRunner] Build operation 'Execute container callback action' completed
2021-06-06T09:17:45.691-0500 [DEBUG] [org.gradle.internal.operations.DefaultBuildOperationRunner] Build operation 'Execute container callback action' completed
2021-06-06T09:17:45.691-0500 [DEBUG] [org.gradle.internal.operations.DefaultBuildOperationRunner] Build operation 'Execute container callback action' completed
2021-06-06T09:17:45.691-0500 [DEBUG] [org.gradle.internal.operations.DefaultBuildOperationRunner] Build operation 'Execute container callback action' completed
2021-06-06T09:17:45.691-0500 [DEBUG] [org.gradle.internal.operations.DefaultBuildOperationRunner] Build operation 'Execute container callback action' completed
2021-06-06T09:17:45.692-0500 [DEBUG] [org.gradle.internal.operations.DefaultBuildOperationRunner] Build operation 'Execute container callback action' completed
2021-06-06T09:17:45.693-0500 [DEBUG] [org.gradle.internal.operations.DefaultBuildOperationRunner] Build operation 'Execute container callback action' completed
2021-06-06T09:17:45.693-0500 [DEBUG] [org.gradle.internal.operations.DefaultBuildOperationRunner] Build operation 'Execute container callback action' completed
2021-06-06T09:17:45.693-0500 [DEBUG] [org.gradle.internal.operations.DefaultBuildOperationRunner] Build operation 'Execute container callback action' completed
2021-06-06T09:17:45.693-0500 [DEBUG] [org.gradle.internal.operations.DefaultBuildOperationRunner] Build operation 'Execute container callback action' completed
2021-06-06T09:17:45.694-0500 [DEBUG] [org.gradle.internal.operations.DefaultBuildOperationRunner] Build operation 'Execute container callback action' completed
2021-06-06T09:17:45.695-0500 [DEBUG] [org.gradle.internal.operations.DefaultBuildOperationRunner] Build operation 'Register task :app:compileDebugUnitTestKotlin' completed
2021-06-06T09:17:45.695-0500 [DEBUG] [org.jetbrains.kotlin.gradle.plugin.RunOnceAfterEvaluated] [apply properties and language settings to compileDebugUnitTestKotlin] RunOnceAfterEvaluated - onEvaluated executed=false evaluated=false configured=false
2021-06-06T09:17:45.698-0500 [DEBUG] [org.gradle.internal.operations.DefaultBuildOperationRunner] Build operation 'Execute container callback action' completed
2021-06-06T09:17:45.699-0500 [DEBUG] [org.gradle.internal.operations.DefaultBuildOperationRunner] Build operation 'Execute container callback action' completed
2021-06-06T09:17:45.700-0500 [DEBUG] [org.gradle.internal.operations.DefaultBuildOperationRunner] Build operation 'Execute container callback action' completed
2021-06-06T09:17:45.700-0500 [DEBUG] [org.gradle.internal.operations.DefaultBuildOperationRunner] Build operation 'Execute container callback action' completed
2021-06-06T09:17:45.700-0500 [DEBUG] [org.gradle.internal.operations.DefaultBuildOperationRunner] Build operation 'Execute container callback action' completed
2021-06-06T09:17:45.700-0500 [DEBUG] [org.gradle.internal.operations.DefaultBuildOperationRunner] Build operation 'Execute container callback action' completed
2021-06-06T09:17:45.701-0500 [DEBUG] [org.jetbrains.kotlin.gradle.plugin.Android25ProjectHandler] [KOTLIN] Process variant [debug]
2021-06-06T09:17:45.702-0500 [DEBUG] [org.gradle.internal.operations.DefaultBuildOperationRunner] Build operation 'Register task :app:compileDebugKotlin' completed
2021-06-06T09:17:45.702-0500 [DEBUG] [org.jetbrains.kotlin.gradle.plugin.RunOnceAfterEvaluated] [apply properties and language settings to compileDebugKotlin] RunOnceAfterEvaluated - onEvaluated executed=false evaluated=false configured=false
2021-06-06T09:17:45.703-0500 [DEBUG] [org.gradle.internal.operations.DefaultBuildOperationRunner] Build operation 'Execute container callback action' completed
2021-06-06T09:17:45.704-0500 [DEBUG] [org.gradle.internal.operations.DefaultBuildOperationRunner] Build operation 'Execute container callback action' completed
2021-06-06T09:17:45.704-0500 [DEBUG] [org.gradle.internal.operations.DefaultBuildOperationRunner] Build operation 'Execute container callback action' completed
2021-06-06T09:17:45.704-0500 [DEBUG] [org.gradle.internal.operations.DefaultBuildOperationRunner] Build operation 'Execute container callback action' completed
2021-06-06T09:17:45.704-0500 [DEBUG] [org.gradle.internal.operations.DefaultBuildOperationRunner] Build operation 'Execute container callback action' completed
2021-06-06T09:17:45.705-0500 [DEBUG] [org.gradle.internal.operations.DefaultBuildOperationRunner] Build operation 'Execute container callback action' completed
2021-06-06T09:17:45.705-0500 [DEBUG] [org.gradle.internal.operations.DefaultBuildOperationRunner] Build operation 'Execute container callback action' completed
2021-06-06T09:17:45.705-0500 [DEBUG] [org.gradle.internal.operations.DefaultBuildOperationRunner] Build operation 'Execute container callback action' completed
2021-06-06T09:17:45.706-0500 [DEBUG] [org.gradle.internal.operations.DefaultBuildOperationRunner] Build operation 'Execute container callback action' completed
2021-06-06T09:17:45.706-0500 [DEBUG] [org.gradle.internal.operations.DefaultBuildOperationRunner] Build operation 'Execute container callback action' completed
2021-06-06T09:17:45.706-0500 [DEBUG] [org.gradle.internal.operations.DefaultBuildOperationRunner] Build operation 'Execute container callback action' completed
2021-06-06T09:17:45.706-0500 [DEBUG] [org.gradle.internal.operations.DefaultBuildOperationRunner] Build operation 'Execute container callback action' completed
2021-06-06T09:17:45.707-0500 [DEBUG] [org.gradle.internal.operations.DefaultBuildOperationRunner] Build operation 'Execute container callback action' completed
2021-06-06T09:17:45.707-0500 [DEBUG] [org.gradle.internal.operations.DefaultBuildOperationRunner] Build operation 'Execute container callback action' completed
2021-06-06T09:17:45.707-0500 [DEBUG] [org.gradle.internal.operations.DefaultBuildOperationRunner] Build operation 'Execute container callback action' completed
2021-06-06T09:17:45.707-0500 [DEBUG] [org.gradle.internal.operations.DefaultBuildOperationRunner] Build operation 'Execute container callback action' completed
2021-06-06T09:17:45.708-0500 [DEBUG] [org.gradle.internal.operations.DefaultBuildOperationRunner] Build operation 'Execute container callback action' completed
2021-06-06T09:17:45.708-0500 [DEBUG] [org.gradle.internal.operations.DefaultBuildOperationRunner] Build operation 'Execute container callback action' completed
2021-06-06T09:17:45.708-0500 [DEBUG] [org.gradle.internal.operations.DefaultBuildOperationRunner] Build operation 'Execute container callback action' completed
2021-06-06T09:17:45.708-0500 [DEBUG] [org.gradle.internal.operations.DefaultBuildOperationRunner] Build operation 'Execute container callback action' completed
2021-06-06T09:17:45.709-0500 [DEBUG] [org.gradle.internal.operations.DefaultBuildOperationRunner] Build operation 'Execute container callback action' completed
2021-06-06T09:17:45.709-0500 [DEBUG] [org.gradle.internal.operations.DefaultBuildOperationRunner] Build operation 'Execute container callback action' completed
2021-06-06T09:17:45.710-0500 [DEBUG] [org.gradle.internal.operations.DefaultBuildOperationRunner] Build operation 'Execute container callback action' completed
2021-06-06T09:17:45.710-0500 [DEBUG] [org.gradle.internal.operations.DefaultBuildOperationRunner] Build operation 'Execute container callback action' completed
2021-06-06T09:17:45.710-0500 [DEBUG] [org.gradle.internal.operations.DefaultBuildOperationRunner] Build operation 'Execute container callback action' completed
2021-06-06T09:17:45.710-0500 [DEBUG] [org.gradle.internal.operations.DefaultBuildOperationRunner] Build operation 'Execute container callback action' completed
2021-06-06T09:17:45.711-0500 [DEBUG] [org.gradle.internal.operations.DefaultBuildOperationRunner] Build operation 'Execute container callback action' completed
2021-06-06T09:17:45.711-0500 [DEBUG] [org.gradle.internal.operations.DefaultBuildOperationRunner] Build operation 'Execute container callback action' completed
2021-06-06T09:17:45.711-0500 [DEBUG] [org.gradle.internal.operations.DefaultBuildOperationRunner] Build operation 'Execute container callback action' completed
2021-06-06T09:17:45.711-0500 [DEBUG] [org.gradle.internal.operations.DefaultBuildOperationRunner] Build operation 'Execute container callback action' completed
2021-06-06T09:17:45.711-0500 [DEBUG] [org.gradle.internal.operations.DefaultBuildOperationRunner] Build operation 'Execute container callback action' completed
2021-06-06T09:17:45.712-0500 [DEBUG] [org.jetbrains.kotlin.gradle.plugin.Android25ProjectHandler] [KOTLIN] Process variant [releaseUnitTest]
2021-06-06T09:17:45.712-0500 [DEBUG] [org.gradle.internal.operations.DefaultBuildOperationRunner] Build operation 'Execute container callback action' completed
2021-06-06T09:17:45.713-0500 [DEBUG] [org.gradle.internal.operations.DefaultBuildOperationRunner] Build operation 'Execute container callback action' completed
2021-06-06T09:17:45.713-0500 [DEBUG] [org.gradle.internal.operations.DefaultBuildOperationRunner] Build operation 'Execute container callback action' completed
2021-06-06T09:17:45.713-0500 [DEBUG] [org.gradle.internal.operations.DefaultBuildOperationRunner] Build operation 'Execute container callback action' completed
2021-06-06T09:17:45.713-0500 [DEBUG] [org.gradle.internal.operations.DefaultBuildOperationRunner] Build operation 'Execute container callback action' completed
2021-06-06T09:17:45.713-0500 [DEBUG] [org.gradle.internal.operations.DefaultBuildOperationRunner] Build operation 'Execute container callback action' completed
2021-06-06T09:17:45.713-0500 [DEBUG] [org.gradle.internal.operations.DefaultBuildOperationRunner] Build operation 'Execute container callback action' completed
2021-06-06T09:17:45.713-0500 [DEBUG] [org.gradle.internal.operations.DefaultBuildOperationRunner] Build operation 'Execute container callback action' completed
2021-06-06T09:17:45.714-0500 [DEBUG] [org.gradle.internal.operations.DefaultBuildOperationRunner] Build operation 'Execute container callback action' completed
2021-06-06T09:17:45.714-0500 [DEBUG] [org.gradle.internal.operations.DefaultBuildOperationRunner] Build operation 'Execute container callback action' completed
2021-06-06T09:17:45.714-0500 [DEBUG] [org.gradle.internal.operations.DefaultBuildOperationRunner] Build operation 'Execute container callback action' completed
2021-06-06T09:17:45.714-0500 [DEBUG] [org.gradle.internal.operations.DefaultBuildOperationRunner] Build operation 'Execute container callback action' completed
2021-06-06T09:17:45.714-0500 [DEBUG] [org.gradle.internal.operations.DefaultBuildOperationRunner] Build operation 'Execute container callback action' completed
2021-06-06T09:17:45.714-0500 [DEBUG] [org.gradle.internal.operations.DefaultBuildOperationRunner] Build operation 'Execute container callback action' completed
2021-06-06T09:17:45.715-0500 [DEBUG] [org.gradle.internal.operations.DefaultBuildOperationRunner] Build operation 'Execute container callback action' completed
2021-06-06T09:17:45.715-0500 [DEBUG] [org.gradle.internal.operations.DefaultBuildOperationRunner] Build operation 'Execute container callback action' completed
2021-06-06T09:17:45.715-0500 [DEBUG] [org.gradle.internal.operations.DefaultBuildOperationRunner] Build operation 'Execute container callback action' completed
2021-06-06T09:17:45.715-0500 [DEBUG] [org.gradle.internal.operations.DefaultBuildOperationRunner] Build operation 'Execute container callback action' completed
2021-06-06T09:17:45.715-0500 [DEBUG] [org.gradle.internal.operations.DefaultBuildOperationRunner] Build operation 'Execute container callback action' completed
2021-06-06T09:17:45.715-0500 [DEBUG] [org.gradle.internal.operations.DefaultBuildOperationRunner] Build operation 'Execute container callback action' completed
2021-06-06T09:17:45.716-0500 [DEBUG] [org.gradle.internal.operations.DefaultBuildOperationRunner] Build operation 'Execute container callback action' completed
2021-06-06T09:17:45.716-0500 [DEBUG] [org.gradle.internal.operations.DefaultBuildOperationRunner] Build operation 'Execute container callback action' completed
2021-06-06T09:17:45.716-0500 [DEBUG] [org.gradle.internal.operations.DefaultBuildOperationRunner] Build operation 'Execute container callback action' completed
2021-06-06T09:17:45.716-0500 [DEBUG] [org.gradle.internal.operations.DefaultBuildOperationRunner] Build operation 'Execute container callback action' completed
2021-06-06T09:17:45.717-0500 [DEBUG] [org.gradle.internal.operations.DefaultBuildOperationRunner] Build operation 'Execute container callback action' completed
2021-06-06T09:17:45.717-0500 [DEBUG] [org.gradle.internal.operations.DefaultBuildOperationRunner] Build operation 'Register task :app:compileReleaseUnitTestKotlin' completed
2021-06-06T09:17:45.717-0500 [DEBUG] [org.jetbrains.kotlin.gradle.plugin.RunOnceAfterEvaluated] [apply properties and language settings to compileReleaseUnitTestKotlin] RunOnceAfterEvaluated - onEvaluated executed=false evaluated=false configured=false
2021-06-06T09:17:45.718-0500 [DEBUG] [org.gradle.internal.operations.DefaultBuildOperationRunner] Build operation 'Execute container callback action' completed
2021-06-06T09:17:45.719-0500 [DEBUG] [org.gradle.internal.operations.DefaultBuildOperationRunner] Build operation 'Execute container callback action' completed
2021-06-06T09:17:45.719-0500 [DEBUG] [org.gradle.internal.operations.DefaultBuildOperationRunner] Build operation 'Execute container callback action' completed
2021-06-06T09:17:45.719-0500 [DEBUG] [org.gradle.internal.operations.DefaultBuildOperationRunner] Build operation 'Execute container callback action' completed
2021-06-06T09:17:45.719-0500 [DEBUG] [org.gradle.internal.operations.DefaultBuildOperationRunner] Build operation 'Execute container callback action' completed
2021-06-06T09:17:45.719-0500 [DEBUG] [org.gradle.internal.operations.DefaultBuildOperationRunner] Build operation 'Execute container callback action' completed
2021-06-06T09:17:45.720-0500 [DEBUG] [org.jetbrains.kotlin.gradle.plugin.Android25ProjectHandler] [KOTLIN] Process variant [release]
2021-06-06T09:17:45.720-0500 [DEBUG] [org.gradle.internal.operations.DefaultBuildOperationRunner] Build operation 'Register task :app:compileReleaseKotlin' completed
2021-06-06T09:17:45.720-0500 [DEBUG] [org.jetbrains.kotlin.gradle.plugin.RunOnceAfterEvaluated] [apply properties and language settings to compileReleaseKotlin] RunOnceAfterEvaluated - onEvaluated executed=false evaluated=false configured=false
2021-06-06T09:17:45.721-0500 [DEBUG] [org.gradle.internal.operations.DefaultBuildOperationRunner] Build operation 'Execute container callback action' completed
2021-06-06T09:17:45.726-0500 [DEBUG] [org.gradle.internal.operations.DefaultBuildOperationRunner] Build operation 'Execute container callback action' completed
2021-06-06T09:17:45.726-0500 [DEBUG] [org.gradle.internal.operations.DefaultBuildOperationRunner] Build operation 'Execute container callback action' completed
2021-06-06T09:17:45.726-0500 [DEBUG] [org.gradle.internal.operations.DefaultBuildOperationRunner] Build operation 'Execute container callback action' completed
2021-06-06T09:17:45.727-0500 [DEBUG] [org.gradle.internal.operations.DefaultBuildOperationRunner] Build operation 'Execute container callback action' completed
2021-06-06T09:17:45.727-0500 [DEBUG] [org.gradle.internal.operations.DefaultBuildOperationRunner] Build operation 'Execute container callback action' completed
2021-06-06T09:17:45.731-0500 [DEBUG] [org.gradle.internal.operations.DefaultBuildOperationRunner] Build operation 'Register task :app:bundle' completed
2021-06-06T09:17:45.745-0500 [DEBUG] [org.gradle.internal.operations.DefaultBuildOperationRunner] Build operation 'Execute container callback action' completed
2021-06-06T09:17:45.746-0500 [DEBUG] [org.gradle.internal.operations.DefaultBuildOperationRunner] Build operation 'Execute container callback action' completed
2021-06-06T09:17:45.749-0500 [DEBUG] [org.gradle.internal.operations.DefaultBuildOperationRunner] Build operation 'Execute container callback action' completed
2021-06-06T09:17:45.750-0500 [DEBUG] [org.gradle.internal.operations.DefaultBuildOperationRunner] Build operation 'Execute container callback action' completed
2021-06-06T09:17:45.755-0500 [DEBUG] [org.gradle.internal.operations.DefaultBuildOperationRunner] Build operation 'Execute Project.afterEvaluate listener' completed
2021-06-06T09:17:45.756-0500 [DEBUG] [org.gradle.internal.operations.DefaultBuildOperationRunner] Build operation 'Execute Project.afterEvaluate listener' completed
2021-06-06T09:17:45.756-0500 [DEBUG] [org.gradle.internal.operations.DefaultBuildOperationRunner] Build operation 'Execute Project.afterEvaluate listener' completed
2021-06-06T09:17:45.757-0500 [DEBUG] [org.gradle.internal.operations.DefaultBuildOperationRunner] Build operation 'Execute Project.afterEvaluate listener' completed
2021-06-06T09:17:45.757-0500 [DEBUG] [org.gradle.internal.operations.DefaultBuildOperationRunner] Build operation 'Execute Project.afterEvaluate listener' completed
2021-06-06T09:17:45.758-0500 [DEBUG] [org.gradle.internal.operations.DefaultBuildOperationRunner] Build operation 'Execute Project.afterEvaluate listener' completed
2021-06-06T09:17:45.758-0500 [DEBUG] [org.gradle.internal.operations.DefaultBuildOperationRunner] Build operation 'Execute Project.afterEvaluate listener' completed
2021-06-06T09:17:45.758-0500 [DEBUG] [org.gradle.internal.operations.DefaultBuildOperationRunner] Build operation 'Execute Project.afterEvaluate listener' completed
2021-06-06T09:17:45.758-0500 [DEBUG] [org.gradle.internal.operations.DefaultBuildOperationRunner] Build operation 'Execute Project.afterEvaluate listener' completed
2021-06-06T09:17:45.759-0500 [DEBUG] [org.gradle.internal.operations.DefaultBuildOperationRunner] Build operation 'Execute Project.afterEvaluate listener' completed
2021-06-06T09:17:45.759-0500 [DEBUG] [org.gradle.internal.operations.DefaultBuildOperationRunner] Build operation 'Execute Project.afterEvaluate listener' completed
2021-06-06T09:17:45.759-0500 [DEBUG] [org.gradle.internal.operations.DefaultBuildOperationRunner] Build operation 'Execute Project.afterEvaluate listener' completed
2021-06-06T09:17:45.759-0500 [DEBUG] [org.gradle.internal.operations.DefaultBuildOperationRunner] Build operation 'Execute Project.afterEvaluate listener' completed
2021-06-06T09:17:45.760-0500 [DEBUG] [org.gradle.internal.operations.DefaultBuildOperationRunner] Build operation 'Execute Project.afterEvaluate listener' completed
2021-06-06T09:17:45.760-0500 [DEBUG] [org.gradle.internal.operations.DefaultBuildOperationRunner] Build operation 'Execute Project.afterEvaluate listener' completed
2021-06-06T09:17:45.760-0500 [DEBUG] [org.gradle.internal.operations.DefaultBuildOperationRunner] Build operation 'Execute Project.afterEvaluate listener' completed
2021-06-06T09:17:45.760-0500 [DEBUG] [org.gradle.internal.operations.DefaultBuildOperationRunner] Build operation 'Execute Project.afterEvaluate listener' completed
2021-06-06T09:17:45.761-0500 [DEBUG] [org.gradle.internal.operations.DefaultBuildOperationRunner] Build operation 'Execute Project.afterEvaluate listener' completed
2021-06-06T09:17:45.761-0500 [DEBUG] [org.gradle.internal.operations.DefaultBuildOperationRunner] Build operation 'Execute Project.afterEvaluate listener' completed
2021-06-06T09:17:45.761-0500 [DEBUG] [org.gradle.internal.operations.DefaultBuildOperationRunner] Build operation 'Execute Project.afterEvaluate listener' completed
2021-06-06T09:17:45.762-0500 [DEBUG] [org.gradle.internal.operations.DefaultBuildOperationRunner] Build operation 'Execute Project.afterEvaluate listener' completed
2021-06-06T09:17:45.795-0500 [DEBUG] [org.gradle.internal.operations.DefaultBuildOperationRunner] Build operation 'Execute container callback action' completed
2021-06-06T09:17:45.796-0500 [DEBUG] [org.gradle.internal.operations.DefaultBuildOperationRunner] Build operation 'Execute container callback action' completed
2021-06-06T09:17:45.804-0500 [DEBUG] [org.gradle.internal.operations.DefaultBuildOperationRunner] Build operation 'Execute container callback action' completed
2021-06-06T09:17:45.806-0500 [DEBUG] [org.gradle.internal.operations.DefaultBuildOperationRunner] Build operation 'Execute container callback action' completed
2021-06-06T09:17:45.807-0500 [DEBUG] [org.gradle.internal.operations.DefaultBuildOperationRunner] Build operation 'Execute container callback action' completed
2021-06-06T09:17:45.812-0500 [DEBUG] [org.gradle.internal.operations.DefaultBuildOperationRunner] Build operation 'Execute Project.afterEvaluate listener' completed
2021-06-06T09:17:45.812-0500 [DEBUG] [org.gradle.internal.operations.DefaultBuildOperationRunner] Build operation 'Execute Project.afterEvaluate listener' completed
2021-06-06T09:17:45.815-0500 [DEBUG] [org.gradle.internal.operations.DefaultBuildOperationRunner] Build operation 'Execute container callback action' completed
2021-06-06T09:17:45.815-0500 [DEBUG] [org.gradle.internal.operations.DefaultBuildOperationRunner] Build operation 'Execute container callback action' completed
2021-06-06T09:17:45.815-0500 [DEBUG] [org.gradle.internal.operations.DefaultBuildOperationRunner] Build operation 'Execute container callback action' completed
2021-06-06T09:17:45.815-0500 [DEBUG] [org.gradle.internal.operations.DefaultBuildOperationRunner] Build operation 'Execute container callback action' completed
2021-06-06T09:17:45.816-0500 [DEBUG] [org.gradle.internal.operations.DefaultBuildOperationRunner] Build operation 'Execute container callback action' completed
2021-06-06T09:17:45.817-0500 [DEBUG] [org.gradle.internal.operations.DefaultBuildOperationRunner] Build operation 'Execute container callback action' completed
2021-06-06T09:17:45.817-0500 [DEBUG] [org.gradle.internal.operations.DefaultBuildOperationRunner] Build operation 'Execute container callback action' completed
2021-06-06T09:17:45.818-0500 [DEBUG] [org.gradle.internal.operations.DefaultBuildOperationRunner] Build operation 'Execute container callback action' completed
2021-06-06T09:17:45.818-0500 [DEBUG] [org.gradle.internal.operations.DefaultBuildOperationRunner] Build operation 'Execute container callback action' completed
2021-06-06T09:17:45.818-0500 [DEBUG] [org.gradle.internal.operations.DefaultBuildOperationRunner] Build operation 'Execute container callback action' completed
2021-06-06T09:17:45.821-0500 [DEBUG] [org.gradle.internal.operations.DefaultBuildOperationRunner] Build operation 'Execute container callback action' completed
2021-06-06T09:17:45.822-0500 [DEBUG] [org.gradle.internal.operations.DefaultBuildOperationRunner] Build operation 'Execute container callback action' completed
2021-06-06T09:17:45.822-0500 [DEBUG] [org.gradle.internal.operations.DefaultBuildOperationRunner] Build operation 'Execute container callback action' completed
2021-06-06T09:17:45.822-0500 [DEBUG] [org.gradle.internal.operations.DefaultBuildOperationRunner] Build operation 'Execute container callback action' completed
2021-06-06T09:17:45.823-0500 [DEBUG] [org.gradle.internal.operations.DefaultBuildOperationRunner] Build operation 'Execute container callback action' completed
2021-06-06T09:17:45.823-0500 [DEBUG] [org.gradle.internal.operations.DefaultBuildOperationRunner] Build operation 'Execute Project.afterEvaluate listener' completed
2021-06-06T09:17:45.823-0500 [DEBUG] [org.gradle.internal.operations.DefaultBuildOperationRunner] Build operation 'Execute Project.afterEvaluate listener' completed
2021-06-06T09:17:45.824-0500 [DEBUG] [org.gradle.internal.operations.DefaultBuildOperationRunner] Build operation 'Execute Project.afterEvaluate listener' completed
2021-06-06T09:17:45.824-0500 [DEBUG] [org.gradle.internal.operations.DefaultBuildOperationRunner] Build operation 'Execute Project.afterEvaluate listener' completed
2021-06-06T09:17:45.824-0500 [DEBUG] [org.gradle.internal.operations.DefaultBuildOperationRunner] Build operation 'Notify afterEvaluate listeners of :app' completed
2021-06-06T09:17:45.824-0500 [DEBUG] [org.gradle.internal.resources.AbstractTrackedResourceLock] Daemon worker: released lock on :
2021-06-06T09:17:45.824-0500 [DEBUG] [org.gradle.internal.operations.DefaultBuildOperationRunner] Completing Build operation 'Configure project :app'
2021-06-06T09:17:45.824-0500 [DEBUG] [org.gradle.internal.operations.DefaultBuildOperationRunner] Build operation 'Configure project :app' completed
2021-06-06T09:17:45.826-0500 [DEBUG] [org.gradle.internal.operations.DefaultBuildOperationRunner] Build operation 'Notify projectsEvaluated listeners' started
2021-06-06T09:17:45.827-0500 [INFO] [org.gradle.internal.buildevents.BuildLogger] All projects evaluated.
2021-06-06T09:17:45.828-0500 [DEBUG] [org.gradle.internal.operations.DefaultBuildOperationRunner] Build operation 'Execute Gradle.addBuildListener listener' started
2021-06-06T09:17:45.829-0500 [DEBUG] [org.jetbrains.kotlin.gradle.plugin.statistics.KotlinBuildStatHandler] Executing [class org.jetbrains.kotlin.gradle.plugin.statistics.DefaultKotlinBuildStatsService.projectEvaluated]
2021-06-06T09:17:45.838-0500 [DEBUG] [org.gradle.internal.operations.DefaultBuildOperationRunner] Completing Build operation 'Execute Gradle.addBuildListener listener'
2021-06-06T09:17:45.838-0500 [DEBUG] [org.gradle.internal.operations.DefaultBuildOperationRunner] Build operation 'Execute Gradle.addBuildListener listener' completed
2021-06-06T09:17:45.838-0500 [DEBUG] [org.gradle.internal.operations.DefaultBuildOperationRunner] Build operation 'Execute Gradle.addBuildListener listener' started
2021-06-06T09:17:45.838-0500 [DEBUG] [org.gradle.internal.operations.DefaultBuildOperationRunner] Completing Build operation 'Execute Gradle.addBuildListener listener'
2021-06-06T09:17:45.838-0500 [DEBUG] [org.gradle.internal.operations.DefaultBuildOperationRunner] Build operation 'Execute Gradle.addBuildListener listener' completed
2021-06-06T09:17:45.839-0500 [DEBUG] [org.gradle.internal.operations.DefaultBuildOperationRunner] Build operation 'Execute Gradle.projectsEvaluated listener' started
2021-06-06T09:17:45.839-0500 [DEBUG] [org.gradle.internal.operations.DefaultBuildOperationRunner] Completing Build operation 'Execute Gradle.projectsEvaluated listener'
2021-06-06T09:17:45.839-0500 [DEBUG] [org.gradle.internal.operations.DefaultBuildOperationRunner] Build operation 'Execute Gradle.projectsEvaluated listener' completed
2021-06-06T09:17:45.839-0500 [DEBUG] [org.gradle.internal.operations.DefaultBuildOperationRunner] Build operation 'Execute Gradle.projectsEvaluated listener' started
2021-06-06T09:17:45.841-0500 [DEBUG] [org.gradle.internal.operations.DefaultBuildOperationRunner] Build operation 'Execute 'allprojects {}' action' started
2021-06-06T09:17:45.842-0500 [DEBUG] [org.gradle.internal.resources.AbstractTrackedResourceLock] Daemon worker: acquired lock on :
2021-06-06T09:17:45.842-0500 [DEBUG] [org.gradle.internal.operations.DefaultBuildOperationRunner] Build operation 'Cross-configure project :' started
2021-06-06T09:17:45.843-0500 [DEBUG] [org.gradle.internal.operations.DefaultBuildOperationRunner] Completing Build operation 'Cross-configure project :'
2021-06-06T09:17:45.843-0500 [DEBUG] [org.gradle.internal.operations.DefaultBuildOperationRunner] Build operation 'Cross-configure project :' completed
2021-06-06T09:17:45.843-0500 [DEBUG] [org.gradle.internal.resources.AbstractTrackedResourceLock] Daemon worker: released lock on :
2021-06-06T09:17:45.843-0500 [DEBUG] [org.gradle.internal.resources.AbstractTrackedResourceLock] Daemon worker: acquired lock on :
2021-06-06T09:17:45.843-0500 [DEBUG] [org.gradle.internal.operations.DefaultBuildOperationRunner] Build operation 'Cross-configure project :app' started
2021-06-06T09:17:45.843-0500 [DEBUG] [org.gradle.internal.operations.DefaultBuildOperationRunner] Completing Build operation 'Cross-configure project :app'
2021-06-06T09:17:45.843-0500 [DEBUG] [org.gradle.internal.operations.DefaultBuildOperationRunner] Build operation 'Cross-configure project :app' completed
2021-06-06T09:17:45.843-0500 [DEBUG] [org.gradle.internal.resources.AbstractTrackedResourceLock] Daemon worker: released lock on :
2021-06-06T09:17:45.843-0500 [DEBUG] [org.gradle.internal.operations.DefaultBuildOperationRunner] Completing Build operation 'Execute 'allprojects {}' action'
2021-06-06T09:17:45.843-0500 [DEBUG] [org.gradle.internal.operations.DefaultBuildOperationRunner] Build operation 'Execute 'allprojects {}' action' completed
2021-06-06T09:17:45.844-0500 [DEBUG] [org.gradle.internal.operations.DefaultBuildOperationRunner] Build operation 'Execute 'allprojects {}' action' started
2021-06-06T09:17:45.844-0500 [DEBUG] [org.gradle.internal.resources.AbstractTrackedResourceLock] Daemon worker: acquired lock on :
2021-06-06T09:17:45.844-0500 [DEBUG] [org.gradle.internal.operations.DefaultBuildOperationRunner] Build operation 'Cross-configure project :' started
2021-06-06T09:17:45.870-0500 [DEBUG] [org.gradle.api.internal.artifacts.ivyservice.resolveengine.result.StreamingResolutionResultBuilder$RootFactory] Loaded resolution results (0.02 secs) from Binary store in C:\Users\gathi\AppData\Local\Temp\gradle7625506157637451430.bin offset 0 exists? true
2021-06-06T09:17:45.873-0500 [DEBUG] [org.gradle.internal.operations.DefaultBuildOperationRunner] Completing Build operation 'Cross-configure project :'
2021-06-06T09:17:45.873-0500 [DEBUG] [org.gradle.internal.operations.DefaultBuildOperationRunner] Build operation 'Cross-configure project :' completed
2021-06-06T09:17:45.873-0500 [DEBUG] [org.gradle.internal.resources.AbstractTrackedResourceLock] Daemon worker: released lock on :
2021-06-06T09:17:45.874-0500 [DEBUG] [org.gradle.internal.resources.AbstractTrackedResourceLock] Daemon worker: acquired lock on :
2021-06-06T09:17:45.874-0500 [DEBUG] [org.gradle.internal.operations.DefaultBuildOperationRunner] Build operation 'Cross-configure project :app' started
2021-06-06T09:17:45.874-0500 [DEBUG] [org.gradle.internal.operations.DefaultBuildOperationRunner] Build operation 'Resolve dependencies of :app:classpath' started
2021-06-06T09:17:45.876-0500 [DEBUG] [org.gradle.internal.operations.DefaultBuildOperationRunner] Completing Build operation 'Resolve dependencies of :app:classpath'
2021-06-06T09:17:45.876-0500 [DEBUG] [org.gradle.internal.operations.DefaultBuildOperationRunner] Build operation 'Resolve dependencies of :app:classpath' completed
2021-06-06T09:17:45.876-0500 [DEBUG] [org.gradle.internal.operations.DefaultBuildOperationRunner] Completing Build operation 'Cross-configure project :app'
2021-06-06T09:17:45.877-0500 [DEBUG] [org.gradle.internal.operations.DefaultBuildOperationRunner] Build operation 'Cross-configure project :app' completed
2021-06-06T09:17:45.877-0500 [DEBUG] [org.gradle.internal.resources.AbstractTrackedResourceLock] Daemon worker: released lock on :
2021-06-06T09:17:45.877-0500 [DEBUG] [org.gradle.internal.operations.DefaultBuildOperationRunner] Completing Build operation 'Execute 'allprojects {}' action'
2021-06-06T09:17:45.877-0500 [DEBUG] [org.gradle.internal.operations.DefaultBuildOperationRunner] Build operation 'Execute 'allprojects {}' action' completed
2021-06-06T09:17:45.877-0500 [DEBUG] [org.gradle.internal.operations.DefaultBuildOperationRunner] Completing Build operation 'Execute Gradle.projectsEvaluated listener'
2021-06-06T09:17:45.877-0500 [DEBUG] [org.gradle.internal.operations.DefaultBuildOperationRunner] Build operation 'Execute Gradle.projectsEvaluated listener' completed
2021-06-06T09:17:45.877-0500 [DEBUG] [org.gradle.internal.operations.DefaultBuildOperationRunner] Build operation 'Execute Gradle.projectsEvaluated listener' started
2021-06-06T09:17:45.877-0500 [DEBUG] [org.gradle.internal.operations.DefaultBuildOperationRunner] Completing Build operation 'Execute Gradle.projectsEvaluated listener'
2021-06-06T09:17:45.877-0500 [DEBUG] [org.gradle.internal.operations.DefaultBuildOperationRunner] Build operation 'Execute Gradle.projectsEvaluated listener' completed
2021-06-06T09:17:45.877-0500 [DEBUG] [org.gradle.internal.operations.DefaultBuildOperationRunner] Build operation 'Execute Gradle.projectsEvaluated listener' started
2021-06-06T09:17:45.877-0500 [DEBUG] [org.gradle.internal.operations.DefaultBuildOperationRunner] Completing Build operation 'Execute Gradle.projectsEvaluated listener'
2021-06-06T09:17:45.877-0500 [DEBUG] [org.gradle.internal.operations.DefaultBuildOperationRunner] Build operation 'Execute Gradle.projectsEvaluated listener' completed
2021-06-06T09:17:45.878-0500 [DEBUG] [org.gradle.internal.operations.DefaultBuildOperationRunner] Build operation 'Execute Gradle.projectsEvaluated listener' started
2021-06-06T09:17:45.879-0500 [DEBUG] [org.gradle.internal.operations.DefaultBuildOperationRunner] Build operation 'Execute 'allprojects {}' action' started
2021-06-06T09:17:45.879-0500 [DEBUG] [org.gradle.internal.resources.AbstractTrackedResourceLock] Daemon worker: acquired lock on :
2021-06-06T09:17:45.879-0500 [DEBUG] [org.gradle.internal.operations.DefaultBuildOperationRunner] Build operation 'Cross-configure project :' started
2021-06-06T09:17:45.879-0500 [DEBUG] [org.gradle.internal.operations.DefaultBuildOperationRunner] Build operation 'Execute container callback action' started
2021-06-06T09:17:45.880-0500 [DEBUG] [org.gradle.internal.operations.DefaultBuildOperationRunner] Completing Build operation 'Execute container callback action'
2021-06-06T09:17:45.880-0500 [DEBUG] [org.gradle.internal.operations.DefaultBuildOperationRunner] Build operation 'Execute container callback action' completed
2021-06-06T09:17:45.880-0500 [DEBUG] [org.gradle.internal.operations.DefaultBuildOperationRunner] Build operation 'Execute container callback action' started
2021-06-06T09:17:45.880-0500 [DEBUG] [org.gradle.internal.operations.DefaultBuildOperationRunner] Completing Build operation 'Execute container callback action'
2021-06-06T09:17:45.880-0500 [DEBUG] [org.gradle.internal.operations.DefaultBuildOperationRunner] Build operation 'Execute container callback action' completed
2021-06-06T09:17:45.881-0500 [DEBUG] [org.gradle.internal.operations.DefaultBuildOperationRunner] Completing Build operation 'Cross-configure project :'
2021-06-06T09:17:45.881-0500 [DEBUG] [org.gradle.internal.operations.DefaultBuildOperationRunner] Build operation 'Cross-configure project :' completed
2021-06-06T09:17:45.881-0500 [DEBUG] [org.gradle.internal.resources.AbstractTrackedResourceLock] Daemon worker: released lock on :
2021-06-06T09:17:45.881-0500 [DEBUG] [org.gradle.internal.resources.AbstractTrackedResourceLock] Daemon worker: acquired lock on :
2021-06-06T09:17:45.881-0500 [DEBUG] [org.gradle.internal.operations.DefaultBuildOperationRunner] Build operation 'Cross-configure project :app' started
2021-06-06T09:17:45.881-0500 [DEBUG] [org.gradle.internal.operations.DefaultBuildOperationRunner] Build operation 'Execute container callback action' started
2021-06-06T09:17:45.881-0500 [DEBUG] [org.gradle.internal.operations.DefaultBuildOperationRunner] Completing Build operation 'Execute container callback action'
2021-06-06T09:17:45.881-0500 [DEBUG] [org.gradle.internal.operations.DefaultBuildOperationRunner] Build operation 'Execute container callback action' completed
2021-06-06T09:17:45.881-0500 [DEBUG] [org.gradle.internal.operations.DefaultBuildOperationRunner] Completing Build operation 'Cross-configure project :app'
2021-06-06T09:17:45.882-0500 [DEBUG] [org.gradle.internal.operations.DefaultBuildOperationRunner] Build operation 'Cross-configure project :app' completed
2021-06-06T09:17:45.882-0500 [DEBUG] [org.gradle.internal.resources.AbstractTrackedResourceLock] Daemon worker: released lock on :
2021-06-06T09:17:45.882-0500 [DEBUG] [org.gradle.internal.operations.DefaultBuildOperationRunner] Completing Build operation 'Execute 'allprojects {}' action'
2021-06-06T09:17:45.882-0500 [DEBUG] [org.gradle.internal.operations.DefaultBuildOperationRunner] Build operation 'Execute 'allprojects {}' action' completed
2021-06-06T09:17:45.886-0500 [DEBUG] [org.gradle.internal.operations.DefaultBuildOperationRunner] Build operation 'Execute container callback action' started
2021-06-06T09:17:45.886-0500 [DEBUG] [org.gradle.internal.operations.DefaultBuildOperationRunner] Completing Build operation 'Execute container callback action'
2021-06-06T09:17:45.886-0500 [DEBUG] [org.gradle.internal.operations.DefaultBuildOperationRunner] Build operation 'Execute container callback action' completed
2021-06-06T09:17:45.887-0500 [DEBUG] [org.gradle.internal.operations.DefaultBuildOperationRunner] Build operation 'Execute container callback action' started
2021-06-06T09:17:45.887-0500 [DEBUG] [org.gradle.internal.operations.DefaultBuildOperationRunner] Completing Build operation 'Execute container callback action'
2021-06-06T09:17:45.887-0500 [DEBUG] [org.gradle.internal.operations.DefaultBuildOperationRunner] Build operation 'Execute container callback action' completed
2021-06-06T09:17:45.887-0500 [DEBUG] [org.gradle.internal.operations.DefaultBuildOperationRunner] Build operation 'Execute container callback action' started
2021-06-06T09:17:45.887-0500 [DEBUG] [org.gradle.internal.operations.DefaultBuildOperationRunner] Completing Build operation 'Execute container callback action'
2021-06-06T09:17:45.887-0500 [DEBUG] [org.gradle.internal.operations.DefaultBuildOperationRunner] Build operation 'Execute container callback action' completed
2021-06-06T09:17:45.888-0500 [DEBUG] [org.gradle.internal.operations.DefaultBuildOperationRunner] Build operation 'Execute container callback action' started
2021-06-06T09:17:45.888-0500 [DEBUG] [org.gradle.internal.operations.DefaultBuildOperationRunner] Completing Build operation 'Execute container callback action'
2021-06-06T09:17:45.888-0500 [DEBUG] [org.gradle.internal.operations.DefaultBuildOperationRunner] Build operation 'Execute container callback action' completed
2021-06-06T09:17:45.902-0500 [WARN] [com.android.build.gradle.internal.errors.SyncIssueReporterImpl$GlobalSyncIssueService] WARNING:: Please remove usages of `jcenter()` Maven repository from your build scripts and migrate your build to other Maven repositories.
This repository is deprecated and it will be shut down in the future.
See http://developer.android.com/r/tools/jcenter-end-of-service for more information.
Currently detected usages in: Gradle Settings
2021-06-06T09:17:45.902-0500 [DEBUG] [org.gradle.internal.operations.DefaultBuildOperationRunner] Completing Build operation 'Execute Gradle.projectsEvaluated listener'
2021-06-06T09:17:45.903-0500 [DEBUG] [org.gradle.internal.operations.DefaultBuildOperationRunner] Build operation 'Execute Gradle.projectsEvaluated listener' completed
2021-06-06T09:17:45.903-0500 [DEBUG] [org.gradle.internal.operations.DefaultBuildOperationRunner] Completing Build operation 'Notify projectsEvaluated listeners'
2021-06-06T09:17:45.903-0500 [DEBUG] [org.gradle.internal.operations.DefaultBuildOperationRunner] Build operation 'Notify projectsEvaluated listeners' completed
2021-06-06T09:17:45.903-0500 [DEBUG] [org.gradle.internal.operations.DefaultBuildOperationRunner] Completing Build operation 'Configure build'
2021-06-06T09:17:45.903-0500 [DEBUG] [org.gradle.internal.operations.DefaultBuildOperationRunner] Build operation 'Configure build' completed
2021-06-06T09:17:45.905-0500 [DEBUG] [org.gradle.internal.operations.DefaultBuildOperationRunner] Build operation 'Calculate task graph' started
2021-06-06T09:17:45.909-0500 [DEBUG] [org.gradle.internal.operations.DefaultBuildOperationRunner] Build operation 'Realize task :init' started
2021-06-06T09:17:45.917-0500 [DEBUG] [org.gradle.internal.operations.DefaultBuildOperationRunner] Build operation 'Execute container callback action' started
2021-06-06T09:17:45.919-0500 [DEBUG] [org.gradle.internal.operations.DefaultBuildOperationRunner] Completing Build operation 'Execute container callback action'
2021-06-06T09:17:45.919-0500 [DEBUG] [org.gradle.internal.operations.DefaultBuildOperationRunner] Build operation 'Execute container callback action' completed
2021-06-06T09:17:45.919-0500 [DEBUG] [org.gradle.internal.operations.DefaultBuildOperationRunner] Completing Build operation 'Realize task :init'
2021-06-06T09:17:45.919-0500 [DEBUG] [org.gradle.internal.operations.DefaultBuildOperationRunner] Build operation 'Realize task :init' completed
2021-06-06T09:17:45.921-0500 [INFO] [org.gradle.execution.TaskNameResolvingBuildConfigurationAction] Selected primary task 'init' from project :
2021-06-06T09:17:45.937-0500 [DEBUG] [org.gradle.execution.taskgraph.DefaultTaskExecutionGraph] Timing: Creating the DAG took 0.015 secs
2021-06-06T09:17:45.942-0500 [DEBUG] [org.gradle.execution.plan.Node] Checking if all dependencies are complete for :init
2021-06-06T09:17:45.942-0500 [DEBUG] [org.gradle.execution.plan.Node] All dependencies are complete for :init
2021-06-06T09:17:45.943-0500 [DEBUG] [org.gradle.execution.plan.TaskNode] Checking if all must successors are complete for :init
2021-06-06T09:17:45.943-0500 [DEBUG] [org.gradle.execution.plan.TaskNode] Checking if all finalizing successors are complete for :init
2021-06-06T09:17:45.943-0500 [DEBUG] [org.gradle.execution.plan.TaskNode] All task dependencies are complete for :init
2021-06-06T09:17:45.944-0500 [DEBUG] [org.gradle.internal.operations.DefaultBuildOperationRunner] Build operation 'Notify task graph whenReady listeners' started
2021-06-06T09:17:45.944-0500 [INFO] [org.gradle.internal.buildevents.BuildLogger] Tasks to be executed: [task ':init']
2021-06-06T09:17:45.945-0500 [INFO] [org.gradle.internal.buildevents.BuildLogger] Tasks that were excluded: []
2021-06-06T09:17:45.945-0500 [DEBUG] [org.gradle.internal.operations.DefaultBuildOperationRunner] Build operation 'Execute TaskExecutionGraph.whenReady listener' started
2021-06-06T09:17:45.945-0500 [DEBUG] [org.gradle.internal.operations.DefaultBuildOperationRunner] Build operation 'Execute 'allprojects {}' action' started
2021-06-06T09:17:45.946-0500 [DEBUG] [org.gradle.internal.operations.DefaultBuildOperationRunner] Build operation 'Cross-configure project :' started
2021-06-06T09:17:45.948-0500 [DEBUG] [org.gradle.internal.operations.DefaultBuildOperationRunner] Completing Build operation 'Cross-configure project :'
2021-06-06T09:17:45.948-0500 [DEBUG] [org.gradle.internal.operations.DefaultBuildOperationRunner] Build operation 'Cross-configure project :' completed
2021-06-06T09:17:45.948-0500 [DEBUG] [org.gradle.internal.operations.DefaultBuildOperationRunner] Build operation 'Cross-configure project :app' started
2021-06-06T09:17:45.949-0500 [INFO] [com.android.build.gradle.internal.profile.AnalyticsUtil] Analytics other plugin to proto: Unknown plugin type org.gradle.api.plugins.JvmEcosystemPlugin expected enum ORG_GRADLE_API_PLUGINS_JVMECOSYSTEMPLUGIN
2021-06-06T09:17:45.949-0500 [INFO] [com.android.build.gradle.internal.profile.AnalyticsUtil] Analytics other plugin to proto: Unknown plugin type org.gradle.api.plugins.JavaBasePlugin$Inject expected enum ORG_GRADLE_API_PLUGINS_JAVABASEPLUGIN$INJECT
2021-06-06T09:17:45.949-0500 [DEBUG] [org.gradle.internal.operations.DefaultBuildOperationRunner] Completing Build operation 'Cross-configure project :app'
2021-06-06T09:17:45.949-0500 [DEBUG] [org.gradle.internal.operations.DefaultBuildOperationRunner] Build operation 'Cross-configure project :app' completed
2021-06-06T09:17:45.949-0500 [DEBUG] [org.gradle.internal.operations.DefaultBuildOperationRunner] Completing Build operation 'Execute 'allprojects {}' action'
2021-06-06T09:17:45.949-0500 [DEBUG] [org.gradle.internal.operations.DefaultBuildOperationRunner] Build operation 'Execute 'allprojects {}' action' completed
2021-06-06T09:17:46.051-0500 [DEBUG] [org.gradle.internal.operations.DefaultBuildOperationRunner] Completing Build operation 'Execute TaskExecutionGraph.whenReady listener'
2021-06-06T09:17:46.051-0500 [DEBUG] [org.gradle.internal.operations.DefaultBuildOperationRunner] Build operation 'Execute TaskExecutionGraph.whenReady listener' completed
2021-06-06T09:17:46.051-0500 [DEBUG] [org.gradle.internal.operations.DefaultBuildOperationRunner] Build operation 'Execute TaskExecutionGraph.whenReady listener' started
2021-06-06T09:17:46.052-0500 [DEBUG] [org.gradle.internal.operations.DefaultBuildOperationRunner] Completing Build operation 'Execute TaskExecutionGraph.whenReady listener'
2021-06-06T09:17:46.052-0500 [DEBUG] [org.gradle.internal.operations.DefaultBuildOperationRunner] Build operation 'Execute TaskExecutionGraph.whenReady listener' completed
2021-06-06T09:17:46.052-0500 [DEBUG] [org.gradle.internal.operations.DefaultBuildOperationRunner] Build operation 'Execute TaskExecutionGraph.whenReady listener' started
2021-06-06T09:17:46.053-0500 [DEBUG] [org.gradle.internal.operations.DefaultBuildOperationRunner] Completing Build operation 'Execute TaskExecutionGraph.whenReady listener'
2021-06-06T09:17:46.053-0500 [DEBUG] [org.gradle.internal.operations.DefaultBuildOperationRunner] Build operation 'Execute TaskExecutionGraph.whenReady listener' completed
2021-06-06T09:17:46.053-0500 [DEBUG] [org.gradle.internal.operations.DefaultBuildOperationRunner] Build operation 'Execute TaskExecutionGraph.whenReady listener' started
2021-06-06T09:17:46.053-0500 [DEBUG] [org.gradle.internal.operations.DefaultBuildOperationRunner] Completing Build operation 'Execute TaskExecutionGraph.whenReady listener'
2021-06-06T09:17:46.053-0500 [DEBUG] [org.gradle.internal.operations.DefaultBuildOperationRunner] Build operation 'Execute TaskExecutionGraph.whenReady listener' completed
2021-06-06T09:17:46.054-0500 [DEBUG] [org.gradle.internal.operations.DefaultBuildOperationRunner] Completing Build operation 'Notify task graph whenReady listeners'
2021-06-06T09:17:46.054-0500 [DEBUG] [org.gradle.internal.operations.DefaultBuildOperationRunner] Build operation 'Notify task graph whenReady listeners' completed
2021-06-06T09:17:46.055-0500 [DEBUG] [org.gradle.internal.operations.DefaultBuildOperationRunner] Completing Build operation 'Calculate task graph'
2021-06-06T09:17:46.055-0500 [DEBUG] [org.gradle.internal.operations.DefaultBuildOperationRunner] Build operation 'Calculate task graph' completed
2021-06-06T09:17:46.056-0500 [DEBUG] [org.gradle.internal.operations.DefaultBuildOperationRunner] Build operation 'Run tasks' started
2021-06-06T09:17:46.059-0500 [DEBUG] [org.gradle.execution.plan.DefaultPlanExecutor] Using 8 parallel executor threads
2021-06-06T09:17:46.064-0500 [DEBUG] [org.gradle.internal.resources.AbstractTrackedResourceLock] Execution worker for ':' Thread 7: acquired lock on :
2021-06-06T09:17:46.064-0500 [DEBUG] [org.gradle.internal.work.DefaultWorkerLeaseService] Worker lease root.1.109 started (1 worker(s) in use).
2021-06-06T09:17:46.064-0500 [DEBUG] [org.gradle.internal.resources.AbstractTrackedResourceLock] Execution worker for ':' Thread 7: acquired lock on root.1.109
2021-06-06T09:17:46.065-0500 [INFO] [org.gradle.execution.plan.DefaultPlanExecutor] :init (Thread[Execution worker for ':' Thread 7,5,main]) started.
2021-06-06T09:17:46.069-0500 [DEBUG] [org.gradle.cache.internal.DefaultCacheAccess] Creating new cache for executionHistory, path C:\Users\gathi\AndroidStudioProjects\ComposeDemo\.gradle\6.8.3\executionHistory\executionHistory.bin, access org.gradle.cache.internal.DefaultCacheAccess@1951182b
2021-06-06T09:17:46.070-0500 [DEBUG] [org.gradle.cache.internal.DefaultInMemoryCacheDecoratorFactory] Creating in-memory store for cache C:\Users\gathi\AndroidStudioProjects\ComposeDemo\.gradle\6.8.3\executionHistory\executionHistory.bin (max size: 24900)
2021-06-06T09:17:46.070-0500 [DEBUG] [org.gradle.cache.internal.LockOnDemandCrossProcessCacheAccess] Acquiring file lock for execution history cache (C:\Users\gathi\AndroidStudioProjects\ComposeDemo\.gradle\6.8.3\executionHistory)
2021-06-06T09:17:46.071-0500 [DEBUG] [org.gradle.cache.internal.DefaultFileLockManager] Waiting to acquire exclusive lock on execution history cache (C:\Users\gathi\AndroidStudioProjects\ComposeDemo\.gradle\6.8.3\executionHistory).
2021-06-06T09:17:46.072-0500 [DEBUG] [org.gradle.cache.internal.DefaultFileLockManager] Lock acquired on execution history cache (C:\Users\gathi\AndroidStudioProjects\ComposeDemo\.gradle\6.8.3\executionHistory).
2021-06-06T09:17:46.082-0500 [DEBUG] [org.gradle.internal.operations.DefaultBuildOperationRunner] Build operation 'Task :init' started
2021-06-06T09:17:46.087-0500 [LIFECYCLE] [class org.gradle.internal.buildevents.TaskExecutionLogger] 
2021-06-06T09:17:46.087-0500 [LIFECYCLE] [class org.gradle.internal.buildevents.TaskExecutionLogger] > Task :init SKIPPED
2021-06-06T09:17:46.088-0500 [WARN] [org.gradle.api.Task] The build file 'build.gradle' already exists. Skipping build initialization.
2021-06-06T09:17:46.089-0500 [INFO] [org.gradle.api.internal.tasks.execution.SkipOnlyIfTaskExecuter] Skipping task ':init' as task onlyIf is false.
2021-06-06T09:17:46.091-0500 [DEBUG] [org.gradle.internal.operations.DefaultBuildOperationRunner] Completing Build operation 'Task :init'
2021-06-06T09:17:46.091-0500 [DEBUG] [org.gradle.internal.operations.DefaultBuildOperationRunner] Build operation 'Task :init' completed
2021-06-06T09:17:46.091-0500 [INFO] [org.gradle.execution.plan.DefaultPlanExecutor] :init (Thread[Execution worker for ':' Thread 7,5,main]) completed. Took 0.026 secs.
2021-06-06T09:17:46.092-0500 [DEBUG] [org.gradle.execution.plan.DefaultExecutionPlan] Node :init finished executing
2021-06-06T09:17:46.092-0500 [DEBUG] [org.gradle.execution.plan.DefaultExecutionPlan] Node :init completed, executed: true
2021-06-06T09:17:46.092-0500 [DEBUG] [org.gradle.internal.resources.AbstractTrackedResourceLock] Execution worker for ':' Thread 7: released lock on :
2021-06-06T09:17:46.093-0500 [DEBUG] [org.gradle.internal.work.DefaultWorkerLeaseService] Worker lease root.1.109 completed (1 worker(s) in use)
2021-06-06T09:17:46.093-0500 [DEBUG] [org.gradle.internal.resources.AbstractTrackedResourceLock] Execution worker for ':' Thread 7: released lock on root.1.109
2021-06-06T09:17:46.093-0500 [DEBUG] [org.gradle.execution.plan.DefaultPlanExecutor] Execution worker [Thread[Execution worker for ':' Thread 7,5,main]] finished, busy: 0.026 secs, idle: 0.004 secs
2021-06-06T09:17:46.093-0500 [DEBUG] [org.gradle.execution.plan.DefaultPlanExecutor] Execution worker [Thread[Execution worker for ':' Thread 6,5,main]] finished, busy: 0.0 secs, idle: 0.031 secs
2021-06-06T09:17:46.093-0500 [DEBUG] [org.gradle.execution.plan.DefaultPlanExecutor] Execution worker [Thread[Daemon worker,5,main]] finished, busy: 0.0 secs, idle: 0.031 secs
2021-06-06T09:17:46.093-0500 [DEBUG] [org.gradle.execution.plan.DefaultPlanExecutor] Execution worker [Thread[Execution worker for ':',5,main]] finished, busy: 0.0 secs, idle: 0.032 secs
2021-06-06T09:17:46.093-0500 [DEBUG] [org.gradle.execution.plan.DefaultPlanExecutor] Execution worker [Thread[Execution worker for ':' Thread 5,5,main]] finished, busy: 0.0 secs, idle: 0.03 secs
2021-06-06T09:17:46.094-0500 [DEBUG] [org.gradle.execution.plan.DefaultPlanExecutor] Execution worker [Thread[Execution worker for ':' Thread 4,5,main]] finished, busy: 0.0 secs, idle: 0.031 secs
2021-06-06T09:17:46.093-0500 [DEBUG] [org.gradle.execution.plan.DefaultPlanExecutor] Execution worker [Thread[Execution worker for ':' Thread 3,5,main]] finished, busy: 0.0 secs, idle: 0.031 secs
2021-06-06T09:17:46.094-0500 [DEBUG] [org.gradle.execution.plan.DefaultPlanExecutor] Execution worker [Thread[Execution worker for ':' Thread 2,5,main]] finished, busy: 0.0 secs, idle: 0.032 secs
2021-06-06T09:17:46.095-0500 [DEBUG] [org.gradle.execution.taskgraph.DefaultTaskExecutionGraph] Timing: Executing the DAG took 0.036 secs
2021-06-06T09:17:46.099-0500 [DEBUG] [org.gradle.internal.operations.DefaultBuildOperationRunner] Completing Build operation 'Run tasks'
2021-06-06T09:17:46.099-0500 [DEBUG] [org.gradle.internal.operations.DefaultBuildOperationRunner] Build operation 'Run tasks' completed
2021-06-06T09:17:46.125-0500 [DEBUG] [org.jetbrains.kotlin.gradle.plugin.statistics.KotlinBuildStatHandler] Executing [class org.jetbrains.kotlin.gradle.plugin.statistics.KotlinBuildStatHandler.buildFinished]
2021-06-06T09:17:46.127-0500 [DEBUG] [org.gradle.internal.operations.DefaultBuildOperationRunner] Build operation 'Execute 'allprojects {}' action' started
2021-06-06T09:17:46.127-0500 [DEBUG] [org.gradle.internal.resources.AbstractTrackedResourceLock] Daemon worker: acquired lock on :
2021-06-06T09:17:46.127-0500 [DEBUG] [org.gradle.internal.operations.DefaultBuildOperationRunner] Build operation 'Cross-configure project :' started
2021-06-06T09:17:46.133-0500 [DEBUG] [org.gradle.internal.operations.DefaultBuildOperationRunner] Completing Build operation 'Cross-configure project :'
2021-06-06T09:17:46.133-0500 [DEBUG] [org.gradle.internal.operations.DefaultBuildOperationRunner] Build operation 'Cross-configure project :' completed
2021-06-06T09:17:46.133-0500 [DEBUG] [org.gradle.internal.resources.AbstractTrackedResourceLock] Daemon worker: released lock on :
2021-06-06T09:17:46.134-0500 [DEBUG] [org.gradle.internal.resources.AbstractTrackedResourceLock] Daemon worker: acquired lock on :
2021-06-06T09:17:46.134-0500 [DEBUG] [org.gradle.internal.operations.DefaultBuildOperationRunner] Build operation 'Cross-configure project :app' started
2021-06-06T09:17:46.135-0500 [DEBUG] [org.gradle.internal.operations.DefaultBuildOperationRunner] Completing Build operation 'Cross-configure project :app'
2021-06-06T09:17:46.136-0500 [DEBUG] [org.gradle.internal.operations.DefaultBuildOperationRunner] Build operation 'Cross-configure project :app' completed
2021-06-06T09:17:46.136-0500 [DEBUG] [org.gradle.internal.resources.AbstractTrackedResourceLock] Daemon worker: released lock on :
2021-06-06T09:17:46.136-0500 [DEBUG] [org.gradle.internal.operations.DefaultBuildOperationRunner] Completing Build operation 'Execute 'allprojects {}' action'
2021-06-06T09:17:46.136-0500 [DEBUG] [org.gradle.internal.operations.DefaultBuildOperationRunner] Build operation 'Execute 'allprojects {}' action' completed
2021-06-06T09:17:46.143-0500 [DEBUG] [org.jetbrains.kotlin.gradle.plugin.KotlinGradleBuildServices] [KOTLIN] Disposed KotlinGradleBuildServices
2021-06-06T09:17:46.144-0500 [DEBUG] [org.gradle.internal.work.DefaultWorkerLeaseService] Worker lease root.1 completed (0 worker(s) in use)
2021-06-06T09:17:46.144-0500 [DEBUG] [org.gradle.internal.resources.AbstractTrackedResourceLock] Daemon worker: released lock on root.1
2021-06-06T09:17:46.145-0500 [LIFECYCLE] [org.gradle.internal.buildevents.BuildResultLogger] 
2021-06-06T09:17:46.148-0500 [LIFECYCLE] [org.gradle.internal.buildevents.BuildResultLogger] BUILD SUCCESSFUL in 54s
2021-06-06T09:17:46.152-0500 [DEBUG] [org.gradle.internal.operations.DefaultBuildOperationRunner] Build operation 'Build finished for file system watching' started
2021-06-06T09:17:46.153-0500 [DEBUG] [org.gradle.internal.operations.DefaultBuildOperationRunner] Completing Build operation 'Build finished for file system watching'
2021-06-06T09:17:46.153-0500 [DEBUG] [org.gradle.internal.operations.DefaultBuildOperationRunner] Build operation 'Build finished for file system watching' completed
2021-06-06T09:17:46.153-0500 [DEBUG] [org.gradle.internal.operations.DefaultBuildOperationRunner] Completing Build operation 'Run build'
2021-06-06T09:17:46.154-0500 [DEBUG] [org.gradle.internal.operations.DefaultBuildOperationRunner] Build operation 'Run build' completed
2021-06-06T09:17:46.157-0500 [DEBUG] [org.gradle.cache.internal.LockOnDemandCrossProcessCacheAccess] Releasing file lock for cache directory md-supplier (C:\Users\gathi\.gradle\caches\6.8.3\md-supplier)
2021-06-06T09:17:46.157-0500 [DEBUG] [org.gradle.cache.internal.DefaultFileLockManager] Releasing lock on cache directory md-supplier (C:\Users\gathi\.gradle\caches\6.8.3\md-supplier).
2021-06-06T09:17:46.164-0500 [DEBUG] [org.gradle.cache.internal.LockOnDemandCrossProcessCacheAccess] Releasing file lock for Build Output Cleanup Cache (C:\Users\gathi\AndroidStudioProjects\ComposeDemo\.gradle\buildOutputCleanup)
2021-06-06T09:17:46.164-0500 [DEBUG] [org.gradle.cache.internal.DefaultFileLockManager] Releasing lock on Build Output Cleanup Cache (C:\Users\gathi\AndroidStudioProjects\ComposeDemo\.gradle\buildOutputCleanup).
2021-06-06T09:17:46.165-0500 [DEBUG] [org.gradle.cache.internal.LockOnDemandCrossProcessCacheAccess] Releasing file lock for execution history cache (C:\Users\gathi\AndroidStudioProjects\ComposeDemo\.gradle\6.8.3\executionHistory)
2021-06-06T09:17:46.166-0500 [DEBUG] [org.gradle.cache.internal.DefaultFileLockManager] Releasing lock on execution history cache (C:\Users\gathi\AndroidStudioProjects\ComposeDemo\.gradle\6.8.3\executionHistory).
2021-06-06T09:17:46.168-0500 [DEBUG] [org.gradle.cache.internal.DefaultPersistentDirectoryStore] Configuration Cache (C:\Users\gathi\AndroidStudioProjects\ComposeDemo\.gradle\configuration-cache) has last been fully cleaned up 24 hours ago
2021-06-06T09:17:46.169-0500 [DEBUG] [org.gradle.internal.operations.DefaultBuildOperationRunner] Build operation 'Clean up Configuration Cache (C:\Users\gathi\AndroidStudioProjects\ComposeDemo\.gradle\configuration-cache)' started
2021-06-06T09:17:46.169-0500 [INFO] [org.gradle.cache.internal.LeastRecentlyUsedCacheCleanup] Configuration Cache (C:\Users\gathi\AndroidStudioProjects\ComposeDemo\.gradle\configuration-cache) removing files not accessed on or after Sun May 30 09:17:46 CDT 2021.
2021-06-06T09:17:46.171-0500 [DEBUG] [org.gradle.cache.internal.AbstractCacheCleanup] Configuration Cache (C:\Users\gathi\AndroidStudioProjects\ComposeDemo\.gradle\configuration-cache) cleanup deleted 0 files/directories.
2021-06-06T09:17:46.171-0500 [DEBUG] [org.gradle.internal.operations.DefaultBuildOperationRunner] Completing Build operation 'Clean up Configuration Cache (C:\Users\gathi\AndroidStudioProjects\ComposeDemo\.gradle\configuration-cache)'
2021-06-06T09:17:46.171-0500 [DEBUG] [org.gradle.internal.operations.DefaultBuildOperationRunner] Build operation 'Clean up Configuration Cache (C:\Users\gathi\AndroidStudioProjects\ComposeDemo\.gradle\configuration-cache)' completed
2021-06-06T09:17:46.172-0500 [INFO] [org.gradle.cache.internal.DefaultPersistentDirectoryStore] Configuration Cache (C:\Users\gathi\AndroidStudioProjects\ComposeDemo\.gradle\configuration-cache) cleaned up in 0.003 secs.
2021-06-06T09:17:46.172-0500 [DEBUG] [org.gradle.cache.internal.DefaultCacheAccess] Cache Configuration Cache (C:\Users\gathi\AndroidStudioProjects\ComposeDemo\.gradle\configuration-cache) was closed 0 times.
2021-06-06T09:17:46.173-0500 [DEBUG] [org.gradle.cache.internal.LockOnDemandCrossProcessCacheAccess] Releasing file lock for cache directory md-rule (C:\Users\gathi\.gradle\caches\6.8.3\md-rule)
2021-06-06T09:17:46.173-0500 [DEBUG] [org.gradle.cache.internal.DefaultFileLockManager] Releasing lock on cache directory md-rule (C:\Users\gathi\.gradle\caches\6.8.3\md-rule).
2021-06-06T09:17:46.175-0500 [DEBUG] [org.gradle.api.internal.artifacts.ivyservice.resolveengine.store.CachedStoreFactory] Resolution result cache closed. Cache reads: 0, disk reads: 0 (avg: 0.0 secs, total: 0.0 secs)
2021-06-06T09:17:46.177-0500 [DEBUG] [org.gradle.api.internal.artifacts.ivyservice.resolveengine.store.CachedStoreFactory] Resolution result cache closed. Cache reads: 3, disk reads: 1 (avg: 0.023 secs, total: 0.023 secs)
2021-06-06T09:17:46.177-0500 [DEBUG] [org.gradle.api.internal.artifacts.ivyservice.resolveengine.store.ResolutionResultsStoreFactory] Deleted 2 resolution results binary files in 0.003 secs
2021-06-06T09:17:46.182-0500 [DEBUG] [org.gradle.deployment.internal.DefaultDeploymentRegistry] Stopping 0 deployment handles
2021-06-06T09:17:46.182-0500 [DEBUG] [org.gradle.deployment.internal.DefaultDeploymentRegistry] Stopped deployment handles
2021-06-06T09:17:46.183-0500 [DEBUG] [org.gradle.cache.internal.LockOnDemandCrossProcessCacheAccess] Releasing file lock for file hash cache (C:\Users\gathi\AndroidStudioProjects\ComposeDemo\.gradle\6.8.3\fileHashes)
2021-06-06T09:17:46.183-0500 [DEBUG] [org.gradle.cache.internal.DefaultFileLockManager] Releasing lock on file hash cache (C:\Users\gathi\AndroidStudioProjects\ComposeDemo\.gradle\6.8.3\fileHashes).
2021-06-06T09:17:46.184-0500 [DEBUG] [org.gradle.cache.internal.LockOnDemandCrossProcessCacheAccess] Releasing file lock for checksums cache (C:\Users\gathi\AndroidStudioProjects\ComposeDemo\.gradle\checksums)
2021-06-06T09:17:46.185-0500 [DEBUG] [org.gradle.cache.internal.btree.BTreePersistentIndexedCache] Closing cache md5-checksums.bin (C:\Users\gathi\AndroidStudioProjects\ComposeDemo\.gradle\checksums\md5-checksums.bin)
2021-06-06T09:17:46.185-0500 [DEBUG] [org.gradle.cache.internal.btree.BTreePersistentIndexedCache] Closing cache sha1-checksums.bin (C:\Users\gathi\AndroidStudioProjects\ComposeDemo\.gradle\checksums\sha1-checksums.bin)
2021-06-06T09:17:46.186-0500 [DEBUG] [org.gradle.cache.internal.DefaultFileLockManager] Releasing lock on checksums cache (C:\Users\gathi\AndroidStudioProjects\ComposeDemo\.gradle\checksums).
2021-06-06T09:17:46.187-0500 [DEBUG] [org.gradle.cache.internal.DefaultPersistentDirectoryStore] VCS Checkout Cache (C:\Users\gathi\AndroidStudioProjects\ComposeDemo\.gradle\vcs-1) has last been fully cleaned up 24 hours ago
2021-06-06T09:17:46.187-0500 [DEBUG] [org.gradle.internal.operations.DefaultBuildOperationRunner] Build operation 'Clean up VCS Checkout Cache (C:\Users\gathi\AndroidStudioProjects\ComposeDemo\.gradle\vcs-1)' started
2021-06-06T09:17:46.187-0500 [INFO] [org.gradle.cache.internal.LeastRecentlyUsedCacheCleanup] VCS Checkout Cache (C:\Users\gathi\AndroidStudioProjects\ComposeDemo\.gradle\vcs-1) removing files not accessed on or after Sun May 30 09:17:03 CDT 2021.
2021-06-06T09:17:46.188-0500 [DEBUG] [org.gradle.cache.internal.AbstractCacheCleanup] VCS Checkout Cache (C:\Users\gathi\AndroidStudioProjects\ComposeDemo\.gradle\vcs-1) cleanup deleted 0 files/directories.
2021-06-06T09:17:46.188-0500 [DEBUG] [org.gradle.internal.operations.DefaultBuildOperationRunner] Completing Build operation 'Clean up VCS Checkout Cache (C:\Users\gathi\AndroidStudioProjects\ComposeDemo\.gradle\vcs-1)'
2021-06-06T09:17:46.188-0500 [DEBUG] [org.gradle.internal.operations.DefaultBuildOperationRunner] Build operation 'Clean up VCS Checkout Cache (C:\Users\gathi\AndroidStudioProjects\ComposeDemo\.gradle\vcs-1)' completed
2021-06-06T09:17:46.189-0500 [INFO] [org.gradle.cache.internal.DefaultPersistentDirectoryStore] VCS Checkout Cache (C:\Users\gathi\AndroidStudioProjects\ComposeDemo\.gradle\vcs-1) cleaned up in 0.002 secs.
2021-06-06T09:17:46.189-0500 [DEBUG] [org.gradle.cache.internal.DefaultCacheAccess] Cache VCS Checkout Cache (C:\Users\gathi\AndroidStudioProjects\ComposeDemo\.gradle\vcs-1) was closed 0 times.
2021-06-06T09:17:46.189-0500 [DEBUG] [org.gradle.cache.internal.DefaultCacheAccess] Cache VCS metadata (C:\Users\gathi\AndroidStudioProjects\ComposeDemo\.gradle\6.8.3\vcsMetadata-1) was closed 0 times.
2021-06-06T09:17:46.207-0500 [DEBUG] [org.gradle.cache.internal.VersionSpecificCacheCleanupAction] Processed version-specific caches at C:\Users\gathi\AndroidStudioProjects\ComposeDemo\.gradle for cleanup in 0.016 secs
2021-06-06T09:17:46.214-0500 [DEBUG] [org.gradle.launcher.daemon.server.exec.ExecuteBuild] The daemon has finished executing the build.
2021-06-06T09:17:46.246-0500 [DEBUG] [org.gradle.launcher.daemon.client.DaemonClientInputForwarder] Dispatching close input message: org.gradle.launcher.daemon.protocol.CloseInput@d42c724
2021-06-06T09:17:46.246-0500 [DEBUG] [org.gradle.launcher.daemon.client.DaemonClientConnection] thread 25: dispatching class org.gradle.launcher.daemon.protocol.CloseInput
2021-06-06T09:17:46.247-0500 [DEBUG] [org.gradle.launcher.daemon.client.DaemonClient] Received result Success[value=org.gradle.launcher.exec.BuildActionResult@7577b641] from daemon DaemonInfo{pid=8852, address=[45900175-8e2b-4988-869a-53a3a5356a21 port:56907, addresses:[/127.0.0.1]], state=Busy, lastBusy=1622989021916, context=DefaultDaemonContext[uid=b401fb32-3c4f-4533-9630-e056ec0de87b,javaHome=C:\Program Files\AdoptOpenJDK\jdk-14.0.2.12-hotspot,daemonRegistryDir=C:\Users\gathi\.gradle\daemon,pid=8852,idleTimeout=10800000,priority=NORMAL,daemonOpts=--add-opens,java.base/java.util=ALL-UNNAMED,--add-opens,java.base/java.lang=ALL-UNNAMED,--add-opens,java.base/java.lang.invoke=ALL-UNNAMED,--add-opens,java.prefs/java.util.prefs=ALL-UNNAMED,-Xmx2048m,-Dfile.encoding=UTF-8,-Duser.country=US,-Duser.language=en,-Duser.variant]} (build should be done).
2021-06-06T09:17:46.247-0500 [DEBUG] [org.gradle.launcher.daemon.client.DaemonClientConnection] thread 1: dispatching class org.gradle.launcher.daemon.protocol.Finished
2021-06-06T09:17:46.247-0500 [DEBUG] [org.gradle.launcher.daemon.client.DaemonClientConnection] thread 1: connection stop
2021-06-06T09:17:46.250-0500 [LIFECYCLE] [org.gradle.launcher.cli.DebugLoggerWarningAction] 
#############################################################################
   WARNING WARNING WARNING WARNING WARNING WARNING WARNING WARNING WARNING

   Debug level logging will leak security sensitive information!

   https://docs.gradle.org/6.8.3/userguide/logging.html#sec:debug_security
#############################################################################

